Blender 4.5.14 LTS (hash 62c1db4208e8 built 2026-09-15 01:31:19)
Read blend: "/home/lzzz/MyProjects/N-SIDE/source-assets/characters/CHR-001/model/yao-grey-study.blend"
Traceback (most recent call last):
  File "/home/lzzz/MyProjects/N-SIDE/output/characters/CHR-001/model-r5/probe-cap.py", line 105, in <module>
    assert cap_gaps and min(cap_gaps) > -.0003, f'Hair cap intersects the head after subdivision: {min(cap_gaps)} m'
           ^^^^^^^^^^^^^^^^^^^^^^^^^^^^^^^^^^^
AssertionError: Hair cap intersects the head after subdivision: -0.001581413990942665 m
CAP [0.09165041893720627, 0.01764042116701603, 1.5537902116775513] -0.0005622329522031455
CAP [0.09500952064990997, 0.010577311739325523, 1.5683674812316895] -0.0008501612546612386
CAP [0.09539336711168289, 0.014134660363197327, 1.5720235109329224] -0.0006935800119495655
CAP [0.09272570163011551, 0.021135106682777405, 1.5615546703338623] -0.0010193523230160456
CAP [0.0897921472787857, 0.027770191431045532, 1.5565062761306763] -0.0011215078797692374
CAP [0.08672751486301422, 0.03406927362084389, 1.5545294284820557] -0.0013038039028337028
CAP [0.08366577327251434, 0.040128350257873535, 1.5538996458053589] -0.0013168566977521529
CAP [0.08076689392328262, 0.04606815427541733, 1.5543098449707031] -0.0010086508799860144
CAP [0.07796266674995422, 0.051926642656326294, 1.5555922985076904] -0.00043260008730570954
CAP [-0.06838906556367874, 0.06116075813770294, 1.5530455112457275] -0.0005342012508675192
CAP [-0.07194426655769348, 0.05596195161342621, 1.5520609617233276] -0.0012844586523824003
CAP [-0.07580649852752686, 0.05080326646566391, 1.5520124435424805] -0.001581413990942665
CAP [-0.08003239333629608, 0.04559613764286041, 1.5530537366867065] -0.0014525494724344779
CAP [-0.0844331681728363, 0.04015340656042099, 1.5551557540893555] -0.0010454496805895747
CAP [-0.08863389492034912, 0.034322988241910934, 1.5581094026565552] -0.0005954621772909507

Error: script failed, file: 'output/characters/CHR-001/model-r5/probe-cap.py', exiting.

Blender quit
