Mouth 0.00019469112157821655 0.002739354968070984 [5.916585905652028e-06, -0.07771871984004974, 1.5176745653152466]
MIN [-0.008608072996139526, -0.07221033424139023, 1.5183554887771606]
Eye_White.L 0.0006498247385025024 0.00283900648355484 [0.041999999433755875, -0.0672290101647377, 1.5798753499984741]
MIN [0.04100000113248825, -0.06584937870502472, 1.5898000001907349]
Eye_White.R 0.0006498247385025024 0.002839125692844391 [-0.041999999433755875, -0.06722847372293472, 1.5798753499984741]
MIN [-0.02850000001490116, -0.07111205160617828, 1.5705000162124634]
Iris_hair.L 0.0011482760310173035 0.003178246319293976 [0.04019999876618385, -0.06837058812379837, 1.581091046333313]
MIN [0.031053833663463593, -0.07015883177518845, 1.5871161222457886]
Iris_hair.R 0.0011482760310173035 0.0031781867146492004 [-0.04019999876618385, -0.06836915761232376, 1.581091046333313]
MIN [-0.031053833663463593, -0.07015382498502731, 1.5871161222457886]
Iris_ink.L 0.0014586076140403748 0.0034960880875587463 [0.042047757655382156, -0.06788430362939835, 1.5803873538970947]
MIN [0.03866926580667496, -0.06758596748113632, 1.5890952348709106]
Iris_ink.R 0.0014585480093955994 0.0034988075494766235 [-0.04006993770599365, -0.06867910921573639, 1.5792348384857178]
MIN [-0.03866926580667496, -0.06758495420217514, 1.5890952348709106]
Eye_Glint.L 0.0030028820037841797 0.0036049261689186096 [0.038750000298023224, -0.06946561485528946, 1.5827009677886963]
MIN [0.03799999877810478, -0.06927746534347534, 1.5855000019073486]
Eye_Glint.R 0.0031986311078071594 0.0036866888403892517 [-0.04399999976158142, -0.06728669255971909, 1.5824999809265137]
MIN [-0.04399999976158142, -0.06690854579210281, 1.5855000019073486]
{
  "status": "PASS",
  "asset": "CHR-001 modelling candidate r5",
  "scope": "DCC joint transforms, loop endpoints, sole ground distance, facial fit, eye convexity/lid coverage and continuous nasal profile; excludes game-controller speed and artistic acceptance",
  "clips": [
    {
      "clip": "Idle",
      "sampled_frames": 61,
      "loop_matrix_max_delta": 0.0,
      "minimum_sole_height_m": -9.983777360389468e-09,
      "max_stance_height_error_m": 0.001999971689656377
    },
    {
      "clip": "Walk",
      "sampled_frames": 31,
      "loop_matrix_max_delta": 0.0,
      "minimum_sole_height_m": -9.214263485546326e-08,
      "max_stance_height_error_m": 9.214263485546326e-08
    },
    {
      "clip": "Run",
      "sampled_frames": 21,
      "loop_matrix_max_delta": 0.0,
      "minimum_sole_height_m": -1.0573883457709599e-07,
      "max_stance_height_error_m": 1.068477573085147e-07
    }
  ],
  "facial_surface_gaps": {
    "Mouth": {
      "minimum_m": 0.00019469112157821655,
      "maximum_m": 0.002739354968070984
    },
    "Eye_White.L": {
      "minimum_m": 0.0006498247385025024,
      "maximum_m": 0.00283900648355484
    },
    "Eye_White.R": {
      "minimum_m": 0.0006498247385025024,
      "maximum_m": 0.002839125692844391
    },
    "Iris_hair.L": {
      "minimum_m": 0.0011482760310173035,
      "maximum_m": 0.003178246319293976
    },
    "Iris_hair.R": {
      "minimum_m": 0.0011482760310173035,
      "maximum_m": 0.0031781867146492004
    },
    "Iris_ink.L": {
      "minimum_m": 0.0014586076140403748,
      "maximum_m": 0.0034960880875587463
    },
    "Iris_ink.R": {
      "minimum_m": 0.0014585480093955994,
      "maximum_m": 0.0034988075494766235
    },
    "Eye_Glint.L": {
      "minimum_m": 0.0030028820037841797,
      "maximum_m": 0.0036049261689186096
    },
    "Eye_Glint.R": {
      "minimum_m": 0.0031986311078071594,
      "maximum_m": 0.0036866888403892517
    }
  },
  "nasal_profile": [
    {
      "height_m": 1.538,
      "projection_from_cheeks_m": 0.016106903553009033
    },
    {
      "height_m": 1.543,
      "projection_from_cheeks_m": 0.01729869842529297
    },
    {
      "height_m": 1.552,
      "projection_from_cheeks_m": 0.013540983200073242
    },
    {
      "height_m": 1.563,
      "projection_from_cheeks_m": 0.008586913347244263
    }
  ]
}
Blender 4.5.14 LTS (hash 62c1db4208e8 built 2026-09-15 01:31:19)
Read blend: "/home/lzzz/MyProjects/N-SIDE/source-assets/characters/CHR-001/model/yao-grey-study.blend"

Blender quit
