2026-09-29T17:00:45.659810Z  INFO bevy_diagnostic::system_information_diagnostics_plugin::internal: SystemInfo { os: "Linux (CachyOS Linux rolling)", kernel: "7.2.8-1-cachyos", cpu: "AMD Ryzen 7 5700X 8-Core Processor", core_count: "8", memory: "15.5 GiB" }
2026-09-29T17:00:45.676703Z  INFO bevy_render::renderer: AdapterInfo { name: "AMD Radeon RX 6650 XT (RADV NAVI23)", vendor: 4098, device: 29679, device_type: DiscreteGpu, device_pci_bus_id: "0000:2d:00.0", driver: "radv", driver_info: "Mesa 26.2.3-arch3.1", backend: Vulkan, subgroup_min_size: 32, subgroup_max_size: 64, transient_saves_memory: false }
2026-09-29T17:00:45.776718Z  INFO bevy_pbr::cluster: GPU clustering is supported on this device.
2026-09-29T17:00:45.776743Z  INFO bevy_render::batching::gpu_preprocessing: GPU preprocessing is fully supported on this device.
2026-09-29T17:00:45.777442Z  INFO n_side::app: [game/state] title
ICU4X data error: No segmentation model for complex script: Chinese/Japanese
ICU4X data error: No segmentation model for complex script: Chinese/Japanese
ICU4X data error: No segmentation model for complex script: Chinese/Japanese
ICU4X data error: No segmentation model for complex script: Chinese/Japanese
ICU4X data error: No segmentation model for complex script: Chinese/Japanese
ICU4X data error: No segmentation model for complex script: Chinese/Japanese
ICU4X data error: No segmentation model for complex script: Chinese/Japanese
2026-09-29T17:00:46.399280Z  INFO n_side::app: [game/state] loading
ICU4X data error: No segmentation model for complex script: Chinese/Japanese
ICU4X data error: No segmentation model for complex script: Chinese/Japanese
ICU4X data error: No segmentation model for complex script: Chinese/Japanese
ICU4X data error: No segmentation model for complex script: Chinese/Japanese
2026-09-29T17:00:59.182392Z  INFO n_side::app: [player/collision] triangles=574245 sources=3360
2026-09-29T17:00:59.245821Z  INFO n_side::world::scene: [world/ready] meshes=3367 model_instances=263 dependencies=35 failed=0 degraded=0 startup_seconds=0.058
2026-09-29T17:00:59.291521Z  INFO n_side::character: [character/load] characters/CHR-001/yao-grey-study.glb
ICU4X data error: No segmentation model for complex script: Chinese/Japanese
ICU4X data error: No segmentation model for complex script: Chinese/Japanese
ICU4X data error: No segmentation model for complex script: Chinese/Japanese
ICU4X data error: No segmentation model for complex script: Chinese/Japanese
ICU4X data error: No segmentation model for complex script: Chinese/Japanese
ICU4X data error: No segmentation model for complex script: Chinese/Japanese
ICU4X data error: No segmentation model for complex script: Chinese/Japanese
ICU4X data error: No segmentation model for complex script: Chinese/Japanese
ICU4X data error: No segmentation model for complex script: Chinese/Japanese
ICU4X data error: No segmentation model for complex script: Chinese/Japanese
ICU4X data error: No segmentation model for complex script: Chinese/Japanese
ICU4X data error: No segmentation model for complex script: Chinese/Japanese
ICU4X data error: No segmentation model for complex script: Chinese/Japanese
ICU4X data error: No segmentation model for complex script: Chinese/Japanese
ICU4X data error: No segmentation model for complex script: Chinese/Japanese
2026-09-29T17:00:59.495901Z  INFO n_side::character: [character/ready] characters/CHR-001/yao-grey-study.glb: 1 skins, 34 targets, clips ["Idle", "Walk", "Run"]
ICU4X data error: No segmentation model for complex script: Chinese/Japanese
ICU4X data error: No segmentation model for complex script: Chinese/Japanese
ICU4X data error: No segmentation model for complex script: Chinese/Japanese
ICU4X data error: No segmentation model for complex script: Chinese/Japanese
ICU4X data error: No segmentation model for complex script: Chinese/Japanese
ICU4X data error: No segmentation model for complex script: Chinese/Japanese
ICU4X data error: No segmentation model for complex script: Chinese/Japanese
ICU4X data error: No segmentation model for complex script: Chinese/Japanese
ICU4X data error: No segmentation model for complex script: Chinese/Japanese
ICU4X data error: No segmentation model for complex script: Chinese/Japanese
ICU4X data error: No segmentation model for complex script: Chinese/Japanese
ICU4X data error: No segmentation model for complex script: Chinese/Japanese
ICU4X data error: No segmentation model for complex script: Chinese/Japanese
ICU4X data error: No segmentation model for complex script: Chinese/Japanese
2026-09-29T17:01:04.469778Z  INFO n_side::story: [story/observe] quest=QST-001 place=04
ICU4X data error: No segmentation model for complex script: Chinese/Japanese
ICU4X data error: No segmentation model for complex script: Chinese/Japanese
ICU4X data error: No segmentation model for complex script: Chinese/Japanese
ICU4X data error: No segmentation model for complex script: Chinese/Japanese
ICU4X data error: No segmentation model for complex script: Chinese/Japanese
ICU4X data error: No segmentation model for complex script: Chinese/Japanese
ICU4X data error: No segmentation model for complex script: Chinese/Japanese
ICU4X data error: No segmentation model for complex script: Chinese/Japanese
ICU4X data error: No segmentation model for complex script: Chinese/Japanese
ICU4X data error: No segmentation model for complex script: Chinese/Japanese
ICU4X data error: No segmentation model for complex script: Chinese/Japanese
ICU4X data error: No segmentation model for complex script: Chinese/Japanese
ICU4X data error: No segmentation model for complex script: Chinese/Japanese
ICU4X data error: No segmentation model for complex script: Chinese/Japanese
ICU4X data error: No segmentation model for complex script: Chinese/Japanese
ICU4X data error: No segmentation model for complex script: Chinese/Japanese
ICU4X data error: No segmentation model for complex script: Chinese/Japanese
ICU4X data error: No segmentation model for complex script: Chinese/Japanese
ICU4X data error: No segmentation model for complex script: Chinese/Japanese
ICU4X data error: No segmentation model for complex script: Chinese/Japanese
ICU4X data error: No segmentation model for complex script: Chinese/Japanese
ICU4X data error: No segmentation model for complex script: Chinese/Japanese
ICU4X data error: No segmentation model for complex script: Chinese/Japanese
ICU4X data error: No segmentation model for complex script: Chinese/Japanese
ICU4X data error: No segmentation model for complex script: Chinese/Japanese
ICU4X data error: No segmentation model for complex script: Chinese/Japanese
ICU4X data error: No segmentation model for complex script: Chinese/Japanese
ICU4X data error: No segmentation model for complex script: Chinese/Japanese
ICU4X data error: No segmentation model for complex script: Chinese/Japanese
ICU4X data error: No segmentation model for complex script: Chinese/Japanese
ICU4X data error: No segmentation model for complex script: Chinese/Japanese
ICU4X data error: No segmentation model for complex script: Chinese/Japanese
ICU4X data error: No segmentation model for complex script: Chinese/Japanese
ICU4X data error: No segmentation model for complex script: Chinese/Japanese
ICU4X data error: No segmentation model for complex script: Chinese/Japanese
ICU4X data error: No segmentation model for complex script: Chinese/Japanese
ICU4X data error: No segmentation model for complex script: Chinese/Japanese
ICU4X data error: No segmentation model for complex script: Chinese/Japanese
ICU4X data error: No segmentation model for complex script: Chinese/Japanese
ICU4X data error: No segmentation model for complex script: Chinese/Japanese
ICU4X data error: No segmentation model for complex script: Chinese/Japanese
ICU4X data error: No segmentation model for complex script: Chinese/Japanese
ICU4X data error: No segmentation model for complex script: Chinese/Japanese
ICU4X data error: No segmentation model for complex script: Chinese/Japanese
ICU4X data error: No segmentation model for complex script: Chinese/Japanese
ICU4X data error: No segmentation model for complex script: Chinese/Japanese
ICU4X data error: No segmentation model for complex script: Chinese/Japanese
ICU4X data error: No segmentation model for complex script: Chinese/Japanese
ICU4X data error: No segmentation model for complex script: Chinese/Japanese
ICU4X data error: No segmentation model for complex script: Chinese/Japanese
ICU4X data error: No segmentation model for complex script: Chinese/Japanese
ICU4X data error: No segmentation model for complex script: Chinese/Japanese
ICU4X data error: No segmentation model for complex script: Chinese/Japanese
ICU4X data error: No segmentation model for complex script: Chinese/Japanese
ICU4X data error: No segmentation model for complex script: Chinese/Japanese
ICU4X data error: No segmentation model for complex script: Chinese/Japanese
ICU4X data error: No segmentation model for complex script: Chinese/Japanese
ICU4X data error: No segmentation model for complex script: Chinese/Japanese
ICU4X data error: No segmentation model for complex script: Chinese/Japanese
ICU4X data error: No segmentation model for complex script: Chinese/Japanese
ICU4X data error: No segmentation model for complex script: Chinese/Japanese
ICU4X data error: No segmentation model for complex script: Chinese/Japanese
ICU4X data error: No segmentation model for complex script: Chinese/Japanese
ICU4X data error: No segmentation model for complex script: Chinese/Japanese
ICU4X data error: No segmentation model for complex script: Chinese/Japanese
ICU4X data error: No segmentation model for complex script: Chinese/Japanese
ICU4X data error: No segmentation model for complex script: Chinese/Japanese
ICU4X data error: No segmentation model for complex script: Chinese/Japanese
ICU4X data error: No segmentation model for complex script: Chinese/Japanese
ICU4X data error: No segmentation model for complex script: Chinese/Japanese
ICU4X data error: No segmentation model for complex script: Chinese/Japanese
ICU4X data error: No segmentation model for complex script: Chinese/Japanese
ICU4X data error: No segmentation model for complex script: Chinese/Japanese
ICU4X data error: No segmentation model for complex script: Chinese/Japanese
ICU4X data error: No segmentation model for complex script: Chinese/Japanese
ICU4X data error: No segmentation model for complex script: Chinese/Japanese
ICU4X data error: No segmentation model for complex script: Chinese/Japanese
ICU4X data error: No segmentation model for complex script: Chinese/Japanese
ICU4X data error: No segmentation model for complex script: Chinese/Japanese
ICU4X data error: No segmentation model for complex script: Chinese/Japanese
ICU4X data error: No segmentation model for complex script: Chinese/Japanese
ICU4X data error: No segmentation model for complex script: Chinese/Japanese
ICU4X data error: No segmentation model for complex script: Chinese/Japanese
ICU4X data error: No segmentation model for complex script: Chinese/Japanese
ICU4X data error: No segmentation model for complex script: Chinese/Japanese
ICU4X data error: No segmentation model for complex script: Chinese/Japanese
ICU4X data error: No segmentation model for complex script: Chinese/Japanese
ICU4X data error: No segmentation model for complex script: Chinese/Japanese
ICU4X data error: No segmentation model for complex script: Chinese/Japanese
ICU4X data error: No segmentation model for complex script: Chinese/Japanese
ICU4X data error: No segmentation model for complex script: Chinese/Japanese
ICU4X data error: No segmentation model for complex script: Chinese/Japanese
ICU4X data error: No segmentation model for complex script: Chinese/Japanese
ICU4X data error: No segmentation model for complex script: Chinese/Japanese
ICU4X data error: No segmentation model for complex script: Chinese/Japanese
ICU4X data error: No segmentation model for complex script: Chinese/Japanese
ICU4X data error: No segmentation model for complex script: Chinese/Japanese
ICU4X data error: No segmentation model for complex script: Chinese/Japanese
ICU4X data error: No segmentation model for complex script: Chinese/Japanese
ICU4X data error: No segmentation model for complex script: Chinese/Japanese
ICU4X data error: No segmentation model for complex script: Chinese/Japanese
ICU4X data error: No segmentation model for complex script: Chinese/Japanese
ICU4X data error: No segmentation model for complex script: Chinese/Japanese
ICU4X data error: No segmentation model for complex script: Chinese/Japanese
ICU4X data error: No segmentation model for complex script: Chinese/Japanese
ICU4X data error: No segmentation model for complex script: Chinese/Japanese
ICU4X data error: No segmentation model for complex script: Chinese/Japanese
ICU4X data error: No segmentation model for complex script: Chinese/Japanese
ICU4X data error: No segmentation model for complex script: Chinese/Japanese
ICU4X data error: No segmentation model for complex script: Chinese/Japanese
ICU4X data error: No segmentation model for complex script: Chinese/Japanese
ICU4X data error: No segmentation model for complex script: Chinese/Japanese
ICU4X data error: No segmentation model for complex script: Chinese/Japanese
ICU4X data error: No segmentation model for complex script: Chinese/Japanese
ICU4X data error: No segmentation model for complex script: Chinese/Japanese
ICU4X data error: No segmentation model for complex script: Chinese/Japanese
ICU4X data error: No segmentation model for complex script: Chinese/Japanese
ICU4X data error: No segmentation model for complex script: Chinese/Japanese
ICU4X data error: No segmentation model for complex script: Chinese/Japanese
ICU4X data error: No segmentation model for complex script: Chinese/Japanese
ICU4X data error: No segmentation model for complex script: Chinese/Japanese
ICU4X data error: No segmentation model for complex script: Chinese/Japanese
ICU4X data error: No segmentation model for complex script: Chinese/Japanese
ICU4X data error: No segmentation model for complex script: Chinese/Japanese
ICU4X data error: No segmentation model for complex script: Chinese/Japanese
ICU4X data error: No segmentation model for complex script: Chinese/Japanese
ICU4X data error: No segmentation model for complex script: Chinese/Japanese
ICU4X data error: No segmentation model for complex script: Chinese/Japanese
ICU4X data error: No segmentation model for complex script: Chinese/Japanese
ICU4X data error: No segmentation model for complex script: Chinese/Japanese
ICU4X data error: No segmentation model for complex script: Chinese/Japanese
ICU4X data error: No segmentation model for complex script: Chinese/Japanese
ICU4X data error: No segmentation model for complex script: Chinese/Japanese
ICU4X data error: No segmentation model for complex script: Chinese/Japanese
ICU4X data error: No segmentation model for complex script: Chinese/Japanese
ICU4X data error: No segmentation model for complex script: Chinese/Japanese
ICU4X data error: No segmentation model for complex script: Chinese/Japanese
ICU4X data error: No segmentation model for complex script: Chinese/Japanese
ICU4X data error: No segmentation model for complex script: Chinese/Japanese
ICU4X data error: No segmentation model for complex script: Chinese/Japanese
ICU4X data error: No segmentation model for complex script: Chinese/Japanese
ICU4X data error: No segmentation model for complex script: Chinese/Japanese
ICU4X data error: No segmentation model for complex script: Chinese/Japanese
ICU4X data error: No segmentation model for complex script: Chinese/Japanese
ICU4X data error: No segmentation model for complex script: Chinese/Japanese
ICU4X data error: No segmentation model for complex script: Chinese/Japanese
ICU4X data error: No segmentation model for complex script: Chinese/Japanese
ICU4X data error: No segmentation model for complex script: Chinese/Japanese
ICU4X data error: No segmentation model for complex script: Chinese/Japanese
ICU4X data error: No segmentation model for complex script: Chinese/Japanese
ICU4X data error: No segmentation model for complex script: Chinese/Japanese
ICU4X data error: No segmentation model for complex script: Chinese/Japanese
ICU4X data error: No segmentation model for complex script: Chinese/Japanese
ICU4X data error: No segmentation model for complex script: Chinese/Japanese
ICU4X data error: No segmentation model for complex script: Chinese/Japanese
ICU4X data error: No segmentation model for complex script: Chinese/Japanese
ICU4X data error: No segmentation model for complex script: Chinese/Japanese
ICU4X data error: No segmentation model for complex script: Chinese/Japanese
ICU4X data error: No segmentation model for complex script: Chinese/Japanese
ICU4X data error: No segmentation model for complex script: Chinese/Japanese
ICU4X data error: No segmentation model for complex script: Chinese/Japanese
ICU4X data error: No segmentation model for complex script: Chinese/Japanese
ICU4X data error: No segmentation model for complex script: Chinese/Japanese
ICU4X data error: No segmentation model for complex script: Chinese/Japanese
ICU4X data error: No segmentation model for complex script: Chinese/Japanese
ICU4X data error: No segmentation model for complex script: Chinese/Japanese
ICU4X data error: No segmentation model for complex script: Chinese/Japanese
ICU4X data error: No segmentation model for complex script: Chinese/Japanese
ICU4X data error: No segmentation model for complex script: Chinese/Japanese
ICU4X data error: No segmentation model for complex script: Chinese/Japanese
ICU4X data error: No segmentation model for complex script: Chinese/Japanese
ICU4X data error: No segmentation model for complex script: Chinese/Japanese
ICU4X data error: No segmentation model for complex script: Chinese/Japanese
ICU4X data error: No segmentation model for complex script: Chinese/Japanese
ICU4X data error: No segmentation model for complex script: Chinese/Japanese
ICU4X data error: No segmentation model for complex script: Chinese/Japanese
ICU4X data error: No segmentation model for complex script: Chinese/Japanese
ICU4X data error: No segmentation model for complex script: Chinese/Japanese
ICU4X data error: No segmentation model for complex script: Chinese/Japanese
ICU4X data error: No segmentation model for complex script: Chinese/Japanese
ICU4X data error: No segmentation model for complex script: Chinese/Japanese
ICU4X data error: No segmentation model for complex script: Chinese/Japanese
ICU4X data error: No segmentation model for complex script: Chinese/Japanese
ICU4X data error: No segmentation model for complex script: Chinese/Japanese
ICU4X data error: No segmentation model for complex script: Chinese/Japanese
ICU4X data error: No segmentation model for complex script: Chinese/Japanese
ICU4X data error: No segmentation model for complex script: Chinese/Japanese
ICU4X data error: No segmentation model for complex script: Chinese/Japanese
ICU4X data error: No segmentation model for complex script: Chinese/Japanese
ICU4X data error: No segmentation model for complex script: Chinese/Japanese
ICU4X data error: No segmentation model for complex script: Chinese/Japanese
ICU4X data error: No segmentation model for complex script: Chinese/Japanese
ICU4X data error: No segmentation model for complex script: Chinese/Japanese
ICU4X data error: No segmentation model for complex script: Chinese/Japanese
ICU4X data error: No segmentation model for complex script: Chinese/Japanese
ICU4X data error: No segmentation model for complex script: Chinese/Japanese
ICU4X data error: No segmentation model for complex script: Chinese/Japanese
ICU4X data error: No segmentation model for complex script: Chinese/Japanese
ICU4X data error: No segmentation model for complex script: Chinese/Japanese
ICU4X data error: No segmentation model for complex script: Chinese/Japanese
ICU4X data error: No segmentation model for complex script: Chinese/Japanese
ICU4X data error: No segmentation model for complex script: Chinese/Japanese
ICU4X data error: No segmentation model for complex script: Chinese/Japanese
ICU4X data error: No segmentation model for complex script: Chinese/Japanese
ICU4X data error: No segmentation model for complex script: Chinese/Japanese
ICU4X data error: No segmentation model for complex script: Chinese/Japanese
ICU4X data error: No segmentation model for complex script: Chinese/Japanese
ICU4X data error: No segmentation model for complex script: Chinese/Japanese
ICU4X data error: No segmentation model for complex script: Chinese/Japanese
ICU4X data error: No segmentation model for complex script: Chinese/Japanese
ICU4X data error: No segmentation model for complex script: Chinese/Japanese
ICU4X data error: No segmentation model for complex script: Chinese/Japanese
ICU4X data error: No segmentation model for complex script: Chinese/Japanese
ICU4X data error: No segmentation model for complex script: Chinese/Japanese
ICU4X data error: No segmentation model for complex script: Chinese/Japanese
ICU4X data error: No segmentation model for complex script: Chinese/Japanese
ICU4X data error: No segmentation model for complex script: Chinese/Japanese
ICU4X data error: No segmentation model for complex script: Chinese/Japanese
ICU4X data error: No segmentation model for complex script: Chinese/Japanese
ICU4X data error: No segmentation model for complex script: Chinese/Japanese
ICU4X data error: No segmentation model for complex script: Chinese/Japanese
ICU4X data error: No segmentation model for complex script: Chinese/Japanese
ICU4X data error: No segmentation model for complex script: Chinese/Japanese
ICU4X data error: No segmentation model for complex script: Chinese/Japanese
ICU4X data error: No segmentation model for complex script: Chinese/Japanese
ICU4X data error: No segmentation model for complex script: Chinese/Japanese
ICU4X data error: No segmentation model for complex script: Chinese/Japanese
ICU4X data error: No segmentation model for complex script: Chinese/Japanese
ICU4X data error: No segmentation model for complex script: Chinese/Japanese
ICU4X data error: No segmentation model for complex script: Chinese/Japanese
ICU4X data error: No segmentation model for complex script: Chinese/Japanese
ICU4X data error: No segmentation model for complex script: Chinese/Japanese
ICU4X data error: No segmentation model for complex script: Chinese/Japanese
ICU4X data error: No segmentation model for complex script: Chinese/Japanese
ICU4X data error: No segmentation model for complex script: Chinese/Japanese
ICU4X data error: No segmentation model for complex script: Chinese/Japanese
ICU4X data error: No segmentation model for complex script: Chinese/Japanese
ICU4X data error: No segmentation model for complex script: Chinese/Japanese
ICU4X data error: No segmentation model for complex script: Chinese/Japanese
ICU4X data error: No segmentation model for complex script: Chinese/Japanese
ICU4X data error: No segmentation model for complex script: Chinese/Japanese
ICU4X data error: No segmentation model for complex script: Chinese/Japanese
ICU4X data error: No segmentation model for complex script: Chinese/Japanese
ICU4X data error: No segmentation model for complex script: Chinese/Japanese
ICU4X data error: No segmentation model for complex script: Chinese/Japanese
ICU4X data error: No segmentation model for complex script: Chinese/Japanese
ICU4X data error: No segmentation model for complex script: Chinese/Japanese
ICU4X data error: No segmentation model for complex script: Chinese/Japanese
ICU4X data error: No segmentation model for complex script: Chinese/Japanese
ICU4X data error: No segmentation model for complex script: Chinese/Japanese
ICU4X data error: No segmentation model for complex script: Chinese/Japanese
ICU4X data error: No segmentation model for complex script: Chinese/Japanese
ICU4X data error: No segmentation model for complex script: Chinese/Japanese
ICU4X data error: No segmentation model for complex script: Chinese/Japanese
ICU4X data error: No segmentation model for complex script: Chinese/Japanese
ICU4X data error: No segmentation model for complex script: Chinese/Japanese
ICU4X data error: No segmentation model for complex script: Chinese/Japanese
ICU4X data error: No segmentation model for complex script: Chinese/Japanese
ICU4X data error: No segmentation model for complex script: Chinese/Japanese
ICU4X data error: No segmentation model for complex script: Chinese/Japanese
ICU4X data error: No segmentation model for complex script: Chinese/Japanese
ICU4X data error: No segmentation model for complex script: Chinese/Japanese
ICU4X data error: No segmentation model for complex script: Chinese/Japanese
ICU4X data error: No segmentation model for complex script: Chinese/Japanese
ICU4X data error: No segmentation model for complex script: Chinese/Japanese
ICU4X data error: No segmentation model for complex script: Chinese/Japanese
ICU4X data error: No segmentation model for complex script: Chinese/Japanese
ICU4X data error: No segmentation model for complex script: Chinese/Japanese
ICU4X data error: No segmentation model for complex script: Chinese/Japanese
ICU4X data error: No segmentation model for complex script: Chinese/Japanese
ICU4X data error: No segmentation model for complex script: Chinese/Japanese
ICU4X data error: No segmentation model for complex script: Chinese/Japanese
ICU4X data error: No segmentation model for complex script: Chinese/Japanese
ICU4X data error: No segmentation model for complex script: Chinese/Japanese
ICU4X data error: No segmentation model for complex script: Chinese/Japanese
ICU4X data error: No segmentation model for complex script: Chinese/Japanese
ICU4X data error: No segmentation model for complex script: Chinese/Japanese
ICU4X data error: No segmentation model for complex script: Chinese/Japanese
ICU4X data error: No segmentation model for complex script: Chinese/Japanese
ICU4X data error: No segmentation model for complex script: Chinese/Japanese
ICU4X data error: No segmentation model for complex script: Chinese/Japanese
ICU4X data error: No segmentation model for complex script: Chinese/Japanese
ICU4X data error: No segmentation model for complex script: Chinese/Japanese
ICU4X data error: No segmentation model for complex script: Chinese/Japanese
ICU4X data error: No segmentation model for complex script: Chinese/Japanese
ICU4X data error: No segmentation model for complex script: Chinese/Japanese
ICU4X data error: No segmentation model for complex script: Chinese/Japanese
ICU4X data error: No segmentation model for complex script: Chinese/Japanese
ICU4X data error: No segmentation model for complex script: Chinese/Japanese
ICU4X data error: No segmentation model for complex script: Chinese/Japanese
ICU4X data error: No segmentation model for complex script: Chinese/Japanese
ICU4X data error: No segmentation model for complex script: Chinese/Japanese
ICU4X data error: No segmentation model for complex script: Chinese/Japanese
ICU4X data error: No segmentation model for complex script: Chinese/Japanese
ICU4X data error: No segmentation model for complex script: Chinese/Japanese
ICU4X data error: No segmentation model for complex script: Chinese/Japanese
ICU4X data error: No segmentation model for complex script: Chinese/Japanese
ICU4X data error: No segmentation model for complex script: Chinese/Japanese
ICU4X data error: No segmentation model for complex script: Chinese/Japanese
ICU4X data error: No segmentation model for complex script: Chinese/Japanese
ICU4X data error: No segmentation model for complex script: Chinese/Japanese
ICU4X data error: No segmentation model for complex script: Chinese/Japanese
ICU4X data error: No segmentation model for complex script: Chinese/Japanese
ICU4X data error: No segmentation model for complex script: Chinese/Japanese
ICU4X data error: No segmentation model for complex script: Chinese/Japanese
ICU4X data error: No segmentation model for complex script: Chinese/Japanese
ICU4X data error: No segmentation model for complex script: Chinese/Japanese
ICU4X data error: No segmentation model for complex script: Chinese/Japanese
ICU4X data error: No segmentation model for complex script: Chinese/Japanese
ICU4X data error: No segmentation model for complex script: Chinese/Japanese
ICU4X data error: No segmentation model for complex script: Chinese/Japanese
ICU4X data error: No segmentation model for complex script: Chinese/Japanese
ICU4X data error: No segmentation model for complex script: Chinese/Japanese
ICU4X data error: No segmentation model for complex script: Chinese/Japanese
ICU4X data error: No segmentation model for complex script: Chinese/Japanese
ICU4X data error: No segmentation model for complex script: Chinese/Japanese
ICU4X data error: No segmentation model for complex script: Chinese/Japanese
ICU4X data error: No segmentation model for complex script: Chinese/Japanese
ICU4X data error: No segmentation model for complex script: Chinese/Japanese
ICU4X data error: No segmentation model for complex script: Chinese/Japanese
ICU4X data error: No segmentation model for complex script: Chinese/Japanese
ICU4X data error: No segmentation model for complex script: Chinese/Japanese
ICU4X data error: No segmentation model for complex script: Chinese/Japanese
ICU4X data error: No segmentation model for complex script: Chinese/Japanese
ICU4X data error: No segmentation model for complex script: Chinese/Japanese
ICU4X data error: No segmentation model for complex script: Chinese/Japanese
ICU4X data error: No segmentation model for complex script: Chinese/Japanese
ICU4X data error: No segmentation model for complex script: Chinese/Japanese
ICU4X data error: No segmentation model for complex script: Chinese/Japanese
ICU4X data error: No segmentation model for complex script: Chinese/Japanese
ICU4X data error: No segmentation model for complex script: Chinese/Japanese
ICU4X data error: No segmentation model for complex script: Chinese/Japanese
ICU4X data error: No segmentation model for complex script: Chinese/Japanese
ICU4X data error: No segmentation model for complex script: Chinese/Japanese
ICU4X data error: No segmentation model for complex script: Chinese/Japanese
ICU4X data error: No segmentation model for complex script: Chinese/Japanese
ICU4X data error: No segmentation model for complex script: Chinese/Japanese
ICU4X data error: No segmentation model for complex script: Chinese/Japanese
ICU4X data error: No segmentation model for complex script: Chinese/Japanese
ICU4X data error: No segmentation model for complex script: Chinese/Japanese
ICU4X data error: No segmentation model for complex script: Chinese/Japanese
ICU4X data error: No segmentation model for complex script: Chinese/Japanese
ICU4X data error: No segmentation model for complex script: Chinese/Japanese
ICU4X data error: No segmentation model for complex script: Chinese/Japanese
2026-09-29T17:01:17.127215Z  INFO n_side::app: [game/state] title
ICU4X data error: No segmentation model for complex script: Chinese/Japanese
ICU4X data error: No segmentation model for complex script: Chinese/Japanese
ICU4X data error: No segmentation model for complex script: Chinese/Japanese
ICU4X data error: No segmentation model for complex script: Chinese/Japanese
ICU4X data error: No segmentation model for complex script: Chinese/Japanese
ICU4X data error: No segmentation model for complex script: Chinese/Japanese
ICU4X data error: No segmentation model for complex script: Chinese/Japanese
ICU4X data error: No segmentation model for complex script: Chinese/Japanese
ICU4X data error: No segmentation model for complex script: Chinese/Japanese
ICU4X data error: No segmentation model for complex script: Chinese/Japanese
ICU4X data error: No segmentation model for complex script: Chinese/Japanese
ICU4X data error: No segmentation model for complex script: Chinese/Japanese
ICU4X data error: No segmentation model for complex script: Chinese/Japanese
ICU4X data error: No segmentation model for complex script: Chinese/Japanese
ICU4X data error: No segmentation model for complex script: Chinese/Japanese
ICU4X data error: No segmentation model for complex script: Chinese/Japanese
ICU4X data error: No segmentation model for complex script: Chinese/Japanese
ICU4X data error: No segmentation model for complex script: Chinese/Japanese
2026-09-29T17:01:17.624497Z  INFO n_side::app: [game/state] loading
ICU4X data error: No segmentation model for complex script: Chinese/Japanese
ICU4X data error: No segmentation model for complex script: Chinese/Japanese
ICU4X data error: No segmentation model for complex script: Chinese/Japanese
ICU4X data error: No segmentation model for complex script: Chinese/Japanese
2026-09-29T17:01:30.375498Z  INFO n_side::app: [player/collision] triangles=574245 sources=3360
ICU4X data error: No segmentation model for complex script: Chinese/Japanese
ICU4X data error: No segmentation model for complex script: Chinese/Japanese
ICU4X data error: No segmentation model for complex script: Chinese/Japanese
ICU4X data error: No segmentation model for complex script: Chinese/Japanese
ICU4X data error: No segmentation model for complex script: Chinese/Japanese
ICU4X data error: No segmentation model for complex script: Chinese/Japanese
ICU4X data error: No segmentation model for complex script: Chinese/Japanese
ICU4X data error: No segmentation model for complex script: Chinese/Japanese
ICU4X data error: No segmentation model for complex script: Chinese/Japanese
ICU4X data error: No segmentation model for complex script: Chinese/Japanese
ICU4X data error: No segmentation model for complex script: Chinese/Japanese
ICU4X data error: No segmentation model for complex script: Chinese/Japanese
ICU4X data error: No segmentation model for complex script: Chinese/Japanese
2026-09-29T17:01:30.436574Z  INFO n_side::world::scene: [world/ready] meshes=3367 model_instances=263 dependencies=35 failed=0 degraded=0 startup_seconds=0.056
2026-09-29T17:01:30.486506Z  INFO n_side::character: [character/load] characters/CHR-001/yao-grey-study.glb
ICU4X data error: No segmentation model for complex script: Chinese/Japanese
ICU4X data error: No segmentation model for complex script: Chinese/Japanese
ICU4X data error: No segmentation model for complex script: Chinese/Japanese
ICU4X data error: No segmentation model for complex script: Chinese/Japanese
ICU4X data error: No segmentation model for complex script: Chinese/Japanese
ICU4X data error: No segmentation model for complex script: Chinese/Japanese
ICU4X data error: No segmentation model for complex script: Chinese/Japanese
ICU4X data error: No segmentation model for complex script: Chinese/Japanese
ICU4X data error: No segmentation model for complex script: Chinese/Japanese
ICU4X data error: No segmentation model for complex script: Chinese/Japanese
ICU4X data error: No segmentation model for complex script: Chinese/Japanese
ICU4X data error: No segmentation model for complex script: Chinese/Japanese
ICU4X data error: No segmentation model for complex script: Chinese/Japanese
ICU4X data error: No segmentation model for complex script: Chinese/Japanese
ICU4X data error: No segmentation model for complex script: Chinese/Japanese
2026-09-29T17:01:30.572743Z  INFO n_side::character: [character/ready] characters/CHR-001/yao-grey-study.glb: 1 skins, 34 targets, clips ["Idle", "Walk", "Run"]
ICU4X data error: No segmentation model for complex script: Chinese/Japanese
ICU4X data error: No segmentation model for complex script: Chinese/Japanese
ICU4X data error: No segmentation model for complex script: Chinese/Japanese
ICU4X data error: No segmentation model for complex script: Chinese/Japanese
ICU4X data error: No segmentation model for complex script: Chinese/Japanese
ICU4X data error: No segmentation model for complex script: Chinese/Japanese
ICU4X data error: No segmentation model for complex script: Chinese/Japanese
ICU4X data error: No segmentation model for complex script: Chinese/Japanese
ICU4X data error: No segmentation model for complex script: Chinese/Japanese
ICU4X data error: No segmentation model for complex script: Chinese/Japanese
ICU4X data error: No segmentation model for complex script: Chinese/Japanese
ICU4X data error: No segmentation model for complex script: Chinese/Japanese
ICU4X data error: No segmentation model for complex script: Chinese/Japanese
ICU4X data error: No segmentation model for complex script: Chinese/Japanese
ICU4X data error: No segmentation model for complex script: Chinese/Japanese
2026-09-29T17:01:34.543340Z  INFO n_side::capture: [capture/check] {"name":"required_assets_ready","passed":true}
2026-09-29T17:01:34.543356Z  INFO n_side::capture: [capture/check] {"expected":780,"name":"all_frames_saved","passed":true,"saved":780}
2026-09-29T17:01:34.543366Z  INFO n_side::capture: [capture/check] {"checked_frames":780,"name":"finite_transforms","passed":true}
2026-09-29T17:01:34.543370Z  INFO n_side::capture: [capture/check] {"distance":0.0,"enabled":false,"expected":{"camera_sensitivity":null,"character":null,"configured_borderless":null,"configured_resolution":null,"display_pending":null,"enabled":null,"entry_device":null,"entry_focus":null,"from":189,"game_page":null,"gamepad_connected":null,"graphics":null,"graphics_page":null,"graphics_tab":null,"handoff":null,"inside_room":null,"max_distance":null,"max_player_camera_distance":null,"max_player_distance":null,"max_player_height":null,"max_player_jumps":null,"max_player_resets":null,"max_rotation":null,"max_ui_scroll":null,"max_world_entities":null,"min_distance":null,"min_player_camera_distance":null,"min_player_distance":null,"min_player_height":null,"min_player_jumps":null,"min_rotation":null,"min_ui_scroll":null,"min_world_entities":null,"name":"real doorway target before opening","observation_open":false,"observation_selected":null,"observation_target":"04","observation_visible":null,"place_gamepad":null,"place_id":null,"place_known":null,"place_name":null,"place_room":null,"place_visible":null,"player_blocked":null,"player_grounded":null,"player_sprinting":null,"pointer_locked":null,"same_world_entities":null,"settings_open":null,"text_scale":null,"to":189,"ui_device":null,"ui_focus":null,"ui_page":null,"ui_record":null,"ui_reduced_motion":null,"ui_scale":null,"world_ready":null},"name":"real doorway target before opening","passed":true,"peak_rotation_radians":0.0,"rotation_radians":0.0}
2026-09-29T17:01:34.543386Z  INFO n_side::capture: [capture/check] {"distance":0.0,"enabled":false,"expected":{"camera_sensitivity":null,"character":null,"configured_borderless":null,"configured_resolution":null,"display_pending":null,"enabled":null,"entry_device":null,"entry_focus":null,"from":190,"game_page":"world","gamepad_connected":null,"graphics":null,"graphics_page":null,"graphics_tab":null,"handoff":null,"inside_room":null,"max_distance":null,"max_player_camera_distance":null,"max_player_distance":null,"max_player_height":null,"max_player_jumps":null,"max_player_resets":null,"max_rotation":null,"max_ui_scroll":null,"max_world_entities":null,"min_distance":null,"min_player_camera_distance":null,"min_player_distance":null,"min_player_height":null,"min_player_jumps":null,"min_rotation":null,"min_ui_scroll":null,"min_world_entities":null,"name":"open observation owns input","observation_open":true,"observation_selected":"04","observation_target":null,"observation_visible":true,"place_gamepad":null,"place_id":null,"place_known":null,"place_name":null,"place_room":null,"place_visible":null,"player_blocked":null,"player_grounded":null,"player_sprinting":null,"pointer_locked":null,"same_world_entities":null,"settings_open":null,"text_scale":null,"to":229,"ui_device":null,"ui_focus":null,"ui_page":null,"ui_record":null,"ui_reduced_motion":null,"ui_scale":null,"world_ready":null},"name":"open observation owns input","passed":true,"peak_rotation_radians":0.0,"rotation_radians":0.0}
2026-09-29T17:01:34.543400Z  INFO n_side::capture: [capture/check] {"distance":0.0,"enabled":false,"expected":{"camera_sensitivity":null,"character":null,"configured_borderless":null,"configured_resolution":null,"display_pending":null,"enabled":null,"entry_device":null,"entry_focus":null,"from":232,"game_page":"paused","gamepad_connected":null,"graphics":null,"graphics_page":null,"graphics_tab":null,"handoff":null,"inside_room":null,"max_distance":null,"max_player_camera_distance":null,"max_player_distance":null,"max_player_height":null,"max_player_jumps":null,"max_player_resets":null,"max_rotation":null,"max_ui_scroll":null,"max_world_entities":null,"min_distance":null,"min_player_camera_distance":null,"min_player_distance":null,"min_player_height":null,"min_player_jumps":null,"min_rotation":null,"min_ui_scroll":null,"min_world_entities":null,"name":"tab pauses without discarding observation","observation_open":true,"observation_selected":null,"observation_target":null,"observation_visible":false,"place_gamepad":null,"place_id":null,"place_known":null,"place_name":null,"place_room":null,"place_visible":null,"player_blocked":null,"player_grounded":null,"player_sprinting":null,"pointer_locked":null,"same_world_entities":null,"settings_open":false,"text_scale":null,"to":249,"ui_device":null,"ui_focus":null,"ui_page":null,"ui_record":null,"ui_reduced_motion":null,"ui_scale":null,"world_ready":null},"name":"tab pauses without discarding observation","passed":true,"peak_rotation_radians":0.0,"rotation_radians":0.0}
2026-09-29T17:01:34.543417Z  INFO n_side::capture: [capture/check] {"distance":0.0,"enabled":false,"expected":{"camera_sensitivity":1.0,"character":null,"configured_borderless":null,"configured_resolution":null,"display_pending":null,"enabled":null,"entry_device":null,"entry_focus":0,"from":259,"game_page":"paused","gamepad_connected":null,"graphics":null,"graphics_page":null,"graphics_tab":null,"handoff":null,"inside_room":null,"max_distance":null,"max_player_camera_distance":null,"max_player_distance":null,"max_player_height":null,"max_player_jumps":null,"max_player_resets":null,"max_rotation":null,"max_ui_scroll":null,"max_world_entities":null,"min_distance":null,"min_player_camera_distance":null,"min_player_distance":null,"min_player_height":null,"min_player_jumps":null,"min_rotation":null,"min_ui_scroll":null,"min_world_entities":null,"name":"settings opens from pause","observation_open":true,"observation_selected":null,"observation_target":null,"observation_visible":false,"place_gamepad":null,"place_id":null,"place_known":null,"place_name":null,"place_room":null,"place_visible":null,"player_blocked":null,"player_grounded":null,"player_sprinting":null,"pointer_locked":null,"same_world_entities":null,"settings_open":true,"text_scale":1.0,"to":259,"ui_device":null,"ui_focus":null,"ui_page":null,"ui_record":null,"ui_reduced_motion":null,"ui_scale":null,"world_ready":null},"name":"settings opens from pause","passed":true,"peak_rotation_radians":0.0,"rotation_radians":0.0}
2026-09-29T17:01:34.543433Z  INFO n_side::capture: [capture/check] {"distance":0.0,"enabled":false,"expected":{"camera_sensitivity":null,"character":null,"configured_borderless":null,"configured_resolution":null,"display_pending":null,"enabled":null,"entry_device":null,"entry_focus":0,"from":279,"game_page":null,"gamepad_connected":null,"graphics":null,"graphics_page":null,"graphics_tab":null,"handoff":null,"inside_room":null,"max_distance":null,"max_player_camera_distance":null,"max_player_distance":null,"max_player_height":null,"max_player_jumps":null,"max_player_resets":null,"max_rotation":null,"max_ui_scroll":null,"max_world_entities":null,"min_distance":null,"min_player_camera_distance":null,"min_player_distance":null,"min_player_height":null,"min_player_jumps":null,"min_rotation":null,"min_ui_scroll":null,"min_world_entities":null,"name":"text size becomes 125 percent","observation_open":null,"observation_selected":null,"observation_target":null,"observation_visible":null,"place_gamepad":null,"place_id":null,"place_known":null,"place_name":null,"place_room":null,"place_visible":null,"player_blocked":null,"player_grounded":null,"player_sprinting":null,"pointer_locked":null,"same_world_entities":null,"settings_open":true,"text_scale":1.25,"to":279,"ui_device":null,"ui_focus":null,"ui_page":null,"ui_record":null,"ui_reduced_motion":null,"ui_scale":null,"world_ready":null},"name":"text size becomes 125 percent","passed":true,"peak_rotation_radians":0.0,"rotation_radians":0.0}
2026-09-29T17:01:34.543447Z  INFO n_side::capture: [capture/check] {"distance":0.0,"enabled":false,"expected":{"camera_sensitivity":0.6499999761581421,"character":null,"configured_borderless":null,"configured_resolution":null,"display_pending":null,"enabled":null,"entry_device":null,"entry_focus":1,"from":299,"game_page":null,"gamepad_connected":null,"graphics":null,"graphics_page":null,"graphics_tab":null,"handoff":null,"inside_room":null,"max_distance":null,"max_player_camera_distance":null,"max_player_distance":null,"max_player_height":null,"max_player_jumps":null,"max_player_resets":null,"max_rotation":null,"max_ui_scroll":null,"max_world_entities":null,"min_distance":null,"min_player_camera_distance":null,"min_player_distance":null,"min_player_height":null,"min_player_jumps":null,"min_rotation":null,"min_ui_scroll":null,"min_world_entities":null,"name":"camera sensitivity becomes 65 percent","observation_open":null,"observation_selected":null,"observation_target":null,"observation_visible":null,"place_gamepad":null,"place_id":null,"place_known":null,"place_name":null,"place_room":null,"place_visible":null,"player_blocked":null,"player_grounded":null,"player_sprinting":null,"pointer_locked":null,"same_world_entities":null,"settings_open":true,"text_scale":1.25,"to":299,"ui_device":null,"ui_focus":null,"ui_page":null,"ui_record":null,"ui_reduced_motion":null,"ui_scale":null,"world_ready":null},"name":"camera sensitivity becomes 65 percent","passed":true,"peak_rotation_radians":0.0,"rotation_radians":0.0}
2026-09-29T17:01:34.543464Z  INFO n_side::capture: [capture/check] {"distance":0.0,"enabled":false,"expected":{"camera_sensitivity":null,"character":null,"configured_borderless":null,"configured_resolution":null,"display_pending":null,"enabled":null,"entry_device":null,"entry_focus":2,"from":319,"game_page":"paused","gamepad_connected":null,"graphics":null,"graphics_page":null,"graphics_tab":null,"handoff":null,"inside_room":null,"max_distance":null,"max_player_camera_distance":null,"max_player_distance":null,"max_player_height":null,"max_player_jumps":null,"max_player_resets":null,"max_rotation":null,"max_ui_scroll":null,"max_world_entities":null,"min_distance":null,"min_player_camera_distance":null,"min_player_distance":null,"min_player_height":null,"min_player_jumps":null,"min_rotation":null,"min_ui_scroll":null,"min_world_entities":null,"name":"settings returns to original pause focus","observation_open":true,"observation_selected":null,"observation_target":null,"observation_visible":false,"place_gamepad":null,"place_id":null,"place_known":null,"place_name":null,"place_room":null,"place_visible":null,"player_blocked":null,"player_grounded":null,"player_sprinting":null,"pointer_locked":null,"same_world_entities":null,"settings_open":false,"text_scale":null,"to":319,"ui_device":null,"ui_focus":null,"ui_page":null,"ui_record":null,"ui_reduced_motion":null,"ui_scale":null,"world_ready":null},"name":"settings returns to original pause focus","passed":true,"peak_rotation_radians":0.0,"rotation_radians":0.0}
2026-09-29T17:01:34.543479Z  INFO n_side::capture: [capture/check] {"distance":0.0,"enabled":false,"expected":{"camera_sensitivity":0.6499999761581421,"character":null,"configured_borderless":null,"configured_resolution":null,"display_pending":null,"enabled":null,"entry_device":null,"entry_focus":null,"from":339,"game_page":"world","gamepad_connected":null,"graphics":null,"graphics_page":null,"graphics_tab":null,"handoff":null,"inside_room":null,"max_distance":null,"max_player_camera_distance":null,"max_player_distance":null,"max_player_height":null,"max_player_jumps":null,"max_player_resets":null,"max_rotation":null,"max_ui_scroll":null,"max_world_entities":null,"min_distance":null,"min_player_camera_distance":null,"min_player_distance":null,"min_player_height":null,"min_player_jumps":null,"min_rotation":null,"min_ui_scroll":null,"min_world_entities":null,"name":"resume restores the same observation with large text","observation_open":true,"observation_selected":"04","observation_target":null,"observation_visible":true,"place_gamepad":null,"place_id":null,"place_known":null,"place_name":null,"place_room":null,"place_visible":null,"player_blocked":null,"player_grounded":null,"player_sprinting":null,"pointer_locked":null,"same_world_entities":null,"settings_open":false,"text_scale":1.25,"to":379,"ui_device":null,"ui_focus":null,"ui_page":null,"ui_record":null,"ui_reduced_motion":null,"ui_scale":null,"world_ready":null},"name":"resume restores the same observation with large text","passed":true,"peak_rotation_radians":0.0,"rotation_radians":0.0}
2026-09-29T17:01:34.543496Z  INFO n_side::capture: [capture/check] {"distance":0.0,"enabled":false,"expected":{"camera_sensitivity":null,"character":null,"configured_borderless":null,"configured_resolution":null,"display_pending":null,"enabled":null,"entry_device":null,"entry_focus":null,"from":390,"game_page":"world","gamepad_connected":null,"graphics":null,"graphics_page":null,"graphics_tab":null,"handoff":null,"inside_room":null,"max_distance":null,"max_player_camera_distance":null,"max_player_distance":null,"max_player_height":null,"max_player_jumps":null,"max_player_resets":null,"max_rotation":null,"max_ui_scroll":null,"max_world_entities":null,"min_distance":null,"min_player_camera_distance":null,"min_player_distance":null,"min_player_height":null,"min_player_jumps":null,"min_rotation":null,"min_ui_scroll":null,"min_world_entities":null,"name":"close owns its frame and returns only to world","observation_open":false,"observation_selected":null,"observation_target":null,"observation_visible":false,"place_gamepad":null,"place_id":null,"place_known":null,"place_name":null,"place_room":null,"place_visible":null,"player_blocked":null,"player_grounded":null,"player_sprinting":null,"pointer_locked":null,"same_world_entities":null,"settings_open":null,"text_scale":null,"to":429,"ui_device":null,"ui_focus":null,"ui_page":null,"ui_record":null,"ui_reduced_motion":null,"ui_scale":null,"world_ready":null},"name":"close owns its frame and returns only to world","passed":true,"peak_rotation_radians":0.0,"rotation_radians":0.0}
2026-09-29T17:01:34.543511Z  INFO n_side::capture: [capture/check] {"distance":0.0,"enabled":false,"expected":{"camera_sensitivity":null,"character":null,"configured_borderless":null,"configured_resolution":null,"display_pending":null,"enabled":null,"entry_device":null,"entry_focus":null,"from":189,"game_page":null,"gamepad_connected":null,"graphics":null,"graphics_page":null,"graphics_tab":null,"handoff":null,"inside_room":null,"max_distance":0.0010000000474974513,"max_player_camera_distance":null,"max_player_distance":0.0010000000474974513,"max_player_height":null,"max_player_jumps":null,"max_player_resets":0,"max_rotation":0.0020000000949949026,"max_ui_scroll":null,"max_world_entities":null,"min_distance":null,"min_player_camera_distance":null,"min_player_distance":null,"min_player_height":null,"min_player_jumps":null,"min_rotation":null,"min_ui_scroll":null,"min_world_entities":null,"name":"open menus and held close never move player or camera","observation_open":null,"observation_selected":null,"observation_target":null,"observation_visible":null,"place_gamepad":null,"place_id":null,"place_known":null,"place_name":null,"place_room":null,"place_visible":null,"player_blocked":null,"player_grounded":true,"player_sprinting":null,"pointer_locked":null,"same_world_entities":true,"settings_open":null,"text_scale":null,"to":429,"ui_device":null,"ui_focus":null,"ui_page":null,"ui_record":null,"ui_reduced_motion":null,"ui_scale":null,"world_ready":null},"name":"open menus and held close never move player or camera","passed":true,"peak_rotation_radians":0.0,"rotation_radians":0.0}
2026-09-29T17:01:34.543526Z  INFO n_side::capture: [capture/check] {"distance":3.685292959213257,"enabled":false,"expected":{"camera_sensitivity":0.6499999761581421,"character":null,"configured_borderless":null,"configured_resolution":null,"display_pending":null,"enabled":null,"entry_device":null,"entry_focus":null,"from":439,"game_page":null,"gamepad_connected":null,"graphics":null,"graphics_page":null,"graphics_tab":null,"handoff":null,"inside_room":null,"max_distance":null,"max_player_camera_distance":null,"max_player_distance":0.0010000000474974513,"max_player_height":null,"max_player_jumps":null,"max_player_resets":0,"max_rotation":1.0800000429153442,"max_ui_scroll":null,"max_world_entities":null,"min_distance":null,"min_player_camera_distance":null,"min_player_distance":null,"min_player_height":null,"min_player_jumps":null,"min_rotation":1.0,"min_ui_scroll":null,"min_world_entities":null,"name":"fresh keyboard look uses changed sensitivity","observation_open":null,"observation_selected":null,"observation_target":null,"observation_visible":null,"place_gamepad":null,"place_id":null,"place_known":null,"place_name":null,"place_room":null,"place_visible":null,"player_blocked":null,"player_grounded":true,"player_sprinting":null,"pointer_locked":null,"same_world_entities":null,"settings_open":null,"text_scale":null,"to":469,"ui_device":null,"ui_focus":null,"ui_page":null,"ui_record":null,"ui_reduced_motion":null,"ui_scale":null,"world_ready":null},"name":"fresh keyboard look uses changed sensitivity","passed":true,"peak_rotation_radians":1.0400056838989258,"rotation_radians":1.0400056838989258}
2026-09-29T17:01:34.543544Z  INFO n_side::capture: [capture/check] {"distance":0.0,"enabled":false,"expected":{"camera_sensitivity":null,"character":null,"configured_borderless":null,"configured_resolution":null,"display_pending":null,"enabled":null,"entry_device":"gamepad","entry_focus":null,"from":509,"game_page":"world","gamepad_connected":null,"graphics":null,"graphics_page":null,"graphics_tab":null,"handoff":null,"inside_room":null,"max_distance":null,"max_player_camera_distance":null,"max_player_distance":null,"max_player_height":null,"max_player_jumps":null,"max_player_resets":null,"max_rotation":null,"max_ui_scroll":null,"max_world_entities":null,"min_distance":null,"min_player_camera_distance":null,"min_player_distance":null,"min_player_height":null,"min_player_jumps":null,"min_rotation":null,"min_ui_scroll":null,"min_world_entities":null,"name":"large observation reopens and uses gamepad hint","observation_open":true,"observation_selected":"04","observation_target":null,"observation_visible":true,"place_gamepad":null,"place_id":null,"place_known":null,"place_name":null,"place_room":null,"place_visible":null,"player_blocked":null,"player_grounded":null,"player_sprinting":null,"pointer_locked":null,"same_world_entities":null,"settings_open":null,"text_scale":1.25,"to":509,"ui_device":null,"ui_focus":null,"ui_page":null,"ui_record":null,"ui_reduced_motion":null,"ui_scale":null,"world_ready":null},"name":"large observation reopens and uses gamepad hint","passed":true,"peak_rotation_radians":0.0,"rotation_radians":0.0}
2026-09-29T17:01:34.543559Z  INFO n_side::capture: [capture/check] {"distance":0.0,"enabled":false,"expected":{"camera_sensitivity":null,"character":null,"configured_borderless":null,"configured_resolution":null,"display_pending":null,"enabled":null,"entry_device":null,"entry_focus":null,"from":539,"game_page":"world","gamepad_connected":null,"graphics":null,"graphics_page":null,"graphics_tab":null,"handoff":null,"inside_room":null,"max_distance":null,"max_player_camera_distance":null,"max_player_distance":null,"max_player_height":null,"max_player_jumps":null,"max_player_resets":null,"max_rotation":null,"max_ui_scroll":null,"max_world_entities":null,"min_distance":null,"min_player_camera_distance":null,"min_player_distance":null,"min_player_height":null,"min_player_jumps":null,"min_rotation":null,"min_ui_scroll":null,"min_world_entities":null,"name":"controller closes observation without pausing","observation_open":false,"observation_selected":null,"observation_target":null,"observation_visible":false,"place_gamepad":null,"place_id":null,"place_known":null,"place_name":null,"place_room":null,"place_visible":null,"player_blocked":null,"player_grounded":null,"player_sprinting":null,"pointer_locked":null,"same_world_entities":null,"settings_open":null,"text_scale":null,"to":539,"ui_device":null,"ui_focus":null,"ui_page":null,"ui_record":null,"ui_reduced_motion":null,"ui_scale":null,"world_ready":null},"name":"controller closes observation without pausing","passed":true,"peak_rotation_radians":0.0,"rotation_radians":0.0}
2026-09-29T17:01:34.543573Z  INFO n_side::capture: [capture/check] {"distance":0.0,"enabled":false,"expected":{"camera_sensitivity":null,"character":null,"configured_borderless":null,"configured_resolution":null,"display_pending":null,"enabled":null,"entry_device":null,"entry_focus":null,"from":569,"game_page":"world","gamepad_connected":null,"graphics":null,"graphics_page":null,"graphics_tab":null,"handoff":null,"inside_room":null,"max_distance":null,"max_player_camera_distance":null,"max_player_distance":null,"max_player_height":null,"max_player_jumps":null,"max_player_resets":null,"max_rotation":null,"max_ui_scroll":null,"max_world_entities":null,"min_distance":null,"min_player_camera_distance":null,"min_player_distance":null,"min_player_height":null,"min_player_jumps":null,"min_rotation":null,"min_ui_scroll":null,"min_world_entities":null,"name":"controller confirms the same public place","observation_open":true,"observation_selected":"04","observation_target":null,"observation_visible":true,"place_gamepad":null,"place_id":null,"place_known":null,"place_name":null,"place_room":null,"place_visible":null,"player_blocked":null,"player_grounded":null,"player_sprinting":null,"pointer_locked":null,"same_world_entities":null,"settings_open":null,"text_scale":null,"to":569,"ui_device":null,"ui_focus":null,"ui_page":null,"ui_record":null,"ui_reduced_motion":null,"ui_scale":null,"world_ready":null},"name":"controller confirms the same public place","passed":true,"peak_rotation_radians":0.0,"rotation_radians":0.0}
2026-09-29T17:01:34.543590Z  INFO n_side::capture: [capture/check] {"distance":0.0,"enabled":false,"expected":{"camera_sensitivity":null,"character":null,"configured_borderless":null,"configured_resolution":null,"display_pending":null,"enabled":null,"entry_device":null,"entry_focus":null,"from":599,"game_page":"paused","gamepad_connected":null,"graphics":null,"graphics_page":null,"graphics_tab":null,"handoff":null,"inside_room":null,"max_distance":null,"max_player_camera_distance":null,"max_player_distance":null,"max_player_height":null,"max_player_jumps":null,"max_player_resets":null,"max_rotation":null,"max_ui_scroll":null,"max_world_entities":null,"min_distance":null,"min_player_camera_distance":null,"min_player_distance":null,"min_player_height":null,"min_player_jumps":null,"min_rotation":null,"min_ui_scroll":null,"min_world_entities":null,"name":"controller menu pauses before returning to title","observation_open":true,"observation_selected":null,"observation_target":null,"observation_visible":false,"place_gamepad":null,"place_id":null,"place_known":null,"place_name":null,"place_room":null,"place_visible":null,"player_blocked":null,"player_grounded":null,"player_sprinting":null,"pointer_locked":null,"same_world_entities":null,"settings_open":null,"text_scale":null,"to":599,"ui_device":null,"ui_focus":null,"ui_page":null,"ui_record":null,"ui_reduced_motion":null,"ui_scale":null,"world_ready":null},"name":"controller menu pauses before returning to title","passed":true,"peak_rotation_radians":0.0,"rotation_radians":0.0}
2026-09-29T17:01:34.543605Z  INFO n_side::capture: [capture/check] {"distance":0.0,"enabled":false,"expected":{"camera_sensitivity":0.6499999761581421,"character":null,"configured_borderless":null,"configured_resolution":null,"display_pending":null,"enabled":null,"entry_device":null,"entry_focus":null,"from":629,"game_page":"title","gamepad_connected":null,"graphics":null,"graphics_page":null,"graphics_tab":null,"handoff":null,"inside_room":null,"max_distance":null,"max_player_camera_distance":null,"max_player_distance":null,"max_player_height":null,"max_player_jumps":null,"max_player_resets":null,"max_rotation":null,"max_ui_scroll":null,"max_world_entities":0,"min_distance":null,"min_player_camera_distance":null,"min_player_distance":null,"min_player_height":null,"min_player_jumps":null,"min_rotation":null,"min_ui_scroll":null,"min_world_entities":null,"name":"title clears scene and closes observation while retaining settings","observation_open":false,"observation_selected":null,"observation_target":null,"observation_visible":false,"place_gamepad":null,"place_id":null,"place_known":null,"place_name":null,"place_room":null,"place_visible":null,"player_blocked":null,"player_grounded":null,"player_sprinting":null,"pointer_locked":null,"same_world_entities":null,"settings_open":false,"text_scale":1.25,"to":629,"ui_device":null,"ui_focus":null,"ui_page":null,"ui_record":null,"ui_reduced_motion":null,"ui_scale":null,"world_ready":false},"name":"title clears scene and closes observation while retaining settings","passed":true,"peak_rotation_radians":0.0,"rotation_radians":0.0}
2026-09-29T17:01:34.543622Z  INFO n_side::capture: [capture/check] {"distance":0.0,"enabled":false,"expected":{"camera_sensitivity":0.6499999761581421,"character":null,"configured_borderless":null,"configured_resolution":null,"display_pending":null,"enabled":null,"entry_device":null,"entry_focus":null,"from":679,"game_page":"world","gamepad_connected":null,"graphics":null,"graphics_page":null,"graphics_tab":null,"handoff":null,"inside_room":null,"max_distance":null,"max_player_camera_distance":null,"max_player_distance":null,"max_player_height":null,"max_player_jumps":null,"max_player_resets":0,"max_rotation":null,"max_ui_scroll":null,"max_world_entities":null,"min_distance":null,"min_player_camera_distance":null,"min_player_distance":null,"min_player_height":null,"min_player_jumps":null,"min_rotation":null,"min_ui_scroll":null,"min_world_entities":null,"name":"new scene keeps session settings","observation_open":false,"observation_selected":null,"observation_target":null,"observation_visible":false,"place_gamepad":null,"place_id":"04","place_known":null,"place_name":null,"place_room":null,"place_visible":null,"player_blocked":null,"player_grounded":null,"player_sprinting":null,"pointer_locked":null,"same_world_entities":null,"settings_open":null,"text_scale":1.25,"to":679,"ui_device":null,"ui_focus":null,"ui_page":null,"ui_record":null,"ui_reduced_motion":null,"ui_scale":null,"world_ready":true},"name":"new scene keeps session settings","passed":true,"peak_rotation_radians":0.0006905339541845024,"rotation_radians":0.0006905339541845024}
2026-09-29T17:01:34.543637Z  INFO n_side::capture: [capture/check] {"distance":3.6852691173553467,"enabled":false,"expected":{"camera_sensitivity":0.6499999761581421,"character":null,"configured_borderless":null,"configured_resolution":null,"display_pending":null,"enabled":null,"entry_device":null,"entry_focus":null,"from":699,"game_page":null,"gamepad_connected":null,"graphics":null,"graphics_page":null,"graphics_tab":null,"handoff":null,"inside_room":null,"max_distance":null,"max_player_camera_distance":null,"max_player_distance":0.0010000000474974513,"max_player_height":null,"max_player_jumps":null,"max_player_resets":0,"max_rotation":1.0800000429153442,"max_ui_scroll":null,"max_world_entities":null,"min_distance":null,"min_player_camera_distance":null,"min_player_distance":null,"min_player_height":null,"min_player_jumps":null,"min_rotation":1.0,"min_ui_scroll":null,"min_world_entities":null,"name":"reentry camera still uses the selected sensitivity","observation_open":null,"observation_selected":null,"observation_target":null,"observation_visible":null,"place_gamepad":null,"place_id":null,"place_known":null,"place_name":null,"place_room":null,"place_visible":null,"player_blocked":null,"player_grounded":true,"player_sprinting":null,"pointer_locked":null,"same_world_entities":null,"settings_open":null,"text_scale":null,"to":729,"ui_device":null,"ui_focus":null,"ui_page":null,"ui_record":null,"ui_reduced_motion":null,"ui_scale":null,"world_ready":null},"name":"reentry camera still uses the selected sensitivity","passed":true,"peak_rotation_radians":1.0400002002716064,"rotation_radians":1.0400002002716064}
2026-09-29T17:01:34.543653Z  INFO n_side::capture: [capture/finished] status=PASS saved=780 report=/home/lzzz/MyProjects/N-SIDE/output/capture/task050-character-large-reentry/state.json
