Info: Removed 8 vertices
Info: Removed 2 vertices
Info: Removed 0 vertices
Info: Removed 3 vertices
Info: Removed 6 vertices
Info: Removed 3 vertices
Info: Removed 4 vertices
Info: Removed 4 vertices
Info: Removed 4 vertices
Info: Removed 4 vertices
Info: Removed 4 vertices
Info: Removed 4 vertices
Info: Removed 14 vertices
Info: Removed 4 vertices
Info: Removed 5 vertices
Info: Removed 2 vertices
Info: Removed 3 vertices
Info: Removed 3 vertices
Info: Removed 3 vertices
Info: Removed 3 vertices
Info: Removed 3 vertices
Info: Removed 3 vertices
Info: Removed 6 vertices
Info: Removed 3 vertices
Info: Removed 4 vertices
Info: Removed 4 vertices
Info: Removed 4 vertices
Info: Removed 4 vertices
Info: Removed 4 vertices
Info: Removed 4 vertices
Info: Removed 14 vertices
Info: Removed 4 vertices
Info: Removed 5 vertices
Info: Removed 2 vertices
Info: Removed 3 vertices
Info: Removed 3 vertices
Info: Removed 3 vertices
Info: Removed 3 vertices
Info: Removed 3 vertices
Info: Removed 0 vertices
Info: Removed 16 vertices
Info: Removed 5 vertices
Info: Removed 4 vertices
Info: Removed 5 vertices
Info: Removed 4 vertices
Info: Removed 2 vertices
Info: Removed 0 vertices
Info: Removed 0 vertices
Info: Removed 0 vertices
Info: Removed 13 vertices
Info: Removed 5 vertices
Info: Removed 4 vertices
Info: Removed 2 vertices
Info: Removed 0 vertices
Info: Removed 0 vertices
Info: Removed 0 vertices
Info: Removed 13 vertices
Info: Removed 5 vertices
Info: Removed 4 vertices
Info: Removed 4 vertices
Info: Removed 6 vertices
Info: Removed 0 vertices
Info: Removed 0 vertices
Info: Removed 0 vertices
Info: Removed 0 vertices
Info: Removed 0 vertices
Info: Removed 0 vertices
Info: Removed 0 vertices
Info: Removed 0 vertices
Info: Removed 0 vertices
Info: Removed 0 vertices
Info: Removed 0 vertices
Info: Removed 0 vertices
Info: Removed 0 vertices
Info: Removed 0 vertices
Info: Removed 0 vertices
Info: Removed 0 vertices
Info: Removed 0 vertices
Info: Removed 0 vertices
Info: Removed 0 vertices
Info: Removed 0 vertices
Info: Removed 0 vertices
Info: Removed 0 vertices
Info: Removed 0 vertices
Info: Removed 0 vertices
Info: Removed 0 vertices
Info: Removed 0 vertices
Info: Removed 0 vertices
Info: Removed 0 vertices
Info: Saved as "yao-grey-study.blend"
INFO Draco mesh compression is available, use library at /home/lzzz/MyProjects/N-SIDE/output/tools/blender-4.5.14-linux-x64/4.5/scripts/addons_core/io_scene_gltf2/libextern_draco.so
03:07:06 | INFO: Starting glTF 2.0 export
03:07:06 | INFO: Extracting primitive: CHR001_RuntimeMesh
03:07:06 | INFO: Primitives created: 1
03:07:06 | INFO: Finished glTF 2.0 export in 0.540825605392456 s

{"status": "exported-candidate", "blender": "4.5.14 LTS", "units": "meters", "dcc_forward": "-Y", "gltf_forward": "+Z", "face_hair_revision": "r4", "age_actual": 20, "age_appearance": 18, "palette": "unapproved grayscale study; grayscale hair is not a character color decision", "bones": 32, "editable_meshes": 89, "source_vertices": 7574, "clips": {"Idle": {"seconds": 2.0, "fps": 30, "in_place": true}, "Walk": {"seconds": 1.0, "fps": 30, "in_place": true}, "Run": {"seconds": 0.6666666666666666, "fps": 30, "in_place": true}}, "runtime": "NOT RUN; root integrates and captures the real Bevy path", "views": []}
Blender 4.5.14 LTS (hash 62c1db4208e8 built 2026-09-15 01:31:19)

Blender quit
