parts=2466 triangles=106763 camera=walk-fixed/frame239 [106.42710876464844, 31.65717124938965, -268.9743347167969]
road,steps,depth_m,rise_m,tread_triangles,tread_bad_normal,tread_bad_height,structure_triangles,structure_sloped,normal_winding_mismatch,ground_minus_tread_min,ground_minus_tread_max,vertical_samples,vertical_wrong_hit,terrain_above_tread,camera_front_facing_tread_triangles,sun_dot_riser
58,12,0.914352,0.168460,24,0,0,78,0,0,-0.201923,0.225029,108,0,0,24,-0.534250
camera_face_centers road=58 {"visible_riser_or_side": 40, "visible_tread": 24}
60,26,0.380638,0.165221,52,0,0,158,0,0,-0.091089,0.041089,234,0,0,20,-0.534287
camera_face_centers road=60 {"other_geometry_occluded": 21, "visible_riser_or_side": 85, "visible_tread": 20}
62,32,0.504834,0.166222,64,0,0,214,0,0,-0.091489,0.302274,288,0,0,0,-0.534411
camera_face_centers road=62 {"other_geometry_occluded": 107, "visible_riser_or_side": 44}
744,45,0.296934,0.167836,90,0,0,284,0,0,-0.092135,0.042135,405,0,0,0,-0.524863
746,45,0.296934,0.167836,90,0,0,276,0,0,-0.092135,0.042135,405,0,0,0,-0.524863
748,45,0.296934,0.167836,90,0,0,278,0,0,-0.092135,0.042135,405,0,0,0,-0.524863
750,45,0.296934,0.167836,90,0,0,276,0,0,-0.092135,0.042135,405,0,0,0,-0.524863
752,45,0.296934,0.167836,90,0,0,276,0,0,-0.092135,0.042135,405,0,0,0,-0.524863
754,45,0.296934,0.167836,90,0,0,276,0,0,-0.092135,0.042135,405,0,0,0,-0.524863
756,45,0.296934,0.167836,90,0,0,276,0,0,-0.092135,0.042135,405,0,0,0,-0.524863
758,45,0.296934,0.167836,90,0,0,276,0,0,-0.092135,0.042135,405,0,0,0,-0.524863
760,45,0.296934,0.167836,90,0,0,276,0,0,-0.092135,0.042135,405,0,0,0,-0.524863
762,45,0.296934,0.167836,90,0,0,276,0,0,-0.092135,0.042135,405,0,0,0,-0.524863
764,45,0.296934,0.167836,90,0,0,276,0,0,-0.092135,0.042135,405,0,0,0,-0.524863
766,45,0.296934,0.167836,90,0,0,278,0,0,-0.092135,0.042135,405,0,0,0,-0.524863
