$ bun run check:map && bun run docs:build:player && bun run docs:build:dev
$ bun test tools/tests/district-map.test.ts tools/tests/road-width.test.ts tools/tests/station-square.test.ts tools/tests/terrain-shape.test.ts
bun test v1.4.2 (744846f84)

tools/tests/district-map.test.ts:
(pass) map places and roads have valid shared references [2.73ms]
(pass) terrain colors follow ground elevation [0.12ms]
(pass) map overview fits extended terrain on wide and narrow screens [181.71ms]
(pass) mountain cross section uses sampled ground up to the stargazing summit [43.06ms]
(pass) mountain city keeps metre scale and usable graded route alternatives [5.87ms]
(pass) overview terrain retains source controls and excludes elevated connections [3668.60ms]
(pass) authored exterior sightlines clear intervening building volumes [2.22ms]
(pass) shopping stays local and public hillside routes remain connected [1.55ms]
(pass) orthographic projection preserves parallel edges and separates elevation from depth [0.25ms]
(pass) scene keeps platforms below volumes and geometry is finite [120.80ms]
(pass) expanded plan counts destinations separately and keeps parcel attachments valid [6.92ms]
(pass) sections follow connected routes and distinguish a lift from a slope [16.16ms]
(pass) geometry handles concave boundaries, shared walls, road width and local elevation [1.10ms]
(pass) tree positions stay outside building footprints [6.74ms]
(pass) all streets clear building volumes at their actual widths and elevations [341.63ms]
(pass) district ground-road crossings share a junction and its elevation [302.30ms]
(pass) city framework records every building and reaches its same-level facade entrances [13.38ms]
(pass) city stairs retain short flights, level rests and full-size treads [1.07ms]
(pass) ordinary streets keep their design grade and deliveries avoid stair-only approaches [1.81ms]
(pass) public streets stay outside same-level resident and service courts [4.86ms]
(pass) building volumes share boundaries without occupying the same space [25.99ms]
(pass) detailed places connect street access to separate public and service entrances [14.95ms]
(pass) cinema roof and exterior platform have distinct footprints and supported paths [1.57ms]
(pass) lifestyle routes visit actual arrival endpoints in the stated order [4.66ms]
(pass) housing estimates use residential floor area rather than the volume count [0.26ms]
(pass) architectural segments reference complete buildings and derive type counts from the same data [1.01ms]
(pass) representative buildings have consistent floors, room areas and facade entrances [61.06ms]
(pass) public, residents, students and service users have separate access rights [12.41ms]
(pass) shop supply starts on the city road and changes to a level trolley route at unloading [0.49ms]
(pass) interest equipment deliveries reach a level backstage route from a gentle city-road approach [0.83ms]
(pass) drawn room openings join actual walls and each occupied room has an access [0.78ms]
(pass) station mixed-use and interest samples connect customer and backstage rooms through their own entrances [0.46ms]
(pass) shared stairs and separate apartments connect through shared circulation [1.10ms]

tools/tests/terrain-shape.test.ts:
(pass) terrain bake preserves authored geometry and repeats without drift [3180.86ms]
(pass) terrain noise protects complete road segments and footprints [3183.74ms]
(pass) terrain bake rejects invalid metadata and unsupported source formatting [51.21ms]
(pass) third short-ascent terrace clears terrain toward city landmarks [336.24ms]

tools/tests/road-width.test.ts:
(pass) shared endpoints do not hide width conflicts and truly level junctions pass [1.29ms]
(pass) a selected route is checked against other roads without absorbing unrelated conflicts [0.59ms]
(pass) upper-street and foothill junctions join at road width with usable stair treads [1111.94ms]
(pass) campus stairs and market entrances meet the full road width at their own levels [417.79ms]
(pass) music street junctions clear their neighbors and equipment reaches the level unloading route [388.48ms]
(pass) upper homes stairs and greenhouse approaches retain level junctions and usable flights [429.21ms]
(pass) station and music approaches plus the long ascent join at width without sharpening slopes or steps [1180.28ms]
(pass) foothill housing and west plateau approaches clear streets, stairs and resident side paths [1863.93ms]
(pass) east terraces clear neighboring road ribbons and retain usable exterior approaches [452.65ms]
(pass) west old housing clear neighboring road ribbons and retain usable exterior approaches [408.03ms]
(pass) food street bypasses shop footprints and waterfront stairs descend beside the waiting court [441.77ms]
(pass) all ground-road junctions clear neighboring ribbons while retaining usable exterior approaches [494.64ms]
(pass) platform checks keep concave cutouts and actual stair treads while excluding explicitly elevated surfaces [0.87ms]
(pass) ground platforms meet adjacent road ribbons and stair treads at their own level [47.12ms]

tools/tests/station-square.test.ts:
(pass) station meeting court retains usable space with a level public arrival clear of sloping roads [485.49ms]

 52 pass
 0 fail
Ran 52 tests across 4 files. [19.68s]
$ bun tools/wiki.ts build player

  vitepress v1.6.4

- building client + server bundles...
[32m✓[0m building client + server bundles...
- rendering pages...
[32m✓[0m rendering pages...
build complete in 5.98s.
{"profile":"player","pages":95,"files":547,"result":"PASS"}
$ bun tools/wiki.ts build dev

  vitepress v1.6.4

- building client + server bundles...

(!) Some chunks are larger than 500 kB after minification. Consider:
- Using dynamic import() to code-split the application
- Use build.rollupOptions.output.manualChunks to improve chunking: https://rollupjs.org/configuration-options/#output-manualchunks
- Adjust chunk size limit for this warning via build.chunkSizeWarningLimit.
[32m✓[0m building client + server bundles...
- rendering pages...
[32m✓[0m rendering pages...
build complete in 8.67s.
{"profile":"dev","pages":158,"files":791,"result":"PASS"}
