$ bun run check:map && bun run docs:build:player && bun run docs:build:dev
$ bun test tools/tests/district-map.test.ts tools/tests/road-width.test.ts tools/tests/station-square.test.ts tools/tests/terrain-shape.test.ts
bun test v1.4.2 (744846f84)

tools/tests/district-map.test.ts:
(pass) map places and roads have valid shared references [2.77ms]
(pass) terrain colors follow ground elevation [0.13ms]
(pass) map overview fits extended terrain on wide and narrow screens [199.78ms]
(pass) mountain cross section uses sampled ground up to the stargazing summit [55.95ms]
(pass) mountain city keeps metre scale and usable graded route alternatives [6.01ms]
(pass) overview terrain retains source controls and excludes elevated connections [4903.48ms]
(pass) authored exterior sightlines clear intervening building volumes [2.71ms]
(pass) shopping stays local and public hillside routes remain connected [1.95ms]
(pass) orthographic projection preserves parallel edges and separates elevation from depth [1.37ms]
(pass) scene keeps platforms below volumes and geometry is finite [140.17ms]
(pass) expanded plan counts destinations separately and keeps parcel attachments valid [6.66ms]
(pass) sections follow connected routes and distinguish a lift from a slope [15.45ms]
(pass) section labels name shared nodes without duplicating their displayed elevation [2.57ms]
(pass) geometry handles concave boundaries, shared walls, road width and local elevation [1.25ms]
(pass) tree positions stay outside building footprints [7.35ms]
(pass) all streets clear building volumes at their actual widths and elevations [362.70ms]
(pass) district ground-road crossings share a junction and its elevation [297.82ms]
(pass) city framework records every building and reaches its same-level facade entrances [14.79ms]
(pass) city stairs retain short flights, level rests and full-size treads [1.14ms]
(pass) ordinary streets keep their design grade and deliveries avoid stair-only approaches [1.93ms]
(pass) public streets stay outside same-level resident and service courts [5.26ms]
(pass) building volumes share boundaries without occupying the same space [29.42ms]
(pass) detailed places connect street access to separate public and service entrances [18.00ms]
(pass) cinema roof and exterior platform have distinct footprints and supported paths [1.72ms]
(pass) lifestyle routes visit actual arrival endpoints in the stated order [5.36ms]
(pass) housing estimates use residential floor area rather than the volume count [0.37ms]
(pass) architectural segments reference complete buildings and derive type counts from the same data [1.25ms]
(pass) representative buildings have consistent floors, room areas and facade entrances [64.17ms]
(pass) public, residents, students and service users have separate access rights [13.94ms]
(pass) shop supply starts on the city road and changes to a level trolley route at unloading [0.59ms]
(pass) interest equipment deliveries reach a level backstage route from a gentle city-road approach [0.84ms]
(pass) drawn room openings join actual walls and each occupied room has an access [0.78ms]
(pass) station mixed-use and interest samples connect customer and backstage rooms through their own entrances [0.45ms]
(pass) shared stairs and separate apartments connect through shared circulation [1.11ms]

tools/tests/terrain-shape.test.ts:
(pass) second short-ascent leg meets terrain across stair and landing edges [2310.82ms]
(pass) descent eye-level slope uses local terrain detail instead of a 60m face [2281.81ms]
(pass) descent bank changes grade gradually and adjoining upper stairs retain support [15.29ms]
(pass) terrain bake preserves authored geometry and repeats without drift [4111.69ms]
(pass) terrain noise protects complete road segments and footprints [4346.36ms]
(pass) terrain bake rejects invalid metadata and unsupported source formatting [54.48ms]
(pass) third short-ascent terrace clears terrain toward city landmarks [480.01ms]
(pass) forest-edge hollow has broad concavity while the adjacent short route keeps its grade [25.08ms]
(pass) local forest road support leaves the existing terrain envelope outside the hollow unchanged [2013.64ms]

tools/tests/road-width.test.ts:
(pass) shared endpoints do not hide width conflicts and truly level junctions pass [1.34ms]
(pass) a selected route is checked against other roads without absorbing unrelated conflicts [0.59ms]
(pass) upper-street and foothill junctions join at road width with usable stair treads [1200.57ms]
(pass) campus stairs and market entrances meet the full road width at their own levels [418.36ms]
(pass) music street junctions clear their neighbors and equipment reaches the level unloading route [457.45ms]
(pass) upper homes stairs and greenhouse approaches retain level junctions and usable flights [440.91ms]
(pass) station and music approaches plus the long ascent join at width without sharpening slopes or steps [1131.41ms]
(pass) foothill housing and west plateau approaches clear streets, stairs and resident side paths [1815.77ms]
(pass) east terraces clear neighboring road ribbons and retain usable exterior approaches [425.11ms]
(pass) west old housing clear neighboring road ribbons and retain usable exterior approaches [441.01ms]
(pass) food street bypasses shop footprints and waterfront stairs descend beside the waiting court [419.68ms]
(pass) all ground-road junctions clear neighboring ribbons while retaining usable exterior approaches [493.22ms]
(pass) platform checks keep concave cutouts and actual stair treads while excluding explicitly elevated surfaces [0.63ms]
(pass) ground platforms meet adjacent road ribbons and stair treads at their own level [45.79ms]

tools/tests/station-square.test.ts:
(pass) station meeting court retains usable space with a level public arrival clear of sloping roads [443.03ms]

 58 pass
 0 fail
Ran 58 tests across 4 files. [30.01s]
$ bun tools/wiki.ts build player
node: error while loading shared libraries: libsimdjson.so.33: cannot open shared object file: No such file or directory
error: "vitepress" exited with code 127
VitePress build failed (127)
error: script "docs:build:player" exited with code 1
error: script "docs:build" exited with code 1
