2026-09-29T17:00:08.107945Z  INFO bevy_diagnostic::system_information_diagnostics_plugin::internal: SystemInfo { os: "Linux (CachyOS Linux rolling)", kernel: "7.2.8-1-cachyos", cpu: "AMD Ryzen 7 5700X 8-Core Processor", core_count: "8", memory: "15.5 GiB" }
2026-09-29T17:00:08.125885Z  INFO bevy_render::renderer: AdapterInfo { name: "AMD Radeon RX 6650 XT (RADV NAVI23)", vendor: 4098, device: 29679, device_type: DiscreteGpu, device_pci_bus_id: "0000:2d:00.0", driver: "radv", driver_info: "Mesa 26.2.3-arch3.1", backend: Vulkan, subgroup_min_size: 32, subgroup_max_size: 64, transient_saves_memory: false }
2026-09-29T17:00:08.228604Z  INFO bevy_pbr::cluster: GPU clustering is supported on this device.
2026-09-29T17:00:08.228641Z  INFO bevy_render::batching::gpu_preprocessing: GPU preprocessing is fully supported on this device.
2026-09-29T17:00:08.229436Z  INFO n_side::app: [game/state] title
ICU4X data error: No segmentation model for complex script: Chinese/Japanese
ICU4X data error: No segmentation model for complex script: Chinese/Japanese
ICU4X data error: No segmentation model for complex script: Chinese/Japanese
ICU4X data error: No segmentation model for complex script: Chinese/Japanese
ICU4X data error: No segmentation model for complex script: Chinese/Japanese
ICU4X data error: No segmentation model for complex script: Chinese/Japanese
ICU4X data error: No segmentation model for complex script: Chinese/Japanese
2026-09-29T17:00:08.755289Z  INFO n_side::app: [game/state] loading
ICU4X data error: No segmentation model for complex script: Chinese/Japanese
ICU4X data error: No segmentation model for complex script: Chinese/Japanese
ICU4X data error: No segmentation model for complex script: Chinese/Japanese
ICU4X data error: No segmentation model for complex script: Chinese/Japanese
2026-09-29T17:00:21.918105Z  INFO n_side::app: [player/collision] triangles=574245 sources=3360
2026-09-29T17:00:21.975064Z  INFO n_side::world::scene: [world/ready] meshes=3367 model_instances=263 dependencies=35 failed=0 degraded=0 startup_seconds=0.051
2026-09-29T17:00:22.031522Z  INFO n_side::character: [character/load] characters/CHR-001/yao-grey-study.glb
ICU4X data error: No segmentation model for complex script: Chinese/Japanese
ICU4X data error: No segmentation model for complex script: Chinese/Japanese
ICU4X data error: No segmentation model for complex script: Chinese/Japanese
ICU4X data error: No segmentation model for complex script: Chinese/Japanese
ICU4X data error: No segmentation model for complex script: Chinese/Japanese
ICU4X data error: No segmentation model for complex script: Chinese/Japanese
ICU4X data error: No segmentation model for complex script: Chinese/Japanese
ICU4X data error: No segmentation model for complex script: Chinese/Japanese
ICU4X data error: No segmentation model for complex script: Chinese/Japanese
ICU4X data error: No segmentation model for complex script: Chinese/Japanese
ICU4X data error: No segmentation model for complex script: Chinese/Japanese
ICU4X data error: No segmentation model for complex script: Chinese/Japanese
ICU4X data error: No segmentation model for complex script: Chinese/Japanese
ICU4X data error: No segmentation model for complex script: Chinese/Japanese
ICU4X data error: No segmentation model for complex script: Chinese/Japanese
2026-09-29T17:00:22.248433Z  INFO n_side::character: [character/ready] characters/CHR-001/yao-grey-study.glb: 1 skins, 34 targets, clips ["Idle", "Walk", "Run"]
2026-09-29T17:00:23.181983Z  INFO n_side::capture: [capture/check] {"name":"required_assets_ready","passed":true}
2026-09-29T17:00:23.181995Z  INFO n_side::capture: [capture/check] {"expected":90,"name":"all_frames_saved","passed":true,"saved":90}
2026-09-29T17:00:23.182001Z  INFO n_side::capture: [capture/check] {"checked_frames":90,"name":"finite_transforms","passed":true}
2026-09-29T17:00:23.182005Z  INFO n_side::capture: [capture/check] {"distance":0.0,"enabled":false,"expected":{"camera_sensitivity":null,"character":{"clip":"Idle","max_drift":null,"min_advance":10.0,"min_clip_elapsed":null,"min_transitions":null,"paused":false,"ready":true},"configured_borderless":null,"configured_resolution":null,"display_pending":null,"enabled":null,"entry_device":null,"entry_focus":null,"from":40,"game_page":null,"gamepad_connected":null,"graphics":null,"graphics_page":null,"graphics_tab":null,"handoff":null,"inside_room":null,"max_distance":null,"max_player_camera_distance":null,"max_player_distance":null,"max_player_height":null,"max_player_jumps":null,"max_player_resets":null,"max_rotation":null,"max_ui_scroll":null,"max_world_entities":null,"min_distance":null,"min_player_camera_distance":null,"min_player_distance":null,"min_player_height":null,"min_player_jumps":null,"min_rotation":null,"min_ui_scroll":null,"min_world_entities":null,"name":"intentional failure: ten seconds of animation cannot elapse in this interval","observation_open":null,"observation_selected":null,"observation_target":null,"observation_visible":null,"place_gamepad":null,"place_id":null,"place_known":null,"place_name":null,"place_room":null,"place_visible":null,"player_blocked":null,"player_grounded":null,"player_sprinting":null,"pointer_locked":null,"same_world_entities":null,"settings_open":null,"text_scale":null,"to":59,"ui_device":null,"ui_focus":null,"ui_page":null,"ui_record":null,"ui_reduced_motion":null,"ui_scale":null,"world_ready":null},"name":"intentional failure: ten seconds of animation cannot elapse in this interval","passed":false,"peak_rotation_radians":0.0006905339541845024,"rotation_radians":0.0006905339541845024}
2026-09-29T17:00:23.182028Z  INFO n_side::capture: [capture/finished] status=FAIL saved=90 report=/home/lzzz/MyProjects/N-SIDE/output/capture/task047-character-negative/state.json
