2026-09-28T09:04:44.611783Z  INFO bevy_diagnostic::system_information_diagnostics_plugin::internal: SystemInfo { os: "Linux (CachyOS Linux rolling)", kernel: "7.2.6-1-cachyos", cpu: "AMD Ryzen 7 5700X 8-Core Processor", core_count: "8", memory: "15.5 GiB" }
2026-09-28T09:04:44.627381Z  INFO bevy_render::renderer: AdapterInfo { name: "AMD Radeon RX 6650 XT (RADV NAVI23)", vendor: 4098, device: 29679, device_type: DiscreteGpu, device_pci_bus_id: "0000:2d:00.0", driver: "radv", driver_info: "Mesa 26.2.3-arch3.1", backend: Vulkan, subgroup_min_size: 32, subgroup_max_size: 64, transient_saves_memory: false }
2026-09-28T09:04:44.691639Z  WARN n_side::settings: [settings/load] /home/lzzz/MyProjects/N-SIDE/output/settings/2026-09-28/r2/bad-user/settings.json: key must be a string at line 1 column 2; original file retained
2026-09-28T09:04:44.701286Z  INFO bevy_pbr::cluster: GPU clustering is supported on this device.
2026-09-28T09:04:44.701302Z  INFO bevy_render::batching::gpu_preprocessing: GPU preprocessing is fully supported on this device.
2026-09-28T09:04:44.701813Z  INFO n_side::app: [game/state] title
ICU4X data error: No segmentation model for complex script: Chinese/Japanese
ICU4X data error: No segmentation model for complex script: Chinese/Japanese
ICU4X data error: No segmentation model for complex script: Chinese/Japanese
ICU4X data error: No segmentation model for complex script: Chinese/Japanese
ICU4X data error: No segmentation model for complex script: Chinese/Japanese
ICU4X data error: No segmentation model for complex script: Chinese/Japanese
ICU4X data error: No segmentation model for complex script: Chinese/Japanese
ICU4X data error: No segmentation model for complex script: Chinese/Japanese
ICU4X data error: No segmentation model for complex script: Chinese/Japanese
ICU4X data error: No segmentation model for complex script: Chinese/Japanese
ICU4X data error: No segmentation model for complex script: Chinese/Japanese
ICU4X data error: No segmentation model for complex script: Chinese/Japanese
ICU4X data error: No segmentation model for complex script: Chinese/Japanese
ICU4X data error: No segmentation model for complex script: Chinese/Japanese
ICU4X data error: No segmentation model for complex script: Chinese/Japanese
ICU4X data error: No segmentation model for complex script: Chinese/Japanese
ICU4X data error: No segmentation model for complex script: Chinese/Japanese
ICU4X data error: No segmentation model for complex script: Chinese/Japanese
ICU4X data error: No segmentation model for complex script: Chinese/Japanese
ICU4X data error: No segmentation model for complex script: Chinese/Japanese
ICU4X data error: No segmentation model for complex script: Chinese/Japanese
ICU4X data error: No segmentation model for complex script: Chinese/Japanese
ICU4X data error: No segmentation model for complex script: Chinese/Japanese
ICU4X data error: No segmentation model for complex script: Chinese/Japanese
ICU4X data error: No segmentation model for complex script: Chinese/Japanese
ICU4X data error: No segmentation model for complex script: Chinese/Japanese
ICU4X data error: No segmentation model for complex script: Chinese/Japanese
ICU4X data error: No segmentation model for complex script: Chinese/Japanese
ICU4X data error: No segmentation model for complex script: Chinese/Japanese
ICU4X data error: No segmentation model for complex script: Chinese/Japanese
ICU4X data error: No segmentation model for complex script: Chinese/Japanese
ICU4X data error: No segmentation model for complex script: Chinese/Japanese
ICU4X data error: No segmentation model for complex script: Chinese/Japanese
ICU4X data error: No segmentation model for complex script: Chinese/Japanese
ICU4X data error: No segmentation model for complex script: Chinese/Japanese
ICU4X data error: No segmentation model for complex script: Chinese/Japanese
ICU4X data error: No segmentation model for complex script: Chinese/Japanese
ICU4X data error: No segmentation model for complex script: Chinese/Japanese
ICU4X data error: No segmentation model for complex script: Chinese/Japanese
ICU4X data error: No segmentation model for complex script: Chinese/Japanese
ICU4X data error: No segmentation model for complex script: Chinese/Japanese
ICU4X data error: No segmentation model for complex script: Chinese/Japanese
ICU4X data error: No segmentation model for complex script: Chinese/Japanese
ICU4X data error: No segmentation model for complex script: Chinese/Japanese
ICU4X data error: No segmentation model for complex script: Chinese/Japanese
ICU4X data error: No segmentation model for complex script: Chinese/Japanese
ICU4X data error: No segmentation model for complex script: Chinese/Japanese
ICU4X data error: No segmentation model for complex script: Chinese/Japanese
ICU4X data error: No segmentation model for complex script: Chinese/Japanese
ICU4X data error: No segmentation model for complex script: Chinese/Japanese
2026-09-28T09:04:46.264995Z  INFO n_side::app: [game/state] loading
ICU4X data error: No segmentation model for complex script: Chinese/Japanese
ICU4X data error: No segmentation model for complex script: Chinese/Japanese
ICU4X data error: No segmentation model for complex script: Chinese/Japanese
ICU4X data error: No segmentation model for complex script: Chinese/Japanese
2026-09-28T09:04:55.388168Z  INFO n_side::app: [player/collision] triangles=557829 sources=3301
2026-09-28T09:04:55.420271Z  INFO n_side::world::scene: [world/ready] meshes=3302 model_instances=263 dependencies=25 failed=0 degraded=0 startup_seconds=0.028
ICU4X data error: No segmentation model for complex script: Chinese/Japanese
ICU4X data error: No segmentation model for complex script: Chinese/Japanese
ICU4X data error: No segmentation model for complex script: Chinese/Japanese
ICU4X data error: No segmentation model for complex script: Chinese/Japanese
ICU4X data error: No segmentation model for complex script: Chinese/Japanese
ICU4X data error: No segmentation model for complex script: Chinese/Japanese
ICU4X data error: No segmentation model for complex script: Chinese/Japanese
ICU4X data error: No segmentation model for complex script: Chinese/Japanese
2026-09-28T09:04:56.846062Z  INFO n_side::capture: [capture/check] {"name":"required_assets_ready","passed":true}
2026-09-28T09:04:56.846072Z  INFO n_side::capture: [capture/check] {"expected":180,"name":"all_frames_saved","passed":true,"saved":180}
2026-09-28T09:04:56.846077Z  INFO n_side::capture: [capture/check] {"checked_frames":180,"name":"finite_transforms","passed":true}
2026-09-28T09:04:56.846080Z  INFO n_side::capture: [capture/check] {"distance":0.0,"enabled":false,"expected":{"camera_sensitivity":1.0,"enabled":null,"entry_device":null,"entry_focus":0,"from":49,"game_page":"title","gamepad_connected":null,"max_distance":null,"max_player_camera_distance":null,"max_player_distance":null,"max_player_height":null,"max_player_resets":null,"max_rotation":null,"max_ui_scroll":null,"max_world_entities":null,"min_distance":null,"min_player_camera_distance":null,"min_player_distance":null,"min_player_height":null,"min_rotation":null,"min_ui_scroll":null,"min_world_entities":null,"name":"title_settings_only_opens_after_confirm","observation_open":null,"observation_selected":null,"observation_target":null,"observation_visible":null,"place_gamepad":null,"place_id":null,"place_known":null,"place_name":null,"place_visible":null,"player_blocked":null,"player_grounded":null,"same_world_entities":null,"settings_open":true,"text_scale":1.0,"to":49,"ui_device":null,"ui_focus":null,"ui_page":null,"ui_record":null,"ui_reduced_motion":null,"ui_scale":null,"world_ready":null},"name":"title_settings_only_opens_after_confirm","passed":true,"peak_rotation_radians":0.0,"rotation_radians":0.0}
2026-09-28T09:04:56.846092Z  INFO n_side::capture: [capture/check] {"distance":0.0,"enabled":false,"expected":{"camera_sensitivity":null,"enabled":null,"entry_device":null,"entry_focus":0,"from":69,"game_page":null,"gamepad_connected":null,"max_distance":null,"max_player_camera_distance":null,"max_player_distance":null,"max_player_height":null,"max_player_resets":null,"max_rotation":null,"max_ui_scroll":null,"max_world_entities":null,"min_distance":null,"min_player_camera_distance":null,"min_player_distance":null,"min_player_height":null,"min_rotation":null,"min_ui_scroll":null,"min_world_entities":null,"name":"large_text_selected","observation_open":null,"observation_selected":null,"observation_target":null,"observation_visible":null,"place_gamepad":null,"place_id":null,"place_known":null,"place_name":null,"place_visible":null,"player_blocked":null,"player_grounded":null,"same_world_entities":null,"settings_open":true,"text_scale":1.25,"to":69,"ui_device":null,"ui_focus":null,"ui_page":null,"ui_record":null,"ui_reduced_motion":null,"ui_scale":null,"world_ready":null},"name":"large_text_selected","passed":true,"peak_rotation_radians":0.0,"rotation_radians":0.0}
2026-09-28T09:04:56.846106Z  INFO n_side::capture: [capture/check] {"distance":0.0,"enabled":false,"expected":{"camera_sensitivity":0.6499999761581421,"enabled":null,"entry_device":null,"entry_focus":1,"from":99,"game_page":null,"gamepad_connected":null,"max_distance":null,"max_player_camera_distance":null,"max_player_distance":null,"max_player_height":null,"max_player_resets":null,"max_rotation":null,"max_ui_scroll":null,"max_world_entities":null,"min_distance":null,"min_player_camera_distance":null,"min_player_distance":null,"min_player_height":null,"min_rotation":null,"min_ui_scroll":null,"min_world_entities":null,"name":"slow_camera_selected","observation_open":null,"observation_selected":null,"observation_target":null,"observation_visible":null,"place_gamepad":null,"place_id":null,"place_known":null,"place_name":null,"place_visible":null,"player_blocked":null,"player_grounded":null,"same_world_entities":null,"settings_open":true,"text_scale":null,"to":99,"ui_device":null,"ui_focus":null,"ui_page":null,"ui_record":null,"ui_reduced_motion":null,"ui_scale":null,"world_ready":null},"name":"slow_camera_selected","passed":true,"peak_rotation_radians":0.0,"rotation_radians":0.0}
2026-09-28T09:04:56.846120Z  INFO n_side::capture: [capture/check] {"distance":0.0,"enabled":false,"expected":{"camera_sensitivity":null,"enabled":null,"entry_device":null,"entry_focus":2,"from":109,"game_page":"title","gamepad_connected":null,"max_distance":null,"max_player_camera_distance":null,"max_player_distance":null,"max_player_height":null,"max_player_resets":null,"max_rotation":null,"max_ui_scroll":null,"max_world_entities":null,"min_distance":null,"min_player_camera_distance":null,"min_player_distance":null,"min_player_height":null,"min_rotation":null,"min_ui_scroll":null,"min_world_entities":null,"name":"back_restores_title_focus","observation_open":null,"observation_selected":null,"observation_target":null,"observation_visible":null,"place_gamepad":null,"place_id":null,"place_known":null,"place_name":null,"place_visible":null,"player_blocked":null,"player_grounded":null,"same_world_entities":null,"settings_open":false,"text_scale":null,"to":109,"ui_device":null,"ui_focus":null,"ui_page":null,"ui_record":null,"ui_reduced_motion":null,"ui_scale":null,"world_ready":null},"name":"back_restores_title_focus","passed":true,"peak_rotation_radians":0.0,"rotation_radians":0.0}
2026-09-28T09:04:56.846131Z  INFO n_side::capture: [capture/check] {"distance":0.0,"enabled":false,"expected":{"camera_sensitivity":0.6499999761581421,"enabled":null,"entry_device":null,"entry_focus":null,"from":149,"game_page":"world","gamepad_connected":null,"max_distance":null,"max_player_camera_distance":null,"max_player_distance":null,"max_player_height":null,"max_player_resets":null,"max_rotation":null,"max_ui_scroll":null,"max_world_entities":null,"min_distance":null,"min_player_camera_distance":null,"min_player_distance":null,"min_player_height":null,"min_rotation":null,"min_ui_scroll":null,"min_world_entities":null,"name":"settings_survive_enter_world","observation_open":null,"observation_selected":null,"observation_target":null,"observation_visible":null,"place_gamepad":null,"place_id":null,"place_known":null,"place_name":null,"place_visible":null,"player_blocked":null,"player_grounded":null,"same_world_entities":null,"settings_open":null,"text_scale":1.25,"to":149,"ui_device":null,"ui_focus":null,"ui_page":null,"ui_record":null,"ui_reduced_motion":null,"ui_scale":null,"world_ready":true},"name":"settings_survive_enter_world","passed":true,"peak_rotation_radians":0.0006905339541845024,"rotation_radians":0.0006905339541845024}
2026-09-28T09:04:56.846146Z  INFO n_side::capture: [capture/check] {"distance":3.6852691173553467,"enabled":false,"expected":{"camera_sensitivity":null,"enabled":null,"entry_device":null,"entry_focus":null,"from":149,"game_page":null,"gamepad_connected":null,"max_distance":null,"max_player_camera_distance":null,"max_player_distance":0.0010000000474974513,"max_player_height":null,"max_player_resets":0,"max_rotation":1.0800000429153442,"max_ui_scroll":null,"max_world_entities":null,"min_distance":null,"min_player_camera_distance":null,"min_player_distance":null,"min_player_height":null,"min_rotation":1.0,"min_ui_scroll":null,"min_world_entities":null,"name":"slow_camera_real_rotation","observation_open":null,"observation_selected":null,"observation_target":null,"observation_visible":null,"place_gamepad":null,"place_id":null,"place_known":null,"place_name":null,"place_visible":null,"player_blocked":null,"player_grounded":true,"same_world_entities":null,"settings_open":null,"text_scale":null,"to":179,"ui_device":null,"ui_focus":null,"ui_page":null,"ui_record":null,"ui_reduced_motion":null,"ui_scale":null,"world_ready":null},"name":"slow_camera_real_rotation","passed":true,"peak_rotation_radians":1.0400002002716064,"rotation_radians":1.0400002002716064}
2026-09-28T09:04:56.846160Z  INFO n_side::capture: [capture/finished] status=PASS saved=180 report=/home/lzzz/MyProjects/N-SIDE/output/settings/2026-09-28/r2/bad/state.json
