   Compiling n-side v0.1.0 (/home/lzzz/MyProjects/N-SIDE/game)
    Finished `test` profile [optimized + debuginfo] target(s) in 38.82s
     Running unittests src/lib.rs (game/target/debug/deps/n_side-1b94600c7b88042f)

running 1 test
retaining probe shop-site edge0 [66.0, 245.0]->[88.9, 245.0]: gap=[0.420223152022313, 0.7758598326359802, 0.7511400560224075, 0.7374095875091342, 0.7857971525657028]
retaining probe shop-site edge1 [88.9, 245.0]->[94.0, 252.8]: gap=[0.771030597692338, 0.5442394824092958, 0.31744836712624647, 0.09065725184319362, 0.0]
retaining probe shop-site edge2 [94.0, 252.8]->[94.0, 268.0]: gap=[0.0, -0.23103028571429007, -0.7797272142857139, -1.3120258689272646, -1.5102096922475745]
retaining probe shop-site edge3 [94.0, 268.0]->[66.0, 268.0]: gap=[-1.5575656037239334, -1.8204803591160186, -1.770623415019763, -1.758980584415582, -0.7007918485479081]
retaining probe shop-site edge4 [66.0, 268.0]->[66.0, 245.0]: gap=[-0.6131928643909887, -0.884412812499999, 0.0, 0.08166945606694753, 0.3968368200836849]
retaining probe shop-north-yard edge0 [54.0, 274.0]->[65.0, 274.0]: gap=[0.4399999999999764, 0.43999999999997286, 0.4399999999999764, 0.43999999999997286, 0.4399999999999764]
retaining probe shop-north-yard edge1 [65.0, 274.0]->[65.0, 298.0]: gap=[0.23784850000000546, 0.23784850000000546, -0.07669091999999722, -0.07669092000000433, -0.07669091999999722]
retaining probe shop-north-yard edge2 [65.0, 298.0]->[54.0, 298.0]: gap=[-0.5376470399999675, -0.5376470399999675, -0.5376470399999675, -0.5376470399999675, -0.5376470399999675]
retaining probe shop-north-yard edge3 [54.0, 298.0]->[54.0, 274.0]: gap=[-0.8960784000000146, -0.08639855388982198, 0.12983606131685121, 0.9317651443600852, 0.22000000000000597]
retaining probe east-lower-yard edge0 [155.0, 254.0]->[160.0, 254.0]: gap=[0.9618290258449278, 0.9469184890656024, 0.932007952286277, 0.9170974155069551, 0.9380552220888312]
retaining probe east-lower-yard edge1 [160.0, 254.0]->[160.0, 270.0]: gap=[0.9267707082833105, 0.557022809123648, -0.010351719708033613, -0.9962567999999976, -0.07379679999999311]
retaining probe east-lower-yard edge2 [160.0, 270.0]->[155.0, 270.0]: gap=[-0.15681819999998936, -0.15681819999998936, -0.15681819999998936, -0.15681819999998936, -0.04875864821717357]
retaining probe east-lower-yard edge3 [155.0, 270.0]->[155.0, 254.0]: gap=[0.0, -3.552713678800501e-15, 0.0, 0.469453376205788, 0.9407554671968157]
retaining probe east-middle-yard edge0 [181.0, 274.0]->[186.0, 274.0]: gap=[0.051363639999998156, 0.051363639999998156, 0.051363639999998156, 0.05136363999999105, 0.05136363999999105]
retaining probe east-middle-yard edge1 [186.0, 274.0]->[186.0, 291.0]: gap=[0.08831169523809024, 0.13246754285713536, 0.13246754285713536, 0.13246754285713536, -0.31963635999998274]
retaining probe east-middle-yard edge2 [186.0, 291.0]->[181.0, 291.0]: gap=[-0.31963635999998274, -0.31963635999998274, -0.13318181666666362, -0.13318181666666362, -0.11541496873655177]
retaining probe east-middle-yard edge3 [181.0, 291.0]->[181.0, 274.0]: gap=[0.0, 0.0, 0.0, 0.0, 0.0]
retaining probe east-upper-yard edge0 [213.0, 296.0]->[219.0, 296.0]: gap=[0.14030303333333194, 0.14030303333332483, 0.14030303333332483, 0.12020202222221599, 0.12020202222221599]
retaining probe east-upper-yard edge1 [219.0, 296.0]->[219.0, 312.0]: gap=[0.24040404444443197, 0.15879900183485063, -0.0013832950495000773, -0.1446101882352906, -0.1891056307692196]
retaining probe east-upper-yard edge2 [219.0, 312.0]->[213.0, 312.0]: gap=[-0.1832951867240311, -0.1667936448920173, -0.1667936448920102, -0.1667936448920173, -0.1667936448920173]
retaining probe east-upper-yard edge3 [213.0, 312.0]->[213.0, 296.0]: gap=[0.0, -7.105427357601002e-15, 0.0, 0.0, 0.0]
retaining probe stairs-rest edge0 [122.0, 307.0]->[127.0, 307.0]: gap=[0.11652901515168423, 0.11652901515168423, 0.11652901515168423, 0.08752082419873375, 0.10384842399133021]
retaining probe stairs-rest edge1 [127.0, 307.0]->[127.0, 313.0]: gap=[0.032583251066576224, -0.08746580398351256, -0.1029545405326715, -0.12510931582001916, -0.12510931582001916]
retaining probe stairs-rest edge2 [127.0, 313.0]->[122.0, 313.0]: gap=[-0.13179852911052592, -0.11111260855588512, -0.19087527375116053, -0.19087527375116053, -0.1853921231914626]
retaining probe stairs-rest edge3 [122.0, 313.0]->[122.0, 307.0]: gap=[-0.07687171590564645, 0.0, 0.0, 0.0, 0.05663392310407289]
retaining probe shop-steps-low edge0 [132.0, 320.0]->[149.0, 320.0]: gap=[0.156883114285705, 0.12202019999999436, 0.11068847698744833, 0.10194521688500657, 0.1043111512027437]
retaining probe shop-steps-low edge1 [149.0, 320.0]->[149.0, 330.0]: gap=[0.0526161937719678, 0.0526161937719678, 0.052616193771960695, 0.030708661417328642, -0.01517600963696708]
retaining probe shop-steps-low edge2 [149.0, 330.0]->[132.0, 330.0]: gap=[-0.11034362966506706, -0.16472727499998996, -0.16455560002906822, -0.16472727499998996, -0.16472727499998996]
retaining probe shop-steps-low edge3 [132.0, 330.0]->[132.0, 320.0]: gap=[-0.0562175133740368, 0.0, 0.0, -7.105427357601002e-15, 0.03957967624603498]
retaining probe shop-steps-middle edge0 [130.0, 338.0]->[140.0, 338.0]: gap=[0.17647821966774302, 0.16472727499998996, 0.16472727499998996, 0.16472727499998996, 0.16473409999998978]
retaining probe shop-steps-middle edge1 [140.0, 338.0]->[140.0, 348.0]: gap=[0.14642424444443236, -0.10575084444443661, -0.13596537142856135, -0.190351519999993, -0.31725253333331693]
retaining probe shop-steps-middle edge2 [140.0, 348.0]->[130.0, 348.0]: gap=[-0.31725253333331693, -0.31725253333331693, -0.31725253333331693, -0.14642424615383476, -0.1985218867719709]
retaining probe shop-steps-middle edge3 [130.0, 348.0]->[130.0, 338.0]: gap=[-0.2221061209554378, 0.0, -7.105427357601002e-15, 0.0, 0.10852111187393376]
retaining probe shop-steps-high edge0 [137.0, 351.0]->[153.0, 351.0]: gap=[0.31725253333331693, 0.31725253333331693, 0.13596537142856135, 0.08652341818181242, 0.10518436959295485]
retaining probe shop-steps-high edge1 [153.0, 351.0]->[153.0, 361.0]: gap=[-0.013066972701693658, -0.14284377008900861, -0.14284377008900861, -0.1428437700889944, -0.2729606255248527]
retaining probe shop-steps-high edge2 [153.0, 361.0]->[137.0, 361.0]: gap=[-0.27101101446063325, -0.14417642164654154, 0.0, -7.105427357601002e-15, -0.37961837037034485]
retaining probe shop-steps-high edge3 [137.0, 361.0]->[137.0, 351.0]: gap=[-0.25624239999999077, -7.105427357601002e-15, 7.105427357601002e-15, 7.105427357601002e-15, 0.16938060418478074]

thread 'world::scene::tests::terrace_retainers_follow_fill_edges_and_leave_stair_access_clear' (456) panicked at src/world/scene.rs:2286:9:
assertion `left == right` failed: two materials per authored terrace
  left: 2
 right: 4
note: run with `RUST_BACKTRACE=1` environment variable to display a backtrace
test world::scene::tests::terrace_retainers_follow_fill_edges_and_leave_stair_access_clear ... FAILED

failures:

failures:
    world::scene::tests::terrace_retainers_follow_fill_edges_and_leave_stair_access_clear

test result: FAILED. 0 passed; 1 failed; 0 ignored; 0 measured; 123 filtered out; finished in 0.04s

error: test failed, to rerun pass `--lib`
