Blender 5.2.2 LTS (hash d13f752e3b9c built 2026-09-22 17:10:25)
[ALSOFT] (EE) Failed to connect PipeWire event context (errno: 1)
Extensions: writing cache failed ([Errno 30] Read-only file system: '/home/lzzz/.config/blender/5.2/extensions').
02:08:26 | INFO: Data are loaded, start creating Blender stuff
02:08:26 | INFO: Blender create Mesh node crossbar
02:08:26 | INFO: Blender create Mesh node legs_double
02:08:26 | INFO: Blender create Mesh node legs_single
02:08:26 | INFO: Blender create Mesh node suspended_support_01
02:08:26 | INFO: Blender create Mesh node back_support_r
02:08:26 | INFO: Blender create Mesh node back_support_l
02:08:26 | INFO: Blender create Mesh node arm_rest_01
02:08:26 | INFO: Blender create Mesh node arm_rest_02
02:08:26 | INFO: Blender create Mesh node seat
02:08:26 | INFO: Blender create Mesh node seat_back
02:08:26 | INFO: glTF import finished in 0.04s
/home/lzzz/MyProjects/N-SIDE/output/assets/public-street-r2/inspect.py:36: DeprecationWarning: 'World.use_nodes' is expected to be removed in Blender 6.0
  scene.world=bpy.data.worlds.new('Neutral studio'); scene.world.use_nodes=True
00:05.964  render           | Saved: '/home/lzzz/MyProjects/N-SIDE/output/assets/public-street-r2/source-straight.png'
BOUNDS [-2.359999895095825, -0.30000001192092896, -3.059793751702955e-09] [0.09219089150428772, 0.37039390206336975, 0.8669141530990601] DIMS [2.45219087600708, 0.6703939437866211, 0.8669141530990601]
OBJECT crossbar 48 [1.8623936176300049, 0.03999999910593033, 0.04000002145767212]
OBJECT legs_double 3488 [0.18438175320625305, 0.6000000238418579, 0.45000001788139343]
OBJECT legs_single 2634 [0.13219085335731506, 0.6000000238418579, 0.45000001788139343]
OBJECT suspended_support_01 2756 [0.10603751242160797, 0.5670339465141296, 0.20096440613269806]
OBJECT back_support_r 1128 [0.12999999523162842, 0.17306500673294067, 0.44191402196884155]
OBJECT back_support_l 1128 [0.12999999523162842, 0.17306500673294067, 0.44191402196884155]
OBJECT arm_rest_01 376 [0.07999993115663528, 0.5990468263626099, 0.229925274848938]
OBJECT arm_rest_02 358 [0.07999993115663528, 0.4471709728240967, 0.1670055240392685]
OBJECT seat 408 [1.840000033378601, 0.6000000238418579, 0.02499997615814209]
OBJECT seat_back 176 [1.6800000667572021, 0.36500000953674316, 0.02499997615814209]
pa_write() failed while trying to wake up the mainloop: Operation not permitted
