Blender 5.2.2 LTS (hash d13f752e3b9c built 2026-09-22 17:10:25)
[ALSOFT] (EE) Failed to connect PipeWire event context (errno: 1)
Extensions: writing cache failed ([Errno 30] Read-only file system: '/home/lzzz/.config/blender/5.2/extensions').
02:07:44 | INFO: Data are loaded, start creating Blender stuff
02:07:44 | INFO: Blender create Mesh node crossbar
02:07:44 | INFO: Blender create Mesh node legs_double
02:07:44 | INFO: Blender create Mesh node legs_single
02:07:44 | INFO: Blender create Mesh node suspended_support_01
02:07:44 | INFO: Blender create Mesh node suspended_support_02
02:07:44 | INFO: Blender create Mesh node back_support_r
02:07:44 | INFO: Blender create Mesh node back_support_l
02:07:44 | INFO: Blender create Mesh node arm_rest_01
02:07:44 | INFO: Blender create Mesh node arm_rest_02
02:07:44 | INFO: Blender create Mesh node seat
02:07:44 | INFO: Blender create Mesh node seat_back
02:07:44 | INFO: Blender create Mesh node connector_60
02:07:44 | ERROR: Missing image file (index 10): /home/lzzz/MyProjects/N-SIDE/source-assets/environment-kit/street-furniture/original/textures/modular_street_seating_connectors_diff_1k.jpg
02:07:44 | ERROR: Missing image file (index 11): /home/lzzz/MyProjects/N-SIDE/source-assets/environment-kit/street-furniture/original/textures/modular_street_seating_connectors_arm_1k.jpg
02:07:44 | ERROR: Missing image file (index 9): /home/lzzz/MyProjects/N-SIDE/source-assets/environment-kit/street-furniture/original/textures/modular_street_seating_connectors_nor_gl_1k.jpg
02:07:44 | INFO: Blender create Mesh node connector_45
02:07:44 | INFO: Blender create Mesh node connector_90
02:07:44 | INFO: Blender create Mesh node connector_30
02:07:44 | INFO: Blender create Mesh node seat_bench
02:07:44 | INFO: glTF import finished in 0.07s
/home/lzzz/MyProjects/N-SIDE/output/assets/public-street-r2/inspect.py:35: DeprecationWarning: 'World.use_nodes' is expected to be removed in Blender 6.0
  scene.world=bpy.data.worlds.new('Neutral studio'); scene.world.use_nodes=True
00:06.113  render           | Saved: '/home/lzzz/MyProjects/N-SIDE/output/assets/public-street-r2/source-straight.png'
BOUNDS [-2.359999895095825, -0.3999761939048767, -3.059793751702955e-09] [1.9800000190734863, 0.37039390206336975, 0.9500000476837158] DIMS [4.340000152587891, 0.7703701257705688, 0.9500000476837158]
OBJECT crossbar 48 [1.8623936176300049, 0.03999999910593033, 0.04000002145767212]
OBJECT legs_double 3488 [0.18438175320625305, 0.6000000238418579, 0.45000001788139343]
OBJECT legs_single 2634 [0.13219085335731506, 0.6000000238418579, 0.45000001788139343]
OBJECT suspended_support_01 2756 [0.10603751242160797, 0.5670339465141296, 0.20096440613269806]
OBJECT back_support_r 1128 [0.12999999523162842, 0.17306500673294067, 0.44191402196884155]
OBJECT back_support_l 1128 [0.12999999523162842, 0.17306500673294067, 0.44191402196884155]
OBJECT arm_rest_01 376 [0.07999993115663528, 0.5990468263626099, 0.229925274848938]
OBJECT arm_rest_02 358 [0.07999993115663528, 0.4471709728240967, 0.1670055240392685]
OBJECT seat 408 [1.840000033378601, 0.6000000238418579, 0.02499997615814209]
OBJECT seat_back 176 [1.6800000667572021, 0.36500000953674316, 0.02499997615814209]
OBJECT suspended_support_02 2996 [0.18438175320625305, 0.6000000238418579, 0.22577108442783356]
OBJECT connector_60 2436 [0.6054816246032715, 0.6491891145706177, 0.02469242922961712]
OBJECT connector_45 1992 [0.4940183758735657, 0.6281612515449524, 0.02469245344400406]
OBJECT connector_90 3324 [0.6999788880348206, 0.699978768825531, 0.02469242922961712]
OBJECT connector_30 1500 [0.349323570728302, 0.612530529499054, 0.024692459031939507]
OBJECT seat_bench 408 [1.8400001525878906, 0.6000000238418579, 0.02499997615814209]
pa_write() failed while trying to wake up the mainloop: Operation not permitted
