Info: Removed 8 vertices
Info: Removed 0 vertices
Info: Removed 0 vertices
Info: Removed 0 vertices
Info: Removed 0 vertices
Info: Removed 0 vertices
Info: Removed 0 vertices
Info: Removed 0 vertices
Info: Removed 0 vertices
Info: Removed 0 vertices
Info: Removed 0 vertices
Info: Removed 0 vertices
Info: Removed 0 vertices
Info: Removed 0 vertices
Info: Removed 0 vertices
Info: Saved as "first.blend"
INFO Draco mesh compression is available, use library at /home/lzzz/MyProjects/N-SIDE/output/tools/blender-4.5.14-linux-x64/4.5/scripts/addons_core/io_scene_gltf2/libextern_draco.so
04:54:26 | INFO: Starting glTF 2.0 export
04:54:26 | INFO: Extracting primitive: CHR001_RuntimeMesh
04:54:26 | INFO: Primitives created: 1
04:54:27 | INFO: Finished glTF 2.0 export in 0.9025897979736328 s

Blender 4.5.14 LTS (hash 62c1db4208e8 built 2026-09-15 01:31:19)
Read blend: "/home/lzzz/MyProjects/N-SIDE/output/characters/CHR-001/model-r6/baseline.blend"

Blender quit
