Info: Removed 52 vertices
Info: Removed 4 vertices
Info: Removed 0 vertices
Info: Removed 0 vertices
Info: Removed 0 vertices
Info: Removed 0 vertices
Info: Removed 0 vertices
Info: Removed 0 vertices
Info: Removed 0 vertices
Info: Removed 0 vertices
Info: Removed 0 vertices
Info: Removed 0 vertices
Info: Removed 0 vertices
Info: Removed 0 vertices
Info: Removed 0 vertices
Info: Removed 0 vertices
Info: Saved as "uv-check.blend"
INFO Draco mesh compression is available, use library at /home/lzzz/MyProjects/N-SIDE/output/tools/blender-4.5.14-linux-x64/4.5/scripts/addons_core/io_scene_gltf2/libextern_draco.so
05:15:20 | INFO: Starting glTF 2.0 export
05:15:20 | INFO: Extracting primitive: CHR001_RuntimeMesh
05:15:20 | INFO: Primitives created: 1
05:15:22 | INFO: Finished glTF 2.0 export in 1.7710332870483398 s

Blender 4.5.14 LTS (hash 62c1db4208e8 built 2026-09-15 01:31:19)
Read blend: "/home/lzzz/MyProjects/N-SIDE/output/characters/CHR-001/model-r6/baseline.blend"

Blender quit
