Blender 4.5.14 LTS (hash 62c1db4208e8 built 2026-09-15 01:31:19)
Read blend: "/home/lzzz/MyProjects/N-SIDE/output/characters/CHR-001/model-r6/first.blend"
Fra:1 Mem:20.22M (Peak 20.22M) | Time:00:00.00 | Mem:0.00M, Peak:0.00M | Scene, ViewLayer | Synchronizing object | TShirt
Fra:1 Mem:20.37M (Peak 20.37M) | Time:00:00.01 | Mem:0.00M, Peak:0.00M | Scene, ViewLayer | Synchronizing object | TShirt_Collar
Fra:1 Mem:20.40M (Peak 20.40M) | Time:00:00.01 | Mem:0.00M, Peak:0.00M | Scene, ViewLayer | Synchronizing object | Hood
Fra:1 Mem:20.45M (Peak 20.45M) | Time:00:00.01 | Mem:0.00M, Peak:0.00M | Scene, ViewLayer | Synchronizing object | Sleeve_Cuff.L
Fra:1 Mem:20.46M (Peak 20.46M) | Time:00:00.01 | Mem:0.00M, Peak:0.00M | Scene, ViewLayer | Synchronizing object | Zip_Tape.L
Fra:1 Mem:20.47M (Peak 20.47M) | Time:00:00.01 | Mem:0.00M, Peak:0.00M | Scene, ViewLayer | Synchronizing object | Hood_Cord.L
Fra:1 Mem:20.50M (Peak 20.50M) | Time:00:00.02 | Mem:0.00M, Peak:0.00M | Scene, ViewLayer | Synchronizing object | Palm.L
Fra:1 Mem:20.55M (Peak 20.55M) | Time:00:00.02 | Mem:0.00M, Peak:0.00M | Scene, ViewLayer | Synchronizing object | Index_Mesh.L
Fra:1 Mem:20.56M (Peak 20.56M) | Time:00:00.02 | Mem:0.00M, Peak:0.00M | Scene, ViewLayer | Synchronizing object | Middle_Mesh.L
Fra:1 Mem:20.57M (Peak 20.57M) | Time:00:00.02 | Mem:0.00M, Peak:0.00M | Scene, ViewLayer | Synchronizing object | Ring_Mesh.L
Fra:1 Mem:20.57M (Peak 20.57M) | Time:00:00.02 | Mem:0.00M, Peak:0.00M | Scene, ViewLayer | Synchronizing object | Pinky_Mesh.L
Fra:1 Mem:20.58M (Peak 20.58M) | Time:00:00.02 | Mem:0.00M, Peak:0.00M | Scene, ViewLayer | Synchronizing object | Thumb_Mesh.L
Fra:1 Mem:20.77M (Peak 20.77M) | Time:00:00.05 | Mem:0.00M, Peak:0.00M | Scene, ViewLayer | Synchronizing object | Trousers.L
Fra:1 Mem:21.02M (Peak 21.02M) | Time:00:00.05 | Mem:0.00M, Peak:0.00M | Scene, ViewLayer | Synchronizing object | Sneaker_Sole.L
Fra:1 Mem:21.04M (Peak 21.04M) | Time:00:00.05 | Mem:0.00M, Peak:0.00M | Scene, ViewLayer | Synchronizing object | Sneaker_Upper.L
Fra:1 Mem:21.07M (Peak 21.07M) | Time:00:00.05 | Mem:0.00M, Peak:0.00M | Scene, ViewLayer | Synchronizing object | Sock.L
Fra:1 Mem:21.07M (Peak 21.07M) | Time:00:00.05 | Mem:0.00M, Peak:0.00M | Scene, ViewLayer | Synchronizing object | Lace_0.L
Fra:1 Mem:21.07M (Peak 21.07M) | Time:00:00.05 | Mem:0.00M, Peak:0.00M | Scene, ViewLayer | Synchronizing object | Lace_1.L
Fra:1 Mem:21.08M (Peak 21.08M) | Time:00:00.05 | Mem:0.00M, Peak:0.00M | Scene, ViewLayer | Synchronizing object | Lace_2.L
Fra:1 Mem:21.08M (Peak 21.08M) | Time:00:00.05 | Mem:0.00M, Peak:0.00M | Scene, ViewLayer | Synchronizing object | Lace_3.L
Fra:1 Mem:21.08M (Peak 21.08M) | Time:00:00.05 | Mem:0.00M, Peak:0.00M | Scene, ViewLayer | Synchronizing object | Heel_Tab.L
Fra:1 Mem:21.09M (Peak 21.09M) | Time:00:00.05 | Mem:0.00M, Peak:0.00M | Scene, ViewLayer | Synchronizing object | Sleeve_Cuff.R
Fra:1 Mem:21.09M (Peak 21.09M) | Time:00:00.05 | Mem:0.00M, Peak:0.00M | Scene, ViewLayer | Synchronizing object | Zip_Tape.R
Fra:1 Mem:21.10M (Peak 21.10M) | Time:00:00.05 | Mem:0.00M, Peak:0.00M | Scene, ViewLayer | Synchronizing object | Hood_Cord.R
Fra:1 Mem:21.14M (Peak 21.14M) | Time:00:00.06 | Mem:0.00M, Peak:0.00M | Scene, ViewLayer | Synchronizing object | Palm.R
Fra:1 Mem:21.19M (Peak 21.19M) | Time:00:00.06 | Mem:0.00M, Peak:0.00M | Scene, ViewLayer | Synchronizing object | Index_Mesh.R
Fra:1 Mem:21.20M (Peak 21.20M) | Time:00:00.06 | Mem:0.00M, Peak:0.00M | Scene, ViewLayer | Synchronizing object | Middle_Mesh.R
Fra:1 Mem:21.23M (Peak 21.23M) | Time:00:00.06 | Mem:0.00M, Peak:0.00M | Scene, ViewLayer | Synchronizing object | Ring_Mesh.R
Fra:1 Mem:21.21M (Peak 21.23M) | Time:00:00.06 | Mem:0.00M, Peak:0.00M | Scene, ViewLayer | Synchronizing object | Pinky_Mesh.R
Fra:1 Mem:21.21M (Peak 21.23M) | Time:00:00.06 | Mem:0.00M, Peak:0.00M | Scene, ViewLayer | Synchronizing object | Thumb_Mesh.R
Fra:1 Mem:21.40M (Peak 21.40M) | Time:00:00.10 | Mem:0.00M, Peak:0.00M | Scene, ViewLayer | Synchronizing object | Trousers.R
Fra:1 Mem:21.67M (Peak 21.67M) | Time:00:00.10 | Mem:0.00M, Peak:0.00M | Scene, ViewLayer | Synchronizing object | Sneaker_Sole.R
Fra:1 Mem:21.78M (Peak 21.78M) | Time:00:00.10 | Mem:0.00M, Peak:0.00M | Scene, ViewLayer | Synchronizing object | Sneaker_Upper.R
Fra:1 Mem:21.73M (Peak 21.78M) | Time:00:00.10 | Mem:0.00M, Peak:0.00M | Scene, ViewLayer | Synchronizing object | Sock.R
Fra:1 Mem:21.74M (Peak 21.78M) | Time:00:00.10 | Mem:0.00M, Peak:0.00M | Scene, ViewLayer | Synchronizing object | Lace_0.R
Fra:1 Mem:21.74M (Peak 21.78M) | Time:00:00.10 | Mem:0.00M, Peak:0.00M | Scene, ViewLayer | Synchronizing object | Lace_1.R
Fra:1 Mem:21.71M (Peak 21.78M) | Time:00:00.10 | Mem:0.00M, Peak:0.00M | Scene, ViewLayer | Synchronizing object | Lace_2.R
Fra:1 Mem:21.71M (Peak 21.78M) | Time:00:00.10 | Mem:0.00M, Peak:0.00M | Scene, ViewLayer | Synchronizing object | Lace_3.R
Fra:1 Mem:21.72M (Peak 21.78M) | Time:00:00.10 | Mem:0.00M, Peak:0.00M | Scene, ViewLayer | Synchronizing object | Heel_Tab.R
Fra:1 Mem:22.30M (Peak 22.30M) | Time:00:00.13 | Mem:0.00M, Peak:0.00M | Scene, ViewLayer | Synchronizing object | Jacket_ContinuousShoulders
Fra:1 Mem:23.52M (Peak 23.52M) | Time:00:00.53 | Mem:0.00M, Peak:0.00M | Scene, ViewLayer | Synchronizing object | Face_Head
Fra:1 Mem:24.19M (Peak 24.19M) | Time:00:00.54 | Mem:0.00M, Peak:0.00M | Scene, ViewLayer | Synchronizing object | Ear.L
Fra:1 Mem:24.25M (Peak 24.25M) | Time:00:00.54 | Mem:0.00M, Peak:0.00M | Scene, ViewLayer | Synchronizing object | Ear_Fold.L
Fra:1 Mem:24.29M (Peak 24.29M) | Time:00:00.55 | Mem:0.00M, Peak:0.00M | Scene, ViewLayer | Synchronizing object | Ear.R
Fra:1 Mem:24.36M (Peak 24.36M) | Time:00:00.55 | Mem:0.00M, Peak:0.00M | Scene, ViewLayer | Synchronizing object | Ear_Fold.R
Fra:1 Mem:24.36M (Peak 24.36M) | Time:00:00.55 | Mem:0.00M, Peak:0.00M | Scene, ViewLayer | Synchronizing object | Eye_White.L
Fra:1 Mem:24.38M (Peak 24.38M) | Time:00:00.55 | Mem:0.00M, Peak:0.00M | Scene, ViewLayer | Synchronizing object | Iris_hair.L
Fra:1 Mem:24.39M (Peak 24.39M) | Time:00:00.55 | Mem:0.00M, Peak:0.00M | Scene, ViewLayer | Synchronizing object | Iris_ink.L
Fra:1 Mem:24.40M (Peak 24.40M) | Time:00:00.55 | Mem:0.00M, Peak:0.00M | Scene, ViewLayer | Synchronizing object | Eye_Glint.L
Fra:1 Mem:24.40M (Peak 24.40M) | Time:00:00.55 | Mem:0.00M, Peak:0.00M | Scene, ViewLayer | Synchronizing object | Upper_Lid.L
Fra:1 Mem:24.45M (Peak 24.45M) | Time:00:00.55 | Mem:0.00M, Peak:0.00M | Scene, ViewLayer | Synchronizing object | Lower_Lid.L
Fra:1 Mem:24.43M (Peak 24.45M) | Time:00:00.55 | Mem:0.00M, Peak:0.00M | Scene, ViewLayer | Synchronizing object | Eyebrow.L
Fra:1 Mem:24.42M (Peak 24.45M) | Time:00:00.55 | Mem:0.00M, Peak:0.00M | Scene, ViewLayer | Synchronizing object | Eye_White.R
Fra:1 Mem:24.43M (Peak 24.45M) | Time:00:00.55 | Mem:0.00M, Peak:0.00M | Scene, ViewLayer | Synchronizing object | Iris_hair.R
Fra:1 Mem:24.44M (Peak 24.45M) | Time:00:00.55 | Mem:0.00M, Peak:0.00M | Scene, ViewLayer | Synchronizing object | Iris_ink.R
Fra:1 Mem:24.45M (Peak 24.45M) | Time:00:00.55 | Mem:0.00M, Peak:0.00M | Scene, ViewLayer | Synchronizing object | Eye_Glint.R
Fra:1 Mem:24.46M (Peak 24.46M) | Time:00:00.55 | Mem:0.00M, Peak:0.00M | Scene, ViewLayer | Synchronizing object | Upper_Lid.R
Fra:1 Mem:24.47M (Peak 24.47M) | Time:00:00.55 | Mem:0.00M, Peak:0.00M | Scene, ViewLayer | Synchronizing object | Lower_Lid.R
Fra:1 Mem:24.48M (Peak 24.48M) | Time:00:00.55 | Mem:0.00M, Peak:0.00M | Scene, ViewLayer | Synchronizing object | Eyebrow.R
Fra:1 Mem:24.48M (Peak 24.48M) | Time:00:00.55 | Mem:0.00M, Peak:0.00M | Scene, ViewLayer | Synchronizing object | Mouth
Fra:1 Mem:24.50M (Peak 24.50M) | Time:00:00.55 | Mem:0.00M, Peak:0.00M | Scene, ViewLayer | Synchronizing object | Tee_Dot_1.275
Fra:1 Mem:24.50M (Peak 24.50M) | Time:00:00.55 | Mem:0.00M, Peak:0.00M | Scene, ViewLayer | Synchronizing object | Tee_Dot_1.246
Fra:1 Mem:24.51M (Peak 24.51M) | Time:00:00.55 | Mem:0.00M, Peak:0.00M | Scene, ViewLayer | Synchronizing object | Tee_Bar
Fra:1 Mem:24.51M (Peak 24.51M) | Time:00:00.55 | Mem:0.00M, Peak:0.00M | Scene, ViewLayer | Synchronizing object | Review_Ground
Fra:1 Mem:24.51M (Peak 24.51M) | Time:00:00.55 | Mem:0.00M, Peak:0.00M | Scene, ViewLayer | Synchronizing object | Review_Key
Fra:1 Mem:24.51M (Peak 24.51M) | Time:00:00.55 | Mem:0.00M, Peak:0.00M | Scene, ViewLayer | Synchronizing object | Review_Fill
Fra:1 Mem:24.51M (Peak 24.51M) | Time:00:00.55 | Mem:0.00M, Peak:0.00M | Scene, ViewLayer | Synchronizing object | Review_Rim
Fra:1 Mem:24.72M (Peak 24.72M) | Time:00:00.81 | Mem:0.00M, Peak:0.00M | Scene, ViewLayer | Synchronizing object | Hair_Cap
Fra:1 Mem:24.89M (Peak 24.89M) | Time:00:00.81 | Mem:0.00M, Peak:0.00M | Scene, ViewLayer | Synchronizing object | Crown_0.R
Fra:1 Mem:24.94M (Peak 24.94M) | Time:00:00.81 | Mem:0.00M, Peak:0.00M | Scene, ViewLayer | Synchronizing object | Crown_0.L
Fra:1 Mem:24.96M (Peak 24.96M) | Time:00:00.81 | Mem:0.00M, Peak:0.00M | Scene, ViewLayer | Synchronizing object | Temple_2.R
Fra:1 Mem:24.98M (Peak 24.98M) | Time:00:00.81 | Mem:0.00M, Peak:0.00M | Scene, ViewLayer | Synchronizing object | Temple_1.R
Fra:1 Mem:25.00M (Peak 25.00M) | Time:00:00.81 | Mem:0.00M, Peak:0.00M | Scene, ViewLayer | Synchronizing object | Temple_0.R
Fra:1 Mem:25.04M (Peak 25.04M) | Time:00:00.81 | Mem:0.00M, Peak:0.00M | Scene, ViewLayer | Synchronizing object | Temple_2.L
Fra:1 Mem:25.14M (Peak 25.14M) | Time:00:00.81 | Mem:0.00M, Peak:0.00M | Scene, ViewLayer | Synchronizing object | Temple_1.L
Fra:1 Mem:25.16M (Peak 25.16M) | Time:00:00.81 | Mem:0.00M, Peak:0.00M | Scene, ViewLayer | Synchronizing object | Temple_0.L
Fra:1 Mem:25.18M (Peak 25.18M) | Time:00:00.81 | Mem:0.00M, Peak:0.00M | Scene, ViewLayer | Synchronizing object | Bangs_05
Fra:1 Mem:25.27M (Peak 25.27M) | Time:00:00.81 | Mem:0.00M, Peak:0.00M | Scene, ViewLayer | Synchronizing object | Bangs_04
Fra:1 Mem:25.21M (Peak 25.27M) | Time:00:00.81 | Mem:0.00M, Peak:0.00M | Scene, ViewLayer | Synchronizing object | Bangs_00
Fra:1 Mem:25.23M (Peak 25.27M) | Time:00:00.81 | Mem:0.00M, Peak:0.00M | Scene, ViewLayer | Synchronizing object | Bangs_03
Fra:1 Mem:25.26M (Peak 25.27M) | Time:00:00.81 | Mem:0.00M, Peak:0.00M | Scene, ViewLayer | Synchronizing object | Bangs_01
Fra:1 Mem:25.26M (Peak 25.27M) | Time:00:00.81 | Mem:0.00M, Peak:0.00M | Scene, ViewLayer | Synchronizing object | Bangs_02
Fra:1 Mem:25.30M (Peak 25.30M) | Time:00:00.81 | Mem:0.00M, Peak:0.00M | Scene, ViewLayer | Initializing
Fra:1 Mem:21.25M (Peak 25.30M) | Time:00:00.81 | Mem:0.00M, Peak:0.00M | Scene, ViewLayer | Updating Images | Loading CHR001_GreyStudy_BaseColor
Fra:1 Mem:21.85M (Peak 29.27M) | Time:00:00.84 | Mem:4.00M, Peak:4.00M | Scene, ViewLayer | Waiting for render to start
Fra:1 Mem:21.85M (Peak 29.27M) | Time:00:00.84 | Mem:4.00M, Peak:4.00M | Scene, ViewLayer | Updating Scene
Fra:1 Mem:21.85M (Peak 29.27M) | Time:00:00.84 | Mem:4.00M, Peak:4.00M | Scene, ViewLayer | Updating Shaders
Fra:1 Mem:21.85M (Peak 29.27M) | Time:00:00.84 | Mem:4.00M, Peak:4.00M | Scene, ViewLayer | Loading render kernels (may take a few minutes the first time)
Fra:1 Mem:21.93M (Peak 29.27M) | Time:00:00.84 | Mem:4.00M, Peak:4.00M | Scene, ViewLayer | Updating Procedurals
Fra:1 Mem:21.93M (Peak 29.27M) | Time:00:00.84 | Mem:4.00M, Peak:4.00M | Scene, ViewLayer | Updating Background
Fra:1 Mem:21.93M (Peak 29.27M) | Time:00:00.84 | Mem:4.00M, Peak:4.00M | Scene, ViewLayer | Updating Camera
Fra:1 Mem:21.93M (Peak 29.27M) | Time:00:00.84 | Mem:4.00M, Peak:4.00M | Scene, ViewLayer | Updating Meshes Flags
Fra:1 Mem:21.93M (Peak 29.27M) | Time:00:00.84 | Mem:4.00M, Peak:4.00M | Scene, ViewLayer | Updating Objects
Fra:1 Mem:21.93M (Peak 29.27M) | Time:00:00.84 | Mem:4.00M, Peak:4.00M | Scene, ViewLayer | Updating Objects | Copying Transformations to device
Fra:1 Mem:21.95M (Peak 29.27M) | Time:00:00.84 | Mem:4.02M, Peak:4.02M | Scene, ViewLayer | Updating Particle Systems
Fra:1 Mem:21.95M (Peak 29.27M) | Time:00:00.84 | Mem:4.02M, Peak:4.02M | Scene, ViewLayer | Updating Particle Systems | Copying Particles to device
Fra:1 Mem:21.95M (Peak 29.27M) | Time:00:00.84 | Mem:4.02M, Peak:4.02M | Scene, ViewLayer | Updating Meshes
Fra:1 Mem:21.95M (Peak 29.27M) | Time:00:00.84 | Mem:4.02M, Peak:4.02M | Scene, ViewLayer | Updating Objects | Applying Static Transformations
Fra:1 Mem:21.95M (Peak 29.27M) | Time:00:00.84 | Mem:4.02M, Peak:4.02M | Scene, ViewLayer | Updating Mesh | Computing attributes
Fra:1 Mem:22.94M (Peak 29.27M) | Time:00:00.84 | Mem:4.03M, Peak:4.03M | Scene, ViewLayer | Updating Mesh | Copying Attributes to device
Fra:1 Mem:22.93M (Peak 29.27M) | Time:00:00.84 | Mem:4.99M, Peak:4.99M | Scene, ViewLayer | Updating Scene BVH | Building
Fra:1 Mem:22.93M (Peak 29.27M) | Time:00:00.84 | Mem:4.99M, Peak:4.99M | Scene, ViewLayer | Updating Scene BVH | Building BVH
Fra:1 Mem:22.93M (Peak 29.27M) | Time:00:00.84 | Mem:6.02M, Peak:6.02M | Scene, ViewLayer | Updating Scene BVH | Building BVH 0%
Fra:1 Mem:22.93M (Peak 29.27M) | Time:00:00.84 | Mem:7.14M, Peak:8.16M | Scene, ViewLayer | Updating Scene BVH | Copying BVH to device
Fra:1 Mem:22.93M (Peak 29.27M) | Time:00:00.84 | Mem:7.14M, Peak:8.16M | Scene, ViewLayer | Updating Mesh | Computing normals
Fra:1 Mem:23.84M (Peak 29.27M) | Time:00:00.84 | Mem:7.14M, Peak:8.16M | Scene, ViewLayer | Updating Mesh | Copying Mesh to device
Fra:1 Mem:23.84M (Peak 29.27M) | Time:00:00.84 | Mem:8.04M, Peak:8.16M | Scene, ViewLayer | Updating Objects Flags
Fra:1 Mem:23.84M (Peak 29.27M) | Time:00:00.84 | Mem:8.05M, Peak:8.16M | Scene, ViewLayer | Updating Primitive Offsets
Fra:1 Mem:23.84M (Peak 29.27M) | Time:00:00.84 | Mem:8.05M, Peak:8.16M | Scene, ViewLayer | Updating Images
Fra:1 Mem:23.84M (Peak 29.27M) | Time:00:00.84 | Mem:8.05M, Peak:8.16M | Scene, ViewLayer | Updating Camera Volume
Fra:1 Mem:23.84M (Peak 29.27M) | Time:00:00.84 | Mem:8.05M, Peak:8.16M | Scene, ViewLayer | Updating Lookup Tables
Fra:1 Mem:23.84M (Peak 29.27M) | Time:00:00.84 | Mem:8.13M, Peak:8.16M | Scene, ViewLayer | Updating Lights
Fra:1 Mem:23.84M (Peak 29.27M) | Time:00:00.84 | Mem:8.13M, Peak:8.16M | Scene, ViewLayer | Updating Lights | Computing tree
Fra:1 Mem:23.84M (Peak 29.27M) | Time:00:00.84 | Mem:8.13M, Peak:8.16M | Scene, ViewLayer | Updating Integrator
Fra:1 Mem:23.84M (Peak 29.27M) | Time:00:00.84 | Mem:8.13M, Peak:8.16M | Scene, ViewLayer | Updating Film
Fra:1 Mem:23.84M (Peak 29.27M) | Time:00:00.84 | Mem:8.05M, Peak:8.16M | Scene, ViewLayer | Updating Lookup Tables
Fra:1 Mem:23.84M (Peak 29.27M) | Time:00:00.84 | Mem:8.13M, Peak:8.16M | Scene, ViewLayer | Updating Baking
Fra:1 Mem:23.84M (Peak 29.27M) | Time:00:00.84 | Mem:8.13M, Peak:8.16M | Scene, ViewLayer | Updating Device | Writing constant memory
Fra:1 Mem:23.84M (Peak 29.27M) | Time:00:00.84 | Mem:8.13M, Peak:8.16M | Scene, ViewLayer | Loading denoising kernels (may take a few minutes the first time)
Fra:1 Mem:23.84M (Peak 29.27M) | Time:00:00.84 | Mem:8.13M, Peak:8.16M | Scene, ViewLayer | Sample 0/24
Fra:1 Mem:73.96M (Peak 73.96M) | Time:00:01.43 | Remaining:00:13.52 | Mem:58.24M, Peak:58.24M | Scene, ViewLayer | Sample 1/24
Fra:1 Mem:95.06M (Peak 126.70M) | Time:00:21.71 | Mem:58.24M, Peak:58.24M | Scene, ViewLayer | Sample 24/24
Fra:1 Mem:95.06M (Peak 126.70M) | Time:00:21.71 | Mem:58.24M, Peak:58.24M | Scene, ViewLayer | Finished
Saved: '/home/lzzz/MyProjects/N-SIDE/output/characters/CHR-001/model-r6/first/face-front.png'
Time: 00:21.77 (Saving: 00:00.05)

Fra:1 Mem:20.31M (Peak 20.31M) | Time:00:00.00 | Mem:0.00M, Peak:0.00M | Scene, ViewLayer | Synchronizing object | TShirt
Fra:1 Mem:20.46M (Peak 20.46M) | Time:00:00.00 | Mem:0.00M, Peak:0.00M | Scene, ViewLayer | Synchronizing object | TShirt_Collar
Fra:1 Mem:20.49M (Peak 20.49M) | Time:00:00.00 | Mem:0.00M, Peak:0.00M | Scene, ViewLayer | Synchronizing object | Hood
Fra:1 Mem:20.54M (Peak 20.54M) | Time:00:00.00 | Mem:0.00M, Peak:0.00M | Scene, ViewLayer | Synchronizing object | Sleeve_Cuff.L
Fra:1 Mem:20.55M (Peak 20.55M) | Time:00:00.00 | Mem:0.00M, Peak:0.00M | Scene, ViewLayer | Synchronizing object | Zip_Tape.L
Fra:1 Mem:20.55M (Peak 20.55M) | Time:00:00.00 | Mem:0.00M, Peak:0.00M | Scene, ViewLayer | Synchronizing object | Hood_Cord.L
Fra:1 Mem:20.59M (Peak 20.59M) | Time:00:00.02 | Mem:0.00M, Peak:0.00M | Scene, ViewLayer | Synchronizing object | Palm.L
Fra:1 Mem:20.64M (Peak 20.64M) | Time:00:00.02 | Mem:0.00M, Peak:0.00M | Scene, ViewLayer | Synchronizing object | Index_Mesh.L
Fra:1 Mem:20.65M (Peak 20.65M) | Time:00:00.02 | Mem:0.00M, Peak:0.00M | Scene, ViewLayer | Synchronizing object | Middle_Mesh.L
Fra:1 Mem:20.68M (Peak 20.68M) | Time:00:00.02 | Mem:0.00M, Peak:0.00M | Scene, ViewLayer | Synchronizing object | Ring_Mesh.L
Fra:1 Mem:20.67M (Peak 20.68M) | Time:00:00.02 | Mem:0.00M, Peak:0.00M | Scene, ViewLayer | Synchronizing object | Pinky_Mesh.L
Fra:1 Mem:20.66M (Peak 20.68M) | Time:00:00.02 | Mem:0.00M, Peak:0.00M | Scene, ViewLayer | Synchronizing object | Thumb_Mesh.L
Fra:1 Mem:20.85M (Peak 20.85M) | Time:00:00.05 | Mem:0.00M, Peak:0.00M | Scene, ViewLayer | Synchronizing object | Trousers.L
Fra:1 Mem:21.11M (Peak 21.11M) | Time:00:00.05 | Mem:0.00M, Peak:0.00M | Scene, ViewLayer | Synchronizing object | Sneaker_Sole.L
Fra:1 Mem:21.12M (Peak 21.12M) | Time:00:00.05 | Mem:0.00M, Peak:0.00M | Scene, ViewLayer | Synchronizing object | Sneaker_Upper.L
Fra:1 Mem:21.14M (Peak 21.14M) | Time:00:00.05 | Mem:0.00M, Peak:0.00M | Scene, ViewLayer | Synchronizing object | Sock.L
Fra:1 Mem:21.15M (Peak 21.15M) | Time:00:00.05 | Mem:0.00M, Peak:0.00M | Scene, ViewLayer | Synchronizing object | Lace_0.L
Fra:1 Mem:21.15M (Peak 21.15M) | Time:00:00.05 | Mem:0.00M, Peak:0.00M | Scene, ViewLayer | Synchronizing object | Lace_1.L
Fra:1 Mem:21.15M (Peak 21.15M) | Time:00:00.05 | Mem:0.00M, Peak:0.00M | Scene, ViewLayer | Synchronizing object | Lace_2.L
Fra:1 Mem:21.16M (Peak 21.16M) | Time:00:00.05 | Mem:0.00M, Peak:0.00M | Scene, ViewLayer | Synchronizing object | Lace_3.L
Fra:1 Mem:21.16M (Peak 21.16M) | Time:00:00.05 | Mem:0.00M, Peak:0.00M | Scene, ViewLayer | Synchronizing object | Heel_Tab.L
Fra:1 Mem:21.16M (Peak 21.16M) | Time:00:00.05 | Mem:0.00M, Peak:0.00M | Scene, ViewLayer | Synchronizing object | Sleeve_Cuff.R
Fra:1 Mem:21.17M (Peak 21.17M) | Time:00:00.05 | Mem:0.00M, Peak:0.00M | Scene, ViewLayer | Synchronizing object | Zip_Tape.R
Fra:1 Mem:21.17M (Peak 21.17M) | Time:00:00.05 | Mem:0.00M, Peak:0.00M | Scene, ViewLayer | Synchronizing object | Hood_Cord.R
Fra:1 Mem:21.21M (Peak 21.21M) | Time:00:00.06 | Mem:0.00M, Peak:0.00M | Scene, ViewLayer | Synchronizing object | Palm.R
Fra:1 Mem:21.26M (Peak 21.26M) | Time:00:00.06 | Mem:0.00M, Peak:0.00M | Scene, ViewLayer | Synchronizing object | Index_Mesh.R
Fra:1 Mem:21.27M (Peak 21.27M) | Time:00:00.06 | Mem:0.00M, Peak:0.00M | Scene, ViewLayer | Synchronizing object | Middle_Mesh.R
Fra:1 Mem:21.27M (Peak 21.27M) | Time:00:00.06 | Mem:0.00M, Peak:0.00M | Scene, ViewLayer | Synchronizing object | Ring_Mesh.R
Fra:1 Mem:21.31M (Peak 21.31M) | Time:00:00.06 | Mem:0.00M, Peak:0.00M | Scene, ViewLayer | Synchronizing object | Pinky_Mesh.R
Fra:1 Mem:21.29M (Peak 21.31M) | Time:00:00.06 | Mem:0.00M, Peak:0.00M | Scene, ViewLayer | Synchronizing object | Thumb_Mesh.R
Fra:1 Mem:21.47M (Peak 21.47M) | Time:00:00.10 | Mem:0.00M, Peak:0.00M | Scene, ViewLayer | Synchronizing object | Trousers.R
Fra:1 Mem:21.76M (Peak 21.76M) | Time:00:00.10 | Mem:0.00M, Peak:0.00M | Scene, ViewLayer | Synchronizing object | Sneaker_Sole.R
Fra:1 Mem:21.77M (Peak 21.77M) | Time:00:00.10 | Mem:0.00M, Peak:0.00M | Scene, ViewLayer | Synchronizing object | Sneaker_Upper.R
Fra:1 Mem:21.76M (Peak 21.77M) | Time:00:00.10 | Mem:0.00M, Peak:0.00M | Scene, ViewLayer | Synchronizing object | Sock.R
Fra:1 Mem:21.77M (Peak 21.77M) | Time:00:00.10 | Mem:0.00M, Peak:0.00M | Scene, ViewLayer | Synchronizing object | Lace_0.R
Fra:1 Mem:21.77M (Peak 21.77M) | Time:00:00.10 | Mem:0.00M, Peak:0.00M | Scene, ViewLayer | Synchronizing object | Lace_1.R
Fra:1 Mem:21.77M (Peak 21.77M) | Time:00:00.10 | Mem:0.00M, Peak:0.00M | Scene, ViewLayer | Synchronizing object | Lace_2.R
Fra:1 Mem:21.77M (Peak 21.77M) | Time:00:00.10 | Mem:0.00M, Peak:0.00M | Scene, ViewLayer | Synchronizing object | Lace_3.R
Fra:1 Mem:21.78M (Peak 21.78M) | Time:00:00.10 | Mem:0.00M, Peak:0.00M | Scene, ViewLayer | Synchronizing object | Heel_Tab.R
Fra:1 Mem:22.36M (Peak 22.36M) | Time:00:00.14 | Mem:0.00M, Peak:0.00M | Scene, ViewLayer | Synchronizing object | Jacket_ContinuousShoulders
Fra:1 Mem:23.58M (Peak 23.58M) | Time:00:00.53 | Mem:0.00M, Peak:0.00M | Scene, ViewLayer | Synchronizing object | Face_Head
Fra:1 Mem:24.25M (Peak 24.25M) | Time:00:00.55 | Mem:0.00M, Peak:0.00M | Scene, ViewLayer | Synchronizing object | Ear.L
Fra:1 Mem:24.30M (Peak 24.30M) | Time:00:00.55 | Mem:0.00M, Peak:0.00M | Scene, ViewLayer | Synchronizing object | Ear_Fold.L
Fra:1 Mem:24.35M (Peak 24.35M) | Time:00:00.56 | Mem:0.00M, Peak:0.00M | Scene, ViewLayer | Synchronizing object | Ear.R
Fra:1 Mem:24.41M (Peak 24.41M) | Time:00:00.56 | Mem:0.00M, Peak:0.00M | Scene, ViewLayer | Synchronizing object | Ear_Fold.R
Fra:1 Mem:24.42M (Peak 24.42M) | Time:00:00.56 | Mem:0.00M, Peak:0.00M | Scene, ViewLayer | Synchronizing object | Eye_White.L
Fra:1 Mem:24.44M (Peak 24.44M) | Time:00:00.56 | Mem:0.00M, Peak:0.00M | Scene, ViewLayer | Synchronizing object | Iris_hair.L
Fra:1 Mem:24.44M (Peak 24.44M) | Time:00:00.56 | Mem:0.00M, Peak:0.00M | Scene, ViewLayer | Synchronizing object | Iris_ink.L
Fra:1 Mem:24.45M (Peak 24.45M) | Time:00:00.56 | Mem:0.00M, Peak:0.00M | Scene, ViewLayer | Synchronizing object | Eye_Glint.L
Fra:1 Mem:24.46M (Peak 24.46M) | Time:00:00.56 | Mem:0.00M, Peak:0.00M | Scene, ViewLayer | Synchronizing object | Upper_Lid.L
Fra:1 Mem:24.48M (Peak 24.48M) | Time:00:00.56 | Mem:0.00M, Peak:0.00M | Scene, ViewLayer | Synchronizing object | Lower_Lid.L
Fra:1 Mem:24.47M (Peak 24.48M) | Time:00:00.56 | Mem:0.00M, Peak:0.00M | Scene, ViewLayer | Synchronizing object | Eyebrow.L
Fra:1 Mem:24.47M (Peak 24.48M) | Time:00:00.56 | Mem:0.00M, Peak:0.00M | Scene, ViewLayer | Synchronizing object | Eye_White.R
Fra:1 Mem:24.48M (Peak 24.48M) | Time:00:00.56 | Mem:0.00M, Peak:0.00M | Scene, ViewLayer | Synchronizing object | Iris_hair.R
Fra:1 Mem:24.49M (Peak 24.49M) | Time:00:00.56 | Mem:0.00M, Peak:0.00M | Scene, ViewLayer | Synchronizing object | Iris_ink.R
Fra:1 Mem:24.50M (Peak 24.50M) | Time:00:00.56 | Mem:0.00M, Peak:0.00M | Scene, ViewLayer | Synchronizing object | Eye_Glint.R
Fra:1 Mem:24.50M (Peak 24.50M) | Time:00:00.56 | Mem:0.00M, Peak:0.00M | Scene, ViewLayer | Synchronizing object | Upper_Lid.R
Fra:1 Mem:24.51M (Peak 24.51M) | Time:00:00.56 | Mem:0.00M, Peak:0.00M | Scene, ViewLayer | Synchronizing object | Lower_Lid.R
Fra:1 Mem:24.52M (Peak 24.52M) | Time:00:00.56 | Mem:0.00M, Peak:0.00M | Scene, ViewLayer | Synchronizing object | Eyebrow.R
Fra:1 Mem:24.52M (Peak 24.52M) | Time:00:00.56 | Mem:0.00M, Peak:0.00M | Scene, ViewLayer | Synchronizing object | Mouth
Fra:1 Mem:24.54M (Peak 24.54M) | Time:00:00.56 | Mem:0.00M, Peak:0.00M | Scene, ViewLayer | Synchronizing object | Tee_Dot_1.275
Fra:1 Mem:24.54M (Peak 24.54M) | Time:00:00.56 | Mem:0.00M, Peak:0.00M | Scene, ViewLayer | Synchronizing object | Tee_Dot_1.246
Fra:1 Mem:24.55M (Peak 24.55M) | Time:00:00.56 | Mem:0.00M, Peak:0.00M | Scene, ViewLayer | Synchronizing object | Tee_Bar
Fra:1 Mem:24.55M (Peak 24.55M) | Time:00:00.56 | Mem:0.00M, Peak:0.00M | Scene, ViewLayer | Synchronizing object | Review_Ground
Fra:1 Mem:24.55M (Peak 24.55M) | Time:00:00.56 | Mem:0.00M, Peak:0.00M | Scene, ViewLayer | Synchronizing object | Review_Key
Fra:1 Mem:24.55M (Peak 24.55M) | Time:00:00.56 | Mem:0.00M, Peak:0.00M | Scene, ViewLayer | Synchronizing object | Review_Fill
Fra:1 Mem:24.55M (Peak 24.55M) | Time:00:00.56 | Mem:0.00M, Peak:0.00M | Scene, ViewLayer | Synchronizing object | Review_Rim
Fra:1 Mem:24.75M (Peak 24.75M) | Time:00:00.82 | Mem:0.00M, Peak:0.00M | Scene, ViewLayer | Synchronizing object | Hair_Cap
Fra:1 Mem:24.89M (Peak 24.89M) | Time:00:00.82 | Mem:0.00M, Peak:0.00M | Scene, ViewLayer | Synchronizing object | Crown_0.R
Fra:1 Mem:24.98M (Peak 24.98M) | Time:00:00.82 | Mem:0.00M, Peak:0.00M | Scene, ViewLayer | Synchronizing object | Crown_0.L
Fra:1 Mem:24.99M (Peak 24.99M) | Time:00:00.82 | Mem:0.00M, Peak:0.00M | Scene, ViewLayer | Synchronizing object | Temple_2.R
Fra:1 Mem:25.01M (Peak 25.01M) | Time:00:00.82 | Mem:0.00M, Peak:0.00M | Scene, ViewLayer | Synchronizing object | Temple_1.R
Fra:1 Mem:25.02M (Peak 25.02M) | Time:00:00.82 | Mem:0.00M, Peak:0.00M | Scene, ViewLayer | Synchronizing object | Temple_0.R
Fra:1 Mem:25.04M (Peak 25.04M) | Time:00:00.82 | Mem:0.00M, Peak:0.00M | Scene, ViewLayer | Synchronizing object | Temple_2.L
Fra:1 Mem:25.08M (Peak 25.08M) | Time:00:00.82 | Mem:0.00M, Peak:0.00M | Scene, ViewLayer | Synchronizing object | Temple_1.L
Fra:1 Mem:25.18M (Peak 25.18M) | Time:00:00.82 | Mem:0.00M, Peak:0.00M | Scene, ViewLayer | Synchronizing object | Temple_0.L
Fra:1 Mem:25.20M (Peak 25.20M) | Time:00:00.82 | Mem:0.00M, Peak:0.00M | Scene, ViewLayer | Synchronizing object | Bangs_05
Fra:1 Mem:25.24M (Peak 25.24M) | Time:00:00.82 | Mem:0.00M, Peak:0.00M | Scene, ViewLayer | Synchronizing object | Bangs_04
Fra:1 Mem:25.23M (Peak 25.24M) | Time:00:00.82 | Mem:0.00M, Peak:0.00M | Scene, ViewLayer | Synchronizing object | Bangs_00
Fra:1 Mem:25.23M (Peak 25.24M) | Time:00:00.82 | Mem:0.00M, Peak:0.00M | Scene, ViewLayer | Synchronizing object | Bangs_03
Fra:1 Mem:25.27M (Peak 25.27M) | Time:00:00.82 | Mem:0.00M, Peak:0.00M | Scene, ViewLayer | Synchronizing object | Bangs_01
Fra:1 Mem:25.28M (Peak 25.28M) | Time:00:00.82 | Mem:0.00M, Peak:0.00M | Scene, ViewLayer | Synchronizing object | Bangs_02
Fra:1 Mem:25.30M (Peak 25.30M) | Time:00:00.82 | Mem:0.00M, Peak:0.00M | Scene, ViewLayer | Initializing
Fra:1 Mem:21.25M (Peak 25.30M) | Time:00:00.82 | Mem:0.00M, Peak:0.00M | Scene, ViewLayer | Updating Images | Loading CHR001_GreyStudy_BaseColor
Fra:1 Mem:21.85M (Peak 29.27M) | Time:00:00.83 | Mem:4.00M, Peak:4.00M | Scene, ViewLayer | Waiting for render to start
Fra:1 Mem:21.85M (Peak 29.27M) | Time:00:00.83 | Mem:4.00M, Peak:4.00M | Scene, ViewLayer | Updating Scene
Fra:1 Mem:21.85M (Peak 29.27M) | Time:00:00.83 | Mem:4.00M, Peak:4.00M | Scene, ViewLayer | Updating Shaders
Fra:1 Mem:21.85M (Peak 29.27M) | Time:00:00.83 | Mem:4.00M, Peak:4.00M | Scene, ViewLayer | Loading render kernels (may take a few minutes the first time)
Fra:1 Mem:21.93M (Peak 29.27M) | Time:00:00.83 | Mem:4.00M, Peak:4.00M | Scene, ViewLayer | Updating Procedurals
Fra:1 Mem:21.93M (Peak 29.27M) | Time:00:00.83 | Mem:4.00M, Peak:4.00M | Scene, ViewLayer | Updating Background
Fra:1 Mem:21.93M (Peak 29.27M) | Time:00:00.83 | Mem:4.00M, Peak:4.00M | Scene, ViewLayer | Updating Camera
Fra:1 Mem:21.93M (Peak 29.27M) | Time:00:00.83 | Mem:4.00M, Peak:4.00M | Scene, ViewLayer | Updating Meshes Flags
Fra:1 Mem:21.93M (Peak 29.27M) | Time:00:00.83 | Mem:4.00M, Peak:4.00M | Scene, ViewLayer | Updating Objects
Fra:1 Mem:21.93M (Peak 29.27M) | Time:00:00.83 | Mem:4.00M, Peak:4.00M | Scene, ViewLayer | Updating Objects | Copying Transformations to device
Fra:1 Mem:21.95M (Peak 29.27M) | Time:00:00.83 | Mem:4.02M, Peak:4.02M | Scene, ViewLayer | Updating Particle Systems
Fra:1 Mem:21.95M (Peak 29.27M) | Time:00:00.83 | Mem:4.02M, Peak:4.02M | Scene, ViewLayer | Updating Particle Systems | Copying Particles to device
Fra:1 Mem:21.95M (Peak 29.27M) | Time:00:00.83 | Mem:4.02M, Peak:4.02M | Scene, ViewLayer | Updating Meshes
Fra:1 Mem:21.95M (Peak 29.27M) | Time:00:00.83 | Mem:4.02M, Peak:4.02M | Scene, ViewLayer | Updating Objects | Applying Static Transformations
Fra:1 Mem:21.95M (Peak 29.27M) | Time:00:00.83 | Mem:4.02M, Peak:4.02M | Scene, ViewLayer | Updating Mesh | Computing attributes
Fra:1 Mem:22.94M (Peak 29.27M) | Time:00:00.83 | Mem:4.03M, Peak:4.03M | Scene, ViewLayer | Updating Mesh | Copying Attributes to device
Fra:1 Mem:22.93M (Peak 29.27M) | Time:00:00.83 | Mem:4.99M, Peak:4.99M | Scene, ViewLayer | Updating Scene BVH | Building
Fra:1 Mem:22.93M (Peak 29.27M) | Time:00:00.83 | Mem:4.99M, Peak:4.99M | Scene, ViewLayer | Updating Scene BVH | Building BVH
Fra:1 Mem:22.93M (Peak 29.27M) | Time:00:00.83 | Mem:6.02M, Peak:6.02M | Scene, ViewLayer | Updating Scene BVH | Building BVH 0%
Fra:1 Mem:22.93M (Peak 29.27M) | Time:00:00.84 | Mem:7.14M, Peak:8.16M | Scene, ViewLayer | Updating Scene BVH | Copying BVH to device
Fra:1 Mem:22.93M (Peak 29.27M) | Time:00:00.84 | Mem:7.14M, Peak:8.16M | Scene, ViewLayer | Updating Mesh | Computing normals
Fra:1 Mem:23.84M (Peak 29.27M) | Time:00:00.84 | Mem:7.14M, Peak:8.16M | Scene, ViewLayer | Updating Mesh | Copying Mesh to device
Fra:1 Mem:23.84M (Peak 29.27M) | Time:00:00.84 | Mem:8.04M, Peak:8.16M | Scene, ViewLayer | Updating Objects Flags
Fra:1 Mem:23.84M (Peak 29.27M) | Time:00:00.84 | Mem:8.05M, Peak:8.16M | Scene, ViewLayer | Updating Primitive Offsets
Fra:1 Mem:23.84M (Peak 29.27M) | Time:00:00.84 | Mem:8.05M, Peak:8.16M | Scene, ViewLayer | Updating Images
Fra:1 Mem:23.84M (Peak 29.27M) | Time:00:00.84 | Mem:8.05M, Peak:8.16M | Scene, ViewLayer | Updating Camera Volume
Fra:1 Mem:23.84M (Peak 29.27M) | Time:00:00.84 | Mem:8.05M, Peak:8.16M | Scene, ViewLayer | Updating Lookup Tables
Fra:1 Mem:23.84M (Peak 29.27M) | Time:00:00.84 | Mem:8.13M, Peak:8.16M | Scene, ViewLayer | Updating Lights
Fra:1 Mem:23.84M (Peak 29.27M) | Time:00:00.84 | Mem:8.13M, Peak:8.16M | Scene, ViewLayer | Updating Lights | Computing tree
Fra:1 Mem:23.84M (Peak 29.27M) | Time:00:00.84 | Mem:8.13M, Peak:8.16M | Scene, ViewLayer | Updating Integrator
Fra:1 Mem:23.84M (Peak 29.27M) | Time:00:00.84 | Mem:8.13M, Peak:8.16M | Scene, ViewLayer | Updating Film
Fra:1 Mem:23.84M (Peak 29.27M) | Time:00:00.84 | Mem:8.05M, Peak:8.16M | Scene, ViewLayer | Updating Lookup Tables
Fra:1 Mem:23.84M (Peak 29.27M) | Time:00:00.84 | Mem:8.13M, Peak:8.16M | Scene, ViewLayer | Updating Baking
Fra:1 Mem:23.84M (Peak 29.27M) | Time:00:00.84 | Mem:8.13M, Peak:8.16M | Scene, ViewLayer | Updating Device | Writing constant memory
Fra:1 Mem:23.84M (Peak 29.27M) | Time:00:00.84 | Mem:8.13M, Peak:8.16M | Scene, ViewLayer | Loading denoising kernels (may take a few minutes the first time)
Fra:1 Mem:23.84M (Peak 29.27M) | Time:00:00.84 | Mem:8.13M, Peak:8.16M | Scene, ViewLayer | Sample 0/24
Fra:1 Mem:73.96M (Peak 73.96M) | Time:00:01.45 | Remaining:00:14.11 | Mem:58.24M, Peak:58.24M | Scene, ViewLayer | Sample 1/24
Fra:1 Mem:95.06M (Peak 126.70M) | Time:00:22.23 | Mem:58.24M, Peak:58.24M | Scene, ViewLayer | Sample 24/24
Fra:1 Mem:95.06M (Peak 126.70M) | Time:00:22.23 | Mem:58.24M, Peak:58.24M | Scene, ViewLayer | Finished
Saved: '/home/lzzz/MyProjects/N-SIDE/output/characters/CHR-001/model-r6/first/face-quarter.png'
Time: 00:22.29 (Saving: 00:00.05)

Fra:1 Mem:20.31M (Peak 20.31M) | Time:00:00.00 | Mem:0.00M, Peak:0.00M | Scene, ViewLayer | Synchronizing object | TShirt
Fra:1 Mem:20.46M (Peak 20.46M) | Time:00:00.00 | Mem:0.00M, Peak:0.00M | Scene, ViewLayer | Synchronizing object | TShirt_Collar
Fra:1 Mem:20.49M (Peak 20.49M) | Time:00:00.00 | Mem:0.00M, Peak:0.00M | Scene, ViewLayer | Synchronizing object | Hood
Fra:1 Mem:20.54M (Peak 20.54M) | Time:00:00.00 | Mem:0.00M, Peak:0.00M | Scene, ViewLayer | Synchronizing object | Sleeve_Cuff.L
Fra:1 Mem:20.55M (Peak 20.55M) | Time:00:00.00 | Mem:0.00M, Peak:0.00M | Scene, ViewLayer | Synchronizing object | Zip_Tape.L
Fra:1 Mem:20.55M (Peak 20.55M) | Time:00:00.00 | Mem:0.00M, Peak:0.00M | Scene, ViewLayer | Synchronizing object | Hood_Cord.L
Fra:1 Mem:20.59M (Peak 20.59M) | Time:00:00.02 | Mem:0.00M, Peak:0.00M | Scene, ViewLayer | Synchronizing object | Palm.L
Fra:1 Mem:20.64M (Peak 20.64M) | Time:00:00.02 | Mem:0.00M, Peak:0.00M | Scene, ViewLayer | Synchronizing object | Index_Mesh.L
Fra:1 Mem:20.65M (Peak 20.65M) | Time:00:00.02 | Mem:0.00M, Peak:0.00M | Scene, ViewLayer | Synchronizing object | Middle_Mesh.L
Fra:1 Mem:20.68M (Peak 20.68M) | Time:00:00.02 | Mem:0.00M, Peak:0.00M | Scene, ViewLayer | Synchronizing object | Ring_Mesh.L
Fra:1 Mem:20.67M (Peak 20.68M) | Time:00:00.02 | Mem:0.00M, Peak:0.00M | Scene, ViewLayer | Synchronizing object | Pinky_Mesh.L
Fra:1 Mem:20.66M (Peak 20.68M) | Time:00:00.02 | Mem:0.00M, Peak:0.00M | Scene, ViewLayer | Synchronizing object | Thumb_Mesh.L
Fra:1 Mem:20.85M (Peak 20.85M) | Time:00:00.05 | Mem:0.00M, Peak:0.00M | Scene, ViewLayer | Synchronizing object | Trousers.L
Fra:1 Mem:21.11M (Peak 21.11M) | Time:00:00.05 | Mem:0.00M, Peak:0.00M | Scene, ViewLayer | Synchronizing object | Sneaker_Sole.L
Fra:1 Mem:21.12M (Peak 21.12M) | Time:00:00.05 | Mem:0.00M, Peak:0.00M | Scene, ViewLayer | Synchronizing object | Sneaker_Upper.L
Fra:1 Mem:21.14M (Peak 21.14M) | Time:00:00.05 | Mem:0.00M, Peak:0.00M | Scene, ViewLayer | Synchronizing object | Sock.L
Fra:1 Mem:21.15M (Peak 21.15M) | Time:00:00.05 | Mem:0.00M, Peak:0.00M | Scene, ViewLayer | Synchronizing object | Lace_0.L
Fra:1 Mem:21.15M (Peak 21.15M) | Time:00:00.05 | Mem:0.00M, Peak:0.00M | Scene, ViewLayer | Synchronizing object | Lace_1.L
Fra:1 Mem:21.15M (Peak 21.15M) | Time:00:00.05 | Mem:0.00M, Peak:0.00M | Scene, ViewLayer | Synchronizing object | Lace_2.L
Fra:1 Mem:21.16M (Peak 21.16M) | Time:00:00.05 | Mem:0.00M, Peak:0.00M | Scene, ViewLayer | Synchronizing object | Lace_3.L
Fra:1 Mem:21.16M (Peak 21.16M) | Time:00:00.05 | Mem:0.00M, Peak:0.00M | Scene, ViewLayer | Synchronizing object | Heel_Tab.L
Fra:1 Mem:21.16M (Peak 21.16M) | Time:00:00.05 | Mem:0.00M, Peak:0.00M | Scene, ViewLayer | Synchronizing object | Sleeve_Cuff.R
Fra:1 Mem:21.17M (Peak 21.17M) | Time:00:00.05 | Mem:0.00M, Peak:0.00M | Scene, ViewLayer | Synchronizing object | Zip_Tape.R
Fra:1 Mem:21.17M (Peak 21.17M) | Time:00:00.05 | Mem:0.00M, Peak:0.00M | Scene, ViewLayer | Synchronizing object | Hood_Cord.R
Fra:1 Mem:21.21M (Peak 21.21M) | Time:00:00.06 | Mem:0.00M, Peak:0.00M | Scene, ViewLayer | Synchronizing object | Palm.R
Fra:1 Mem:21.26M (Peak 21.26M) | Time:00:00.06 | Mem:0.00M, Peak:0.00M | Scene, ViewLayer | Synchronizing object | Index_Mesh.R
Fra:1 Mem:21.27M (Peak 21.27M) | Time:00:00.06 | Mem:0.00M, Peak:0.00M | Scene, ViewLayer | Synchronizing object | Middle_Mesh.R
Fra:1 Mem:21.27M (Peak 21.27M) | Time:00:00.06 | Mem:0.00M, Peak:0.00M | Scene, ViewLayer | Synchronizing object | Ring_Mesh.R
Fra:1 Mem:21.29M (Peak 21.29M) | Time:00:00.06 | Mem:0.00M, Peak:0.00M | Scene, ViewLayer | Synchronizing object | Pinky_Mesh.R
Fra:1 Mem:21.28M (Peak 21.29M) | Time:00:00.06 | Mem:0.00M, Peak:0.00M | Scene, ViewLayer | Synchronizing object | Thumb_Mesh.R
Fra:1 Mem:21.47M (Peak 21.47M) | Time:00:00.10 | Mem:0.00M, Peak:0.00M | Scene, ViewLayer | Synchronizing object | Trousers.R
Fra:1 Mem:21.74M (Peak 21.74M) | Time:00:00.10 | Mem:0.00M, Peak:0.00M | Scene, ViewLayer | Synchronizing object | Sneaker_Sole.R
Fra:1 Mem:21.76M (Peak 21.76M) | Time:00:00.10 | Mem:0.00M, Peak:0.00M | Scene, ViewLayer | Synchronizing object | Sneaker_Upper.R
Fra:1 Mem:21.86M (Peak 21.86M) | Time:00:00.10 | Mem:0.00M, Peak:0.00M | Scene, ViewLayer | Synchronizing object | Sock.R
Fra:1 Mem:21.80M (Peak 21.86M) | Time:00:00.10 | Mem:0.00M, Peak:0.00M | Scene, ViewLayer | Synchronizing object | Lace_0.R
Fra:1 Mem:21.80M (Peak 21.86M) | Time:00:00.10 | Mem:0.00M, Peak:0.00M | Scene, ViewLayer | Synchronizing object | Lace_1.R
Fra:1 Mem:21.80M (Peak 21.86M) | Time:00:00.10 | Mem:0.00M, Peak:0.00M | Scene, ViewLayer | Synchronizing object | Lace_2.R
Fra:1 Mem:21.81M (Peak 21.86M) | Time:00:00.10 | Mem:0.00M, Peak:0.00M | Scene, ViewLayer | Synchronizing object | Lace_3.R
Fra:1 Mem:21.78M (Peak 21.86M) | Time:00:00.10 | Mem:0.00M, Peak:0.00M | Scene, ViewLayer | Synchronizing object | Heel_Tab.R
Fra:1 Mem:22.36M (Peak 22.36M) | Time:00:00.14 | Mem:0.00M, Peak:0.00M | Scene, ViewLayer | Synchronizing object | Jacket_ContinuousShoulders
Fra:1 Mem:23.58M (Peak 23.58M) | Time:00:00.54 | Mem:0.00M, Peak:0.00M | Scene, ViewLayer | Synchronizing object | Face_Head
Fra:1 Mem:24.25M (Peak 24.25M) | Time:00:00.55 | Mem:0.00M, Peak:0.00M | Scene, ViewLayer | Synchronizing object | Ear.L
Fra:1 Mem:24.30M (Peak 24.30M) | Time:00:00.55 | Mem:0.00M, Peak:0.00M | Scene, ViewLayer | Synchronizing object | Ear_Fold.L
Fra:1 Mem:24.35M (Peak 24.35M) | Time:00:00.56 | Mem:0.00M, Peak:0.00M | Scene, ViewLayer | Synchronizing object | Ear.R
Fra:1 Mem:24.41M (Peak 24.41M) | Time:00:00.56 | Mem:0.00M, Peak:0.00M | Scene, ViewLayer | Synchronizing object | Ear_Fold.R
Fra:1 Mem:24.42M (Peak 24.42M) | Time:00:00.56 | Mem:0.00M, Peak:0.00M | Scene, ViewLayer | Synchronizing object | Eye_White.L
Fra:1 Mem:24.44M (Peak 24.44M) | Time:00:00.56 | Mem:0.00M, Peak:0.00M | Scene, ViewLayer | Synchronizing object | Iris_hair.L
Fra:1 Mem:24.44M (Peak 24.44M) | Time:00:00.56 | Mem:0.00M, Peak:0.00M | Scene, ViewLayer | Synchronizing object | Iris_ink.L
Fra:1 Mem:24.45M (Peak 24.45M) | Time:00:00.56 | Mem:0.00M, Peak:0.00M | Scene, ViewLayer | Synchronizing object | Eye_Glint.L
Fra:1 Mem:24.49M (Peak 24.49M) | Time:00:00.56 | Mem:0.00M, Peak:0.00M | Scene, ViewLayer | Synchronizing object | Upper_Lid.L
Fra:1 Mem:24.46M (Peak 24.49M) | Time:00:00.56 | Mem:0.00M, Peak:0.00M | Scene, ViewLayer | Synchronizing object | Lower_Lid.L
Fra:1 Mem:24.47M (Peak 24.49M) | Time:00:00.56 | Mem:0.00M, Peak:0.00M | Scene, ViewLayer | Synchronizing object | Eyebrow.L
Fra:1 Mem:24.47M (Peak 24.49M) | Time:00:00.56 | Mem:0.00M, Peak:0.00M | Scene, ViewLayer | Synchronizing object | Eye_White.R
Fra:1 Mem:24.48M (Peak 24.49M) | Time:00:00.56 | Mem:0.00M, Peak:0.00M | Scene, ViewLayer | Synchronizing object | Iris_hair.R
Fra:1 Mem:24.49M (Peak 24.49M) | Time:00:00.56 | Mem:0.00M, Peak:0.00M | Scene, ViewLayer | Synchronizing object | Iris_ink.R
Fra:1 Mem:24.50M (Peak 24.50M) | Time:00:00.56 | Mem:0.00M, Peak:0.00M | Scene, ViewLayer | Synchronizing object | Eye_Glint.R
Fra:1 Mem:24.50M (Peak 24.50M) | Time:00:00.56 | Mem:0.00M, Peak:0.00M | Scene, ViewLayer | Synchronizing object | Upper_Lid.R
Fra:1 Mem:24.51M (Peak 24.51M) | Time:00:00.56 | Mem:0.00M, Peak:0.00M | Scene, ViewLayer | Synchronizing object | Lower_Lid.R
Fra:1 Mem:24.52M (Peak 24.52M) | Time:00:00.56 | Mem:0.00M, Peak:0.00M | Scene, ViewLayer | Synchronizing object | Eyebrow.R
Fra:1 Mem:24.52M (Peak 24.52M) | Time:00:00.56 | Mem:0.00M, Peak:0.00M | Scene, ViewLayer | Synchronizing object | Mouth
Fra:1 Mem:24.54M (Peak 24.54M) | Time:00:00.56 | Mem:0.00M, Peak:0.00M | Scene, ViewLayer | Synchronizing object | Tee_Dot_1.275
Fra:1 Mem:24.54M (Peak 24.54M) | Time:00:00.56 | Mem:0.00M, Peak:0.00M | Scene, ViewLayer | Synchronizing object | Tee_Dot_1.246
Fra:1 Mem:24.55M (Peak 24.55M) | Time:00:00.56 | Mem:0.00M, Peak:0.00M | Scene, ViewLayer | Synchronizing object | Tee_Bar
Fra:1 Mem:24.55M (Peak 24.55M) | Time:00:00.56 | Mem:0.00M, Peak:0.00M | Scene, ViewLayer | Synchronizing object | Review_Ground
Fra:1 Mem:24.55M (Peak 24.55M) | Time:00:00.56 | Mem:0.00M, Peak:0.00M | Scene, ViewLayer | Synchronizing object | Review_Key
Fra:1 Mem:24.55M (Peak 24.55M) | Time:00:00.56 | Mem:0.00M, Peak:0.00M | Scene, ViewLayer | Synchronizing object | Review_Fill
Fra:1 Mem:24.55M (Peak 24.55M) | Time:00:00.56 | Mem:0.00M, Peak:0.00M | Scene, ViewLayer | Synchronizing object | Review_Rim
Fra:1 Mem:24.75M (Peak 24.75M) | Time:00:00.83 | Mem:0.00M, Peak:0.00M | Scene, ViewLayer | Synchronizing object | Hair_Cap
Fra:1 Mem:24.89M (Peak 24.89M) | Time:00:00.83 | Mem:0.00M, Peak:0.00M | Scene, ViewLayer | Synchronizing object | Crown_0.R
Fra:1 Mem:24.98M (Peak 24.98M) | Time:00:00.83 | Mem:0.00M, Peak:0.00M | Scene, ViewLayer | Synchronizing object | Crown_0.L
Fra:1 Mem:24.99M (Peak 24.99M) | Time:00:00.83 | Mem:0.00M, Peak:0.00M | Scene, ViewLayer | Synchronizing object | Temple_2.R
Fra:1 Mem:25.01M (Peak 25.01M) | Time:00:00.83 | Mem:0.00M, Peak:0.00M | Scene, ViewLayer | Synchronizing object | Temple_1.R
Fra:1 Mem:25.02M (Peak 25.02M) | Time:00:00.83 | Mem:0.00M, Peak:0.00M | Scene, ViewLayer | Synchronizing object | Temple_0.R
Fra:1 Mem:25.04M (Peak 25.04M) | Time:00:00.83 | Mem:0.00M, Peak:0.00M | Scene, ViewLayer | Synchronizing object | Temple_2.L
Fra:1 Mem:25.08M (Peak 25.08M) | Time:00:00.83 | Mem:0.00M, Peak:0.00M | Scene, ViewLayer | Synchronizing object | Temple_1.L
Fra:1 Mem:25.11M (Peak 25.11M) | Time:00:00.83 | Mem:0.00M, Peak:0.00M | Scene, ViewLayer | Synchronizing object | Temple_0.L
Fra:1 Mem:25.20M (Peak 25.20M) | Time:00:00.83 | Mem:0.00M, Peak:0.00M | Scene, ViewLayer | Synchronizing object | Bangs_05
Fra:1 Mem:25.24M (Peak 25.24M) | Time:00:00.83 | Mem:0.00M, Peak:0.00M | Scene, ViewLayer | Synchronizing object | Bangs_04
Fra:1 Mem:25.23M (Peak 25.24M) | Time:00:00.83 | Mem:0.00M, Peak:0.00M | Scene, ViewLayer | Synchronizing object | Bangs_03
Fra:1 Mem:25.32M (Peak 25.32M) | Time:00:00.83 | Mem:0.00M, Peak:0.00M | Scene, ViewLayer | Synchronizing object | Bangs_02
Fra:1 Mem:25.25M (Peak 25.32M) | Time:00:00.83 | Mem:0.00M, Peak:0.00M | Scene, ViewLayer | Synchronizing object | Bangs_00
Fra:1 Mem:25.28M (Peak 25.32M) | Time:00:00.83 | Mem:0.00M, Peak:0.00M | Scene, ViewLayer | Synchronizing object | Bangs_01
Fra:1 Mem:25.30M (Peak 25.32M) | Time:00:00.83 | Mem:0.00M, Peak:0.00M | Scene, ViewLayer | Initializing
Fra:1 Mem:21.25M (Peak 25.32M) | Time:00:00.83 | Mem:0.00M, Peak:0.00M | Scene, ViewLayer | Updating Images | Loading CHR001_GreyStudy_BaseColor
Fra:1 Mem:21.85M (Peak 29.27M) | Time:00:00.84 | Mem:4.00M, Peak:4.00M | Scene, ViewLayer | Waiting for render to start
Fra:1 Mem:21.85M (Peak 29.27M) | Time:00:00.84 | Mem:4.00M, Peak:4.00M | Scene, ViewLayer | Updating Scene
Fra:1 Mem:21.85M (Peak 29.27M) | Time:00:00.84 | Mem:4.00M, Peak:4.00M | Scene, ViewLayer | Updating Shaders
Fra:1 Mem:21.85M (Peak 29.27M) | Time:00:00.84 | Mem:4.00M, Peak:4.00M | Scene, ViewLayer | Loading render kernels (may take a few minutes the first time)
Fra:1 Mem:21.93M (Peak 29.27M) | Time:00:00.84 | Mem:4.00M, Peak:4.00M | Scene, ViewLayer | Updating Procedurals
Fra:1 Mem:21.93M (Peak 29.27M) | Time:00:00.84 | Mem:4.00M, Peak:4.00M | Scene, ViewLayer | Updating Background
Fra:1 Mem:21.93M (Peak 29.27M) | Time:00:00.84 | Mem:4.00M, Peak:4.00M | Scene, ViewLayer | Updating Camera
Fra:1 Mem:21.93M (Peak 29.27M) | Time:00:00.84 | Mem:4.00M, Peak:4.00M | Scene, ViewLayer | Updating Meshes Flags
Fra:1 Mem:21.93M (Peak 29.27M) | Time:00:00.84 | Mem:4.00M, Peak:4.00M | Scene, ViewLayer | Updating Objects
Fra:1 Mem:21.93M (Peak 29.27M) | Time:00:00.84 | Mem:4.00M, Peak:4.00M | Scene, ViewLayer | Updating Objects | Copying Transformations to device
Fra:1 Mem:21.95M (Peak 29.27M) | Time:00:00.84 | Mem:4.02M, Peak:4.02M | Scene, ViewLayer | Updating Particle Systems
Fra:1 Mem:21.95M (Peak 29.27M) | Time:00:00.84 | Mem:4.02M, Peak:4.02M | Scene, ViewLayer | Updating Particle Systems | Copying Particles to device
Fra:1 Mem:21.95M (Peak 29.27M) | Time:00:00.84 | Mem:4.02M, Peak:4.02M | Scene, ViewLayer | Updating Meshes
Fra:1 Mem:21.95M (Peak 29.27M) | Time:00:00.84 | Mem:4.02M, Peak:4.02M | Scene, ViewLayer | Updating Objects | Applying Static Transformations
Fra:1 Mem:21.95M (Peak 29.27M) | Time:00:00.84 | Mem:4.02M, Peak:4.02M | Scene, ViewLayer | Updating Mesh | Computing attributes
Fra:1 Mem:22.94M (Peak 29.27M) | Time:00:00.84 | Mem:4.03M, Peak:4.03M | Scene, ViewLayer | Updating Mesh | Copying Attributes to device
Fra:1 Mem:22.93M (Peak 29.27M) | Time:00:00.84 | Mem:4.99M, Peak:4.99M | Scene, ViewLayer | Updating Scene BVH | Building
Fra:1 Mem:22.93M (Peak 29.27M) | Time:00:00.84 | Mem:4.99M, Peak:4.99M | Scene, ViewLayer | Updating Scene BVH | Building BVH
Fra:1 Mem:22.93M (Peak 29.27M) | Time:00:00.84 | Mem:6.02M, Peak:6.02M | Scene, ViewLayer | Updating Scene BVH | Building BVH 0%
Fra:1 Mem:22.93M (Peak 29.27M) | Time:00:00.85 | Mem:7.14M, Peak:8.16M | Scene, ViewLayer | Updating Scene BVH | Copying BVH to device
Fra:1 Mem:22.93M (Peak 29.27M) | Time:00:00.85 | Mem:7.14M, Peak:8.16M | Scene, ViewLayer | Updating Mesh | Computing normals
Fra:1 Mem:23.84M (Peak 29.27M) | Time:00:00.85 | Mem:7.14M, Peak:8.16M | Scene, ViewLayer | Updating Mesh | Copying Mesh to device
Fra:1 Mem:23.84M (Peak 29.27M) | Time:00:00.85 | Mem:8.04M, Peak:8.16M | Scene, ViewLayer | Updating Objects Flags
Fra:1 Mem:23.84M (Peak 29.27M) | Time:00:00.85 | Mem:8.05M, Peak:8.16M | Scene, ViewLayer | Updating Primitive Offsets
Fra:1 Mem:23.84M (Peak 29.27M) | Time:00:00.85 | Mem:8.05M, Peak:8.16M | Scene, ViewLayer | Updating Images
Fra:1 Mem:23.84M (Peak 29.27M) | Time:00:00.85 | Mem:8.05M, Peak:8.16M | Scene, ViewLayer | Updating Camera Volume
Fra:1 Mem:23.84M (Peak 29.27M) | Time:00:00.85 | Mem:8.05M, Peak:8.16M | Scene, ViewLayer | Updating Lookup Tables
Fra:1 Mem:23.84M (Peak 29.27M) | Time:00:00.85 | Mem:8.13M, Peak:8.16M | Scene, ViewLayer | Updating Lights
Fra:1 Mem:23.84M (Peak 29.27M) | Time:00:00.85 | Mem:8.13M, Peak:8.16M | Scene, ViewLayer | Updating Lights | Computing tree
Fra:1 Mem:23.84M (Peak 29.27M) | Time:00:00.85 | Mem:8.13M, Peak:8.16M | Scene, ViewLayer | Updating Integrator
Fra:1 Mem:23.84M (Peak 29.27M) | Time:00:00.85 | Mem:8.13M, Peak:8.16M | Scene, ViewLayer | Updating Film
Fra:1 Mem:23.84M (Peak 29.27M) | Time:00:00.85 | Mem:8.05M, Peak:8.16M | Scene, ViewLayer | Updating Lookup Tables
Fra:1 Mem:23.84M (Peak 29.27M) | Time:00:00.85 | Mem:8.13M, Peak:8.16M | Scene, ViewLayer | Updating Baking
Fra:1 Mem:23.84M (Peak 29.27M) | Time:00:00.85 | Mem:8.13M, Peak:8.16M | Scene, ViewLayer | Updating Device | Writing constant memory
Fra:1 Mem:23.84M (Peak 29.27M) | Time:00:00.85 | Mem:8.13M, Peak:8.16M | Scene, ViewLayer | Loading denoising kernels (may take a few minutes the first time)
Fra:1 Mem:23.84M (Peak 29.27M) | Time:00:00.85 | Mem:8.13M, Peak:8.16M | Scene, ViewLayer | Sample 0/24
Fra:1 Mem:73.96M (Peak 73.96M) | Time:00:01.42 | Remaining:00:13.10 | Mem:58.24M, Peak:58.24M | Scene, ViewLayer | Sample 1/24
Fra:1 Mem:95.06M (Peak 126.70M) | Time:00:21.27 | Mem:58.24M, Peak:58.24M | Scene, ViewLayer | Sample 24/24
Fra:1 Mem:95.06M (Peak 126.70M) | Time:00:21.27 | Mem:58.24M, Peak:58.24M | Scene, ViewLayer | Finished
Saved: '/home/lzzz/MyProjects/N-SIDE/output/characters/CHR-001/model-r6/first/face-side.png'
Time: 00:21.33 (Saving: 00:00.05)

Fra:1 Mem:20.31M (Peak 20.31M) | Time:00:00.00 | Mem:0.00M, Peak:0.00M | Scene, ViewLayer | Synchronizing object | TShirt
Fra:1 Mem:20.46M (Peak 20.46M) | Time:00:00.00 | Mem:0.00M, Peak:0.00M | Scene, ViewLayer | Synchronizing object | TShirt_Collar
Fra:1 Mem:20.49M (Peak 20.49M) | Time:00:00.00 | Mem:0.00M, Peak:0.00M | Scene, ViewLayer | Synchronizing object | Hood
Fra:1 Mem:20.54M (Peak 20.54M) | Time:00:00.00 | Mem:0.00M, Peak:0.00M | Scene, ViewLayer | Synchronizing object | Sleeve_Cuff.L
Fra:1 Mem:20.55M (Peak 20.55M) | Time:00:00.00 | Mem:0.00M, Peak:0.00M | Scene, ViewLayer | Synchronizing object | Zip_Tape.L
Fra:1 Mem:20.55M (Peak 20.55M) | Time:00:00.00 | Mem:0.00M, Peak:0.00M | Scene, ViewLayer | Synchronizing object | Hood_Cord.L
Fra:1 Mem:20.59M (Peak 20.59M) | Time:00:00.02 | Mem:0.00M, Peak:0.00M | Scene, ViewLayer | Synchronizing object | Palm.L
Fra:1 Mem:20.64M (Peak 20.64M) | Time:00:00.02 | Mem:0.00M, Peak:0.00M | Scene, ViewLayer | Synchronizing object | Index_Mesh.L
Fra:1 Mem:20.65M (Peak 20.65M) | Time:00:00.02 | Mem:0.00M, Peak:0.00M | Scene, ViewLayer | Synchronizing object | Middle_Mesh.L
Fra:1 Mem:20.66M (Peak 20.66M) | Time:00:00.02 | Mem:0.00M, Peak:0.00M | Scene, ViewLayer | Synchronizing object | Ring_Mesh.L
Fra:1 Mem:20.69M (Peak 20.69M) | Time:00:00.02 | Mem:0.00M, Peak:0.00M | Scene, ViewLayer | Synchronizing object | Pinky_Mesh.L
Fra:1 Mem:20.66M (Peak 20.69M) | Time:00:00.02 | Mem:0.00M, Peak:0.00M | Scene, ViewLayer | Synchronizing object | Thumb_Mesh.L
Fra:1 Mem:20.85M (Peak 20.85M) | Time:00:00.05 | Mem:0.00M, Peak:0.00M | Scene, ViewLayer | Synchronizing object | Trousers.L
Fra:1 Mem:21.11M (Peak 21.11M) | Time:00:00.05 | Mem:0.00M, Peak:0.00M | Scene, ViewLayer | Synchronizing object | Sneaker_Sole.L
Fra:1 Mem:21.12M (Peak 21.12M) | Time:00:00.05 | Mem:0.00M, Peak:0.00M | Scene, ViewLayer | Synchronizing object | Sneaker_Upper.L
Fra:1 Mem:21.14M (Peak 21.14M) | Time:00:00.05 | Mem:0.00M, Peak:0.00M | Scene, ViewLayer | Synchronizing object | Sock.L
Fra:1 Mem:21.15M (Peak 21.15M) | Time:00:00.05 | Mem:0.00M, Peak:0.00M | Scene, ViewLayer | Synchronizing object | Lace_0.L
Fra:1 Mem:21.15M (Peak 21.15M) | Time:00:00.05 | Mem:0.00M, Peak:0.00M | Scene, ViewLayer | Synchronizing object | Lace_1.L
Fra:1 Mem:21.15M (Peak 21.15M) | Time:00:00.05 | Mem:0.00M, Peak:0.00M | Scene, ViewLayer | Synchronizing object | Lace_2.L
Fra:1 Mem:21.16M (Peak 21.16M) | Time:00:00.05 | Mem:0.00M, Peak:0.00M | Scene, ViewLayer | Synchronizing object | Lace_3.L
Fra:1 Mem:21.16M (Peak 21.16M) | Time:00:00.05 | Mem:0.00M, Peak:0.00M | Scene, ViewLayer | Synchronizing object | Heel_Tab.L
Fra:1 Mem:21.16M (Peak 21.16M) | Time:00:00.05 | Mem:0.00M, Peak:0.00M | Scene, ViewLayer | Synchronizing object | Sleeve_Cuff.R
Fra:1 Mem:21.17M (Peak 21.17M) | Time:00:00.05 | Mem:0.00M, Peak:0.00M | Scene, ViewLayer | Synchronizing object | Zip_Tape.R
Fra:1 Mem:21.17M (Peak 21.17M) | Time:00:00.05 | Mem:0.00M, Peak:0.00M | Scene, ViewLayer | Synchronizing object | Hood_Cord.R
Fra:1 Mem:21.21M (Peak 21.21M) | Time:00:00.06 | Mem:0.00M, Peak:0.00M | Scene, ViewLayer | Synchronizing object | Palm.R
Fra:1 Mem:21.26M (Peak 21.26M) | Time:00:00.06 | Mem:0.00M, Peak:0.00M | Scene, ViewLayer | Synchronizing object | Index_Mesh.R
Fra:1 Mem:21.27M (Peak 21.27M) | Time:00:00.06 | Mem:0.00M, Peak:0.00M | Scene, ViewLayer | Synchronizing object | Middle_Mesh.R
Fra:1 Mem:21.27M (Peak 21.27M) | Time:00:00.06 | Mem:0.00M, Peak:0.00M | Scene, ViewLayer | Synchronizing object | Ring_Mesh.R
Fra:1 Mem:21.31M (Peak 21.31M) | Time:00:00.06 | Mem:0.00M, Peak:0.00M | Scene, ViewLayer | Synchronizing object | Pinky_Mesh.R
Fra:1 Mem:21.29M (Peak 21.31M) | Time:00:00.06 | Mem:0.00M, Peak:0.00M | Scene, ViewLayer | Synchronizing object | Thumb_Mesh.R
Fra:1 Mem:21.47M (Peak 21.47M) | Time:00:00.10 | Mem:0.00M, Peak:0.00M | Scene, ViewLayer | Synchronizing object | Trousers.R
Fra:1 Mem:21.74M (Peak 21.74M) | Time:00:00.10 | Mem:0.00M, Peak:0.00M | Scene, ViewLayer | Synchronizing object | Sneaker_Sole.R
Fra:1 Mem:21.76M (Peak 21.76M) | Time:00:00.10 | Mem:0.00M, Peak:0.00M | Scene, ViewLayer | Synchronizing object | Sneaker_Upper.R
Fra:1 Mem:21.86M (Peak 21.86M) | Time:00:00.10 | Mem:0.00M, Peak:0.00M | Scene, ViewLayer | Synchronizing object | Sock.R
Fra:1 Mem:21.87M (Peak 21.87M) | Time:00:00.10 | Mem:0.00M, Peak:0.00M | Scene, ViewLayer | Synchronizing object | Lace_0.R
Fra:1 Mem:21.80M (Peak 21.87M) | Time:00:00.10 | Mem:0.00M, Peak:0.00M | Scene, ViewLayer | Synchronizing object | Lace_1.R
Fra:1 Mem:21.80M (Peak 21.87M) | Time:00:00.10 | Mem:0.00M, Peak:0.00M | Scene, ViewLayer | Synchronizing object | Lace_2.R
Fra:1 Mem:21.81M (Peak 21.87M) | Time:00:00.10 | Mem:0.00M, Peak:0.00M | Scene, ViewLayer | Synchronizing object | Lace_3.R
Fra:1 Mem:21.81M (Peak 21.87M) | Time:00:00.10 | Mem:0.00M, Peak:0.00M | Scene, ViewLayer | Synchronizing object | Heel_Tab.R
Fra:1 Mem:22.36M (Peak 22.36M) | Time:00:00.13 | Mem:0.00M, Peak:0.00M | Scene, ViewLayer | Synchronizing object | Jacket_ContinuousShoulders
Fra:1 Mem:23.58M (Peak 23.58M) | Time:00:00.54 | Mem:0.00M, Peak:0.00M | Scene, ViewLayer | Synchronizing object | Face_Head
Fra:1 Mem:24.25M (Peak 24.25M) | Time:00:00.55 | Mem:0.00M, Peak:0.00M | Scene, ViewLayer | Synchronizing object | Ear.L
Fra:1 Mem:24.30M (Peak 24.30M) | Time:00:00.55 | Mem:0.00M, Peak:0.00M | Scene, ViewLayer | Synchronizing object | Ear_Fold.L
Fra:1 Mem:24.35M (Peak 24.35M) | Time:00:00.56 | Mem:0.00M, Peak:0.00M | Scene, ViewLayer | Synchronizing object | Ear.R
Fra:1 Mem:24.41M (Peak 24.41M) | Time:00:00.56 | Mem:0.00M, Peak:0.00M | Scene, ViewLayer | Synchronizing object | Ear_Fold.R
Fra:1 Mem:24.42M (Peak 24.42M) | Time:00:00.56 | Mem:0.00M, Peak:0.00M | Scene, ViewLayer | Synchronizing object | Eye_White.L
Fra:1 Mem:24.44M (Peak 24.44M) | Time:00:00.56 | Mem:0.00M, Peak:0.00M | Scene, ViewLayer | Synchronizing object | Iris_hair.L
Fra:1 Mem:24.44M (Peak 24.44M) | Time:00:00.56 | Mem:0.00M, Peak:0.00M | Scene, ViewLayer | Synchronizing object | Iris_ink.L
Fra:1 Mem:24.45M (Peak 24.45M) | Time:00:00.56 | Mem:0.00M, Peak:0.00M | Scene, ViewLayer | Synchronizing object | Eye_Glint.L
Fra:1 Mem:24.46M (Peak 24.46M) | Time:00:00.56 | Mem:0.00M, Peak:0.00M | Scene, ViewLayer | Synchronizing object | Upper_Lid.L
Fra:1 Mem:24.50M (Peak 24.50M) | Time:00:00.56 | Mem:0.00M, Peak:0.00M | Scene, ViewLayer | Synchronizing object | Lower_Lid.L
Fra:1 Mem:24.48M (Peak 24.50M) | Time:00:00.56 | Mem:0.00M, Peak:0.00M | Scene, ViewLayer | Synchronizing object | Eyebrow.L
Fra:1 Mem:24.47M (Peak 24.50M) | Time:00:00.56 | Mem:0.00M, Peak:0.00M | Scene, ViewLayer | Synchronizing object | Eye_White.R
Fra:1 Mem:24.48M (Peak 24.50M) | Time:00:00.56 | Mem:0.00M, Peak:0.00M | Scene, ViewLayer | Synchronizing object | Iris_hair.R
Fra:1 Mem:24.49M (Peak 24.50M) | Time:00:00.56 | Mem:0.00M, Peak:0.00M | Scene, ViewLayer | Synchronizing object | Iris_ink.R
Fra:1 Mem:24.50M (Peak 24.50M) | Time:00:00.56 | Mem:0.00M, Peak:0.00M | Scene, ViewLayer | Synchronizing object | Eye_Glint.R
Fra:1 Mem:24.50M (Peak 24.50M) | Time:00:00.56 | Mem:0.00M, Peak:0.00M | Scene, ViewLayer | Synchronizing object | Upper_Lid.R
Fra:1 Mem:24.51M (Peak 24.51M) | Time:00:00.56 | Mem:0.00M, Peak:0.00M | Scene, ViewLayer | Synchronizing object | Lower_Lid.R
Fra:1 Mem:24.52M (Peak 24.52M) | Time:00:00.56 | Mem:0.00M, Peak:0.00M | Scene, ViewLayer | Synchronizing object | Eyebrow.R
Fra:1 Mem:24.52M (Peak 24.52M) | Time:00:00.56 | Mem:0.00M, Peak:0.00M | Scene, ViewLayer | Synchronizing object | Mouth
Fra:1 Mem:24.54M (Peak 24.54M) | Time:00:00.56 | Mem:0.00M, Peak:0.00M | Scene, ViewLayer | Synchronizing object | Tee_Dot_1.275
Fra:1 Mem:24.54M (Peak 24.54M) | Time:00:00.56 | Mem:0.00M, Peak:0.00M | Scene, ViewLayer | Synchronizing object | Tee_Dot_1.246
Fra:1 Mem:24.55M (Peak 24.55M) | Time:00:00.56 | Mem:0.00M, Peak:0.00M | Scene, ViewLayer | Synchronizing object | Tee_Bar
Fra:1 Mem:24.55M (Peak 24.55M) | Time:00:00.56 | Mem:0.00M, Peak:0.00M | Scene, ViewLayer | Synchronizing object | Review_Ground
Fra:1 Mem:24.55M (Peak 24.55M) | Time:00:00.56 | Mem:0.00M, Peak:0.00M | Scene, ViewLayer | Synchronizing object | Review_Key
Fra:1 Mem:24.55M (Peak 24.55M) | Time:00:00.56 | Mem:0.00M, Peak:0.00M | Scene, ViewLayer | Synchronizing object | Review_Fill
Fra:1 Mem:24.55M (Peak 24.55M) | Time:00:00.56 | Mem:0.00M, Peak:0.00M | Scene, ViewLayer | Synchronizing object | Review_Rim
Fra:1 Mem:24.76M (Peak 24.76M) | Time:00:00.82 | Mem:0.00M, Peak:0.00M | Scene, ViewLayer | Synchronizing object | Hair_Cap
Fra:1 Mem:24.92M (Peak 24.92M) | Time:00:00.82 | Mem:0.00M, Peak:0.00M | Scene, ViewLayer | Synchronizing object | Crown_0.R
Fra:1 Mem:24.98M (Peak 24.98M) | Time:00:00.82 | Mem:0.00M, Peak:0.00M | Scene, ViewLayer | Synchronizing object | Crown_0.L
Fra:1 Mem:24.99M (Peak 24.99M) | Time:00:00.82 | Mem:0.00M, Peak:0.00M | Scene, ViewLayer | Synchronizing object | Temple_2.R
Fra:1 Mem:25.01M (Peak 25.01M) | Time:00:00.82 | Mem:0.00M, Peak:0.00M | Scene, ViewLayer | Synchronizing object | Temple_1.R
Fra:1 Mem:25.02M (Peak 25.02M) | Time:00:00.82 | Mem:0.00M, Peak:0.00M | Scene, ViewLayer | Synchronizing object | Temple_0.R
Fra:1 Mem:25.04M (Peak 25.04M) | Time:00:00.82 | Mem:0.00M, Peak:0.00M | Scene, ViewLayer | Synchronizing object | Temple_2.L
Fra:1 Mem:25.08M (Peak 25.08M) | Time:00:00.82 | Mem:0.00M, Peak:0.00M | Scene, ViewLayer | Synchronizing object | Temple_1.L
Fra:1 Mem:25.18M (Peak 25.18M) | Time:00:00.82 | Mem:0.00M, Peak:0.00M | Scene, ViewLayer | Synchronizing object | Temple_0.L
Fra:1 Mem:25.22M (Peak 25.22M) | Time:00:00.82 | Mem:0.00M, Peak:0.00M | Scene, ViewLayer | Synchronizing object | Bangs_05
Fra:1 Mem:25.21M (Peak 25.22M) | Time:00:00.83 | Mem:0.00M, Peak:0.00M | Scene, ViewLayer | Synchronizing object | Bangs_04
Fra:1 Mem:25.30M (Peak 25.30M) | Time:00:00.83 | Mem:0.00M, Peak:0.00M | Scene, ViewLayer | Synchronizing object | Bangs_03
Fra:1 Mem:25.24M (Peak 25.30M) | Time:00:00.83 | Mem:0.00M, Peak:0.00M | Scene, ViewLayer | Synchronizing object | Bangs_00
Fra:1 Mem:25.26M (Peak 25.30M) | Time:00:00.83 | Mem:0.00M, Peak:0.00M | Scene, ViewLayer | Synchronizing object | Bangs_02
Fra:1 Mem:25.28M (Peak 25.30M) | Time:00:00.83 | Mem:0.00M, Peak:0.00M | Scene, ViewLayer | Synchronizing object | Bangs_01
Fra:1 Mem:25.30M (Peak 25.30M) | Time:00:00.83 | Mem:0.00M, Peak:0.00M | Scene, ViewLayer | Initializing
Fra:1 Mem:21.25M (Peak 25.30M) | Time:00:00.83 | Mem:0.00M, Peak:0.00M | Scene, ViewLayer | Updating Images | Loading CHR001_GreyStudy_BaseColor
Fra:1 Mem:21.85M (Peak 29.27M) | Time:00:00.84 | Mem:4.00M, Peak:4.00M | Scene, ViewLayer | Waiting for render to start
Fra:1 Mem:21.85M (Peak 29.27M) | Time:00:00.84 | Mem:4.00M, Peak:4.00M | Scene, ViewLayer | Updating Scene
Fra:1 Mem:21.85M (Peak 29.27M) | Time:00:00.84 | Mem:4.00M, Peak:4.00M | Scene, ViewLayer | Updating Shaders
Fra:1 Mem:21.85M (Peak 29.27M) | Time:00:00.84 | Mem:4.00M, Peak:4.00M | Scene, ViewLayer | Loading render kernels (may take a few minutes the first time)
Fra:1 Mem:21.93M (Peak 29.27M) | Time:00:00.84 | Mem:4.00M, Peak:4.00M | Scene, ViewLayer | Updating Procedurals
Fra:1 Mem:21.93M (Peak 29.27M) | Time:00:00.84 | Mem:4.00M, Peak:4.00M | Scene, ViewLayer | Updating Background
Fra:1 Mem:21.93M (Peak 29.27M) | Time:00:00.84 | Mem:4.00M, Peak:4.00M | Scene, ViewLayer | Updating Camera
Fra:1 Mem:21.93M (Peak 29.27M) | Time:00:00.84 | Mem:4.00M, Peak:4.00M | Scene, ViewLayer | Updating Meshes Flags
Fra:1 Mem:21.93M (Peak 29.27M) | Time:00:00.84 | Mem:4.00M, Peak:4.00M | Scene, ViewLayer | Updating Objects
Fra:1 Mem:21.93M (Peak 29.27M) | Time:00:00.84 | Mem:4.00M, Peak:4.00M | Scene, ViewLayer | Updating Objects | Copying Transformations to device
Fra:1 Mem:21.95M (Peak 29.27M) | Time:00:00.84 | Mem:4.02M, Peak:4.02M | Scene, ViewLayer | Updating Particle Systems
Fra:1 Mem:21.95M (Peak 29.27M) | Time:00:00.84 | Mem:4.02M, Peak:4.02M | Scene, ViewLayer | Updating Particle Systems | Copying Particles to device
Fra:1 Mem:21.95M (Peak 29.27M) | Time:00:00.84 | Mem:4.02M, Peak:4.02M | Scene, ViewLayer | Updating Meshes
Fra:1 Mem:21.95M (Peak 29.27M) | Time:00:00.84 | Mem:4.02M, Peak:4.02M | Scene, ViewLayer | Updating Objects | Applying Static Transformations
Fra:1 Mem:21.95M (Peak 29.27M) | Time:00:00.84 | Mem:4.02M, Peak:4.02M | Scene, ViewLayer | Updating Mesh | Computing attributes
Fra:1 Mem:22.94M (Peak 29.27M) | Time:00:00.84 | Mem:4.03M, Peak:4.03M | Scene, ViewLayer | Updating Mesh | Copying Attributes to device
Fra:1 Mem:22.93M (Peak 29.27M) | Time:00:00.84 | Mem:4.99M, Peak:4.99M | Scene, ViewLayer | Updating Scene BVH | Building
Fra:1 Mem:22.93M (Peak 29.27M) | Time:00:00.84 | Mem:4.99M, Peak:4.99M | Scene, ViewLayer | Updating Scene BVH | Building BVH
Fra:1 Mem:22.93M (Peak 29.27M) | Time:00:00.84 | Mem:6.02M, Peak:6.02M | Scene, ViewLayer | Updating Scene BVH | Building BVH 0%
Fra:1 Mem:22.93M (Peak 29.27M) | Time:00:00.84 | Mem:7.14M, Peak:8.16M | Scene, ViewLayer | Updating Scene BVH | Copying BVH to device
Fra:1 Mem:22.93M (Peak 29.27M) | Time:00:00.84 | Mem:7.14M, Peak:8.16M | Scene, ViewLayer | Updating Mesh | Computing normals
Fra:1 Mem:23.84M (Peak 29.27M) | Time:00:00.84 | Mem:7.14M, Peak:8.16M | Scene, ViewLayer | Updating Mesh | Copying Mesh to device
Fra:1 Mem:23.84M (Peak 29.27M) | Time:00:00.84 | Mem:8.04M, Peak:8.16M | Scene, ViewLayer | Updating Objects Flags
Fra:1 Mem:23.84M (Peak 29.27M) | Time:00:00.84 | Mem:8.05M, Peak:8.16M | Scene, ViewLayer | Updating Primitive Offsets
Fra:1 Mem:23.84M (Peak 29.27M) | Time:00:00.84 | Mem:8.05M, Peak:8.16M | Scene, ViewLayer | Updating Images
Fra:1 Mem:23.84M (Peak 29.27M) | Time:00:00.84 | Mem:8.05M, Peak:8.16M | Scene, ViewLayer | Updating Camera Volume
Fra:1 Mem:23.84M (Peak 29.27M) | Time:00:00.84 | Mem:8.05M, Peak:8.16M | Scene, ViewLayer | Updating Lookup Tables
Fra:1 Mem:23.84M (Peak 29.27M) | Time:00:00.84 | Mem:8.13M, Peak:8.16M | Scene, ViewLayer | Updating Lights
Fra:1 Mem:23.84M (Peak 29.27M) | Time:00:00.84 | Mem:8.13M, Peak:8.16M | Scene, ViewLayer | Updating Lights | Computing tree
Fra:1 Mem:23.84M (Peak 29.27M) | Time:00:00.84 | Mem:8.13M, Peak:8.16M | Scene, ViewLayer | Updating Integrator
Fra:1 Mem:23.84M (Peak 29.27M) | Time:00:00.84 | Mem:8.13M, Peak:8.16M | Scene, ViewLayer | Updating Film
Fra:1 Mem:23.84M (Peak 29.27M) | Time:00:00.84 | Mem:8.05M, Peak:8.16M | Scene, ViewLayer | Updating Lookup Tables
Fra:1 Mem:23.84M (Peak 29.27M) | Time:00:00.84 | Mem:8.13M, Peak:8.16M | Scene, ViewLayer | Updating Baking
Fra:1 Mem:23.84M (Peak 29.27M) | Time:00:00.84 | Mem:8.13M, Peak:8.16M | Scene, ViewLayer | Updating Device | Writing constant memory
Fra:1 Mem:23.85M (Peak 29.27M) | Time:00:00.84 | Mem:8.13M, Peak:8.16M | Scene, ViewLayer | Loading denoising kernels (may take a few minutes the first time)
Fra:1 Mem:23.85M (Peak 29.27M) | Time:00:00.84 | Mem:8.13M, Peak:8.16M | Scene, ViewLayer | Sample 0/24
Fra:1 Mem:73.96M (Peak 73.96M) | Time:00:01.38 | Remaining:00:12.48 | Mem:58.24M, Peak:58.24M | Scene, ViewLayer | Sample 1/24
Fra:1 Mem:95.06M (Peak 126.70M) | Time:00:20.66 | Mem:58.24M, Peak:58.24M | Scene, ViewLayer | Sample 24/24
Fra:1 Mem:95.06M (Peak 126.70M) | Time:00:20.66 | Mem:58.24M, Peak:58.24M | Scene, ViewLayer | Finished
Saved: '/home/lzzz/MyProjects/N-SIDE/output/characters/CHR-001/model-r6/first/head-back.png'
Time: 00:20.72 (Saving: 00:00.05)

Fra:1 Mem:20.31M (Peak 20.31M) | Time:00:00.00 | Mem:0.00M, Peak:0.00M | Scene, ViewLayer | Synchronizing object | TShirt
Fra:1 Mem:20.46M (Peak 20.46M) | Time:00:00.00 | Mem:0.00M, Peak:0.00M | Scene, ViewLayer | Synchronizing object | TShirt_Collar
Fra:1 Mem:20.49M (Peak 20.49M) | Time:00:00.00 | Mem:0.00M, Peak:0.00M | Scene, ViewLayer | Synchronizing object | Hood
Fra:1 Mem:20.54M (Peak 20.54M) | Time:00:00.00 | Mem:0.00M, Peak:0.00M | Scene, ViewLayer | Synchronizing object | Sleeve_Cuff.L
Fra:1 Mem:20.55M (Peak 20.55M) | Time:00:00.00 | Mem:0.00M, Peak:0.00M | Scene, ViewLayer | Synchronizing object | Zip_Tape.L
Fra:1 Mem:20.55M (Peak 20.55M) | Time:00:00.00 | Mem:0.00M, Peak:0.00M | Scene, ViewLayer | Synchronizing object | Hood_Cord.L
Fra:1 Mem:20.59M (Peak 20.59M) | Time:00:00.02 | Mem:0.00M, Peak:0.00M | Scene, ViewLayer | Synchronizing object | Palm.L
Fra:1 Mem:20.64M (Peak 20.64M) | Time:00:00.02 | Mem:0.00M, Peak:0.00M | Scene, ViewLayer | Synchronizing object | Index_Mesh.L
Fra:1 Mem:20.65M (Peak 20.65M) | Time:00:00.02 | Mem:0.00M, Peak:0.00M | Scene, ViewLayer | Synchronizing object | Middle_Mesh.L
Fra:1 Mem:20.66M (Peak 20.66M) | Time:00:00.02 | Mem:0.00M, Peak:0.00M | Scene, ViewLayer | Synchronizing object | Ring_Mesh.L
Fra:1 Mem:20.69M (Peak 20.69M) | Time:00:00.02 | Mem:0.00M, Peak:0.00M | Scene, ViewLayer | Synchronizing object | Pinky_Mesh.L
Fra:1 Mem:20.67M (Peak 20.69M) | Time:00:00.02 | Mem:0.00M, Peak:0.00M | Scene, ViewLayer | Synchronizing object | Thumb_Mesh.L
Fra:1 Mem:20.85M (Peak 20.85M) | Time:00:00.05 | Mem:0.00M, Peak:0.00M | Scene, ViewLayer | Synchronizing object | Trousers.L
Fra:1 Mem:21.11M (Peak 21.11M) | Time:00:00.05 | Mem:0.00M, Peak:0.00M | Scene, ViewLayer | Synchronizing object | Sneaker_Sole.L
Fra:1 Mem:21.12M (Peak 21.12M) | Time:00:00.05 | Mem:0.00M, Peak:0.00M | Scene, ViewLayer | Synchronizing object | Sneaker_Upper.L
Fra:1 Mem:21.14M (Peak 21.14M) | Time:00:00.05 | Mem:0.00M, Peak:0.00M | Scene, ViewLayer | Synchronizing object | Sock.L
Fra:1 Mem:21.15M (Peak 21.15M) | Time:00:00.05 | Mem:0.00M, Peak:0.00M | Scene, ViewLayer | Synchronizing object | Lace_0.L
Fra:1 Mem:21.15M (Peak 21.15M) | Time:00:00.05 | Mem:0.00M, Peak:0.00M | Scene, ViewLayer | Synchronizing object | Lace_1.L
Fra:1 Mem:21.15M (Peak 21.15M) | Time:00:00.05 | Mem:0.00M, Peak:0.00M | Scene, ViewLayer | Synchronizing object | Lace_2.L
Fra:1 Mem:21.16M (Peak 21.16M) | Time:00:00.05 | Mem:0.00M, Peak:0.00M | Scene, ViewLayer | Synchronizing object | Lace_3.L
Fra:1 Mem:21.16M (Peak 21.16M) | Time:00:00.05 | Mem:0.00M, Peak:0.00M | Scene, ViewLayer | Synchronizing object | Heel_Tab.L
Fra:1 Mem:21.16M (Peak 21.16M) | Time:00:00.05 | Mem:0.00M, Peak:0.00M | Scene, ViewLayer | Synchronizing object | Sleeve_Cuff.R
Fra:1 Mem:21.17M (Peak 21.17M) | Time:00:00.05 | Mem:0.00M, Peak:0.00M | Scene, ViewLayer | Synchronizing object | Zip_Tape.R
Fra:1 Mem:21.17M (Peak 21.17M) | Time:00:00.05 | Mem:0.00M, Peak:0.00M | Scene, ViewLayer | Synchronizing object | Hood_Cord.R
Fra:1 Mem:21.21M (Peak 21.21M) | Time:00:00.06 | Mem:0.00M, Peak:0.00M | Scene, ViewLayer | Synchronizing object | Palm.R
Fra:1 Mem:21.26M (Peak 21.26M) | Time:00:00.06 | Mem:0.00M, Peak:0.00M | Scene, ViewLayer | Synchronizing object | Index_Mesh.R
Fra:1 Mem:21.27M (Peak 21.27M) | Time:00:00.06 | Mem:0.00M, Peak:0.00M | Scene, ViewLayer | Synchronizing object | Middle_Mesh.R
Fra:1 Mem:21.27M (Peak 21.27M) | Time:00:00.06 | Mem:0.00M, Peak:0.00M | Scene, ViewLayer | Synchronizing object | Ring_Mesh.R
Fra:1 Mem:21.31M (Peak 21.31M) | Time:00:00.06 | Mem:0.00M, Peak:0.00M | Scene, ViewLayer | Synchronizing object | Pinky_Mesh.R
Fra:1 Mem:21.28M (Peak 21.31M) | Time:00:00.06 | Mem:0.00M, Peak:0.00M | Scene, ViewLayer | Synchronizing object | Thumb_Mesh.R
Fra:1 Mem:21.47M (Peak 21.47M) | Time:00:00.10 | Mem:0.00M, Peak:0.00M | Scene, ViewLayer | Synchronizing object | Trousers.R
Fra:1 Mem:21.74M (Peak 21.74M) | Time:00:00.10 | Mem:0.00M, Peak:0.00M | Scene, ViewLayer | Synchronizing object | Sneaker_Sole.R
Fra:1 Mem:21.76M (Peak 21.76M) | Time:00:00.10 | Mem:0.00M, Peak:0.00M | Scene, ViewLayer | Synchronizing object | Sneaker_Upper.R
Fra:1 Mem:21.86M (Peak 21.86M) | Time:00:00.10 | Mem:0.00M, Peak:0.00M | Scene, ViewLayer | Synchronizing object | Sock.R
Fra:1 Mem:21.87M (Peak 21.87M) | Time:00:00.10 | Mem:0.00M, Peak:0.00M | Scene, ViewLayer | Synchronizing object | Lace_0.R
Fra:1 Mem:21.80M (Peak 21.87M) | Time:00:00.10 | Mem:0.00M, Peak:0.00M | Scene, ViewLayer | Synchronizing object | Lace_1.R
Fra:1 Mem:21.80M (Peak 21.87M) | Time:00:00.10 | Mem:0.00M, Peak:0.00M | Scene, ViewLayer | Synchronizing object | Lace_2.R
Fra:1 Mem:21.81M (Peak 21.87M) | Time:00:00.10 | Mem:0.00M, Peak:0.00M | Scene, ViewLayer | Synchronizing object | Lace_3.R
Fra:1 Mem:21.81M (Peak 21.87M) | Time:00:00.10 | Mem:0.00M, Peak:0.00M | Scene, ViewLayer | Synchronizing object | Heel_Tab.R
Fra:1 Mem:22.36M (Peak 22.36M) | Time:00:00.14 | Mem:0.00M, Peak:0.00M | Scene, ViewLayer | Synchronizing object | Jacket_ContinuousShoulders
Fra:1 Mem:23.58M (Peak 23.58M) | Time:00:00.54 | Mem:0.00M, Peak:0.00M | Scene, ViewLayer | Synchronizing object | Face_Head
Fra:1 Mem:24.25M (Peak 24.25M) | Time:00:00.55 | Mem:0.00M, Peak:0.00M | Scene, ViewLayer | Synchronizing object | Ear.L
Fra:1 Mem:24.30M (Peak 24.30M) | Time:00:00.55 | Mem:0.00M, Peak:0.00M | Scene, ViewLayer | Synchronizing object | Ear_Fold.L
Fra:1 Mem:24.35M (Peak 24.35M) | Time:00:00.56 | Mem:0.00M, Peak:0.00M | Scene, ViewLayer | Synchronizing object | Ear.R
Fra:1 Mem:24.41M (Peak 24.41M) | Time:00:00.56 | Mem:0.00M, Peak:0.00M | Scene, ViewLayer | Synchronizing object | Ear_Fold.R
Fra:1 Mem:24.42M (Peak 24.42M) | Time:00:00.56 | Mem:0.00M, Peak:0.00M | Scene, ViewLayer | Synchronizing object | Eye_White.L
Fra:1 Mem:24.44M (Peak 24.44M) | Time:00:00.56 | Mem:0.00M, Peak:0.00M | Scene, ViewLayer | Synchronizing object | Iris_hair.L
Fra:1 Mem:24.44M (Peak 24.44M) | Time:00:00.56 | Mem:0.00M, Peak:0.00M | Scene, ViewLayer | Synchronizing object | Iris_ink.L
Fra:1 Mem:24.45M (Peak 24.45M) | Time:00:00.56 | Mem:0.00M, Peak:0.00M | Scene, ViewLayer | Synchronizing object | Eye_Glint.L
Fra:1 Mem:24.46M (Peak 24.46M) | Time:00:00.56 | Mem:0.00M, Peak:0.00M | Scene, ViewLayer | Synchronizing object | Upper_Lid.L
Fra:1 Mem:24.50M (Peak 24.50M) | Time:00:00.56 | Mem:0.00M, Peak:0.00M | Scene, ViewLayer | Synchronizing object | Lower_Lid.L
Fra:1 Mem:24.48M (Peak 24.50M) | Time:00:00.56 | Mem:0.00M, Peak:0.00M | Scene, ViewLayer | Synchronizing object | Eyebrow.L
Fra:1 Mem:24.47M (Peak 24.50M) | Time:00:00.56 | Mem:0.00M, Peak:0.00M | Scene, ViewLayer | Synchronizing object | Eye_White.R
Fra:1 Mem:24.48M (Peak 24.50M) | Time:00:00.56 | Mem:0.00M, Peak:0.00M | Scene, ViewLayer | Synchronizing object | Iris_hair.R
Fra:1 Mem:24.49M (Peak 24.50M) | Time:00:00.56 | Mem:0.00M, Peak:0.00M | Scene, ViewLayer | Synchronizing object | Iris_ink.R
Fra:1 Mem:24.50M (Peak 24.50M) | Time:00:00.56 | Mem:0.00M, Peak:0.00M | Scene, ViewLayer | Synchronizing object | Eye_Glint.R
Fra:1 Mem:24.50M (Peak 24.50M) | Time:00:00.56 | Mem:0.00M, Peak:0.00M | Scene, ViewLayer | Synchronizing object | Upper_Lid.R
Fra:1 Mem:24.51M (Peak 24.51M) | Time:00:00.56 | Mem:0.00M, Peak:0.00M | Scene, ViewLayer | Synchronizing object | Lower_Lid.R
Fra:1 Mem:24.52M (Peak 24.52M) | Time:00:00.56 | Mem:0.00M, Peak:0.00M | Scene, ViewLayer | Synchronizing object | Eyebrow.R
Fra:1 Mem:24.52M (Peak 24.52M) | Time:00:00.56 | Mem:0.00M, Peak:0.00M | Scene, ViewLayer | Synchronizing object | Mouth
Fra:1 Mem:24.54M (Peak 24.54M) | Time:00:00.56 | Mem:0.00M, Peak:0.00M | Scene, ViewLayer | Synchronizing object | Tee_Dot_1.275
Fra:1 Mem:24.54M (Peak 24.54M) | Time:00:00.56 | Mem:0.00M, Peak:0.00M | Scene, ViewLayer | Synchronizing object | Tee_Dot_1.246
Fra:1 Mem:24.55M (Peak 24.55M) | Time:00:00.56 | Mem:0.00M, Peak:0.00M | Scene, ViewLayer | Synchronizing object | Tee_Bar
Fra:1 Mem:24.55M (Peak 24.55M) | Time:00:00.56 | Mem:0.00M, Peak:0.00M | Scene, ViewLayer | Synchronizing object | Review_Ground
Fra:1 Mem:24.55M (Peak 24.55M) | Time:00:00.56 | Mem:0.00M, Peak:0.00M | Scene, ViewLayer | Synchronizing object | Review_Key
Fra:1 Mem:24.55M (Peak 24.55M) | Time:00:00.56 | Mem:0.00M, Peak:0.00M | Scene, ViewLayer | Synchronizing object | Review_Fill
Fra:1 Mem:24.55M (Peak 24.55M) | Time:00:00.56 | Mem:0.00M, Peak:0.00M | Scene, ViewLayer | Synchronizing object | Review_Rim
Fra:1 Mem:24.75M (Peak 24.75M) | Time:00:00.82 | Mem:0.00M, Peak:0.00M | Scene, ViewLayer | Synchronizing object | Hair_Cap
Fra:1 Mem:24.92M (Peak 24.92M) | Time:00:00.82 | Mem:0.00M, Peak:0.00M | Scene, ViewLayer | Synchronizing object | Crown_0.R
Fra:1 Mem:24.98M (Peak 24.98M) | Time:00:00.82 | Mem:0.00M, Peak:0.00M | Scene, ViewLayer | Synchronizing object | Crown_0.L
Fra:1 Mem:24.99M (Peak 24.99M) | Time:00:00.82 | Mem:0.00M, Peak:0.00M | Scene, ViewLayer | Synchronizing object | Temple_2.R
Fra:1 Mem:25.01M (Peak 25.01M) | Time:00:00.82 | Mem:0.00M, Peak:0.00M | Scene, ViewLayer | Synchronizing object | Temple_1.R
Fra:1 Mem:25.02M (Peak 25.02M) | Time:00:00.82 | Mem:0.00M, Peak:0.00M | Scene, ViewLayer | Synchronizing object | Temple_0.R
Fra:1 Mem:25.04M (Peak 25.04M) | Time:00:00.82 | Mem:0.00M, Peak:0.00M | Scene, ViewLayer | Synchronizing object | Temple_2.L
Fra:1 Mem:25.08M (Peak 25.08M) | Time:00:00.82 | Mem:0.00M, Peak:0.00M | Scene, ViewLayer | Synchronizing object | Temple_1.L
Fra:1 Mem:25.11M (Peak 25.11M) | Time:00:00.82 | Mem:0.00M, Peak:0.00M | Scene, ViewLayer | Synchronizing object | Temple_0.L
Fra:1 Mem:25.20M (Peak 25.20M) | Time:00:00.82 | Mem:0.00M, Peak:0.00M | Scene, ViewLayer | Synchronizing object | Bangs_05
Fra:1 Mem:25.24M (Peak 25.24M) | Time:00:00.82 | Mem:0.00M, Peak:0.00M | Scene, ViewLayer | Synchronizing object | Bangs_04
Fra:1 Mem:25.30M (Peak 25.30M) | Time:00:00.82 | Mem:0.00M, Peak:0.00M | Scene, ViewLayer | Synchronizing object | Bangs_03
Fra:1 Mem:25.32M (Peak 25.32M) | Time:00:00.82 | Mem:0.00M, Peak:0.00M | Scene, ViewLayer | Synchronizing object | Bangs_02
Fra:1 Mem:25.26M (Peak 25.32M) | Time:00:00.82 | Mem:0.00M, Peak:0.00M | Scene, ViewLayer | Synchronizing object | Bangs_00
Fra:1 Mem:25.27M (Peak 25.32M) | Time:00:00.82 | Mem:0.00M, Peak:0.00M | Scene, ViewLayer | Synchronizing object | Bangs_01
Fra:1 Mem:25.30M (Peak 25.32M) | Time:00:00.82 | Mem:0.00M, Peak:0.00M | Scene, ViewLayer | Initializing
Fra:1 Mem:21.25M (Peak 25.32M) | Time:00:00.82 | Mem:0.00M, Peak:0.00M | Scene, ViewLayer | Updating Images | Loading CHR001_GreyStudy_BaseColor
Fra:1 Mem:21.85M (Peak 29.27M) | Time:00:00.83 | Mem:4.00M, Peak:4.00M | Scene, ViewLayer | Waiting for render to start
Fra:1 Mem:21.85M (Peak 29.27M) | Time:00:00.83 | Mem:4.00M, Peak:4.00M | Scene, ViewLayer | Updating Scene
Fra:1 Mem:21.85M (Peak 29.27M) | Time:00:00.83 | Mem:4.00M, Peak:4.00M | Scene, ViewLayer | Updating Shaders
Fra:1 Mem:21.85M (Peak 29.27M) | Time:00:00.83 | Mem:4.00M, Peak:4.00M | Scene, ViewLayer | Loading render kernels (may take a few minutes the first time)
Fra:1 Mem:21.93M (Peak 29.27M) | Time:00:00.83 | Mem:4.00M, Peak:4.00M | Scene, ViewLayer | Updating Procedurals
Fra:1 Mem:21.93M (Peak 29.27M) | Time:00:00.83 | Mem:4.00M, Peak:4.00M | Scene, ViewLayer | Updating Background
Fra:1 Mem:21.93M (Peak 29.27M) | Time:00:00.83 | Mem:4.00M, Peak:4.00M | Scene, ViewLayer | Updating Camera
Fra:1 Mem:21.93M (Peak 29.27M) | Time:00:00.83 | Mem:4.00M, Peak:4.00M | Scene, ViewLayer | Updating Meshes Flags
Fra:1 Mem:21.93M (Peak 29.27M) | Time:00:00.83 | Mem:4.00M, Peak:4.00M | Scene, ViewLayer | Updating Objects
Fra:1 Mem:21.93M (Peak 29.27M) | Time:00:00.83 | Mem:4.00M, Peak:4.00M | Scene, ViewLayer | Updating Objects | Copying Transformations to device
Fra:1 Mem:21.95M (Peak 29.27M) | Time:00:00.83 | Mem:4.02M, Peak:4.02M | Scene, ViewLayer | Updating Particle Systems
Fra:1 Mem:21.95M (Peak 29.27M) | Time:00:00.83 | Mem:4.02M, Peak:4.02M | Scene, ViewLayer | Updating Particle Systems | Copying Particles to device
Fra:1 Mem:21.95M (Peak 29.27M) | Time:00:00.83 | Mem:4.02M, Peak:4.02M | Scene, ViewLayer | Updating Meshes
Fra:1 Mem:21.95M (Peak 29.27M) | Time:00:00.83 | Mem:4.02M, Peak:4.02M | Scene, ViewLayer | Updating Objects | Applying Static Transformations
Fra:1 Mem:21.95M (Peak 29.27M) | Time:00:00.83 | Mem:4.02M, Peak:4.02M | Scene, ViewLayer | Updating Mesh | Computing attributes
Fra:1 Mem:22.94M (Peak 29.27M) | Time:00:00.83 | Mem:4.03M, Peak:4.03M | Scene, ViewLayer | Updating Mesh | Copying Attributes to device
Fra:1 Mem:22.93M (Peak 29.27M) | Time:00:00.83 | Mem:4.99M, Peak:4.99M | Scene, ViewLayer | Updating Scene BVH | Building
Fra:1 Mem:22.93M (Peak 29.27M) | Time:00:00.83 | Mem:4.99M, Peak:4.99M | Scene, ViewLayer | Updating Scene BVH | Building BVH
Fra:1 Mem:22.93M (Peak 29.27M) | Time:00:00.84 | Mem:6.02M, Peak:6.02M | Scene, ViewLayer | Updating Scene BVH | Building BVH 0%
Fra:1 Mem:22.93M (Peak 29.27M) | Time:00:00.84 | Mem:7.14M, Peak:8.16M | Scene, ViewLayer | Updating Scene BVH | Copying BVH to device
Fra:1 Mem:22.93M (Peak 29.27M) | Time:00:00.84 | Mem:7.14M, Peak:8.16M | Scene, ViewLayer | Updating Mesh | Computing normals
Fra:1 Mem:23.84M (Peak 29.27M) | Time:00:00.84 | Mem:7.14M, Peak:8.16M | Scene, ViewLayer | Updating Mesh | Copying Mesh to device
Fra:1 Mem:23.84M (Peak 29.27M) | Time:00:00.84 | Mem:8.04M, Peak:8.16M | Scene, ViewLayer | Updating Objects Flags
Fra:1 Mem:23.84M (Peak 29.27M) | Time:00:00.84 | Mem:8.05M, Peak:8.16M | Scene, ViewLayer | Updating Primitive Offsets
Fra:1 Mem:23.84M (Peak 29.27M) | Time:00:00.84 | Mem:8.05M, Peak:8.16M | Scene, ViewLayer | Updating Images
Fra:1 Mem:23.84M (Peak 29.27M) | Time:00:00.84 | Mem:8.05M, Peak:8.16M | Scene, ViewLayer | Updating Camera Volume
Fra:1 Mem:23.84M (Peak 29.27M) | Time:00:00.84 | Mem:8.05M, Peak:8.16M | Scene, ViewLayer | Updating Lookup Tables
Fra:1 Mem:23.84M (Peak 29.27M) | Time:00:00.84 | Mem:8.13M, Peak:8.16M | Scene, ViewLayer | Updating Lights
Fra:1 Mem:23.84M (Peak 29.27M) | Time:00:00.84 | Mem:8.13M, Peak:8.16M | Scene, ViewLayer | Updating Lights | Computing tree
Fra:1 Mem:23.84M (Peak 29.27M) | Time:00:00.84 | Mem:8.13M, Peak:8.16M | Scene, ViewLayer | Updating Integrator
Fra:1 Mem:23.84M (Peak 29.27M) | Time:00:00.84 | Mem:8.13M, Peak:8.16M | Scene, ViewLayer | Updating Film
Fra:1 Mem:23.84M (Peak 29.27M) | Time:00:00.84 | Mem:8.05M, Peak:8.16M | Scene, ViewLayer | Updating Lookup Tables
Fra:1 Mem:23.84M (Peak 29.27M) | Time:00:00.84 | Mem:8.13M, Peak:8.16M | Scene, ViewLayer | Updating Baking
Fra:1 Mem:23.84M (Peak 29.27M) | Time:00:00.84 | Mem:8.13M, Peak:8.16M | Scene, ViewLayer | Updating Device | Writing constant memory
Fra:1 Mem:23.85M (Peak 29.27M) | Time:00:00.84 | Mem:8.13M, Peak:8.16M | Scene, ViewLayer | Loading denoising kernels (may take a few minutes the first time)
Fra:1 Mem:23.85M (Peak 29.27M) | Time:00:00.84 | Mem:8.13M, Peak:8.16M | Scene, ViewLayer | Sample 0/24
Fra:1 Mem:73.96M (Peak 73.96M) | Time:00:01.40 | Remaining:00:12.85 | Mem:58.24M, Peak:58.24M | Scene, ViewLayer | Sample 1/24
Fra:1 Mem:95.06M (Peak 126.70M) | Time:00:21.00 | Mem:58.24M, Peak:58.24M | Scene, ViewLayer | Sample 24/24
Fra:1 Mem:95.06M (Peak 126.70M) | Time:00:21.00 | Mem:58.24M, Peak:58.24M | Scene, ViewLayer | Finished
Saved: '/home/lzzz/MyProjects/N-SIDE/output/characters/CHR-001/model-r6/first/hair-quarter.png'
Time: 00:21.05 (Saving: 00:00.05)


Blender quit
