Blender 4.5.14 LTS (hash 62c1db4208e8 built 2026-09-15 01:31:19)
Read blend: "/home/lzzz/MyProjects/N-SIDE/output/characters/CHR-002/ling-model-r3/baseline.blend"
Fra:1 Mem:21.71M (Peak 22.79M) | Time:00:00.04 | Mem:0.00M, Peak:0.00M | Scene, ViewLayer | Synchronizing object | TShirt
Fra:1 Mem:21.86M (Peak 22.79M) | Time:00:00.04 | Mem:0.00M, Peak:0.00M | Scene, ViewLayer | Synchronizing object | TShirt_Collar
Fra:1 Mem:21.89M (Peak 22.79M) | Time:00:00.05 | Mem:0.00M, Peak:0.00M | Scene, ViewLayer | Synchronizing object | Sleeve_Cuff.L
Fra:1 Mem:21.89M (Peak 22.79M) | Time:00:00.05 | Mem:0.00M, Peak:0.00M | Scene, ViewLayer | Synchronizing object | Zip_Tape.L
Fra:1 Mem:21.93M (Peak 22.79M) | Time:00:00.06 | Mem:0.00M, Peak:0.00M | Scene, ViewLayer | Synchronizing object | Palm.L
Fra:1 Mem:22.00M (Peak 22.79M) | Time:00:00.06 | Mem:0.00M, Peak:0.00M | Scene, ViewLayer | Synchronizing object | Index_Mesh.L
Fra:1 Mem:21.99M (Peak 22.79M) | Time:00:00.06 | Mem:0.00M, Peak:0.00M | Scene, ViewLayer | Synchronizing object | Middle_Mesh.L
Fra:1 Mem:22.00M (Peak 22.79M) | Time:00:00.06 | Mem:0.00M, Peak:0.00M | Scene, ViewLayer | Synchronizing object | Ring_Mesh.L
Fra:1 Mem:22.00M (Peak 22.79M) | Time:00:00.06 | Mem:0.00M, Peak:0.00M | Scene, ViewLayer | Synchronizing object | Pinky_Mesh.L
Fra:1 Mem:22.01M (Peak 22.79M) | Time:00:00.06 | Mem:0.00M, Peak:0.00M | Scene, ViewLayer | Synchronizing object | Thumb_Mesh.L
Fra:1 Mem:22.11M (Peak 22.79M) | Time:00:00.09 | Mem:0.00M, Peak:0.00M | Scene, ViewLayer | Synchronizing object | Leg.L
Fra:1 Mem:22.29M (Peak 22.79M) | Time:00:00.13 | Mem:0.00M, Peak:0.00M | Scene, ViewLayer | Synchronizing object | Shorts.L
Fra:1 Mem:22.38M (Peak 22.79M) | Time:00:00.13 | Mem:0.00M, Peak:0.00M | Scene, ViewLayer | Synchronizing object | Shorts_Hem.L
Fra:1 Mem:22.39M (Peak 22.79M) | Time:00:00.13 | Mem:0.00M, Peak:0.00M | Scene, ViewLayer | Synchronizing object | Sneaker_Sole.L
Fra:1 Mem:22.41M (Peak 22.79M) | Time:00:00.13 | Mem:0.00M, Peak:0.00M | Scene, ViewLayer | Synchronizing object | Sneaker_Upper.L
Fra:1 Mem:22.43M (Peak 22.79M) | Time:00:00.13 | Mem:0.00M, Peak:0.00M | Scene, ViewLayer | Synchronizing object | Sock.L
Fra:1 Mem:22.44M (Peak 22.79M) | Time:00:00.13 | Mem:0.00M, Peak:0.00M | Scene, ViewLayer | Synchronizing object | Lace_0.L
Fra:1 Mem:22.45M (Peak 22.79M) | Time:00:00.13 | Mem:0.00M, Peak:0.00M | Scene, ViewLayer | Synchronizing object | Lace_1.L
Fra:1 Mem:22.45M (Peak 22.79M) | Time:00:00.13 | Mem:0.00M, Peak:0.00M | Scene, ViewLayer | Synchronizing object | Lace_2.L
Fra:1 Mem:22.45M (Peak 22.79M) | Time:00:00.13 | Mem:0.00M, Peak:0.00M | Scene, ViewLayer | Synchronizing object | Heel_Tab.L
Fra:1 Mem:22.46M (Peak 22.79M) | Time:00:00.13 | Mem:0.00M, Peak:0.00M | Scene, ViewLayer | Synchronizing object | Sleeve_Cuff.R
Fra:1 Mem:22.46M (Peak 22.79M) | Time:00:00.13 | Mem:0.00M, Peak:0.00M | Scene, ViewLayer | Synchronizing object | Zip_Tape.R
Fra:1 Mem:22.50M (Peak 22.79M) | Time:00:00.14 | Mem:0.00M, Peak:0.00M | Scene, ViewLayer | Synchronizing object | Palm.R
Fra:1 Mem:22.55M (Peak 22.79M) | Time:00:00.14 | Mem:0.00M, Peak:0.00M | Scene, ViewLayer | Synchronizing object | Index_Mesh.R
Fra:1 Mem:22.56M (Peak 22.79M) | Time:00:00.14 | Mem:0.00M, Peak:0.00M | Scene, ViewLayer | Synchronizing object | Middle_Mesh.R
Fra:1 Mem:22.56M (Peak 22.79M) | Time:00:00.14 | Mem:0.00M, Peak:0.00M | Scene, ViewLayer | Synchronizing object | Ring_Mesh.R
Fra:1 Mem:22.57M (Peak 22.79M) | Time:00:00.14 | Mem:0.00M, Peak:0.00M | Scene, ViewLayer | Synchronizing object | Pinky_Mesh.R
Fra:1 Mem:22.58M (Peak 22.79M) | Time:00:00.14 | Mem:0.00M, Peak:0.00M | Scene, ViewLayer | Synchronizing object | Thumb_Mesh.R
Fra:1 Mem:22.68M (Peak 22.79M) | Time:00:00.17 | Mem:0.00M, Peak:0.00M | Scene, ViewLayer | Synchronizing object | Leg.R
Fra:1 Mem:22.86M (Peak 22.86M) | Time:00:00.21 | Mem:0.00M, Peak:0.00M | Scene, ViewLayer | Synchronizing object | Shorts.R
Fra:1 Mem:22.97M (Peak 22.97M) | Time:00:00.21 | Mem:0.00M, Peak:0.00M | Scene, ViewLayer | Synchronizing object | Shorts_Hem.R
Fra:1 Mem:22.97M (Peak 22.97M) | Time:00:00.21 | Mem:0.00M, Peak:0.00M | Scene, ViewLayer | Synchronizing object | Sneaker_Sole.R
Fra:1 Mem:22.99M (Peak 22.99M) | Time:00:00.21 | Mem:0.00M, Peak:0.00M | Scene, ViewLayer | Synchronizing object | Sneaker_Upper.R
Fra:1 Mem:23.01M (Peak 23.01M) | Time:00:00.21 | Mem:0.00M, Peak:0.00M | Scene, ViewLayer | Synchronizing object | Sock.R
Fra:1 Mem:23.03M (Peak 23.03M) | Time:00:00.21 | Mem:0.00M, Peak:0.00M | Scene, ViewLayer | Synchronizing object | Lace_0.R
Fra:1 Mem:23.03M (Peak 23.03M) | Time:00:00.21 | Mem:0.00M, Peak:0.00M | Scene, ViewLayer | Synchronizing object | Lace_1.R
Fra:1 Mem:23.05M (Peak 23.05M) | Time:00:00.21 | Mem:0.00M, Peak:0.00M | Scene, ViewLayer | Synchronizing object | Lace_2.R
Fra:1 Mem:23.12M (Peak 23.12M) | Time:00:00.21 | Mem:0.00M, Peak:0.00M | Scene, ViewLayer | Synchronizing object | Heel_Tab.R
Fra:1 Mem:23.60M (Peak 23.60M) | Time:00:00.24 | Mem:0.00M, Peak:0.00M | Scene, ViewLayer | Synchronizing object | Jacket_ContinuousShoulders
Fra:1 Mem:24.82M (Peak 24.82M) | Time:00:00.66 | Mem:0.00M, Peak:0.00M | Scene, ViewLayer | Synchronizing object | Face_Head
Fra:1 Mem:25.49M (Peak 25.49M) | Time:00:00.67 | Mem:0.00M, Peak:0.00M | Scene, ViewLayer | Synchronizing object | Ear.L
Fra:1 Mem:25.55M (Peak 25.55M) | Time:00:00.67 | Mem:0.00M, Peak:0.00M | Scene, ViewLayer | Synchronizing object | Ear_Fold.L
Fra:1 Mem:25.59M (Peak 25.59M) | Time:00:00.68 | Mem:0.00M, Peak:0.00M | Scene, ViewLayer | Synchronizing object | Ear.R
Fra:1 Mem:25.66M (Peak 25.66M) | Time:00:00.68 | Mem:0.00M, Peak:0.00M | Scene, ViewLayer | Synchronizing object | Ear_Fold.R
Fra:1 Mem:25.66M (Peak 25.66M) | Time:00:00.68 | Mem:0.00M, Peak:0.00M | Scene, ViewLayer | Synchronizing object | Eye_White.L
Fra:1 Mem:25.68M (Peak 25.68M) | Time:00:00.68 | Mem:0.00M, Peak:0.00M | Scene, ViewLayer | Synchronizing object | Iris_hair.L
Fra:1 Mem:25.68M (Peak 25.68M) | Time:00:00.68 | Mem:0.00M, Peak:0.00M | Scene, ViewLayer | Synchronizing object | Iris_ink.L
Fra:1 Mem:25.69M (Peak 25.69M) | Time:00:00.68 | Mem:0.00M, Peak:0.00M | Scene, ViewLayer | Synchronizing object | Eye_Glint.L
Fra:1 Mem:25.70M (Peak 25.70M) | Time:00:00.68 | Mem:0.00M, Peak:0.00M | Scene, ViewLayer | Synchronizing object | Upper_Lid.L
Fra:1 Mem:25.71M (Peak 25.71M) | Time:00:00.68 | Mem:0.00M, Peak:0.00M | Scene, ViewLayer | Synchronizing object | Lower_Lid.L
Fra:1 Mem:25.72M (Peak 25.72M) | Time:00:00.68 | Mem:0.00M, Peak:0.00M | Scene, ViewLayer | Synchronizing object | Eyebrow.L
Fra:1 Mem:25.73M (Peak 25.73M) | Time:00:00.68 | Mem:0.00M, Peak:0.00M | Scene, ViewLayer | Synchronizing object | Upper_Lid_Tip.L
Fra:1 Mem:25.73M (Peak 25.73M) | Time:00:00.68 | Mem:0.00M, Peak:0.00M | Scene, ViewLayer | Synchronizing object | Eye_White.R
Fra:1 Mem:25.74M (Peak 25.74M) | Time:00:00.68 | Mem:0.00M, Peak:0.00M | Scene, ViewLayer | Synchronizing object | Iris_hair.R
Fra:1 Mem:25.75M (Peak 25.75M) | Time:00:00.68 | Mem:0.00M, Peak:0.00M | Scene, ViewLayer | Synchronizing object | Iris_ink.R
Fra:1 Mem:25.76M (Peak 25.76M) | Time:00:00.68 | Mem:0.00M, Peak:0.00M | Scene, ViewLayer | Synchronizing object | Eye_Glint.R
Fra:1 Mem:25.77M (Peak 25.77M) | Time:00:00.68 | Mem:0.00M, Peak:0.00M | Scene, ViewLayer | Synchronizing object | Upper_Lid.R
Fra:1 Mem:25.78M (Peak 25.78M) | Time:00:00.68 | Mem:0.00M, Peak:0.00M | Scene, ViewLayer | Synchronizing object | Lower_Lid.R
Fra:1 Mem:25.79M (Peak 25.79M) | Time:00:00.68 | Mem:0.00M, Peak:0.00M | Scene, ViewLayer | Synchronizing object | Eyebrow.R
Fra:1 Mem:25.80M (Peak 25.80M) | Time:00:00.68 | Mem:0.00M, Peak:0.00M | Scene, ViewLayer | Synchronizing object | Upper_Lid_Tip.R
Fra:1 Mem:25.80M (Peak 25.80M) | Time:00:00.68 | Mem:0.00M, Peak:0.00M | Scene, ViewLayer | Synchronizing object | Mouth
Fra:1 Mem:25.82M (Peak 25.82M) | Time:00:00.68 | Mem:0.00M, Peak:0.00M | Scene, ViewLayer | Synchronizing object | Hair_Cap
Fra:1 Mem:27.07M (Peak 27.07M) | Time:00:00.72 | Mem:0.00M, Peak:0.00M | Scene, ViewLayer | Synchronizing object | Hair_CrownBase
Fra:1 Mem:27.16M (Peak 27.16M) | Time:00:00.72 | Mem:0.00M, Peak:0.00M | Scene, ViewLayer | Synchronizing object | Review_Rim
Fra:1 Mem:27.16M (Peak 27.16M) | Time:00:00.72 | Mem:0.00M, Peak:0.00M | Scene, ViewLayer | Synchronizing object | Bangs_00
Fra:1 Mem:27.16M (Peak 27.16M) | Time:00:00.72 | Mem:0.00M, Peak:0.00M | Scene, ViewLayer | Synchronizing object | Review_Fill
Fra:1 Mem:27.17M (Peak 27.17M) | Time:00:00.72 | Mem:0.00M, Peak:0.00M | Scene, ViewLayer | Synchronizing object | Review_Key
Fra:1 Mem:27.17M (Peak 27.17M) | Time:00:00.72 | Mem:0.00M, Peak:0.00M | Scene, ViewLayer | Synchronizing object | Review_Ground
Fra:1 Mem:27.18M (Peak 27.18M) | Time:00:00.72 | Mem:0.00M, Peak:0.00M | Scene, ViewLayer | Synchronizing object | Bangs_01
Fra:1 Mem:27.19M (Peak 27.19M) | Time:00:00.72 | Mem:0.00M, Peak:0.00M | Scene, ViewLayer | Synchronizing object | Drawing_Pen_0.16
Fra:1 Mem:27.22M (Peak 27.22M) | Time:00:00.72 | Mem:0.00M, Peak:0.00M | Scene, ViewLayer | Synchronizing object | Drawing_Pen_0.136
Fra:1 Mem:27.23M (Peak 27.23M) | Time:00:00.72 | Mem:0.00M, Peak:0.00M | Scene, ViewLayer | Synchronizing object | Bangs_02
Fra:1 Mem:27.22M (Peak 27.23M) | Time:00:00.72 | Mem:0.00M, Peak:0.00M | Scene, ViewLayer | Synchronizing object | Pen_Pouch
Fra:1 Mem:27.24M (Peak 27.24M) | Time:00:00.72 | Mem:0.00M, Peak:0.00M | Scene, ViewLayer | Synchronizing object | Hair_Clip_1
Fra:1 Mem:27.25M (Peak 27.25M) | Time:00:00.72 | Mem:0.00M, Peak:0.00M | Scene, ViewLayer | Synchronizing object | Bangs_03
Fra:1 Mem:27.25M (Peak 27.25M) | Time:00:00.72 | Mem:0.00M, Peak:0.00M | Scene, ViewLayer | Synchronizing object | Hair_Clip_0
Fra:1 Mem:27.27M (Peak 27.27M) | Time:00:00.72 | Mem:0.00M, Peak:0.00M | Scene, ViewLayer | Synchronizing object | Temple_0.R
Fra:1 Mem:27.30M (Peak 27.30M) | Time:00:00.72 | Mem:0.00M, Peak:0.00M | Scene, ViewLayer | Synchronizing object | Bangs_04
Fra:1 Mem:27.32M (Peak 27.32M) | Time:00:00.72 | Mem:0.00M, Peak:0.00M | Scene, ViewLayer | Synchronizing object | Temple_0.L
Fra:1 Mem:27.34M (Peak 27.34M) | Time:00:00.72 | Mem:0.00M, Peak:0.00M | Scene, ViewLayer | Synchronizing object | Bangs_05
Fra:1 Mem:27.38M (Peak 27.38M) | Time:00:00.72 | Mem:0.00M, Peak:0.00M | Scene, ViewLayer | Synchronizing object | Bangs_06
Fra:1 Mem:27.41M (Peak 27.41M) | Time:00:00.72 | Mem:0.00M, Peak:0.00M | Scene, ViewLayer | Initializing
Fra:1 Mem:22.49M (Peak 27.41M) | Time:00:00.72 | Mem:0.00M, Peak:0.00M | Scene, ViewLayer | Updating Images | Loading CHR002_GreyStudy_BaseColor
Fra:1 Mem:23.11M (Peak 30.50M) | Time:00:00.75 | Mem:4.00M, Peak:4.00M | Scene, ViewLayer | Waiting for render to start
Fra:1 Mem:23.11M (Peak 30.50M) | Time:00:00.75 | Mem:4.00M, Peak:4.00M | Scene, ViewLayer | Updating Scene
Fra:1 Mem:23.11M (Peak 30.50M) | Time:00:00.75 | Mem:4.00M, Peak:4.00M | Scene, ViewLayer | Updating Shaders
Fra:1 Mem:23.11M (Peak 30.50M) | Time:00:00.75 | Mem:4.00M, Peak:4.00M | Scene, ViewLayer | Loading render kernels (may take a few minutes the first time)
Fra:1 Mem:23.20M (Peak 30.50M) | Time:00:00.75 | Mem:4.00M, Peak:4.00M | Scene, ViewLayer | Updating Procedurals
Fra:1 Mem:23.20M (Peak 30.50M) | Time:00:00.75 | Mem:4.00M, Peak:4.00M | Scene, ViewLayer | Updating Background
Fra:1 Mem:23.20M (Peak 30.50M) | Time:00:00.75 | Mem:4.00M, Peak:4.00M | Scene, ViewLayer | Updating Camera
Fra:1 Mem:23.20M (Peak 30.50M) | Time:00:00.75 | Mem:4.00M, Peak:4.00M | Scene, ViewLayer | Updating Meshes Flags
Fra:1 Mem:23.20M (Peak 30.50M) | Time:00:00.75 | Mem:4.00M, Peak:4.00M | Scene, ViewLayer | Updating Objects
Fra:1 Mem:23.20M (Peak 30.50M) | Time:00:00.75 | Mem:4.00M, Peak:4.00M | Scene, ViewLayer | Updating Objects | Copying Transformations to device
Fra:1 Mem:23.21M (Peak 30.50M) | Time:00:00.75 | Mem:4.02M, Peak:4.02M | Scene, ViewLayer | Updating Particle Systems
Fra:1 Mem:23.21M (Peak 30.50M) | Time:00:00.75 | Mem:4.02M, Peak:4.02M | Scene, ViewLayer | Updating Particle Systems | Copying Particles to device
Fra:1 Mem:23.21M (Peak 30.50M) | Time:00:00.75 | Mem:4.02M, Peak:4.02M | Scene, ViewLayer | Updating Meshes
Fra:1 Mem:23.21M (Peak 30.50M) | Time:00:00.75 | Mem:4.02M, Peak:4.02M | Scene, ViewLayer | Updating Objects | Applying Static Transformations
Fra:1 Mem:23.21M (Peak 30.50M) | Time:00:00.75 | Mem:4.02M, Peak:4.02M | Scene, ViewLayer | Updating Mesh | Computing attributes
Fra:1 Mem:24.44M (Peak 30.50M) | Time:00:00.75 | Mem:4.03M, Peak:4.03M | Scene, ViewLayer | Updating Mesh | Copying Attributes to device
Fra:1 Mem:24.43M (Peak 30.50M) | Time:00:00.75 | Mem:5.23M, Peak:5.23M | Scene, ViewLayer | Updating Scene BVH | Building
Fra:1 Mem:24.43M (Peak 30.50M) | Time:00:00.75 | Mem:5.23M, Peak:5.23M | Scene, ViewLayer | Updating Scene BVH | Building BVH
Fra:1 Mem:24.43M (Peak 30.50M) | Time:00:00.75 | Mem:6.51M, Peak:6.51M | Scene, ViewLayer | Updating Scene BVH | Building BVH 0%
Fra:1 Mem:24.43M (Peak 30.50M) | Time:00:00.76 | Mem:7.91M, Peak:9.19M | Scene, ViewLayer | Updating Scene BVH | Copying BVH to device
Fra:1 Mem:24.43M (Peak 30.50M) | Time:00:00.76 | Mem:7.91M, Peak:9.19M | Scene, ViewLayer | Updating Mesh | Computing normals
Fra:1 Mem:25.56M (Peak 30.50M) | Time:00:00.76 | Mem:7.91M, Peak:9.19M | Scene, ViewLayer | Updating Mesh | Copying Mesh to device
Fra:1 Mem:25.56M (Peak 30.50M) | Time:00:00.76 | Mem:9.04M, Peak:9.19M | Scene, ViewLayer | Updating Objects Flags
Fra:1 Mem:25.56M (Peak 30.50M) | Time:00:00.76 | Mem:9.04M, Peak:9.19M | Scene, ViewLayer | Updating Primitive Offsets
Fra:1 Mem:25.56M (Peak 30.50M) | Time:00:00.76 | Mem:9.04M, Peak:9.19M | Scene, ViewLayer | Updating Images
Fra:1 Mem:25.56M (Peak 30.50M) | Time:00:00.76 | Mem:9.04M, Peak:9.19M | Scene, ViewLayer | Updating Camera Volume
Fra:1 Mem:25.56M (Peak 30.50M) | Time:00:00.76 | Mem:9.04M, Peak:9.19M | Scene, ViewLayer | Updating Lookup Tables
Fra:1 Mem:25.56M (Peak 30.50M) | Time:00:00.76 | Mem:9.12M, Peak:9.19M | Scene, ViewLayer | Updating Lights
Fra:1 Mem:25.56M (Peak 30.50M) | Time:00:00.76 | Mem:9.12M, Peak:9.19M | Scene, ViewLayer | Updating Lights | Computing tree
Fra:1 Mem:25.56M (Peak 30.50M) | Time:00:00.76 | Mem:9.12M, Peak:9.19M | Scene, ViewLayer | Updating Integrator
Fra:1 Mem:25.56M (Peak 30.50M) | Time:00:00.76 | Mem:9.12M, Peak:9.19M | Scene, ViewLayer | Updating Film
Fra:1 Mem:25.56M (Peak 30.50M) | Time:00:00.76 | Mem:9.04M, Peak:9.19M | Scene, ViewLayer | Updating Lookup Tables
Fra:1 Mem:25.56M (Peak 30.50M) | Time:00:00.76 | Mem:9.13M, Peak:9.19M | Scene, ViewLayer | Updating Baking
Fra:1 Mem:25.56M (Peak 30.50M) | Time:00:00.76 | Mem:9.13M, Peak:9.19M | Scene, ViewLayer | Updating Device | Writing constant memory
Fra:1 Mem:25.57M (Peak 30.50M) | Time:00:00.76 | Mem:9.13M, Peak:9.19M | Scene, ViewLayer | Loading denoising kernels (may take a few minutes the first time)
Fra:1 Mem:25.57M (Peak 30.50M) | Time:00:00.76 | Mem:9.13M, Peak:9.19M | Scene, ViewLayer | Sample 0/24
Fra:1 Mem:75.69M (Peak 75.69M) | Time:00:01.41 | Remaining:00:15.05 | Mem:59.24M, Peak:59.24M | Scene, ViewLayer | Sample 1/24
Fra:1 Mem:96.78M (Peak 128.43M) | Time:00:23.07 | Mem:59.24M, Peak:59.24M | Scene, ViewLayer | Sample 24/24
Fra:1 Mem:96.78M (Peak 128.43M) | Time:00:23.07 | Mem:59.24M, Peak:59.24M | Scene, ViewLayer | Finished
Saved: '/home/lzzz/MyProjects/N-SIDE/output/characters/CHR-002/ling-model-r3/before/body-front.png'
Time: 00:23.14 (Saving: 00:00.06)

Fra:1 Mem:21.80M (Peak 22.46M) | Time:00:00.04 | Mem:0.00M, Peak:0.00M | Scene, ViewLayer | Synchronizing object | TShirt
Fra:1 Mem:21.95M (Peak 22.46M) | Time:00:00.04 | Mem:0.00M, Peak:0.00M | Scene, ViewLayer | Synchronizing object | TShirt_Collar
Fra:1 Mem:21.98M (Peak 22.46M) | Time:00:00.04 | Mem:0.00M, Peak:0.00M | Scene, ViewLayer | Synchronizing object | Sleeve_Cuff.L
Fra:1 Mem:21.98M (Peak 22.46M) | Time:00:00.04 | Mem:0.00M, Peak:0.00M | Scene, ViewLayer | Synchronizing object | Zip_Tape.L
Fra:1 Mem:22.02M (Peak 22.46M) | Time:00:00.06 | Mem:0.00M, Peak:0.00M | Scene, ViewLayer | Synchronizing object | Palm.L
Fra:1 Mem:22.08M (Peak 22.46M) | Time:00:00.06 | Mem:0.00M, Peak:0.00M | Scene, ViewLayer | Synchronizing object | Index_Mesh.L
Fra:1 Mem:22.07M (Peak 22.46M) | Time:00:00.06 | Mem:0.00M, Peak:0.00M | Scene, ViewLayer | Synchronizing object | Middle_Mesh.L
Fra:1 Mem:22.08M (Peak 22.46M) | Time:00:00.06 | Mem:0.00M, Peak:0.00M | Scene, ViewLayer | Synchronizing object | Ring_Mesh.L
Fra:1 Mem:22.09M (Peak 22.46M) | Time:00:00.06 | Mem:0.00M, Peak:0.00M | Scene, ViewLayer | Synchronizing object | Pinky_Mesh.L
Fra:1 Mem:22.09M (Peak 22.46M) | Time:00:00.06 | Mem:0.00M, Peak:0.00M | Scene, ViewLayer | Synchronizing object | Thumb_Mesh.L
Fra:1 Mem:22.19M (Peak 22.46M) | Time:00:00.09 | Mem:0.00M, Peak:0.00M | Scene, ViewLayer | Synchronizing object | Leg.L
Fra:1 Mem:22.38M (Peak 22.46M) | Time:00:00.12 | Mem:0.00M, Peak:0.00M | Scene, ViewLayer | Synchronizing object | Shorts.L
Fra:1 Mem:22.46M (Peak 22.46M) | Time:00:00.12 | Mem:0.00M, Peak:0.00M | Scene, ViewLayer | Synchronizing object | Shorts_Hem.L
Fra:1 Mem:22.47M (Peak 22.47M) | Time:00:00.12 | Mem:0.00M, Peak:0.00M | Scene, ViewLayer | Synchronizing object | Sneaker_Sole.L
Fra:1 Mem:22.49M (Peak 22.49M) | Time:00:00.12 | Mem:0.00M, Peak:0.00M | Scene, ViewLayer | Synchronizing object | Sneaker_Upper.L
Fra:1 Mem:22.50M (Peak 22.50M) | Time:00:00.12 | Mem:0.00M, Peak:0.00M | Scene, ViewLayer | Synchronizing object | Sock.L
Fra:1 Mem:22.52M (Peak 22.52M) | Time:00:00.12 | Mem:0.00M, Peak:0.00M | Scene, ViewLayer | Synchronizing object | Lace_0.L
Fra:1 Mem:22.52M (Peak 22.52M) | Time:00:00.12 | Mem:0.00M, Peak:0.00M | Scene, ViewLayer | Synchronizing object | Lace_1.L
Fra:1 Mem:22.52M (Peak 22.52M) | Time:00:00.12 | Mem:0.00M, Peak:0.00M | Scene, ViewLayer | Synchronizing object | Lace_2.L
Fra:1 Mem:22.53M (Peak 22.53M) | Time:00:00.12 | Mem:0.00M, Peak:0.00M | Scene, ViewLayer | Synchronizing object | Heel_Tab.L
Fra:1 Mem:22.53M (Peak 22.53M) | Time:00:00.12 | Mem:0.00M, Peak:0.00M | Scene, ViewLayer | Synchronizing object | Sleeve_Cuff.R
Fra:1 Mem:22.54M (Peak 22.54M) | Time:00:00.12 | Mem:0.00M, Peak:0.00M | Scene, ViewLayer | Synchronizing object | Zip_Tape.R
Fra:1 Mem:22.58M (Peak 22.58M) | Time:00:00.14 | Mem:0.00M, Peak:0.00M | Scene, ViewLayer | Synchronizing object | Palm.R
Fra:1 Mem:22.62M (Peak 22.62M) | Time:00:00.14 | Mem:0.00M, Peak:0.00M | Scene, ViewLayer | Synchronizing object | Index_Mesh.R
Fra:1 Mem:22.63M (Peak 22.63M) | Time:00:00.14 | Mem:0.00M, Peak:0.00M | Scene, ViewLayer | Synchronizing object | Middle_Mesh.R
Fra:1 Mem:22.63M (Peak 22.63M) | Time:00:00.14 | Mem:0.00M, Peak:0.00M | Scene, ViewLayer | Synchronizing object | Ring_Mesh.R
Fra:1 Mem:22.64M (Peak 22.64M) | Time:00:00.14 | Mem:0.00M, Peak:0.00M | Scene, ViewLayer | Synchronizing object | Pinky_Mesh.R
Fra:1 Mem:22.65M (Peak 22.65M) | Time:00:00.14 | Mem:0.00M, Peak:0.00M | Scene, ViewLayer | Synchronizing object | Thumb_Mesh.R
Fra:1 Mem:22.74M (Peak 22.74M) | Time:00:00.17 | Mem:0.00M, Peak:0.00M | Scene, ViewLayer | Synchronizing object | Leg.R
Fra:1 Mem:22.93M (Peak 22.93M) | Time:00:00.20 | Mem:0.00M, Peak:0.00M | Scene, ViewLayer | Synchronizing object | Shorts.R
Fra:1 Mem:23.03M (Peak 23.03M) | Time:00:00.20 | Mem:0.00M, Peak:0.00M | Scene, ViewLayer | Synchronizing object | Shorts_Hem.R
Fra:1 Mem:23.04M (Peak 23.04M) | Time:00:00.20 | Mem:0.00M, Peak:0.00M | Scene, ViewLayer | Synchronizing object | Sneaker_Sole.R
Fra:1 Mem:23.05M (Peak 23.05M) | Time:00:00.20 | Mem:0.00M, Peak:0.00M | Scene, ViewLayer | Synchronizing object | Sneaker_Upper.R
Fra:1 Mem:23.07M (Peak 23.07M) | Time:00:00.20 | Mem:0.00M, Peak:0.00M | Scene, ViewLayer | Synchronizing object | Sock.R
Fra:1 Mem:23.09M (Peak 23.09M) | Time:00:00.20 | Mem:0.00M, Peak:0.00M | Scene, ViewLayer | Synchronizing object | Lace_0.R
Fra:1 Mem:23.09M (Peak 23.09M) | Time:00:00.20 | Mem:0.00M, Peak:0.00M | Scene, ViewLayer | Synchronizing object | Lace_1.R
Fra:1 Mem:23.09M (Peak 23.09M) | Time:00:00.20 | Mem:0.00M, Peak:0.00M | Scene, ViewLayer | Synchronizing object | Lace_2.R
Fra:1 Mem:23.11M (Peak 23.11M) | Time:00:00.20 | Mem:0.00M, Peak:0.00M | Scene, ViewLayer | Synchronizing object | Heel_Tab.R
Fra:1 Mem:23.66M (Peak 23.66M) | Time:00:00.25 | Mem:0.00M, Peak:0.00M | Scene, ViewLayer | Synchronizing object | Jacket_ContinuousShoulders
Fra:1 Mem:24.88M (Peak 24.88M) | Time:00:00.66 | Mem:0.00M, Peak:0.00M | Scene, ViewLayer | Synchronizing object | Face_Head
Fra:1 Mem:25.54M (Peak 25.54M) | Time:00:00.67 | Mem:0.00M, Peak:0.00M | Scene, ViewLayer | Synchronizing object | Ear.L
Fra:1 Mem:25.60M (Peak 25.60M) | Time:00:00.67 | Mem:0.00M, Peak:0.00M | Scene, ViewLayer | Synchronizing object | Ear_Fold.L
Fra:1 Mem:25.65M (Peak 25.65M) | Time:00:00.69 | Mem:0.00M, Peak:0.00M | Scene, ViewLayer | Synchronizing object | Ear.R
Fra:1 Mem:25.71M (Peak 25.71M) | Time:00:00.69 | Mem:0.00M, Peak:0.00M | Scene, ViewLayer | Synchronizing object | Ear_Fold.R
Fra:1 Mem:25.72M (Peak 25.72M) | Time:00:00.69 | Mem:0.00M, Peak:0.00M | Scene, ViewLayer | Synchronizing object | Eye_White.L
Fra:1 Mem:25.73M (Peak 25.73M) | Time:00:00.69 | Mem:0.00M, Peak:0.00M | Scene, ViewLayer | Synchronizing object | Iris_hair.L
Fra:1 Mem:25.73M (Peak 25.73M) | Time:00:00.69 | Mem:0.00M, Peak:0.00M | Scene, ViewLayer | Synchronizing object | Iris_ink.L
Fra:1 Mem:25.74M (Peak 25.74M) | Time:00:00.69 | Mem:0.00M, Peak:0.00M | Scene, ViewLayer | Synchronizing object | Eye_Glint.L
Fra:1 Mem:25.75M (Peak 25.75M) | Time:00:00.69 | Mem:0.00M, Peak:0.00M | Scene, ViewLayer | Synchronizing object | Upper_Lid.L
Fra:1 Mem:25.76M (Peak 25.76M) | Time:00:00.69 | Mem:0.00M, Peak:0.00M | Scene, ViewLayer | Synchronizing object | Lower_Lid.L
Fra:1 Mem:25.76M (Peak 25.76M) | Time:00:00.69 | Mem:0.00M, Peak:0.00M | Scene, ViewLayer | Synchronizing object | Eyebrow.L
Fra:1 Mem:25.78M (Peak 25.78M) | Time:00:00.69 | Mem:0.00M, Peak:0.00M | Scene, ViewLayer | Synchronizing object | Upper_Lid_Tip.L
Fra:1 Mem:25.78M (Peak 25.78M) | Time:00:00.69 | Mem:0.00M, Peak:0.00M | Scene, ViewLayer | Synchronizing object | Eye_White.R
Fra:1 Mem:25.78M (Peak 25.78M) | Time:00:00.69 | Mem:0.00M, Peak:0.00M | Scene, ViewLayer | Synchronizing object | Iris_hair.R
Fra:1 Mem:25.79M (Peak 25.79M) | Time:00:00.69 | Mem:0.00M, Peak:0.00M | Scene, ViewLayer | Synchronizing object | Iris_ink.R
Fra:1 Mem:25.80M (Peak 25.80M) | Time:00:00.69 | Mem:0.00M, Peak:0.00M | Scene, ViewLayer | Synchronizing object | Eye_Glint.R
Fra:1 Mem:25.81M (Peak 25.81M) | Time:00:00.69 | Mem:0.00M, Peak:0.00M | Scene, ViewLayer | Synchronizing object | Upper_Lid.R
Fra:1 Mem:25.82M (Peak 25.82M) | Time:00:00.69 | Mem:0.00M, Peak:0.00M | Scene, ViewLayer | Synchronizing object | Lower_Lid.R
Fra:1 Mem:25.82M (Peak 25.82M) | Time:00:00.69 | Mem:0.00M, Peak:0.00M | Scene, ViewLayer | Synchronizing object | Eyebrow.R
Fra:1 Mem:25.83M (Peak 25.83M) | Time:00:00.69 | Mem:0.00M, Peak:0.00M | Scene, ViewLayer | Synchronizing object | Upper_Lid_Tip.R
Fra:1 Mem:25.84M (Peak 25.84M) | Time:00:00.69 | Mem:0.00M, Peak:0.00M | Scene, ViewLayer | Synchronizing object | Mouth
Fra:1 Mem:25.85M (Peak 25.85M) | Time:00:00.69 | Mem:0.00M, Peak:0.00M | Scene, ViewLayer | Synchronizing object | Hair_Cap
Fra:1 Mem:27.10M (Peak 27.10M) | Time:00:00.72 | Mem:0.00M, Peak:0.00M | Scene, ViewLayer | Synchronizing object | Hair_CrownBase
Fra:1 Mem:27.17M (Peak 27.17M) | Time:00:00.72 | Mem:0.00M, Peak:0.00M | Scene, ViewLayer | Synchronizing object | Review_Rim
Fra:1 Mem:27.19M (Peak 27.19M) | Time:00:00.72 | Mem:0.00M, Peak:0.00M | Scene, ViewLayer | Synchronizing object | Review_Fill
Fra:1 Mem:27.20M (Peak 27.20M) | Time:00:00.72 | Mem:0.00M, Peak:0.00M | Scene, ViewLayer | Synchronizing object | Review_Key
Fra:1 Mem:27.19M (Peak 27.20M) | Time:00:00.72 | Mem:0.00M, Peak:0.00M | Scene, ViewLayer | Synchronizing object | Review_Ground
Fra:1 Mem:27.19M (Peak 27.20M) | Time:00:00.72 | Mem:0.00M, Peak:0.00M | Scene, ViewLayer | Synchronizing object | Bangs_00
Fra:1 Mem:27.19M (Peak 27.20M) | Time:00:00.72 | Mem:0.00M, Peak:0.00M | Scene, ViewLayer | Synchronizing object | Drawing_Pen_0.16
Fra:1 Mem:27.21M (Peak 27.21M) | Time:00:00.72 | Mem:0.00M, Peak:0.00M | Scene, ViewLayer | Synchronizing object | Drawing_Pen_0.136
Fra:1 Mem:27.22M (Peak 27.22M) | Time:00:00.72 | Mem:0.00M, Peak:0.00M | Scene, ViewLayer | Synchronizing object | Bangs_01
Fra:1 Mem:27.22M (Peak 27.22M) | Time:00:00.72 | Mem:0.00M, Peak:0.00M | Scene, ViewLayer | Synchronizing object | Pen_Pouch
Fra:1 Mem:27.25M (Peak 27.25M) | Time:00:00.72 | Mem:0.00M, Peak:0.00M | Scene, ViewLayer | Synchronizing object | Hair_Clip_1
Fra:1 Mem:27.25M (Peak 27.25M) | Time:00:00.72 | Mem:0.00M, Peak:0.00M | Scene, ViewLayer | Synchronizing object | Bangs_02
Fra:1 Mem:27.25M (Peak 27.25M) | Time:00:00.72 | Mem:0.00M, Peak:0.00M | Scene, ViewLayer | Synchronizing object | Hair_Clip_0
Fra:1 Mem:27.27M (Peak 27.27M) | Time:00:00.72 | Mem:0.00M, Peak:0.00M | Scene, ViewLayer | Synchronizing object | Temple_0.R
Fra:1 Mem:27.29M (Peak 27.29M) | Time:00:00.72 | Mem:0.00M, Peak:0.00M | Scene, ViewLayer | Synchronizing object | Bangs_03
Fra:1 Mem:27.32M (Peak 27.32M) | Time:00:00.72 | Mem:0.00M, Peak:0.00M | Scene, ViewLayer | Synchronizing object | Temple_0.L
Fra:1 Mem:27.32M (Peak 27.32M) | Time:00:00.72 | Mem:0.00M, Peak:0.00M | Scene, ViewLayer | Synchronizing object | Bangs_04
Fra:1 Mem:27.37M (Peak 27.37M) | Time:00:00.72 | Mem:0.00M, Peak:0.00M | Scene, ViewLayer | Synchronizing object | Bangs_06
Fra:1 Mem:27.37M (Peak 27.37M) | Time:00:00.72 | Mem:0.00M, Peak:0.00M | Scene, ViewLayer | Synchronizing object | Bangs_05
Fra:1 Mem:27.41M (Peak 27.41M) | Time:00:00.73 | Mem:0.00M, Peak:0.00M | Scene, ViewLayer | Initializing
Fra:1 Mem:22.49M (Peak 27.41M) | Time:00:00.73 | Mem:0.00M, Peak:0.00M | Scene, ViewLayer | Updating Images | Loading CHR002_GreyStudy_BaseColor
Fra:1 Mem:23.11M (Peak 30.50M) | Time:00:00.74 | Mem:4.00M, Peak:4.00M | Scene, ViewLayer | Waiting for render to start
Fra:1 Mem:23.11M (Peak 30.50M) | Time:00:00.74 | Mem:4.00M, Peak:4.00M | Scene, ViewLayer | Updating Scene
Fra:1 Mem:23.11M (Peak 30.50M) | Time:00:00.74 | Mem:4.00M, Peak:4.00M | Scene, ViewLayer | Updating Shaders
Fra:1 Mem:23.11M (Peak 30.50M) | Time:00:00.74 | Mem:4.00M, Peak:4.00M | Scene, ViewLayer | Loading render kernels (may take a few minutes the first time)
Fra:1 Mem:23.20M (Peak 30.50M) | Time:00:00.74 | Mem:4.00M, Peak:4.00M | Scene, ViewLayer | Updating Procedurals
Fra:1 Mem:23.20M (Peak 30.50M) | Time:00:00.74 | Mem:4.00M, Peak:4.00M | Scene, ViewLayer | Updating Background
Fra:1 Mem:23.20M (Peak 30.50M) | Time:00:00.74 | Mem:4.00M, Peak:4.00M | Scene, ViewLayer | Updating Camera
Fra:1 Mem:23.20M (Peak 30.50M) | Time:00:00.74 | Mem:4.00M, Peak:4.00M | Scene, ViewLayer | Updating Meshes Flags
Fra:1 Mem:23.20M (Peak 30.50M) | Time:00:00.74 | Mem:4.00M, Peak:4.00M | Scene, ViewLayer | Updating Objects
Fra:1 Mem:23.20M (Peak 30.50M) | Time:00:00.74 | Mem:4.00M, Peak:4.00M | Scene, ViewLayer | Updating Objects | Copying Transformations to device
Fra:1 Mem:23.21M (Peak 30.50M) | Time:00:00.74 | Mem:4.02M, Peak:4.02M | Scene, ViewLayer | Updating Particle Systems
Fra:1 Mem:23.21M (Peak 30.50M) | Time:00:00.74 | Mem:4.02M, Peak:4.02M | Scene, ViewLayer | Updating Particle Systems | Copying Particles to device
Fra:1 Mem:23.21M (Peak 30.50M) | Time:00:00.74 | Mem:4.02M, Peak:4.02M | Scene, ViewLayer | Updating Meshes
Fra:1 Mem:23.21M (Peak 30.50M) | Time:00:00.74 | Mem:4.02M, Peak:4.02M | Scene, ViewLayer | Updating Objects | Applying Static Transformations
Fra:1 Mem:23.21M (Peak 30.50M) | Time:00:00.74 | Mem:4.02M, Peak:4.02M | Scene, ViewLayer | Updating Mesh | Computing attributes
Fra:1 Mem:24.44M (Peak 30.50M) | Time:00:00.74 | Mem:4.03M, Peak:4.03M | Scene, ViewLayer | Updating Mesh | Copying Attributes to device
Fra:1 Mem:24.43M (Peak 30.50M) | Time:00:00.74 | Mem:5.23M, Peak:5.23M | Scene, ViewLayer | Updating Scene BVH | Building
Fra:1 Mem:24.43M (Peak 30.50M) | Time:00:00.74 | Mem:5.23M, Peak:5.23M | Scene, ViewLayer | Updating Scene BVH | Building BVH
Fra:1 Mem:24.43M (Peak 30.50M) | Time:00:00.74 | Mem:6.51M, Peak:6.51M | Scene, ViewLayer | Updating Scene BVH | Building BVH 0%
Fra:1 Mem:24.43M (Peak 30.50M) | Time:00:00.75 | Mem:7.91M, Peak:9.19M | Scene, ViewLayer | Updating Scene BVH | Copying BVH to device
Fra:1 Mem:24.43M (Peak 30.50M) | Time:00:00.75 | Mem:7.91M, Peak:9.19M | Scene, ViewLayer | Updating Mesh | Computing normals
Fra:1 Mem:25.56M (Peak 30.50M) | Time:00:00.75 | Mem:7.91M, Peak:9.19M | Scene, ViewLayer | Updating Mesh | Copying Mesh to device
Fra:1 Mem:25.56M (Peak 30.50M) | Time:00:00.75 | Mem:9.04M, Peak:9.19M | Scene, ViewLayer | Updating Objects Flags
Fra:1 Mem:25.56M (Peak 30.50M) | Time:00:00.75 | Mem:9.04M, Peak:9.19M | Scene, ViewLayer | Updating Primitive Offsets
Fra:1 Mem:25.56M (Peak 30.50M) | Time:00:00.75 | Mem:9.04M, Peak:9.19M | Scene, ViewLayer | Updating Images
Fra:1 Mem:25.56M (Peak 30.50M) | Time:00:00.75 | Mem:9.04M, Peak:9.19M | Scene, ViewLayer | Updating Camera Volume
Fra:1 Mem:25.56M (Peak 30.50M) | Time:00:00.75 | Mem:9.04M, Peak:9.19M | Scene, ViewLayer | Updating Lookup Tables
Fra:1 Mem:25.56M (Peak 30.50M) | Time:00:00.75 | Mem:9.12M, Peak:9.19M | Scene, ViewLayer | Updating Lights
Fra:1 Mem:25.56M (Peak 30.50M) | Time:00:00.75 | Mem:9.12M, Peak:9.19M | Scene, ViewLayer | Updating Lights | Computing tree
Fra:1 Mem:25.56M (Peak 30.50M) | Time:00:00.75 | Mem:9.12M, Peak:9.19M | Scene, ViewLayer | Updating Integrator
Fra:1 Mem:25.56M (Peak 30.50M) | Time:00:00.75 | Mem:9.12M, Peak:9.19M | Scene, ViewLayer | Updating Film
Fra:1 Mem:25.56M (Peak 30.50M) | Time:00:00.75 | Mem:9.04M, Peak:9.19M | Scene, ViewLayer | Updating Lookup Tables
Fra:1 Mem:25.56M (Peak 30.50M) | Time:00:00.75 | Mem:9.13M, Peak:9.19M | Scene, ViewLayer | Updating Baking
Fra:1 Mem:25.56M (Peak 30.50M) | Time:00:00.75 | Mem:9.13M, Peak:9.19M | Scene, ViewLayer | Updating Device | Writing constant memory
Fra:1 Mem:25.57M (Peak 30.50M) | Time:00:00.75 | Mem:9.13M, Peak:9.19M | Scene, ViewLayer | Loading denoising kernels (may take a few minutes the first time)
Fra:1 Mem:25.57M (Peak 30.50M) | Time:00:00.75 | Mem:9.13M, Peak:9.19M | Scene, ViewLayer | Sample 0/24
Fra:1 Mem:75.69M (Peak 75.69M) | Time:00:01.40 | Remaining:00:15.11 | Mem:59.24M, Peak:59.24M | Scene, ViewLayer | Sample 1/24
Fra:1 Mem:96.78M (Peak 128.43M) | Time:00:23.07 | Mem:59.24M, Peak:59.24M | Scene, ViewLayer | Sample 24/24
Fra:1 Mem:96.78M (Peak 128.43M) | Time:00:23.07 | Mem:59.24M, Peak:59.24M | Scene, ViewLayer | Finished
Saved: '/home/lzzz/MyProjects/N-SIDE/output/characters/CHR-002/ling-model-r3/before/body-quarter.png'
Time: 00:23.13 (Saving: 00:00.06)

Fra:1 Mem:21.80M (Peak 22.28M) | Time:00:00.04 | Mem:0.00M, Peak:0.00M | Scene, ViewLayer | Synchronizing object | TShirt
Fra:1 Mem:21.95M (Peak 22.28M) | Time:00:00.04 | Mem:0.00M, Peak:0.00M | Scene, ViewLayer | Synchronizing object | TShirt_Collar
Fra:1 Mem:21.98M (Peak 22.28M) | Time:00:00.04 | Mem:0.00M, Peak:0.00M | Scene, ViewLayer | Synchronizing object | Sleeve_Cuff.L
Fra:1 Mem:21.98M (Peak 22.28M) | Time:00:00.04 | Mem:0.00M, Peak:0.00M | Scene, ViewLayer | Synchronizing object | Zip_Tape.L
Fra:1 Mem:22.02M (Peak 22.28M) | Time:00:00.05 | Mem:0.00M, Peak:0.00M | Scene, ViewLayer | Synchronizing object | Palm.L
Fra:1 Mem:22.07M (Peak 22.28M) | Time:00:00.05 | Mem:0.00M, Peak:0.00M | Scene, ViewLayer | Synchronizing object | Index_Mesh.L
Fra:1 Mem:22.08M (Peak 22.28M) | Time:00:00.05 | Mem:0.00M, Peak:0.00M | Scene, ViewLayer | Synchronizing object | Middle_Mesh.L
Fra:1 Mem:22.08M (Peak 22.28M) | Time:00:00.05 | Mem:0.00M, Peak:0.00M | Scene, ViewLayer | Synchronizing object | Ring_Mesh.L
Fra:1 Mem:22.09M (Peak 22.28M) | Time:00:00.05 | Mem:0.00M, Peak:0.00M | Scene, ViewLayer | Synchronizing object | Pinky_Mesh.L
Fra:1 Mem:22.09M (Peak 22.28M) | Time:00:00.05 | Mem:0.00M, Peak:0.00M | Scene, ViewLayer | Synchronizing object | Thumb_Mesh.L
Fra:1 Mem:22.19M (Peak 22.28M) | Time:00:00.09 | Mem:0.00M, Peak:0.00M | Scene, ViewLayer | Synchronizing object | Leg.L
Fra:1 Mem:22.38M (Peak 22.38M) | Time:00:00.12 | Mem:0.00M, Peak:0.00M | Scene, ViewLayer | Synchronizing object | Shorts.L
Fra:1 Mem:22.46M (Peak 22.46M) | Time:00:00.12 | Mem:0.00M, Peak:0.00M | Scene, ViewLayer | Synchronizing object | Shorts_Hem.L
Fra:1 Mem:22.47M (Peak 22.47M) | Time:00:00.12 | Mem:0.00M, Peak:0.00M | Scene, ViewLayer | Synchronizing object | Sneaker_Sole.L
Fra:1 Mem:22.49M (Peak 22.49M) | Time:00:00.12 | Mem:0.00M, Peak:0.00M | Scene, ViewLayer | Synchronizing object | Sneaker_Upper.L
Fra:1 Mem:22.50M (Peak 22.50M) | Time:00:00.12 | Mem:0.00M, Peak:0.00M | Scene, ViewLayer | Synchronizing object | Sock.L
Fra:1 Mem:22.52M (Peak 22.52M) | Time:00:00.12 | Mem:0.00M, Peak:0.00M | Scene, ViewLayer | Synchronizing object | Lace_0.L
Fra:1 Mem:22.52M (Peak 22.52M) | Time:00:00.12 | Mem:0.00M, Peak:0.00M | Scene, ViewLayer | Synchronizing object | Lace_1.L
Fra:1 Mem:22.52M (Peak 22.52M) | Time:00:00.12 | Mem:0.00M, Peak:0.00M | Scene, ViewLayer | Synchronizing object | Lace_2.L
Fra:1 Mem:22.53M (Peak 22.53M) | Time:00:00.12 | Mem:0.00M, Peak:0.00M | Scene, ViewLayer | Synchronizing object | Heel_Tab.L
Fra:1 Mem:22.53M (Peak 22.53M) | Time:00:00.12 | Mem:0.00M, Peak:0.00M | Scene, ViewLayer | Synchronizing object | Sleeve_Cuff.R
Fra:1 Mem:22.54M (Peak 22.54M) | Time:00:00.12 | Mem:0.00M, Peak:0.00M | Scene, ViewLayer | Synchronizing object | Zip_Tape.R
Fra:1 Mem:22.58M (Peak 22.58M) | Time:00:00.13 | Mem:0.00M, Peak:0.00M | Scene, ViewLayer | Synchronizing object | Palm.R
Fra:1 Mem:22.63M (Peak 22.63M) | Time:00:00.13 | Mem:0.00M, Peak:0.00M | Scene, ViewLayer | Synchronizing object | Index_Mesh.R
Fra:1 Mem:22.63M (Peak 22.63M) | Time:00:00.13 | Mem:0.00M, Peak:0.00M | Scene, ViewLayer | Synchronizing object | Middle_Mesh.R
Fra:1 Mem:22.63M (Peak 22.63M) | Time:00:00.13 | Mem:0.00M, Peak:0.00M | Scene, ViewLayer | Synchronizing object | Ring_Mesh.R
Fra:1 Mem:22.64M (Peak 22.64M) | Time:00:00.13 | Mem:0.00M, Peak:0.00M | Scene, ViewLayer | Synchronizing object | Pinky_Mesh.R
Fra:1 Mem:22.65M (Peak 22.65M) | Time:00:00.13 | Mem:0.00M, Peak:0.00M | Scene, ViewLayer | Synchronizing object | Thumb_Mesh.R
Fra:1 Mem:22.74M (Peak 22.74M) | Time:00:00.17 | Mem:0.00M, Peak:0.00M | Scene, ViewLayer | Synchronizing object | Leg.R
Fra:1 Mem:22.93M (Peak 22.93M) | Time:00:00.20 | Mem:0.00M, Peak:0.00M | Scene, ViewLayer | Synchronizing object | Shorts.R
Fra:1 Mem:23.03M (Peak 23.03M) | Time:00:00.20 | Mem:0.00M, Peak:0.00M | Scene, ViewLayer | Synchronizing object | Shorts_Hem.R
Fra:1 Mem:23.04M (Peak 23.04M) | Time:00:00.20 | Mem:0.00M, Peak:0.00M | Scene, ViewLayer | Synchronizing object | Sneaker_Sole.R
Fra:1 Mem:23.05M (Peak 23.05M) | Time:00:00.20 | Mem:0.00M, Peak:0.00M | Scene, ViewLayer | Synchronizing object | Sneaker_Upper.R
Fra:1 Mem:23.07M (Peak 23.07M) | Time:00:00.20 | Mem:0.00M, Peak:0.00M | Scene, ViewLayer | Synchronizing object | Sock.R
Fra:1 Mem:23.09M (Peak 23.09M) | Time:00:00.20 | Mem:0.00M, Peak:0.00M | Scene, ViewLayer | Synchronizing object | Lace_0.R
Fra:1 Mem:23.09M (Peak 23.09M) | Time:00:00.20 | Mem:0.00M, Peak:0.00M | Scene, ViewLayer | Synchronizing object | Lace_1.R
Fra:1 Mem:23.09M (Peak 23.09M) | Time:00:00.20 | Mem:0.00M, Peak:0.00M | Scene, ViewLayer | Synchronizing object | Lace_2.R
Fra:1 Mem:23.10M (Peak 23.10M) | Time:00:00.20 | Mem:0.00M, Peak:0.00M | Scene, ViewLayer | Synchronizing object | Heel_Tab.R
Fra:1 Mem:23.66M (Peak 23.66M) | Time:00:00.24 | Mem:0.00M, Peak:0.00M | Scene, ViewLayer | Synchronizing object | Jacket_ContinuousShoulders
Fra:1 Mem:24.88M (Peak 24.88M) | Time:00:00.65 | Mem:0.00M, Peak:0.00M | Scene, ViewLayer | Synchronizing object | Face_Head
Fra:1 Mem:25.54M (Peak 25.54M) | Time:00:00.66 | Mem:0.00M, Peak:0.00M | Scene, ViewLayer | Synchronizing object | Ear.L
Fra:1 Mem:25.60M (Peak 25.60M) | Time:00:00.66 | Mem:0.00M, Peak:0.00M | Scene, ViewLayer | Synchronizing object | Ear_Fold.L
Fra:1 Mem:25.65M (Peak 25.65M) | Time:00:00.67 | Mem:0.00M, Peak:0.00M | Scene, ViewLayer | Synchronizing object | Ear.R
Fra:1 Mem:25.71M (Peak 25.71M) | Time:00:00.67 | Mem:0.00M, Peak:0.00M | Scene, ViewLayer | Synchronizing object | Ear_Fold.R
Fra:1 Mem:25.72M (Peak 25.72M) | Time:00:00.67 | Mem:0.00M, Peak:0.00M | Scene, ViewLayer | Synchronizing object | Eye_White.L
Fra:1 Mem:25.72M (Peak 25.72M) | Time:00:00.67 | Mem:0.00M, Peak:0.00M | Scene, ViewLayer | Synchronizing object | Iris_hair.L
Fra:1 Mem:25.73M (Peak 25.73M) | Time:00:00.67 | Mem:0.00M, Peak:0.00M | Scene, ViewLayer | Synchronizing object | Iris_ink.L
Fra:1 Mem:25.74M (Peak 25.74M) | Time:00:00.67 | Mem:0.00M, Peak:0.00M | Scene, ViewLayer | Synchronizing object | Eye_Glint.L
Fra:1 Mem:25.75M (Peak 25.75M) | Time:00:00.67 | Mem:0.00M, Peak:0.00M | Scene, ViewLayer | Synchronizing object | Upper_Lid.L
Fra:1 Mem:25.76M (Peak 25.76M) | Time:00:00.67 | Mem:0.00M, Peak:0.00M | Scene, ViewLayer | Synchronizing object | Lower_Lid.L
Fra:1 Mem:25.76M (Peak 25.76M) | Time:00:00.67 | Mem:0.00M, Peak:0.00M | Scene, ViewLayer | Synchronizing object | Eyebrow.L
Fra:1 Mem:25.78M (Peak 25.78M) | Time:00:00.67 | Mem:0.00M, Peak:0.00M | Scene, ViewLayer | Synchronizing object | Upper_Lid_Tip.L
Fra:1 Mem:25.78M (Peak 25.78M) | Time:00:00.67 | Mem:0.00M, Peak:0.00M | Scene, ViewLayer | Synchronizing object | Eye_White.R
Fra:1 Mem:25.78M (Peak 25.78M) | Time:00:00.67 | Mem:0.00M, Peak:0.00M | Scene, ViewLayer | Synchronizing object | Iris_hair.R
Fra:1 Mem:25.79M (Peak 25.79M) | Time:00:00.67 | Mem:0.00M, Peak:0.00M | Scene, ViewLayer | Synchronizing object | Iris_ink.R
Fra:1 Mem:25.80M (Peak 25.80M) | Time:00:00.67 | Mem:0.00M, Peak:0.00M | Scene, ViewLayer | Synchronizing object | Eye_Glint.R
Fra:1 Mem:25.81M (Peak 25.81M) | Time:00:00.67 | Mem:0.00M, Peak:0.00M | Scene, ViewLayer | Synchronizing object | Upper_Lid.R
Fra:1 Mem:25.82M (Peak 25.82M) | Time:00:00.67 | Mem:0.00M, Peak:0.00M | Scene, ViewLayer | Synchronizing object | Lower_Lid.R
Fra:1 Mem:25.82M (Peak 25.82M) | Time:00:00.67 | Mem:0.00M, Peak:0.00M | Scene, ViewLayer | Synchronizing object | Eyebrow.R
Fra:1 Mem:25.83M (Peak 25.83M) | Time:00:00.67 | Mem:0.00M, Peak:0.00M | Scene, ViewLayer | Synchronizing object | Upper_Lid_Tip.R
Fra:1 Mem:25.84M (Peak 25.84M) | Time:00:00.67 | Mem:0.00M, Peak:0.00M | Scene, ViewLayer | Synchronizing object | Mouth
Fra:1 Mem:25.85M (Peak 25.85M) | Time:00:00.67 | Mem:0.00M, Peak:0.00M | Scene, ViewLayer | Synchronizing object | Hair_Cap
Fra:1 Mem:27.10M (Peak 27.10M) | Time:00:00.71 | Mem:0.00M, Peak:0.00M | Scene, ViewLayer | Synchronizing object | Hair_CrownBase
Fra:1 Mem:27.16M (Peak 27.16M) | Time:00:00.71 | Mem:0.00M, Peak:0.00M | Scene, ViewLayer | Synchronizing object | Review_Rim
Fra:1 Mem:27.17M (Peak 27.17M) | Time:00:00.71 | Mem:0.00M, Peak:0.00M | Scene, ViewLayer | Synchronizing object | Review_Fill
Fra:1 Mem:27.19M (Peak 27.19M) | Time:00:00.71 | Mem:0.00M, Peak:0.00M | Scene, ViewLayer | Synchronizing object | Review_Key
Fra:1 Mem:27.19M (Peak 27.19M) | Time:00:00.71 | Mem:0.00M, Peak:0.00M | Scene, ViewLayer | Synchronizing object | Review_Ground
Fra:1 Mem:27.19M (Peak 27.19M) | Time:00:00.71 | Mem:0.00M, Peak:0.00M | Scene, ViewLayer | Synchronizing object | Bangs_00
Fra:1 Mem:27.21M (Peak 27.21M) | Time:00:00.71 | Mem:0.00M, Peak:0.00M | Scene, ViewLayer | Synchronizing object | Drawing_Pen_0.16
Fra:1 Mem:27.22M (Peak 27.22M) | Time:00:00.71 | Mem:0.00M, Peak:0.00M | Scene, ViewLayer | Synchronizing object | Bangs_01
Fra:1 Mem:27.22M (Peak 27.22M) | Time:00:00.71 | Mem:0.00M, Peak:0.00M | Scene, ViewLayer | Synchronizing object | Drawing_Pen_0.136
Fra:1 Mem:27.24M (Peak 27.24M) | Time:00:00.71 | Mem:0.00M, Peak:0.00M | Scene, ViewLayer | Synchronizing object | Pen_Pouch
Fra:1 Mem:27.24M (Peak 27.24M) | Time:00:00.71 | Mem:0.00M, Peak:0.00M | Scene, ViewLayer | Synchronizing object | Bangs_02
Fra:1 Mem:27.26M (Peak 27.26M) | Time:00:00.71 | Mem:0.00M, Peak:0.00M | Scene, ViewLayer | Synchronizing object | Hair_Clip_1
Fra:1 Mem:27.27M (Peak 27.27M) | Time:00:00.71 | Mem:0.00M, Peak:0.00M | Scene, ViewLayer | Synchronizing object | Hair_Clip_0
Fra:1 Mem:27.27M (Peak 27.27M) | Time:00:00.71 | Mem:0.00M, Peak:0.00M | Scene, ViewLayer | Synchronizing object | Bangs_03
Fra:1 Mem:27.27M (Peak 27.27M) | Time:00:00.71 | Mem:0.00M, Peak:0.00M | Scene, ViewLayer | Synchronizing object | Temple_0.R
Fra:1 Mem:27.32M (Peak 27.32M) | Time:00:00.71 | Mem:0.00M, Peak:0.00M | Scene, ViewLayer | Synchronizing object | Bangs_04
Fra:1 Mem:27.32M (Peak 27.32M) | Time:00:00.71 | Mem:0.00M, Peak:0.00M | Scene, ViewLayer | Synchronizing object | Temple_0.L
Fra:1 Mem:27.36M (Peak 27.36M) | Time:00:00.71 | Mem:0.00M, Peak:0.00M | Scene, ViewLayer | Synchronizing object | Bangs_05
Fra:1 Mem:27.37M (Peak 27.37M) | Time:00:00.71 | Mem:0.00M, Peak:0.00M | Scene, ViewLayer | Synchronizing object | Bangs_06
Fra:1 Mem:27.41M (Peak 27.41M) | Time:00:00.71 | Mem:0.00M, Peak:0.00M | Scene, ViewLayer | Initializing
Fra:1 Mem:22.49M (Peak 27.41M) | Time:00:00.71 | Mem:0.00M, Peak:0.00M | Scene, ViewLayer | Updating Images | Loading CHR002_GreyStudy_BaseColor
Fra:1 Mem:23.11M (Peak 30.50M) | Time:00:00.73 | Mem:4.00M, Peak:4.00M | Scene, ViewLayer | Waiting for render to start
Fra:1 Mem:23.11M (Peak 30.50M) | Time:00:00.73 | Mem:4.00M, Peak:4.00M | Scene, ViewLayer | Updating Scene
Fra:1 Mem:23.11M (Peak 30.50M) | Time:00:00.73 | Mem:4.00M, Peak:4.00M | Scene, ViewLayer | Updating Shaders
Fra:1 Mem:23.11M (Peak 30.50M) | Time:00:00.73 | Mem:4.00M, Peak:4.00M | Scene, ViewLayer | Loading render kernels (may take a few minutes the first time)
Fra:1 Mem:23.20M (Peak 30.50M) | Time:00:00.73 | Mem:4.00M, Peak:4.00M | Scene, ViewLayer | Updating Procedurals
Fra:1 Mem:23.20M (Peak 30.50M) | Time:00:00.73 | Mem:4.00M, Peak:4.00M | Scene, ViewLayer | Updating Background
Fra:1 Mem:23.20M (Peak 30.50M) | Time:00:00.73 | Mem:4.00M, Peak:4.00M | Scene, ViewLayer | Updating Camera
Fra:1 Mem:23.20M (Peak 30.50M) | Time:00:00.73 | Mem:4.00M, Peak:4.00M | Scene, ViewLayer | Updating Meshes Flags
Fra:1 Mem:23.20M (Peak 30.50M) | Time:00:00.73 | Mem:4.00M, Peak:4.00M | Scene, ViewLayer | Updating Objects
Fra:1 Mem:23.20M (Peak 30.50M) | Time:00:00.73 | Mem:4.00M, Peak:4.00M | Scene, ViewLayer | Updating Objects | Copying Transformations to device
Fra:1 Mem:23.21M (Peak 30.50M) | Time:00:00.73 | Mem:4.02M, Peak:4.02M | Scene, ViewLayer | Updating Particle Systems
Fra:1 Mem:23.21M (Peak 30.50M) | Time:00:00.73 | Mem:4.02M, Peak:4.02M | Scene, ViewLayer | Updating Particle Systems | Copying Particles to device
Fra:1 Mem:23.21M (Peak 30.50M) | Time:00:00.73 | Mem:4.02M, Peak:4.02M | Scene, ViewLayer | Updating Meshes
Fra:1 Mem:23.21M (Peak 30.50M) | Time:00:00.73 | Mem:4.02M, Peak:4.02M | Scene, ViewLayer | Updating Objects | Applying Static Transformations
Fra:1 Mem:23.21M (Peak 30.50M) | Time:00:00.73 | Mem:4.02M, Peak:4.02M | Scene, ViewLayer | Updating Mesh | Computing attributes
Fra:1 Mem:24.44M (Peak 30.50M) | Time:00:00.73 | Mem:4.03M, Peak:4.03M | Scene, ViewLayer | Updating Mesh | Copying Attributes to device
Fra:1 Mem:24.43M (Peak 30.50M) | Time:00:00.73 | Mem:5.23M, Peak:5.23M | Scene, ViewLayer | Updating Scene BVH | Building
Fra:1 Mem:24.43M (Peak 30.50M) | Time:00:00.73 | Mem:5.23M, Peak:5.23M | Scene, ViewLayer | Updating Scene BVH | Building BVH
Fra:1 Mem:24.43M (Peak 30.50M) | Time:00:00.73 | Mem:6.51M, Peak:6.51M | Scene, ViewLayer | Updating Scene BVH | Building BVH 0%
Fra:1 Mem:24.43M (Peak 30.50M) | Time:00:00.73 | Mem:7.91M, Peak:9.19M | Scene, ViewLayer | Updating Scene BVH | Copying BVH to device
Fra:1 Mem:24.43M (Peak 30.50M) | Time:00:00.73 | Mem:7.91M, Peak:9.19M | Scene, ViewLayer | Updating Mesh | Computing normals
Fra:1 Mem:25.56M (Peak 30.50M) | Time:00:00.73 | Mem:7.91M, Peak:9.19M | Scene, ViewLayer | Updating Mesh | Copying Mesh to device
Fra:1 Mem:25.56M (Peak 30.50M) | Time:00:00.73 | Mem:9.04M, Peak:9.19M | Scene, ViewLayer | Updating Objects Flags
Fra:1 Mem:25.56M (Peak 30.50M) | Time:00:00.73 | Mem:9.04M, Peak:9.19M | Scene, ViewLayer | Updating Primitive Offsets
Fra:1 Mem:25.56M (Peak 30.50M) | Time:00:00.73 | Mem:9.04M, Peak:9.19M | Scene, ViewLayer | Updating Images
Fra:1 Mem:25.56M (Peak 30.50M) | Time:00:00.73 | Mem:9.04M, Peak:9.19M | Scene, ViewLayer | Updating Camera Volume
Fra:1 Mem:25.56M (Peak 30.50M) | Time:00:00.73 | Mem:9.04M, Peak:9.19M | Scene, ViewLayer | Updating Lookup Tables
Fra:1 Mem:25.56M (Peak 30.50M) | Time:00:00.73 | Mem:9.12M, Peak:9.19M | Scene, ViewLayer | Updating Lights
Fra:1 Mem:25.56M (Peak 30.50M) | Time:00:00.73 | Mem:9.12M, Peak:9.19M | Scene, ViewLayer | Updating Lights | Computing tree
Fra:1 Mem:25.56M (Peak 30.50M) | Time:00:00.73 | Mem:9.12M, Peak:9.19M | Scene, ViewLayer | Updating Integrator
Fra:1 Mem:25.56M (Peak 30.50M) | Time:00:00.73 | Mem:9.12M, Peak:9.19M | Scene, ViewLayer | Updating Film
Fra:1 Mem:25.56M (Peak 30.50M) | Time:00:00.73 | Mem:9.04M, Peak:9.19M | Scene, ViewLayer | Updating Lookup Tables
Fra:1 Mem:25.56M (Peak 30.50M) | Time:00:00.73 | Mem:9.13M, Peak:9.19M | Scene, ViewLayer | Updating Baking
Fra:1 Mem:25.56M (Peak 30.50M) | Time:00:00.73 | Mem:9.13M, Peak:9.19M | Scene, ViewLayer | Updating Device | Writing constant memory
Fra:1 Mem:25.57M (Peak 30.50M) | Time:00:00.73 | Mem:9.13M, Peak:9.19M | Scene, ViewLayer | Loading denoising kernels (may take a few minutes the first time)
Fra:1 Mem:25.57M (Peak 30.50M) | Time:00:00.73 | Mem:9.13M, Peak:9.19M | Scene, ViewLayer | Sample 0/24
Fra:1 Mem:75.69M (Peak 75.69M) | Time:00:01.35 | Remaining:00:14.28 | Mem:59.24M, Peak:59.24M | Scene, ViewLayer | Sample 1/24
Fra:1 Mem:96.78M (Peak 128.43M) | Time:00:22.31 | Mem:59.24M, Peak:59.24M | Scene, ViewLayer | Sample 24/24
Fra:1 Mem:96.78M (Peak 128.43M) | Time:00:22.31 | Mem:59.24M, Peak:59.24M | Scene, ViewLayer | Finished
Saved: '/home/lzzz/MyProjects/N-SIDE/output/characters/CHR-002/ling-model-r3/before/body-side.png'
Time: 00:22.37 (Saving: 00:00.06)

Fra:1 Mem:21.80M (Peak 22.28M) | Time:00:00.04 | Mem:0.00M, Peak:0.00M | Scene, ViewLayer | Synchronizing object | TShirt
Fra:1 Mem:21.95M (Peak 22.28M) | Time:00:00.04 | Mem:0.00M, Peak:0.00M | Scene, ViewLayer | Synchronizing object | TShirt_Collar
Fra:1 Mem:21.98M (Peak 22.28M) | Time:00:00.04 | Mem:0.00M, Peak:0.00M | Scene, ViewLayer | Synchronizing object | Sleeve_Cuff.L
Fra:1 Mem:21.98M (Peak 22.28M) | Time:00:00.04 | Mem:0.00M, Peak:0.00M | Scene, ViewLayer | Synchronizing object | Zip_Tape.L
Fra:1 Mem:22.02M (Peak 22.28M) | Time:00:00.05 | Mem:0.00M, Peak:0.00M | Scene, ViewLayer | Synchronizing object | Palm.L
Fra:1 Mem:22.07M (Peak 22.28M) | Time:00:00.05 | Mem:0.00M, Peak:0.00M | Scene, ViewLayer | Synchronizing object | Index_Mesh.L
Fra:1 Mem:22.08M (Peak 22.28M) | Time:00:00.05 | Mem:0.00M, Peak:0.00M | Scene, ViewLayer | Synchronizing object | Middle_Mesh.L
Fra:1 Mem:22.08M (Peak 22.28M) | Time:00:00.05 | Mem:0.00M, Peak:0.00M | Scene, ViewLayer | Synchronizing object | Ring_Mesh.L
Fra:1 Mem:22.09M (Peak 22.28M) | Time:00:00.05 | Mem:0.00M, Peak:0.00M | Scene, ViewLayer | Synchronizing object | Pinky_Mesh.L
Fra:1 Mem:22.09M (Peak 22.28M) | Time:00:00.05 | Mem:0.00M, Peak:0.00M | Scene, ViewLayer | Synchronizing object | Thumb_Mesh.L
Fra:1 Mem:22.19M (Peak 22.28M) | Time:00:00.09 | Mem:0.00M, Peak:0.00M | Scene, ViewLayer | Synchronizing object | Leg.L
Fra:1 Mem:22.38M (Peak 22.38M) | Time:00:00.12 | Mem:0.00M, Peak:0.00M | Scene, ViewLayer | Synchronizing object | Shorts.L
Fra:1 Mem:22.46M (Peak 22.46M) | Time:00:00.12 | Mem:0.00M, Peak:0.00M | Scene, ViewLayer | Synchronizing object | Shorts_Hem.L
Fra:1 Mem:22.47M (Peak 22.47M) | Time:00:00.12 | Mem:0.00M, Peak:0.00M | Scene, ViewLayer | Synchronizing object | Sneaker_Sole.L
Fra:1 Mem:22.49M (Peak 22.49M) | Time:00:00.12 | Mem:0.00M, Peak:0.00M | Scene, ViewLayer | Synchronizing object | Sneaker_Upper.L
Fra:1 Mem:22.50M (Peak 22.50M) | Time:00:00.12 | Mem:0.00M, Peak:0.00M | Scene, ViewLayer | Synchronizing object | Sock.L
Fra:1 Mem:22.52M (Peak 22.52M) | Time:00:00.12 | Mem:0.00M, Peak:0.00M | Scene, ViewLayer | Synchronizing object | Lace_0.L
Fra:1 Mem:22.52M (Peak 22.52M) | Time:00:00.12 | Mem:0.00M, Peak:0.00M | Scene, ViewLayer | Synchronizing object | Lace_1.L
Fra:1 Mem:22.52M (Peak 22.52M) | Time:00:00.12 | Mem:0.00M, Peak:0.00M | Scene, ViewLayer | Synchronizing object | Lace_2.L
Fra:1 Mem:22.53M (Peak 22.53M) | Time:00:00.12 | Mem:0.00M, Peak:0.00M | Scene, ViewLayer | Synchronizing object | Heel_Tab.L
Fra:1 Mem:22.53M (Peak 22.53M) | Time:00:00.12 | Mem:0.00M, Peak:0.00M | Scene, ViewLayer | Synchronizing object | Sleeve_Cuff.R
Fra:1 Mem:22.54M (Peak 22.54M) | Time:00:00.12 | Mem:0.00M, Peak:0.00M | Scene, ViewLayer | Synchronizing object | Zip_Tape.R
Fra:1 Mem:22.58M (Peak 22.58M) | Time:00:00.13 | Mem:0.00M, Peak:0.00M | Scene, ViewLayer | Synchronizing object | Palm.R
Fra:1 Mem:22.63M (Peak 22.63M) | Time:00:00.13 | Mem:0.00M, Peak:0.00M | Scene, ViewLayer | Synchronizing object | Index_Mesh.R
Fra:1 Mem:22.63M (Peak 22.63M) | Time:00:00.13 | Mem:0.00M, Peak:0.00M | Scene, ViewLayer | Synchronizing object | Middle_Mesh.R
Fra:1 Mem:22.63M (Peak 22.63M) | Time:00:00.13 | Mem:0.00M, Peak:0.00M | Scene, ViewLayer | Synchronizing object | Ring_Mesh.R
Fra:1 Mem:22.64M (Peak 22.64M) | Time:00:00.13 | Mem:0.00M, Peak:0.00M | Scene, ViewLayer | Synchronizing object | Pinky_Mesh.R
Fra:1 Mem:22.65M (Peak 22.65M) | Time:00:00.13 | Mem:0.00M, Peak:0.00M | Scene, ViewLayer | Synchronizing object | Thumb_Mesh.R
Fra:1 Mem:22.74M (Peak 22.74M) | Time:00:00.17 | Mem:0.00M, Peak:0.00M | Scene, ViewLayer | Synchronizing object | Leg.R
Fra:1 Mem:22.93M (Peak 22.93M) | Time:00:00.20 | Mem:0.00M, Peak:0.00M | Scene, ViewLayer | Synchronizing object | Shorts.R
Fra:1 Mem:23.03M (Peak 23.03M) | Time:00:00.20 | Mem:0.00M, Peak:0.00M | Scene, ViewLayer | Synchronizing object | Shorts_Hem.R
Fra:1 Mem:23.04M (Peak 23.04M) | Time:00:00.20 | Mem:0.00M, Peak:0.00M | Scene, ViewLayer | Synchronizing object | Sneaker_Sole.R
Fra:1 Mem:23.05M (Peak 23.05M) | Time:00:00.20 | Mem:0.00M, Peak:0.00M | Scene, ViewLayer | Synchronizing object | Sneaker_Upper.R
Fra:1 Mem:23.07M (Peak 23.07M) | Time:00:00.20 | Mem:0.00M, Peak:0.00M | Scene, ViewLayer | Synchronizing object | Sock.R
Fra:1 Mem:23.09M (Peak 23.09M) | Time:00:00.20 | Mem:0.00M, Peak:0.00M | Scene, ViewLayer | Synchronizing object | Lace_0.R
Fra:1 Mem:23.09M (Peak 23.09M) | Time:00:00.20 | Mem:0.00M, Peak:0.00M | Scene, ViewLayer | Synchronizing object | Lace_1.R
Fra:1 Mem:23.09M (Peak 23.09M) | Time:00:00.20 | Mem:0.00M, Peak:0.00M | Scene, ViewLayer | Synchronizing object | Lace_2.R
Fra:1 Mem:23.10M (Peak 23.10M) | Time:00:00.20 | Mem:0.00M, Peak:0.00M | Scene, ViewLayer | Synchronizing object | Heel_Tab.R
Fra:1 Mem:23.66M (Peak 23.66M) | Time:00:00.24 | Mem:0.00M, Peak:0.00M | Scene, ViewLayer | Synchronizing object | Jacket_ContinuousShoulders
Fra:1 Mem:24.88M (Peak 24.88M) | Time:00:00.65 | Mem:0.00M, Peak:0.00M | Scene, ViewLayer | Synchronizing object | Face_Head
Fra:1 Mem:25.54M (Peak 25.54M) | Time:00:00.66 | Mem:0.00M, Peak:0.00M | Scene, ViewLayer | Synchronizing object | Ear.L
Fra:1 Mem:25.60M (Peak 25.60M) | Time:00:00.66 | Mem:0.00M, Peak:0.00M | Scene, ViewLayer | Synchronizing object | Ear_Fold.L
Fra:1 Mem:25.65M (Peak 25.65M) | Time:00:00.67 | Mem:0.00M, Peak:0.00M | Scene, ViewLayer | Synchronizing object | Ear.R
Fra:1 Mem:25.71M (Peak 25.71M) | Time:00:00.67 | Mem:0.00M, Peak:0.00M | Scene, ViewLayer | Synchronizing object | Ear_Fold.R
Fra:1 Mem:25.72M (Peak 25.72M) | Time:00:00.67 | Mem:0.00M, Peak:0.00M | Scene, ViewLayer | Synchronizing object | Eye_White.L
Fra:1 Mem:25.73M (Peak 25.73M) | Time:00:00.67 | Mem:0.00M, Peak:0.00M | Scene, ViewLayer | Synchronizing object | Iris_hair.L
Fra:1 Mem:25.73M (Peak 25.73M) | Time:00:00.67 | Mem:0.00M, Peak:0.00M | Scene, ViewLayer | Synchronizing object | Iris_ink.L
Fra:1 Mem:25.74M (Peak 25.74M) | Time:00:00.67 | Mem:0.00M, Peak:0.00M | Scene, ViewLayer | Synchronizing object | Eye_Glint.L
Fra:1 Mem:25.75M (Peak 25.75M) | Time:00:00.67 | Mem:0.00M, Peak:0.00M | Scene, ViewLayer | Synchronizing object | Upper_Lid.L
Fra:1 Mem:25.76M (Peak 25.76M) | Time:00:00.67 | Mem:0.00M, Peak:0.00M | Scene, ViewLayer | Synchronizing object | Lower_Lid.L
Fra:1 Mem:25.76M (Peak 25.76M) | Time:00:00.67 | Mem:0.00M, Peak:0.00M | Scene, ViewLayer | Synchronizing object | Eyebrow.L
Fra:1 Mem:25.78M (Peak 25.78M) | Time:00:00.67 | Mem:0.00M, Peak:0.00M | Scene, ViewLayer | Synchronizing object | Upper_Lid_Tip.L
Fra:1 Mem:25.78M (Peak 25.78M) | Time:00:00.67 | Mem:0.00M, Peak:0.00M | Scene, ViewLayer | Synchronizing object | Eye_White.R
Fra:1 Mem:25.78M (Peak 25.78M) | Time:00:00.67 | Mem:0.00M, Peak:0.00M | Scene, ViewLayer | Synchronizing object | Iris_hair.R
Fra:1 Mem:25.79M (Peak 25.79M) | Time:00:00.67 | Mem:0.00M, Peak:0.00M | Scene, ViewLayer | Synchronizing object | Iris_ink.R
Fra:1 Mem:25.80M (Peak 25.80M) | Time:00:00.68 | Mem:0.00M, Peak:0.00M | Scene, ViewLayer | Synchronizing object | Eye_Glint.R
Fra:1 Mem:25.81M (Peak 25.81M) | Time:00:00.68 | Mem:0.00M, Peak:0.00M | Scene, ViewLayer | Synchronizing object | Upper_Lid.R
Fra:1 Mem:25.82M (Peak 25.82M) | Time:00:00.68 | Mem:0.00M, Peak:0.00M | Scene, ViewLayer | Synchronizing object | Lower_Lid.R
Fra:1 Mem:25.82M (Peak 25.82M) | Time:00:00.68 | Mem:0.00M, Peak:0.00M | Scene, ViewLayer | Synchronizing object | Eyebrow.R
Fra:1 Mem:25.83M (Peak 25.83M) | Time:00:00.68 | Mem:0.00M, Peak:0.00M | Scene, ViewLayer | Synchronizing object | Upper_Lid_Tip.R
Fra:1 Mem:25.84M (Peak 25.84M) | Time:00:00.68 | Mem:0.00M, Peak:0.00M | Scene, ViewLayer | Synchronizing object | Mouth
Fra:1 Mem:25.85M (Peak 25.85M) | Time:00:00.68 | Mem:0.00M, Peak:0.00M | Scene, ViewLayer | Synchronizing object | Hair_Cap
Fra:1 Mem:27.10M (Peak 27.10M) | Time:00:00.71 | Mem:0.00M, Peak:0.00M | Scene, ViewLayer | Synchronizing object | Hair_CrownBase
Fra:1 Mem:27.16M (Peak 27.16M) | Time:00:00.71 | Mem:0.00M, Peak:0.00M | Scene, ViewLayer | Synchronizing object | Review_Rim
Fra:1 Mem:27.19M (Peak 27.19M) | Time:00:00.71 | Mem:0.00M, Peak:0.00M | Scene, ViewLayer | Synchronizing object | Review_Fill
Fra:1 Mem:27.19M (Peak 27.19M) | Time:00:00.71 | Mem:0.00M, Peak:0.00M | Scene, ViewLayer | Synchronizing object | Review_Key
Fra:1 Mem:27.19M (Peak 27.19M) | Time:00:00.71 | Mem:0.00M, Peak:0.00M | Scene, ViewLayer | Synchronizing object | Review_Ground
Fra:1 Mem:27.21M (Peak 27.21M) | Time:00:00.71 | Mem:0.00M, Peak:0.00M | Scene, ViewLayer | Synchronizing object | Drawing_Pen_0.16
Fra:1 Mem:27.19M (Peak 27.21M) | Time:00:00.71 | Mem:0.00M, Peak:0.00M | Scene, ViewLayer | Synchronizing object | Bangs_00
Fra:1 Mem:27.20M (Peak 27.21M) | Time:00:00.71 | Mem:0.00M, Peak:0.00M | Scene, ViewLayer | Synchronizing object | Drawing_Pen_0.136
Fra:1 Mem:27.21M (Peak 27.21M) | Time:00:00.71 | Mem:0.00M, Peak:0.00M | Scene, ViewLayer | Synchronizing object | Pen_Pouch
Fra:1 Mem:27.22M (Peak 27.22M) | Time:00:00.71 | Mem:0.00M, Peak:0.00M | Scene, ViewLayer | Synchronizing object | Bangs_01
Fra:1 Mem:27.23M (Peak 27.23M) | Time:00:00.71 | Mem:0.00M, Peak:0.00M | Scene, ViewLayer | Synchronizing object | Hair_Clip_1
Fra:1 Mem:27.24M (Peak 27.24M) | Time:00:00.71 | Mem:0.00M, Peak:0.00M | Scene, ViewLayer | Synchronizing object | Hair_Clip_0
Fra:1 Mem:27.25M (Peak 27.25M) | Time:00:00.71 | Mem:0.00M, Peak:0.00M | Scene, ViewLayer | Synchronizing object | Bangs_02
Fra:1 Mem:27.25M (Peak 27.25M) | Time:00:00.71 | Mem:0.00M, Peak:0.00M | Scene, ViewLayer | Synchronizing object | Temple_0.R
Fra:1 Mem:27.30M (Peak 27.30M) | Time:00:00.71 | Mem:0.00M, Peak:0.00M | Scene, ViewLayer | Synchronizing object | Bangs_03
Fra:1 Mem:27.30M (Peak 27.30M) | Time:00:00.71 | Mem:0.00M, Peak:0.00M | Scene, ViewLayer | Synchronizing object | Temple_0.L
Fra:1 Mem:27.34M (Peak 27.34M) | Time:00:00.71 | Mem:0.00M, Peak:0.00M | Scene, ViewLayer | Synchronizing object | Bangs_06
Fra:1 Mem:27.36M (Peak 27.36M) | Time:00:00.71 | Mem:0.00M, Peak:0.00M | Scene, ViewLayer | Synchronizing object | Bangs_04
Fra:1 Mem:27.38M (Peak 27.38M) | Time:00:00.71 | Mem:0.00M, Peak:0.00M | Scene, ViewLayer | Synchronizing object | Bangs_05
Fra:1 Mem:27.41M (Peak 27.41M) | Time:00:00.71 | Mem:0.00M, Peak:0.00M | Scene, ViewLayer | Initializing
Fra:1 Mem:22.49M (Peak 27.41M) | Time:00:00.71 | Mem:0.00M, Peak:0.00M | Scene, ViewLayer | Updating Images | Loading CHR002_GreyStudy_BaseColor
Fra:1 Mem:23.11M (Peak 30.50M) | Time:00:00.73 | Mem:4.00M, Peak:4.00M | Scene, ViewLayer | Waiting for render to start
Fra:1 Mem:23.11M (Peak 30.50M) | Time:00:00.73 | Mem:4.00M, Peak:4.00M | Scene, ViewLayer | Updating Scene
Fra:1 Mem:23.11M (Peak 30.50M) | Time:00:00.73 | Mem:4.00M, Peak:4.00M | Scene, ViewLayer | Updating Shaders
Fra:1 Mem:23.11M (Peak 30.50M) | Time:00:00.73 | Mem:4.00M, Peak:4.00M | Scene, ViewLayer | Loading render kernels (may take a few minutes the first time)
Fra:1 Mem:23.20M (Peak 30.50M) | Time:00:00.73 | Mem:4.00M, Peak:4.00M | Scene, ViewLayer | Updating Procedurals
Fra:1 Mem:23.20M (Peak 30.50M) | Time:00:00.73 | Mem:4.00M, Peak:4.00M | Scene, ViewLayer | Updating Background
Fra:1 Mem:23.20M (Peak 30.50M) | Time:00:00.73 | Mem:4.00M, Peak:4.00M | Scene, ViewLayer | Updating Camera
Fra:1 Mem:23.20M (Peak 30.50M) | Time:00:00.73 | Mem:4.00M, Peak:4.00M | Scene, ViewLayer | Updating Meshes Flags
Fra:1 Mem:23.20M (Peak 30.50M) | Time:00:00.73 | Mem:4.00M, Peak:4.00M | Scene, ViewLayer | Updating Objects
Fra:1 Mem:23.20M (Peak 30.50M) | Time:00:00.73 | Mem:4.00M, Peak:4.00M | Scene, ViewLayer | Updating Objects | Copying Transformations to device
Fra:1 Mem:23.21M (Peak 30.50M) | Time:00:00.73 | Mem:4.02M, Peak:4.02M | Scene, ViewLayer | Updating Particle Systems
Fra:1 Mem:23.21M (Peak 30.50M) | Time:00:00.73 | Mem:4.02M, Peak:4.02M | Scene, ViewLayer | Updating Particle Systems | Copying Particles to device
Fra:1 Mem:23.21M (Peak 30.50M) | Time:00:00.73 | Mem:4.02M, Peak:4.02M | Scene, ViewLayer | Updating Meshes
Fra:1 Mem:23.21M (Peak 30.50M) | Time:00:00.73 | Mem:4.02M, Peak:4.02M | Scene, ViewLayer | Updating Objects | Applying Static Transformations
Fra:1 Mem:23.21M (Peak 30.50M) | Time:00:00.73 | Mem:4.02M, Peak:4.02M | Scene, ViewLayer | Updating Mesh | Computing attributes
Fra:1 Mem:24.44M (Peak 30.50M) | Time:00:00.73 | Mem:4.03M, Peak:4.03M | Scene, ViewLayer | Updating Mesh | Copying Attributes to device
Fra:1 Mem:24.43M (Peak 30.50M) | Time:00:00.73 | Mem:5.23M, Peak:5.23M | Scene, ViewLayer | Updating Scene BVH | Building
Fra:1 Mem:24.43M (Peak 30.50M) | Time:00:00.73 | Mem:5.23M, Peak:5.23M | Scene, ViewLayer | Updating Scene BVH | Building BVH
Fra:1 Mem:24.43M (Peak 30.50M) | Time:00:00.73 | Mem:6.51M, Peak:6.51M | Scene, ViewLayer | Updating Scene BVH | Building BVH 0%
Fra:1 Mem:24.43M (Peak 30.50M) | Time:00:00.73 | Mem:7.91M, Peak:9.19M | Scene, ViewLayer | Updating Scene BVH | Copying BVH to device
Fra:1 Mem:24.43M (Peak 30.50M) | Time:00:00.73 | Mem:7.91M, Peak:9.19M | Scene, ViewLayer | Updating Mesh | Computing normals
Fra:1 Mem:25.56M (Peak 30.50M) | Time:00:00.73 | Mem:7.91M, Peak:9.19M | Scene, ViewLayer | Updating Mesh | Copying Mesh to device
Fra:1 Mem:25.56M (Peak 30.50M) | Time:00:00.73 | Mem:9.04M, Peak:9.19M | Scene, ViewLayer | Updating Objects Flags
Fra:1 Mem:25.56M (Peak 30.50M) | Time:00:00.73 | Mem:9.04M, Peak:9.19M | Scene, ViewLayer | Updating Primitive Offsets
Fra:1 Mem:25.56M (Peak 30.50M) | Time:00:00.73 | Mem:9.04M, Peak:9.19M | Scene, ViewLayer | Updating Images
Fra:1 Mem:25.56M (Peak 30.50M) | Time:00:00.73 | Mem:9.04M, Peak:9.19M | Scene, ViewLayer | Updating Camera Volume
Fra:1 Mem:25.56M (Peak 30.50M) | Time:00:00.73 | Mem:9.04M, Peak:9.19M | Scene, ViewLayer | Updating Lookup Tables
Fra:1 Mem:25.56M (Peak 30.50M) | Time:00:00.73 | Mem:9.12M, Peak:9.19M | Scene, ViewLayer | Updating Lights
Fra:1 Mem:25.56M (Peak 30.50M) | Time:00:00.73 | Mem:9.12M, Peak:9.19M | Scene, ViewLayer | Updating Lights | Computing tree
Fra:1 Mem:25.56M (Peak 30.50M) | Time:00:00.73 | Mem:9.12M, Peak:9.19M | Scene, ViewLayer | Updating Integrator
Fra:1 Mem:25.56M (Peak 30.50M) | Time:00:00.73 | Mem:9.12M, Peak:9.19M | Scene, ViewLayer | Updating Film
Fra:1 Mem:25.56M (Peak 30.50M) | Time:00:00.73 | Mem:9.04M, Peak:9.19M | Scene, ViewLayer | Updating Lookup Tables
Fra:1 Mem:25.56M (Peak 30.50M) | Time:00:00.73 | Mem:9.13M, Peak:9.19M | Scene, ViewLayer | Updating Baking
Fra:1 Mem:25.56M (Peak 30.50M) | Time:00:00.73 | Mem:9.13M, Peak:9.19M | Scene, ViewLayer | Updating Device | Writing constant memory
Fra:1 Mem:25.57M (Peak 30.50M) | Time:00:00.73 | Mem:9.13M, Peak:9.19M | Scene, ViewLayer | Loading denoising kernels (may take a few minutes the first time)
Fra:1 Mem:25.57M (Peak 30.50M) | Time:00:00.73 | Mem:9.13M, Peak:9.19M | Scene, ViewLayer | Sample 0/24
Fra:1 Mem:75.69M (Peak 75.69M) | Time:00:01.40 | Remaining:00:15.37 | Mem:59.24M, Peak:59.24M | Scene, ViewLayer | Sample 1/24
Fra:1 Mem:96.78M (Peak 128.43M) | Time:00:23.40 | Mem:59.24M, Peak:59.24M | Scene, ViewLayer | Sample 24/24
Fra:1 Mem:96.78M (Peak 128.43M) | Time:00:23.40 | Mem:59.24M, Peak:59.24M | Scene, ViewLayer | Finished
Saved: '/home/lzzz/MyProjects/N-SIDE/output/characters/CHR-002/ling-model-r3/before/body-back.png'
Time: 00:23.46 (Saving: 00:00.06)

Fra:1 Mem:21.80M (Peak 22.46M) | Time:00:00.04 | Mem:0.00M, Peak:0.00M | Scene, ViewLayer | Synchronizing object | TShirt
Fra:1 Mem:21.95M (Peak 22.46M) | Time:00:00.04 | Mem:0.00M, Peak:0.00M | Scene, ViewLayer | Synchronizing object | TShirt_Collar
Fra:1 Mem:21.98M (Peak 22.46M) | Time:00:00.04 | Mem:0.00M, Peak:0.00M | Scene, ViewLayer | Synchronizing object | Sleeve_Cuff.L
Fra:1 Mem:21.98M (Peak 22.46M) | Time:00:00.04 | Mem:0.00M, Peak:0.00M | Scene, ViewLayer | Synchronizing object | Zip_Tape.L
Fra:1 Mem:22.02M (Peak 22.46M) | Time:00:00.05 | Mem:0.00M, Peak:0.00M | Scene, ViewLayer | Synchronizing object | Palm.L
Fra:1 Mem:22.07M (Peak 22.46M) | Time:00:00.05 | Mem:0.00M, Peak:0.00M | Scene, ViewLayer | Synchronizing object | Index_Mesh.L
Fra:1 Mem:22.08M (Peak 22.46M) | Time:00:00.05 | Mem:0.00M, Peak:0.00M | Scene, ViewLayer | Synchronizing object | Middle_Mesh.L
Fra:1 Mem:22.08M (Peak 22.46M) | Time:00:00.05 | Mem:0.00M, Peak:0.00M | Scene, ViewLayer | Synchronizing object | Ring_Mesh.L
Fra:1 Mem:22.09M (Peak 22.46M) | Time:00:00.05 | Mem:0.00M, Peak:0.00M | Scene, ViewLayer | Synchronizing object | Pinky_Mesh.L
Fra:1 Mem:22.09M (Peak 22.46M) | Time:00:00.05 | Mem:0.00M, Peak:0.00M | Scene, ViewLayer | Synchronizing object | Thumb_Mesh.L
Fra:1 Mem:22.19M (Peak 22.46M) | Time:00:00.09 | Mem:0.00M, Peak:0.00M | Scene, ViewLayer | Synchronizing object | Leg.L
Fra:1 Mem:22.38M (Peak 22.46M) | Time:00:00.12 | Mem:0.00M, Peak:0.00M | Scene, ViewLayer | Synchronizing object | Shorts.L
Fra:1 Mem:22.46M (Peak 22.46M) | Time:00:00.12 | Mem:0.00M, Peak:0.00M | Scene, ViewLayer | Synchronizing object | Shorts_Hem.L
Fra:1 Mem:22.47M (Peak 22.47M) | Time:00:00.12 | Mem:0.00M, Peak:0.00M | Scene, ViewLayer | Synchronizing object | Sneaker_Sole.L
Fra:1 Mem:22.49M (Peak 22.49M) | Time:00:00.12 | Mem:0.00M, Peak:0.00M | Scene, ViewLayer | Synchronizing object | Sneaker_Upper.L
Fra:1 Mem:22.51M (Peak 22.51M) | Time:00:00.12 | Mem:0.00M, Peak:0.00M | Scene, ViewLayer | Synchronizing object | Sock.L
Fra:1 Mem:22.52M (Peak 22.52M) | Time:00:00.12 | Mem:0.00M, Peak:0.00M | Scene, ViewLayer | Synchronizing object | Lace_0.L
Fra:1 Mem:22.52M (Peak 22.52M) | Time:00:00.12 | Mem:0.00M, Peak:0.00M | Scene, ViewLayer | Synchronizing object | Lace_1.L
Fra:1 Mem:22.52M (Peak 22.52M) | Time:00:00.12 | Mem:0.00M, Peak:0.00M | Scene, ViewLayer | Synchronizing object | Lace_2.L
Fra:1 Mem:22.53M (Peak 22.53M) | Time:00:00.12 | Mem:0.00M, Peak:0.00M | Scene, ViewLayer | Synchronizing object | Heel_Tab.L
Fra:1 Mem:22.53M (Peak 22.53M) | Time:00:00.12 | Mem:0.00M, Peak:0.00M | Scene, ViewLayer | Synchronizing object | Sleeve_Cuff.R
Fra:1 Mem:22.54M (Peak 22.54M) | Time:00:00.12 | Mem:0.00M, Peak:0.00M | Scene, ViewLayer | Synchronizing object | Zip_Tape.R
Fra:1 Mem:22.58M (Peak 22.58M) | Time:00:00.13 | Mem:0.00M, Peak:0.00M | Scene, ViewLayer | Synchronizing object | Palm.R
Fra:1 Mem:22.64M (Peak 22.64M) | Time:00:00.13 | Mem:0.00M, Peak:0.00M | Scene, ViewLayer | Synchronizing object | Index_Mesh.R
Fra:1 Mem:22.63M (Peak 22.64M) | Time:00:00.13 | Mem:0.00M, Peak:0.00M | Scene, ViewLayer | Synchronizing object | Middle_Mesh.R
Fra:1 Mem:22.63M (Peak 22.64M) | Time:00:00.13 | Mem:0.00M, Peak:0.00M | Scene, ViewLayer | Synchronizing object | Ring_Mesh.R
Fra:1 Mem:22.64M (Peak 22.64M) | Time:00:00.13 | Mem:0.00M, Peak:0.00M | Scene, ViewLayer | Synchronizing object | Pinky_Mesh.R
Fra:1 Mem:22.65M (Peak 22.65M) | Time:00:00.13 | Mem:0.00M, Peak:0.00M | Scene, ViewLayer | Synchronizing object | Thumb_Mesh.R
Fra:1 Mem:22.74M (Peak 22.74M) | Time:00:00.17 | Mem:0.00M, Peak:0.00M | Scene, ViewLayer | Synchronizing object | Leg.R
Fra:1 Mem:22.93M (Peak 22.93M) | Time:00:00.20 | Mem:0.00M, Peak:0.00M | Scene, ViewLayer | Synchronizing object | Shorts.R
Fra:1 Mem:23.03M (Peak 23.03M) | Time:00:00.20 | Mem:0.00M, Peak:0.00M | Scene, ViewLayer | Synchronizing object | Shorts_Hem.R
Fra:1 Mem:23.04M (Peak 23.04M) | Time:00:00.20 | Mem:0.00M, Peak:0.00M | Scene, ViewLayer | Synchronizing object | Sneaker_Sole.R
Fra:1 Mem:23.05M (Peak 23.05M) | Time:00:00.20 | Mem:0.00M, Peak:0.00M | Scene, ViewLayer | Synchronizing object | Sneaker_Upper.R
Fra:1 Mem:23.07M (Peak 23.07M) | Time:00:00.20 | Mem:0.00M, Peak:0.00M | Scene, ViewLayer | Synchronizing object | Sock.R
Fra:1 Mem:23.09M (Peak 23.09M) | Time:00:00.20 | Mem:0.00M, Peak:0.00M | Scene, ViewLayer | Synchronizing object | Lace_0.R
Fra:1 Mem:23.18M (Peak 23.18M) | Time:00:00.20 | Mem:0.00M, Peak:0.00M | Scene, ViewLayer | Synchronizing object | Lace_1.R
Fra:1 Mem:23.18M (Peak 23.18M) | Time:00:00.20 | Mem:0.00M, Peak:0.00M | Scene, ViewLayer | Synchronizing object | Lace_2.R
Fra:1 Mem:23.18M (Peak 23.18M) | Time:00:00.20 | Mem:0.00M, Peak:0.00M | Scene, ViewLayer | Synchronizing object | Heel_Tab.R
Fra:1 Mem:23.66M (Peak 23.66M) | Time:00:00.24 | Mem:0.00M, Peak:0.00M | Scene, ViewLayer | Synchronizing object | Jacket_ContinuousShoulders
Fra:1 Mem:24.88M (Peak 24.88M) | Time:00:00.65 | Mem:0.00M, Peak:0.00M | Scene, ViewLayer | Synchronizing object | Face_Head
Fra:1 Mem:25.54M (Peak 25.54M) | Time:00:00.66 | Mem:0.00M, Peak:0.00M | Scene, ViewLayer | Synchronizing object | Ear.L
Fra:1 Mem:25.60M (Peak 25.60M) | Time:00:00.66 | Mem:0.00M, Peak:0.00M | Scene, ViewLayer | Synchronizing object | Ear_Fold.L
Fra:1 Mem:25.65M (Peak 25.65M) | Time:00:00.67 | Mem:0.00M, Peak:0.00M | Scene, ViewLayer | Synchronizing object | Ear.R
Fra:1 Mem:25.71M (Peak 25.71M) | Time:00:00.67 | Mem:0.00M, Peak:0.00M | Scene, ViewLayer | Synchronizing object | Ear_Fold.R
Fra:1 Mem:25.72M (Peak 25.72M) | Time:00:00.67 | Mem:0.00M, Peak:0.00M | Scene, ViewLayer | Synchronizing object | Eye_White.L
Fra:1 Mem:25.73M (Peak 25.73M) | Time:00:00.67 | Mem:0.00M, Peak:0.00M | Scene, ViewLayer | Synchronizing object | Iris_hair.L
Fra:1 Mem:25.73M (Peak 25.73M) | Time:00:00.67 | Mem:0.00M, Peak:0.00M | Scene, ViewLayer | Synchronizing object | Iris_ink.L
Fra:1 Mem:25.74M (Peak 25.74M) | Time:00:00.67 | Mem:0.00M, Peak:0.00M | Scene, ViewLayer | Synchronizing object | Eye_Glint.L
Fra:1 Mem:25.75M (Peak 25.75M) | Time:00:00.67 | Mem:0.00M, Peak:0.00M | Scene, ViewLayer | Synchronizing object | Upper_Lid.L
Fra:1 Mem:25.76M (Peak 25.76M) | Time:00:00.67 | Mem:0.00M, Peak:0.00M | Scene, ViewLayer | Synchronizing object | Lower_Lid.L
Fra:1 Mem:25.76M (Peak 25.76M) | Time:00:00.67 | Mem:0.00M, Peak:0.00M | Scene, ViewLayer | Synchronizing object | Eyebrow.L
Fra:1 Mem:25.78M (Peak 25.78M) | Time:00:00.67 | Mem:0.00M, Peak:0.00M | Scene, ViewLayer | Synchronizing object | Upper_Lid_Tip.L
Fra:1 Mem:25.78M (Peak 25.78M) | Time:00:00.67 | Mem:0.00M, Peak:0.00M | Scene, ViewLayer | Synchronizing object | Eye_White.R
Fra:1 Mem:25.78M (Peak 25.78M) | Time:00:00.67 | Mem:0.00M, Peak:0.00M | Scene, ViewLayer | Synchronizing object | Iris_hair.R
Fra:1 Mem:25.79M (Peak 25.79M) | Time:00:00.67 | Mem:0.00M, Peak:0.00M | Scene, ViewLayer | Synchronizing object | Iris_ink.R
Fra:1 Mem:25.80M (Peak 25.80M) | Time:00:00.67 | Mem:0.00M, Peak:0.00M | Scene, ViewLayer | Synchronizing object | Eye_Glint.R
Fra:1 Mem:25.81M (Peak 25.81M) | Time:00:00.67 | Mem:0.00M, Peak:0.00M | Scene, ViewLayer | Synchronizing object | Upper_Lid.R
Fra:1 Mem:25.82M (Peak 25.82M) | Time:00:00.67 | Mem:0.00M, Peak:0.00M | Scene, ViewLayer | Synchronizing object | Lower_Lid.R
Fra:1 Mem:25.82M (Peak 25.82M) | Time:00:00.67 | Mem:0.00M, Peak:0.00M | Scene, ViewLayer | Synchronizing object | Eyebrow.R
Fra:1 Mem:25.83M (Peak 25.83M) | Time:00:00.67 | Mem:0.00M, Peak:0.00M | Scene, ViewLayer | Synchronizing object | Upper_Lid_Tip.R
Fra:1 Mem:25.84M (Peak 25.84M) | Time:00:00.67 | Mem:0.00M, Peak:0.00M | Scene, ViewLayer | Synchronizing object | Mouth
Fra:1 Mem:25.85M (Peak 25.85M) | Time:00:00.67 | Mem:0.00M, Peak:0.00M | Scene, ViewLayer | Synchronizing object | Hair_Cap
Fra:1 Mem:27.10M (Peak 27.10M) | Time:00:00.71 | Mem:0.00M, Peak:0.00M | Scene, ViewLayer | Synchronizing object | Hair_CrownBase
Fra:1 Mem:27.16M (Peak 27.16M) | Time:00:00.71 | Mem:0.00M, Peak:0.00M | Scene, ViewLayer | Synchronizing object | Review_Rim
Fra:1 Mem:27.19M (Peak 27.19M) | Time:00:00.71 | Mem:0.00M, Peak:0.00M | Scene, ViewLayer | Synchronizing object | Review_Fill
Fra:1 Mem:27.19M (Peak 27.19M) | Time:00:00.71 | Mem:0.00M, Peak:0.00M | Scene, ViewLayer | Synchronizing object | Review_Key
Fra:1 Mem:27.21M (Peak 27.21M) | Time:00:00.71 | Mem:0.00M, Peak:0.00M | Scene, ViewLayer | Synchronizing object | Review_Ground
Fra:1 Mem:27.19M (Peak 27.21M) | Time:00:00.71 | Mem:0.00M, Peak:0.00M | Scene, ViewLayer | Synchronizing object | Bangs_00
Fra:1 Mem:27.19M (Peak 27.21M) | Time:00:00.71 | Mem:0.00M, Peak:0.00M | Scene, ViewLayer | Synchronizing object | Drawing_Pen_0.16
Fra:1 Mem:27.21M (Peak 27.21M) | Time:00:00.71 | Mem:0.00M, Peak:0.00M | Scene, ViewLayer | Synchronizing object | Drawing_Pen_0.136
Fra:1 Mem:27.22M (Peak 27.22M) | Time:00:00.71 | Mem:0.00M, Peak:0.00M | Scene, ViewLayer | Synchronizing object | Bangs_01
Fra:1 Mem:27.22M (Peak 27.22M) | Time:00:00.71 | Mem:0.00M, Peak:0.00M | Scene, ViewLayer | Synchronizing object | Pen_Pouch
Fra:1 Mem:27.24M (Peak 27.24M) | Time:00:00.71 | Mem:0.00M, Peak:0.00M | Scene, ViewLayer | Synchronizing object | Hair_Clip_1
Fra:1 Mem:27.25M (Peak 27.25M) | Time:00:00.71 | Mem:0.00M, Peak:0.00M | Scene, ViewLayer | Synchronizing object | Bangs_02
Fra:1 Mem:27.25M (Peak 27.25M) | Time:00:00.71 | Mem:0.00M, Peak:0.00M | Scene, ViewLayer | Synchronizing object | Hair_Clip_0
Fra:1 Mem:27.27M (Peak 27.27M) | Time:00:00.71 | Mem:0.00M, Peak:0.00M | Scene, ViewLayer | Synchronizing object | Temple_0.R
Fra:1 Mem:27.29M (Peak 27.29M) | Time:00:00.71 | Mem:0.00M, Peak:0.00M | Scene, ViewLayer | Synchronizing object | Bangs_03
Fra:1 Mem:27.31M (Peak 27.31M) | Time:00:00.71 | Mem:0.00M, Peak:0.00M | Scene, ViewLayer | Synchronizing object | Temple_0.L
Fra:1 Mem:27.33M (Peak 27.33M) | Time:00:00.71 | Mem:0.00M, Peak:0.00M | Scene, ViewLayer | Synchronizing object | Bangs_04
Fra:1 Mem:27.36M (Peak 27.36M) | Time:00:00.71 | Mem:0.00M, Peak:0.00M | Scene, ViewLayer | Synchronizing object | Bangs_06
Fra:1 Mem:27.38M (Peak 27.38M) | Time:00:00.71 | Mem:0.00M, Peak:0.00M | Scene, ViewLayer | Synchronizing object | Bangs_05
Fra:1 Mem:27.41M (Peak 27.41M) | Time:00:00.71 | Mem:0.00M, Peak:0.00M | Scene, ViewLayer | Initializing
Fra:1 Mem:22.49M (Peak 27.41M) | Time:00:00.71 | Mem:0.00M, Peak:0.00M | Scene, ViewLayer | Updating Images | Loading CHR002_GreyStudy_BaseColor
Fra:1 Mem:23.11M (Peak 30.50M) | Time:00:00.72 | Mem:4.00M, Peak:4.00M | Scene, ViewLayer | Waiting for render to start
Fra:1 Mem:23.11M (Peak 30.50M) | Time:00:00.72 | Mem:4.00M, Peak:4.00M | Scene, ViewLayer | Updating Scene
Fra:1 Mem:23.11M (Peak 30.50M) | Time:00:00.72 | Mem:4.00M, Peak:4.00M | Scene, ViewLayer | Updating Shaders
Fra:1 Mem:23.11M (Peak 30.50M) | Time:00:00.72 | Mem:4.00M, Peak:4.00M | Scene, ViewLayer | Loading render kernels (may take a few minutes the first time)
Fra:1 Mem:23.20M (Peak 30.50M) | Time:00:00.72 | Mem:4.00M, Peak:4.00M | Scene, ViewLayer | Updating Procedurals
Fra:1 Mem:23.20M (Peak 30.50M) | Time:00:00.72 | Mem:4.00M, Peak:4.00M | Scene, ViewLayer | Updating Background
Fra:1 Mem:23.20M (Peak 30.50M) | Time:00:00.72 | Mem:4.00M, Peak:4.00M | Scene, ViewLayer | Updating Camera
Fra:1 Mem:23.20M (Peak 30.50M) | Time:00:00.72 | Mem:4.00M, Peak:4.00M | Scene, ViewLayer | Updating Meshes Flags
Fra:1 Mem:23.20M (Peak 30.50M) | Time:00:00.72 | Mem:4.00M, Peak:4.00M | Scene, ViewLayer | Updating Objects
Fra:1 Mem:23.20M (Peak 30.50M) | Time:00:00.72 | Mem:4.00M, Peak:4.00M | Scene, ViewLayer | Updating Objects | Copying Transformations to device
Fra:1 Mem:23.21M (Peak 30.50M) | Time:00:00.72 | Mem:4.02M, Peak:4.02M | Scene, ViewLayer | Updating Particle Systems
Fra:1 Mem:23.21M (Peak 30.50M) | Time:00:00.72 | Mem:4.02M, Peak:4.02M | Scene, ViewLayer | Updating Particle Systems | Copying Particles to device
Fra:1 Mem:23.21M (Peak 30.50M) | Time:00:00.72 | Mem:4.02M, Peak:4.02M | Scene, ViewLayer | Updating Meshes
Fra:1 Mem:23.21M (Peak 30.50M) | Time:00:00.72 | Mem:4.02M, Peak:4.02M | Scene, ViewLayer | Updating Objects | Applying Static Transformations
Fra:1 Mem:23.21M (Peak 30.50M) | Time:00:00.72 | Mem:4.02M, Peak:4.02M | Scene, ViewLayer | Updating Mesh | Computing attributes
Fra:1 Mem:24.44M (Peak 30.50M) | Time:00:00.72 | Mem:4.03M, Peak:4.03M | Scene, ViewLayer | Updating Mesh | Copying Attributes to device
Fra:1 Mem:24.43M (Peak 30.50M) | Time:00:00.72 | Mem:5.23M, Peak:5.23M | Scene, ViewLayer | Updating Scene BVH | Building
Fra:1 Mem:24.43M (Peak 30.50M) | Time:00:00.72 | Mem:5.23M, Peak:5.23M | Scene, ViewLayer | Updating Scene BVH | Building BVH
Fra:1 Mem:24.43M (Peak 30.50M) | Time:00:00.72 | Mem:6.51M, Peak:6.51M | Scene, ViewLayer | Updating Scene BVH | Building BVH 0%
Fra:1 Mem:24.43M (Peak 30.50M) | Time:00:00.73 | Mem:7.91M, Peak:9.19M | Scene, ViewLayer | Updating Scene BVH | Copying BVH to device
Fra:1 Mem:24.43M (Peak 30.50M) | Time:00:00.73 | Mem:7.91M, Peak:9.19M | Scene, ViewLayer | Updating Mesh | Computing normals
Fra:1 Mem:25.56M (Peak 30.50M) | Time:00:00.73 | Mem:7.91M, Peak:9.19M | Scene, ViewLayer | Updating Mesh | Copying Mesh to device
Fra:1 Mem:25.56M (Peak 30.50M) | Time:00:00.73 | Mem:9.04M, Peak:9.19M | Scene, ViewLayer | Updating Objects Flags
Fra:1 Mem:25.56M (Peak 30.50M) | Time:00:00.73 | Mem:9.04M, Peak:9.19M | Scene, ViewLayer | Updating Primitive Offsets
Fra:1 Mem:25.56M (Peak 30.50M) | Time:00:00.73 | Mem:9.04M, Peak:9.19M | Scene, ViewLayer | Updating Images
Fra:1 Mem:25.56M (Peak 30.50M) | Time:00:00.73 | Mem:9.04M, Peak:9.19M | Scene, ViewLayer | Updating Camera Volume
Fra:1 Mem:25.56M (Peak 30.50M) | Time:00:00.73 | Mem:9.04M, Peak:9.19M | Scene, ViewLayer | Updating Lookup Tables
Fra:1 Mem:25.56M (Peak 30.50M) | Time:00:00.73 | Mem:9.12M, Peak:9.19M | Scene, ViewLayer | Updating Lights
Fra:1 Mem:25.56M (Peak 30.50M) | Time:00:00.73 | Mem:9.12M, Peak:9.19M | Scene, ViewLayer | Updating Lights | Computing tree
Fra:1 Mem:25.56M (Peak 30.50M) | Time:00:00.73 | Mem:9.12M, Peak:9.19M | Scene, ViewLayer | Updating Integrator
Fra:1 Mem:25.56M (Peak 30.50M) | Time:00:00.73 | Mem:9.12M, Peak:9.19M | Scene, ViewLayer | Updating Film
Fra:1 Mem:25.56M (Peak 30.50M) | Time:00:00.73 | Mem:9.04M, Peak:9.19M | Scene, ViewLayer | Updating Lookup Tables
Fra:1 Mem:25.56M (Peak 30.50M) | Time:00:00.73 | Mem:9.13M, Peak:9.19M | Scene, ViewLayer | Updating Baking
Fra:1 Mem:25.56M (Peak 30.50M) | Time:00:00.73 | Mem:9.13M, Peak:9.19M | Scene, ViewLayer | Updating Device | Writing constant memory
Fra:1 Mem:25.57M (Peak 30.50M) | Time:00:00.73 | Mem:9.13M, Peak:9.19M | Scene, ViewLayer | Loading denoising kernels (may take a few minutes the first time)
Fra:1 Mem:25.57M (Peak 30.50M) | Time:00:00.73 | Mem:9.13M, Peak:9.19M | Scene, ViewLayer | Sample 0/24
Fra:1 Mem:75.69M (Peak 75.69M) | Time:00:01.63 | Remaining:00:20.77 | Mem:59.24M, Peak:59.24M | Scene, ViewLayer | Sample 1/24
Fra:1 Mem:96.78M (Peak 128.43M) | Time:00:28.64 | Mem:59.24M, Peak:59.24M | Scene, ViewLayer | Sample 24/24
Fra:1 Mem:96.78M (Peak 128.43M) | Time:00:28.64 | Mem:59.24M, Peak:59.24M | Scene, ViewLayer | Finished
Saved: '/home/lzzz/MyProjects/N-SIDE/output/characters/CHR-002/ling-model-r3/before/face-front.png'
Time: 00:28.71 (Saving: 00:00.06)

Fra:1 Mem:21.80M (Peak 22.28M) | Time:00:00.04 | Mem:0.00M, Peak:0.00M | Scene, ViewLayer | Synchronizing object | TShirt
Fra:1 Mem:21.95M (Peak 22.28M) | Time:00:00.04 | Mem:0.00M, Peak:0.00M | Scene, ViewLayer | Synchronizing object | TShirt_Collar
Fra:1 Mem:21.98M (Peak 22.28M) | Time:00:00.04 | Mem:0.00M, Peak:0.00M | Scene, ViewLayer | Synchronizing object | Sleeve_Cuff.L
Fra:1 Mem:21.98M (Peak 22.28M) | Time:00:00.04 | Mem:0.00M, Peak:0.00M | Scene, ViewLayer | Synchronizing object | Zip_Tape.L
Fra:1 Mem:22.02M (Peak 22.28M) | Time:00:00.06 | Mem:0.00M, Peak:0.00M | Scene, ViewLayer | Synchronizing object | Palm.L
Fra:1 Mem:22.07M (Peak 22.28M) | Time:00:00.06 | Mem:0.00M, Peak:0.00M | Scene, ViewLayer | Synchronizing object | Index_Mesh.L
Fra:1 Mem:22.07M (Peak 22.28M) | Time:00:00.06 | Mem:0.00M, Peak:0.00M | Scene, ViewLayer | Synchronizing object | Middle_Mesh.L
Fra:1 Mem:22.08M (Peak 22.28M) | Time:00:00.06 | Mem:0.00M, Peak:0.00M | Scene, ViewLayer | Synchronizing object | Ring_Mesh.L
Fra:1 Mem:22.09M (Peak 22.28M) | Time:00:00.06 | Mem:0.00M, Peak:0.00M | Scene, ViewLayer | Synchronizing object | Pinky_Mesh.L
Fra:1 Mem:22.09M (Peak 22.28M) | Time:00:00.06 | Mem:0.00M, Peak:0.00M | Scene, ViewLayer | Synchronizing object | Thumb_Mesh.L
Fra:1 Mem:22.19M (Peak 22.28M) | Time:00:00.09 | Mem:0.00M, Peak:0.00M | Scene, ViewLayer | Synchronizing object | Leg.L
Fra:1 Mem:22.38M (Peak 22.38M) | Time:00:00.12 | Mem:0.00M, Peak:0.00M | Scene, ViewLayer | Synchronizing object | Shorts.L
Fra:1 Mem:22.46M (Peak 22.46M) | Time:00:00.12 | Mem:0.00M, Peak:0.00M | Scene, ViewLayer | Synchronizing object | Shorts_Hem.L
Fra:1 Mem:22.47M (Peak 22.47M) | Time:00:00.12 | Mem:0.00M, Peak:0.00M | Scene, ViewLayer | Synchronizing object | Sneaker_Sole.L
Fra:1 Mem:22.49M (Peak 22.49M) | Time:00:00.12 | Mem:0.00M, Peak:0.00M | Scene, ViewLayer | Synchronizing object | Sneaker_Upper.L
Fra:1 Mem:22.51M (Peak 22.51M) | Time:00:00.12 | Mem:0.00M, Peak:0.00M | Scene, ViewLayer | Synchronizing object | Sock.L
Fra:1 Mem:22.52M (Peak 22.52M) | Time:00:00.12 | Mem:0.00M, Peak:0.00M | Scene, ViewLayer | Synchronizing object | Lace_0.L
Fra:1 Mem:22.52M (Peak 22.52M) | Time:00:00.12 | Mem:0.00M, Peak:0.00M | Scene, ViewLayer | Synchronizing object | Lace_1.L
Fra:1 Mem:22.52M (Peak 22.52M) | Time:00:00.12 | Mem:0.00M, Peak:0.00M | Scene, ViewLayer | Synchronizing object | Lace_2.L
Fra:1 Mem:22.53M (Peak 22.53M) | Time:00:00.12 | Mem:0.00M, Peak:0.00M | Scene, ViewLayer | Synchronizing object | Heel_Tab.L
Fra:1 Mem:22.53M (Peak 22.53M) | Time:00:00.12 | Mem:0.00M, Peak:0.00M | Scene, ViewLayer | Synchronizing object | Sleeve_Cuff.R
Fra:1 Mem:22.54M (Peak 22.54M) | Time:00:00.12 | Mem:0.00M, Peak:0.00M | Scene, ViewLayer | Synchronizing object | Zip_Tape.R
Fra:1 Mem:22.58M (Peak 22.58M) | Time:00:00.13 | Mem:0.00M, Peak:0.00M | Scene, ViewLayer | Synchronizing object | Palm.R
Fra:1 Mem:22.62M (Peak 22.62M) | Time:00:00.13 | Mem:0.00M, Peak:0.00M | Scene, ViewLayer | Synchronizing object | Index_Mesh.R
Fra:1 Mem:22.63M (Peak 22.63M) | Time:00:00.13 | Mem:0.00M, Peak:0.00M | Scene, ViewLayer | Synchronizing object | Middle_Mesh.R
Fra:1 Mem:22.63M (Peak 22.63M) | Time:00:00.13 | Mem:0.00M, Peak:0.00M | Scene, ViewLayer | Synchronizing object | Ring_Mesh.R
Fra:1 Mem:22.64M (Peak 22.64M) | Time:00:00.13 | Mem:0.00M, Peak:0.00M | Scene, ViewLayer | Synchronizing object | Pinky_Mesh.R
Fra:1 Mem:22.65M (Peak 22.65M) | Time:00:00.13 | Mem:0.00M, Peak:0.00M | Scene, ViewLayer | Synchronizing object | Thumb_Mesh.R
Fra:1 Mem:22.74M (Peak 22.74M) | Time:00:00.17 | Mem:0.00M, Peak:0.00M | Scene, ViewLayer | Synchronizing object | Leg.R
Fra:1 Mem:22.93M (Peak 22.93M) | Time:00:00.20 | Mem:0.00M, Peak:0.00M | Scene, ViewLayer | Synchronizing object | Shorts.R
Fra:1 Mem:23.03M (Peak 23.03M) | Time:00:00.20 | Mem:0.00M, Peak:0.00M | Scene, ViewLayer | Synchronizing object | Shorts_Hem.R
Fra:1 Mem:23.04M (Peak 23.04M) | Time:00:00.20 | Mem:0.00M, Peak:0.00M | Scene, ViewLayer | Synchronizing object | Sneaker_Sole.R
Fra:1 Mem:23.05M (Peak 23.05M) | Time:00:00.20 | Mem:0.00M, Peak:0.00M | Scene, ViewLayer | Synchronizing object | Sneaker_Upper.R
Fra:1 Mem:23.07M (Peak 23.07M) | Time:00:00.20 | Mem:0.00M, Peak:0.00M | Scene, ViewLayer | Synchronizing object | Sock.R
Fra:1 Mem:23.09M (Peak 23.09M) | Time:00:00.20 | Mem:0.00M, Peak:0.00M | Scene, ViewLayer | Synchronizing object | Lace_0.R
Fra:1 Mem:23.09M (Peak 23.09M) | Time:00:00.20 | Mem:0.00M, Peak:0.00M | Scene, ViewLayer | Synchronizing object | Lace_1.R
Fra:1 Mem:23.09M (Peak 23.09M) | Time:00:00.20 | Mem:0.00M, Peak:0.00M | Scene, ViewLayer | Synchronizing object | Lace_2.R
Fra:1 Mem:23.10M (Peak 23.10M) | Time:00:00.20 | Mem:0.00M, Peak:0.00M | Scene, ViewLayer | Synchronizing object | Heel_Tab.R
Fra:1 Mem:23.66M (Peak 23.66M) | Time:00:00.24 | Mem:0.00M, Peak:0.00M | Scene, ViewLayer | Synchronizing object | Jacket_ContinuousShoulders
Fra:1 Mem:24.88M (Peak 24.88M) | Time:00:00.65 | Mem:0.00M, Peak:0.00M | Scene, ViewLayer | Synchronizing object | Face_Head
Fra:1 Mem:25.55M (Peak 25.55M) | Time:00:00.66 | Mem:0.00M, Peak:0.00M | Scene, ViewLayer | Synchronizing object | Ear.L
Fra:1 Mem:25.60M (Peak 25.60M) | Time:00:00.66 | Mem:0.00M, Peak:0.00M | Scene, ViewLayer | Synchronizing object | Ear_Fold.L
Fra:1 Mem:25.65M (Peak 25.65M) | Time:00:00.67 | Mem:0.00M, Peak:0.00M | Scene, ViewLayer | Synchronizing object | Ear.R
Fra:1 Mem:25.71M (Peak 25.71M) | Time:00:00.67 | Mem:0.00M, Peak:0.00M | Scene, ViewLayer | Synchronizing object | Ear_Fold.R
Fra:1 Mem:25.72M (Peak 25.72M) | Time:00:00.67 | Mem:0.00M, Peak:0.00M | Scene, ViewLayer | Synchronizing object | Eye_White.L
Fra:1 Mem:25.72M (Peak 25.72M) | Time:00:00.67 | Mem:0.00M, Peak:0.00M | Scene, ViewLayer | Synchronizing object | Iris_hair.L
Fra:1 Mem:25.73M (Peak 25.73M) | Time:00:00.67 | Mem:0.00M, Peak:0.00M | Scene, ViewLayer | Synchronizing object | Iris_ink.L
Fra:1 Mem:25.74M (Peak 25.74M) | Time:00:00.67 | Mem:0.00M, Peak:0.00M | Scene, ViewLayer | Synchronizing object | Eye_Glint.L
Fra:1 Mem:25.75M (Peak 25.75M) | Time:00:00.67 | Mem:0.00M, Peak:0.00M | Scene, ViewLayer | Synchronizing object | Upper_Lid.L
Fra:1 Mem:25.76M (Peak 25.76M) | Time:00:00.67 | Mem:0.00M, Peak:0.00M | Scene, ViewLayer | Synchronizing object | Lower_Lid.L
Fra:1 Mem:25.76M (Peak 25.76M) | Time:00:00.67 | Mem:0.00M, Peak:0.00M | Scene, ViewLayer | Synchronizing object | Eyebrow.L
Fra:1 Mem:25.78M (Peak 25.78M) | Time:00:00.67 | Mem:0.00M, Peak:0.00M | Scene, ViewLayer | Synchronizing object | Upper_Lid_Tip.L
Fra:1 Mem:25.78M (Peak 25.78M) | Time:00:00.67 | Mem:0.00M, Peak:0.00M | Scene, ViewLayer | Synchronizing object | Eye_White.R
Fra:1 Mem:25.78M (Peak 25.78M) | Time:00:00.67 | Mem:0.00M, Peak:0.00M | Scene, ViewLayer | Synchronizing object | Iris_hair.R
Fra:1 Mem:25.79M (Peak 25.79M) | Time:00:00.67 | Mem:0.00M, Peak:0.00M | Scene, ViewLayer | Synchronizing object | Iris_ink.R
Fra:1 Mem:25.80M (Peak 25.80M) | Time:00:00.67 | Mem:0.00M, Peak:0.00M | Scene, ViewLayer | Synchronizing object | Eye_Glint.R
Fra:1 Mem:25.81M (Peak 25.81M) | Time:00:00.67 | Mem:0.00M, Peak:0.00M | Scene, ViewLayer | Synchronizing object | Upper_Lid.R
Fra:1 Mem:25.82M (Peak 25.82M) | Time:00:00.67 | Mem:0.00M, Peak:0.00M | Scene, ViewLayer | Synchronizing object | Lower_Lid.R
Fra:1 Mem:25.82M (Peak 25.82M) | Time:00:00.67 | Mem:0.00M, Peak:0.00M | Scene, ViewLayer | Synchronizing object | Eyebrow.R
Fra:1 Mem:25.83M (Peak 25.83M) | Time:00:00.67 | Mem:0.00M, Peak:0.00M | Scene, ViewLayer | Synchronizing object | Upper_Lid_Tip.R
Fra:1 Mem:25.84M (Peak 25.84M) | Time:00:00.67 | Mem:0.00M, Peak:0.00M | Scene, ViewLayer | Synchronizing object | Mouth
Fra:1 Mem:25.85M (Peak 25.85M) | Time:00:00.67 | Mem:0.00M, Peak:0.00M | Scene, ViewLayer | Synchronizing object | Hair_Cap
Fra:1 Mem:27.10M (Peak 27.10M) | Time:00:00.71 | Mem:0.00M, Peak:0.00M | Scene, ViewLayer | Synchronizing object | Hair_CrownBase
Fra:1 Mem:27.17M (Peak 27.17M) | Time:00:00.71 | Mem:0.00M, Peak:0.00M | Scene, ViewLayer | Synchronizing object | Review_Rim
Fra:1 Mem:27.19M (Peak 27.19M) | Time:00:00.71 | Mem:0.00M, Peak:0.00M | Scene, ViewLayer | Synchronizing object | Review_Fill
Fra:1 Mem:27.19M (Peak 27.19M) | Time:00:00.71 | Mem:0.00M, Peak:0.00M | Scene, ViewLayer | Synchronizing object | Review_Key
Fra:1 Mem:27.19M (Peak 27.19M) | Time:00:00.71 | Mem:0.00M, Peak:0.00M | Scene, ViewLayer | Synchronizing object | Review_Ground
Fra:1 Mem:27.19M (Peak 27.19M) | Time:00:00.71 | Mem:0.00M, Peak:0.00M | Scene, ViewLayer | Synchronizing object | Drawing_Pen_0.16
Fra:1 Mem:27.22M (Peak 27.22M) | Time:00:00.71 | Mem:0.00M, Peak:0.00M | Scene, ViewLayer | Synchronizing object | Drawing_Pen_0.136
Fra:1 Mem:27.22M (Peak 27.22M) | Time:00:00.71 | Mem:0.00M, Peak:0.00M | Scene, ViewLayer | Synchronizing object | Bangs_01
Fra:1 Mem:27.22M (Peak 27.22M) | Time:00:00.71 | Mem:0.00M, Peak:0.00M | Scene, ViewLayer | Synchronizing object | Pen_Pouch
Fra:1 Mem:27.25M (Peak 27.25M) | Time:00:00.71 | Mem:0.00M, Peak:0.00M | Scene, ViewLayer | Synchronizing object | Hair_Clip_1
Fra:1 Mem:27.25M (Peak 27.25M) | Time:00:00.71 | Mem:0.00M, Peak:0.00M | Scene, ViewLayer | Synchronizing object | Bangs_02
Fra:1 Mem:27.25M (Peak 27.25M) | Time:00:00.71 | Mem:0.00M, Peak:0.00M | Scene, ViewLayer | Synchronizing object | Hair_Clip_0
Fra:1 Mem:27.27M (Peak 27.27M) | Time:00:00.71 | Mem:0.00M, Peak:0.00M | Scene, ViewLayer | Synchronizing object | Temple_0.R
Fra:1 Mem:27.29M (Peak 27.29M) | Time:00:00.71 | Mem:0.00M, Peak:0.00M | Scene, ViewLayer | Synchronizing object | Bangs_03
Fra:1 Mem:27.31M (Peak 27.31M) | Time:00:00.71 | Mem:0.00M, Peak:0.00M | Scene, ViewLayer | Synchronizing object | Temple_0.L
Fra:1 Mem:27.33M (Peak 27.33M) | Time:00:00.71 | Mem:0.00M, Peak:0.00M | Scene, ViewLayer | Synchronizing object | Bangs_04
Fra:1 Mem:27.36M (Peak 27.36M) | Time:00:00.71 | Mem:0.00M, Peak:0.00M | Scene, ViewLayer | Synchronizing object | Bangs_06
Fra:1 Mem:27.38M (Peak 27.38M) | Time:00:00.71 | Mem:0.00M, Peak:0.00M | Scene, ViewLayer | Synchronizing object | Bangs_05
Fra:1 Mem:27.41M (Peak 27.41M) | Time:00:00.71 | Mem:0.00M, Peak:0.00M | Scene, ViewLayer | Initializing
Fra:1 Mem:22.49M (Peak 27.41M) | Time:00:00.71 | Mem:0.00M, Peak:0.00M | Scene, ViewLayer | Updating Images | Loading CHR002_GreyStudy_BaseColor
Fra:1 Mem:23.11M (Peak 30.50M) | Time:00:00.72 | Mem:4.00M, Peak:4.00M | Scene, ViewLayer | Waiting for render to start
Fra:1 Mem:23.11M (Peak 30.50M) | Time:00:00.72 | Mem:4.00M, Peak:4.00M | Scene, ViewLayer | Updating Scene
Fra:1 Mem:23.11M (Peak 30.50M) | Time:00:00.72 | Mem:4.00M, Peak:4.00M | Scene, ViewLayer | Updating Shaders
Fra:1 Mem:23.11M (Peak 30.50M) | Time:00:00.72 | Mem:4.00M, Peak:4.00M | Scene, ViewLayer | Loading render kernels (may take a few minutes the first time)
Fra:1 Mem:23.20M (Peak 30.50M) | Time:00:00.72 | Mem:4.00M, Peak:4.00M | Scene, ViewLayer | Updating Procedurals
Fra:1 Mem:23.20M (Peak 30.50M) | Time:00:00.72 | Mem:4.00M, Peak:4.00M | Scene, ViewLayer | Updating Background
Fra:1 Mem:23.20M (Peak 30.50M) | Time:00:00.72 | Mem:4.00M, Peak:4.00M | Scene, ViewLayer | Updating Camera
Fra:1 Mem:23.20M (Peak 30.50M) | Time:00:00.72 | Mem:4.00M, Peak:4.00M | Scene, ViewLayer | Updating Meshes Flags
Fra:1 Mem:23.20M (Peak 30.50M) | Time:00:00.72 | Mem:4.00M, Peak:4.00M | Scene, ViewLayer | Updating Objects
Fra:1 Mem:23.20M (Peak 30.50M) | Time:00:00.72 | Mem:4.00M, Peak:4.00M | Scene, ViewLayer | Updating Objects | Copying Transformations to device
Fra:1 Mem:23.21M (Peak 30.50M) | Time:00:00.72 | Mem:4.02M, Peak:4.02M | Scene, ViewLayer | Updating Particle Systems
Fra:1 Mem:23.21M (Peak 30.50M) | Time:00:00.72 | Mem:4.02M, Peak:4.02M | Scene, ViewLayer | Updating Particle Systems | Copying Particles to device
Fra:1 Mem:23.21M (Peak 30.50M) | Time:00:00.72 | Mem:4.02M, Peak:4.02M | Scene, ViewLayer | Updating Meshes
Fra:1 Mem:23.21M (Peak 30.50M) | Time:00:00.72 | Mem:4.02M, Peak:4.02M | Scene, ViewLayer | Updating Objects | Applying Static Transformations
Fra:1 Mem:23.21M (Peak 30.50M) | Time:00:00.72 | Mem:4.02M, Peak:4.02M | Scene, ViewLayer | Updating Mesh | Computing attributes
Fra:1 Mem:24.44M (Peak 30.50M) | Time:00:00.73 | Mem:4.03M, Peak:4.03M | Scene, ViewLayer | Updating Mesh | Copying Attributes to device
Fra:1 Mem:24.43M (Peak 30.50M) | Time:00:00.73 | Mem:5.23M, Peak:5.23M | Scene, ViewLayer | Updating Scene BVH | Building
Fra:1 Mem:24.43M (Peak 30.50M) | Time:00:00.73 | Mem:5.23M, Peak:5.23M | Scene, ViewLayer | Updating Scene BVH | Building BVH
Fra:1 Mem:24.43M (Peak 30.50M) | Time:00:00.73 | Mem:6.51M, Peak:6.51M | Scene, ViewLayer | Updating Scene BVH | Building BVH 0%
Fra:1 Mem:24.43M (Peak 30.50M) | Time:00:00.73 | Mem:7.91M, Peak:9.19M | Scene, ViewLayer | Updating Scene BVH | Copying BVH to device
Fra:1 Mem:24.43M (Peak 30.50M) | Time:00:00.73 | Mem:7.91M, Peak:9.19M | Scene, ViewLayer | Updating Mesh | Computing normals
Fra:1 Mem:25.56M (Peak 30.50M) | Time:00:00.73 | Mem:7.91M, Peak:9.19M | Scene, ViewLayer | Updating Mesh | Copying Mesh to device
Fra:1 Mem:25.56M (Peak 30.50M) | Time:00:00.73 | Mem:9.04M, Peak:9.19M | Scene, ViewLayer | Updating Objects Flags
Fra:1 Mem:25.56M (Peak 30.50M) | Time:00:00.73 | Mem:9.04M, Peak:9.19M | Scene, ViewLayer | Updating Primitive Offsets
Fra:1 Mem:25.56M (Peak 30.50M) | Time:00:00.73 | Mem:9.04M, Peak:9.19M | Scene, ViewLayer | Updating Images
Fra:1 Mem:25.56M (Peak 30.50M) | Time:00:00.73 | Mem:9.04M, Peak:9.19M | Scene, ViewLayer | Updating Camera Volume
Fra:1 Mem:25.56M (Peak 30.50M) | Time:00:00.73 | Mem:9.04M, Peak:9.19M | Scene, ViewLayer | Updating Lookup Tables
Fra:1 Mem:25.56M (Peak 30.50M) | Time:00:00.73 | Mem:9.12M, Peak:9.19M | Scene, ViewLayer | Updating Lights
Fra:1 Mem:25.56M (Peak 30.50M) | Time:00:00.73 | Mem:9.12M, Peak:9.19M | Scene, ViewLayer | Updating Lights | Computing tree
Fra:1 Mem:25.56M (Peak 30.50M) | Time:00:00.73 | Mem:9.12M, Peak:9.19M | Scene, ViewLayer | Updating Integrator
Fra:1 Mem:25.56M (Peak 30.50M) | Time:00:00.73 | Mem:9.12M, Peak:9.19M | Scene, ViewLayer | Updating Film
Fra:1 Mem:25.56M (Peak 30.50M) | Time:00:00.73 | Mem:9.04M, Peak:9.19M | Scene, ViewLayer | Updating Lookup Tables
Fra:1 Mem:25.56M (Peak 30.50M) | Time:00:00.73 | Mem:9.13M, Peak:9.19M | Scene, ViewLayer | Updating Baking
Fra:1 Mem:25.56M (Peak 30.50M) | Time:00:00.73 | Mem:9.13M, Peak:9.19M | Scene, ViewLayer | Updating Device | Writing constant memory
Fra:1 Mem:25.57M (Peak 30.50M) | Time:00:00.73 | Mem:9.13M, Peak:9.19M | Scene, ViewLayer | Loading denoising kernels (may take a few minutes the first time)
Fra:1 Mem:25.57M (Peak 30.50M) | Time:00:00.73 | Mem:9.13M, Peak:9.19M | Scene, ViewLayer | Sample 0/24
Fra:1 Mem:75.69M (Peak 75.69M) | Time:00:01.34 | Remaining:00:14.10 | Mem:59.24M, Peak:59.24M | Scene, ViewLayer | Sample 1/24
Fra:1 Mem:96.78M (Peak 128.43M) | Time:00:21.79 | Mem:59.24M, Peak:59.24M | Scene, ViewLayer | Sample 24/24
Fra:1 Mem:96.78M (Peak 128.43M) | Time:00:21.79 | Mem:59.24M, Peak:59.24M | Scene, ViewLayer | Finished
Saved: '/home/lzzz/MyProjects/N-SIDE/output/characters/CHR-002/ling-model-r3/before/hair-quarter.png'
Time: 00:21.86 (Saving: 00:00.06)


Blender quit
