Blender 4.5.14 LTS (hash 62c1db4208e8 built 2026-09-15 01:31:19)
Fra:1 Mem:134.97M (Peak 135.20M) | Time:00:00.02 | Mem:0.00M, Peak:0.00M | Scene, ViewLayer | Synchronizing object | 哲_mesh
Fra:1 Mem:134.97M (Peak 135.20M) | Time:00:00.02 | Mem:0.00M, Peak:0.00M | Scene, ViewLayer | Synchronizing object | Review_Rim
Fra:1 Mem:135.00M (Peak 135.20M) | Time:00:00.02 | Mem:0.00M, Peak:0.00M | Scene, ViewLayer | Synchronizing object | Review_Fill
Fra:1 Mem:135.00M (Peak 135.20M) | Time:00:00.02 | Mem:0.00M, Peak:0.00M | Scene, ViewLayer | Synchronizing object | Review_Key
Fra:1 Mem:140.54M (Peak 140.57M) | Time:00:00.02 | Mem:0.00M, Peak:0.00M | Scene, ViewLayer | Initializing
Fra:1 Mem:138.06M (Peak 140.57M) | Time:00:00.02 | Mem:0.00M, Peak:0.00M | Scene, ViewLayer | Updating Images | Loading 颜.png
Fra:1 Mem:138.33M (Peak 140.57M) | Time:00:00.02 | Mem:0.25M, Peak:0.25M | Scene, ViewLayer | Updating Images | Loading s.png
Fra:1 Mem:170.33M (Peak 170.33M) | Time:00:00.03 | Mem:16.25M, Peak:16.25M | Scene, ViewLayer | Updating Images | Loading skin.bmp
Fra:1 Mem:170.33M (Peak 170.33M) | Time:00:00.03 | Mem:16.25M, Peak:16.25M | Scene, ViewLayer | Updating Images | Loading toon01.bmp
Fra:1 Mem:170.33M (Peak 170.33M) | Time:00:00.03 | Mem:16.26M, Peak:16.26M | Scene, ViewLayer | Updating Images | Loading hair.bmp
Fra:1 Mem:170.34M (Peak 170.34M) | Time:00:00.03 | Mem:16.26M, Peak:16.26M | Scene, ViewLayer | Updating Images | Loading 髮.png
Fra:1 Mem:186.34M (Peak 186.34M) | Time:00:00.04 | Mem:32.26M, Peak:32.26M | Scene, ViewLayer | Updating Images | Loading 体.png
Fra:1 Mem:202.34M (Peak 202.34M) | Time:00:00.04 | Mem:48.26M, Peak:48.26M | Scene, ViewLayer | Updating Images | Loading toon_defo.bmp
Fra:1 Mem:185.86M (Peak 202.34M) | Time:00:00.05 | Mem:64.26M, Peak:64.26M | Scene, ViewLayer | Waiting for render to start
Fra:1 Mem:185.86M (Peak 202.34M) | Time:00:00.05 | Mem:64.26M, Peak:64.26M | Scene, ViewLayer | Updating Scene
Fra:1 Mem:185.86M (Peak 202.34M) | Time:00:00.05 | Mem:64.26M, Peak:64.26M | Scene, ViewLayer | Updating Shaders
Fra:1 Mem:185.86M (Peak 202.34M) | Time:00:00.05 | Mem:64.26M, Peak:64.26M | Scene, ViewLayer | Loading render kernels (may take a few minutes the first time)
Fra:1 Mem:185.96M (Peak 202.34M) | Time:00:00.05 | Mem:64.28M, Peak:64.28M | Scene, ViewLayer | Updating Procedurals
Fra:1 Mem:185.96M (Peak 202.34M) | Time:00:00.05 | Mem:64.28M, Peak:64.28M | Scene, ViewLayer | Updating Background
Fra:1 Mem:185.96M (Peak 202.34M) | Time:00:00.05 | Mem:64.28M, Peak:64.28M | Scene, ViewLayer | Updating Camera
Fra:1 Mem:185.96M (Peak 202.34M) | Time:00:00.05 | Mem:64.28M, Peak:64.28M | Scene, ViewLayer | Updating Meshes Flags
Fra:1 Mem:185.96M (Peak 202.34M) | Time:00:00.05 | Mem:64.28M, Peak:64.28M | Scene, ViewLayer | Updating Objects
Fra:1 Mem:185.96M (Peak 202.34M) | Time:00:00.05 | Mem:64.28M, Peak:64.28M | Scene, ViewLayer | Updating Objects | Copying Transformations to device
Fra:1 Mem:185.96M (Peak 202.34M) | Time:00:00.05 | Mem:64.28M, Peak:64.28M | Scene, ViewLayer | Updating Particle Systems
Fra:1 Mem:185.96M (Peak 202.34M) | Time:00:00.05 | Mem:64.28M, Peak:64.28M | Scene, ViewLayer | Updating Particle Systems | Copying Particles to device
Fra:1 Mem:185.96M (Peak 202.34M) | Time:00:00.05 | Mem:64.28M, Peak:64.28M | Scene, ViewLayer | Updating Meshes
Fra:1 Mem:185.96M (Peak 202.34M) | Time:00:00.05 | Mem:64.28M, Peak:64.28M | Scene, ViewLayer | Updating Objects | Applying Static Transformations
Fra:1 Mem:185.96M (Peak 202.34M) | Time:00:00.05 | Mem:64.28M, Peak:64.28M | Scene, ViewLayer | Updating Mesh | Computing attributes
Fra:1 Mem:186.62M (Peak 202.34M) | Time:00:00.05 | Mem:64.28M, Peak:64.28M | Scene, ViewLayer | Updating Mesh | Copying Attributes to device
Fra:1 Mem:186.62M (Peak 202.34M) | Time:00:00.05 | Mem:64.94M, Peak:64.94M | Scene, ViewLayer | Updating Scene BVH | Building
Fra:1 Mem:186.62M (Peak 202.34M) | Time:00:00.05 | Mem:64.94M, Peak:64.94M | Scene, ViewLayer | Updating Scene BVH | Building BVH
Fra:1 Mem:186.62M (Peak 202.34M) | Time:00:00.06 | Mem:65.82M, Peak:65.82M | Scene, ViewLayer | Updating Scene BVH | Building BVH 0%
Fra:1 Mem:186.62M (Peak 202.34M) | Time:00:00.07 | Mem:66.79M, Peak:67.67M | Scene, ViewLayer | Updating Scene BVH | Copying BVH to device
Fra:1 Mem:186.62M (Peak 202.34M) | Time:00:00.07 | Mem:66.79M, Peak:67.67M | Scene, ViewLayer | Updating Mesh | Computing normals
Fra:1 Mem:187.57M (Peak 202.34M) | Time:00:00.07 | Mem:66.79M, Peak:67.67M | Scene, ViewLayer | Updating Mesh | Copying Mesh to device
Fra:1 Mem:187.57M (Peak 202.34M) | Time:00:00.07 | Mem:67.73M, Peak:67.73M | Scene, ViewLayer | Updating Objects Flags
Fra:1 Mem:187.57M (Peak 202.34M) | Time:00:00.07 | Mem:67.73M, Peak:67.73M | Scene, ViewLayer | Updating Primitive Offsets
Fra:1 Mem:187.57M (Peak 202.34M) | Time:00:00.07 | Mem:67.73M, Peak:67.73M | Scene, ViewLayer | Updating Images
Fra:1 Mem:187.57M (Peak 202.34M) | Time:00:00.07 | Mem:67.73M, Peak:67.73M | Scene, ViewLayer | Updating Camera Volume
Fra:1 Mem:187.57M (Peak 202.34M) | Time:00:00.07 | Mem:67.73M, Peak:67.73M | Scene, ViewLayer | Updating Lookup Tables
Fra:1 Mem:187.57M (Peak 202.34M) | Time:00:00.07 | Mem:67.81M, Peak:67.81M | Scene, ViewLayer | Updating Lights
Fra:1 Mem:187.57M (Peak 202.34M) | Time:00:00.07 | Mem:67.81M, Peak:67.81M | Scene, ViewLayer | Updating Lights | Computing tree
Fra:1 Mem:187.57M (Peak 202.34M) | Time:00:00.07 | Mem:67.81M, Peak:67.81M | Scene, ViewLayer | Updating Integrator
Fra:1 Mem:187.57M (Peak 202.34M) | Time:00:00.07 | Mem:67.81M, Peak:67.81M | Scene, ViewLayer | Updating Film
Fra:1 Mem:187.57M (Peak 202.34M) | Time:00:00.07 | Mem:67.73M, Peak:67.81M | Scene, ViewLayer | Updating Lookup Tables
Fra:1 Mem:187.57M (Peak 202.34M) | Time:00:00.07 | Mem:67.82M, Peak:67.82M | Scene, ViewLayer | Updating Baking
Fra:1 Mem:187.57M (Peak 202.34M) | Time:00:00.07 | Mem:67.82M, Peak:67.82M | Scene, ViewLayer | Updating Device | Writing constant memory
Fra:1 Mem:187.58M (Peak 202.34M) | Time:00:00.07 | Mem:67.82M, Peak:67.82M | Scene, ViewLayer | Loading denoising kernels (may take a few minutes the first time)
Fra:1 Mem:187.58M (Peak 202.34M) | Time:00:00.07 | Mem:67.82M, Peak:67.82M | Scene, ViewLayer | Sample 0/16
Fra:1 Mem:209.86M (Peak 209.86M) | Time:00:00.17 | Remaining:00:01.54 | Mem:90.10M, Peak:90.10M | Scene, ViewLayer | Sample 1/16
Fra:1 Mem:219.24M (Peak 233.31M) | Time:00:04.82 | Mem:90.10M, Peak:90.10M | Scene, ViewLayer | Sample 16/16
Fra:1 Mem:219.24M (Peak 233.31M) | Time:00:04.82 | Mem:90.10M, Peak:90.10M | Scene, ViewLayer | Finished
Saved: '/home/lzzz/MyProjects/N-SIDE/output/assets/zzz-reference/wise/full-front.png'
Time: 00:04.85 (Saving: 00:00.02)

Fra:1 Mem:137.08M (Peak 137.31M) | Time:00:00.01 | Mem:0.00M, Peak:0.00M | Scene, ViewLayer | Synchronizing object | 哲_mesh
Fra:1 Mem:137.08M (Peak 137.31M) | Time:00:00.01 | Mem:0.00M, Peak:0.00M | Scene, ViewLayer | Synchronizing object | Review_Rim
Fra:1 Mem:137.11M (Peak 137.31M) | Time:00:00.01 | Mem:0.00M, Peak:0.00M | Scene, ViewLayer | Synchronizing object | Review_Fill
Fra:1 Mem:137.16M (Peak 137.31M) | Time:00:00.01 | Mem:0.00M, Peak:0.00M | Scene, ViewLayer | Synchronizing object | Review_Key
Fra:1 Mem:140.54M (Peak 140.57M) | Time:00:00.01 | Mem:0.00M, Peak:0.00M | Scene, ViewLayer | Initializing
Fra:1 Mem:138.06M (Peak 140.57M) | Time:00:00.01 | Mem:0.00M, Peak:0.00M | Scene, ViewLayer | Updating Images | Loading hair_s.bmp
Fra:1 Mem:138.31M (Peak 140.57M) | Time:00:00.01 | Mem:0.00M, Peak:0.00M | Scene, ViewLayer | Updating Images | Loading 颜.png
Fra:1 Mem:154.33M (Peak 154.33M) | Time:00:00.01 | Mem:0.25M, Peak:0.25M | Scene, ViewLayer | Updating Images | Loading s.png
Fra:1 Mem:170.33M (Peak 170.33M) | Time:00:00.02 | Mem:16.25M, Peak:16.25M | Scene, ViewLayer | Updating Images | Loading skin.bmp
Fra:1 Mem:170.33M (Peak 170.33M) | Time:00:00.02 | Mem:16.25M, Peak:16.25M | Scene, ViewLayer | Updating Images | Loading toon01.bmp
Fra:1 Mem:170.33M (Peak 170.33M) | Time:00:00.02 | Mem:16.26M, Peak:16.26M | Scene, ViewLayer | Updating Images | Loading hair.bmp
Fra:1 Mem:170.34M (Peak 170.34M) | Time:00:00.02 | Mem:16.26M, Peak:16.26M | Scene, ViewLayer | Updating Images | Loading 髮.png
Fra:1 Mem:186.34M (Peak 186.34M) | Time:00:00.03 | Mem:32.26M, Peak:32.26M | Scene, ViewLayer | Updating Images | Loading 体.png
Fra:1 Mem:202.34M (Peak 202.34M) | Time:00:00.03 | Mem:48.26M, Peak:48.26M | Scene, ViewLayer | Updating Images | Loading toon_defo.bmp
Fra:1 Mem:185.86M (Peak 202.34M) | Time:00:00.04 | Mem:64.26M, Peak:64.26M | Scene, ViewLayer | Waiting for render to start
Fra:1 Mem:185.86M (Peak 202.34M) | Time:00:00.04 | Mem:64.26M, Peak:64.26M | Scene, ViewLayer | Updating Scene
Fra:1 Mem:185.86M (Peak 202.34M) | Time:00:00.04 | Mem:64.26M, Peak:64.26M | Scene, ViewLayer | Updating Shaders
Fra:1 Mem:185.86M (Peak 202.34M) | Time:00:00.04 | Mem:64.26M, Peak:64.26M | Scene, ViewLayer | Loading render kernels (may take a few minutes the first time)
Fra:1 Mem:185.96M (Peak 202.34M) | Time:00:00.04 | Mem:64.28M, Peak:64.28M | Scene, ViewLayer | Updating Procedurals
Fra:1 Mem:185.96M (Peak 202.34M) | Time:00:00.04 | Mem:64.28M, Peak:64.28M | Scene, ViewLayer | Updating Background
Fra:1 Mem:185.96M (Peak 202.34M) | Time:00:00.04 | Mem:64.28M, Peak:64.28M | Scene, ViewLayer | Updating Camera
Fra:1 Mem:185.96M (Peak 202.34M) | Time:00:00.04 | Mem:64.28M, Peak:64.28M | Scene, ViewLayer | Updating Meshes Flags
Fra:1 Mem:185.96M (Peak 202.34M) | Time:00:00.04 | Mem:64.28M, Peak:64.28M | Scene, ViewLayer | Updating Objects
Fra:1 Mem:185.96M (Peak 202.34M) | Time:00:00.04 | Mem:64.28M, Peak:64.28M | Scene, ViewLayer | Updating Objects | Copying Transformations to device
Fra:1 Mem:185.96M (Peak 202.34M) | Time:00:00.04 | Mem:64.28M, Peak:64.28M | Scene, ViewLayer | Updating Particle Systems
Fra:1 Mem:185.96M (Peak 202.34M) | Time:00:00.04 | Mem:64.28M, Peak:64.28M | Scene, ViewLayer | Updating Particle Systems | Copying Particles to device
Fra:1 Mem:185.96M (Peak 202.34M) | Time:00:00.04 | Mem:64.28M, Peak:64.28M | Scene, ViewLayer | Updating Meshes
Fra:1 Mem:185.96M (Peak 202.34M) | Time:00:00.04 | Mem:64.28M, Peak:64.28M | Scene, ViewLayer | Updating Objects | Applying Static Transformations
Fra:1 Mem:185.96M (Peak 202.34M) | Time:00:00.04 | Mem:64.28M, Peak:64.28M | Scene, ViewLayer | Updating Mesh | Computing attributes
Fra:1 Mem:186.62M (Peak 202.34M) | Time:00:00.04 | Mem:64.28M, Peak:64.28M | Scene, ViewLayer | Updating Mesh | Copying Attributes to device
Fra:1 Mem:186.62M (Peak 202.34M) | Time:00:00.04 | Mem:64.94M, Peak:64.94M | Scene, ViewLayer | Updating Scene BVH | Building
Fra:1 Mem:186.62M (Peak 202.34M) | Time:00:00.04 | Mem:64.94M, Peak:64.94M | Scene, ViewLayer | Updating Scene BVH | Building BVH
Fra:1 Mem:186.62M (Peak 202.34M) | Time:00:00.04 | Mem:65.82M, Peak:65.82M | Scene, ViewLayer | Updating Scene BVH | Building BVH 0%
Fra:1 Mem:186.62M (Peak 202.34M) | Time:00:00.05 | Mem:66.79M, Peak:67.67M | Scene, ViewLayer | Updating Scene BVH | Copying BVH to device
Fra:1 Mem:186.62M (Peak 202.34M) | Time:00:00.05 | Mem:66.79M, Peak:67.67M | Scene, ViewLayer | Updating Mesh | Computing normals
Fra:1 Mem:187.57M (Peak 202.34M) | Time:00:00.05 | Mem:66.79M, Peak:67.67M | Scene, ViewLayer | Updating Mesh | Copying Mesh to device
Fra:1 Mem:187.57M (Peak 202.34M) | Time:00:00.05 | Mem:67.73M, Peak:67.73M | Scene, ViewLayer | Updating Objects Flags
Fra:1 Mem:187.57M (Peak 202.34M) | Time:00:00.05 | Mem:67.73M, Peak:67.73M | Scene, ViewLayer | Updating Primitive Offsets
Fra:1 Mem:187.57M (Peak 202.34M) | Time:00:00.05 | Mem:67.73M, Peak:67.73M | Scene, ViewLayer | Updating Images
Fra:1 Mem:187.57M (Peak 202.34M) | Time:00:00.05 | Mem:67.73M, Peak:67.73M | Scene, ViewLayer | Updating Camera Volume
Fra:1 Mem:187.57M (Peak 202.34M) | Time:00:00.05 | Mem:67.73M, Peak:67.73M | Scene, ViewLayer | Updating Lookup Tables
Fra:1 Mem:187.57M (Peak 202.34M) | Time:00:00.05 | Mem:67.81M, Peak:67.81M | Scene, ViewLayer | Updating Lights
Fra:1 Mem:187.57M (Peak 202.34M) | Time:00:00.05 | Mem:67.81M, Peak:67.81M | Scene, ViewLayer | Updating Lights | Computing tree
Fra:1 Mem:187.57M (Peak 202.34M) | Time:00:00.05 | Mem:67.81M, Peak:67.81M | Scene, ViewLayer | Updating Integrator
Fra:1 Mem:187.57M (Peak 202.34M) | Time:00:00.05 | Mem:67.81M, Peak:67.81M | Scene, ViewLayer | Updating Film
Fra:1 Mem:187.57M (Peak 202.34M) | Time:00:00.05 | Mem:67.73M, Peak:67.81M | Scene, ViewLayer | Updating Lookup Tables
Fra:1 Mem:187.57M (Peak 202.34M) | Time:00:00.05 | Mem:67.82M, Peak:67.82M | Scene, ViewLayer | Updating Baking
Fra:1 Mem:187.57M (Peak 202.34M) | Time:00:00.05 | Mem:67.82M, Peak:67.82M | Scene, ViewLayer | Updating Device | Writing constant memory
Fra:1 Mem:187.58M (Peak 202.34M) | Time:00:00.05 | Mem:67.82M, Peak:67.82M | Scene, ViewLayer | Loading denoising kernels (may take a few minutes the first time)
Fra:1 Mem:187.58M (Peak 202.34M) | Time:00:00.05 | Mem:67.82M, Peak:67.82M | Scene, ViewLayer | Sample 0/16
Fra:1 Mem:209.86M (Peak 209.86M) | Time:00:00.42 | Remaining:00:05.59 | Mem:90.10M, Peak:90.10M | Scene, ViewLayer | Sample 1/16
Fra:1 Mem:219.24M (Peak 233.31M) | Time:00:08.97 | Mem:90.10M, Peak:90.10M | Scene, ViewLayer | Sample 16/16
Fra:1 Mem:219.24M (Peak 233.31M) | Time:00:08.97 | Mem:90.10M, Peak:90.10M | Scene, ViewLayer | Finished
Saved: '/home/lzzz/MyProjects/N-SIDE/output/assets/zzz-reference/wise/face-front.png'
Time: 00:09.00 (Saving: 00:00.03)

Fra:1 Mem:137.08M (Peak 137.31M) | Time:00:00.01 | Mem:0.00M, Peak:0.00M | Scene, ViewLayer | Synchronizing object | 哲_mesh
Fra:1 Mem:137.08M (Peak 137.31M) | Time:00:00.01 | Mem:0.00M, Peak:0.00M | Scene, ViewLayer | Synchronizing object | Review_Rim
Fra:1 Mem:137.11M (Peak 137.31M) | Time:00:00.01 | Mem:0.00M, Peak:0.00M | Scene, ViewLayer | Synchronizing object | Review_Fill
Fra:1 Mem:137.16M (Peak 137.31M) | Time:00:00.01 | Mem:0.00M, Peak:0.00M | Scene, ViewLayer | Synchronizing object | Review_Key
Fra:1 Mem:140.54M (Peak 140.57M) | Time:00:00.01 | Mem:0.00M, Peak:0.00M | Scene, ViewLayer | Initializing
Fra:1 Mem:138.06M (Peak 140.57M) | Time:00:00.01 | Mem:0.00M, Peak:0.00M | Scene, ViewLayer | Updating Images | Loading hair_s.bmp
Fra:1 Mem:138.31M (Peak 140.57M) | Time:00:00.01 | Mem:0.00M, Peak:0.00M | Scene, ViewLayer | Updating Images | Loading 颜.png
Fra:1 Mem:154.33M (Peak 154.33M) | Time:00:00.01 | Mem:0.25M, Peak:0.25M | Scene, ViewLayer | Updating Images | Loading s.png
Fra:1 Mem:170.33M (Peak 170.33M) | Time:00:00.02 | Mem:16.25M, Peak:16.25M | Scene, ViewLayer | Updating Images | Loading skin.bmp
Fra:1 Mem:170.33M (Peak 170.33M) | Time:00:00.02 | Mem:16.25M, Peak:16.25M | Scene, ViewLayer | Updating Images | Loading toon01.bmp
Fra:1 Mem:170.33M (Peak 170.33M) | Time:00:00.02 | Mem:16.26M, Peak:16.26M | Scene, ViewLayer | Updating Images | Loading hair.bmp
Fra:1 Mem:170.34M (Peak 170.34M) | Time:00:00.02 | Mem:16.26M, Peak:16.26M | Scene, ViewLayer | Updating Images | Loading 髮.png
Fra:1 Mem:186.34M (Peak 186.34M) | Time:00:00.03 | Mem:32.26M, Peak:32.26M | Scene, ViewLayer | Updating Images | Loading 体.png
Fra:1 Mem:202.34M (Peak 202.34M) | Time:00:00.03 | Mem:48.26M, Peak:48.26M | Scene, ViewLayer | Updating Images | Loading toon_defo.bmp
Fra:1 Mem:185.86M (Peak 202.34M) | Time:00:00.04 | Mem:64.26M, Peak:64.26M | Scene, ViewLayer | Waiting for render to start
Fra:1 Mem:185.86M (Peak 202.34M) | Time:00:00.04 | Mem:64.26M, Peak:64.26M | Scene, ViewLayer | Updating Scene
Fra:1 Mem:185.86M (Peak 202.34M) | Time:00:00.04 | Mem:64.26M, Peak:64.26M | Scene, ViewLayer | Updating Shaders
Fra:1 Mem:185.86M (Peak 202.34M) | Time:00:00.04 | Mem:64.26M, Peak:64.26M | Scene, ViewLayer | Loading render kernels (may take a few minutes the first time)
Fra:1 Mem:185.96M (Peak 202.34M) | Time:00:00.04 | Mem:64.28M, Peak:64.28M | Scene, ViewLayer | Updating Procedurals
Fra:1 Mem:185.96M (Peak 202.34M) | Time:00:00.04 | Mem:64.28M, Peak:64.28M | Scene, ViewLayer | Updating Background
Fra:1 Mem:185.96M (Peak 202.34M) | Time:00:00.04 | Mem:64.28M, Peak:64.28M | Scene, ViewLayer | Updating Camera
Fra:1 Mem:185.96M (Peak 202.34M) | Time:00:00.04 | Mem:64.28M, Peak:64.28M | Scene, ViewLayer | Updating Meshes Flags
Fra:1 Mem:185.96M (Peak 202.34M) | Time:00:00.04 | Mem:64.28M, Peak:64.28M | Scene, ViewLayer | Updating Objects
Fra:1 Mem:185.96M (Peak 202.34M) | Time:00:00.04 | Mem:64.28M, Peak:64.28M | Scene, ViewLayer | Updating Objects | Copying Transformations to device
Fra:1 Mem:185.96M (Peak 202.34M) | Time:00:00.04 | Mem:64.28M, Peak:64.28M | Scene, ViewLayer | Updating Particle Systems
Fra:1 Mem:185.96M (Peak 202.34M) | Time:00:00.04 | Mem:64.28M, Peak:64.28M | Scene, ViewLayer | Updating Particle Systems | Copying Particles to device
Fra:1 Mem:185.96M (Peak 202.34M) | Time:00:00.04 | Mem:64.28M, Peak:64.28M | Scene, ViewLayer | Updating Meshes
Fra:1 Mem:185.96M (Peak 202.34M) | Time:00:00.04 | Mem:64.28M, Peak:64.28M | Scene, ViewLayer | Updating Objects | Applying Static Transformations
Fra:1 Mem:185.96M (Peak 202.34M) | Time:00:00.04 | Mem:64.28M, Peak:64.28M | Scene, ViewLayer | Updating Mesh | Computing attributes
Fra:1 Mem:186.62M (Peak 202.34M) | Time:00:00.04 | Mem:64.28M, Peak:64.28M | Scene, ViewLayer | Updating Mesh | Copying Attributes to device
Fra:1 Mem:186.62M (Peak 202.34M) | Time:00:00.04 | Mem:64.94M, Peak:64.94M | Scene, ViewLayer | Updating Scene BVH | Building
Fra:1 Mem:186.62M (Peak 202.34M) | Time:00:00.04 | Mem:64.94M, Peak:64.94M | Scene, ViewLayer | Updating Scene BVH | Building BVH
Fra:1 Mem:186.62M (Peak 202.34M) | Time:00:00.04 | Mem:65.82M, Peak:65.82M | Scene, ViewLayer | Updating Scene BVH | Building BVH 0%
Fra:1 Mem:186.62M (Peak 202.34M) | Time:00:00.05 | Mem:66.79M, Peak:67.67M | Scene, ViewLayer | Updating Scene BVH | Copying BVH to device
Fra:1 Mem:186.62M (Peak 202.34M) | Time:00:00.05 | Mem:66.79M, Peak:67.67M | Scene, ViewLayer | Updating Mesh | Computing normals
Fra:1 Mem:187.57M (Peak 202.34M) | Time:00:00.05 | Mem:66.79M, Peak:67.67M | Scene, ViewLayer | Updating Mesh | Copying Mesh to device
Fra:1 Mem:187.57M (Peak 202.34M) | Time:00:00.05 | Mem:67.73M, Peak:67.73M | Scene, ViewLayer | Updating Objects Flags
Fra:1 Mem:187.57M (Peak 202.34M) | Time:00:00.05 | Mem:67.73M, Peak:67.73M | Scene, ViewLayer | Updating Primitive Offsets
Fra:1 Mem:187.57M (Peak 202.34M) | Time:00:00.05 | Mem:67.73M, Peak:67.73M | Scene, ViewLayer | Updating Images
Fra:1 Mem:187.57M (Peak 202.34M) | Time:00:00.05 | Mem:67.73M, Peak:67.73M | Scene, ViewLayer | Updating Camera Volume
Fra:1 Mem:187.57M (Peak 202.34M) | Time:00:00.05 | Mem:67.73M, Peak:67.73M | Scene, ViewLayer | Updating Lookup Tables
Fra:1 Mem:187.57M (Peak 202.34M) | Time:00:00.05 | Mem:67.81M, Peak:67.81M | Scene, ViewLayer | Updating Lights
Fra:1 Mem:187.57M (Peak 202.34M) | Time:00:00.05 | Mem:67.81M, Peak:67.81M | Scene, ViewLayer | Updating Lights | Computing tree
Fra:1 Mem:187.57M (Peak 202.34M) | Time:00:00.05 | Mem:67.81M, Peak:67.81M | Scene, ViewLayer | Updating Integrator
Fra:1 Mem:187.57M (Peak 202.34M) | Time:00:00.05 | Mem:67.81M, Peak:67.81M | Scene, ViewLayer | Updating Film
Fra:1 Mem:187.57M (Peak 202.34M) | Time:00:00.05 | Mem:67.73M, Peak:67.81M | Scene, ViewLayer | Updating Lookup Tables
Fra:1 Mem:187.57M (Peak 202.34M) | Time:00:00.05 | Mem:67.82M, Peak:67.82M | Scene, ViewLayer | Updating Baking
Fra:1 Mem:187.57M (Peak 202.34M) | Time:00:00.05 | Mem:67.82M, Peak:67.82M | Scene, ViewLayer | Updating Device | Writing constant memory
Fra:1 Mem:187.58M (Peak 202.34M) | Time:00:00.05 | Mem:67.82M, Peak:67.82M | Scene, ViewLayer | Loading denoising kernels (may take a few minutes the first time)
Fra:1 Mem:187.58M (Peak 202.34M) | Time:00:00.05 | Mem:67.82M, Peak:67.82M | Scene, ViewLayer | Sample 0/16
Fra:1 Mem:209.86M (Peak 209.86M) | Time:00:00.44 | Remaining:00:05.87 | Mem:90.10M, Peak:90.10M | Scene, ViewLayer | Sample 1/16
Fra:1 Mem:219.24M (Peak 233.31M) | Time:00:09.19 | Mem:90.10M, Peak:90.10M | Scene, ViewLayer | Sample 16/16
Fra:1 Mem:219.24M (Peak 233.31M) | Time:00:09.19 | Mem:90.10M, Peak:90.10M | Scene, ViewLayer | Finished
Saved: '/home/lzzz/MyProjects/N-SIDE/output/assets/zzz-reference/wise/face-quarter.png'
Time: 00:09.23 (Saving: 00:00.03)

Fra:1 Mem:137.08M (Peak 137.31M) | Time:00:00.01 | Mem:0.00M, Peak:0.00M | Scene, ViewLayer | Synchronizing object | 哲_mesh
Fra:1 Mem:137.08M (Peak 137.31M) | Time:00:00.01 | Mem:0.00M, Peak:0.00M | Scene, ViewLayer | Synchronizing object | Review_Rim
Fra:1 Mem:137.11M (Peak 137.31M) | Time:00:00.01 | Mem:0.00M, Peak:0.00M | Scene, ViewLayer | Synchronizing object | Review_Fill
Fra:1 Mem:137.16M (Peak 137.31M) | Time:00:00.01 | Mem:0.00M, Peak:0.00M | Scene, ViewLayer | Synchronizing object | Review_Key
Fra:1 Mem:140.54M (Peak 140.57M) | Time:00:00.01 | Mem:0.00M, Peak:0.00M | Scene, ViewLayer | Initializing
Fra:1 Mem:138.06M (Peak 140.57M) | Time:00:00.01 | Mem:0.00M, Peak:0.00M | Scene, ViewLayer | Updating Images | Loading hair_s.bmp
Fra:1 Mem:154.33M (Peak 154.33M) | Time:00:00.01 | Mem:0.25M, Peak:0.25M | Scene, ViewLayer | Updating Images | Loading s.png
Fra:1 Mem:170.33M (Peak 170.33M) | Time:00:00.02 | Mem:16.25M, Peak:16.25M | Scene, ViewLayer | Updating Images | Loading skin.bmp
Fra:1 Mem:170.33M (Peak 170.33M) | Time:00:00.02 | Mem:16.25M, Peak:16.25M | Scene, ViewLayer | Updating Images | Loading toon01.bmp
Fra:1 Mem:170.33M (Peak 170.33M) | Time:00:00.02 | Mem:16.26M, Peak:16.26M | Scene, ViewLayer | Updating Images | Loading hair.bmp
Fra:1 Mem:170.34M (Peak 170.34M) | Time:00:00.02 | Mem:16.26M, Peak:16.26M | Scene, ViewLayer | Updating Images | Loading 髮.png
Fra:1 Mem:186.34M (Peak 186.34M) | Time:00:00.03 | Mem:32.26M, Peak:32.26M | Scene, ViewLayer | Updating Images | Loading 体.png
Fra:1 Mem:202.34M (Peak 202.34M) | Time:00:00.03 | Mem:48.26M, Peak:48.26M | Scene, ViewLayer | Updating Images | Loading toon_defo.bmp
Fra:1 Mem:185.86M (Peak 202.34M) | Time:00:00.04 | Mem:64.26M, Peak:64.26M | Scene, ViewLayer | Waiting for render to start
Fra:1 Mem:185.86M (Peak 202.34M) | Time:00:00.04 | Mem:64.26M, Peak:64.26M | Scene, ViewLayer | Updating Scene
Fra:1 Mem:185.86M (Peak 202.34M) | Time:00:00.04 | Mem:64.26M, Peak:64.26M | Scene, ViewLayer | Updating Shaders
Fra:1 Mem:185.86M (Peak 202.34M) | Time:00:00.04 | Mem:64.26M, Peak:64.26M | Scene, ViewLayer | Loading render kernels (may take a few minutes the first time)
Fra:1 Mem:185.96M (Peak 202.34M) | Time:00:00.04 | Mem:64.28M, Peak:64.28M | Scene, ViewLayer | Updating Procedurals
Fra:1 Mem:185.96M (Peak 202.34M) | Time:00:00.04 | Mem:64.28M, Peak:64.28M | Scene, ViewLayer | Updating Background
Fra:1 Mem:185.96M (Peak 202.34M) | Time:00:00.04 | Mem:64.28M, Peak:64.28M | Scene, ViewLayer | Updating Camera
Fra:1 Mem:185.96M (Peak 202.34M) | Time:00:00.04 | Mem:64.28M, Peak:64.28M | Scene, ViewLayer | Updating Meshes Flags
Fra:1 Mem:185.96M (Peak 202.34M) | Time:00:00.04 | Mem:64.28M, Peak:64.28M | Scene, ViewLayer | Updating Objects
Fra:1 Mem:185.96M (Peak 202.34M) | Time:00:00.04 | Mem:64.28M, Peak:64.28M | Scene, ViewLayer | Updating Objects | Copying Transformations to device
Fra:1 Mem:185.96M (Peak 202.34M) | Time:00:00.04 | Mem:64.28M, Peak:64.28M | Scene, ViewLayer | Updating Particle Systems
Fra:1 Mem:185.96M (Peak 202.34M) | Time:00:00.04 | Mem:64.28M, Peak:64.28M | Scene, ViewLayer | Updating Particle Systems | Copying Particles to device
Fra:1 Mem:185.96M (Peak 202.34M) | Time:00:00.04 | Mem:64.28M, Peak:64.28M | Scene, ViewLayer | Updating Meshes
Fra:1 Mem:185.96M (Peak 202.34M) | Time:00:00.04 | Mem:64.28M, Peak:64.28M | Scene, ViewLayer | Updating Objects | Applying Static Transformations
Fra:1 Mem:185.96M (Peak 202.34M) | Time:00:00.04 | Mem:64.28M, Peak:64.28M | Scene, ViewLayer | Updating Mesh | Computing attributes
Fra:1 Mem:186.62M (Peak 202.34M) | Time:00:00.04 | Mem:64.28M, Peak:64.28M | Scene, ViewLayer | Updating Mesh | Copying Attributes to device
Fra:1 Mem:186.62M (Peak 202.34M) | Time:00:00.04 | Mem:64.94M, Peak:64.94M | Scene, ViewLayer | Updating Scene BVH | Building
Fra:1 Mem:186.62M (Peak 202.34M) | Time:00:00.04 | Mem:64.94M, Peak:64.94M | Scene, ViewLayer | Updating Scene BVH | Building BVH
Fra:1 Mem:186.62M (Peak 202.34M) | Time:00:00.04 | Mem:65.82M, Peak:65.82M | Scene, ViewLayer | Updating Scene BVH | Building BVH 0%
Fra:1 Mem:186.62M (Peak 202.34M) | Time:00:00.05 | Mem:66.79M, Peak:67.67M | Scene, ViewLayer | Updating Scene BVH | Copying BVH to device
Fra:1 Mem:186.62M (Peak 202.34M) | Time:00:00.05 | Mem:66.79M, Peak:67.67M | Scene, ViewLayer | Updating Mesh | Computing normals
Fra:1 Mem:187.57M (Peak 202.34M) | Time:00:00.05 | Mem:66.79M, Peak:67.67M | Scene, ViewLayer | Updating Mesh | Copying Mesh to device
Fra:1 Mem:187.57M (Peak 202.34M) | Time:00:00.05 | Mem:67.73M, Peak:67.73M | Scene, ViewLayer | Updating Objects Flags
Fra:1 Mem:187.57M (Peak 202.34M) | Time:00:00.05 | Mem:67.73M, Peak:67.73M | Scene, ViewLayer | Updating Primitive Offsets
Fra:1 Mem:187.57M (Peak 202.34M) | Time:00:00.05 | Mem:67.73M, Peak:67.73M | Scene, ViewLayer | Updating Images
Fra:1 Mem:187.57M (Peak 202.34M) | Time:00:00.05 | Mem:67.73M, Peak:67.73M | Scene, ViewLayer | Updating Camera Volume
Fra:1 Mem:187.57M (Peak 202.34M) | Time:00:00.05 | Mem:67.73M, Peak:67.73M | Scene, ViewLayer | Updating Lookup Tables
Fra:1 Mem:187.57M (Peak 202.34M) | Time:00:00.05 | Mem:67.81M, Peak:67.81M | Scene, ViewLayer | Updating Lights
Fra:1 Mem:187.57M (Peak 202.34M) | Time:00:00.05 | Mem:67.81M, Peak:67.81M | Scene, ViewLayer | Updating Lights | Computing tree
Fra:1 Mem:187.57M (Peak 202.34M) | Time:00:00.05 | Mem:67.81M, Peak:67.81M | Scene, ViewLayer | Updating Integrator
Fra:1 Mem:187.57M (Peak 202.34M) | Time:00:00.05 | Mem:67.81M, Peak:67.81M | Scene, ViewLayer | Updating Film
Fra:1 Mem:187.57M (Peak 202.34M) | Time:00:00.05 | Mem:67.73M, Peak:67.81M | Scene, ViewLayer | Updating Lookup Tables
Fra:1 Mem:187.57M (Peak 202.34M) | Time:00:00.05 | Mem:67.82M, Peak:67.82M | Scene, ViewLayer | Updating Baking
Fra:1 Mem:187.57M (Peak 202.34M) | Time:00:00.05 | Mem:67.82M, Peak:67.82M | Scene, ViewLayer | Updating Device | Writing constant memory
Fra:1 Mem:187.58M (Peak 202.34M) | Time:00:00.05 | Mem:67.82M, Peak:67.82M | Scene, ViewLayer | Loading denoising kernels (may take a few minutes the first time)
Fra:1 Mem:187.58M (Peak 202.34M) | Time:00:00.05 | Mem:67.82M, Peak:67.82M | Scene, ViewLayer | Sample 0/16
Fra:1 Mem:209.86M (Peak 209.86M) | Time:00:00.41 | Remaining:00:05.49 | Mem:90.10M, Peak:90.10M | Scene, ViewLayer | Sample 1/16
Fra:1 Mem:219.24M (Peak 233.31M) | Time:00:08.81 | Mem:90.10M, Peak:90.10M | Scene, ViewLayer | Sample 16/16
Fra:1 Mem:219.24M (Peak 233.31M) | Time:00:08.81 | Mem:90.10M, Peak:90.10M | Scene, ViewLayer | Finished
Saved: '/home/lzzz/MyProjects/N-SIDE/output/assets/zzz-reference/wise/face-side.png'
Time: 00:08.85 (Saving: 00:00.03)

module changed on disk: '/home/lzzz/MyProjects/N-SIDE/output/tools/blender_mmd_tools-4.5.14/mmd_tools/__init__.py' reloading...
Info: Imported MMD model from "/home/lzzz/MyProjects/N-SIDE/output/assets/zzz-reference/wise/official-package/哲.pmx"
Info: Saved as "wise-official-local.blend"
{
  "status": "PASS",
  "scope": "PMX static import, finite geometry, loaded packed images; no animation/physics/controller validation",
  "source_sha256": "82fa8f5b56870c08e2623ee0e07d7d6fdff29d6dc6ad44e12d135e1d405400d5",
  "blender": "4.5.14 LTS",
  "mmd_tools": "4.5.14",
  "addon_license": "GPL-3.0-or-later",
  "addon_zip_sha256": "5b982ad123834f56805ac14a3b1f369c246d8ccba752658146b047de820f24bb",
  "scale": 0.08,
  "native_import_bounds_m": {
    "minimum": [
      -0.6987034678459167,
      -0.18817618489265442,
      0.004222869873046875
    ],
    "maximum": [
      0.6987035274505615,
      0.1730710119009018,
      1.7918473482131958
    ],
    "height": 1.787624478340149
  },
  "mesh_objects": 1,
  "vertices": 22118,
  "triangles": 28901,
  "bones": 332,
  "materials": 15,
  "shape_keys": 52,
  "actions": 0,
  "views": [
    {
      "file": "output/assets/zzz-reference/wise/full-front.png",
      "camera": [
        0,
        -4,
        1
      ],
      "target_height": 0.8959236741065979,
      "scale": 2.114379870891571
    },
    {
      "file": "output/assets/zzz-reference/wise/face-front.png",
      "camera": [
        0,
        -4,
        1.63
      ],
      "target_height": 1.641847348213196,
      "scale": 0.42
    },
    {
      "file": "output/assets/zzz-reference/wise/face-quarter.png",
      "camera": [
        3,
        -4,
        1.63
      ],
      "target_height": 1.641847348213196,
      "scale": 0.42
    },
    {
      "file": "output/assets/zzz-reference/wise/face-side.png",
      "camera": [
        4,
        0,
        1.63
      ],
      "target_height": 1.641847348213196,
      "scale": 0.42
    }
  ],
  "blend_sha256": "b782abd481f2ad8e99ee4eedd94442b791c9a3b47b94e95a6470245f274a076f"
}

Blender quit
