{
  "result": "PASS",
  "baseline_commit": "0efb89c",
  "baseline_glb_sha256": "07e23026c08d5967f85adc825ff518a3a4e34fac453565c71545a2d22dddd2b2",
  "old_component_count": 58,
  "current_component_count": 381,
  "unchanged_count": 53,
  "unchanged_components": [
    "Canopy bronze drip edge",
    "Canopy drain",
    "Cinema sign upper coping",
    "Cinema sign wall",
    "Deep canopy folded fascia",
    "Deep entrance jamb",
    "Deep entrance jamb.001",
    "Deep entrance lintel",
    "Entrance bronze reveal",
    "Entrance bronze reveal.001",
    "Horizontal panel joint",
    "Horizontal panel joint.001",
    "Mirror Hall programme line",
    "Mirror Hall raised Chinese title",
    "Mirror Hall raised English title",
    "Portal left masonry reveal",
    "Portal right masonry reveal",
    "Recessed timber soffit",
    "Soffit recessed light",
    "Soffit recessed light.001",
    "Soffit recessed light.002",
    "Soffit recessed light.003",
    "Soffit recessed light.004",
    "Soffit recessed light.005",
    "Street programme 1 backing",
    "Street programme 2 backing",
    "Street programme 2 composition",
    "Street programme 2 footer",
    "Street programme 2 horizon",
    "Street programme 2 light stripe",
    "Street programme 2 print",
    "Street programme 3 backing",
    "Street programme 3 composition",
    "Street programme 3 footer",
    "Street programme 3 horizon",
    "Street programme 3 light stripe",
    "Street programme 3 print",
    "Tall civic poster backing",
    "Tall civic poster composition",
    "Tall civic poster footer",
    "Tall civic poster horizon",
    "Tall civic poster light stripe",
    "Tall civic poster print",
    "Upper street bracket wall plate",
    "Upper street bracket wall plate.001",
    "Upper street connection bearing",
    "Upper street diagonal bracket",
    "Upper street diagonal bracket.001",
    "Upper street edge beam",
    "Upper street edge beam.001",
    "Vertical panel joint",
    "Vertical panel joint.001",
    "Vertical panel joint.002"
  ],
  "changed_components": [
    "Street programme 1 print"
  ],
  "removed_components": [
    "Street programme 1 composition",
    "Street programme 1 footer",
    "Street programme 1 horizon",
    "Street programme 1 light stripe"
  ],
  "new_component_count": 327,
  "preserved_materials": [
    "V15_Charcoal_metal",
    "V15_Programme_blue",
    "V15_Programme_red",
    "V15_Warm_letter_and_diffuser",
    "V15_Warm_trim",
    "V15_ambientCG_Concrete034",
    "V15_ambientCG_Plaster001",
    "V15_ambientCG_WoodSiding009"
  ],
  "preserved_embedded_image_sha256": {
    "Plaster001_1K-JPG_NormalGL": "ea293c335a0b9243f0a825573b81304b8f99e60b2c067e493d0792adf96dfc72",
    "Plaster001_1K-JPG_Color": "d3fe43282859ab7293ad41f2fa3c29f02df077e5bc326cf90a65cc588a4ac5a4",
    "Concrete034_1K-JPG_NormalGL": "e509eb9dfa978e780fbebfd2acacc2ce158b5b7ced722ddc0759039dd51e18ca",
    "Concrete034_1K-JPG_Color": "8ceb9186d990b31fce785e06fdc6974c160f1d27c43f6160266f164deba713aa",
    "WoodSiding009_1K-JPG_NormalGL": "8c575efe3322da3d3d513799c02a1f22925c8f163cfebb0d569fecaf0f293ea0",
    "WoodSiding009_1K-JPG_Color": "b5388a2a62561bbaff10a13ec874c92e18db94f024b15f8101e7f38a4d174b41"
  },
  "exception": "Replace only Street programme 1 image and its four geometric overlay layers"
}
