$ bun run check:map && bun run docs:build:player && bun run docs:build:dev
$ bun test tools/tests/district-map.test.ts tools/tests/road-width.test.ts tools/tests/station-square.test.ts tools/tests/terrain-shape.test.ts
bun test v1.4.2 (744846f84)

tools/tests/district-map.test.ts:
(pass) map places and roads have valid shared references [2.51ms]
(pass) terrain colors follow ground elevation [0.11ms]
(pass) map overview fits extended terrain on wide and narrow screens [177.07ms]
(pass) mountain cross section uses sampled ground up to the stargazing summit [46.25ms]
(pass) mountain city keeps metre scale and usable graded route alternatives [5.53ms]
(pass) overview terrain retains source controls and excludes elevated connections [3693.57ms]
(pass) authored exterior sightlines clear intervening building volumes [2.53ms]
(pass) shopping stays local and public hillside routes remain connected [1.85ms]
(pass) orthographic projection preserves parallel edges and separates elevation from depth [0.27ms]
(pass) scene keeps platforms below volumes and geometry is finite [135.02ms]
(pass) expanded plan counts destinations separately and keeps parcel attachments valid [6.87ms]
(pass) sections follow connected routes and distinguish a lift from a slope [15.27ms]
(pass) geometry handles concave boundaries, shared walls, road width and local elevation [1.04ms]
(pass) tree positions stay outside building footprints [7.27ms]
(pass) all streets clear building volumes at their actual widths and elevations [414.34ms]
(pass) district ground-road crossings share a junction and its elevation [342.10ms]
(pass) city framework records every building and reaches its same-level facade entrances [14.58ms]
(pass) city stairs retain short flights, level rests and full-size treads [1.09ms]
(pass) ordinary streets keep their design grade and deliveries avoid stair-only approaches [1.88ms]
(pass) public streets stay outside same-level resident and service courts [5.13ms]
(pass) building volumes share boundaries without occupying the same space [29.76ms]
(pass) detailed places connect street access to separate public and service entrances [16.17ms]
(pass) cinema roof and exterior platform have distinct footprints and supported paths [1.63ms]
(pass) lifestyle routes visit actual arrival endpoints in the stated order [5.37ms]
(pass) housing estimates use residential floor area rather than the volume count [0.34ms]
(pass) architectural segments reference complete buildings and derive type counts from the same data [1.04ms]
(pass) representative buildings have consistent floors, room areas and facade entrances [63.56ms]
(pass) public, residents, students and service users have separate access rights [13.40ms]
(pass) shop supply starts on the city road and changes to a level trolley route at unloading [0.57ms]
(pass) interest equipment deliveries reach a level backstage route from a gentle city-road approach [0.91ms]
(pass) drawn room openings join actual walls and each occupied room has an access [0.97ms]
(pass) station mixed-use and interest samples connect customer and backstage rooms through their own entrances [0.58ms]
(pass) shared stairs and separate apartments connect through shared circulation [1.34ms]

tools/tests/terrain-shape.test.ts:
(pass) terrain bake preserves authored geometry and repeats without drift [4450.30ms]
(pass) terrain noise protects complete road segments and footprints [3560.27ms]
(pass) terrain bake rejects invalid metadata and unsupported source formatting [54.72ms]
(pass) third short-ascent terrace clears terrain toward city landmarks [342.23ms]

tools/tests/road-width.test.ts:
(pass) shared endpoints do not hide width conflicts and truly level junctions pass [1.67ms]
(pass) a selected route is checked against other roads without absorbing unrelated conflicts [0.72ms]
(pass) upper-street and foothill junctions join at road width with usable stair treads [1255.91ms]
(pass) campus stairs and market entrances meet the full road width at their own levels [556.44ms]
(pass) music street junctions clear their neighbors and equipment reaches the level unloading route [567.67ms]
(pass) upper homes stairs and greenhouse approaches retain level junctions and usable flights [599.54ms]
(pass) station and music approaches plus the long ascent join at width without sharpening slopes or steps [1450.37ms]
(pass) foothill housing and west plateau approaches clear streets, stairs and resident side paths [1795.47ms]
(pass) east terraces clear neighboring road ribbons and retain usable exterior approaches [393.21ms]
(pass) west old housing clear neighboring road ribbons and retain usable exterior approaches [364.71ms]
(pass) food street bypasses shop footprints and waterfront stairs descend beside the waiting court [421.73ms]
(pass) all ground-road junctions clear neighboring ribbons while retaining usable exterior approaches [427.92ms]
(pass) platform checks keep concave cutouts and actual stair treads while excluding explicitly elevated surfaces [0.77ms]
(pass) ground platforms meet adjacent road ribbons and stair treads at their own level [43.23ms]

tools/tests/station-square.test.ts:
(pass) station meeting court retains usable space with a level public arrival clear of sloping roads [415.64ms]

 52 pass
 0 fail
Ran 52 tests across 4 files. [22.00s]
$ bun tools/wiki.ts build player

  vitepress v1.6.4

- building client + server bundles...
[32m✓[0m building client + server bundles...
- rendering pages...
[32m✓[0m rendering pages...
build complete in 3.64s.
{"profile":"player","pages":95,"files":547,"result":"PASS"}
$ bun tools/wiki.ts build dev

  vitepress v1.6.4

- building client + server bundles...

(!) Some chunks are larger than 500 kB after minification. Consider:
- Using dynamic import() to code-split the application
- Use build.rollupOptions.output.manualChunks to improve chunking: https://rollupjs.org/configuration-options/#output-manualchunks
- Adjust chunk size limit for this warning via build.chunkSizeWarningLimit.
[32m✓[0m building client + server bundles...
- rendering pages...
[32m✓[0m rendering pages...
build complete in 5.33s.
{"profile":"dev","pages":158,"files":791,"result":"PASS"}
