00:01.095  blend            | Read blend: "/home/lzzz/MyProjects/N-SIDE/source-assets/buildings/V-A08/facade.blend"
{
  "status": "PASS",
  "triangles": 6060,
  "materials": 6,
  "primitives": 6,
  "images": 4,
  "runtime_bounds_xyz": [
    [
      -9.656999588012695,
      10.350000381469727
    ],
    [
      0.0,
      10.0600004196167
    ],
    [
      -6.755000114440918,
      7.1570000648498535
    ]
  ],
  "uv_metric_edge_ratio_range": [
    0.999992664050178,
    1.000007335949822
  ],
  "source_sha256": "a31ee285b7bd832019db0421f6ecd0d8c9b26dae4a702dcf910e5a17d5361ee1",
  "runtime_sha256": "aa2b9186b64d07a23ada84fa83f66fe0042d1dc5c8969d0b715638835e254808",
  "runtime_bytes": 4442332,
  "texture_sources": {
    "source-assets/environment-kit/materials/Plaster001_1K-JPG_Color.jpg": "d3fe43282859ab7293ad41f2fa3c29f02df077e5bc326cf90a65cc588a4ac5a4",
    "source-assets/environment-kit/materials/Plaster001_1K-JPG_NormalGL.jpg": "ea293c335a0b9243f0a825573b81304b8f99e60b2c067e493d0792adf96dfc72",
    "source-assets/environment-kit/materials/Concrete034_1K-JPG_Color.jpg": "8ceb9186d990b31fce785e06fdc6974c160f1d27c43f6160266f164deba713aa",
    "source-assets/environment-kit/materials/Concrete034_1K-JPG_NormalGL.jpg": "e509eb9dfa978e780fbebfd2acacc2ce158b5b7ced722ddc0759039dd51e18ca"
  },
  "clear_approach_volumes": {
    "public_door_approach": [
      [
        9.3,
        0.02,
        -0.9
      ],
      [
        12,
        2.6,
        0.9
      ]
    ],
    "resident_door_approach": [
      [
        9.3,
        0.02,
        3.8
      ],
      [
        12,
        2.6,
        5.2
      ]
    ],
    "service_door_approach": [
      [
        -11,
        0.02,
        -0.2
      ],
      [
        -9.3,
        2.6,
        1.2
      ]
    ]
  },
  "anchor_map_xyz": [
    79,
    277.5,
    30.021515
  ],
  "runtime_validation": "NOT RUN by asset producer; closed door planes require approach tests to end outside the wall",
  "blender_source": {
    "status": "PASS",
    "version": "5.2.2 LTS",
    "editable_mesh_groups": 43,
    "triangles": 6060,
    "packed_images": 4,
    "windows": 27
  }
}
Blender 5.2.2 LTS (hash d13f752e3b9c built 2026-09-22 17:10:25)

Blender quit
