$ bun run check:map && bun run docs:build:player && bun run docs:build:dev
$ bun test tools/tests/district-map.test.ts tools/tests/road-width.test.ts tools/tests/station-square.test.ts tools/tests/terrain-shape.test.ts
bun test v1.4.2 (744846f84)

tools/tests/district-map.test.ts:
(pass) map places and roads have valid shared references [3.13ms]
(pass) terrain colors follow ground elevation [0.16ms]
(pass) map overview fits extended terrain on wide and narrow screens [235.83ms]
(pass) mountain cross section uses sampled ground up to the stargazing summit [59.74ms]
(pass) mountain city keeps metre scale and usable graded route alternatives [6.61ms]
(pass) overview terrain retains source controls and excludes elevated connections [5448.25ms]
(pass) authored exterior sightlines clear intervening building volumes [2.76ms]
(pass) shopping stays local and public hillside routes remain connected [2.03ms]
(pass) orthographic projection preserves parallel edges and separates elevation from depth [0.34ms]
(pass) scene keeps platforms below volumes and geometry is finite [158.83ms]
(pass) expanded plan counts destinations separately and keeps parcel attachments valid [10.02ms]
(pass) sections follow connected routes and distinguish a lift from a slope [18.22ms]
(pass) section labels name shared nodes without duplicating their displayed elevation [0.21ms]
(pass) geometry handles concave boundaries, shared walls, road width and local elevation [1.28ms]
(pass) tree positions stay outside building footprints [8.61ms]
(pass) all streets clear building volumes at their actual widths and elevations [470.29ms]
(pass) district ground-road crossings share a junction and its elevation [430.75ms]
(pass) city framework records every building and reaches its same-level facade entrances [20.38ms]
(pass) city stairs retain short flights, level rests and full-size treads [1.77ms]
(pass) ordinary streets keep their design grade and deliveries avoid stair-only approaches [2.84ms]
(pass) public streets stay outside same-level resident and service courts [7.53ms]
(pass) building volumes share boundaries without occupying the same space [36.65ms]
(pass) detailed places connect street access to separate public and service entrances [20.55ms]
(pass) cinema roof and exterior platform have distinct footprints and supported paths [2.11ms]
(pass) lifestyle routes visit actual arrival endpoints in the stated order [6.28ms]
(pass) housing estimates use residential floor area rather than the volume count [0.37ms]
(pass) architectural segments reference complete buildings and derive type counts from the same data [1.43ms]
(pass) representative buildings have consistent floors, room areas and facade entrances [83.29ms]
(pass) public, residents, students and service users have separate access rights [16.56ms]
(pass) shop supply starts on the city road and changes to a level trolley route at unloading [0.97ms]
(pass) interest equipment deliveries reach a level backstage route from a gentle city-road approach [1.12ms]
(pass) drawn room openings join actual walls and each occupied room has an access [1.03ms]
(pass) station mixed-use and interest samples connect customer and backstage rooms through their own entrances [0.63ms]
(pass) shared stairs and separate apartments connect through shared circulation [1.48ms]

tools/tests/terrain-shape.test.ts:
(pass) second short-ascent leg meets terrain across stair and landing edges [2091.58ms]
(pass) descent eye-level slope uses local terrain detail instead of a 60m face [2015.73ms]
(pass) terrain bake preserves authored geometry and repeats without drift [4021.54ms]
(pass) terrain noise protects complete road segments and footprints [4211.63ms]
(pass) terrain bake rejects invalid metadata and unsupported source formatting [69.75ms]
(pass) third short-ascent terrace clears terrain toward city landmarks [507.11ms]

tools/tests/road-width.test.ts:
(pass) shared endpoints do not hide width conflicts and truly level junctions pass [1.93ms]
(pass) a selected route is checked against other roads without absorbing unrelated conflicts [0.90ms]
(pass) upper-street and foothill junctions join at road width with usable stair treads [1509.35ms]
(pass) campus stairs and market entrances meet the full road width at their own levels [553.89ms]
(pass) music street junctions clear their neighbors and equipment reaches the level unloading route [605.97ms]
(pass) upper homes stairs and greenhouse approaches retain level junctions and usable flights [563.52ms]
(pass) station and music approaches plus the long ascent join at width without sharpening slopes or steps [1493.25ms]
(pass) foothill housing and west plateau approaches clear streets, stairs and resident side paths [2367.29ms]
(pass) east terraces clear neighboring road ribbons and retain usable exterior approaches [612.31ms]
(pass) west old housing clear neighboring road ribbons and retain usable exterior approaches [530.76ms]
(pass) food street bypasses shop footprints and waterfront stairs descend beside the waiting court [553.61ms]
(pass) all ground-road junctions clear neighboring ribbons while retaining usable exterior approaches [581.85ms]
(pass) platform checks keep concave cutouts and actual stair treads while excluding explicitly elevated surfaces [0.72ms]
(pass) ground platforms meet adjacent road ribbons and stair treads at their own level [56.54ms]

tools/tests/station-square.test.ts:
(pass) station meeting court retains usable space with a level public arrival clear of sloping roads [546.84ms]

 55 pass
 0 fail
Ran 55 tests across 4 files. [30.10s]
$ bun tools/wiki.ts build player

  vitepress v1.6.4

- building client + server bundles...
[32m✓[0m building client + server bundles...
- rendering pages...
[32m✓[0m rendering pages...
build complete in 3.85s.
{"profile":"player","pages":101,"files":571,"result":"PASS"}
$ bun tools/wiki.ts build dev

  vitepress v1.6.4

- building client + server bundles...

(!) Some chunks are larger than 500 kB after minification. Consider:
- Using dynamic import() to code-split the application
- Use build.rollupOptions.output.manualChunks to improve chunking: https://rollupjs.org/configuration-options/#output-manualchunks
- Adjust chunk size limit for this warning via build.chunkSizeWarningLimit.
[32m✓[0m building client + server bundles...
- rendering pages...
[32m✓[0m rendering pages...
build complete in 7.24s.
{"profile":"dev","pages":168,"files":827,"result":"PASS"}
