Blender 4.5.14 LTS (hash 62c1db4208e8 built 2026-09-15 01:31:19)
Read blend: "/home/lzzz/MyProjects/N-SIDE/source-assets/characters/CHR-001/model/yao-grey-study.blend"
Fra:1 Mem:21.21M (Peak 21.24M) | Time:00:00.03 | Mem:0.00M, Peak:0.00M | Scene, ViewLayer | Synchronizing object | TShirt
Fra:1 Mem:21.37M (Peak 21.37M) | Time:00:00.03 | Mem:0.00M, Peak:0.00M | Scene, ViewLayer | Synchronizing object | TShirt_Collar
Fra:1 Mem:21.39M (Peak 21.39M) | Time:00:00.03 | Mem:0.00M, Peak:0.00M | Scene, ViewLayer | Synchronizing object | Hood
Fra:1 Mem:21.45M (Peak 21.45M) | Time:00:00.03 | Mem:0.00M, Peak:0.00M | Scene, ViewLayer | Synchronizing object | Sleeve_Cuff.L
Fra:1 Mem:21.46M (Peak 21.46M) | Time:00:00.03 | Mem:0.00M, Peak:0.00M | Scene, ViewLayer | Synchronizing object | Hood_Cord.L
Fra:1 Mem:21.49M (Peak 21.49M) | Time:00:00.05 | Mem:0.00M, Peak:0.00M | Scene, ViewLayer | Synchronizing object | Palm.L
Fra:1 Mem:21.55M (Peak 21.55M) | Time:00:00.05 | Mem:0.00M, Peak:0.00M | Scene, ViewLayer | Synchronizing object | Index_Mesh.L
Fra:1 Mem:21.56M (Peak 21.56M) | Time:00:00.05 | Mem:0.00M, Peak:0.00M | Scene, ViewLayer | Synchronizing object | Middle_Mesh.L
Fra:1 Mem:21.56M (Peak 21.56M) | Time:00:00.05 | Mem:0.00M, Peak:0.00M | Scene, ViewLayer | Synchronizing object | Ring_Mesh.L
Fra:1 Mem:21.56M (Peak 21.56M) | Time:00:00.05 | Mem:0.00M, Peak:0.00M | Scene, ViewLayer | Synchronizing object | Pinky_Mesh.L
Fra:1 Mem:21.57M (Peak 21.57M) | Time:00:00.05 | Mem:0.00M, Peak:0.00M | Scene, ViewLayer | Synchronizing object | Thumb_Mesh.L
Fra:1 Mem:21.76M (Peak 21.76M) | Time:00:00.08 | Mem:0.00M, Peak:0.00M | Scene, ViewLayer | Synchronizing object | Trousers.L
Fra:1 Mem:22.01M (Peak 22.01M) | Time:00:00.08 | Mem:0.00M, Peak:0.00M | Scene, ViewLayer | Synchronizing object | Sneaker_Sole.L
Fra:1 Mem:22.03M (Peak 22.03M) | Time:00:00.08 | Mem:0.00M, Peak:0.00M | Scene, ViewLayer | Synchronizing object | Sneaker_Upper.L
Fra:1 Mem:22.06M (Peak 22.06M) | Time:00:00.08 | Mem:0.00M, Peak:0.00M | Scene, ViewLayer | Synchronizing object | Sock.L
Fra:1 Mem:22.06M (Peak 22.06M) | Time:00:00.08 | Mem:0.00M, Peak:0.00M | Scene, ViewLayer | Synchronizing object | Lace_0.L
Fra:1 Mem:22.06M (Peak 22.06M) | Time:00:00.08 | Mem:0.00M, Peak:0.00M | Scene, ViewLayer | Synchronizing object | Lace_1.L
Fra:1 Mem:22.07M (Peak 22.07M) | Time:00:00.08 | Mem:0.00M, Peak:0.00M | Scene, ViewLayer | Synchronizing object | Lace_2.L
Fra:1 Mem:22.07M (Peak 22.07M) | Time:00:00.08 | Mem:0.00M, Peak:0.00M | Scene, ViewLayer | Synchronizing object | Lace_3.L
Fra:1 Mem:22.07M (Peak 22.07M) | Time:00:00.08 | Mem:0.00M, Peak:0.00M | Scene, ViewLayer | Synchronizing object | Heel_Tab.L
Fra:1 Mem:22.08M (Peak 22.08M) | Time:00:00.08 | Mem:0.00M, Peak:0.00M | Scene, ViewLayer | Synchronizing object | Sleeve_Cuff.R
Fra:1 Mem:22.08M (Peak 22.08M) | Time:00:00.08 | Mem:0.00M, Peak:0.00M | Scene, ViewLayer | Synchronizing object | Hood_Cord.R
Fra:1 Mem:22.12M (Peak 22.12M) | Time:00:00.10 | Mem:0.00M, Peak:0.00M | Scene, ViewLayer | Synchronizing object | Palm.R
Fra:1 Mem:22.17M (Peak 22.17M) | Time:00:00.10 | Mem:0.00M, Peak:0.00M | Scene, ViewLayer | Synchronizing object | Index_Mesh.R
Fra:1 Mem:22.19M (Peak 22.19M) | Time:00:00.10 | Mem:0.00M, Peak:0.00M | Scene, ViewLayer | Synchronizing object | Middle_Mesh.R
Fra:1 Mem:22.18M (Peak 22.19M) | Time:00:00.10 | Mem:0.00M, Peak:0.00M | Scene, ViewLayer | Synchronizing object | Ring_Mesh.R
Fra:1 Mem:22.19M (Peak 22.19M) | Time:00:00.10 | Mem:0.00M, Peak:0.00M | Scene, ViewLayer | Synchronizing object | Pinky_Mesh.R
Fra:1 Mem:22.20M (Peak 22.20M) | Time:00:00.10 | Mem:0.00M, Peak:0.00M | Scene, ViewLayer | Synchronizing object | Thumb_Mesh.R
Fra:1 Mem:22.39M (Peak 22.39M) | Time:00:00.13 | Mem:0.00M, Peak:0.00M | Scene, ViewLayer | Synchronizing object | Trousers.R
Fra:1 Mem:22.67M (Peak 22.67M) | Time:00:00.13 | Mem:0.00M, Peak:0.00M | Scene, ViewLayer | Synchronizing object | Sneaker_Sole.R
Fra:1 Mem:22.66M (Peak 22.67M) | Time:00:00.13 | Mem:0.00M, Peak:0.00M | Scene, ViewLayer | Synchronizing object | Sneaker_Upper.R
Fra:1 Mem:22.68M (Peak 22.68M) | Time:00:00.13 | Mem:0.00M, Peak:0.00M | Scene, ViewLayer | Synchronizing object | Sock.R
Fra:1 Mem:22.69M (Peak 22.69M) | Time:00:00.13 | Mem:0.00M, Peak:0.00M | Scene, ViewLayer | Synchronizing object | Lace_0.R
Fra:1 Mem:22.69M (Peak 22.69M) | Time:00:00.13 | Mem:0.00M, Peak:0.00M | Scene, ViewLayer | Synchronizing object | Lace_1.R
Fra:1 Mem:22.70M (Peak 22.70M) | Time:00:00.13 | Mem:0.00M, Peak:0.00M | Scene, ViewLayer | Synchronizing object | Lace_2.R
Fra:1 Mem:22.70M (Peak 22.70M) | Time:00:00.13 | Mem:0.00M, Peak:0.00M | Scene, ViewLayer | Synchronizing object | Lace_3.R
Fra:1 Mem:22.70M (Peak 22.70M) | Time:00:00.13 | Mem:0.00M, Peak:0.00M | Scene, ViewLayer | Synchronizing object | Heel_Tab.R
Fra:1 Mem:23.28M (Peak 23.28M) | Time:00:00.17 | Mem:0.00M, Peak:0.00M | Scene, ViewLayer | Synchronizing object | Jacket_ContinuousShoulders
Fra:1 Mem:24.51M (Peak 24.51M) | Time:00:00.59 | Mem:0.00M, Peak:0.00M | Scene, ViewLayer | Synchronizing object | Face_Head
Fra:1 Mem:25.17M (Peak 25.17M) | Time:00:00.60 | Mem:0.00M, Peak:0.00M | Scene, ViewLayer | Synchronizing object | Ear.L
Fra:1 Mem:25.23M (Peak 25.23M) | Time:00:00.60 | Mem:0.00M, Peak:0.00M | Scene, ViewLayer | Synchronizing object | Ear_Fold.L
Fra:1 Mem:25.28M (Peak 25.28M) | Time:00:00.61 | Mem:0.00M, Peak:0.00M | Scene, ViewLayer | Synchronizing object | Ear.R
Fra:1 Mem:25.34M (Peak 25.34M) | Time:00:00.61 | Mem:0.00M, Peak:0.00M | Scene, ViewLayer | Synchronizing object | Ear_Fold.R
Fra:1 Mem:25.35M (Peak 25.35M) | Time:00:00.61 | Mem:0.00M, Peak:0.00M | Scene, ViewLayer | Synchronizing object | Eye_White.L
Fra:1 Mem:25.35M (Peak 25.35M) | Time:00:00.61 | Mem:0.00M, Peak:0.00M | Scene, ViewLayer | Synchronizing object | Iris_hair.L
Fra:1 Mem:25.37M (Peak 25.37M) | Time:00:00.61 | Mem:0.00M, Peak:0.00M | Scene, ViewLayer | Synchronizing object | Iris_ink.L
Fra:1 Mem:25.38M (Peak 25.38M) | Time:00:00.61 | Mem:0.00M, Peak:0.00M | Scene, ViewLayer | Synchronizing object | Eye_Glint.L
Fra:1 Mem:25.38M (Peak 25.38M) | Time:00:00.61 | Mem:0.00M, Peak:0.00M | Scene, ViewLayer | Synchronizing object | Upper_Lid.L
Fra:1 Mem:25.40M (Peak 25.40M) | Time:00:00.61 | Mem:0.00M, Peak:0.00M | Scene, ViewLayer | Synchronizing object | Lower_Lid.L
Fra:1 Mem:25.40M (Peak 25.40M) | Time:00:00.61 | Mem:0.00M, Peak:0.00M | Scene, ViewLayer | Synchronizing object | Eyebrow.L
Fra:1 Mem:25.41M (Peak 25.41M) | Time:00:00.61 | Mem:0.00M, Peak:0.00M | Scene, ViewLayer | Synchronizing object | Eye_White.R
Fra:1 Mem:25.41M (Peak 25.41M) | Time:00:00.61 | Mem:0.00M, Peak:0.00M | Scene, ViewLayer | Synchronizing object | Iris_hair.R
Fra:1 Mem:25.42M (Peak 25.42M) | Time:00:00.61 | Mem:0.00M, Peak:0.00M | Scene, ViewLayer | Synchronizing object | Iris_ink.R
Fra:1 Mem:25.44M (Peak 25.44M) | Time:00:00.61 | Mem:0.00M, Peak:0.00M | Scene, ViewLayer | Synchronizing object | Eye_Glint.R
Fra:1 Mem:25.44M (Peak 25.44M) | Time:00:00.61 | Mem:0.00M, Peak:0.00M | Scene, ViewLayer | Synchronizing object | Upper_Lid.R
Fra:1 Mem:25.45M (Peak 25.45M) | Time:00:00.61 | Mem:0.00M, Peak:0.00M | Scene, ViewLayer | Synchronizing object | Lower_Lid.R
Fra:1 Mem:25.46M (Peak 25.46M) | Time:00:00.61 | Mem:0.00M, Peak:0.00M | Scene, ViewLayer | Synchronizing object | Eyebrow.R
Fra:1 Mem:25.46M (Peak 25.46M) | Time:00:00.61 | Mem:0.00M, Peak:0.00M | Scene, ViewLayer | Synchronizing object | Mouth
Fra:1 Mem:25.48M (Peak 25.48M) | Time:00:00.61 | Mem:0.00M, Peak:0.00M | Scene, ViewLayer | Synchronizing object | Hair_Cap
Fra:1 Mem:26.22M (Peak 26.22M) | Time:00:00.65 | Mem:0.00M, Peak:0.00M | Scene, ViewLayer | Synchronizing object | Hair_CrownBase
Fra:1 Mem:26.33M (Peak 26.33M) | Time:00:00.65 | Mem:0.00M, Peak:0.00M | Scene, ViewLayer | Synchronizing object | Review_Rim
Fra:1 Mem:26.31M (Peak 26.33M) | Time:00:00.65 | Mem:0.00M, Peak:0.00M | Scene, ViewLayer | Synchronizing object | Bangs_00
Fra:1 Mem:26.31M (Peak 26.33M) | Time:00:00.65 | Mem:0.00M, Peak:0.00M | Scene, ViewLayer | Synchronizing object | Review_Fill
Fra:1 Mem:26.33M (Peak 26.33M) | Time:00:00.65 | Mem:0.00M, Peak:0.00M | Scene, ViewLayer | Synchronizing object | Review_Key
Fra:1 Mem:26.33M (Peak 26.33M) | Time:00:00.65 | Mem:0.00M, Peak:0.00M | Scene, ViewLayer | Synchronizing object | Review_Ground
Fra:1 Mem:26.33M (Peak 26.33M) | Time:00:00.65 | Mem:0.00M, Peak:0.00M | Scene, ViewLayer | Synchronizing object | Bangs_01
Fra:1 Mem:26.34M (Peak 26.34M) | Time:00:00.65 | Mem:0.00M, Peak:0.00M | Scene, ViewLayer | Synchronizing object | Tee_Bar
Fra:1 Mem:26.35M (Peak 26.35M) | Time:00:00.65 | Mem:0.00M, Peak:0.00M | Scene, ViewLayer | Synchronizing object | Tee_Dot_1.246
Fra:1 Mem:26.36M (Peak 26.36M) | Time:00:00.65 | Mem:0.00M, Peak:0.00M | Scene, ViewLayer | Synchronizing object | Bangs_02
Fra:1 Mem:26.37M (Peak 26.37M) | Time:00:00.65 | Mem:0.00M, Peak:0.00M | Scene, ViewLayer | Synchronizing object | Tee_Dot_1.275
Fra:1 Mem:26.39M (Peak 26.39M) | Time:00:00.65 | Mem:0.00M, Peak:0.00M | Scene, ViewLayer | Synchronizing object | Bangs_03
Fra:1 Mem:26.39M (Peak 26.39M) | Time:00:00.65 | Mem:0.00M, Peak:0.00M | Scene, ViewLayer | Synchronizing object | Crown_0.R
Fra:1 Mem:26.42M (Peak 26.42M) | Time:00:00.65 | Mem:0.00M, Peak:0.00M | Scene, ViewLayer | Synchronizing object | Bangs_04
Fra:1 Mem:26.44M (Peak 26.44M) | Time:00:00.65 | Mem:0.00M, Peak:0.00M | Scene, ViewLayer | Synchronizing object | Crown_0.L
Fra:1 Mem:26.46M (Peak 26.46M) | Time:00:00.65 | Mem:0.00M, Peak:0.00M | Scene, ViewLayer | Synchronizing object | Bangs_05
Fra:1 Mem:26.48M (Peak 26.48M) | Time:00:00.65 | Mem:0.00M, Peak:0.00M | Scene, ViewLayer | Synchronizing object | Temple_2.R
Fra:1 Mem:26.50M (Peak 26.50M) | Time:00:00.65 | Mem:0.00M, Peak:0.00M | Scene, ViewLayer | Synchronizing object | Temple_0.L
Fra:1 Mem:26.52M (Peak 26.52M) | Time:00:00.65 | Mem:0.00M, Peak:0.00M | Scene, ViewLayer | Synchronizing object | Temple_1.R
Fra:1 Mem:26.54M (Peak 26.54M) | Time:00:00.65 | Mem:0.00M, Peak:0.00M | Scene, ViewLayer | Synchronizing object | Temple_1.L
Fra:1 Mem:26.56M (Peak 26.56M) | Time:00:00.65 | Mem:0.00M, Peak:0.00M | Scene, ViewLayer | Synchronizing object | Temple_0.R
Fra:1 Mem:26.57M (Peak 26.57M) | Time:00:00.65 | Mem:0.00M, Peak:0.00M | Scene, ViewLayer | Synchronizing object | Temple_2.L
Fra:1 Mem:26.61M (Peak 26.61M) | Time:00:00.65 | Mem:0.00M, Peak:0.00M | Scene, ViewLayer | Initializing
Fra:1 Mem:22.08M (Peak 26.61M) | Time:00:00.65 | Mem:0.00M, Peak:0.00M | Scene, ViewLayer | Updating Images | Loading CHR001_GreyStudy_BaseColor
Fra:1 Mem:22.08M (Peak 26.61M) | Time:00:00.65 | Mem:0.00M, Peak:0.00M | Scene, ViewLayer | Updating Images | Loading CHR001_GreyStudy_Normal
Fra:1 Mem:30.09M (Peak 38.10M) | Time:00:00.68 | Mem:4.00M, Peak:4.00M | Scene, ViewLayer | Updating Images | Loading CHR001_GreyStudy_Surface
Fra:1 Mem:30.68M (Peak 38.10M) | Time:00:00.69 | Mem:12.00M, Peak:12.00M | Scene, ViewLayer | Waiting for render to start
Fra:1 Mem:30.68M (Peak 38.10M) | Time:00:00.69 | Mem:12.00M, Peak:12.00M | Scene, ViewLayer | Updating Scene
Fra:1 Mem:30.68M (Peak 38.10M) | Time:00:00.69 | Mem:12.00M, Peak:12.00M | Scene, ViewLayer | Updating Shaders
Fra:1 Mem:30.68M (Peak 38.10M) | Time:00:00.69 | Mem:12.00M, Peak:12.00M | Scene, ViewLayer | Loading render kernels (may take a few minutes the first time)
Fra:1 Mem:30.76M (Peak 38.10M) | Time:00:00.69 | Mem:12.00M, Peak:12.00M | Scene, ViewLayer | Updating Procedurals
Fra:1 Mem:30.76M (Peak 38.10M) | Time:00:00.69 | Mem:12.00M, Peak:12.00M | Scene, ViewLayer | Updating Background
Fra:1 Mem:30.76M (Peak 38.10M) | Time:00:00.69 | Mem:12.00M, Peak:12.00M | Scene, ViewLayer | Updating Camera
Fra:1 Mem:30.76M (Peak 38.10M) | Time:00:00.69 | Mem:12.00M, Peak:12.00M | Scene, ViewLayer | Updating Meshes Flags
Fra:1 Mem:30.76M (Peak 38.10M) | Time:00:00.69 | Mem:12.00M, Peak:12.00M | Scene, ViewLayer | Updating Objects
Fra:1 Mem:30.76M (Peak 38.10M) | Time:00:00.69 | Mem:12.00M, Peak:12.00M | Scene, ViewLayer | Updating Objects | Copying Transformations to device
Fra:1 Mem:30.78M (Peak 38.10M) | Time:00:00.69 | Mem:12.02M, Peak:12.02M | Scene, ViewLayer | Updating Particle Systems
Fra:1 Mem:30.78M (Peak 38.10M) | Time:00:00.69 | Mem:12.02M, Peak:12.02M | Scene, ViewLayer | Updating Particle Systems | Copying Particles to device
Fra:1 Mem:30.78M (Peak 38.10M) | Time:00:00.69 | Mem:12.02M, Peak:12.02M | Scene, ViewLayer | Updating Meshes
Fra:1 Mem:32.97M (Peak 38.10M) | Time:00:00.71 | Mem:12.02M, Peak:12.02M | Scene, ViewLayer | Updating Objects | Applying Static Transformations
Fra:1 Mem:32.97M (Peak 38.10M) | Time:00:00.71 | Mem:12.02M, Peak:12.02M | Scene, ViewLayer | Updating Mesh | Computing attributes
Fra:1 Mem:35.85M (Peak 38.10M) | Time:00:00.71 | Mem:12.03M, Peak:12.03M | Scene, ViewLayer | Updating Mesh | Copying Attributes to device
Fra:1 Mem:35.83M (Peak 38.10M) | Time:00:00.71 | Mem:14.88M, Peak:14.88M | Scene, ViewLayer | Updating Scene BVH | Building
Fra:1 Mem:35.83M (Peak 38.10M) | Time:00:00.71 | Mem:14.88M, Peak:14.88M | Scene, ViewLayer | Updating Scene BVH | Building BVH
Fra:1 Mem:35.83M (Peak 38.10M) | Time:00:00.71 | Mem:16.05M, Peak:16.05M | Scene, ViewLayer | Updating Scene BVH | Building BVH 0%
Fra:1 Mem:35.83M (Peak 38.10M) | Time:00:00.72 | Mem:17.32M, Peak:18.49M | Scene, ViewLayer | Updating Scene BVH | Copying BVH to device
Fra:1 Mem:35.83M (Peak 38.10M) | Time:00:00.72 | Mem:17.32M, Peak:18.49M | Scene, ViewLayer | Updating Mesh | Computing normals
Fra:1 Mem:36.86M (Peak 38.10M) | Time:00:00.72 | Mem:17.32M, Peak:18.49M | Scene, ViewLayer | Updating Mesh | Copying Mesh to device
Fra:1 Mem:36.86M (Peak 38.10M) | Time:00:00.72 | Mem:18.35M, Peak:18.49M | Scene, ViewLayer | Updating Objects Flags
Fra:1 Mem:36.86M (Peak 38.10M) | Time:00:00.72 | Mem:18.35M, Peak:18.49M | Scene, ViewLayer | Updating Primitive Offsets
Fra:1 Mem:36.86M (Peak 38.10M) | Time:00:00.72 | Mem:18.35M, Peak:18.49M | Scene, ViewLayer | Updating Images
Fra:1 Mem:36.86M (Peak 38.10M) | Time:00:00.72 | Mem:18.35M, Peak:18.49M | Scene, ViewLayer | Updating Camera Volume
Fra:1 Mem:36.86M (Peak 38.10M) | Time:00:00.72 | Mem:18.35M, Peak:18.49M | Scene, ViewLayer | Updating Lookup Tables
Fra:1 Mem:36.86M (Peak 38.10M) | Time:00:00.72 | Mem:18.43M, Peak:18.49M | Scene, ViewLayer | Updating Lights
Fra:1 Mem:36.86M (Peak 38.10M) | Time:00:00.72 | Mem:18.43M, Peak:18.49M | Scene, ViewLayer | Updating Lights | Computing tree
Fra:1 Mem:36.86M (Peak 38.10M) | Time:00:00.72 | Mem:18.43M, Peak:18.49M | Scene, ViewLayer | Updating Integrator
Fra:1 Mem:36.86M (Peak 38.10M) | Time:00:00.72 | Mem:18.43M, Peak:18.49M | Scene, ViewLayer | Updating Film
Fra:1 Mem:36.87M (Peak 38.10M) | Time:00:00.72 | Mem:18.35M, Peak:18.49M | Scene, ViewLayer | Updating Lookup Tables
Fra:1 Mem:36.87M (Peak 38.10M) | Time:00:00.72 | Mem:18.44M, Peak:18.49M | Scene, ViewLayer | Updating Baking
Fra:1 Mem:36.87M (Peak 38.10M) | Time:00:00.72 | Mem:18.44M, Peak:18.49M | Scene, ViewLayer | Updating Device | Writing constant memory
Fra:1 Mem:36.87M (Peak 38.10M) | Time:00:00.72 | Mem:18.44M, Peak:18.49M | Scene, ViewLayer | Loading denoising kernels (may take a few minutes the first time)
Fra:1 Mem:36.87M (Peak 38.10M) | Time:00:00.72 | Mem:18.44M, Peak:18.49M | Scene, ViewLayer | Sample 0/24
Fra:1 Mem:86.99M (Peak 86.99M) | Time:00:01.41 | Remaining:00:15.93 | Mem:68.55M, Peak:68.55M | Scene, ViewLayer | Sample 1/24
Fra:1 Mem:108.09M (Peak 139.73M) | Time:00:26.08 | Mem:68.55M, Peak:68.55M | Scene, ViewLayer | Sample 24/24
Fra:1 Mem:108.09M (Peak 139.73M) | Time:00:26.08 | Mem:68.55M, Peak:68.55M | Scene, ViewLayer | Finished
Saved: '/home/lzzz/MyProjects/N-SIDE/output/characters/CHR-001/model-r7/first/upper-front.png'
Time: 00:26.18 (Saving: 00:00.09)

Fra:1 Mem:21.30M (Peak 21.30M) | Time:00:00.06 | Mem:0.00M, Peak:0.00M | Scene, ViewLayer | Synchronizing object | TShirt
Fra:1 Mem:21.46M (Peak 21.46M) | Time:00:00.06 | Mem:0.00M, Peak:0.00M | Scene, ViewLayer | Synchronizing object | TShirt_Collar
Fra:1 Mem:21.48M (Peak 21.48M) | Time:00:00.06 | Mem:0.00M, Peak:0.00M | Scene, ViewLayer | Synchronizing object | Hood
Fra:1 Mem:21.54M (Peak 21.54M) | Time:00:00.06 | Mem:0.00M, Peak:0.00M | Scene, ViewLayer | Synchronizing object | Sleeve_Cuff.L
Fra:1 Mem:21.54M (Peak 21.54M) | Time:00:00.06 | Mem:0.00M, Peak:0.00M | Scene, ViewLayer | Synchronizing object | Hood_Cord.L
Fra:1 Mem:21.58M (Peak 21.58M) | Time:00:00.09 | Mem:0.00M, Peak:0.00M | Scene, ViewLayer | Synchronizing object | Palm.L
Fra:1 Mem:21.63M (Peak 21.63M) | Time:00:00.09 | Mem:0.00M, Peak:0.00M | Scene, ViewLayer | Synchronizing object | Index_Mesh.L
Fra:1 Mem:21.64M (Peak 21.64M) | Time:00:00.09 | Mem:0.00M, Peak:0.00M | Scene, ViewLayer | Synchronizing object | Middle_Mesh.L
Fra:1 Mem:21.67M (Peak 21.67M) | Time:00:00.09 | Mem:0.00M, Peak:0.00M | Scene, ViewLayer | Synchronizing object | Ring_Mesh.L
Fra:1 Mem:21.66M (Peak 21.67M) | Time:00:00.09 | Mem:0.00M, Peak:0.00M | Scene, ViewLayer | Synchronizing object | Pinky_Mesh.L
Fra:1 Mem:21.65M (Peak 21.67M) | Time:00:00.09 | Mem:0.00M, Peak:0.00M | Scene, ViewLayer | Synchronizing object | Thumb_Mesh.L
Fra:1 Mem:21.84M (Peak 21.84M) | Time:00:00.15 | Mem:0.00M, Peak:0.00M | Scene, ViewLayer | Synchronizing object | Trousers.L
Fra:1 Mem:22.10M (Peak 22.10M) | Time:00:00.15 | Mem:0.00M, Peak:0.00M | Scene, ViewLayer | Synchronizing object | Sneaker_Sole.L
Fra:1 Mem:22.11M (Peak 22.11M) | Time:00:00.15 | Mem:0.00M, Peak:0.00M | Scene, ViewLayer | Synchronizing object | Sneaker_Upper.L
Fra:1 Mem:22.13M (Peak 22.13M) | Time:00:00.15 | Mem:0.00M, Peak:0.00M | Scene, ViewLayer | Synchronizing object | Sock.L
Fra:1 Mem:22.14M (Peak 22.14M) | Time:00:00.15 | Mem:0.00M, Peak:0.00M | Scene, ViewLayer | Synchronizing object | Lace_0.L
Fra:1 Mem:22.14M (Peak 22.14M) | Time:00:00.15 | Mem:0.00M, Peak:0.00M | Scene, ViewLayer | Synchronizing object | Lace_1.L
Fra:1 Mem:22.14M (Peak 22.14M) | Time:00:00.15 | Mem:0.00M, Peak:0.00M | Scene, ViewLayer | Synchronizing object | Lace_2.L
Fra:1 Mem:22.15M (Peak 22.15M) | Time:00:00.15 | Mem:0.00M, Peak:0.00M | Scene, ViewLayer | Synchronizing object | Lace_3.L
Fra:1 Mem:22.15M (Peak 22.15M) | Time:00:00.15 | Mem:0.00M, Peak:0.00M | Scene, ViewLayer | Synchronizing object | Heel_Tab.L
Fra:1 Mem:22.15M (Peak 22.15M) | Time:00:00.15 | Mem:0.00M, Peak:0.00M | Scene, ViewLayer | Synchronizing object | Sleeve_Cuff.R
Fra:1 Mem:22.16M (Peak 22.16M) | Time:00:00.15 | Mem:0.00M, Peak:0.00M | Scene, ViewLayer | Synchronizing object | Hood_Cord.R
Fra:1 Mem:22.20M (Peak 22.20M) | Time:00:00.17 | Mem:0.00M, Peak:0.00M | Scene, ViewLayer | Synchronizing object | Palm.R
Fra:1 Mem:22.25M (Peak 22.25M) | Time:00:00.18 | Mem:0.00M, Peak:0.00M | Scene, ViewLayer | Synchronizing object | Index_Mesh.R
Fra:1 Mem:22.28M (Peak 22.28M) | Time:00:00.18 | Mem:0.00M, Peak:0.00M | Scene, ViewLayer | Synchronizing object | Middle_Mesh.R
Fra:1 Mem:22.25M (Peak 22.28M) | Time:00:00.18 | Mem:0.00M, Peak:0.00M | Scene, ViewLayer | Synchronizing object | Ring_Mesh.R
Fra:1 Mem:22.26M (Peak 22.28M) | Time:00:00.18 | Mem:0.00M, Peak:0.00M | Scene, ViewLayer | Synchronizing object | Pinky_Mesh.R
Fra:1 Mem:22.27M (Peak 22.28M) | Time:00:00.18 | Mem:0.00M, Peak:0.00M | Scene, ViewLayer | Synchronizing object | Thumb_Mesh.R
Fra:1 Mem:22.45M (Peak 22.45M) | Time:00:00.25 | Mem:0.00M, Peak:0.00M | Scene, ViewLayer | Synchronizing object | Trousers.R
Fra:1 Mem:22.73M (Peak 22.73M) | Time:00:00.25 | Mem:0.00M, Peak:0.00M | Scene, ViewLayer | Synchronizing object | Sneaker_Sole.R
Fra:1 Mem:22.76M (Peak 22.76M) | Time:00:00.25 | Mem:0.00M, Peak:0.00M | Scene, ViewLayer | Synchronizing object | Sneaker_Upper.R
Fra:1 Mem:22.85M (Peak 22.85M) | Time:00:00.25 | Mem:0.00M, Peak:0.00M | Scene, ViewLayer | Synchronizing object | Sock.R
Fra:1 Mem:22.78M (Peak 22.85M) | Time:00:00.25 | Mem:0.00M, Peak:0.00M | Scene, ViewLayer | Synchronizing object | Lace_0.R
Fra:1 Mem:22.79M (Peak 22.85M) | Time:00:00.25 | Mem:0.00M, Peak:0.00M | Scene, ViewLayer | Synchronizing object | Lace_1.R
Fra:1 Mem:22.76M (Peak 22.85M) | Time:00:00.25 | Mem:0.00M, Peak:0.00M | Scene, ViewLayer | Synchronizing object | Lace_2.R
Fra:1 Mem:22.76M (Peak 22.85M) | Time:00:00.25 | Mem:0.00M, Peak:0.00M | Scene, ViewLayer | Synchronizing object | Lace_3.R
Fra:1 Mem:22.76M (Peak 22.85M) | Time:00:00.25 | Mem:0.00M, Peak:0.00M | Scene, ViewLayer | Synchronizing object | Heel_Tab.R
Fra:1 Mem:23.34M (Peak 23.34M) | Time:00:00.31 | Mem:0.00M, Peak:0.00M | Scene, ViewLayer | Synchronizing object | Jacket_ContinuousShoulders
Fra:1 Mem:24.57M (Peak 24.57M) | Time:00:01.09 | Mem:0.00M, Peak:0.00M | Scene, ViewLayer | Synchronizing object | Face_Head
Fra:1 Mem:25.23M (Peak 25.23M) | Time:00:01.10 | Mem:0.00M, Peak:0.00M | Scene, ViewLayer | Synchronizing object | Ear.L
Fra:1 Mem:25.29M (Peak 25.29M) | Time:00:01.10 | Mem:0.00M, Peak:0.00M | Scene, ViewLayer | Synchronizing object | Ear_Fold.L
Fra:1 Mem:25.34M (Peak 25.34M) | Time:00:01.12 | Mem:0.00M, Peak:0.00M | Scene, ViewLayer | Synchronizing object | Ear.R
Fra:1 Mem:25.40M (Peak 25.40M) | Time:00:01.12 | Mem:0.00M, Peak:0.00M | Scene, ViewLayer | Synchronizing object | Ear_Fold.R
Fra:1 Mem:25.41M (Peak 25.41M) | Time:00:01.12 | Mem:0.00M, Peak:0.00M | Scene, ViewLayer | Synchronizing object | Eye_White.L
Fra:1 Mem:25.41M (Peak 25.41M) | Time:00:01.12 | Mem:0.00M, Peak:0.00M | Scene, ViewLayer | Synchronizing object | Iris_hair.L
Fra:1 Mem:25.42M (Peak 25.42M) | Time:00:01.12 | Mem:0.00M, Peak:0.00M | Scene, ViewLayer | Synchronizing object | Iris_ink.L
Fra:1 Mem:25.43M (Peak 25.43M) | Time:00:01.12 | Mem:0.00M, Peak:0.00M | Scene, ViewLayer | Synchronizing object | Eye_Glint.L
Fra:1 Mem:25.43M (Peak 25.43M) | Time:00:01.12 | Mem:0.00M, Peak:0.00M | Scene, ViewLayer | Synchronizing object | Upper_Lid.L
Fra:1 Mem:25.45M (Peak 25.45M) | Time:00:01.12 | Mem:0.00M, Peak:0.00M | Scene, ViewLayer | Synchronizing object | Lower_Lid.L
Fra:1 Mem:25.45M (Peak 25.45M) | Time:00:01.12 | Mem:0.00M, Peak:0.00M | Scene, ViewLayer | Synchronizing object | Eyebrow.L
Fra:1 Mem:25.46M (Peak 25.46M) | Time:00:01.12 | Mem:0.00M, Peak:0.00M | Scene, ViewLayer | Synchronizing object | Eye_White.R
Fra:1 Mem:25.46M (Peak 25.46M) | Time:00:01.12 | Mem:0.00M, Peak:0.00M | Scene, ViewLayer | Synchronizing object | Iris_hair.R
Fra:1 Mem:25.47M (Peak 25.47M) | Time:00:01.12 | Mem:0.00M, Peak:0.00M | Scene, ViewLayer | Synchronizing object | Iris_ink.R
Fra:1 Mem:25.48M (Peak 25.48M) | Time:00:01.12 | Mem:0.00M, Peak:0.00M | Scene, ViewLayer | Synchronizing object | Eye_Glint.R
Fra:1 Mem:25.48M (Peak 25.48M) | Time:00:01.12 | Mem:0.00M, Peak:0.00M | Scene, ViewLayer | Synchronizing object | Upper_Lid.R
Fra:1 Mem:25.50M (Peak 25.50M) | Time:00:01.12 | Mem:0.00M, Peak:0.00M | Scene, ViewLayer | Synchronizing object | Lower_Lid.R
Fra:1 Mem:25.50M (Peak 25.50M) | Time:00:01.12 | Mem:0.00M, Peak:0.00M | Scene, ViewLayer | Synchronizing object | Eyebrow.R
Fra:1 Mem:25.51M (Peak 25.51M) | Time:00:01.12 | Mem:0.00M, Peak:0.00M | Scene, ViewLayer | Synchronizing object | Mouth
Fra:1 Mem:25.52M (Peak 25.52M) | Time:00:01.12 | Mem:0.00M, Peak:0.00M | Scene, ViewLayer | Synchronizing object | Hair_Cap
Fra:1 Mem:26.26M (Peak 26.26M) | Time:00:01.18 | Mem:0.00M, Peak:0.00M | Scene, ViewLayer | Synchronizing object | Hair_CrownBase
Fra:1 Mem:26.32M (Peak 26.32M) | Time:00:01.18 | Mem:0.00M, Peak:0.00M | Scene, ViewLayer | Synchronizing object | Review_Rim
Fra:1 Mem:26.33M (Peak 26.33M) | Time:00:01.18 | Mem:0.00M, Peak:0.00M | Scene, ViewLayer | Synchronizing object | Review_Fill
Fra:1 Mem:26.33M (Peak 26.33M) | Time:00:01.18 | Mem:0.00M, Peak:0.00M | Scene, ViewLayer | Synchronizing object | Review_Key
Fra:1 Mem:26.33M (Peak 26.33M) | Time:00:01.18 | Mem:0.00M, Peak:0.00M | Scene, ViewLayer | Synchronizing object | Review_Ground
Fra:1 Mem:26.35M (Peak 26.35M) | Time:00:01.18 | Mem:0.00M, Peak:0.00M | Scene, ViewLayer | Synchronizing object | Tee_Bar
Fra:1 Mem:26.37M (Peak 26.37M) | Time:00:01.18 | Mem:0.00M, Peak:0.00M | Scene, ViewLayer | Synchronizing object | Tee_Dot_1.246
Fra:1 Mem:26.36M (Peak 26.37M) | Time:00:01.18 | Mem:0.00M, Peak:0.00M | Scene, ViewLayer | Synchronizing object | Bangs_00
Fra:1 Mem:26.36M (Peak 26.37M) | Time:00:01.18 | Mem:0.00M, Peak:0.00M | Scene, ViewLayer | Synchronizing object | Tee_Dot_1.275
Fra:1 Mem:26.38M (Peak 26.38M) | Time:00:01.18 | Mem:0.00M, Peak:0.00M | Scene, ViewLayer | Synchronizing object | Crown_0.R
Fra:1 Mem:26.38M (Peak 26.38M) | Time:00:01.18 | Mem:0.00M, Peak:0.00M | Scene, ViewLayer | Synchronizing object | Bangs_01
Fra:1 Mem:26.41M (Peak 26.41M) | Time:00:01.18 | Mem:0.00M, Peak:0.00M | Scene, ViewLayer | Synchronizing object | Crown_0.L
Fra:1 Mem:26.43M (Peak 26.43M) | Time:00:01.18 | Mem:0.00M, Peak:0.00M | Scene, ViewLayer | Synchronizing object | Bangs_02
Fra:1 Mem:26.45M (Peak 26.45M) | Time:00:01.18 | Mem:0.00M, Peak:0.00M | Scene, ViewLayer | Synchronizing object | Temple_2.R
Fra:1 Mem:26.46M (Peak 26.46M) | Time:00:01.18 | Mem:0.00M, Peak:0.00M | Scene, ViewLayer | Synchronizing object | Bangs_03
Fra:1 Mem:26.48M (Peak 26.48M) | Time:00:01.18 | Mem:0.00M, Peak:0.00M | Scene, ViewLayer | Synchronizing object | Temple_1.R
Fra:1 Mem:26.50M (Peak 26.50M) | Time:00:01.18 | Mem:0.00M, Peak:0.00M | Scene, ViewLayer | Synchronizing object | Bangs_04
Fra:1 Mem:26.51M (Peak 26.51M) | Time:00:01.18 | Mem:0.00M, Peak:0.00M | Scene, ViewLayer | Synchronizing object | Temple_0.R
Fra:1 Mem:26.54M (Peak 26.54M) | Time:00:01.18 | Mem:0.00M, Peak:0.00M | Scene, ViewLayer | Synchronizing object | Bangs_05
Fra:1 Mem:26.54M (Peak 26.54M) | Time:00:01.18 | Mem:0.00M, Peak:0.00M | Scene, ViewLayer | Synchronizing object | Temple_2.L
Fra:1 Mem:26.57M (Peak 26.57M) | Time:00:01.18 | Mem:0.00M, Peak:0.00M | Scene, ViewLayer | Synchronizing object | Temple_1.L
Fra:1 Mem:26.61M (Peak 26.61M) | Time:00:01.18 | Mem:0.00M, Peak:0.00M | Scene, ViewLayer | Initializing
Fra:1 Mem:22.08M (Peak 26.61M) | Time:00:01.19 | Mem:0.00M, Peak:0.00M | Scene, ViewLayer | Updating Images | Loading CHR001_GreyStudy_Normal
Fra:1 Mem:22.08M (Peak 26.61M) | Time:00:01.19 | Mem:0.00M, Peak:0.00M | Scene, ViewLayer | Updating Images | Loading CHR001_GreyStudy_BaseColor
Fra:1 Mem:34.10M (Peak 38.10M) | Time:00:01.21 | Mem:4.00M, Peak:4.00M | Scene, ViewLayer | Updating Images | Loading CHR001_GreyStudy_Surface
Fra:1 Mem:30.68M (Peak 38.11M) | Time:00:01.23 | Mem:12.00M, Peak:12.00M | Scene, ViewLayer | Waiting for render to start
Fra:1 Mem:30.68M (Peak 38.11M) | Time:00:01.23 | Mem:12.00M, Peak:12.00M | Scene, ViewLayer | Updating Scene
Fra:1 Mem:30.68M (Peak 38.11M) | Time:00:01.23 | Mem:12.00M, Peak:12.00M | Scene, ViewLayer | Updating Shaders
Fra:1 Mem:30.68M (Peak 38.11M) | Time:00:01.23 | Mem:12.00M, Peak:12.00M | Scene, ViewLayer | Loading render kernels (may take a few minutes the first time)
Fra:1 Mem:30.76M (Peak 38.11M) | Time:00:01.23 | Mem:12.00M, Peak:12.00M | Scene, ViewLayer | Updating Procedurals
Fra:1 Mem:30.76M (Peak 38.11M) | Time:00:01.23 | Mem:12.00M, Peak:12.00M | Scene, ViewLayer | Updating Background
Fra:1 Mem:30.76M (Peak 38.11M) | Time:00:01.23 | Mem:12.00M, Peak:12.00M | Scene, ViewLayer | Updating Camera
Fra:1 Mem:30.76M (Peak 38.11M) | Time:00:01.23 | Mem:12.00M, Peak:12.00M | Scene, ViewLayer | Updating Meshes Flags
Fra:1 Mem:30.76M (Peak 38.11M) | Time:00:01.23 | Mem:12.00M, Peak:12.00M | Scene, ViewLayer | Updating Objects
Fra:1 Mem:30.76M (Peak 38.11M) | Time:00:01.23 | Mem:12.00M, Peak:12.00M | Scene, ViewLayer | Updating Objects | Copying Transformations to device
Fra:1 Mem:30.78M (Peak 38.11M) | Time:00:01.23 | Mem:12.02M, Peak:12.02M | Scene, ViewLayer | Updating Particle Systems
Fra:1 Mem:30.78M (Peak 38.11M) | Time:00:01.23 | Mem:12.02M, Peak:12.02M | Scene, ViewLayer | Updating Particle Systems | Copying Particles to device
Fra:1 Mem:30.78M (Peak 38.11M) | Time:00:01.23 | Mem:12.02M, Peak:12.02M | Scene, ViewLayer | Updating Meshes
Fra:1 Mem:32.97M (Peak 38.11M) | Time:00:01.25 | Mem:12.02M, Peak:12.02M | Scene, ViewLayer | Updating Objects | Applying Static Transformations
Fra:1 Mem:32.97M (Peak 38.11M) | Time:00:01.25 | Mem:12.02M, Peak:12.02M | Scene, ViewLayer | Updating Mesh | Computing attributes
Fra:1 Mem:35.85M (Peak 38.11M) | Time:00:01.25 | Mem:12.03M, Peak:12.03M | Scene, ViewLayer | Updating Mesh | Copying Attributes to device
Fra:1 Mem:35.83M (Peak 38.11M) | Time:00:01.25 | Mem:14.88M, Peak:14.88M | Scene, ViewLayer | Updating Scene BVH | Building
Fra:1 Mem:35.83M (Peak 38.11M) | Time:00:01.25 | Mem:14.88M, Peak:14.88M | Scene, ViewLayer | Updating Scene BVH | Building BVH
Fra:1 Mem:35.83M (Peak 38.11M) | Time:00:01.25 | Mem:16.05M, Peak:16.05M | Scene, ViewLayer | Updating Scene BVH | Building BVH 0%
Fra:1 Mem:35.83M (Peak 38.11M) | Time:00:01.25 | Mem:17.32M, Peak:18.49M | Scene, ViewLayer | Updating Scene BVH | Copying BVH to device
Fra:1 Mem:35.83M (Peak 38.11M) | Time:00:01.25 | Mem:17.32M, Peak:18.49M | Scene, ViewLayer | Updating Mesh | Computing normals
Fra:1 Mem:36.86M (Peak 38.11M) | Time:00:01.25 | Mem:17.32M, Peak:18.49M | Scene, ViewLayer | Updating Mesh | Copying Mesh to device
Fra:1 Mem:36.86M (Peak 38.11M) | Time:00:01.26 | Mem:18.35M, Peak:18.49M | Scene, ViewLayer | Updating Objects Flags
Fra:1 Mem:36.86M (Peak 38.11M) | Time:00:01.26 | Mem:18.35M, Peak:18.49M | Scene, ViewLayer | Updating Primitive Offsets
Fra:1 Mem:36.86M (Peak 38.11M) | Time:00:01.26 | Mem:18.35M, Peak:18.49M | Scene, ViewLayer | Updating Images
Fra:1 Mem:36.86M (Peak 38.11M) | Time:00:01.26 | Mem:18.35M, Peak:18.49M | Scene, ViewLayer | Updating Camera Volume
Fra:1 Mem:36.86M (Peak 38.11M) | Time:00:01.26 | Mem:18.35M, Peak:18.49M | Scene, ViewLayer | Updating Lookup Tables
Fra:1 Mem:36.86M (Peak 38.11M) | Time:00:01.26 | Mem:18.43M, Peak:18.49M | Scene, ViewLayer | Updating Lights
Fra:1 Mem:36.86M (Peak 38.11M) | Time:00:01.26 | Mem:18.43M, Peak:18.49M | Scene, ViewLayer | Updating Lights | Computing tree
Fra:1 Mem:36.86M (Peak 38.11M) | Time:00:01.26 | Mem:18.43M, Peak:18.49M | Scene, ViewLayer | Updating Integrator
Fra:1 Mem:36.86M (Peak 38.11M) | Time:00:01.26 | Mem:18.43M, Peak:18.49M | Scene, ViewLayer | Updating Film
Fra:1 Mem:36.87M (Peak 38.11M) | Time:00:01.26 | Mem:18.35M, Peak:18.49M | Scene, ViewLayer | Updating Lookup Tables
Fra:1 Mem:36.87M (Peak 38.11M) | Time:00:01.26 | Mem:18.44M, Peak:18.49M | Scene, ViewLayer | Updating Baking
Fra:1 Mem:36.87M (Peak 38.11M) | Time:00:01.26 | Mem:18.44M, Peak:18.49M | Scene, ViewLayer | Updating Device | Writing constant memory
Fra:1 Mem:36.87M (Peak 38.11M) | Time:00:01.26 | Mem:18.44M, Peak:18.49M | Scene, ViewLayer | Loading denoising kernels (may take a few minutes the first time)
Fra:1 Mem:36.87M (Peak 38.11M) | Time:00:01.26 | Mem:18.44M, Peak:18.49M | Scene, ViewLayer | Sample 0/24
Fra:1 Mem:86.99M (Peak 86.99M) | Time:00:02.15 | Remaining:00:20.53 | Mem:68.55M, Peak:68.55M | Scene, ViewLayer | Sample 1/24
Fra:1 Mem:108.09M (Peak 139.73M) | Time:00:24.61 | Mem:68.55M, Peak:68.55M | Scene, ViewLayer | Sample 24/24
Fra:1 Mem:108.09M (Peak 139.73M) | Time:00:24.61 | Mem:68.55M, Peak:68.55M | Scene, ViewLayer | Finished
Saved: '/home/lzzz/MyProjects/N-SIDE/output/characters/CHR-001/model-r7/first/upper-quarter.png'
Time: 00:24.68 (Saving: 00:00.06)

Fra:1 Mem:21.30M (Peak 21.30M) | Time:00:00.03 | Mem:0.00M, Peak:0.00M | Scene, ViewLayer | Synchronizing object | TShirt
Fra:1 Mem:21.46M (Peak 21.46M) | Time:00:00.03 | Mem:0.00M, Peak:0.00M | Scene, ViewLayer | Synchronizing object | TShirt_Collar
Fra:1 Mem:21.49M (Peak 21.49M) | Time:00:00.03 | Mem:0.00M, Peak:0.00M | Scene, ViewLayer | Synchronizing object | Hood
Fra:1 Mem:21.54M (Peak 21.54M) | Time:00:00.03 | Mem:0.00M, Peak:0.00M | Scene, ViewLayer | Synchronizing object | Sleeve_Cuff.L
Fra:1 Mem:21.54M (Peak 21.54M) | Time:00:00.03 | Mem:0.00M, Peak:0.00M | Scene, ViewLayer | Synchronizing object | Hood_Cord.L
Fra:1 Mem:21.58M (Peak 21.58M) | Time:00:00.04 | Mem:0.00M, Peak:0.00M | Scene, ViewLayer | Synchronizing object | Palm.L
Fra:1 Mem:21.63M (Peak 21.63M) | Time:00:00.04 | Mem:0.00M, Peak:0.00M | Scene, ViewLayer | Synchronizing object | Index_Mesh.L
Fra:1 Mem:21.64M (Peak 21.64M) | Time:00:00.04 | Mem:0.00M, Peak:0.00M | Scene, ViewLayer | Synchronizing object | Middle_Mesh.L
Fra:1 Mem:21.65M (Peak 21.65M) | Time:00:00.04 | Mem:0.00M, Peak:0.00M | Scene, ViewLayer | Synchronizing object | Ring_Mesh.L
Fra:1 Mem:21.68M (Peak 21.68M) | Time:00:00.04 | Mem:0.00M, Peak:0.00M | Scene, ViewLayer | Synchronizing object | Pinky_Mesh.L
Fra:1 Mem:21.66M (Peak 21.68M) | Time:00:00.04 | Mem:0.00M, Peak:0.00M | Scene, ViewLayer | Synchronizing object | Thumb_Mesh.L
Fra:1 Mem:21.84M (Peak 21.84M) | Time:00:00.08 | Mem:0.00M, Peak:0.00M | Scene, ViewLayer | Synchronizing object | Trousers.L
Fra:1 Mem:22.10M (Peak 22.10M) | Time:00:00.08 | Mem:0.00M, Peak:0.00M | Scene, ViewLayer | Synchronizing object | Sneaker_Sole.L
Fra:1 Mem:22.11M (Peak 22.11M) | Time:00:00.08 | Mem:0.00M, Peak:0.00M | Scene, ViewLayer | Synchronizing object | Sneaker_Upper.L
Fra:1 Mem:22.13M (Peak 22.13M) | Time:00:00.08 | Mem:0.00M, Peak:0.00M | Scene, ViewLayer | Synchronizing object | Sock.L
Fra:1 Mem:22.14M (Peak 22.14M) | Time:00:00.08 | Mem:0.00M, Peak:0.00M | Scene, ViewLayer | Synchronizing object | Lace_0.L
Fra:1 Mem:22.14M (Peak 22.14M) | Time:00:00.08 | Mem:0.00M, Peak:0.00M | Scene, ViewLayer | Synchronizing object | Lace_1.L
Fra:1 Mem:22.14M (Peak 22.14M) | Time:00:00.08 | Mem:0.00M, Peak:0.00M | Scene, ViewLayer | Synchronizing object | Lace_2.L
Fra:1 Mem:22.15M (Peak 22.15M) | Time:00:00.08 | Mem:0.00M, Peak:0.00M | Scene, ViewLayer | Synchronizing object | Lace_3.L
Fra:1 Mem:22.15M (Peak 22.15M) | Time:00:00.08 | Mem:0.00M, Peak:0.00M | Scene, ViewLayer | Synchronizing object | Heel_Tab.L
Fra:1 Mem:22.15M (Peak 22.15M) | Time:00:00.08 | Mem:0.00M, Peak:0.00M | Scene, ViewLayer | Synchronizing object | Sleeve_Cuff.R
Fra:1 Mem:22.16M (Peak 22.16M) | Time:00:00.08 | Mem:0.00M, Peak:0.00M | Scene, ViewLayer | Synchronizing object | Hood_Cord.R
Fra:1 Mem:22.20M (Peak 22.20M) | Time:00:00.09 | Mem:0.00M, Peak:0.00M | Scene, ViewLayer | Synchronizing object | Palm.R
Fra:1 Mem:22.25M (Peak 22.25M) | Time:00:00.09 | Mem:0.00M, Peak:0.00M | Scene, ViewLayer | Synchronizing object | Index_Mesh.R
Fra:1 Mem:22.28M (Peak 22.28M) | Time:00:00.09 | Mem:0.00M, Peak:0.00M | Scene, ViewLayer | Synchronizing object | Middle_Mesh.R
Fra:1 Mem:22.26M (Peak 22.28M) | Time:00:00.09 | Mem:0.00M, Peak:0.00M | Scene, ViewLayer | Synchronizing object | Ring_Mesh.R
Fra:1 Mem:22.26M (Peak 22.28M) | Time:00:00.09 | Mem:0.00M, Peak:0.00M | Scene, ViewLayer | Synchronizing object | Pinky_Mesh.R
Fra:1 Mem:22.27M (Peak 22.28M) | Time:00:00.09 | Mem:0.00M, Peak:0.00M | Scene, ViewLayer | Synchronizing object | Thumb_Mesh.R
Fra:1 Mem:22.45M (Peak 22.45M) | Time:00:00.12 | Mem:0.00M, Peak:0.00M | Scene, ViewLayer | Synchronizing object | Trousers.R
Fra:1 Mem:22.74M (Peak 22.74M) | Time:00:00.12 | Mem:0.00M, Peak:0.00M | Scene, ViewLayer | Synchronizing object | Sneaker_Sole.R
Fra:1 Mem:22.83M (Peak 22.83M) | Time:00:00.12 | Mem:0.00M, Peak:0.00M | Scene, ViewLayer | Synchronizing object | Sneaker_Upper.R
Fra:1 Mem:22.78M (Peak 22.83M) | Time:00:00.12 | Mem:0.00M, Peak:0.00M | Scene, ViewLayer | Synchronizing object | Sock.R
Fra:1 Mem:22.78M (Peak 22.83M) | Time:00:00.12 | Mem:0.00M, Peak:0.00M | Scene, ViewLayer | Synchronizing object | Lace_0.R
Fra:1 Mem:22.75M (Peak 22.83M) | Time:00:00.12 | Mem:0.00M, Peak:0.00M | Scene, ViewLayer | Synchronizing object | Lace_1.R
Fra:1 Mem:22.76M (Peak 22.83M) | Time:00:00.12 | Mem:0.00M, Peak:0.00M | Scene, ViewLayer | Synchronizing object | Lace_2.R
Fra:1 Mem:22.76M (Peak 22.83M) | Time:00:00.12 | Mem:0.00M, Peak:0.00M | Scene, ViewLayer | Synchronizing object | Lace_3.R
Fra:1 Mem:22.76M (Peak 22.83M) | Time:00:00.12 | Mem:0.00M, Peak:0.00M | Scene, ViewLayer | Synchronizing object | Heel_Tab.R
Fra:1 Mem:23.34M (Peak 23.34M) | Time:00:00.17 | Mem:0.00M, Peak:0.00M | Scene, ViewLayer | Synchronizing object | Jacket_ContinuousShoulders
Fra:1 Mem:24.57M (Peak 24.57M) | Time:00:00.58 | Mem:0.00M, Peak:0.00M | Scene, ViewLayer | Synchronizing object | Face_Head
Fra:1 Mem:25.23M (Peak 25.23M) | Time:00:00.59 | Mem:0.00M, Peak:0.00M | Scene, ViewLayer | Synchronizing object | Ear.L
Fra:1 Mem:25.29M (Peak 25.29M) | Time:00:00.59 | Mem:0.00M, Peak:0.00M | Scene, ViewLayer | Synchronizing object | Ear_Fold.L
Fra:1 Mem:25.34M (Peak 25.34M) | Time:00:00.60 | Mem:0.00M, Peak:0.00M | Scene, ViewLayer | Synchronizing object | Ear.R
Fra:1 Mem:25.40M (Peak 25.40M) | Time:00:00.60 | Mem:0.00M, Peak:0.00M | Scene, ViewLayer | Synchronizing object | Ear_Fold.R
Fra:1 Mem:25.41M (Peak 25.41M) | Time:00:00.60 | Mem:0.00M, Peak:0.00M | Scene, ViewLayer | Synchronizing object | Eye_White.L
Fra:1 Mem:25.41M (Peak 25.41M) | Time:00:00.61 | Mem:0.00M, Peak:0.00M | Scene, ViewLayer | Synchronizing object | Iris_hair.L
Fra:1 Mem:25.42M (Peak 25.42M) | Time:00:00.61 | Mem:0.00M, Peak:0.00M | Scene, ViewLayer | Synchronizing object | Iris_ink.L
Fra:1 Mem:25.43M (Peak 25.43M) | Time:00:00.61 | Mem:0.00M, Peak:0.00M | Scene, ViewLayer | Synchronizing object | Eye_Glint.L
Fra:1 Mem:25.43M (Peak 25.43M) | Time:00:00.61 | Mem:0.00M, Peak:0.00M | Scene, ViewLayer | Synchronizing object | Upper_Lid.L
Fra:1 Mem:25.45M (Peak 25.45M) | Time:00:00.61 | Mem:0.00M, Peak:0.00M | Scene, ViewLayer | Synchronizing object | Lower_Lid.L
Fra:1 Mem:25.45M (Peak 25.45M) | Time:00:00.61 | Mem:0.00M, Peak:0.00M | Scene, ViewLayer | Synchronizing object | Eyebrow.L
Fra:1 Mem:25.46M (Peak 25.46M) | Time:00:00.61 | Mem:0.00M, Peak:0.00M | Scene, ViewLayer | Synchronizing object | Eye_White.R
Fra:1 Mem:25.46M (Peak 25.46M) | Time:00:00.61 | Mem:0.00M, Peak:0.00M | Scene, ViewLayer | Synchronizing object | Iris_hair.R
Fra:1 Mem:25.47M (Peak 25.47M) | Time:00:00.61 | Mem:0.00M, Peak:0.00M | Scene, ViewLayer | Synchronizing object | Iris_ink.R
Fra:1 Mem:25.48M (Peak 25.48M) | Time:00:00.61 | Mem:0.00M, Peak:0.00M | Scene, ViewLayer | Synchronizing object | Eye_Glint.R
Fra:1 Mem:25.48M (Peak 25.48M) | Time:00:00.61 | Mem:0.00M, Peak:0.00M | Scene, ViewLayer | Synchronizing object | Upper_Lid.R
Fra:1 Mem:25.50M (Peak 25.50M) | Time:00:00.61 | Mem:0.00M, Peak:0.00M | Scene, ViewLayer | Synchronizing object | Lower_Lid.R
Fra:1 Mem:25.50M (Peak 25.50M) | Time:00:00.61 | Mem:0.00M, Peak:0.00M | Scene, ViewLayer | Synchronizing object | Eyebrow.R
Fra:1 Mem:25.51M (Peak 25.51M) | Time:00:00.61 | Mem:0.00M, Peak:0.00M | Scene, ViewLayer | Synchronizing object | Mouth
Fra:1 Mem:25.52M (Peak 25.52M) | Time:00:00.61 | Mem:0.00M, Peak:0.00M | Scene, ViewLayer | Synchronizing object | Hair_Cap
Fra:1 Mem:26.26M (Peak 26.26M) | Time:00:00.64 | Mem:0.00M, Peak:0.00M | Scene, ViewLayer | Synchronizing object | Hair_CrownBase
Fra:1 Mem:26.37M (Peak 26.37M) | Time:00:00.64 | Mem:0.00M, Peak:0.00M | Scene, ViewLayer | Synchronizing object | Review_Rim
Fra:1 Mem:26.35M (Peak 26.37M) | Time:00:00.64 | Mem:0.00M, Peak:0.00M | Scene, ViewLayer | Synchronizing object | Bangs_00
Fra:1 Mem:26.36M (Peak 26.37M) | Time:00:00.64 | Mem:0.00M, Peak:0.00M | Scene, ViewLayer | Synchronizing object | Review_Fill
Fra:1 Mem:26.37M (Peak 26.37M) | Time:00:00.64 | Mem:0.00M, Peak:0.00M | Scene, ViewLayer | Synchronizing object | Bangs_01
Fra:1 Mem:26.37M (Peak 26.37M) | Time:00:00.64 | Mem:0.00M, Peak:0.00M | Scene, ViewLayer | Synchronizing object | Review_Key
Fra:1 Mem:26.38M (Peak 26.38M) | Time:00:00.64 | Mem:0.00M, Peak:0.00M | Scene, ViewLayer | Synchronizing object | Review_Ground
Fra:1 Mem:26.39M (Peak 26.39M) | Time:00:00.64 | Mem:0.00M, Peak:0.00M | Scene, ViewLayer | Synchronizing object | Tee_Bar
Fra:1 Mem:26.39M (Peak 26.39M) | Time:00:00.64 | Mem:0.00M, Peak:0.00M | Scene, ViewLayer | Synchronizing object | Bangs_02
Fra:1 Mem:26.40M (Peak 26.40M) | Time:00:00.64 | Mem:0.00M, Peak:0.00M | Scene, ViewLayer | Synchronizing object | Tee_Dot_1.246
Fra:1 Mem:26.41M (Peak 26.41M) | Time:00:00.64 | Mem:0.00M, Peak:0.00M | Scene, ViewLayer | Synchronizing object | Bangs_03
Fra:1 Mem:26.42M (Peak 26.42M) | Time:00:00.64 | Mem:0.00M, Peak:0.00M | Scene, ViewLayer | Synchronizing object | Tee_Dot_1.275
Fra:1 Mem:26.44M (Peak 26.44M) | Time:00:00.64 | Mem:0.00M, Peak:0.00M | Scene, ViewLayer | Synchronizing object | Bangs_04
Fra:1 Mem:26.44M (Peak 26.44M) | Time:00:00.64 | Mem:0.00M, Peak:0.00M | Scene, ViewLayer | Synchronizing object | Crown_0.R
Fra:1 Mem:26.46M (Peak 26.46M) | Time:00:00.64 | Mem:0.00M, Peak:0.00M | Scene, ViewLayer | Synchronizing object | Bangs_05
Fra:1 Mem:26.48M (Peak 26.48M) | Time:00:00.64 | Mem:0.00M, Peak:0.00M | Scene, ViewLayer | Synchronizing object | Crown_0.L
Fra:1 Mem:26.50M (Peak 26.50M) | Time:00:00.64 | Mem:0.00M, Peak:0.00M | Scene, ViewLayer | Synchronizing object | Temple_0.L
Fra:1 Mem:26.52M (Peak 26.52M) | Time:00:00.64 | Mem:0.00M, Peak:0.00M | Scene, ViewLayer | Synchronizing object | Temple_2.R
Fra:1 Mem:26.53M (Peak 26.53M) | Time:00:00.64 | Mem:0.00M, Peak:0.00M | Scene, ViewLayer | Synchronizing object | Temple_1.L
Fra:1 Mem:26.55M (Peak 26.55M) | Time:00:00.64 | Mem:0.00M, Peak:0.00M | Scene, ViewLayer | Synchronizing object | Temple_1.R
Fra:1 Mem:26.56M (Peak 26.56M) | Time:00:00.64 | Mem:0.00M, Peak:0.00M | Scene, ViewLayer | Synchronizing object | Temple_2.L
Fra:1 Mem:26.59M (Peak 26.59M) | Time:00:00.64 | Mem:0.00M, Peak:0.00M | Scene, ViewLayer | Synchronizing object | Temple_0.R
Fra:1 Mem:26.61M (Peak 26.61M) | Time:00:00.64 | Mem:0.00M, Peak:0.00M | Scene, ViewLayer | Initializing
Fra:1 Mem:22.08M (Peak 26.61M) | Time:00:00.65 | Mem:0.00M, Peak:0.00M | Scene, ViewLayer | Updating Images | Loading CHR001_GreyStudy_BaseColor
Fra:1 Mem:30.10M (Peak 34.09M) | Time:00:00.66 | Mem:4.00M, Peak:4.00M | Scene, ViewLayer | Updating Images | Loading CHR001_GreyStudy_Surface
Fra:1 Mem:30.68M (Peak 38.11M) | Time:00:00.67 | Mem:12.00M, Peak:12.00M | Scene, ViewLayer | Waiting for render to start
Fra:1 Mem:30.68M (Peak 38.11M) | Time:00:00.67 | Mem:12.00M, Peak:12.00M | Scene, ViewLayer | Updating Scene
Fra:1 Mem:30.68M (Peak 38.11M) | Time:00:00.67 | Mem:12.00M, Peak:12.00M | Scene, ViewLayer | Updating Shaders
Fra:1 Mem:30.68M (Peak 38.11M) | Time:00:00.67 | Mem:12.00M, Peak:12.00M | Scene, ViewLayer | Loading render kernels (may take a few minutes the first time)
Fra:1 Mem:30.76M (Peak 38.11M) | Time:00:00.67 | Mem:12.00M, Peak:12.00M | Scene, ViewLayer | Updating Procedurals
Fra:1 Mem:30.76M (Peak 38.11M) | Time:00:00.67 | Mem:12.00M, Peak:12.00M | Scene, ViewLayer | Updating Background
Fra:1 Mem:30.76M (Peak 38.11M) | Time:00:00.67 | Mem:12.00M, Peak:12.00M | Scene, ViewLayer | Updating Camera
Fra:1 Mem:30.76M (Peak 38.11M) | Time:00:00.67 | Mem:12.00M, Peak:12.00M | Scene, ViewLayer | Updating Meshes Flags
Fra:1 Mem:30.76M (Peak 38.11M) | Time:00:00.67 | Mem:12.00M, Peak:12.00M | Scene, ViewLayer | Updating Objects
Fra:1 Mem:30.76M (Peak 38.11M) | Time:00:00.67 | Mem:12.00M, Peak:12.00M | Scene, ViewLayer | Updating Objects | Copying Transformations to device
Fra:1 Mem:30.78M (Peak 38.11M) | Time:00:00.67 | Mem:12.02M, Peak:12.02M | Scene, ViewLayer | Updating Particle Systems
Fra:1 Mem:30.78M (Peak 38.11M) | Time:00:00.67 | Mem:12.02M, Peak:12.02M | Scene, ViewLayer | Updating Particle Systems | Copying Particles to device
Fra:1 Mem:30.78M (Peak 38.11M) | Time:00:00.67 | Mem:12.02M, Peak:12.02M | Scene, ViewLayer | Updating Meshes
Fra:1 Mem:32.97M (Peak 38.11M) | Time:00:00.68 | Mem:12.02M, Peak:12.02M | Scene, ViewLayer | Updating Objects | Applying Static Transformations
Fra:1 Mem:32.97M (Peak 38.11M) | Time:00:00.68 | Mem:12.02M, Peak:12.02M | Scene, ViewLayer | Updating Mesh | Computing attributes
Fra:1 Mem:35.85M (Peak 38.11M) | Time:00:00.68 | Mem:12.03M, Peak:12.03M | Scene, ViewLayer | Updating Mesh | Copying Attributes to device
Fra:1 Mem:35.83M (Peak 38.11M) | Time:00:00.68 | Mem:14.88M, Peak:14.88M | Scene, ViewLayer | Updating Scene BVH | Building
Fra:1 Mem:35.83M (Peak 38.11M) | Time:00:00.68 | Mem:14.88M, Peak:14.88M | Scene, ViewLayer | Updating Scene BVH | Building BVH
Fra:1 Mem:35.83M (Peak 38.11M) | Time:00:00.68 | Mem:16.05M, Peak:16.05M | Scene, ViewLayer | Updating Scene BVH | Building BVH 0%
Fra:1 Mem:35.83M (Peak 38.11M) | Time:00:00.69 | Mem:17.32M, Peak:18.49M | Scene, ViewLayer | Updating Scene BVH | Copying BVH to device
Fra:1 Mem:35.83M (Peak 38.11M) | Time:00:00.69 | Mem:17.32M, Peak:18.49M | Scene, ViewLayer | Updating Mesh | Computing normals
Fra:1 Mem:36.86M (Peak 38.11M) | Time:00:00.69 | Mem:17.32M, Peak:18.49M | Scene, ViewLayer | Updating Mesh | Copying Mesh to device
Fra:1 Mem:36.86M (Peak 38.11M) | Time:00:00.69 | Mem:18.35M, Peak:18.49M | Scene, ViewLayer | Updating Objects Flags
Fra:1 Mem:36.86M (Peak 38.11M) | Time:00:00.69 | Mem:18.35M, Peak:18.49M | Scene, ViewLayer | Updating Primitive Offsets
Fra:1 Mem:36.86M (Peak 38.11M) | Time:00:00.69 | Mem:18.35M, Peak:18.49M | Scene, ViewLayer | Updating Images
Fra:1 Mem:36.86M (Peak 38.11M) | Time:00:00.69 | Mem:18.35M, Peak:18.49M | Scene, ViewLayer | Updating Camera Volume
Fra:1 Mem:36.86M (Peak 38.11M) | Time:00:00.69 | Mem:18.35M, Peak:18.49M | Scene, ViewLayer | Updating Lookup Tables
Fra:1 Mem:36.86M (Peak 38.11M) | Time:00:00.69 | Mem:18.43M, Peak:18.49M | Scene, ViewLayer | Updating Lights
Fra:1 Mem:36.86M (Peak 38.11M) | Time:00:00.69 | Mem:18.43M, Peak:18.49M | Scene, ViewLayer | Updating Lights | Computing tree
Fra:1 Mem:36.86M (Peak 38.11M) | Time:00:00.69 | Mem:18.43M, Peak:18.49M | Scene, ViewLayer | Updating Integrator
Fra:1 Mem:36.86M (Peak 38.11M) | Time:00:00.69 | Mem:18.43M, Peak:18.49M | Scene, ViewLayer | Updating Film
Fra:1 Mem:36.87M (Peak 38.11M) | Time:00:00.69 | Mem:18.35M, Peak:18.49M | Scene, ViewLayer | Updating Lookup Tables
Fra:1 Mem:36.87M (Peak 38.11M) | Time:00:00.69 | Mem:18.44M, Peak:18.49M | Scene, ViewLayer | Updating Baking
Fra:1 Mem:36.87M (Peak 38.11M) | Time:00:00.69 | Mem:18.44M, Peak:18.49M | Scene, ViewLayer | Updating Device | Writing constant memory
Fra:1 Mem:36.87M (Peak 38.11M) | Time:00:00.69 | Mem:18.44M, Peak:18.49M | Scene, ViewLayer | Loading denoising kernels (may take a few minutes the first time)
Fra:1 Mem:36.87M (Peak 38.11M) | Time:00:00.69 | Mem:18.44M, Peak:18.49M | Scene, ViewLayer | Sample 0/24
Fra:1 Mem:86.99M (Peak 86.99M) | Time:00:01.08 | Remaining:00:08.94 | Mem:68.55M, Peak:68.55M | Scene, ViewLayer | Sample 1/24
Fra:1 Mem:108.09M (Peak 139.73M) | Time:00:16.66 | Mem:68.55M, Peak:68.55M | Scene, ViewLayer | Sample 24/24
Fra:1 Mem:108.09M (Peak 139.73M) | Time:00:16.66 | Mem:68.55M, Peak:68.55M | Scene, ViewLayer | Finished
Saved: '/home/lzzz/MyProjects/N-SIDE/output/characters/CHR-001/model-r7/first/upper-side.png'
Time: 00:16.73 (Saving: 00:00.06)

Fra:1 Mem:21.30M (Peak 21.30M) | Time:00:00.03 | Mem:0.00M, Peak:0.00M | Scene, ViewLayer | Synchronizing object | TShirt
Fra:1 Mem:21.46M (Peak 21.46M) | Time:00:00.03 | Mem:0.00M, Peak:0.00M | Scene, ViewLayer | Synchronizing object | TShirt_Collar
Fra:1 Mem:21.48M (Peak 21.48M) | Time:00:00.03 | Mem:0.00M, Peak:0.00M | Scene, ViewLayer | Synchronizing object | Hood
Fra:1 Mem:21.54M (Peak 21.54M) | Time:00:00.03 | Mem:0.00M, Peak:0.00M | Scene, ViewLayer | Synchronizing object | Sleeve_Cuff.L
Fra:1 Mem:21.54M (Peak 21.54M) | Time:00:00.03 | Mem:0.00M, Peak:0.00M | Scene, ViewLayer | Synchronizing object | Hood_Cord.L
Fra:1 Mem:21.58M (Peak 21.58M) | Time:00:00.04 | Mem:0.00M, Peak:0.00M | Scene, ViewLayer | Synchronizing object | Palm.L
Fra:1 Mem:21.63M (Peak 21.63M) | Time:00:00.04 | Mem:0.00M, Peak:0.00M | Scene, ViewLayer | Synchronizing object | Index_Mesh.L
Fra:1 Mem:21.64M (Peak 21.64M) | Time:00:00.04 | Mem:0.00M, Peak:0.00M | Scene, ViewLayer | Synchronizing object | Middle_Mesh.L
Fra:1 Mem:21.65M (Peak 21.65M) | Time:00:00.04 | Mem:0.00M, Peak:0.00M | Scene, ViewLayer | Synchronizing object | Ring_Mesh.L
Fra:1 Mem:21.66M (Peak 21.66M) | Time:00:00.04 | Mem:0.00M, Peak:0.00M | Scene, ViewLayer | Synchronizing object | Pinky_Mesh.L
Fra:1 Mem:21.65M (Peak 21.66M) | Time:00:00.04 | Mem:0.00M, Peak:0.00M | Scene, ViewLayer | Synchronizing object | Thumb_Mesh.L
Fra:1 Mem:21.84M (Peak 21.84M) | Time:00:00.08 | Mem:0.00M, Peak:0.00M | Scene, ViewLayer | Synchronizing object | Trousers.L
Fra:1 Mem:22.10M (Peak 22.10M) | Time:00:00.08 | Mem:0.00M, Peak:0.00M | Scene, ViewLayer | Synchronizing object | Sneaker_Sole.L
Fra:1 Mem:22.11M (Peak 22.11M) | Time:00:00.08 | Mem:0.00M, Peak:0.00M | Scene, ViewLayer | Synchronizing object | Sneaker_Upper.L
Fra:1 Mem:22.13M (Peak 22.13M) | Time:00:00.08 | Mem:0.00M, Peak:0.00M | Scene, ViewLayer | Synchronizing object | Sock.L
Fra:1 Mem:22.14M (Peak 22.14M) | Time:00:00.08 | Mem:0.00M, Peak:0.00M | Scene, ViewLayer | Synchronizing object | Lace_0.L
Fra:1 Mem:22.14M (Peak 22.14M) | Time:00:00.08 | Mem:0.00M, Peak:0.00M | Scene, ViewLayer | Synchronizing object | Lace_1.L
Fra:1 Mem:22.14M (Peak 22.14M) | Time:00:00.08 | Mem:0.00M, Peak:0.00M | Scene, ViewLayer | Synchronizing object | Lace_2.L
Fra:1 Mem:22.15M (Peak 22.15M) | Time:00:00.08 | Mem:0.00M, Peak:0.00M | Scene, ViewLayer | Synchronizing object | Lace_3.L
Fra:1 Mem:22.15M (Peak 22.15M) | Time:00:00.08 | Mem:0.00M, Peak:0.00M | Scene, ViewLayer | Synchronizing object | Heel_Tab.L
Fra:1 Mem:22.15M (Peak 22.15M) | Time:00:00.08 | Mem:0.00M, Peak:0.00M | Scene, ViewLayer | Synchronizing object | Sleeve_Cuff.R
Fra:1 Mem:22.16M (Peak 22.16M) | Time:00:00.08 | Mem:0.00M, Peak:0.00M | Scene, ViewLayer | Synchronizing object | Hood_Cord.R
Fra:1 Mem:22.20M (Peak 22.20M) | Time:00:00.09 | Mem:0.00M, Peak:0.00M | Scene, ViewLayer | Synchronizing object | Palm.R
Fra:1 Mem:22.25M (Peak 22.25M) | Time:00:00.09 | Mem:0.00M, Peak:0.00M | Scene, ViewLayer | Synchronizing object | Index_Mesh.R
Fra:1 Mem:22.25M (Peak 22.25M) | Time:00:00.09 | Mem:0.00M, Peak:0.00M | Scene, ViewLayer | Synchronizing object | Middle_Mesh.R
Fra:1 Mem:22.29M (Peak 22.29M) | Time:00:00.09 | Mem:0.00M, Peak:0.00M | Scene, ViewLayer | Synchronizing object | Ring_Mesh.R
Fra:1 Mem:22.27M (Peak 22.29M) | Time:00:00.09 | Mem:0.00M, Peak:0.00M | Scene, ViewLayer | Synchronizing object | Pinky_Mesh.R
Fra:1 Mem:22.27M (Peak 22.29M) | Time:00:00.09 | Mem:0.00M, Peak:0.00M | Scene, ViewLayer | Synchronizing object | Thumb_Mesh.R
Fra:1 Mem:22.45M (Peak 22.45M) | Time:00:00.12 | Mem:0.00M, Peak:0.00M | Scene, ViewLayer | Synchronizing object | Trousers.R
Fra:1 Mem:22.73M (Peak 22.73M) | Time:00:00.13 | Mem:0.00M, Peak:0.00M | Scene, ViewLayer | Synchronizing object | Sneaker_Sole.R
Fra:1 Mem:22.83M (Peak 22.83M) | Time:00:00.13 | Mem:0.00M, Peak:0.00M | Scene, ViewLayer | Synchronizing object | Sneaker_Upper.R
Fra:1 Mem:22.78M (Peak 22.83M) | Time:00:00.13 | Mem:0.00M, Peak:0.00M | Scene, ViewLayer | Synchronizing object | Sock.R
Fra:1 Mem:22.78M (Peak 22.83M) | Time:00:00.13 | Mem:0.00M, Peak:0.00M | Scene, ViewLayer | Synchronizing object | Lace_0.R
Fra:1 Mem:22.79M (Peak 22.83M) | Time:00:00.13 | Mem:0.00M, Peak:0.00M | Scene, ViewLayer | Synchronizing object | Lace_1.R
Fra:1 Mem:22.76M (Peak 22.83M) | Time:00:00.13 | Mem:0.00M, Peak:0.00M | Scene, ViewLayer | Synchronizing object | Lace_2.R
Fra:1 Mem:22.76M (Peak 22.83M) | Time:00:00.13 | Mem:0.00M, Peak:0.00M | Scene, ViewLayer | Synchronizing object | Lace_3.R
Fra:1 Mem:22.76M (Peak 22.83M) | Time:00:00.13 | Mem:0.00M, Peak:0.00M | Scene, ViewLayer | Synchronizing object | Heel_Tab.R
Fra:1 Mem:23.34M (Peak 23.34M) | Time:00:00.17 | Mem:0.00M, Peak:0.00M | Scene, ViewLayer | Synchronizing object | Jacket_ContinuousShoulders
Fra:1 Mem:24.57M (Peak 24.57M) | Time:00:00.58 | Mem:0.00M, Peak:0.00M | Scene, ViewLayer | Synchronizing object | Face_Head
Fra:1 Mem:25.23M (Peak 25.23M) | Time:00:00.59 | Mem:0.00M, Peak:0.00M | Scene, ViewLayer | Synchronizing object | Ear.L
Fra:1 Mem:25.29M (Peak 25.29M) | Time:00:00.59 | Mem:0.00M, Peak:0.00M | Scene, ViewLayer | Synchronizing object | Ear_Fold.L
Fra:1 Mem:25.34M (Peak 25.34M) | Time:00:00.60 | Mem:0.00M, Peak:0.00M | Scene, ViewLayer | Synchronizing object | Ear.R
Fra:1 Mem:25.40M (Peak 25.40M) | Time:00:00.60 | Mem:0.00M, Peak:0.00M | Scene, ViewLayer | Synchronizing object | Ear_Fold.R
Fra:1 Mem:25.40M (Peak 25.40M) | Time:00:00.60 | Mem:0.00M, Peak:0.00M | Scene, ViewLayer | Synchronizing object | Eye_White.L
Fra:1 Mem:25.41M (Peak 25.41M) | Time:00:00.60 | Mem:0.00M, Peak:0.00M | Scene, ViewLayer | Synchronizing object | Iris_hair.L
Fra:1 Mem:25.42M (Peak 25.42M) | Time:00:00.60 | Mem:0.00M, Peak:0.00M | Scene, ViewLayer | Synchronizing object | Iris_ink.L
Fra:1 Mem:25.43M (Peak 25.43M) | Time:00:00.60 | Mem:0.00M, Peak:0.00M | Scene, ViewLayer | Synchronizing object | Eye_Glint.L
Fra:1 Mem:25.43M (Peak 25.43M) | Time:00:00.60 | Mem:0.00M, Peak:0.00M | Scene, ViewLayer | Synchronizing object | Upper_Lid.L
Fra:1 Mem:25.45M (Peak 25.45M) | Time:00:00.60 | Mem:0.00M, Peak:0.00M | Scene, ViewLayer | Synchronizing object | Lower_Lid.L
Fra:1 Mem:25.45M (Peak 25.45M) | Time:00:00.60 | Mem:0.00M, Peak:0.00M | Scene, ViewLayer | Synchronizing object | Eyebrow.L
Fra:1 Mem:25.46M (Peak 25.46M) | Time:00:00.60 | Mem:0.00M, Peak:0.00M | Scene, ViewLayer | Synchronizing object | Eye_White.R
Fra:1 Mem:25.46M (Peak 25.46M) | Time:00:00.60 | Mem:0.00M, Peak:0.00M | Scene, ViewLayer | Synchronizing object | Iris_hair.R
Fra:1 Mem:25.47M (Peak 25.47M) | Time:00:00.60 | Mem:0.00M, Peak:0.00M | Scene, ViewLayer | Synchronizing object | Iris_ink.R
Fra:1 Mem:25.48M (Peak 25.48M) | Time:00:00.60 | Mem:0.00M, Peak:0.00M | Scene, ViewLayer | Synchronizing object | Eye_Glint.R
Fra:1 Mem:25.48M (Peak 25.48M) | Time:00:00.60 | Mem:0.00M, Peak:0.00M | Scene, ViewLayer | Synchronizing object | Upper_Lid.R
Fra:1 Mem:25.50M (Peak 25.50M) | Time:00:00.60 | Mem:0.00M, Peak:0.00M | Scene, ViewLayer | Synchronizing object | Lower_Lid.R
Fra:1 Mem:25.50M (Peak 25.50M) | Time:00:00.60 | Mem:0.00M, Peak:0.00M | Scene, ViewLayer | Synchronizing object | Eyebrow.R
Fra:1 Mem:25.51M (Peak 25.51M) | Time:00:00.60 | Mem:0.00M, Peak:0.00M | Scene, ViewLayer | Synchronizing object | Mouth
Fra:1 Mem:25.52M (Peak 25.52M) | Time:00:00.60 | Mem:0.00M, Peak:0.00M | Scene, ViewLayer | Synchronizing object | Hair_Cap
Fra:1 Mem:26.26M (Peak 26.26M) | Time:00:00.64 | Mem:0.00M, Peak:0.00M | Scene, ViewLayer | Synchronizing object | Hair_CrownBase
Fra:1 Mem:26.35M (Peak 26.35M) | Time:00:00.64 | Mem:0.00M, Peak:0.00M | Scene, ViewLayer | Synchronizing object | Review_Rim
Fra:1 Mem:26.37M (Peak 26.37M) | Time:00:00.64 | Mem:0.00M, Peak:0.00M | Scene, ViewLayer | Synchronizing object | Review_Fill
Fra:1 Mem:26.35M (Peak 26.37M) | Time:00:00.64 | Mem:0.00M, Peak:0.00M | Scene, ViewLayer | Synchronizing object | Bangs_00
Fra:1 Mem:26.35M (Peak 26.37M) | Time:00:00.64 | Mem:0.00M, Peak:0.00M | Scene, ViewLayer | Synchronizing object | Review_Key
Fra:1 Mem:26.36M (Peak 26.37M) | Time:00:00.64 | Mem:0.00M, Peak:0.00M | Scene, ViewLayer | Synchronizing object | Review_Ground
Fra:1 Mem:26.37M (Peak 26.37M) | Time:00:00.64 | Mem:0.00M, Peak:0.00M | Scene, ViewLayer | Synchronizing object | Tee_Bar
Fra:1 Mem:26.37M (Peak 26.37M) | Time:00:00.64 | Mem:0.00M, Peak:0.00M | Scene, ViewLayer | Synchronizing object | Bangs_01
Fra:1 Mem:26.38M (Peak 26.38M) | Time:00:00.64 | Mem:0.00M, Peak:0.00M | Scene, ViewLayer | Synchronizing object | Tee_Dot_1.246
Fra:1 Mem:26.40M (Peak 26.40M) | Time:00:00.64 | Mem:0.00M, Peak:0.00M | Scene, ViewLayer | Synchronizing object | Bangs_02
Fra:1 Mem:26.40M (Peak 26.40M) | Time:00:00.64 | Mem:0.00M, Peak:0.00M | Scene, ViewLayer | Synchronizing object | Tee_Dot_1.275
Fra:1 Mem:26.42M (Peak 26.42M) | Time:00:00.64 | Mem:0.00M, Peak:0.00M | Scene, ViewLayer | Synchronizing object | Crown_0.R
Fra:1 Mem:26.43M (Peak 26.43M) | Time:00:00.64 | Mem:0.00M, Peak:0.00M | Scene, ViewLayer | Synchronizing object | Bangs_03
Fra:1 Mem:26.45M (Peak 26.45M) | Time:00:00.64 | Mem:0.00M, Peak:0.00M | Scene, ViewLayer | Synchronizing object | Crown_0.L
Fra:1 Mem:26.47M (Peak 26.47M) | Time:00:00.64 | Mem:0.00M, Peak:0.00M | Scene, ViewLayer | Synchronizing object | Bangs_04
Fra:1 Mem:26.47M (Peak 26.47M) | Time:00:00.64 | Mem:0.00M, Peak:0.00M | Scene, ViewLayer | Synchronizing object | Temple_2.R
Fra:1 Mem:26.51M (Peak 26.51M) | Time:00:00.64 | Mem:0.00M, Peak:0.00M | Scene, ViewLayer | Synchronizing object | Bangs_05
Fra:1 Mem:26.51M (Peak 26.51M) | Time:00:00.64 | Mem:0.00M, Peak:0.00M | Scene, ViewLayer | Synchronizing object | Temple_1.R
Fra:1 Mem:26.53M (Peak 26.53M) | Time:00:00.64 | Mem:0.00M, Peak:0.00M | Scene, ViewLayer | Synchronizing object | Temple_0.L
Fra:1 Mem:26.55M (Peak 26.55M) | Time:00:00.64 | Mem:0.00M, Peak:0.00M | Scene, ViewLayer | Synchronizing object | Temple_0.R
Fra:1 Mem:26.57M (Peak 26.57M) | Time:00:00.64 | Mem:0.00M, Peak:0.00M | Scene, ViewLayer | Synchronizing object | Temple_1.L
Fra:1 Mem:26.58M (Peak 26.58M) | Time:00:00.64 | Mem:0.00M, Peak:0.00M | Scene, ViewLayer | Synchronizing object | Temple_2.L
Fra:1 Mem:26.61M (Peak 26.61M) | Time:00:00.64 | Mem:0.00M, Peak:0.00M | Scene, ViewLayer | Initializing
Fra:1 Mem:22.08M (Peak 26.61M) | Time:00:00.64 | Mem:0.00M, Peak:0.00M | Scene, ViewLayer | Updating Images | Loading CHR001_GreyStudy_Normal
Fra:1 Mem:22.08M (Peak 26.61M) | Time:00:00.64 | Mem:0.00M, Peak:0.00M | Scene, ViewLayer | Updating Images | Loading CHR001_GreyStudy_BaseColor
Fra:1 Mem:30.10M (Peak 34.09M) | Time:00:00.65 | Mem:4.00M, Peak:4.00M | Scene, ViewLayer | Updating Images | Loading CHR001_GreyStudy_Surface
Fra:1 Mem:30.68M (Peak 38.11M) | Time:00:00.66 | Mem:12.00M, Peak:12.00M | Scene, ViewLayer | Waiting for render to start
Fra:1 Mem:30.68M (Peak 38.11M) | Time:00:00.66 | Mem:12.00M, Peak:12.00M | Scene, ViewLayer | Updating Scene
Fra:1 Mem:30.68M (Peak 38.11M) | Time:00:00.66 | Mem:12.00M, Peak:12.00M | Scene, ViewLayer | Updating Shaders
Fra:1 Mem:30.68M (Peak 38.11M) | Time:00:00.66 | Mem:12.00M, Peak:12.00M | Scene, ViewLayer | Loading render kernels (may take a few minutes the first time)
Fra:1 Mem:30.76M (Peak 38.11M) | Time:00:00.67 | Mem:12.00M, Peak:12.00M | Scene, ViewLayer | Updating Procedurals
Fra:1 Mem:30.76M (Peak 38.11M) | Time:00:00.67 | Mem:12.00M, Peak:12.00M | Scene, ViewLayer | Updating Background
Fra:1 Mem:30.76M (Peak 38.11M) | Time:00:00.67 | Mem:12.00M, Peak:12.00M | Scene, ViewLayer | Updating Camera
Fra:1 Mem:30.76M (Peak 38.11M) | Time:00:00.67 | Mem:12.00M, Peak:12.00M | Scene, ViewLayer | Updating Meshes Flags
Fra:1 Mem:30.76M (Peak 38.11M) | Time:00:00.67 | Mem:12.00M, Peak:12.00M | Scene, ViewLayer | Updating Objects
Fra:1 Mem:30.76M (Peak 38.11M) | Time:00:00.67 | Mem:12.00M, Peak:12.00M | Scene, ViewLayer | Updating Objects | Copying Transformations to device
Fra:1 Mem:30.78M (Peak 38.11M) | Time:00:00.67 | Mem:12.02M, Peak:12.02M | Scene, ViewLayer | Updating Particle Systems
Fra:1 Mem:30.78M (Peak 38.11M) | Time:00:00.67 | Mem:12.02M, Peak:12.02M | Scene, ViewLayer | Updating Particle Systems | Copying Particles to device
Fra:1 Mem:30.78M (Peak 38.11M) | Time:00:00.67 | Mem:12.02M, Peak:12.02M | Scene, ViewLayer | Updating Meshes
Fra:1 Mem:32.97M (Peak 38.11M) | Time:00:00.68 | Mem:12.02M, Peak:12.02M | Scene, ViewLayer | Updating Objects | Applying Static Transformations
Fra:1 Mem:32.97M (Peak 38.11M) | Time:00:00.68 | Mem:12.02M, Peak:12.02M | Scene, ViewLayer | Updating Mesh | Computing attributes
Fra:1 Mem:35.85M (Peak 38.11M) | Time:00:00.68 | Mem:12.03M, Peak:12.03M | Scene, ViewLayer | Updating Mesh | Copying Attributes to device
Fra:1 Mem:35.83M (Peak 38.11M) | Time:00:00.68 | Mem:14.88M, Peak:14.88M | Scene, ViewLayer | Updating Scene BVH | Building
Fra:1 Mem:35.83M (Peak 38.11M) | Time:00:00.68 | Mem:14.88M, Peak:14.88M | Scene, ViewLayer | Updating Scene BVH | Building BVH
Fra:1 Mem:35.83M (Peak 38.11M) | Time:00:00.68 | Mem:16.05M, Peak:16.05M | Scene, ViewLayer | Updating Scene BVH | Building BVH 0%
Fra:1 Mem:35.83M (Peak 38.11M) | Time:00:00.69 | Mem:17.32M, Peak:18.49M | Scene, ViewLayer | Updating Scene BVH | Copying BVH to device
Fra:1 Mem:35.83M (Peak 38.11M) | Time:00:00.69 | Mem:17.32M, Peak:18.49M | Scene, ViewLayer | Updating Mesh | Computing normals
Fra:1 Mem:36.86M (Peak 38.11M) | Time:00:00.69 | Mem:17.32M, Peak:18.49M | Scene, ViewLayer | Updating Mesh | Copying Mesh to device
Fra:1 Mem:36.86M (Peak 38.11M) | Time:00:00.69 | Mem:18.35M, Peak:18.49M | Scene, ViewLayer | Updating Objects Flags
Fra:1 Mem:36.86M (Peak 38.11M) | Time:00:00.69 | Mem:18.35M, Peak:18.49M | Scene, ViewLayer | Updating Primitive Offsets
Fra:1 Mem:36.86M (Peak 38.11M) | Time:00:00.69 | Mem:18.35M, Peak:18.49M | Scene, ViewLayer | Updating Images
Fra:1 Mem:36.86M (Peak 38.11M) | Time:00:00.69 | Mem:18.35M, Peak:18.49M | Scene, ViewLayer | Updating Camera Volume
Fra:1 Mem:36.86M (Peak 38.11M) | Time:00:00.69 | Mem:18.35M, Peak:18.49M | Scene, ViewLayer | Updating Lookup Tables
Fra:1 Mem:36.86M (Peak 38.11M) | Time:00:00.69 | Mem:18.43M, Peak:18.49M | Scene, ViewLayer | Updating Lights
Fra:1 Mem:36.86M (Peak 38.11M) | Time:00:00.69 | Mem:18.43M, Peak:18.49M | Scene, ViewLayer | Updating Lights | Computing tree
Fra:1 Mem:36.86M (Peak 38.11M) | Time:00:00.69 | Mem:18.43M, Peak:18.49M | Scene, ViewLayer | Updating Integrator
Fra:1 Mem:36.86M (Peak 38.11M) | Time:00:00.69 | Mem:18.43M, Peak:18.49M | Scene, ViewLayer | Updating Film
Fra:1 Mem:36.87M (Peak 38.11M) | Time:00:00.69 | Mem:18.35M, Peak:18.49M | Scene, ViewLayer | Updating Lookup Tables
Fra:1 Mem:36.87M (Peak 38.11M) | Time:00:00.69 | Mem:18.44M, Peak:18.49M | Scene, ViewLayer | Updating Baking
Fra:1 Mem:36.87M (Peak 38.11M) | Time:00:00.69 | Mem:18.44M, Peak:18.49M | Scene, ViewLayer | Updating Device | Writing constant memory
Fra:1 Mem:36.87M (Peak 38.11M) | Time:00:00.69 | Mem:18.44M, Peak:18.49M | Scene, ViewLayer | Loading denoising kernels (may take a few minutes the first time)
Fra:1 Mem:36.87M (Peak 38.11M) | Time:00:00.69 | Mem:18.44M, Peak:18.49M | Scene, ViewLayer | Sample 0/24
Fra:1 Mem:86.99M (Peak 86.99M) | Time:00:01.33 | Remaining:00:14.69 | Mem:68.55M, Peak:68.55M | Scene, ViewLayer | Sample 1/24
Fra:1 Mem:108.09M (Peak 139.73M) | Time:00:22.49 | Mem:68.55M, Peak:68.55M | Scene, ViewLayer | Sample 24/24
Fra:1 Mem:108.09M (Peak 139.73M) | Time:00:22.49 | Mem:68.55M, Peak:68.55M | Scene, ViewLayer | Finished
Saved: '/home/lzzz/MyProjects/N-SIDE/output/characters/CHR-001/model-r7/first/head-back.png'
Time: 00:22.56 (Saving: 00:00.06)

Fra:1 Mem:21.30M (Peak 21.30M) | Time:00:00.03 | Mem:0.00M, Peak:0.00M | Scene, ViewLayer | Synchronizing object | TShirt
Fra:1 Mem:21.46M (Peak 21.46M) | Time:00:00.03 | Mem:0.00M, Peak:0.00M | Scene, ViewLayer | Synchronizing object | TShirt_Collar
Fra:1 Mem:21.48M (Peak 21.48M) | Time:00:00.03 | Mem:0.00M, Peak:0.00M | Scene, ViewLayer | Synchronizing object | Hood
Fra:1 Mem:21.54M (Peak 21.54M) | Time:00:00.03 | Mem:0.00M, Peak:0.00M | Scene, ViewLayer | Synchronizing object | Sleeve_Cuff.L
Fra:1 Mem:21.54M (Peak 21.54M) | Time:00:00.03 | Mem:0.00M, Peak:0.00M | Scene, ViewLayer | Synchronizing object | Hood_Cord.L
Fra:1 Mem:21.58M (Peak 21.58M) | Time:00:00.04 | Mem:0.00M, Peak:0.00M | Scene, ViewLayer | Synchronizing object | Palm.L
Fra:1 Mem:21.63M (Peak 21.63M) | Time:00:00.04 | Mem:0.00M, Peak:0.00M | Scene, ViewLayer | Synchronizing object | Index_Mesh.L
Fra:1 Mem:21.64M (Peak 21.64M) | Time:00:00.04 | Mem:0.00M, Peak:0.00M | Scene, ViewLayer | Synchronizing object | Middle_Mesh.L
Fra:1 Mem:21.67M (Peak 21.67M) | Time:00:00.04 | Mem:0.00M, Peak:0.00M | Scene, ViewLayer | Synchronizing object | Ring_Mesh.L
Fra:1 Mem:21.66M (Peak 21.67M) | Time:00:00.04 | Mem:0.00M, Peak:0.00M | Scene, ViewLayer | Synchronizing object | Pinky_Mesh.L
Fra:1 Mem:21.65M (Peak 21.67M) | Time:00:00.04 | Mem:0.00M, Peak:0.00M | Scene, ViewLayer | Synchronizing object | Thumb_Mesh.L
Fra:1 Mem:21.84M (Peak 21.84M) | Time:00:00.08 | Mem:0.00M, Peak:0.00M | Scene, ViewLayer | Synchronizing object | Trousers.L
Fra:1 Mem:22.10M (Peak 22.10M) | Time:00:00.08 | Mem:0.00M, Peak:0.00M | Scene, ViewLayer | Synchronizing object | Sneaker_Sole.L
Fra:1 Mem:22.11M (Peak 22.11M) | Time:00:00.08 | Mem:0.00M, Peak:0.00M | Scene, ViewLayer | Synchronizing object | Sneaker_Upper.L
Fra:1 Mem:22.13M (Peak 22.13M) | Time:00:00.08 | Mem:0.00M, Peak:0.00M | Scene, ViewLayer | Synchronizing object | Sock.L
Fra:1 Mem:22.14M (Peak 22.14M) | Time:00:00.08 | Mem:0.00M, Peak:0.00M | Scene, ViewLayer | Synchronizing object | Lace_0.L
Fra:1 Mem:22.14M (Peak 22.14M) | Time:00:00.08 | Mem:0.00M, Peak:0.00M | Scene, ViewLayer | Synchronizing object | Lace_1.L
Fra:1 Mem:22.14M (Peak 22.14M) | Time:00:00.08 | Mem:0.00M, Peak:0.00M | Scene, ViewLayer | Synchronizing object | Lace_2.L
Fra:1 Mem:22.15M (Peak 22.15M) | Time:00:00.08 | Mem:0.00M, Peak:0.00M | Scene, ViewLayer | Synchronizing object | Lace_3.L
Fra:1 Mem:22.15M (Peak 22.15M) | Time:00:00.08 | Mem:0.00M, Peak:0.00M | Scene, ViewLayer | Synchronizing object | Heel_Tab.L
Fra:1 Mem:22.15M (Peak 22.15M) | Time:00:00.08 | Mem:0.00M, Peak:0.00M | Scene, ViewLayer | Synchronizing object | Sleeve_Cuff.R
Fra:1 Mem:22.16M (Peak 22.16M) | Time:00:00.08 | Mem:0.00M, Peak:0.00M | Scene, ViewLayer | Synchronizing object | Hood_Cord.R
Fra:1 Mem:22.20M (Peak 22.20M) | Time:00:00.09 | Mem:0.00M, Peak:0.00M | Scene, ViewLayer | Synchronizing object | Palm.R
Fra:1 Mem:22.25M (Peak 22.25M) | Time:00:00.09 | Mem:0.00M, Peak:0.00M | Scene, ViewLayer | Synchronizing object | Index_Mesh.R
Fra:1 Mem:22.28M (Peak 22.28M) | Time:00:00.09 | Mem:0.00M, Peak:0.00M | Scene, ViewLayer | Synchronizing object | Middle_Mesh.R
Fra:1 Mem:22.26M (Peak 22.28M) | Time:00:00.09 | Mem:0.00M, Peak:0.00M | Scene, ViewLayer | Synchronizing object | Ring_Mesh.R
Fra:1 Mem:22.26M (Peak 22.28M) | Time:00:00.09 | Mem:0.00M, Peak:0.00M | Scene, ViewLayer | Synchronizing object | Pinky_Mesh.R
Fra:1 Mem:22.27M (Peak 22.28M) | Time:00:00.09 | Mem:0.00M, Peak:0.00M | Scene, ViewLayer | Synchronizing object | Thumb_Mesh.R
Fra:1 Mem:22.45M (Peak 22.45M) | Time:00:00.13 | Mem:0.00M, Peak:0.00M | Scene, ViewLayer | Synchronizing object | Trousers.R
Fra:1 Mem:22.73M (Peak 22.73M) | Time:00:00.13 | Mem:0.00M, Peak:0.00M | Scene, ViewLayer | Synchronizing object | Sneaker_Sole.R
Fra:1 Mem:22.74M (Peak 22.74M) | Time:00:00.13 | Mem:0.00M, Peak:0.00M | Scene, ViewLayer | Synchronizing object | Sneaker_Upper.R
Fra:1 Mem:22.85M (Peak 22.85M) | Time:00:00.13 | Mem:0.00M, Peak:0.00M | Scene, ViewLayer | Synchronizing object | Sock.R
Fra:1 Mem:22.85M (Peak 22.85M) | Time:00:00.13 | Mem:0.00M, Peak:0.00M | Scene, ViewLayer | Synchronizing object | Lace_0.R
Fra:1 Mem:22.86M (Peak 22.86M) | Time:00:00.13 | Mem:0.00M, Peak:0.00M | Scene, ViewLayer | Synchronizing object | Lace_1.R
Fra:1 Mem:22.79M (Peak 22.86M) | Time:00:00.13 | Mem:0.00M, Peak:0.00M | Scene, ViewLayer | Synchronizing object | Lace_2.R
Fra:1 Mem:22.79M (Peak 22.86M) | Time:00:00.13 | Mem:0.00M, Peak:0.00M | Scene, ViewLayer | Synchronizing object | Lace_3.R
Fra:1 Mem:22.79M (Peak 22.86M) | Time:00:00.13 | Mem:0.00M, Peak:0.00M | Scene, ViewLayer | Synchronizing object | Heel_Tab.R
Fra:1 Mem:23.34M (Peak 23.34M) | Time:00:00.17 | Mem:0.00M, Peak:0.00M | Scene, ViewLayer | Synchronizing object | Jacket_ContinuousShoulders
Fra:1 Mem:24.57M (Peak 24.57M) | Time:00:00.59 | Mem:0.00M, Peak:0.00M | Scene, ViewLayer | Synchronizing object | Face_Head
Fra:1 Mem:25.23M (Peak 25.23M) | Time:00:00.60 | Mem:0.00M, Peak:0.00M | Scene, ViewLayer | Synchronizing object | Ear.L
Fra:1 Mem:25.29M (Peak 25.29M) | Time:00:00.60 | Mem:0.00M, Peak:0.00M | Scene, ViewLayer | Synchronizing object | Ear_Fold.L
Fra:1 Mem:25.34M (Peak 25.34M) | Time:00:00.61 | Mem:0.00M, Peak:0.00M | Scene, ViewLayer | Synchronizing object | Ear.R
Fra:1 Mem:25.40M (Peak 25.40M) | Time:00:00.61 | Mem:0.00M, Peak:0.00M | Scene, ViewLayer | Synchronizing object | Ear_Fold.R
Fra:1 Mem:25.41M (Peak 25.41M) | Time:00:00.61 | Mem:0.00M, Peak:0.00M | Scene, ViewLayer | Synchronizing object | Eye_White.L
Fra:1 Mem:25.42M (Peak 25.42M) | Time:00:00.61 | Mem:0.00M, Peak:0.00M | Scene, ViewLayer | Synchronizing object | Iris_hair.L
Fra:1 Mem:25.42M (Peak 25.42M) | Time:00:00.61 | Mem:0.00M, Peak:0.00M | Scene, ViewLayer | Synchronizing object | Iris_ink.L
Fra:1 Mem:25.43M (Peak 25.43M) | Time:00:00.61 | Mem:0.00M, Peak:0.00M | Scene, ViewLayer | Synchronizing object | Eye_Glint.L
Fra:1 Mem:25.43M (Peak 25.43M) | Time:00:00.61 | Mem:0.00M, Peak:0.00M | Scene, ViewLayer | Synchronizing object | Upper_Lid.L
Fra:1 Mem:25.45M (Peak 25.45M) | Time:00:00.61 | Mem:0.00M, Peak:0.00M | Scene, ViewLayer | Synchronizing object | Lower_Lid.L
Fra:1 Mem:25.45M (Peak 25.45M) | Time:00:00.61 | Mem:0.00M, Peak:0.00M | Scene, ViewLayer | Synchronizing object | Eyebrow.L
Fra:1 Mem:25.46M (Peak 25.46M) | Time:00:00.61 | Mem:0.00M, Peak:0.00M | Scene, ViewLayer | Synchronizing object | Eye_White.R
Fra:1 Mem:25.46M (Peak 25.46M) | Time:00:00.61 | Mem:0.00M, Peak:0.00M | Scene, ViewLayer | Synchronizing object | Iris_hair.R
Fra:1 Mem:25.47M (Peak 25.47M) | Time:00:00.61 | Mem:0.00M, Peak:0.00M | Scene, ViewLayer | Synchronizing object | Iris_ink.R
Fra:1 Mem:25.48M (Peak 25.48M) | Time:00:00.61 | Mem:0.00M, Peak:0.00M | Scene, ViewLayer | Synchronizing object | Eye_Glint.R
Fra:1 Mem:25.48M (Peak 25.48M) | Time:00:00.61 | Mem:0.00M, Peak:0.00M | Scene, ViewLayer | Synchronizing object | Upper_Lid.R
Fra:1 Mem:25.50M (Peak 25.50M) | Time:00:00.61 | Mem:0.00M, Peak:0.00M | Scene, ViewLayer | Synchronizing object | Lower_Lid.R
Fra:1 Mem:25.50M (Peak 25.50M) | Time:00:00.61 | Mem:0.00M, Peak:0.00M | Scene, ViewLayer | Synchronizing object | Eyebrow.R
Fra:1 Mem:25.51M (Peak 25.51M) | Time:00:00.61 | Mem:0.00M, Peak:0.00M | Scene, ViewLayer | Synchronizing object | Mouth
Fra:1 Mem:25.52M (Peak 25.52M) | Time:00:00.61 | Mem:0.00M, Peak:0.00M | Scene, ViewLayer | Synchronizing object | Hair_Cap
Fra:1 Mem:26.26M (Peak 26.26M) | Time:00:00.65 | Mem:0.00M, Peak:0.00M | Scene, ViewLayer | Synchronizing object | Hair_CrownBase
Fra:1 Mem:26.37M (Peak 26.37M) | Time:00:00.65 | Mem:0.00M, Peak:0.00M | Scene, ViewLayer | Synchronizing object | Review_Rim
Fra:1 Mem:26.35M (Peak 26.37M) | Time:00:00.65 | Mem:0.00M, Peak:0.00M | Scene, ViewLayer | Synchronizing object | Bangs_00
Fra:1 Mem:26.35M (Peak 26.37M) | Time:00:00.65 | Mem:0.00M, Peak:0.00M | Scene, ViewLayer | Synchronizing object | Review_Fill
Fra:1 Mem:26.36M (Peak 26.37M) | Time:00:00.65 | Mem:0.00M, Peak:0.00M | Scene, ViewLayer | Synchronizing object | Review_Key
Fra:1 Mem:26.36M (Peak 26.37M) | Time:00:00.65 | Mem:0.00M, Peak:0.00M | Scene, ViewLayer | Synchronizing object | Review_Ground
Fra:1 Mem:26.37M (Peak 26.37M) | Time:00:00.65 | Mem:0.00M, Peak:0.00M | Scene, ViewLayer | Synchronizing object | Bangs_01
Fra:1 Mem:26.38M (Peak 26.38M) | Time:00:00.65 | Mem:0.00M, Peak:0.00M | Scene, ViewLayer | Synchronizing object | Tee_Dot_1.246
Fra:1 Mem:26.40M (Peak 26.40M) | Time:00:00.65 | Mem:0.00M, Peak:0.00M | Scene, ViewLayer | Synchronizing object | Bangs_02
Fra:1 Mem:26.41M (Peak 26.41M) | Time:00:00.65 | Mem:0.00M, Peak:0.00M | Scene, ViewLayer | Synchronizing object | Tee_Dot_1.275
Fra:1 Mem:26.42M (Peak 26.42M) | Time:00:00.65 | Mem:0.00M, Peak:0.00M | Scene, ViewLayer | Synchronizing object | Crown_0.R
Fra:1 Mem:26.42M (Peak 26.42M) | Time:00:00.65 | Mem:0.00M, Peak:0.00M | Scene, ViewLayer | Synchronizing object | Bangs_03
Fra:1 Mem:26.45M (Peak 26.45M) | Time:00:00.65 | Mem:0.00M, Peak:0.00M | Scene, ViewLayer | Synchronizing object | Crown_0.L
Fra:1 Mem:26.46M (Peak 26.46M) | Time:00:00.65 | Mem:0.00M, Peak:0.00M | Scene, ViewLayer | Synchronizing object | Bangs_04
Fra:1 Mem:26.48M (Peak 26.48M) | Time:00:00.65 | Mem:0.00M, Peak:0.00M | Scene, ViewLayer | Synchronizing object | Temple_2.R
Fra:1 Mem:26.49M (Peak 26.49M) | Time:00:00.65 | Mem:0.00M, Peak:0.00M | Scene, ViewLayer | Synchronizing object | Bangs_05
Fra:1 Mem:26.52M (Peak 26.52M) | Time:00:00.65 | Mem:0.00M, Peak:0.00M | Scene, ViewLayer | Synchronizing object | Temple_1.R
Fra:1 Mem:26.53M (Peak 26.53M) | Time:00:00.65 | Mem:0.00M, Peak:0.00M | Scene, ViewLayer | Synchronizing object | Temple_0.L
Fra:1 Mem:26.55M (Peak 26.55M) | Time:00:00.65 | Mem:0.00M, Peak:0.00M | Scene, ViewLayer | Synchronizing object | Temple_0.R
Fra:1 Mem:26.57M (Peak 26.57M) | Time:00:00.65 | Mem:0.00M, Peak:0.00M | Scene, ViewLayer | Synchronizing object | Temple_1.L
Fra:1 Mem:26.58M (Peak 26.58M) | Time:00:00.65 | Mem:0.00M, Peak:0.00M | Scene, ViewLayer | Synchronizing object | Temple_2.L
Fra:1 Mem:26.61M (Peak 26.61M) | Time:00:00.65 | Mem:0.00M, Peak:0.00M | Scene, ViewLayer | Initializing
Fra:1 Mem:22.08M (Peak 26.61M) | Time:00:00.65 | Mem:0.00M, Peak:0.00M | Scene, ViewLayer | Updating Images | Loading CHR001_GreyStudy_BaseColor
Fra:1 Mem:30.10M (Peak 34.09M) | Time:00:00.66 | Mem:4.00M, Peak:4.00M | Scene, ViewLayer | Updating Images | Loading CHR001_GreyStudy_Surface
Fra:1 Mem:30.68M (Peak 38.11M) | Time:00:00.67 | Mem:12.00M, Peak:12.00M | Scene, ViewLayer | Waiting for render to start
Fra:1 Mem:30.68M (Peak 38.11M) | Time:00:00.67 | Mem:12.00M, Peak:12.00M | Scene, ViewLayer | Updating Scene
Fra:1 Mem:30.68M (Peak 38.11M) | Time:00:00.67 | Mem:12.00M, Peak:12.00M | Scene, ViewLayer | Updating Shaders
Fra:1 Mem:30.68M (Peak 38.11M) | Time:00:00.67 | Mem:12.00M, Peak:12.00M | Scene, ViewLayer | Loading render kernels (may take a few minutes the first time)
Fra:1 Mem:30.76M (Peak 38.11M) | Time:00:00.67 | Mem:12.00M, Peak:12.00M | Scene, ViewLayer | Updating Procedurals
Fra:1 Mem:30.76M (Peak 38.11M) | Time:00:00.67 | Mem:12.00M, Peak:12.00M | Scene, ViewLayer | Updating Background
Fra:1 Mem:30.76M (Peak 38.11M) | Time:00:00.67 | Mem:12.00M, Peak:12.00M | Scene, ViewLayer | Updating Camera
Fra:1 Mem:30.76M (Peak 38.11M) | Time:00:00.67 | Mem:12.00M, Peak:12.00M | Scene, ViewLayer | Updating Meshes Flags
Fra:1 Mem:30.76M (Peak 38.11M) | Time:00:00.67 | Mem:12.00M, Peak:12.00M | Scene, ViewLayer | Updating Objects
Fra:1 Mem:30.76M (Peak 38.11M) | Time:00:00.67 | Mem:12.00M, Peak:12.00M | Scene, ViewLayer | Updating Objects | Copying Transformations to device
Fra:1 Mem:30.78M (Peak 38.11M) | Time:00:00.67 | Mem:12.02M, Peak:12.02M | Scene, ViewLayer | Updating Particle Systems
Fra:1 Mem:30.78M (Peak 38.11M) | Time:00:00.67 | Mem:12.02M, Peak:12.02M | Scene, ViewLayer | Updating Particle Systems | Copying Particles to device
Fra:1 Mem:30.78M (Peak 38.11M) | Time:00:00.67 | Mem:12.02M, Peak:12.02M | Scene, ViewLayer | Updating Meshes
Fra:1 Mem:32.97M (Peak 38.11M) | Time:00:00.68 | Mem:12.02M, Peak:12.02M | Scene, ViewLayer | Updating Objects | Applying Static Transformations
Fra:1 Mem:32.97M (Peak 38.11M) | Time:00:00.68 | Mem:12.02M, Peak:12.02M | Scene, ViewLayer | Updating Mesh | Computing attributes
Fra:1 Mem:35.85M (Peak 38.11M) | Time:00:00.68 | Mem:12.03M, Peak:12.03M | Scene, ViewLayer | Updating Mesh | Copying Attributes to device
Fra:1 Mem:35.83M (Peak 38.11M) | Time:00:00.68 | Mem:14.88M, Peak:14.88M | Scene, ViewLayer | Updating Scene BVH | Building
Fra:1 Mem:35.83M (Peak 38.11M) | Time:00:00.68 | Mem:14.88M, Peak:14.88M | Scene, ViewLayer | Updating Scene BVH | Building BVH
Fra:1 Mem:35.83M (Peak 38.11M) | Time:00:00.68 | Mem:16.05M, Peak:16.05M | Scene, ViewLayer | Updating Scene BVH | Building BVH 0%
Fra:1 Mem:35.83M (Peak 38.11M) | Time:00:00.69 | Mem:17.32M, Peak:18.49M | Scene, ViewLayer | Updating Scene BVH | Copying BVH to device
Fra:1 Mem:35.83M (Peak 38.11M) | Time:00:00.69 | Mem:17.32M, Peak:18.49M | Scene, ViewLayer | Updating Mesh | Computing normals
Fra:1 Mem:36.86M (Peak 38.11M) | Time:00:00.69 | Mem:17.32M, Peak:18.49M | Scene, ViewLayer | Updating Mesh | Copying Mesh to device
Fra:1 Mem:36.86M (Peak 38.11M) | Time:00:00.69 | Mem:18.35M, Peak:18.49M | Scene, ViewLayer | Updating Objects Flags
Fra:1 Mem:36.86M (Peak 38.11M) | Time:00:00.69 | Mem:18.35M, Peak:18.49M | Scene, ViewLayer | Updating Primitive Offsets
Fra:1 Mem:36.86M (Peak 38.11M) | Time:00:00.69 | Mem:18.35M, Peak:18.49M | Scene, ViewLayer | Updating Images
Fra:1 Mem:36.86M (Peak 38.11M) | Time:00:00.69 | Mem:18.35M, Peak:18.49M | Scene, ViewLayer | Updating Camera Volume
Fra:1 Mem:36.86M (Peak 38.11M) | Time:00:00.69 | Mem:18.35M, Peak:18.49M | Scene, ViewLayer | Updating Lookup Tables
Fra:1 Mem:36.86M (Peak 38.11M) | Time:00:00.69 | Mem:18.43M, Peak:18.49M | Scene, ViewLayer | Updating Lights
Fra:1 Mem:36.86M (Peak 38.11M) | Time:00:00.69 | Mem:18.43M, Peak:18.49M | Scene, ViewLayer | Updating Lights | Computing tree
Fra:1 Mem:36.86M (Peak 38.11M) | Time:00:00.69 | Mem:18.43M, Peak:18.49M | Scene, ViewLayer | Updating Integrator
Fra:1 Mem:36.86M (Peak 38.11M) | Time:00:00.69 | Mem:18.43M, Peak:18.49M | Scene, ViewLayer | Updating Film
Fra:1 Mem:36.87M (Peak 38.11M) | Time:00:00.69 | Mem:18.35M, Peak:18.49M | Scene, ViewLayer | Updating Lookup Tables
Fra:1 Mem:36.87M (Peak 38.11M) | Time:00:00.69 | Mem:18.44M, Peak:18.49M | Scene, ViewLayer | Updating Baking
Fra:1 Mem:36.87M (Peak 38.11M) | Time:00:00.69 | Mem:18.44M, Peak:18.49M | Scene, ViewLayer | Updating Device | Writing constant memory
Fra:1 Mem:36.87M (Peak 38.11M) | Time:00:00.69 | Mem:18.44M, Peak:18.49M | Scene, ViewLayer | Loading denoising kernels (may take a few minutes the first time)
Fra:1 Mem:36.87M (Peak 38.11M) | Time:00:00.69 | Mem:18.44M, Peak:18.49M | Scene, ViewLayer | Sample 0/24
Fra:1 Mem:86.99M (Peak 86.99M) | Time:00:01.34 | Remaining:00:14.96 | Mem:68.55M, Peak:68.55M | Scene, ViewLayer | Sample 1/24
Fra:1 Mem:108.09M (Peak 139.73M) | Time:00:22.72 | Mem:68.55M, Peak:68.55M | Scene, ViewLayer | Sample 24/24
Fra:1 Mem:108.09M (Peak 139.73M) | Time:00:22.72 | Mem:68.55M, Peak:68.55M | Scene, ViewLayer | Finished
Saved: '/home/lzzz/MyProjects/N-SIDE/output/characters/CHR-001/model-r7/first/hair-quarter.png'
Time: 00:22.79 (Saving: 00:00.06)

Fra:1 Mem:21.30M (Peak 21.30M) | Time:00:00.03 | Mem:0.00M, Peak:0.00M | Scene, ViewLayer | Synchronizing object | TShirt
Fra:1 Mem:21.46M (Peak 21.46M) | Time:00:00.03 | Mem:0.00M, Peak:0.00M | Scene, ViewLayer | Synchronizing object | TShirt_Collar
Fra:1 Mem:21.49M (Peak 21.49M) | Time:00:00.03 | Mem:0.00M, Peak:0.00M | Scene, ViewLayer | Synchronizing object | Hood
Fra:1 Mem:21.54M (Peak 21.54M) | Time:00:00.03 | Mem:0.00M, Peak:0.00M | Scene, ViewLayer | Synchronizing object | Sleeve_Cuff.L
Fra:1 Mem:21.54M (Peak 21.54M) | Time:00:00.03 | Mem:0.00M, Peak:0.00M | Scene, ViewLayer | Synchronizing object | Hood_Cord.L
Fra:1 Mem:21.58M (Peak 21.58M) | Time:00:00.04 | Mem:0.00M, Peak:0.00M | Scene, ViewLayer | Synchronizing object | Palm.L
Fra:1 Mem:21.63M (Peak 21.63M) | Time:00:00.04 | Mem:0.00M, Peak:0.00M | Scene, ViewLayer | Synchronizing object | Index_Mesh.L
Fra:1 Mem:21.64M (Peak 21.64M) | Time:00:00.04 | Mem:0.00M, Peak:0.00M | Scene, ViewLayer | Synchronizing object | Middle_Mesh.L
Fra:1 Mem:21.65M (Peak 21.65M) | Time:00:00.04 | Mem:0.00M, Peak:0.00M | Scene, ViewLayer | Synchronizing object | Ring_Mesh.L
Fra:1 Mem:21.68M (Peak 21.68M) | Time:00:00.04 | Mem:0.00M, Peak:0.00M | Scene, ViewLayer | Synchronizing object | Pinky_Mesh.L
Fra:1 Mem:21.66M (Peak 21.68M) | Time:00:00.04 | Mem:0.00M, Peak:0.00M | Scene, ViewLayer | Synchronizing object | Thumb_Mesh.L
Fra:1 Mem:21.84M (Peak 21.84M) | Time:00:00.08 | Mem:0.00M, Peak:0.00M | Scene, ViewLayer | Synchronizing object | Trousers.L
Fra:1 Mem:22.10M (Peak 22.10M) | Time:00:00.08 | Mem:0.00M, Peak:0.00M | Scene, ViewLayer | Synchronizing object | Sneaker_Sole.L
Fra:1 Mem:22.11M (Peak 22.11M) | Time:00:00.08 | Mem:0.00M, Peak:0.00M | Scene, ViewLayer | Synchronizing object | Sneaker_Upper.L
Fra:1 Mem:22.13M (Peak 22.13M) | Time:00:00.08 | Mem:0.00M, Peak:0.00M | Scene, ViewLayer | Synchronizing object | Sock.L
Fra:1 Mem:22.14M (Peak 22.14M) | Time:00:00.08 | Mem:0.00M, Peak:0.00M | Scene, ViewLayer | Synchronizing object | Lace_0.L
Fra:1 Mem:22.14M (Peak 22.14M) | Time:00:00.08 | Mem:0.00M, Peak:0.00M | Scene, ViewLayer | Synchronizing object | Lace_1.L
Fra:1 Mem:22.14M (Peak 22.14M) | Time:00:00.08 | Mem:0.00M, Peak:0.00M | Scene, ViewLayer | Synchronizing object | Lace_2.L
Fra:1 Mem:22.15M (Peak 22.15M) | Time:00:00.08 | Mem:0.00M, Peak:0.00M | Scene, ViewLayer | Synchronizing object | Lace_3.L
Fra:1 Mem:22.15M (Peak 22.15M) | Time:00:00.08 | Mem:0.00M, Peak:0.00M | Scene, ViewLayer | Synchronizing object | Heel_Tab.L
Fra:1 Mem:22.15M (Peak 22.15M) | Time:00:00.08 | Mem:0.00M, Peak:0.00M | Scene, ViewLayer | Synchronizing object | Sleeve_Cuff.R
Fra:1 Mem:22.16M (Peak 22.16M) | Time:00:00.08 | Mem:0.00M, Peak:0.00M | Scene, ViewLayer | Synchronizing object | Hood_Cord.R
Fra:1 Mem:22.20M (Peak 22.20M) | Time:00:00.09 | Mem:0.00M, Peak:0.00M | Scene, ViewLayer | Synchronizing object | Palm.R
Fra:1 Mem:22.25M (Peak 22.25M) | Time:00:00.09 | Mem:0.00M, Peak:0.00M | Scene, ViewLayer | Synchronizing object | Index_Mesh.R
Fra:1 Mem:22.25M (Peak 22.25M) | Time:00:00.09 | Mem:0.00M, Peak:0.00M | Scene, ViewLayer | Synchronizing object | Middle_Mesh.R
Fra:1 Mem:22.29M (Peak 22.29M) | Time:00:00.09 | Mem:0.00M, Peak:0.00M | Scene, ViewLayer | Synchronizing object | Ring_Mesh.R
Fra:1 Mem:22.27M (Peak 22.29M) | Time:00:00.09 | Mem:0.00M, Peak:0.00M | Scene, ViewLayer | Synchronizing object | Pinky_Mesh.R
Fra:1 Mem:22.27M (Peak 22.29M) | Time:00:00.09 | Mem:0.00M, Peak:0.00M | Scene, ViewLayer | Synchronizing object | Thumb_Mesh.R
Fra:1 Mem:22.45M (Peak 22.45M) | Time:00:00.13 | Mem:0.00M, Peak:0.00M | Scene, ViewLayer | Synchronizing object | Trousers.R
Fra:1 Mem:22.73M (Peak 22.73M) | Time:00:00.13 | Mem:0.00M, Peak:0.00M | Scene, ViewLayer | Synchronizing object | Sneaker_Sole.R
Fra:1 Mem:22.74M (Peak 22.74M) | Time:00:00.13 | Mem:0.00M, Peak:0.00M | Scene, ViewLayer | Synchronizing object | Sneaker_Upper.R
Fra:1 Mem:22.85M (Peak 22.85M) | Time:00:00.13 | Mem:0.00M, Peak:0.00M | Scene, ViewLayer | Synchronizing object | Sock.R
Fra:1 Mem:22.85M (Peak 22.85M) | Time:00:00.13 | Mem:0.00M, Peak:0.00M | Scene, ViewLayer | Synchronizing object | Lace_0.R
Fra:1 Mem:22.79M (Peak 22.85M) | Time:00:00.13 | Mem:0.00M, Peak:0.00M | Scene, ViewLayer | Synchronizing object | Lace_1.R
Fra:1 Mem:22.79M (Peak 22.85M) | Time:00:00.13 | Mem:0.00M, Peak:0.00M | Scene, ViewLayer | Synchronizing object | Lace_2.R
Fra:1 Mem:22.79M (Peak 22.85M) | Time:00:00.13 | Mem:0.00M, Peak:0.00M | Scene, ViewLayer | Synchronizing object | Lace_3.R
Fra:1 Mem:22.76M (Peak 22.85M) | Time:00:00.13 | Mem:0.00M, Peak:0.00M | Scene, ViewLayer | Synchronizing object | Heel_Tab.R
Fra:1 Mem:23.34M (Peak 23.34M) | Time:00:00.17 | Mem:0.00M, Peak:0.00M | Scene, ViewLayer | Synchronizing object | Jacket_ContinuousShoulders
Fra:1 Mem:24.57M (Peak 24.57M) | Time:00:00.58 | Mem:0.00M, Peak:0.00M | Scene, ViewLayer | Synchronizing object | Face_Head
Fra:1 Mem:25.23M (Peak 25.23M) | Time:00:00.59 | Mem:0.00M, Peak:0.00M | Scene, ViewLayer | Synchronizing object | Ear.L
Fra:1 Mem:25.29M (Peak 25.29M) | Time:00:00.59 | Mem:0.00M, Peak:0.00M | Scene, ViewLayer | Synchronizing object | Ear_Fold.L
Fra:1 Mem:25.34M (Peak 25.34M) | Time:00:00.60 | Mem:0.00M, Peak:0.00M | Scene, ViewLayer | Synchronizing object | Ear.R
Fra:1 Mem:25.40M (Peak 25.40M) | Time:00:00.60 | Mem:0.00M, Peak:0.00M | Scene, ViewLayer | Synchronizing object | Ear_Fold.R
Fra:1 Mem:25.41M (Peak 25.41M) | Time:00:00.60 | Mem:0.00M, Peak:0.00M | Scene, ViewLayer | Synchronizing object | Eye_White.L
Fra:1 Mem:25.41M (Peak 25.41M) | Time:00:00.60 | Mem:0.00M, Peak:0.00M | Scene, ViewLayer | Synchronizing object | Iris_hair.L
Fra:1 Mem:25.42M (Peak 25.42M) | Time:00:00.60 | Mem:0.00M, Peak:0.00M | Scene, ViewLayer | Synchronizing object | Iris_ink.L
Fra:1 Mem:25.43M (Peak 25.43M) | Time:00:00.60 | Mem:0.00M, Peak:0.00M | Scene, ViewLayer | Synchronizing object | Eye_Glint.L
Fra:1 Mem:25.43M (Peak 25.43M) | Time:00:00.60 | Mem:0.00M, Peak:0.00M | Scene, ViewLayer | Synchronizing object | Upper_Lid.L
Fra:1 Mem:25.45M (Peak 25.45M) | Time:00:00.60 | Mem:0.00M, Peak:0.00M | Scene, ViewLayer | Synchronizing object | Lower_Lid.L
Fra:1 Mem:25.45M (Peak 25.45M) | Time:00:00.60 | Mem:0.00M, Peak:0.00M | Scene, ViewLayer | Synchronizing object | Eyebrow.L
Fra:1 Mem:25.46M (Peak 25.46M) | Time:00:00.60 | Mem:0.00M, Peak:0.00M | Scene, ViewLayer | Synchronizing object | Eye_White.R
Fra:1 Mem:25.46M (Peak 25.46M) | Time:00:00.60 | Mem:0.00M, Peak:0.00M | Scene, ViewLayer | Synchronizing object | Iris_hair.R
Fra:1 Mem:25.47M (Peak 25.47M) | Time:00:00.60 | Mem:0.00M, Peak:0.00M | Scene, ViewLayer | Synchronizing object | Iris_ink.R
Fra:1 Mem:25.48M (Peak 25.48M) | Time:00:00.60 | Mem:0.00M, Peak:0.00M | Scene, ViewLayer | Synchronizing object | Eye_Glint.R
Fra:1 Mem:25.48M (Peak 25.48M) | Time:00:00.60 | Mem:0.00M, Peak:0.00M | Scene, ViewLayer | Synchronizing object | Upper_Lid.R
Fra:1 Mem:25.50M (Peak 25.50M) | Time:00:00.60 | Mem:0.00M, Peak:0.00M | Scene, ViewLayer | Synchronizing object | Lower_Lid.R
Fra:1 Mem:25.50M (Peak 25.50M) | Time:00:00.60 | Mem:0.00M, Peak:0.00M | Scene, ViewLayer | Synchronizing object | Eyebrow.R
Fra:1 Mem:25.51M (Peak 25.51M) | Time:00:00.60 | Mem:0.00M, Peak:0.00M | Scene, ViewLayer | Synchronizing object | Mouth
Fra:1 Mem:25.52M (Peak 25.52M) | Time:00:00.60 | Mem:0.00M, Peak:0.00M | Scene, ViewLayer | Synchronizing object | Hair_Cap
Fra:1 Mem:26.26M (Peak 26.26M) | Time:00:00.64 | Mem:0.00M, Peak:0.00M | Scene, ViewLayer | Synchronizing object | Hair_CrownBase
Fra:1 Mem:26.35M (Peak 26.35M) | Time:00:00.64 | Mem:0.00M, Peak:0.00M | Scene, ViewLayer | Synchronizing object | Review_Rim
Fra:1 Mem:26.37M (Peak 26.37M) | Time:00:00.64 | Mem:0.00M, Peak:0.00M | Scene, ViewLayer | Synchronizing object | Review_Fill
Fra:1 Mem:26.37M (Peak 26.37M) | Time:00:00.64 | Mem:0.00M, Peak:0.00M | Scene, ViewLayer | Synchronizing object | Review_Key
Fra:1 Mem:26.35M (Peak 26.37M) | Time:00:00.64 | Mem:0.00M, Peak:0.00M | Scene, ViewLayer | Synchronizing object | Bangs_00
Fra:1 Mem:26.36M (Peak 26.37M) | Time:00:00.64 | Mem:0.00M, Peak:0.00M | Scene, ViewLayer | Synchronizing object | Review_Ground
Fra:1 Mem:26.37M (Peak 26.37M) | Time:00:00.64 | Mem:0.00M, Peak:0.00M | Scene, ViewLayer | Synchronizing object | Tee_Bar
Fra:1 Mem:26.37M (Peak 26.37M) | Time:00:00.64 | Mem:0.00M, Peak:0.00M | Scene, ViewLayer | Synchronizing object | Bangs_01
Fra:1 Mem:26.38M (Peak 26.38M) | Time:00:00.64 | Mem:0.00M, Peak:0.00M | Scene, ViewLayer | Synchronizing object | Tee_Dot_1.246
Fra:1 Mem:26.40M (Peak 26.40M) | Time:00:00.64 | Mem:0.00M, Peak:0.00M | Scene, ViewLayer | Synchronizing object | Bangs_02
Fra:1 Mem:26.40M (Peak 26.40M) | Time:00:00.64 | Mem:0.00M, Peak:0.00M | Scene, ViewLayer | Synchronizing object | Tee_Dot_1.275
Fra:1 Mem:26.42M (Peak 26.42M) | Time:00:00.64 | Mem:0.00M, Peak:0.00M | Scene, ViewLayer | Synchronizing object | Bangs_03
Fra:1 Mem:26.43M (Peak 26.43M) | Time:00:00.64 | Mem:0.00M, Peak:0.00M | Scene, ViewLayer | Synchronizing object | Crown_0.R
Fra:1 Mem:26.44M (Peak 26.44M) | Time:00:00.64 | Mem:0.00M, Peak:0.00M | Scene, ViewLayer | Synchronizing object | Bangs_04
Fra:1 Mem:26.47M (Peak 26.47M) | Time:00:00.64 | Mem:0.00M, Peak:0.00M | Scene, ViewLayer | Synchronizing object | Bangs_05
Fra:1 Mem:26.47M (Peak 26.47M) | Time:00:00.64 | Mem:0.00M, Peak:0.00M | Scene, ViewLayer | Synchronizing object | Crown_0.L
Fra:1 Mem:26.51M (Peak 26.51M) | Time:00:00.64 | Mem:0.00M, Peak:0.00M | Scene, ViewLayer | Synchronizing object | Temple_0.L
Fra:1 Mem:26.51M (Peak 26.51M) | Time:00:00.64 | Mem:0.00M, Peak:0.00M | Scene, ViewLayer | Synchronizing object | Temple_2.R
Fra:1 Mem:26.54M (Peak 26.54M) | Time:00:00.64 | Mem:0.00M, Peak:0.00M | Scene, ViewLayer | Synchronizing object | Temple_1.L
Fra:1 Mem:26.54M (Peak 26.54M) | Time:00:00.64 | Mem:0.00M, Peak:0.00M | Scene, ViewLayer | Synchronizing object | Temple_1.R
Fra:1 Mem:26.58M (Peak 26.58M) | Time:00:00.64 | Mem:0.00M, Peak:0.00M | Scene, ViewLayer | Synchronizing object | Temple_2.L
Fra:1 Mem:26.58M (Peak 26.58M) | Time:00:00.64 | Mem:0.00M, Peak:0.00M | Scene, ViewLayer | Synchronizing object | Temple_0.R
Fra:1 Mem:26.61M (Peak 26.61M) | Time:00:00.64 | Mem:0.00M, Peak:0.00M | Scene, ViewLayer | Initializing
Fra:1 Mem:22.08M (Peak 26.61M) | Time:00:00.64 | Mem:0.00M, Peak:0.00M | Scene, ViewLayer | Updating Images | Loading CHR001_GreyStudy_BaseColor
Fra:1 Mem:22.08M (Peak 26.61M) | Time:00:00.64 | Mem:0.00M, Peak:0.00M | Scene, ViewLayer | Updating Images | Loading CHR001_GreyStudy_Normal
Fra:1 Mem:34.10M (Peak 38.10M) | Time:00:00.65 | Mem:4.00M, Peak:4.00M | Scene, ViewLayer | Updating Images | Loading CHR001_GreyStudy_Surface
Fra:1 Mem:30.68M (Peak 38.11M) | Time:00:00.66 | Mem:12.00M, Peak:12.00M | Scene, ViewLayer | Waiting for render to start
Fra:1 Mem:30.68M (Peak 38.11M) | Time:00:00.66 | Mem:12.00M, Peak:12.00M | Scene, ViewLayer | Updating Scene
Fra:1 Mem:30.68M (Peak 38.11M) | Time:00:00.66 | Mem:12.00M, Peak:12.00M | Scene, ViewLayer | Updating Shaders
Fra:1 Mem:30.68M (Peak 38.11M) | Time:00:00.66 | Mem:12.00M, Peak:12.00M | Scene, ViewLayer | Loading render kernels (may take a few minutes the first time)
Fra:1 Mem:30.76M (Peak 38.11M) | Time:00:00.66 | Mem:12.00M, Peak:12.00M | Scene, ViewLayer | Updating Procedurals
Fra:1 Mem:30.76M (Peak 38.11M) | Time:00:00.66 | Mem:12.00M, Peak:12.00M | Scene, ViewLayer | Updating Background
Fra:1 Mem:30.76M (Peak 38.11M) | Time:00:00.66 | Mem:12.00M, Peak:12.00M | Scene, ViewLayer | Updating Camera
Fra:1 Mem:30.76M (Peak 38.11M) | Time:00:00.66 | Mem:12.00M, Peak:12.00M | Scene, ViewLayer | Updating Meshes Flags
Fra:1 Mem:30.76M (Peak 38.11M) | Time:00:00.66 | Mem:12.00M, Peak:12.00M | Scene, ViewLayer | Updating Objects
Fra:1 Mem:30.76M (Peak 38.11M) | Time:00:00.66 | Mem:12.00M, Peak:12.00M | Scene, ViewLayer | Updating Objects | Copying Transformations to device
Fra:1 Mem:30.78M (Peak 38.11M) | Time:00:00.66 | Mem:12.02M, Peak:12.02M | Scene, ViewLayer | Updating Particle Systems
Fra:1 Mem:30.78M (Peak 38.11M) | Time:00:00.66 | Mem:12.02M, Peak:12.02M | Scene, ViewLayer | Updating Particle Systems | Copying Particles to device
Fra:1 Mem:30.78M (Peak 38.11M) | Time:00:00.66 | Mem:12.02M, Peak:12.02M | Scene, ViewLayer | Updating Meshes
Fra:1 Mem:32.97M (Peak 38.11M) | Time:00:00.68 | Mem:12.02M, Peak:12.02M | Scene, ViewLayer | Updating Objects | Applying Static Transformations
Fra:1 Mem:32.97M (Peak 38.11M) | Time:00:00.68 | Mem:12.02M, Peak:12.02M | Scene, ViewLayer | Updating Mesh | Computing attributes
Fra:1 Mem:35.85M (Peak 38.11M) | Time:00:00.68 | Mem:12.03M, Peak:12.03M | Scene, ViewLayer | Updating Mesh | Copying Attributes to device
Fra:1 Mem:35.83M (Peak 38.11M) | Time:00:00.68 | Mem:14.88M, Peak:14.88M | Scene, ViewLayer | Updating Scene BVH | Building
Fra:1 Mem:35.83M (Peak 38.11M) | Time:00:00.68 | Mem:14.88M, Peak:14.88M | Scene, ViewLayer | Updating Scene BVH | Building BVH
Fra:1 Mem:35.83M (Peak 38.11M) | Time:00:00.68 | Mem:16.05M, Peak:16.05M | Scene, ViewLayer | Updating Scene BVH | Building BVH 0%
Fra:1 Mem:35.83M (Peak 38.11M) | Time:00:00.68 | Mem:17.32M, Peak:18.49M | Scene, ViewLayer | Updating Scene BVH | Copying BVH to device
Fra:1 Mem:35.83M (Peak 38.11M) | Time:00:00.68 | Mem:17.32M, Peak:18.49M | Scene, ViewLayer | Updating Mesh | Computing normals
Fra:1 Mem:36.86M (Peak 38.11M) | Time:00:00.68 | Mem:17.32M, Peak:18.49M | Scene, ViewLayer | Updating Mesh | Copying Mesh to device
Fra:1 Mem:36.86M (Peak 38.11M) | Time:00:00.68 | Mem:18.35M, Peak:18.49M | Scene, ViewLayer | Updating Objects Flags
Fra:1 Mem:36.86M (Peak 38.11M) | Time:00:00.68 | Mem:18.35M, Peak:18.49M | Scene, ViewLayer | Updating Primitive Offsets
Fra:1 Mem:36.86M (Peak 38.11M) | Time:00:00.68 | Mem:18.35M, Peak:18.49M | Scene, ViewLayer | Updating Images
Fra:1 Mem:36.86M (Peak 38.11M) | Time:00:00.68 | Mem:18.35M, Peak:18.49M | Scene, ViewLayer | Updating Camera Volume
Fra:1 Mem:36.86M (Peak 38.11M) | Time:00:00.68 | Mem:18.35M, Peak:18.49M | Scene, ViewLayer | Updating Lookup Tables
Fra:1 Mem:36.86M (Peak 38.11M) | Time:00:00.68 | Mem:18.43M, Peak:18.49M | Scene, ViewLayer | Updating Lights
Fra:1 Mem:36.86M (Peak 38.11M) | Time:00:00.68 | Mem:18.43M, Peak:18.49M | Scene, ViewLayer | Updating Lights | Computing tree
Fra:1 Mem:36.86M (Peak 38.11M) | Time:00:00.68 | Mem:18.43M, Peak:18.49M | Scene, ViewLayer | Updating Integrator
Fra:1 Mem:36.86M (Peak 38.11M) | Time:00:00.68 | Mem:18.43M, Peak:18.49M | Scene, ViewLayer | Updating Film
Fra:1 Mem:36.87M (Peak 38.11M) | Time:00:00.68 | Mem:18.35M, Peak:18.49M | Scene, ViewLayer | Updating Lookup Tables
Fra:1 Mem:36.87M (Peak 38.11M) | Time:00:00.68 | Mem:18.44M, Peak:18.49M | Scene, ViewLayer | Updating Baking
Fra:1 Mem:36.87M (Peak 38.11M) | Time:00:00.68 | Mem:18.44M, Peak:18.49M | Scene, ViewLayer | Updating Device | Writing constant memory
Fra:1 Mem:36.87M (Peak 38.11M) | Time:00:00.68 | Mem:18.44M, Peak:18.49M | Scene, ViewLayer | Loading denoising kernels (may take a few minutes the first time)
Fra:1 Mem:36.87M (Peak 38.11M) | Time:00:00.68 | Mem:18.44M, Peak:18.49M | Scene, ViewLayer | Sample 0/24
Fra:1 Mem:86.99M (Peak 86.99M) | Time:00:01.80 | Remaining:00:25.75 | Mem:68.55M, Peak:68.55M | Scene, ViewLayer | Sample 1/24
Fra:1 Mem:108.09M (Peak 139.73M) | Time:00:33.78 | Mem:68.55M, Peak:68.55M | Scene, ViewLayer | Sample 24/24
Fra:1 Mem:108.09M (Peak 139.73M) | Time:00:33.78 | Mem:68.55M, Peak:68.55M | Scene, ViewLayer | Finished
Saved: '/home/lzzz/MyProjects/N-SIDE/output/characters/CHR-001/model-r7/first/hair-top.png'
Time: 00:33.85 (Saving: 00:00.06)


Blender quit
