Blender 4.5.14 LTS (hash 62c1db4208e8 built 2026-09-15 01:31:19)
Read blend: "/home/lzzz/MyProjects/N-SIDE/output/characters/CHR-001/model-r7/baseline.blend"
Fra:1 Mem:21.45M (Peak 22.08M) | Time:00:00.03 | Mem:0.00M, Peak:0.00M | Scene, ViewLayer | Synchronizing object | TShirt
Fra:1 Mem:21.61M (Peak 22.08M) | Time:00:00.03 | Mem:0.00M, Peak:0.00M | Scene, ViewLayer | Synchronizing object | TShirt_Collar
Fra:1 Mem:21.63M (Peak 22.08M) | Time:00:00.03 | Mem:0.00M, Peak:0.00M | Scene, ViewLayer | Synchronizing object | Hood
Fra:1 Mem:21.69M (Peak 22.08M) | Time:00:00.03 | Mem:0.00M, Peak:0.00M | Scene, ViewLayer | Synchronizing object | Sleeve_Cuff.L
Fra:1 Mem:21.69M (Peak 22.08M) | Time:00:00.03 | Mem:0.00M, Peak:0.00M | Scene, ViewLayer | Synchronizing object | Zip_Tape.L
Fra:1 Mem:21.70M (Peak 22.08M) | Time:00:00.03 | Mem:0.00M, Peak:0.00M | Scene, ViewLayer | Synchronizing object | Hood_Cord.L
Fra:1 Mem:21.74M (Peak 22.08M) | Time:00:00.05 | Mem:0.00M, Peak:0.00M | Scene, ViewLayer | Synchronizing object | Palm.L
Fra:1 Mem:21.79M (Peak 22.08M) | Time:00:00.05 | Mem:0.00M, Peak:0.00M | Scene, ViewLayer | Synchronizing object | Index_Mesh.L
Fra:1 Mem:21.79M (Peak 22.08M) | Time:00:00.05 | Mem:0.00M, Peak:0.00M | Scene, ViewLayer | Synchronizing object | Middle_Mesh.L
Fra:1 Mem:21.83M (Peak 22.08M) | Time:00:00.05 | Mem:0.00M, Peak:0.00M | Scene, ViewLayer | Synchronizing object | Ring_Mesh.L
Fra:1 Mem:21.80M (Peak 22.08M) | Time:00:00.05 | Mem:0.00M, Peak:0.00M | Scene, ViewLayer | Synchronizing object | Pinky_Mesh.L
Fra:1 Mem:21.81M (Peak 22.08M) | Time:00:00.05 | Mem:0.00M, Peak:0.00M | Scene, ViewLayer | Synchronizing object | Thumb_Mesh.L
Fra:1 Mem:22.00M (Peak 22.08M) | Time:00:00.08 | Mem:0.00M, Peak:0.00M | Scene, ViewLayer | Synchronizing object | Trousers.L
Fra:1 Mem:22.26M (Peak 22.26M) | Time:00:00.08 | Mem:0.00M, Peak:0.00M | Scene, ViewLayer | Synchronizing object | Sneaker_Sole.L
Fra:1 Mem:22.28M (Peak 22.28M) | Time:00:00.08 | Mem:0.00M, Peak:0.00M | Scene, ViewLayer | Synchronizing object | Sneaker_Upper.L
Fra:1 Mem:22.30M (Peak 22.30M) | Time:00:00.08 | Mem:0.00M, Peak:0.00M | Scene, ViewLayer | Synchronizing object | Sock.L
Fra:1 Mem:22.30M (Peak 22.30M) | Time:00:00.08 | Mem:0.00M, Peak:0.00M | Scene, ViewLayer | Synchronizing object | Lace_0.L
Fra:1 Mem:22.31M (Peak 22.31M) | Time:00:00.08 | Mem:0.00M, Peak:0.00M | Scene, ViewLayer | Synchronizing object | Lace_1.L
Fra:1 Mem:22.31M (Peak 22.31M) | Time:00:00.08 | Mem:0.00M, Peak:0.00M | Scene, ViewLayer | Synchronizing object | Lace_2.L
Fra:1 Mem:22.31M (Peak 22.31M) | Time:00:00.08 | Mem:0.00M, Peak:0.00M | Scene, ViewLayer | Synchronizing object | Lace_3.L
Fra:1 Mem:22.32M (Peak 22.32M) | Time:00:00.08 | Mem:0.00M, Peak:0.00M | Scene, ViewLayer | Synchronizing object | Heel_Tab.L
Fra:1 Mem:22.32M (Peak 22.32M) | Time:00:00.08 | Mem:0.00M, Peak:0.00M | Scene, ViewLayer | Synchronizing object | Sleeve_Cuff.R
Fra:1 Mem:22.33M (Peak 22.33M) | Time:00:00.08 | Mem:0.00M, Peak:0.00M | Scene, ViewLayer | Synchronizing object | Zip_Tape.R
Fra:1 Mem:22.33M (Peak 22.33M) | Time:00:00.08 | Mem:0.00M, Peak:0.00M | Scene, ViewLayer | Synchronizing object | Hood_Cord.R
Fra:1 Mem:22.37M (Peak 22.37M) | Time:00:00.10 | Mem:0.00M, Peak:0.00M | Scene, ViewLayer | Synchronizing object | Palm.R
Fra:1 Mem:22.42M (Peak 22.42M) | Time:00:00.10 | Mem:0.00M, Peak:0.00M | Scene, ViewLayer | Synchronizing object | Index_Mesh.R
Fra:1 Mem:22.43M (Peak 22.43M) | Time:00:00.10 | Mem:0.00M, Peak:0.00M | Scene, ViewLayer | Synchronizing object | Middle_Mesh.R
Fra:1 Mem:22.44M (Peak 22.44M) | Time:00:00.10 | Mem:0.00M, Peak:0.00M | Scene, ViewLayer | Synchronizing object | Ring_Mesh.R
Fra:1 Mem:22.44M (Peak 22.44M) | Time:00:00.10 | Mem:0.00M, Peak:0.00M | Scene, ViewLayer | Synchronizing object | Pinky_Mesh.R
Fra:1 Mem:22.45M (Peak 22.45M) | Time:00:00.10 | Mem:0.00M, Peak:0.00M | Scene, ViewLayer | Synchronizing object | Thumb_Mesh.R
Fra:1 Mem:22.63M (Peak 22.63M) | Time:00:00.13 | Mem:0.00M, Peak:0.00M | Scene, ViewLayer | Synchronizing object | Trousers.R
Fra:1 Mem:22.91M (Peak 22.91M) | Time:00:00.13 | Mem:0.00M, Peak:0.00M | Scene, ViewLayer | Synchronizing object | Sneaker_Sole.R
Fra:1 Mem:22.94M (Peak 22.94M) | Time:00:00.13 | Mem:0.00M, Peak:0.00M | Scene, ViewLayer | Synchronizing object | Sneaker_Upper.R
Fra:1 Mem:23.03M (Peak 23.03M) | Time:00:00.13 | Mem:0.00M, Peak:0.00M | Scene, ViewLayer | Synchronizing object | Sock.R
Fra:1 Mem:22.97M (Peak 23.03M) | Time:00:00.13 | Mem:0.00M, Peak:0.00M | Scene, ViewLayer | Synchronizing object | Lace_0.R
Fra:1 Mem:22.97M (Peak 23.03M) | Time:00:00.13 | Mem:0.00M, Peak:0.00M | Scene, ViewLayer | Synchronizing object | Lace_1.R
Fra:1 Mem:22.94M (Peak 23.03M) | Time:00:00.13 | Mem:0.00M, Peak:0.00M | Scene, ViewLayer | Synchronizing object | Lace_2.R
Fra:1 Mem:22.95M (Peak 23.03M) | Time:00:00.13 | Mem:0.00M, Peak:0.00M | Scene, ViewLayer | Synchronizing object | Lace_3.R
Fra:1 Mem:22.95M (Peak 23.03M) | Time:00:00.13 | Mem:0.00M, Peak:0.00M | Scene, ViewLayer | Synchronizing object | Heel_Tab.R
Fra:1 Mem:23.53M (Peak 23.53M) | Time:00:00.17 | Mem:0.00M, Peak:0.00M | Scene, ViewLayer | Synchronizing object | Jacket_ContinuousShoulders
Fra:1 Mem:24.76M (Peak 24.76M) | Time:00:00.62 | Mem:0.00M, Peak:0.00M | Scene, ViewLayer | Synchronizing object | Face_Head
Fra:1 Mem:25.42M (Peak 25.42M) | Time:00:00.63 | Mem:0.00M, Peak:0.00M | Scene, ViewLayer | Synchronizing object | Ear.L
Fra:1 Mem:25.48M (Peak 25.48M) | Time:00:00.63 | Mem:0.00M, Peak:0.00M | Scene, ViewLayer | Synchronizing object | Ear_Fold.L
Fra:1 Mem:25.53M (Peak 25.53M) | Time:00:00.64 | Mem:0.00M, Peak:0.00M | Scene, ViewLayer | Synchronizing object | Ear.R
Fra:1 Mem:25.59M (Peak 25.59M) | Time:00:00.64 | Mem:0.00M, Peak:0.00M | Scene, ViewLayer | Synchronizing object | Ear_Fold.R
Fra:1 Mem:25.60M (Peak 25.60M) | Time:00:00.64 | Mem:0.00M, Peak:0.00M | Scene, ViewLayer | Synchronizing object | Eye_White.L
Fra:1 Mem:25.61M (Peak 25.61M) | Time:00:00.64 | Mem:0.00M, Peak:0.00M | Scene, ViewLayer | Synchronizing object | Iris_hair.L
Fra:1 Mem:25.61M (Peak 25.61M) | Time:00:00.64 | Mem:0.00M, Peak:0.00M | Scene, ViewLayer | Synchronizing object | Iris_ink.L
Fra:1 Mem:25.62M (Peak 25.62M) | Time:00:00.64 | Mem:0.00M, Peak:0.00M | Scene, ViewLayer | Synchronizing object | Eye_Glint.L
Fra:1 Mem:25.63M (Peak 25.63M) | Time:00:00.64 | Mem:0.00M, Peak:0.00M | Scene, ViewLayer | Synchronizing object | Upper_Lid.L
Fra:1 Mem:25.64M (Peak 25.64M) | Time:00:00.64 | Mem:0.00M, Peak:0.00M | Scene, ViewLayer | Synchronizing object | Lower_Lid.L
Fra:1 Mem:25.65M (Peak 25.65M) | Time:00:00.64 | Mem:0.00M, Peak:0.00M | Scene, ViewLayer | Synchronizing object | Eyebrow.L
Fra:1 Mem:25.65M (Peak 25.65M) | Time:00:00.64 | Mem:0.00M, Peak:0.00M | Scene, ViewLayer | Synchronizing object | Eye_White.R
Fra:1 Mem:25.66M (Peak 25.66M) | Time:00:00.64 | Mem:0.00M, Peak:0.00M | Scene, ViewLayer | Synchronizing object | Iris_hair.R
Fra:1 Mem:25.67M (Peak 25.67M) | Time:00:00.64 | Mem:0.00M, Peak:0.00M | Scene, ViewLayer | Synchronizing object | Iris_ink.R
Fra:1 Mem:25.68M (Peak 25.68M) | Time:00:00.64 | Mem:0.00M, Peak:0.00M | Scene, ViewLayer | Synchronizing object | Eye_Glint.R
Fra:1 Mem:25.69M (Peak 25.69M) | Time:00:00.64 | Mem:0.00M, Peak:0.00M | Scene, ViewLayer | Synchronizing object | Upper_Lid.R
Fra:1 Mem:25.70M (Peak 25.70M) | Time:00:00.64 | Mem:0.00M, Peak:0.00M | Scene, ViewLayer | Synchronizing object | Lower_Lid.R
Fra:1 Mem:25.71M (Peak 25.71M) | Time:00:00.64 | Mem:0.00M, Peak:0.00M | Scene, ViewLayer | Synchronizing object | Eyebrow.R
Fra:1 Mem:25.71M (Peak 25.71M) | Time:00:00.64 | Mem:0.00M, Peak:0.00M | Scene, ViewLayer | Synchronizing object | Mouth
Fra:1 Mem:25.73M (Peak 25.73M) | Time:00:00.64 | Mem:0.00M, Peak:0.00M | Scene, ViewLayer | Synchronizing object | Hair_Cap
Fra:1 Mem:26.53M (Peak 26.53M) | Time:00:00.68 | Mem:0.00M, Peak:0.00M | Scene, ViewLayer | Synchronizing object | Hair_CrownBase
Fra:1 Mem:26.62M (Peak 26.62M) | Time:00:00.68 | Mem:0.00M, Peak:0.00M | Scene, ViewLayer | Synchronizing object | Review_Rim
Fra:1 Mem:26.62M (Peak 26.62M) | Time:00:00.68 | Mem:0.00M, Peak:0.00M | Scene, ViewLayer | Synchronizing object | Bangs_00
Fra:1 Mem:26.62M (Peak 26.62M) | Time:00:00.68 | Mem:0.00M, Peak:0.00M | Scene, ViewLayer | Synchronizing object | Review_Fill
Fra:1 Mem:26.63M (Peak 26.63M) | Time:00:00.68 | Mem:0.00M, Peak:0.00M | Scene, ViewLayer | Synchronizing object | Review_Key
Fra:1 Mem:26.63M (Peak 26.63M) | Time:00:00.68 | Mem:0.00M, Peak:0.00M | Scene, ViewLayer | Synchronizing object | Review_Ground
Fra:1 Mem:26.64M (Peak 26.64M) | Time:00:00.68 | Mem:0.00M, Peak:0.00M | Scene, ViewLayer | Synchronizing object | Bangs_01
Fra:1 Mem:26.64M (Peak 26.64M) | Time:00:00.68 | Mem:0.00M, Peak:0.00M | Scene, ViewLayer | Synchronizing object | Tee_Bar
Fra:1 Mem:26.65M (Peak 26.65M) | Time:00:00.68 | Mem:0.00M, Peak:0.00M | Scene, ViewLayer | Synchronizing object | Tee_Dot_1.246
Fra:1 Mem:26.66M (Peak 26.66M) | Time:00:00.68 | Mem:0.00M, Peak:0.00M | Scene, ViewLayer | Synchronizing object | Bangs_02
Fra:1 Mem:26.68M (Peak 26.68M) | Time:00:00.68 | Mem:0.00M, Peak:0.00M | Scene, ViewLayer | Synchronizing object | Bangs_03
Fra:1 Mem:26.70M (Peak 26.70M) | Time:00:00.68 | Mem:0.00M, Peak:0.00M | Scene, ViewLayer | Synchronizing object | Bangs_04
Fra:1 Mem:26.72M (Peak 26.72M) | Time:00:00.68 | Mem:0.00M, Peak:0.00M | Scene, ViewLayer | Synchronizing object | Bangs_05
Fra:1 Mem:26.75M (Peak 26.75M) | Time:00:00.68 | Mem:0.00M, Peak:0.00M | Scene, ViewLayer | Synchronizing object | Temple_0.L
Fra:1 Mem:26.77M (Peak 26.77M) | Time:00:00.68 | Mem:0.00M, Peak:0.00M | Scene, ViewLayer | Synchronizing object | Temple_1.L
Fra:1 Mem:26.79M (Peak 26.79M) | Time:00:00.68 | Mem:0.00M, Peak:0.00M | Scene, ViewLayer | Synchronizing object | Temple_2.L
Fra:1 Mem:26.81M (Peak 26.81M) | Time:00:00.68 | Mem:0.00M, Peak:0.00M | Scene, ViewLayer | Synchronizing object | Temple_0.R
Fra:1 Mem:26.83M (Peak 26.83M) | Time:00:00.68 | Mem:0.00M, Peak:0.00M | Scene, ViewLayer | Synchronizing object | Temple_1.R
Fra:1 Mem:26.87M (Peak 26.87M) | Time:00:00.68 | Mem:0.00M, Peak:0.00M | Scene, ViewLayer | Synchronizing object | Temple_2.R
Fra:1 Mem:26.89M (Peak 26.89M) | Time:00:00.68 | Mem:0.00M, Peak:0.00M | Scene, ViewLayer | Synchronizing object | Crown_0.L
Fra:1 Mem:26.91M (Peak 26.91M) | Time:00:00.68 | Mem:0.00M, Peak:0.00M | Scene, ViewLayer | Initializing
Fra:1 Mem:22.30M (Peak 26.91M) | Time:00:00.68 | Mem:0.00M, Peak:0.00M | Scene, ViewLayer | Updating Images | Loading CHR001_GreyStudy_Normal
Fra:1 Mem:22.30M (Peak 26.91M) | Time:00:00.69 | Mem:0.00M, Peak:0.00M | Scene, ViewLayer | Updating Images | Loading CHR001_GreyStudy_BaseColor
Fra:1 Mem:34.33M (Peak 38.32M) | Time:00:00.71 | Mem:4.00M, Peak:4.00M | Scene, ViewLayer | Updating Images | Loading CHR001_GreyStudy_Surface
Fra:1 Mem:30.85M (Peak 38.33M) | Time:00:00.72 | Mem:12.00M, Peak:12.00M | Scene, ViewLayer | Waiting for render to start
Fra:1 Mem:30.85M (Peak 38.33M) | Time:00:00.72 | Mem:12.00M, Peak:12.00M | Scene, ViewLayer | Updating Scene
Fra:1 Mem:30.85M (Peak 38.33M) | Time:00:00.72 | Mem:12.00M, Peak:12.00M | Scene, ViewLayer | Updating Shaders
Fra:1 Mem:30.85M (Peak 38.33M) | Time:00:00.72 | Mem:12.00M, Peak:12.00M | Scene, ViewLayer | Loading render kernels (may take a few minutes the first time)
Fra:1 Mem:30.93M (Peak 38.33M) | Time:00:00.72 | Mem:12.00M, Peak:12.00M | Scene, ViewLayer | Updating Procedurals
Fra:1 Mem:30.93M (Peak 38.33M) | Time:00:00.72 | Mem:12.00M, Peak:12.00M | Scene, ViewLayer | Updating Background
Fra:1 Mem:30.93M (Peak 38.33M) | Time:00:00.72 | Mem:12.00M, Peak:12.00M | Scene, ViewLayer | Updating Camera
Fra:1 Mem:30.93M (Peak 38.33M) | Time:00:00.72 | Mem:12.00M, Peak:12.00M | Scene, ViewLayer | Updating Meshes Flags
Fra:1 Mem:30.93M (Peak 38.33M) | Time:00:00.72 | Mem:12.00M, Peak:12.00M | Scene, ViewLayer | Updating Objects
Fra:1 Mem:30.93M (Peak 38.33M) | Time:00:00.72 | Mem:12.00M, Peak:12.00M | Scene, ViewLayer | Updating Objects | Copying Transformations to device
Fra:1 Mem:30.95M (Peak 38.33M) | Time:00:00.72 | Mem:12.02M, Peak:12.02M | Scene, ViewLayer | Updating Particle Systems
Fra:1 Mem:30.95M (Peak 38.33M) | Time:00:00.72 | Mem:12.02M, Peak:12.02M | Scene, ViewLayer | Updating Particle Systems | Copying Particles to device
Fra:1 Mem:30.95M (Peak 38.33M) | Time:00:00.72 | Mem:12.02M, Peak:12.02M | Scene, ViewLayer | Updating Meshes
Fra:1 Mem:33.18M (Peak 38.33M) | Time:00:00.74 | Mem:12.02M, Peak:12.02M | Scene, ViewLayer | Updating Objects | Applying Static Transformations
Fra:1 Mem:33.18M (Peak 38.33M) | Time:00:00.74 | Mem:12.02M, Peak:12.02M | Scene, ViewLayer | Updating Mesh | Computing attributes
Fra:1 Mem:36.10M (Peak 38.33M) | Time:00:00.74 | Mem:12.03M, Peak:12.03M | Scene, ViewLayer | Updating Mesh | Copying Attributes to device
Fra:1 Mem:36.09M (Peak 38.33M) | Time:00:00.74 | Mem:14.93M, Peak:14.93M | Scene, ViewLayer | Updating Scene BVH | Building
Fra:1 Mem:36.09M (Peak 38.33M) | Time:00:00.74 | Mem:14.93M, Peak:14.93M | Scene, ViewLayer | Updating Scene BVH | Building BVH
Fra:1 Mem:36.09M (Peak 38.33M) | Time:00:00.74 | Mem:16.12M, Peak:16.12M | Scene, ViewLayer | Updating Scene BVH | Building BVH 0%
Fra:1 Mem:36.09M (Peak 38.33M) | Time:00:00.75 | Mem:17.41M, Peak:18.60M | Scene, ViewLayer | Updating Scene BVH | Copying BVH to device
Fra:1 Mem:36.09M (Peak 38.33M) | Time:00:00.75 | Mem:17.41M, Peak:18.60M | Scene, ViewLayer | Updating Mesh | Computing normals
Fra:1 Mem:37.14M (Peak 38.33M) | Time:00:00.75 | Mem:17.41M, Peak:18.60M | Scene, ViewLayer | Updating Mesh | Copying Mesh to device
Fra:1 Mem:37.14M (Peak 38.33M) | Time:00:00.75 | Mem:18.46M, Peak:18.60M | Scene, ViewLayer | Updating Objects Flags
Fra:1 Mem:37.14M (Peak 38.33M) | Time:00:00.75 | Mem:18.46M, Peak:18.60M | Scene, ViewLayer | Updating Primitive Offsets
Fra:1 Mem:37.14M (Peak 38.33M) | Time:00:00.75 | Mem:18.46M, Peak:18.60M | Scene, ViewLayer | Updating Images
Fra:1 Mem:37.14M (Peak 38.33M) | Time:00:00.75 | Mem:18.46M, Peak:18.60M | Scene, ViewLayer | Updating Camera Volume
Fra:1 Mem:37.14M (Peak 38.33M) | Time:00:00.75 | Mem:18.46M, Peak:18.60M | Scene, ViewLayer | Updating Lookup Tables
Fra:1 Mem:37.14M (Peak 38.33M) | Time:00:00.75 | Mem:18.55M, Peak:18.60M | Scene, ViewLayer | Updating Lights
Fra:1 Mem:37.14M (Peak 38.33M) | Time:00:00.75 | Mem:18.55M, Peak:18.60M | Scene, ViewLayer | Updating Lights | Computing tree
Fra:1 Mem:37.14M (Peak 38.33M) | Time:00:00.75 | Mem:18.55M, Peak:18.60M | Scene, ViewLayer | Updating Integrator
Fra:1 Mem:37.14M (Peak 38.33M) | Time:00:00.75 | Mem:18.55M, Peak:18.60M | Scene, ViewLayer | Updating Film
Fra:1 Mem:37.14M (Peak 38.33M) | Time:00:00.75 | Mem:18.47M, Peak:18.60M | Scene, ViewLayer | Updating Lookup Tables
Fra:1 Mem:37.14M (Peak 38.33M) | Time:00:00.75 | Mem:18.55M, Peak:18.60M | Scene, ViewLayer | Updating Baking
Fra:1 Mem:37.14M (Peak 38.33M) | Time:00:00.75 | Mem:18.55M, Peak:18.60M | Scene, ViewLayer | Updating Device | Writing constant memory
Fra:1 Mem:37.15M (Peak 38.33M) | Time:00:00.75 | Mem:18.55M, Peak:18.60M | Scene, ViewLayer | Loading denoising kernels (may take a few minutes the first time)
Fra:1 Mem:37.15M (Peak 38.33M) | Time:00:00.75 | Mem:18.55M, Peak:18.60M | Scene, ViewLayer | Sample 0/24
Fra:1 Mem:87.27M (Peak 87.27M) | Time:00:01.45 | Remaining:00:16.02 | Mem:68.66M, Peak:68.66M | Scene, ViewLayer | Sample 1/24
Fra:1 Mem:108.36M (Peak 140.01M) | Time:00:23.89 | Mem:68.66M, Peak:68.66M | Scene, ViewLayer | Sample 24/24
Fra:1 Mem:108.36M (Peak 140.01M) | Time:00:23.89 | Mem:68.66M, Peak:68.66M | Scene, ViewLayer | Finished
Saved: '/home/lzzz/MyProjects/N-SIDE/output/characters/CHR-001/model-r7/before/upper-front.png'
Time: 00:23.96 (Saving: 00:00.06)

Fra:1 Mem:21.54M (Peak 22.21M) | Time:00:00.03 | Mem:0.00M, Peak:0.00M | Scene, ViewLayer | Synchronizing object | TShirt
Fra:1 Mem:21.70M (Peak 22.21M) | Time:00:00.03 | Mem:0.00M, Peak:0.00M | Scene, ViewLayer | Synchronizing object | TShirt_Collar
Fra:1 Mem:21.72M (Peak 22.21M) | Time:00:00.03 | Mem:0.00M, Peak:0.00M | Scene, ViewLayer | Synchronizing object | Hood
Fra:1 Mem:21.78M (Peak 22.21M) | Time:00:00.03 | Mem:0.00M, Peak:0.00M | Scene, ViewLayer | Synchronizing object | Sleeve_Cuff.L
Fra:1 Mem:21.78M (Peak 22.21M) | Time:00:00.03 | Mem:0.00M, Peak:0.00M | Scene, ViewLayer | Synchronizing object | Zip_Tape.L
Fra:1 Mem:21.79M (Peak 22.21M) | Time:00:00.03 | Mem:0.00M, Peak:0.00M | Scene, ViewLayer | Synchronizing object | Hood_Cord.L
Fra:1 Mem:21.82M (Peak 22.21M) | Time:00:00.04 | Mem:0.00M, Peak:0.00M | Scene, ViewLayer | Synchronizing object | Palm.L
Fra:1 Mem:21.88M (Peak 22.21M) | Time:00:00.04 | Mem:0.00M, Peak:0.00M | Scene, ViewLayer | Synchronizing object | Index_Mesh.L
Fra:1 Mem:21.88M (Peak 22.21M) | Time:00:00.04 | Mem:0.00M, Peak:0.00M | Scene, ViewLayer | Synchronizing object | Middle_Mesh.L
Fra:1 Mem:21.92M (Peak 22.21M) | Time:00:00.04 | Mem:0.00M, Peak:0.00M | Scene, ViewLayer | Synchronizing object | Ring_Mesh.L
Fra:1 Mem:21.90M (Peak 22.21M) | Time:00:00.04 | Mem:0.00M, Peak:0.00M | Scene, ViewLayer | Synchronizing object | Pinky_Mesh.L
Fra:1 Mem:21.90M (Peak 22.21M) | Time:00:00.04 | Mem:0.00M, Peak:0.00M | Scene, ViewLayer | Synchronizing object | Thumb_Mesh.L
Fra:1 Mem:22.08M (Peak 22.21M) | Time:00:00.08 | Mem:0.00M, Peak:0.00M | Scene, ViewLayer | Synchronizing object | Trousers.L
Fra:1 Mem:22.34M (Peak 22.34M) | Time:00:00.08 | Mem:0.00M, Peak:0.00M | Scene, ViewLayer | Synchronizing object | Sneaker_Sole.L
Fra:1 Mem:22.36M (Peak 22.36M) | Time:00:00.08 | Mem:0.00M, Peak:0.00M | Scene, ViewLayer | Synchronizing object | Sneaker_Upper.L
Fra:1 Mem:22.38M (Peak 22.38M) | Time:00:00.08 | Mem:0.00M, Peak:0.00M | Scene, ViewLayer | Synchronizing object | Sock.L
Fra:1 Mem:22.38M (Peak 22.38M) | Time:00:00.08 | Mem:0.00M, Peak:0.00M | Scene, ViewLayer | Synchronizing object | Lace_0.L
Fra:1 Mem:22.38M (Peak 22.38M) | Time:00:00.08 | Mem:0.00M, Peak:0.00M | Scene, ViewLayer | Synchronizing object | Lace_1.L
Fra:1 Mem:22.39M (Peak 22.39M) | Time:00:00.08 | Mem:0.00M, Peak:0.00M | Scene, ViewLayer | Synchronizing object | Lace_2.L
Fra:1 Mem:22.39M (Peak 22.39M) | Time:00:00.08 | Mem:0.00M, Peak:0.00M | Scene, ViewLayer | Synchronizing object | Lace_3.L
Fra:1 Mem:22.39M (Peak 22.39M) | Time:00:00.08 | Mem:0.00M, Peak:0.00M | Scene, ViewLayer | Synchronizing object | Heel_Tab.L
Fra:1 Mem:22.39M (Peak 22.39M) | Time:00:00.08 | Mem:0.00M, Peak:0.00M | Scene, ViewLayer | Synchronizing object | Sleeve_Cuff.R
Fra:1 Mem:22.40M (Peak 22.40M) | Time:00:00.08 | Mem:0.00M, Peak:0.00M | Scene, ViewLayer | Synchronizing object | Zip_Tape.R
Fra:1 Mem:22.41M (Peak 22.41M) | Time:00:00.08 | Mem:0.00M, Peak:0.00M | Scene, ViewLayer | Synchronizing object | Hood_Cord.R
Fra:1 Mem:22.44M (Peak 22.44M) | Time:00:00.09 | Mem:0.00M, Peak:0.00M | Scene, ViewLayer | Synchronizing object | Palm.R
Fra:1 Mem:22.49M (Peak 22.49M) | Time:00:00.09 | Mem:0.00M, Peak:0.00M | Scene, ViewLayer | Synchronizing object | Index_Mesh.R
Fra:1 Mem:22.51M (Peak 22.51M) | Time:00:00.09 | Mem:0.00M, Peak:0.00M | Scene, ViewLayer | Synchronizing object | Middle_Mesh.R
Fra:1 Mem:22.51M (Peak 22.51M) | Time:00:00.09 | Mem:0.00M, Peak:0.00M | Scene, ViewLayer | Synchronizing object | Ring_Mesh.R
Fra:1 Mem:22.51M (Peak 22.51M) | Time:00:00.09 | Mem:0.00M, Peak:0.00M | Scene, ViewLayer | Synchronizing object | Pinky_Mesh.R
Fra:1 Mem:22.52M (Peak 22.52M) | Time:00:00.09 | Mem:0.00M, Peak:0.00M | Scene, ViewLayer | Synchronizing object | Thumb_Mesh.R
Fra:1 Mem:22.70M (Peak 22.70M) | Time:00:00.13 | Mem:0.00M, Peak:0.00M | Scene, ViewLayer | Synchronizing object | Trousers.R
Fra:1 Mem:22.97M (Peak 22.97M) | Time:00:00.13 | Mem:0.00M, Peak:0.00M | Scene, ViewLayer | Synchronizing object | Sneaker_Sole.R
Fra:1 Mem:23.01M (Peak 23.01M) | Time:00:00.13 | Mem:0.00M, Peak:0.00M | Scene, ViewLayer | Synchronizing object | Sneaker_Upper.R
Fra:1 Mem:23.10M (Peak 23.10M) | Time:00:00.13 | Mem:0.00M, Peak:0.00M | Scene, ViewLayer | Synchronizing object | Sock.R
Fra:1 Mem:23.03M (Peak 23.10M) | Time:00:00.13 | Mem:0.00M, Peak:0.00M | Scene, ViewLayer | Synchronizing object | Lace_0.R
Fra:1 Mem:23.03M (Peak 23.10M) | Time:00:00.13 | Mem:0.00M, Peak:0.00M | Scene, ViewLayer | Synchronizing object | Lace_1.R
Fra:1 Mem:23.01M (Peak 23.10M) | Time:00:00.13 | Mem:0.00M, Peak:0.00M | Scene, ViewLayer | Synchronizing object | Lace_2.R
Fra:1 Mem:23.01M (Peak 23.10M) | Time:00:00.13 | Mem:0.00M, Peak:0.00M | Scene, ViewLayer | Synchronizing object | Lace_3.R
Fra:1 Mem:23.01M (Peak 23.10M) | Time:00:00.13 | Mem:0.00M, Peak:0.00M | Scene, ViewLayer | Synchronizing object | Heel_Tab.R
Fra:1 Mem:23.59M (Peak 23.59M) | Time:00:00.17 | Mem:0.00M, Peak:0.00M | Scene, ViewLayer | Synchronizing object | Jacket_ContinuousShoulders
Fra:1 Mem:24.82M (Peak 24.82M) | Time:00:00.59 | Mem:0.00M, Peak:0.00M | Scene, ViewLayer | Synchronizing object | Face_Head
Fra:1 Mem:25.48M (Peak 25.48M) | Time:00:00.60 | Mem:0.00M, Peak:0.00M | Scene, ViewLayer | Synchronizing object | Ear.L
Fra:1 Mem:25.54M (Peak 25.54M) | Time:00:00.60 | Mem:0.00M, Peak:0.00M | Scene, ViewLayer | Synchronizing object | Ear_Fold.L
Fra:1 Mem:25.59M (Peak 25.59M) | Time:00:00.61 | Mem:0.00M, Peak:0.00M | Scene, ViewLayer | Synchronizing object | Ear.R
Fra:1 Mem:25.65M (Peak 25.65M) | Time:00:00.61 | Mem:0.00M, Peak:0.00M | Scene, ViewLayer | Synchronizing object | Ear_Fold.R
Fra:1 Mem:25.65M (Peak 25.65M) | Time:00:00.61 | Mem:0.00M, Peak:0.00M | Scene, ViewLayer | Synchronizing object | Eye_White.L
Fra:1 Mem:25.66M (Peak 25.66M) | Time:00:00.61 | Mem:0.00M, Peak:0.00M | Scene, ViewLayer | Synchronizing object | Iris_hair.L
Fra:1 Mem:25.67M (Peak 25.67M) | Time:00:00.61 | Mem:0.00M, Peak:0.00M | Scene, ViewLayer | Synchronizing object | Iris_ink.L
Fra:1 Mem:25.68M (Peak 25.68M) | Time:00:00.61 | Mem:0.00M, Peak:0.00M | Scene, ViewLayer | Synchronizing object | Eye_Glint.L
Fra:1 Mem:25.68M (Peak 25.68M) | Time:00:00.61 | Mem:0.00M, Peak:0.00M | Scene, ViewLayer | Synchronizing object | Upper_Lid.L
Fra:1 Mem:25.69M (Peak 25.69M) | Time:00:00.61 | Mem:0.00M, Peak:0.00M | Scene, ViewLayer | Synchronizing object | Lower_Lid.L
Fra:1 Mem:25.70M (Peak 25.70M) | Time:00:00.61 | Mem:0.00M, Peak:0.00M | Scene, ViewLayer | Synchronizing object | Eyebrow.L
Fra:1 Mem:25.70M (Peak 25.70M) | Time:00:00.61 | Mem:0.00M, Peak:0.00M | Scene, ViewLayer | Synchronizing object | Eye_White.R
Fra:1 Mem:25.71M (Peak 25.71M) | Time:00:00.61 | Mem:0.00M, Peak:0.00M | Scene, ViewLayer | Synchronizing object | Iris_hair.R
Fra:1 Mem:25.72M (Peak 25.72M) | Time:00:00.61 | Mem:0.00M, Peak:0.00M | Scene, ViewLayer | Synchronizing object | Iris_ink.R
Fra:1 Mem:25.73M (Peak 25.73M) | Time:00:00.61 | Mem:0.00M, Peak:0.00M | Scene, ViewLayer | Synchronizing object | Eye_Glint.R
Fra:1 Mem:25.73M (Peak 25.73M) | Time:00:00.61 | Mem:0.00M, Peak:0.00M | Scene, ViewLayer | Synchronizing object | Upper_Lid.R
Fra:1 Mem:25.75M (Peak 25.75M) | Time:00:00.61 | Mem:0.00M, Peak:0.00M | Scene, ViewLayer | Synchronizing object | Lower_Lid.R
Fra:1 Mem:25.75M (Peak 25.75M) | Time:00:00.61 | Mem:0.00M, Peak:0.00M | Scene, ViewLayer | Synchronizing object | Eyebrow.R
Fra:1 Mem:25.75M (Peak 25.75M) | Time:00:00.61 | Mem:0.00M, Peak:0.00M | Scene, ViewLayer | Synchronizing object | Mouth
Fra:1 Mem:25.77M (Peak 25.77M) | Time:00:00.61 | Mem:0.00M, Peak:0.00M | Scene, ViewLayer | Synchronizing object | Hair_Cap
Fra:1 Mem:26.57M (Peak 26.57M) | Time:00:00.65 | Mem:0.00M, Peak:0.00M | Scene, ViewLayer | Synchronizing object | Hair_CrownBase
Fra:1 Mem:26.63M (Peak 26.63M) | Time:00:00.65 | Mem:0.00M, Peak:0.00M | Scene, ViewLayer | Synchronizing object | Review_Rim
Fra:1 Mem:26.64M (Peak 26.64M) | Time:00:00.65 | Mem:0.00M, Peak:0.00M | Scene, ViewLayer | Synchronizing object | Review_Fill
Fra:1 Mem:26.66M (Peak 26.66M) | Time:00:00.65 | Mem:0.00M, Peak:0.00M | Scene, ViewLayer | Synchronizing object | Review_Key
Fra:1 Mem:26.66M (Peak 26.66M) | Time:00:00.65 | Mem:0.00M, Peak:0.00M | Scene, ViewLayer | Synchronizing object | Review_Ground
Fra:1 Mem:26.68M (Peak 26.68M) | Time:00:00.65 | Mem:0.00M, Peak:0.00M | Scene, ViewLayer | Synchronizing object | Tee_Bar
Fra:1 Mem:26.66M (Peak 26.68M) | Time:00:00.65 | Mem:0.00M, Peak:0.00M | Scene, ViewLayer | Synchronizing object | Bangs_00
Fra:1 Mem:26.66M (Peak 26.68M) | Time:00:00.65 | Mem:0.00M, Peak:0.00M | Scene, ViewLayer | Synchronizing object | Tee_Dot_1.246
Fra:1 Mem:26.67M (Peak 26.68M) | Time:00:00.65 | Mem:0.00M, Peak:0.00M | Scene, ViewLayer | Synchronizing object | Tee_Dot_1.275
Fra:1 Mem:26.69M (Peak 26.69M) | Time:00:00.65 | Mem:0.00M, Peak:0.00M | Scene, ViewLayer | Synchronizing object | Bangs_01
Fra:1 Mem:26.69M (Peak 26.69M) | Time:00:00.65 | Mem:0.00M, Peak:0.00M | Scene, ViewLayer | Synchronizing object | Crown_0.R
Fra:1 Mem:26.71M (Peak 26.71M) | Time:00:00.65 | Mem:0.00M, Peak:0.00M | Scene, ViewLayer | Synchronizing object | Bangs_02
Fra:1 Mem:26.72M (Peak 26.72M) | Time:00:00.65 | Mem:0.00M, Peak:0.00M | Scene, ViewLayer | Synchronizing object | Crown_0.L
Fra:1 Mem:26.76M (Peak 26.76M) | Time:00:00.65 | Mem:0.00M, Peak:0.00M | Scene, ViewLayer | Synchronizing object | Temple_2.R
Fra:1 Mem:26.76M (Peak 26.76M) | Time:00:00.65 | Mem:0.00M, Peak:0.00M | Scene, ViewLayer | Synchronizing object | Bangs_03
Fra:1 Mem:26.78M (Peak 26.78M) | Time:00:00.65 | Mem:0.00M, Peak:0.00M | Scene, ViewLayer | Synchronizing object | Temple_1.R
Fra:1 Mem:26.81M (Peak 26.81M) | Time:00:00.65 | Mem:0.00M, Peak:0.00M | Scene, ViewLayer | Synchronizing object | Temple_0.R
Fra:1 Mem:26.82M (Peak 26.82M) | Time:00:00.65 | Mem:0.00M, Peak:0.00M | Scene, ViewLayer | Synchronizing object | Bangs_04
Fra:1 Mem:26.83M (Peak 26.83M) | Time:00:00.65 | Mem:0.00M, Peak:0.00M | Scene, ViewLayer | Synchronizing object | Temple_2.L
Fra:1 Mem:26.86M (Peak 26.86M) | Time:00:00.65 | Mem:0.00M, Peak:0.00M | Scene, ViewLayer | Synchronizing object | Temple_1.L
Fra:1 Mem:26.86M (Peak 26.86M) | Time:00:00.65 | Mem:0.00M, Peak:0.00M | Scene, ViewLayer | Synchronizing object | Bangs_05
Fra:1 Mem:26.89M (Peak 26.89M) | Time:00:00.65 | Mem:0.00M, Peak:0.00M | Scene, ViewLayer | Synchronizing object | Temple_0.L
Fra:1 Mem:26.91M (Peak 26.91M) | Time:00:00.65 | Mem:0.00M, Peak:0.00M | Scene, ViewLayer | Initializing
Fra:1 Mem:22.30M (Peak 26.91M) | Time:00:00.65 | Mem:0.00M, Peak:0.00M | Scene, ViewLayer | Updating Images | Loading CHR001_GreyStudy_Normal
Fra:1 Mem:22.30M (Peak 26.91M) | Time:00:00.65 | Mem:0.00M, Peak:0.00M | Scene, ViewLayer | Updating Images | Loading CHR001_GreyStudy_BaseColor
Fra:1 Mem:34.33M (Peak 38.32M) | Time:00:00.67 | Mem:4.00M, Peak:4.00M | Scene, ViewLayer | Updating Images | Loading CHR001_GreyStudy_Surface
Fra:1 Mem:30.85M (Peak 38.33M) | Time:00:00.68 | Mem:12.00M, Peak:12.00M | Scene, ViewLayer | Waiting for render to start
Fra:1 Mem:30.85M (Peak 38.33M) | Time:00:00.68 | Mem:12.00M, Peak:12.00M | Scene, ViewLayer | Updating Scene
Fra:1 Mem:30.85M (Peak 38.33M) | Time:00:00.68 | Mem:12.00M, Peak:12.00M | Scene, ViewLayer | Updating Shaders
Fra:1 Mem:30.85M (Peak 38.33M) | Time:00:00.68 | Mem:12.00M, Peak:12.00M | Scene, ViewLayer | Loading render kernels (may take a few minutes the first time)
Fra:1 Mem:30.93M (Peak 38.33M) | Time:00:00.68 | Mem:12.00M, Peak:12.00M | Scene, ViewLayer | Updating Procedurals
Fra:1 Mem:30.93M (Peak 38.33M) | Time:00:00.68 | Mem:12.00M, Peak:12.00M | Scene, ViewLayer | Updating Background
Fra:1 Mem:30.93M (Peak 38.33M) | Time:00:00.68 | Mem:12.00M, Peak:12.00M | Scene, ViewLayer | Updating Camera
Fra:1 Mem:30.93M (Peak 38.33M) | Time:00:00.68 | Mem:12.00M, Peak:12.00M | Scene, ViewLayer | Updating Meshes Flags
Fra:1 Mem:30.93M (Peak 38.33M) | Time:00:00.68 | Mem:12.00M, Peak:12.00M | Scene, ViewLayer | Updating Objects
Fra:1 Mem:30.93M (Peak 38.33M) | Time:00:00.68 | Mem:12.00M, Peak:12.00M | Scene, ViewLayer | Updating Objects | Copying Transformations to device
Fra:1 Mem:30.95M (Peak 38.33M) | Time:00:00.68 | Mem:12.02M, Peak:12.02M | Scene, ViewLayer | Updating Particle Systems
Fra:1 Mem:30.95M (Peak 38.33M) | Time:00:00.68 | Mem:12.02M, Peak:12.02M | Scene, ViewLayer | Updating Particle Systems | Copying Particles to device
Fra:1 Mem:30.95M (Peak 38.33M) | Time:00:00.68 | Mem:12.02M, Peak:12.02M | Scene, ViewLayer | Updating Meshes
Fra:1 Mem:33.18M (Peak 38.33M) | Time:00:00.69 | Mem:12.02M, Peak:12.02M | Scene, ViewLayer | Updating Objects | Applying Static Transformations
Fra:1 Mem:33.18M (Peak 38.33M) | Time:00:00.69 | Mem:12.02M, Peak:12.02M | Scene, ViewLayer | Updating Mesh | Computing attributes
Fra:1 Mem:36.10M (Peak 38.33M) | Time:00:00.69 | Mem:12.03M, Peak:12.03M | Scene, ViewLayer | Updating Mesh | Copying Attributes to device
Fra:1 Mem:36.09M (Peak 38.33M) | Time:00:00.69 | Mem:14.93M, Peak:14.93M | Scene, ViewLayer | Updating Scene BVH | Building
Fra:1 Mem:36.09M (Peak 38.33M) | Time:00:00.69 | Mem:14.93M, Peak:14.93M | Scene, ViewLayer | Updating Scene BVH | Building BVH
Fra:1 Mem:36.09M (Peak 38.33M) | Time:00:00.69 | Mem:16.12M, Peak:16.12M | Scene, ViewLayer | Updating Scene BVH | Building BVH 0%
Fra:1 Mem:36.09M (Peak 38.33M) | Time:00:00.70 | Mem:17.41M, Peak:18.60M | Scene, ViewLayer | Updating Scene BVH | Copying BVH to device
Fra:1 Mem:36.09M (Peak 38.33M) | Time:00:00.70 | Mem:17.41M, Peak:18.60M | Scene, ViewLayer | Updating Mesh | Computing normals
Fra:1 Mem:37.14M (Peak 38.33M) | Time:00:00.70 | Mem:17.41M, Peak:18.60M | Scene, ViewLayer | Updating Mesh | Copying Mesh to device
Fra:1 Mem:37.14M (Peak 38.33M) | Time:00:00.70 | Mem:18.46M, Peak:18.60M | Scene, ViewLayer | Updating Objects Flags
Fra:1 Mem:37.14M (Peak 38.33M) | Time:00:00.70 | Mem:18.46M, Peak:18.60M | Scene, ViewLayer | Updating Primitive Offsets
Fra:1 Mem:37.14M (Peak 38.33M) | Time:00:00.70 | Mem:18.46M, Peak:18.60M | Scene, ViewLayer | Updating Images
Fra:1 Mem:37.14M (Peak 38.33M) | Time:00:00.70 | Mem:18.46M, Peak:18.60M | Scene, ViewLayer | Updating Camera Volume
Fra:1 Mem:37.14M (Peak 38.33M) | Time:00:00.70 | Mem:18.46M, Peak:18.60M | Scene, ViewLayer | Updating Lookup Tables
Fra:1 Mem:37.14M (Peak 38.33M) | Time:00:00.70 | Mem:18.55M, Peak:18.60M | Scene, ViewLayer | Updating Lights
Fra:1 Mem:37.14M (Peak 38.33M) | Time:00:00.70 | Mem:18.55M, Peak:18.60M | Scene, ViewLayer | Updating Lights | Computing tree
Fra:1 Mem:37.14M (Peak 38.33M) | Time:00:00.70 | Mem:18.55M, Peak:18.60M | Scene, ViewLayer | Updating Integrator
Fra:1 Mem:37.14M (Peak 38.33M) | Time:00:00.70 | Mem:18.55M, Peak:18.60M | Scene, ViewLayer | Updating Film
Fra:1 Mem:37.14M (Peak 38.33M) | Time:00:00.70 | Mem:18.47M, Peak:18.60M | Scene, ViewLayer | Updating Lookup Tables
Fra:1 Mem:37.14M (Peak 38.33M) | Time:00:00.70 | Mem:18.55M, Peak:18.60M | Scene, ViewLayer | Updating Baking
Fra:1 Mem:37.14M (Peak 38.33M) | Time:00:00.70 | Mem:18.55M, Peak:18.60M | Scene, ViewLayer | Updating Device | Writing constant memory
Fra:1 Mem:37.15M (Peak 38.33M) | Time:00:00.70 | Mem:18.55M, Peak:18.60M | Scene, ViewLayer | Loading denoising kernels (may take a few minutes the first time)
Fra:1 Mem:37.15M (Peak 38.33M) | Time:00:00.70 | Mem:18.55M, Peak:18.60M | Scene, ViewLayer | Sample 0/24
Fra:1 Mem:87.27M (Peak 87.27M) | Time:00:01.37 | Remaining:00:15.37 | Mem:68.66M, Peak:68.66M | Scene, ViewLayer | Sample 1/24
Fra:1 Mem:108.36M (Peak 140.01M) | Time:00:23.03 | Mem:68.66M, Peak:68.66M | Scene, ViewLayer | Sample 24/24
Fra:1 Mem:108.36M (Peak 140.01M) | Time:00:23.03 | Mem:68.66M, Peak:68.66M | Scene, ViewLayer | Finished
Saved: '/home/lzzz/MyProjects/N-SIDE/output/characters/CHR-001/model-r7/before/upper-quarter.png'
Time: 00:23.12 (Saving: 00:00.08)

Fra:1 Mem:21.54M (Peak 22.20M) | Time:00:00.03 | Mem:0.00M, Peak:0.00M | Scene, ViewLayer | Synchronizing object | TShirt
Fra:1 Mem:21.70M (Peak 22.20M) | Time:00:00.04 | Mem:0.00M, Peak:0.00M | Scene, ViewLayer | Synchronizing object | TShirt_Collar
Fra:1 Mem:21.72M (Peak 22.20M) | Time:00:00.04 | Mem:0.00M, Peak:0.00M | Scene, ViewLayer | Synchronizing object | Hood
Fra:1 Mem:21.78M (Peak 22.20M) | Time:00:00.04 | Mem:0.00M, Peak:0.00M | Scene, ViewLayer | Synchronizing object | Sleeve_Cuff.L
Fra:1 Mem:21.78M (Peak 22.20M) | Time:00:00.04 | Mem:0.00M, Peak:0.00M | Scene, ViewLayer | Synchronizing object | Zip_Tape.L
Fra:1 Mem:21.79M (Peak 22.20M) | Time:00:00.04 | Mem:0.00M, Peak:0.00M | Scene, ViewLayer | Synchronizing object | Hood_Cord.L
Fra:1 Mem:21.82M (Peak 22.20M) | Time:00:00.05 | Mem:0.00M, Peak:0.00M | Scene, ViewLayer | Synchronizing object | Palm.L
Fra:1 Mem:21.88M (Peak 22.20M) | Time:00:00.05 | Mem:0.00M, Peak:0.00M | Scene, ViewLayer | Synchronizing object | Index_Mesh.L
Fra:1 Mem:21.91M (Peak 22.20M) | Time:00:00.05 | Mem:0.00M, Peak:0.00M | Scene, ViewLayer | Synchronizing object | Middle_Mesh.L
Fra:1 Mem:21.88M (Peak 22.20M) | Time:00:00.05 | Mem:0.00M, Peak:0.00M | Scene, ViewLayer | Synchronizing object | Ring_Mesh.L
Fra:1 Mem:21.89M (Peak 22.20M) | Time:00:00.05 | Mem:0.00M, Peak:0.00M | Scene, ViewLayer | Synchronizing object | Pinky_Mesh.L
Fra:1 Mem:21.90M (Peak 22.20M) | Time:00:00.05 | Mem:0.00M, Peak:0.00M | Scene, ViewLayer | Synchronizing object | Thumb_Mesh.L
Fra:1 Mem:22.08M (Peak 22.20M) | Time:00:00.09 | Mem:0.00M, Peak:0.00M | Scene, ViewLayer | Synchronizing object | Trousers.L
Fra:1 Mem:22.34M (Peak 22.34M) | Time:00:00.09 | Mem:0.00M, Peak:0.00M | Scene, ViewLayer | Synchronizing object | Sneaker_Sole.L
Fra:1 Mem:22.36M (Peak 22.36M) | Time:00:00.09 | Mem:0.00M, Peak:0.00M | Scene, ViewLayer | Synchronizing object | Sneaker_Upper.L
Fra:1 Mem:22.38M (Peak 22.38M) | Time:00:00.09 | Mem:0.00M, Peak:0.00M | Scene, ViewLayer | Synchronizing object | Sock.L
Fra:1 Mem:22.38M (Peak 22.38M) | Time:00:00.09 | Mem:0.00M, Peak:0.00M | Scene, ViewLayer | Synchronizing object | Lace_0.L
Fra:1 Mem:22.38M (Peak 22.38M) | Time:00:00.09 | Mem:0.00M, Peak:0.00M | Scene, ViewLayer | Synchronizing object | Lace_1.L
Fra:1 Mem:22.39M (Peak 22.39M) | Time:00:00.09 | Mem:0.00M, Peak:0.00M | Scene, ViewLayer | Synchronizing object | Lace_2.L
Fra:1 Mem:22.39M (Peak 22.39M) | Time:00:00.09 | Mem:0.00M, Peak:0.00M | Scene, ViewLayer | Synchronizing object | Lace_3.L
Fra:1 Mem:22.39M (Peak 22.39M) | Time:00:00.09 | Mem:0.00M, Peak:0.00M | Scene, ViewLayer | Synchronizing object | Heel_Tab.L
Fra:1 Mem:22.39M (Peak 22.39M) | Time:00:00.09 | Mem:0.00M, Peak:0.00M | Scene, ViewLayer | Synchronizing object | Sleeve_Cuff.R
Fra:1 Mem:22.40M (Peak 22.40M) | Time:00:00.09 | Mem:0.00M, Peak:0.00M | Scene, ViewLayer | Synchronizing object | Zip_Tape.R
Fra:1 Mem:22.41M (Peak 22.41M) | Time:00:00.09 | Mem:0.00M, Peak:0.00M | Scene, ViewLayer | Synchronizing object | Hood_Cord.R
Fra:1 Mem:22.44M (Peak 22.44M) | Time:00:00.10 | Mem:0.00M, Peak:0.00M | Scene, ViewLayer | Synchronizing object | Palm.R
Fra:1 Mem:22.49M (Peak 22.49M) | Time:00:00.10 | Mem:0.00M, Peak:0.00M | Scene, ViewLayer | Synchronizing object | Index_Mesh.R
Fra:1 Mem:22.50M (Peak 22.50M) | Time:00:00.10 | Mem:0.00M, Peak:0.00M | Scene, ViewLayer | Synchronizing object | Middle_Mesh.R
Fra:1 Mem:22.54M (Peak 22.54M) | Time:00:00.10 | Mem:0.00M, Peak:0.00M | Scene, ViewLayer | Synchronizing object | Ring_Mesh.R
Fra:1 Mem:22.52M (Peak 22.54M) | Time:00:00.10 | Mem:0.00M, Peak:0.00M | Scene, ViewLayer | Synchronizing object | Pinky_Mesh.R
Fra:1 Mem:22.52M (Peak 22.54M) | Time:00:00.10 | Mem:0.00M, Peak:0.00M | Scene, ViewLayer | Synchronizing object | Thumb_Mesh.R
Fra:1 Mem:22.70M (Peak 22.70M) | Time:00:00.14 | Mem:0.00M, Peak:0.00M | Scene, ViewLayer | Synchronizing object | Trousers.R
Fra:1 Mem:22.97M (Peak 22.97M) | Time:00:00.14 | Mem:0.00M, Peak:0.00M | Scene, ViewLayer | Synchronizing object | Sneaker_Sole.R
Fra:1 Mem:23.08M (Peak 23.08M) | Time:00:00.14 | Mem:0.00M, Peak:0.00M | Scene, ViewLayer | Synchronizing object | Sneaker_Upper.R
Fra:1 Mem:23.10M (Peak 23.10M) | Time:00:00.14 | Mem:0.00M, Peak:0.00M | Scene, ViewLayer | Synchronizing object | Sock.R
Fra:1 Mem:23.03M (Peak 23.10M) | Time:00:00.14 | Mem:0.00M, Peak:0.00M | Scene, ViewLayer | Synchronizing object | Lace_0.R
Fra:1 Mem:23.03M (Peak 23.10M) | Time:00:00.14 | Mem:0.00M, Peak:0.00M | Scene, ViewLayer | Synchronizing object | Lace_1.R
Fra:1 Mem:23.01M (Peak 23.10M) | Time:00:00.14 | Mem:0.00M, Peak:0.00M | Scene, ViewLayer | Synchronizing object | Lace_2.R
Fra:1 Mem:23.01M (Peak 23.10M) | Time:00:00.14 | Mem:0.00M, Peak:0.00M | Scene, ViewLayer | Synchronizing object | Lace_3.R
Fra:1 Mem:23.01M (Peak 23.10M) | Time:00:00.14 | Mem:0.00M, Peak:0.00M | Scene, ViewLayer | Synchronizing object | Heel_Tab.R
Fra:1 Mem:23.59M (Peak 23.59M) | Time:00:00.18 | Mem:0.00M, Peak:0.00M | Scene, ViewLayer | Synchronizing object | Jacket_ContinuousShoulders
Fra:1 Mem:24.82M (Peak 24.82M) | Time:00:00.61 | Mem:0.00M, Peak:0.00M | Scene, ViewLayer | Synchronizing object | Face_Head
Fra:1 Mem:25.48M (Peak 25.48M) | Time:00:00.62 | Mem:0.00M, Peak:0.00M | Scene, ViewLayer | Synchronizing object | Ear.L
Fra:1 Mem:25.54M (Peak 25.54M) | Time:00:00.62 | Mem:0.00M, Peak:0.00M | Scene, ViewLayer | Synchronizing object | Ear_Fold.L
Fra:1 Mem:25.59M (Peak 25.59M) | Time:00:00.63 | Mem:0.00M, Peak:0.00M | Scene, ViewLayer | Synchronizing object | Ear.R
Fra:1 Mem:25.65M (Peak 25.65M) | Time:00:00.63 | Mem:0.00M, Peak:0.00M | Scene, ViewLayer | Synchronizing object | Ear_Fold.R
Fra:1 Mem:25.66M (Peak 25.66M) | Time:00:00.63 | Mem:0.00M, Peak:0.00M | Scene, ViewLayer | Synchronizing object | Eye_White.L
Fra:1 Mem:25.66M (Peak 25.66M) | Time:00:00.63 | Mem:0.00M, Peak:0.00M | Scene, ViewLayer | Synchronizing object | Iris_hair.L
Fra:1 Mem:25.67M (Peak 25.67M) | Time:00:00.63 | Mem:0.00M, Peak:0.00M | Scene, ViewLayer | Synchronizing object | Iris_ink.L
Fra:1 Mem:25.68M (Peak 25.68M) | Time:00:00.63 | Mem:0.00M, Peak:0.00M | Scene, ViewLayer | Synchronizing object | Eye_Glint.L
Fra:1 Mem:25.68M (Peak 25.68M) | Time:00:00.64 | Mem:0.00M, Peak:0.00M | Scene, ViewLayer | Synchronizing object | Upper_Lid.L
Fra:1 Mem:25.69M (Peak 25.69M) | Time:00:00.64 | Mem:0.00M, Peak:0.00M | Scene, ViewLayer | Synchronizing object | Lower_Lid.L
Fra:1 Mem:25.70M (Peak 25.70M) | Time:00:00.64 | Mem:0.00M, Peak:0.00M | Scene, ViewLayer | Synchronizing object | Eyebrow.L
Fra:1 Mem:25.70M (Peak 25.70M) | Time:00:00.64 | Mem:0.00M, Peak:0.00M | Scene, ViewLayer | Synchronizing object | Eye_White.R
Fra:1 Mem:25.71M (Peak 25.71M) | Time:00:00.64 | Mem:0.00M, Peak:0.00M | Scene, ViewLayer | Synchronizing object | Iris_hair.R
Fra:1 Mem:25.72M (Peak 25.72M) | Time:00:00.64 | Mem:0.00M, Peak:0.00M | Scene, ViewLayer | Synchronizing object | Iris_ink.R
Fra:1 Mem:25.73M (Peak 25.73M) | Time:00:00.64 | Mem:0.00M, Peak:0.00M | Scene, ViewLayer | Synchronizing object | Eye_Glint.R
Fra:1 Mem:25.73M (Peak 25.73M) | Time:00:00.64 | Mem:0.00M, Peak:0.00M | Scene, ViewLayer | Synchronizing object | Upper_Lid.R
Fra:1 Mem:25.75M (Peak 25.75M) | Time:00:00.64 | Mem:0.00M, Peak:0.00M | Scene, ViewLayer | Synchronizing object | Lower_Lid.R
Fra:1 Mem:25.75M (Peak 25.75M) | Time:00:00.64 | Mem:0.00M, Peak:0.00M | Scene, ViewLayer | Synchronizing object | Eyebrow.R
Fra:1 Mem:25.75M (Peak 25.75M) | Time:00:00.64 | Mem:0.00M, Peak:0.00M | Scene, ViewLayer | Synchronizing object | Mouth
Fra:1 Mem:25.77M (Peak 25.77M) | Time:00:00.64 | Mem:0.00M, Peak:0.00M | Scene, ViewLayer | Synchronizing object | Hair_Cap
Fra:1 Mem:26.57M (Peak 26.57M) | Time:00:00.68 | Mem:0.00M, Peak:0.00M | Scene, ViewLayer | Synchronizing object | Hair_CrownBase
Fra:1 Mem:26.66M (Peak 26.66M) | Time:00:00.68 | Mem:0.00M, Peak:0.00M | Scene, ViewLayer | Synchronizing object | Review_Rim
Fra:1 Mem:26.66M (Peak 26.66M) | Time:00:00.68 | Mem:0.00M, Peak:0.00M | Scene, ViewLayer | Synchronizing object | Review_Fill
Fra:1 Mem:26.66M (Peak 26.66M) | Time:00:00.68 | Mem:0.00M, Peak:0.00M | Scene, ViewLayer | Synchronizing object | Review_Key
Fra:1 Mem:26.66M (Peak 26.66M) | Time:00:00.68 | Mem:0.00M, Peak:0.00M | Scene, ViewLayer | Synchronizing object | Review_Ground
Fra:1 Mem:26.67M (Peak 26.67M) | Time:00:00.68 | Mem:0.00M, Peak:0.00M | Scene, ViewLayer | Synchronizing object | Tee_Bar
Fra:1 Mem:26.67M (Peak 26.67M) | Time:00:00.68 | Mem:0.00M, Peak:0.00M | Scene, ViewLayer | Synchronizing object | Tee_Dot_1.246
Fra:1 Mem:26.68M (Peak 26.68M) | Time:00:00.68 | Mem:0.00M, Peak:0.00M | Scene, ViewLayer | Synchronizing object | Bangs_01
Fra:1 Mem:26.68M (Peak 26.68M) | Time:00:00.68 | Mem:0.00M, Peak:0.00M | Scene, ViewLayer | Synchronizing object | Tee_Dot_1.275
Fra:1 Mem:26.70M (Peak 26.70M) | Time:00:00.68 | Mem:0.00M, Peak:0.00M | Scene, ViewLayer | Synchronizing object | Bangs_02
Fra:1 Mem:26.71M (Peak 26.71M) | Time:00:00.68 | Mem:0.00M, Peak:0.00M | Scene, ViewLayer | Synchronizing object | Crown_0.R
Fra:1 Mem:26.73M (Peak 26.73M) | Time:00:00.68 | Mem:0.00M, Peak:0.00M | Scene, ViewLayer | Synchronizing object | Bangs_03
Fra:1 Mem:26.75M (Peak 26.75M) | Time:00:00.68 | Mem:0.00M, Peak:0.00M | Scene, ViewLayer | Synchronizing object | Crown_0.L
Fra:1 Mem:26.77M (Peak 26.77M) | Time:00:00.68 | Mem:0.00M, Peak:0.00M | Scene, ViewLayer | Synchronizing object | Bangs_04
Fra:1 Mem:26.78M (Peak 26.78M) | Time:00:00.68 | Mem:0.00M, Peak:0.00M | Scene, ViewLayer | Synchronizing object | Temple_2.R
Fra:1 Mem:26.80M (Peak 26.80M) | Time:00:00.68 | Mem:0.00M, Peak:0.00M | Scene, ViewLayer | Synchronizing object | Bangs_05
Fra:1 Mem:26.81M (Peak 26.81M) | Time:00:00.68 | Mem:0.00M, Peak:0.00M | Scene, ViewLayer | Synchronizing object | Temple_1.R
Fra:1 Mem:26.84M (Peak 26.84M) | Time:00:00.68 | Mem:0.00M, Peak:0.00M | Scene, ViewLayer | Synchronizing object | Temple_0.L
Fra:1 Mem:26.85M (Peak 26.85M) | Time:00:00.68 | Mem:0.00M, Peak:0.00M | Scene, ViewLayer | Synchronizing object | Temple_0.R
Fra:1 Mem:26.87M (Peak 26.87M) | Time:00:00.68 | Mem:0.00M, Peak:0.00M | Scene, ViewLayer | Synchronizing object | Temple_1.L
Fra:1 Mem:26.89M (Peak 26.89M) | Time:00:00.68 | Mem:0.00M, Peak:0.00M | Scene, ViewLayer | Synchronizing object | Temple_2.L
Fra:1 Mem:26.91M (Peak 26.91M) | Time:00:00.68 | Mem:0.00M, Peak:0.00M | Scene, ViewLayer | Initializing
Fra:1 Mem:22.30M (Peak 26.91M) | Time:00:00.68 | Mem:0.00M, Peak:0.00M | Scene, ViewLayer | Updating Images | Loading CHR001_GreyStudy_Normal
Fra:1 Mem:34.33M (Peak 38.32M) | Time:00:00.69 | Mem:4.00M, Peak:4.00M | Scene, ViewLayer | Updating Images | Loading CHR001_GreyStudy_Surface
Fra:1 Mem:30.85M (Peak 38.33M) | Time:00:00.70 | Mem:12.00M, Peak:12.00M | Scene, ViewLayer | Waiting for render to start
Fra:1 Mem:30.85M (Peak 38.33M) | Time:00:00.70 | Mem:12.00M, Peak:12.00M | Scene, ViewLayer | Updating Scene
Fra:1 Mem:30.85M (Peak 38.33M) | Time:00:00.70 | Mem:12.00M, Peak:12.00M | Scene, ViewLayer | Updating Shaders
Fra:1 Mem:30.85M (Peak 38.33M) | Time:00:00.70 | Mem:12.00M, Peak:12.00M | Scene, ViewLayer | Loading render kernels (may take a few minutes the first time)
Fra:1 Mem:30.93M (Peak 38.33M) | Time:00:00.70 | Mem:12.00M, Peak:12.00M | Scene, ViewLayer | Updating Procedurals
Fra:1 Mem:30.93M (Peak 38.33M) | Time:00:00.70 | Mem:12.00M, Peak:12.00M | Scene, ViewLayer | Updating Background
Fra:1 Mem:30.93M (Peak 38.33M) | Time:00:00.70 | Mem:12.00M, Peak:12.00M | Scene, ViewLayer | Updating Camera
Fra:1 Mem:30.93M (Peak 38.33M) | Time:00:00.70 | Mem:12.00M, Peak:12.00M | Scene, ViewLayer | Updating Meshes Flags
Fra:1 Mem:30.93M (Peak 38.33M) | Time:00:00.70 | Mem:12.00M, Peak:12.00M | Scene, ViewLayer | Updating Objects
Fra:1 Mem:30.93M (Peak 38.33M) | Time:00:00.70 | Mem:12.00M, Peak:12.00M | Scene, ViewLayer | Updating Objects | Copying Transformations to device
Fra:1 Mem:30.95M (Peak 38.33M) | Time:00:00.70 | Mem:12.02M, Peak:12.02M | Scene, ViewLayer | Updating Particle Systems
Fra:1 Mem:30.95M (Peak 38.33M) | Time:00:00.70 | Mem:12.02M, Peak:12.02M | Scene, ViewLayer | Updating Particle Systems | Copying Particles to device
Fra:1 Mem:30.95M (Peak 38.33M) | Time:00:00.70 | Mem:12.02M, Peak:12.02M | Scene, ViewLayer | Updating Meshes
Fra:1 Mem:33.18M (Peak 38.33M) | Time:00:00.72 | Mem:12.02M, Peak:12.02M | Scene, ViewLayer | Updating Objects | Applying Static Transformations
Fra:1 Mem:33.18M (Peak 38.33M) | Time:00:00.72 | Mem:12.02M, Peak:12.02M | Scene, ViewLayer | Updating Mesh | Computing attributes
Fra:1 Mem:36.11M (Peak 38.33M) | Time:00:00.72 | Mem:12.03M, Peak:12.03M | Scene, ViewLayer | Updating Mesh | Copying Attributes to device
Fra:1 Mem:36.09M (Peak 38.33M) | Time:00:00.72 | Mem:14.93M, Peak:14.93M | Scene, ViewLayer | Updating Scene BVH | Building
Fra:1 Mem:36.09M (Peak 38.33M) | Time:00:00.72 | Mem:14.93M, Peak:14.93M | Scene, ViewLayer | Updating Scene BVH | Building BVH
Fra:1 Mem:36.09M (Peak 38.33M) | Time:00:00.72 | Mem:16.12M, Peak:16.12M | Scene, ViewLayer | Updating Scene BVH | Building BVH 0%
Fra:1 Mem:36.09M (Peak 38.33M) | Time:00:00.73 | Mem:17.41M, Peak:18.60M | Scene, ViewLayer | Updating Scene BVH | Copying BVH to device
Fra:1 Mem:36.09M (Peak 38.33M) | Time:00:00.73 | Mem:17.41M, Peak:18.60M | Scene, ViewLayer | Updating Mesh | Computing normals
Fra:1 Mem:37.14M (Peak 38.33M) | Time:00:00.73 | Mem:17.41M, Peak:18.60M | Scene, ViewLayer | Updating Mesh | Copying Mesh to device
Fra:1 Mem:37.14M (Peak 38.33M) | Time:00:00.73 | Mem:18.46M, Peak:18.60M | Scene, ViewLayer | Updating Objects Flags
Fra:1 Mem:37.14M (Peak 38.33M) | Time:00:00.73 | Mem:18.46M, Peak:18.60M | Scene, ViewLayer | Updating Primitive Offsets
Fra:1 Mem:37.14M (Peak 38.33M) | Time:00:00.73 | Mem:18.46M, Peak:18.60M | Scene, ViewLayer | Updating Images
Fra:1 Mem:37.14M (Peak 38.33M) | Time:00:00.73 | Mem:18.46M, Peak:18.60M | Scene, ViewLayer | Updating Camera Volume
Fra:1 Mem:37.14M (Peak 38.33M) | Time:00:00.73 | Mem:18.46M, Peak:18.60M | Scene, ViewLayer | Updating Lookup Tables
Fra:1 Mem:37.14M (Peak 38.33M) | Time:00:00.73 | Mem:18.55M, Peak:18.60M | Scene, ViewLayer | Updating Lights
Fra:1 Mem:37.14M (Peak 38.33M) | Time:00:00.73 | Mem:18.55M, Peak:18.60M | Scene, ViewLayer | Updating Lights | Computing tree
Fra:1 Mem:37.14M (Peak 38.33M) | Time:00:00.73 | Mem:18.55M, Peak:18.60M | Scene, ViewLayer | Updating Integrator
Fra:1 Mem:37.14M (Peak 38.33M) | Time:00:00.73 | Mem:18.55M, Peak:18.60M | Scene, ViewLayer | Updating Film
Fra:1 Mem:37.14M (Peak 38.33M) | Time:00:00.73 | Mem:18.47M, Peak:18.60M | Scene, ViewLayer | Updating Lookup Tables
Fra:1 Mem:37.14M (Peak 38.33M) | Time:00:00.73 | Mem:18.55M, Peak:18.60M | Scene, ViewLayer | Updating Baking
Fra:1 Mem:37.14M (Peak 38.33M) | Time:00:00.73 | Mem:18.55M, Peak:18.60M | Scene, ViewLayer | Updating Device | Writing constant memory
Fra:1 Mem:37.15M (Peak 38.33M) | Time:00:00.73 | Mem:18.55M, Peak:18.60M | Scene, ViewLayer | Loading denoising kernels (may take a few minutes the first time)
Fra:1 Mem:37.15M (Peak 38.33M) | Time:00:00.73 | Mem:18.55M, Peak:18.60M | Scene, ViewLayer | Sample 0/24
Fra:1 Mem:87.27M (Peak 87.27M) | Time:00:01.18 | Remaining:00:10.33 | Mem:68.66M, Peak:68.66M | Scene, ViewLayer | Sample 1/24
Fra:1 Mem:108.36M (Peak 140.01M) | Time:00:17.18 | Mem:68.66M, Peak:68.66M | Scene, ViewLayer | Sample 24/24
Fra:1 Mem:108.36M (Peak 140.01M) | Time:00:17.18 | Mem:68.66M, Peak:68.66M | Scene, ViewLayer | Finished
Saved: '/home/lzzz/MyProjects/N-SIDE/output/characters/CHR-001/model-r7/before/upper-side.png'
Time: 00:17.25 (Saving: 00:00.06)

Fra:1 Mem:21.54M (Peak 22.23M) | Time:00:00.03 | Mem:0.00M, Peak:0.00M | Scene, ViewLayer | Synchronizing object | TShirt
Fra:1 Mem:21.70M (Peak 22.23M) | Time:00:00.03 | Mem:0.00M, Peak:0.00M | Scene, ViewLayer | Synchronizing object | TShirt_Collar
Fra:1 Mem:21.72M (Peak 22.23M) | Time:00:00.03 | Mem:0.00M, Peak:0.00M | Scene, ViewLayer | Synchronizing object | Hood
Fra:1 Mem:21.78M (Peak 22.23M) | Time:00:00.03 | Mem:0.00M, Peak:0.00M | Scene, ViewLayer | Synchronizing object | Sleeve_Cuff.L
Fra:1 Mem:21.78M (Peak 22.23M) | Time:00:00.03 | Mem:0.00M, Peak:0.00M | Scene, ViewLayer | Synchronizing object | Zip_Tape.L
Fra:1 Mem:21.79M (Peak 22.23M) | Time:00:00.03 | Mem:0.00M, Peak:0.00M | Scene, ViewLayer | Synchronizing object | Hood_Cord.L
Fra:1 Mem:21.82M (Peak 22.23M) | Time:00:00.05 | Mem:0.00M, Peak:0.00M | Scene, ViewLayer | Synchronizing object | Palm.L
Fra:1 Mem:21.88M (Peak 22.23M) | Time:00:00.05 | Mem:0.00M, Peak:0.00M | Scene, ViewLayer | Synchronizing object | Index_Mesh.L
Fra:1 Mem:21.91M (Peak 22.23M) | Time:00:00.05 | Mem:0.00M, Peak:0.00M | Scene, ViewLayer | Synchronizing object | Middle_Mesh.L
Fra:1 Mem:21.88M (Peak 22.23M) | Time:00:00.05 | Mem:0.00M, Peak:0.00M | Scene, ViewLayer | Synchronizing object | Ring_Mesh.L
Fra:1 Mem:21.89M (Peak 22.23M) | Time:00:00.05 | Mem:0.00M, Peak:0.00M | Scene, ViewLayer | Synchronizing object | Pinky_Mesh.L
Fra:1 Mem:21.90M (Peak 22.23M) | Time:00:00.05 | Mem:0.00M, Peak:0.00M | Scene, ViewLayer | Synchronizing object | Thumb_Mesh.L
Fra:1 Mem:22.08M (Peak 22.23M) | Time:00:00.08 | Mem:0.00M, Peak:0.00M | Scene, ViewLayer | Synchronizing object | Trousers.L
Fra:1 Mem:22.34M (Peak 22.34M) | Time:00:00.08 | Mem:0.00M, Peak:0.00M | Scene, ViewLayer | Synchronizing object | Sneaker_Sole.L
Fra:1 Mem:22.36M (Peak 22.36M) | Time:00:00.08 | Mem:0.00M, Peak:0.00M | Scene, ViewLayer | Synchronizing object | Sneaker_Upper.L
Fra:1 Mem:22.38M (Peak 22.38M) | Time:00:00.08 | Mem:0.00M, Peak:0.00M | Scene, ViewLayer | Synchronizing object | Sock.L
Fra:1 Mem:22.38M (Peak 22.38M) | Time:00:00.08 | Mem:0.00M, Peak:0.00M | Scene, ViewLayer | Synchronizing object | Lace_0.L
Fra:1 Mem:22.38M (Peak 22.38M) | Time:00:00.08 | Mem:0.00M, Peak:0.00M | Scene, ViewLayer | Synchronizing object | Lace_1.L
Fra:1 Mem:22.39M (Peak 22.39M) | Time:00:00.08 | Mem:0.00M, Peak:0.00M | Scene, ViewLayer | Synchronizing object | Lace_2.L
Fra:1 Mem:22.39M (Peak 22.39M) | Time:00:00.08 | Mem:0.00M, Peak:0.00M | Scene, ViewLayer | Synchronizing object | Lace_3.L
Fra:1 Mem:22.39M (Peak 22.39M) | Time:00:00.08 | Mem:0.00M, Peak:0.00M | Scene, ViewLayer | Synchronizing object | Heel_Tab.L
Fra:1 Mem:22.39M (Peak 22.39M) | Time:00:00.08 | Mem:0.00M, Peak:0.00M | Scene, ViewLayer | Synchronizing object | Sleeve_Cuff.R
Fra:1 Mem:22.40M (Peak 22.40M) | Time:00:00.08 | Mem:0.00M, Peak:0.00M | Scene, ViewLayer | Synchronizing object | Zip_Tape.R
Fra:1 Mem:22.41M (Peak 22.41M) | Time:00:00.08 | Mem:0.00M, Peak:0.00M | Scene, ViewLayer | Synchronizing object | Hood_Cord.R
Fra:1 Mem:22.44M (Peak 22.44M) | Time:00:00.09 | Mem:0.00M, Peak:0.00M | Scene, ViewLayer | Synchronizing object | Palm.R
Fra:1 Mem:22.50M (Peak 22.50M) | Time:00:00.09 | Mem:0.00M, Peak:0.00M | Scene, ViewLayer | Synchronizing object | Index_Mesh.R
Fra:1 Mem:22.50M (Peak 22.50M) | Time:00:00.09 | Mem:0.00M, Peak:0.00M | Scene, ViewLayer | Synchronizing object | Middle_Mesh.R
Fra:1 Mem:22.50M (Peak 22.50M) | Time:00:00.09 | Mem:0.00M, Peak:0.00M | Scene, ViewLayer | Synchronizing object | Ring_Mesh.R
Fra:1 Mem:22.51M (Peak 22.51M) | Time:00:00.09 | Mem:0.00M, Peak:0.00M | Scene, ViewLayer | Synchronizing object | Pinky_Mesh.R
Fra:1 Mem:22.52M (Peak 22.52M) | Time:00:00.09 | Mem:0.00M, Peak:0.00M | Scene, ViewLayer | Synchronizing object | Thumb_Mesh.R
Fra:1 Mem:22.70M (Peak 22.70M) | Time:00:00.13 | Mem:0.00M, Peak:0.00M | Scene, ViewLayer | Synchronizing object | Trousers.R
Fra:1 Mem:22.97M (Peak 22.97M) | Time:00:00.13 | Mem:0.00M, Peak:0.00M | Scene, ViewLayer | Synchronizing object | Sneaker_Sole.R
Fra:1 Mem:22.99M (Peak 22.99M) | Time:00:00.13 | Mem:0.00M, Peak:0.00M | Scene, ViewLayer | Synchronizing object | Sneaker_Upper.R
Fra:1 Mem:23.10M (Peak 23.10M) | Time:00:00.13 | Mem:0.00M, Peak:0.00M | Scene, ViewLayer | Synchronizing object | Sock.R
Fra:1 Mem:23.10M (Peak 23.10M) | Time:00:00.13 | Mem:0.00M, Peak:0.00M | Scene, ViewLayer | Synchronizing object | Lace_0.R
Fra:1 Mem:23.03M (Peak 23.10M) | Time:00:00.13 | Mem:0.00M, Peak:0.00M | Scene, ViewLayer | Synchronizing object | Lace_1.R
Fra:1 Mem:23.04M (Peak 23.10M) | Time:00:00.13 | Mem:0.00M, Peak:0.00M | Scene, ViewLayer | Synchronizing object | Lace_2.R
Fra:1 Mem:23.01M (Peak 23.10M) | Time:00:00.13 | Mem:0.00M, Peak:0.00M | Scene, ViewLayer | Synchronizing object | Lace_3.R
Fra:1 Mem:23.01M (Peak 23.10M) | Time:00:00.13 | Mem:0.00M, Peak:0.00M | Scene, ViewLayer | Synchronizing object | Heel_Tab.R
Fra:1 Mem:23.59M (Peak 23.59M) | Time:00:00.17 | Mem:0.00M, Peak:0.00M | Scene, ViewLayer | Synchronizing object | Jacket_ContinuousShoulders
Fra:1 Mem:24.82M (Peak 24.82M) | Time:00:00.59 | Mem:0.00M, Peak:0.00M | Scene, ViewLayer | Synchronizing object | Face_Head
Fra:1 Mem:25.48M (Peak 25.48M) | Time:00:00.60 | Mem:0.00M, Peak:0.00M | Scene, ViewLayer | Synchronizing object | Ear.L
Fra:1 Mem:25.54M (Peak 25.54M) | Time:00:00.60 | Mem:0.00M, Peak:0.00M | Scene, ViewLayer | Synchronizing object | Ear_Fold.L
Fra:1 Mem:25.59M (Peak 25.59M) | Time:00:00.61 | Mem:0.00M, Peak:0.00M | Scene, ViewLayer | Synchronizing object | Ear.R
Fra:1 Mem:25.65M (Peak 25.65M) | Time:00:00.61 | Mem:0.00M, Peak:0.00M | Scene, ViewLayer | Synchronizing object | Ear_Fold.R
Fra:1 Mem:25.65M (Peak 25.65M) | Time:00:00.61 | Mem:0.00M, Peak:0.00M | Scene, ViewLayer | Synchronizing object | Eye_White.L
Fra:1 Mem:25.66M (Peak 25.66M) | Time:00:00.61 | Mem:0.00M, Peak:0.00M | Scene, ViewLayer | Synchronizing object | Iris_hair.L
Fra:1 Mem:25.67M (Peak 25.67M) | Time:00:00.61 | Mem:0.00M, Peak:0.00M | Scene, ViewLayer | Synchronizing object | Iris_ink.L
Fra:1 Mem:25.68M (Peak 25.68M) | Time:00:00.61 | Mem:0.00M, Peak:0.00M | Scene, ViewLayer | Synchronizing object | Eye_Glint.L
Fra:1 Mem:25.68M (Peak 25.68M) | Time:00:00.61 | Mem:0.00M, Peak:0.00M | Scene, ViewLayer | Synchronizing object | Upper_Lid.L
Fra:1 Mem:25.69M (Peak 25.69M) | Time:00:00.61 | Mem:0.00M, Peak:0.00M | Scene, ViewLayer | Synchronizing object | Lower_Lid.L
Fra:1 Mem:25.70M (Peak 25.70M) | Time:00:00.61 | Mem:0.00M, Peak:0.00M | Scene, ViewLayer | Synchronizing object | Eyebrow.L
Fra:1 Mem:25.70M (Peak 25.70M) | Time:00:00.61 | Mem:0.00M, Peak:0.00M | Scene, ViewLayer | Synchronizing object | Eye_White.R
Fra:1 Mem:25.71M (Peak 25.71M) | Time:00:00.61 | Mem:0.00M, Peak:0.00M | Scene, ViewLayer | Synchronizing object | Iris_hair.R
Fra:1 Mem:25.72M (Peak 25.72M) | Time:00:00.61 | Mem:0.00M, Peak:0.00M | Scene, ViewLayer | Synchronizing object | Iris_ink.R
Fra:1 Mem:25.73M (Peak 25.73M) | Time:00:00.61 | Mem:0.00M, Peak:0.00M | Scene, ViewLayer | Synchronizing object | Eye_Glint.R
Fra:1 Mem:25.73M (Peak 25.73M) | Time:00:00.61 | Mem:0.00M, Peak:0.00M | Scene, ViewLayer | Synchronizing object | Upper_Lid.R
Fra:1 Mem:25.75M (Peak 25.75M) | Time:00:00.61 | Mem:0.00M, Peak:0.00M | Scene, ViewLayer | Synchronizing object | Lower_Lid.R
Fra:1 Mem:25.75M (Peak 25.75M) | Time:00:00.61 | Mem:0.00M, Peak:0.00M | Scene, ViewLayer | Synchronizing object | Eyebrow.R
Fra:1 Mem:25.75M (Peak 25.75M) | Time:00:00.61 | Mem:0.00M, Peak:0.00M | Scene, ViewLayer | Synchronizing object | Mouth
Fra:1 Mem:25.77M (Peak 25.77M) | Time:00:00.61 | Mem:0.00M, Peak:0.00M | Scene, ViewLayer | Synchronizing object | Hair_Cap
Fra:1 Mem:26.57M (Peak 26.57M) | Time:00:00.65 | Mem:0.00M, Peak:0.00M | Scene, ViewLayer | Synchronizing object | Hair_CrownBase
Fra:1 Mem:26.66M (Peak 26.66M) | Time:00:00.65 | Mem:0.00M, Peak:0.00M | Scene, ViewLayer | Synchronizing object | Review_Rim
Fra:1 Mem:26.68M (Peak 26.68M) | Time:00:00.65 | Mem:0.00M, Peak:0.00M | Scene, ViewLayer | Synchronizing object | Review_Fill
Fra:1 Mem:26.68M (Peak 26.68M) | Time:00:00.65 | Mem:0.00M, Peak:0.00M | Scene, ViewLayer | Synchronizing object | Review_Key
Fra:1 Mem:26.66M (Peak 26.68M) | Time:00:00.65 | Mem:0.00M, Peak:0.00M | Scene, ViewLayer | Synchronizing object | Review_Ground
Fra:1 Mem:26.66M (Peak 26.68M) | Time:00:00.65 | Mem:0.00M, Peak:0.00M | Scene, ViewLayer | Synchronizing object | Tee_Bar
Fra:1 Mem:26.67M (Peak 26.68M) | Time:00:00.65 | Mem:0.00M, Peak:0.00M | Scene, ViewLayer | Synchronizing object | Tee_Dot_1.246
Fra:1 Mem:26.69M (Peak 26.69M) | Time:00:00.65 | Mem:0.00M, Peak:0.00M | Scene, ViewLayer | Synchronizing object | Tee_Dot_1.275
Fra:1 Mem:26.68M (Peak 26.69M) | Time:00:00.65 | Mem:0.00M, Peak:0.00M | Scene, ViewLayer | Synchronizing object | Bangs_01
Fra:1 Mem:26.69M (Peak 26.69M) | Time:00:00.65 | Mem:0.00M, Peak:0.00M | Scene, ViewLayer | Synchronizing object | Crown_0.R
Fra:1 Mem:26.72M (Peak 26.72M) | Time:00:00.65 | Mem:0.00M, Peak:0.00M | Scene, ViewLayer | Synchronizing object | Bangs_02
Fra:1 Mem:26.73M (Peak 26.73M) | Time:00:00.65 | Mem:0.00M, Peak:0.00M | Scene, ViewLayer | Synchronizing object | Crown_0.L
Fra:1 Mem:26.76M (Peak 26.76M) | Time:00:00.65 | Mem:0.00M, Peak:0.00M | Scene, ViewLayer | Synchronizing object | Temple_2.R
Fra:1 Mem:26.77M (Peak 26.77M) | Time:00:00.65 | Mem:0.00M, Peak:0.00M | Scene, ViewLayer | Synchronizing object | Bangs_03
Fra:1 Mem:26.77M (Peak 26.77M) | Time:00:00.65 | Mem:0.00M, Peak:0.00M | Scene, ViewLayer | Synchronizing object | Temple_1.R
Fra:1 Mem:26.80M (Peak 26.80M) | Time:00:00.65 | Mem:0.00M, Peak:0.00M | Scene, ViewLayer | Synchronizing object | Temple_0.R
Fra:1 Mem:26.83M (Peak 26.83M) | Time:00:00.65 | Mem:0.00M, Peak:0.00M | Scene, ViewLayer | Synchronizing object | Bangs_04
Fra:1 Mem:26.83M (Peak 26.83M) | Time:00:00.65 | Mem:0.00M, Peak:0.00M | Scene, ViewLayer | Synchronizing object | Temple_2.L
Fra:1 Mem:26.86M (Peak 26.86M) | Time:00:00.65 | Mem:0.00M, Peak:0.00M | Scene, ViewLayer | Synchronizing object | Bangs_05
Fra:1 Mem:26.86M (Peak 26.86M) | Time:00:00.65 | Mem:0.00M, Peak:0.00M | Scene, ViewLayer | Synchronizing object | Temple_1.L
Fra:1 Mem:26.90M (Peak 26.90M) | Time:00:00.65 | Mem:0.00M, Peak:0.00M | Scene, ViewLayer | Synchronizing object | Temple_0.L
Fra:1 Mem:26.91M (Peak 26.91M) | Time:00:00.65 | Mem:0.00M, Peak:0.00M | Scene, ViewLayer | Initializing
Fra:1 Mem:22.30M (Peak 26.91M) | Time:00:00.65 | Mem:0.00M, Peak:0.00M | Scene, ViewLayer | Updating Images | Loading CHR001_GreyStudy_Normal
Fra:1 Mem:22.30M (Peak 26.91M) | Time:00:00.65 | Mem:0.00M, Peak:0.00M | Scene, ViewLayer | Updating Images | Loading CHR001_GreyStudy_BaseColor
Fra:1 Mem:34.33M (Peak 38.32M) | Time:00:00.66 | Mem:4.00M, Peak:4.00M | Scene, ViewLayer | Updating Images | Loading CHR001_GreyStudy_Surface
Fra:1 Mem:30.85M (Peak 38.33M) | Time:00:00.68 | Mem:12.00M, Peak:12.00M | Scene, ViewLayer | Waiting for render to start
Fra:1 Mem:30.85M (Peak 38.33M) | Time:00:00.68 | Mem:12.00M, Peak:12.00M | Scene, ViewLayer | Updating Scene
Fra:1 Mem:30.85M (Peak 38.33M) | Time:00:00.68 | Mem:12.00M, Peak:12.00M | Scene, ViewLayer | Updating Shaders
Fra:1 Mem:30.85M (Peak 38.33M) | Time:00:00.68 | Mem:12.00M, Peak:12.00M | Scene, ViewLayer | Loading render kernels (may take a few minutes the first time)
Fra:1 Mem:30.93M (Peak 38.33M) | Time:00:00.68 | Mem:12.00M, Peak:12.00M | Scene, ViewLayer | Updating Procedurals
Fra:1 Mem:30.93M (Peak 38.33M) | Time:00:00.68 | Mem:12.00M, Peak:12.00M | Scene, ViewLayer | Updating Background
Fra:1 Mem:30.93M (Peak 38.33M) | Time:00:00.68 | Mem:12.00M, Peak:12.00M | Scene, ViewLayer | Updating Camera
Fra:1 Mem:30.93M (Peak 38.33M) | Time:00:00.68 | Mem:12.00M, Peak:12.00M | Scene, ViewLayer | Updating Meshes Flags
Fra:1 Mem:30.93M (Peak 38.33M) | Time:00:00.68 | Mem:12.00M, Peak:12.00M | Scene, ViewLayer | Updating Objects
Fra:1 Mem:30.93M (Peak 38.33M) | Time:00:00.68 | Mem:12.00M, Peak:12.00M | Scene, ViewLayer | Updating Objects | Copying Transformations to device
Fra:1 Mem:30.95M (Peak 38.33M) | Time:00:00.68 | Mem:12.02M, Peak:12.02M | Scene, ViewLayer | Updating Particle Systems
Fra:1 Mem:30.95M (Peak 38.33M) | Time:00:00.68 | Mem:12.02M, Peak:12.02M | Scene, ViewLayer | Updating Particle Systems | Copying Particles to device
Fra:1 Mem:30.95M (Peak 38.33M) | Time:00:00.68 | Mem:12.02M, Peak:12.02M | Scene, ViewLayer | Updating Meshes
Fra:1 Mem:33.18M (Peak 38.33M) | Time:00:00.69 | Mem:12.02M, Peak:12.02M | Scene, ViewLayer | Updating Objects | Applying Static Transformations
Fra:1 Mem:33.18M (Peak 38.33M) | Time:00:00.69 | Mem:12.02M, Peak:12.02M | Scene, ViewLayer | Updating Mesh | Computing attributes
Fra:1 Mem:36.11M (Peak 38.33M) | Time:00:00.69 | Mem:12.03M, Peak:12.03M | Scene, ViewLayer | Updating Mesh | Copying Attributes to device
Fra:1 Mem:36.09M (Peak 38.33M) | Time:00:00.69 | Mem:14.93M, Peak:14.93M | Scene, ViewLayer | Updating Scene BVH | Building
Fra:1 Mem:36.09M (Peak 38.33M) | Time:00:00.69 | Mem:14.93M, Peak:14.93M | Scene, ViewLayer | Updating Scene BVH | Building BVH
Fra:1 Mem:36.09M (Peak 38.33M) | Time:00:00.69 | Mem:16.12M, Peak:16.12M | Scene, ViewLayer | Updating Scene BVH | Building BVH 0%
Fra:1 Mem:36.09M (Peak 38.33M) | Time:00:00.70 | Mem:17.41M, Peak:18.60M | Scene, ViewLayer | Updating Scene BVH | Copying BVH to device
Fra:1 Mem:36.09M (Peak 38.33M) | Time:00:00.70 | Mem:17.41M, Peak:18.60M | Scene, ViewLayer | Updating Mesh | Computing normals
Fra:1 Mem:37.14M (Peak 38.33M) | Time:00:00.70 | Mem:17.41M, Peak:18.60M | Scene, ViewLayer | Updating Mesh | Copying Mesh to device
Fra:1 Mem:37.14M (Peak 38.33M) | Time:00:00.70 | Mem:18.46M, Peak:18.60M | Scene, ViewLayer | Updating Objects Flags
Fra:1 Mem:37.14M (Peak 38.33M) | Time:00:00.70 | Mem:18.46M, Peak:18.60M | Scene, ViewLayer | Updating Primitive Offsets
Fra:1 Mem:37.14M (Peak 38.33M) | Time:00:00.70 | Mem:18.46M, Peak:18.60M | Scene, ViewLayer | Updating Images
Fra:1 Mem:37.14M (Peak 38.33M) | Time:00:00.70 | Mem:18.46M, Peak:18.60M | Scene, ViewLayer | Updating Camera Volume
Fra:1 Mem:37.14M (Peak 38.33M) | Time:00:00.70 | Mem:18.46M, Peak:18.60M | Scene, ViewLayer | Updating Lookup Tables
Fra:1 Mem:37.14M (Peak 38.33M) | Time:00:00.70 | Mem:18.55M, Peak:18.60M | Scene, ViewLayer | Updating Lights
Fra:1 Mem:37.14M (Peak 38.33M) | Time:00:00.70 | Mem:18.55M, Peak:18.60M | Scene, ViewLayer | Updating Lights | Computing tree
Fra:1 Mem:37.14M (Peak 38.33M) | Time:00:00.70 | Mem:18.55M, Peak:18.60M | Scene, ViewLayer | Updating Integrator
Fra:1 Mem:37.14M (Peak 38.33M) | Time:00:00.70 | Mem:18.55M, Peak:18.60M | Scene, ViewLayer | Updating Film
Fra:1 Mem:37.14M (Peak 38.33M) | Time:00:00.70 | Mem:18.47M, Peak:18.60M | Scene, ViewLayer | Updating Lookup Tables
Fra:1 Mem:37.14M (Peak 38.33M) | Time:00:00.70 | Mem:18.55M, Peak:18.60M | Scene, ViewLayer | Updating Baking
Fra:1 Mem:37.14M (Peak 38.33M) | Time:00:00.70 | Mem:18.55M, Peak:18.60M | Scene, ViewLayer | Updating Device | Writing constant memory
Fra:1 Mem:37.15M (Peak 38.33M) | Time:00:00.70 | Mem:18.55M, Peak:18.60M | Scene, ViewLayer | Loading denoising kernels (may take a few minutes the first time)
Fra:1 Mem:37.15M (Peak 38.33M) | Time:00:00.70 | Mem:18.55M, Peak:18.60M | Scene, ViewLayer | Sample 0/24
Fra:1 Mem:87.27M (Peak 87.27M) | Time:00:01.36 | Remaining:00:15.16 | Mem:68.66M, Peak:68.66M | Scene, ViewLayer | Sample 1/24
Fra:1 Mem:108.36M (Peak 140.01M) | Time:00:22.89 | Mem:68.66M, Peak:68.66M | Scene, ViewLayer | Sample 24/24
Fra:1 Mem:108.36M (Peak 140.01M) | Time:00:22.89 | Mem:68.66M, Peak:68.66M | Scene, ViewLayer | Finished
Saved: '/home/lzzz/MyProjects/N-SIDE/output/characters/CHR-001/model-r7/before/head-back.png'
Time: 00:22.97 (Saving: 00:00.07)

Fra:1 Mem:21.54M (Peak 22.23M) | Time:00:00.03 | Mem:0.00M, Peak:0.00M | Scene, ViewLayer | Synchronizing object | TShirt
Fra:1 Mem:21.70M (Peak 22.23M) | Time:00:00.03 | Mem:0.00M, Peak:0.00M | Scene, ViewLayer | Synchronizing object | TShirt_Collar
Fra:1 Mem:21.72M (Peak 22.23M) | Time:00:00.03 | Mem:0.00M, Peak:0.00M | Scene, ViewLayer | Synchronizing object | Hood
Fra:1 Mem:21.78M (Peak 22.23M) | Time:00:00.03 | Mem:0.00M, Peak:0.00M | Scene, ViewLayer | Synchronizing object | Sleeve_Cuff.L
Fra:1 Mem:21.78M (Peak 22.23M) | Time:00:00.03 | Mem:0.00M, Peak:0.00M | Scene, ViewLayer | Synchronizing object | Zip_Tape.L
Fra:1 Mem:21.79M (Peak 22.23M) | Time:00:00.03 | Mem:0.00M, Peak:0.00M | Scene, ViewLayer | Synchronizing object | Hood_Cord.L
Fra:1 Mem:21.82M (Peak 22.23M) | Time:00:00.04 | Mem:0.00M, Peak:0.00M | Scene, ViewLayer | Synchronizing object | Palm.L
Fra:1 Mem:21.88M (Peak 22.23M) | Time:00:00.04 | Mem:0.00M, Peak:0.00M | Scene, ViewLayer | Synchronizing object | Index_Mesh.L
Fra:1 Mem:21.89M (Peak 22.23M) | Time:00:00.04 | Mem:0.00M, Peak:0.00M | Scene, ViewLayer | Synchronizing object | Middle_Mesh.L
Fra:1 Mem:21.89M (Peak 22.23M) | Time:00:00.05 | Mem:0.00M, Peak:0.00M | Scene, ViewLayer | Synchronizing object | Ring_Mesh.L
Fra:1 Mem:21.89M (Peak 22.23M) | Time:00:00.05 | Mem:0.00M, Peak:0.00M | Scene, ViewLayer | Synchronizing object | Pinky_Mesh.L
Fra:1 Mem:21.90M (Peak 22.23M) | Time:00:00.05 | Mem:0.00M, Peak:0.00M | Scene, ViewLayer | Synchronizing object | Thumb_Mesh.L
Fra:1 Mem:22.08M (Peak 22.23M) | Time:00:00.08 | Mem:0.00M, Peak:0.00M | Scene, ViewLayer | Synchronizing object | Trousers.L
Fra:1 Mem:22.34M (Peak 22.34M) | Time:00:00.08 | Mem:0.00M, Peak:0.00M | Scene, ViewLayer | Synchronizing object | Sneaker_Sole.L
Fra:1 Mem:22.36M (Peak 22.36M) | Time:00:00.08 | Mem:0.00M, Peak:0.00M | Scene, ViewLayer | Synchronizing object | Sneaker_Upper.L
Fra:1 Mem:22.38M (Peak 22.38M) | Time:00:00.08 | Mem:0.00M, Peak:0.00M | Scene, ViewLayer | Synchronizing object | Sock.L
Fra:1 Mem:22.38M (Peak 22.38M) | Time:00:00.08 | Mem:0.00M, Peak:0.00M | Scene, ViewLayer | Synchronizing object | Lace_0.L
Fra:1 Mem:22.38M (Peak 22.38M) | Time:00:00.08 | Mem:0.00M, Peak:0.00M | Scene, ViewLayer | Synchronizing object | Lace_1.L
Fra:1 Mem:22.39M (Peak 22.39M) | Time:00:00.08 | Mem:0.00M, Peak:0.00M | Scene, ViewLayer | Synchronizing object | Lace_2.L
Fra:1 Mem:22.39M (Peak 22.39M) | Time:00:00.08 | Mem:0.00M, Peak:0.00M | Scene, ViewLayer | Synchronizing object | Lace_3.L
Fra:1 Mem:22.39M (Peak 22.39M) | Time:00:00.08 | Mem:0.00M, Peak:0.00M | Scene, ViewLayer | Synchronizing object | Heel_Tab.L
Fra:1 Mem:22.39M (Peak 22.39M) | Time:00:00.08 | Mem:0.00M, Peak:0.00M | Scene, ViewLayer | Synchronizing object | Sleeve_Cuff.R
Fra:1 Mem:22.40M (Peak 22.40M) | Time:00:00.08 | Mem:0.00M, Peak:0.00M | Scene, ViewLayer | Synchronizing object | Zip_Tape.R
Fra:1 Mem:22.41M (Peak 22.41M) | Time:00:00.08 | Mem:0.00M, Peak:0.00M | Scene, ViewLayer | Synchronizing object | Hood_Cord.R
Fra:1 Mem:22.44M (Peak 22.44M) | Time:00:00.09 | Mem:0.00M, Peak:0.00M | Scene, ViewLayer | Synchronizing object | Palm.R
Fra:1 Mem:22.49M (Peak 22.49M) | Time:00:00.09 | Mem:0.00M, Peak:0.00M | Scene, ViewLayer | Synchronizing object | Index_Mesh.R
Fra:1 Mem:22.50M (Peak 22.50M) | Time:00:00.09 | Mem:0.00M, Peak:0.00M | Scene, ViewLayer | Synchronizing object | Middle_Mesh.R
Fra:1 Mem:22.53M (Peak 22.53M) | Time:00:00.09 | Mem:0.00M, Peak:0.00M | Scene, ViewLayer | Synchronizing object | Ring_Mesh.R
Fra:1 Mem:22.51M (Peak 22.53M) | Time:00:00.09 | Mem:0.00M, Peak:0.00M | Scene, ViewLayer | Synchronizing object | Pinky_Mesh.R
Fra:1 Mem:22.52M (Peak 22.53M) | Time:00:00.09 | Mem:0.00M, Peak:0.00M | Scene, ViewLayer | Synchronizing object | Thumb_Mesh.R
Fra:1 Mem:22.70M (Peak 22.70M) | Time:00:00.13 | Mem:0.00M, Peak:0.00M | Scene, ViewLayer | Synchronizing object | Trousers.R
Fra:1 Mem:22.97M (Peak 22.97M) | Time:00:00.13 | Mem:0.00M, Peak:0.00M | Scene, ViewLayer | Synchronizing object | Sneaker_Sole.R
Fra:1 Mem:23.01M (Peak 23.01M) | Time:00:00.13 | Mem:0.00M, Peak:0.00M | Scene, ViewLayer | Synchronizing object | Sneaker_Upper.R
Fra:1 Mem:23.10M (Peak 23.10M) | Time:00:00.13 | Mem:0.00M, Peak:0.00M | Scene, ViewLayer | Synchronizing object | Sock.R
Fra:1 Mem:23.03M (Peak 23.10M) | Time:00:00.13 | Mem:0.00M, Peak:0.00M | Scene, ViewLayer | Synchronizing object | Lace_0.R
Fra:1 Mem:23.03M (Peak 23.10M) | Time:00:00.13 | Mem:0.00M, Peak:0.00M | Scene, ViewLayer | Synchronizing object | Lace_1.R
Fra:1 Mem:23.04M (Peak 23.10M) | Time:00:00.13 | Mem:0.00M, Peak:0.00M | Scene, ViewLayer | Synchronizing object | Lace_2.R
Fra:1 Mem:23.04M (Peak 23.10M) | Time:00:00.13 | Mem:0.00M, Peak:0.00M | Scene, ViewLayer | Synchronizing object | Lace_3.R
Fra:1 Mem:23.01M (Peak 23.10M) | Time:00:00.13 | Mem:0.00M, Peak:0.00M | Scene, ViewLayer | Synchronizing object | Heel_Tab.R
Fra:1 Mem:23.59M (Peak 23.59M) | Time:00:00.17 | Mem:0.00M, Peak:0.00M | Scene, ViewLayer | Synchronizing object | Jacket_ContinuousShoulders
Fra:1 Mem:24.82M (Peak 24.82M) | Time:00:00.58 | Mem:0.00M, Peak:0.00M | Scene, ViewLayer | Synchronizing object | Face_Head
Fra:1 Mem:25.48M (Peak 25.48M) | Time:00:00.59 | Mem:0.00M, Peak:0.00M | Scene, ViewLayer | Synchronizing object | Ear.L
Fra:1 Mem:25.54M (Peak 25.54M) | Time:00:00.59 | Mem:0.00M, Peak:0.00M | Scene, ViewLayer | Synchronizing object | Ear_Fold.L
Fra:1 Mem:25.59M (Peak 25.59M) | Time:00:00.60 | Mem:0.00M, Peak:0.00M | Scene, ViewLayer | Synchronizing object | Ear.R
Fra:1 Mem:25.65M (Peak 25.65M) | Time:00:00.60 | Mem:0.00M, Peak:0.00M | Scene, ViewLayer | Synchronizing object | Ear_Fold.R
Fra:1 Mem:25.65M (Peak 25.65M) | Time:00:00.60 | Mem:0.00M, Peak:0.00M | Scene, ViewLayer | Synchronizing object | Eye_White.L
Fra:1 Mem:25.66M (Peak 25.66M) | Time:00:00.60 | Mem:0.00M, Peak:0.00M | Scene, ViewLayer | Synchronizing object | Iris_hair.L
Fra:1 Mem:25.67M (Peak 25.67M) | Time:00:00.60 | Mem:0.00M, Peak:0.00M | Scene, ViewLayer | Synchronizing object | Iris_ink.L
Fra:1 Mem:25.68M (Peak 25.68M) | Time:00:00.60 | Mem:0.00M, Peak:0.00M | Scene, ViewLayer | Synchronizing object | Eye_Glint.L
Fra:1 Mem:25.68M (Peak 25.68M) | Time:00:00.60 | Mem:0.00M, Peak:0.00M | Scene, ViewLayer | Synchronizing object | Upper_Lid.L
Fra:1 Mem:25.69M (Peak 25.69M) | Time:00:00.60 | Mem:0.00M, Peak:0.00M | Scene, ViewLayer | Synchronizing object | Lower_Lid.L
Fra:1 Mem:25.70M (Peak 25.70M) | Time:00:00.60 | Mem:0.00M, Peak:0.00M | Scene, ViewLayer | Synchronizing object | Eyebrow.L
Fra:1 Mem:25.70M (Peak 25.70M) | Time:00:00.60 | Mem:0.00M, Peak:0.00M | Scene, ViewLayer | Synchronizing object | Eye_White.R
Fra:1 Mem:25.71M (Peak 25.71M) | Time:00:00.60 | Mem:0.00M, Peak:0.00M | Scene, ViewLayer | Synchronizing object | Iris_hair.R
Fra:1 Mem:25.72M (Peak 25.72M) | Time:00:00.60 | Mem:0.00M, Peak:0.00M | Scene, ViewLayer | Synchronizing object | Iris_ink.R
Fra:1 Mem:25.73M (Peak 25.73M) | Time:00:00.60 | Mem:0.00M, Peak:0.00M | Scene, ViewLayer | Synchronizing object | Eye_Glint.R
Fra:1 Mem:25.73M (Peak 25.73M) | Time:00:00.60 | Mem:0.00M, Peak:0.00M | Scene, ViewLayer | Synchronizing object | Upper_Lid.R
Fra:1 Mem:25.75M (Peak 25.75M) | Time:00:00.60 | Mem:0.00M, Peak:0.00M | Scene, ViewLayer | Synchronizing object | Lower_Lid.R
Fra:1 Mem:25.75M (Peak 25.75M) | Time:00:00.60 | Mem:0.00M, Peak:0.00M | Scene, ViewLayer | Synchronizing object | Eyebrow.R
Fra:1 Mem:25.75M (Peak 25.75M) | Time:00:00.60 | Mem:0.00M, Peak:0.00M | Scene, ViewLayer | Synchronizing object | Mouth
Fra:1 Mem:25.77M (Peak 25.77M) | Time:00:00.60 | Mem:0.00M, Peak:0.00M | Scene, ViewLayer | Synchronizing object | Hair_Cap
Fra:1 Mem:26.57M (Peak 26.57M) | Time:00:00.64 | Mem:0.00M, Peak:0.00M | Scene, ViewLayer | Synchronizing object | Hair_CrownBase
Fra:1 Mem:26.64M (Peak 26.64M) | Time:00:00.64 | Mem:0.00M, Peak:0.00M | Scene, ViewLayer | Synchronizing object | Review_Rim
Fra:1 Mem:26.66M (Peak 26.66M) | Time:00:00.64 | Mem:0.00M, Peak:0.00M | Scene, ViewLayer | Synchronizing object | Review_Fill
Fra:1 Mem:26.68M (Peak 26.68M) | Time:00:00.64 | Mem:0.00M, Peak:0.00M | Scene, ViewLayer | Synchronizing object | Review_Key
Fra:1 Mem:26.66M (Peak 26.68M) | Time:00:00.64 | Mem:0.00M, Peak:0.00M | Scene, ViewLayer | Synchronizing object | Bangs_00
Fra:1 Mem:26.66M (Peak 26.68M) | Time:00:00.64 | Mem:0.00M, Peak:0.00M | Scene, ViewLayer | Synchronizing object | Review_Ground
Fra:1 Mem:26.67M (Peak 26.68M) | Time:00:00.64 | Mem:0.00M, Peak:0.00M | Scene, ViewLayer | Synchronizing object | Tee_Bar
Fra:1 Mem:26.67M (Peak 26.68M) | Time:00:00.64 | Mem:0.00M, Peak:0.00M | Scene, ViewLayer | Synchronizing object | Bangs_01
Fra:1 Mem:26.68M (Peak 26.68M) | Time:00:00.64 | Mem:0.00M, Peak:0.00M | Scene, ViewLayer | Synchronizing object | Tee_Dot_1.246
Fra:1 Mem:26.70M (Peak 26.70M) | Time:00:00.64 | Mem:0.00M, Peak:0.00M | Scene, ViewLayer | Synchronizing object | Bangs_02
Fra:1 Mem:26.72M (Peak 26.72M) | Time:00:00.64 | Mem:0.00M, Peak:0.00M | Scene, ViewLayer | Synchronizing object | Bangs_03
Fra:1 Mem:26.73M (Peak 26.73M) | Time:00:00.64 | Mem:0.00M, Peak:0.00M | Scene, ViewLayer | Synchronizing object | Crown_0.R
Fra:1 Mem:26.74M (Peak 26.74M) | Time:00:00.64 | Mem:0.00M, Peak:0.00M | Scene, ViewLayer | Synchronizing object | Bangs_04
Fra:1 Mem:26.77M (Peak 26.77M) | Time:00:00.64 | Mem:0.00M, Peak:0.00M | Scene, ViewLayer | Synchronizing object | Crown_0.L
Fra:1 Mem:26.77M (Peak 26.77M) | Time:00:00.64 | Mem:0.00M, Peak:0.00M | Scene, ViewLayer | Synchronizing object | Bangs_05
Fra:1 Mem:26.80M (Peak 26.80M) | Time:00:00.65 | Mem:0.00M, Peak:0.00M | Scene, ViewLayer | Synchronizing object | Temple_2.R
Fra:1 Mem:26.81M (Peak 26.81M) | Time:00:00.65 | Mem:0.00M, Peak:0.00M | Scene, ViewLayer | Synchronizing object | Temple_0.L
Fra:1 Mem:26.84M (Peak 26.84M) | Time:00:00.65 | Mem:0.00M, Peak:0.00M | Scene, ViewLayer | Synchronizing object | Temple_1.R
Fra:1 Mem:26.85M (Peak 26.85M) | Time:00:00.65 | Mem:0.00M, Peak:0.00M | Scene, ViewLayer | Synchronizing object | Temple_1.L
Fra:1 Mem:26.87M (Peak 26.87M) | Time:00:00.65 | Mem:0.00M, Peak:0.00M | Scene, ViewLayer | Synchronizing object | Temple_0.R
Fra:1 Mem:26.89M (Peak 26.89M) | Time:00:00.65 | Mem:0.00M, Peak:0.00M | Scene, ViewLayer | Synchronizing object | Temple_2.L
Fra:1 Mem:26.91M (Peak 26.91M) | Time:00:00.65 | Mem:0.00M, Peak:0.00M | Scene, ViewLayer | Initializing
Fra:1 Mem:22.30M (Peak 26.91M) | Time:00:00.65 | Mem:0.00M, Peak:0.00M | Scene, ViewLayer | Updating Images | Loading CHR001_GreyStudy_Normal
Fra:1 Mem:30.32M (Peak 34.32M) | Time:00:00.66 | Mem:4.00M, Peak:4.00M | Scene, ViewLayer | Updating Images | Loading CHR001_GreyStudy_Surface
Fra:1 Mem:30.85M (Peak 38.33M) | Time:00:00.67 | Mem:12.00M, Peak:12.00M | Scene, ViewLayer | Waiting for render to start
Fra:1 Mem:30.85M (Peak 38.33M) | Time:00:00.67 | Mem:12.00M, Peak:12.00M | Scene, ViewLayer | Updating Scene
Fra:1 Mem:30.85M (Peak 38.33M) | Time:00:00.67 | Mem:12.00M, Peak:12.00M | Scene, ViewLayer | Updating Shaders
Fra:1 Mem:30.85M (Peak 38.33M) | Time:00:00.67 | Mem:12.00M, Peak:12.00M | Scene, ViewLayer | Loading render kernels (may take a few minutes the first time)
Fra:1 Mem:30.93M (Peak 38.33M) | Time:00:00.67 | Mem:12.00M, Peak:12.00M | Scene, ViewLayer | Updating Procedurals
Fra:1 Mem:30.93M (Peak 38.33M) | Time:00:00.67 | Mem:12.00M, Peak:12.00M | Scene, ViewLayer | Updating Background
Fra:1 Mem:30.93M (Peak 38.33M) | Time:00:00.67 | Mem:12.00M, Peak:12.00M | Scene, ViewLayer | Updating Camera
Fra:1 Mem:30.93M (Peak 38.33M) | Time:00:00.67 | Mem:12.00M, Peak:12.00M | Scene, ViewLayer | Updating Meshes Flags
Fra:1 Mem:30.93M (Peak 38.33M) | Time:00:00.67 | Mem:12.00M, Peak:12.00M | Scene, ViewLayer | Updating Objects
Fra:1 Mem:30.93M (Peak 38.33M) | Time:00:00.67 | Mem:12.00M, Peak:12.00M | Scene, ViewLayer | Updating Objects | Copying Transformations to device
Fra:1 Mem:30.95M (Peak 38.33M) | Time:00:00.67 | Mem:12.02M, Peak:12.02M | Scene, ViewLayer | Updating Particle Systems
Fra:1 Mem:30.95M (Peak 38.33M) | Time:00:00.67 | Mem:12.02M, Peak:12.02M | Scene, ViewLayer | Updating Particle Systems | Copying Particles to device
Fra:1 Mem:30.95M (Peak 38.33M) | Time:00:00.67 | Mem:12.02M, Peak:12.02M | Scene, ViewLayer | Updating Meshes
Fra:1 Mem:33.18M (Peak 38.33M) | Time:00:00.68 | Mem:12.02M, Peak:12.02M | Scene, ViewLayer | Updating Objects | Applying Static Transformations
Fra:1 Mem:33.18M (Peak 38.33M) | Time:00:00.68 | Mem:12.02M, Peak:12.02M | Scene, ViewLayer | Updating Mesh | Computing attributes
Fra:1 Mem:36.11M (Peak 38.33M) | Time:00:00.68 | Mem:12.03M, Peak:12.03M | Scene, ViewLayer | Updating Mesh | Copying Attributes to device
Fra:1 Mem:36.09M (Peak 38.33M) | Time:00:00.68 | Mem:14.93M, Peak:14.93M | Scene, ViewLayer | Updating Scene BVH | Building
Fra:1 Mem:36.09M (Peak 38.33M) | Time:00:00.68 | Mem:14.93M, Peak:14.93M | Scene, ViewLayer | Updating Scene BVH | Building BVH
Fra:1 Mem:36.09M (Peak 38.33M) | Time:00:00.68 | Mem:16.12M, Peak:16.12M | Scene, ViewLayer | Updating Scene BVH | Building BVH 0%
Fra:1 Mem:36.09M (Peak 38.33M) | Time:00:00.69 | Mem:17.41M, Peak:18.60M | Scene, ViewLayer | Updating Scene BVH | Copying BVH to device
Fra:1 Mem:36.09M (Peak 38.33M) | Time:00:00.69 | Mem:17.41M, Peak:18.60M | Scene, ViewLayer | Updating Mesh | Computing normals
Fra:1 Mem:37.14M (Peak 38.33M) | Time:00:00.69 | Mem:17.41M, Peak:18.60M | Scene, ViewLayer | Updating Mesh | Copying Mesh to device
Fra:1 Mem:37.14M (Peak 38.33M) | Time:00:00.69 | Mem:18.46M, Peak:18.60M | Scene, ViewLayer | Updating Objects Flags
Fra:1 Mem:37.14M (Peak 38.33M) | Time:00:00.69 | Mem:18.46M, Peak:18.60M | Scene, ViewLayer | Updating Primitive Offsets
Fra:1 Mem:37.14M (Peak 38.33M) | Time:00:00.69 | Mem:18.46M, Peak:18.60M | Scene, ViewLayer | Updating Images
Fra:1 Mem:37.14M (Peak 38.33M) | Time:00:00.69 | Mem:18.46M, Peak:18.60M | Scene, ViewLayer | Updating Camera Volume
Fra:1 Mem:37.14M (Peak 38.33M) | Time:00:00.69 | Mem:18.46M, Peak:18.60M | Scene, ViewLayer | Updating Lookup Tables
Fra:1 Mem:37.14M (Peak 38.33M) | Time:00:00.69 | Mem:18.55M, Peak:18.60M | Scene, ViewLayer | Updating Lights
Fra:1 Mem:37.14M (Peak 38.33M) | Time:00:00.69 | Mem:18.55M, Peak:18.60M | Scene, ViewLayer | Updating Lights | Computing tree
Fra:1 Mem:37.14M (Peak 38.33M) | Time:00:00.69 | Mem:18.55M, Peak:18.60M | Scene, ViewLayer | Updating Integrator
Fra:1 Mem:37.14M (Peak 38.33M) | Time:00:00.69 | Mem:18.55M, Peak:18.60M | Scene, ViewLayer | Updating Film
Fra:1 Mem:37.14M (Peak 38.33M) | Time:00:00.69 | Mem:18.47M, Peak:18.60M | Scene, ViewLayer | Updating Lookup Tables
Fra:1 Mem:37.14M (Peak 38.33M) | Time:00:00.69 | Mem:18.55M, Peak:18.60M | Scene, ViewLayer | Updating Baking
Fra:1 Mem:37.14M (Peak 38.33M) | Time:00:00.69 | Mem:18.55M, Peak:18.60M | Scene, ViewLayer | Updating Device | Writing constant memory
Fra:1 Mem:37.15M (Peak 38.33M) | Time:00:00.69 | Mem:18.55M, Peak:18.60M | Scene, ViewLayer | Loading denoising kernels (may take a few minutes the first time)
Fra:1 Mem:37.15M (Peak 38.33M) | Time:00:00.69 | Mem:18.55M, Peak:18.60M | Scene, ViewLayer | Sample 0/24
Fra:1 Mem:87.27M (Peak 87.27M) | Time:00:01.35 | Remaining:00:15.16 | Mem:68.66M, Peak:68.66M | Scene, ViewLayer | Sample 1/24
Fra:1 Mem:108.36M (Peak 140.01M) | Time:00:22.90 | Mem:68.66M, Peak:68.66M | Scene, ViewLayer | Sample 24/24
Fra:1 Mem:108.36M (Peak 140.01M) | Time:00:22.90 | Mem:68.66M, Peak:68.66M | Scene, ViewLayer | Finished
Saved: '/home/lzzz/MyProjects/N-SIDE/output/characters/CHR-001/model-r7/before/hair-quarter.png'
Time: 00:22.97 (Saving: 00:00.06)

Fra:1 Mem:21.54M (Peak 21.54M) | Time:00:00.03 | Mem:0.00M, Peak:0.00M | Scene, ViewLayer | Synchronizing object | TShirt
Fra:1 Mem:21.70M (Peak 21.70M) | Time:00:00.03 | Mem:0.00M, Peak:0.00M | Scene, ViewLayer | Synchronizing object | TShirt_Collar
Fra:1 Mem:21.72M (Peak 21.72M) | Time:00:00.03 | Mem:0.00M, Peak:0.00M | Scene, ViewLayer | Synchronizing object | Hood
Fra:1 Mem:21.78M (Peak 21.78M) | Time:00:00.03 | Mem:0.00M, Peak:0.00M | Scene, ViewLayer | Synchronizing object | Sleeve_Cuff.L
Fra:1 Mem:21.78M (Peak 21.78M) | Time:00:00.03 | Mem:0.00M, Peak:0.00M | Scene, ViewLayer | Synchronizing object | Zip_Tape.L
Fra:1 Mem:21.79M (Peak 21.79M) | Time:00:00.03 | Mem:0.00M, Peak:0.00M | Scene, ViewLayer | Synchronizing object | Hood_Cord.L
Fra:1 Mem:21.82M (Peak 21.82M) | Time:00:00.05 | Mem:0.00M, Peak:0.00M | Scene, ViewLayer | Synchronizing object | Palm.L
Fra:1 Mem:21.88M (Peak 21.88M) | Time:00:00.05 | Mem:0.00M, Peak:0.00M | Scene, ViewLayer | Synchronizing object | Index_Mesh.L
Fra:1 Mem:21.89M (Peak 21.89M) | Time:00:00.05 | Mem:0.00M, Peak:0.00M | Scene, ViewLayer | Synchronizing object | Middle_Mesh.L
Fra:1 Mem:21.88M (Peak 21.89M) | Time:00:00.05 | Mem:0.00M, Peak:0.00M | Scene, ViewLayer | Synchronizing object | Ring_Mesh.L
Fra:1 Mem:21.89M (Peak 21.89M) | Time:00:00.05 | Mem:0.00M, Peak:0.00M | Scene, ViewLayer | Synchronizing object | Pinky_Mesh.L
Fra:1 Mem:21.90M (Peak 21.90M) | Time:00:00.05 | Mem:0.00M, Peak:0.00M | Scene, ViewLayer | Synchronizing object | Thumb_Mesh.L
Fra:1 Mem:22.08M (Peak 22.08M) | Time:00:00.08 | Mem:0.00M, Peak:0.00M | Scene, ViewLayer | Synchronizing object | Trousers.L
Fra:1 Mem:22.34M (Peak 22.34M) | Time:00:00.08 | Mem:0.00M, Peak:0.00M | Scene, ViewLayer | Synchronizing object | Sneaker_Sole.L
Fra:1 Mem:22.36M (Peak 22.36M) | Time:00:00.08 | Mem:0.00M, Peak:0.00M | Scene, ViewLayer | Synchronizing object | Sneaker_Upper.L
Fra:1 Mem:22.38M (Peak 22.38M) | Time:00:00.08 | Mem:0.00M, Peak:0.00M | Scene, ViewLayer | Synchronizing object | Sock.L
Fra:1 Mem:22.38M (Peak 22.38M) | Time:00:00.08 | Mem:0.00M, Peak:0.00M | Scene, ViewLayer | Synchronizing object | Lace_0.L
Fra:1 Mem:22.38M (Peak 22.38M) | Time:00:00.08 | Mem:0.00M, Peak:0.00M | Scene, ViewLayer | Synchronizing object | Lace_1.L
Fra:1 Mem:22.39M (Peak 22.39M) | Time:00:00.08 | Mem:0.00M, Peak:0.00M | Scene, ViewLayer | Synchronizing object | Lace_2.L
Fra:1 Mem:22.39M (Peak 22.39M) | Time:00:00.08 | Mem:0.00M, Peak:0.00M | Scene, ViewLayer | Synchronizing object | Lace_3.L
Fra:1 Mem:22.39M (Peak 22.39M) | Time:00:00.08 | Mem:0.00M, Peak:0.00M | Scene, ViewLayer | Synchronizing object | Heel_Tab.L
Fra:1 Mem:22.40M (Peak 22.40M) | Time:00:00.08 | Mem:0.00M, Peak:0.00M | Scene, ViewLayer | Synchronizing object | Sleeve_Cuff.R
Fra:1 Mem:22.40M (Peak 22.40M) | Time:00:00.08 | Mem:0.00M, Peak:0.00M | Scene, ViewLayer | Synchronizing object | Zip_Tape.R
Fra:1 Mem:22.41M (Peak 22.41M) | Time:00:00.08 | Mem:0.00M, Peak:0.00M | Scene, ViewLayer | Synchronizing object | Hood_Cord.R
Fra:1 Mem:22.44M (Peak 22.44M) | Time:00:00.10 | Mem:0.00M, Peak:0.00M | Scene, ViewLayer | Synchronizing object | Palm.R
Fra:1 Mem:22.49M (Peak 22.49M) | Time:00:00.10 | Mem:0.00M, Peak:0.00M | Scene, ViewLayer | Synchronizing object | Index_Mesh.R
Fra:1 Mem:22.50M (Peak 22.50M) | Time:00:00.10 | Mem:0.00M, Peak:0.00M | Scene, ViewLayer | Synchronizing object | Middle_Mesh.R
Fra:1 Mem:22.54M (Peak 22.54M) | Time:00:00.10 | Mem:0.00M, Peak:0.00M | Scene, ViewLayer | Synchronizing object | Ring_Mesh.R
Fra:1 Mem:22.52M (Peak 22.54M) | Time:00:00.10 | Mem:0.00M, Peak:0.00M | Scene, ViewLayer | Synchronizing object | Pinky_Mesh.R
Fra:1 Mem:22.52M (Peak 22.54M) | Time:00:00.10 | Mem:0.00M, Peak:0.00M | Scene, ViewLayer | Synchronizing object | Thumb_Mesh.R
Fra:1 Mem:22.70M (Peak 22.70M) | Time:00:00.13 | Mem:0.00M, Peak:0.00M | Scene, ViewLayer | Synchronizing object | Trousers.R
Fra:1 Mem:22.97M (Peak 22.97M) | Time:00:00.13 | Mem:0.00M, Peak:0.00M | Scene, ViewLayer | Synchronizing object | Sneaker_Sole.R
Fra:1 Mem:23.08M (Peak 23.08M) | Time:00:00.13 | Mem:0.00M, Peak:0.00M | Scene, ViewLayer | Synchronizing object | Sneaker_Upper.R
Fra:1 Mem:23.10M (Peak 23.10M) | Time:00:00.13 | Mem:0.00M, Peak:0.00M | Scene, ViewLayer | Synchronizing object | Sock.R
Fra:1 Mem:23.03M (Peak 23.10M) | Time:00:00.13 | Mem:0.00M, Peak:0.00M | Scene, ViewLayer | Synchronizing object | Lace_0.R
Fra:1 Mem:23.03M (Peak 23.10M) | Time:00:00.13 | Mem:0.00M, Peak:0.00M | Scene, ViewLayer | Synchronizing object | Lace_1.R
Fra:1 Mem:23.01M (Peak 23.10M) | Time:00:00.13 | Mem:0.00M, Peak:0.00M | Scene, ViewLayer | Synchronizing object | Lace_2.R
Fra:1 Mem:23.01M (Peak 23.10M) | Time:00:00.13 | Mem:0.00M, Peak:0.00M | Scene, ViewLayer | Synchronizing object | Lace_3.R
Fra:1 Mem:23.01M (Peak 23.10M) | Time:00:00.13 | Mem:0.00M, Peak:0.00M | Scene, ViewLayer | Synchronizing object | Heel_Tab.R
Fra:1 Mem:23.59M (Peak 23.59M) | Time:00:00.17 | Mem:0.00M, Peak:0.00M | Scene, ViewLayer | Synchronizing object | Jacket_ContinuousShoulders
Fra:1 Mem:24.82M (Peak 24.82M) | Time:00:00.60 | Mem:0.00M, Peak:0.00M | Scene, ViewLayer | Synchronizing object | Face_Head
Fra:1 Mem:25.48M (Peak 25.48M) | Time:00:00.61 | Mem:0.00M, Peak:0.00M | Scene, ViewLayer | Synchronizing object | Ear.L
Fra:1 Mem:25.54M (Peak 25.54M) | Time:00:00.61 | Mem:0.00M, Peak:0.00M | Scene, ViewLayer | Synchronizing object | Ear_Fold.L
Fra:1 Mem:25.59M (Peak 25.59M) | Time:00:00.62 | Mem:0.00M, Peak:0.00M | Scene, ViewLayer | Synchronizing object | Ear.R
Fra:1 Mem:25.65M (Peak 25.65M) | Time:00:00.62 | Mem:0.00M, Peak:0.00M | Scene, ViewLayer | Synchronizing object | Ear_Fold.R
Fra:1 Mem:25.65M (Peak 25.65M) | Time:00:00.62 | Mem:0.00M, Peak:0.00M | Scene, ViewLayer | Synchronizing object | Eye_White.L
Fra:1 Mem:25.66M (Peak 25.66M) | Time:00:00.62 | Mem:0.00M, Peak:0.00M | Scene, ViewLayer | Synchronizing object | Iris_hair.L
Fra:1 Mem:25.67M (Peak 25.67M) | Time:00:00.62 | Mem:0.00M, Peak:0.00M | Scene, ViewLayer | Synchronizing object | Iris_ink.L
Fra:1 Mem:25.68M (Peak 25.68M) | Time:00:00.62 | Mem:0.00M, Peak:0.00M | Scene, ViewLayer | Synchronizing object | Eye_Glint.L
Fra:1 Mem:25.68M (Peak 25.68M) | Time:00:00.62 | Mem:0.00M, Peak:0.00M | Scene, ViewLayer | Synchronizing object | Upper_Lid.L
Fra:1 Mem:25.69M (Peak 25.69M) | Time:00:00.62 | Mem:0.00M, Peak:0.00M | Scene, ViewLayer | Synchronizing object | Lower_Lid.L
Fra:1 Mem:25.70M (Peak 25.70M) | Time:00:00.62 | Mem:0.00M, Peak:0.00M | Scene, ViewLayer | Synchronizing object | Eyebrow.L
Fra:1 Mem:25.70M (Peak 25.70M) | Time:00:00.62 | Mem:0.00M, Peak:0.00M | Scene, ViewLayer | Synchronizing object | Eye_White.R
Fra:1 Mem:25.71M (Peak 25.71M) | Time:00:00.62 | Mem:0.00M, Peak:0.00M | Scene, ViewLayer | Synchronizing object | Iris_hair.R
Fra:1 Mem:25.72M (Peak 25.72M) | Time:00:00.62 | Mem:0.00M, Peak:0.00M | Scene, ViewLayer | Synchronizing object | Iris_ink.R
Fra:1 Mem:25.73M (Peak 25.73M) | Time:00:00.62 | Mem:0.00M, Peak:0.00M | Scene, ViewLayer | Synchronizing object | Eye_Glint.R
Fra:1 Mem:25.73M (Peak 25.73M) | Time:00:00.62 | Mem:0.00M, Peak:0.00M | Scene, ViewLayer | Synchronizing object | Upper_Lid.R
Fra:1 Mem:25.75M (Peak 25.75M) | Time:00:00.62 | Mem:0.00M, Peak:0.00M | Scene, ViewLayer | Synchronizing object | Lower_Lid.R
Fra:1 Mem:25.75M (Peak 25.75M) | Time:00:00.62 | Mem:0.00M, Peak:0.00M | Scene, ViewLayer | Synchronizing object | Eyebrow.R
Fra:1 Mem:25.75M (Peak 25.75M) | Time:00:00.62 | Mem:0.00M, Peak:0.00M | Scene, ViewLayer | Synchronizing object | Mouth
Fra:1 Mem:25.77M (Peak 25.77M) | Time:00:00.62 | Mem:0.00M, Peak:0.00M | Scene, ViewLayer | Synchronizing object | Hair_Cap
Fra:1 Mem:26.57M (Peak 26.57M) | Time:00:00.66 | Mem:0.00M, Peak:0.00M | Scene, ViewLayer | Synchronizing object | Hair_CrownBase
Fra:1 Mem:26.66M (Peak 26.66M) | Time:00:00.66 | Mem:0.00M, Peak:0.00M | Scene, ViewLayer | Synchronizing object | Review_Rim
Fra:1 Mem:26.68M (Peak 26.68M) | Time:00:00.66 | Mem:0.00M, Peak:0.00M | Scene, ViewLayer | Synchronizing object | Review_Fill
Fra:1 Mem:26.66M (Peak 26.68M) | Time:00:00.66 | Mem:0.00M, Peak:0.00M | Scene, ViewLayer | Synchronizing object | Review_Key
Fra:1 Mem:26.66M (Peak 26.68M) | Time:00:00.66 | Mem:0.00M, Peak:0.00M | Scene, ViewLayer | Synchronizing object | Review_Ground
Fra:1 Mem:26.67M (Peak 26.68M) | Time:00:00.66 | Mem:0.00M, Peak:0.00M | Scene, ViewLayer | Synchronizing object | Tee_Bar
Fra:1 Mem:26.68M (Peak 26.68M) | Time:00:00.66 | Mem:0.00M, Peak:0.00M | Scene, ViewLayer | Synchronizing object | Tee_Dot_1.246
Fra:1 Mem:26.68M (Peak 26.68M) | Time:00:00.66 | Mem:0.00M, Peak:0.00M | Scene, ViewLayer | Synchronizing object | Bangs_01
Fra:1 Mem:26.68M (Peak 26.68M) | Time:00:00.66 | Mem:0.00M, Peak:0.00M | Scene, ViewLayer | Synchronizing object | Tee_Dot_1.275
Fra:1 Mem:26.70M (Peak 26.70M) | Time:00:00.66 | Mem:0.00M, Peak:0.00M | Scene, ViewLayer | Synchronizing object | Bangs_02
Fra:1 Mem:26.71M (Peak 26.71M) | Time:00:00.66 | Mem:0.00M, Peak:0.00M | Scene, ViewLayer | Synchronizing object | Crown_0.R
Fra:1 Mem:26.73M (Peak 26.73M) | Time:00:00.66 | Mem:0.00M, Peak:0.00M | Scene, ViewLayer | Synchronizing object | Bangs_03
Fra:1 Mem:26.75M (Peak 26.75M) | Time:00:00.66 | Mem:0.00M, Peak:0.00M | Scene, ViewLayer | Synchronizing object | Crown_0.L
Fra:1 Mem:26.77M (Peak 26.77M) | Time:00:00.66 | Mem:0.00M, Peak:0.00M | Scene, ViewLayer | Synchronizing object | Bangs_04
Fra:1 Mem:26.78M (Peak 26.78M) | Time:00:00.66 | Mem:0.00M, Peak:0.00M | Scene, ViewLayer | Synchronizing object | Temple_2.R
Fra:1 Mem:26.81M (Peak 26.81M) | Time:00:00.66 | Mem:0.00M, Peak:0.00M | Scene, ViewLayer | Synchronizing object | Bangs_05
Fra:1 Mem:26.82M (Peak 26.82M) | Time:00:00.66 | Mem:0.00M, Peak:0.00M | Scene, ViewLayer | Synchronizing object | Temple_1.R
Fra:1 Mem:26.83M (Peak 26.83M) | Time:00:00.66 | Mem:0.00M, Peak:0.00M | Scene, ViewLayer | Synchronizing object | Temple_0.L
Fra:1 Mem:26.85M (Peak 26.85M) | Time:00:00.66 | Mem:0.00M, Peak:0.00M | Scene, ViewLayer | Synchronizing object | Temple_0.R
Fra:1 Mem:26.87M (Peak 26.87M) | Time:00:00.66 | Mem:0.00M, Peak:0.00M | Scene, ViewLayer | Synchronizing object | Temple_1.L
Fra:1 Mem:26.89M (Peak 26.89M) | Time:00:00.66 | Mem:0.00M, Peak:0.00M | Scene, ViewLayer | Synchronizing object | Temple_2.L
Fra:1 Mem:26.91M (Peak 26.91M) | Time:00:00.66 | Mem:0.00M, Peak:0.00M | Scene, ViewLayer | Initializing
Fra:1 Mem:22.30M (Peak 26.91M) | Time:00:00.66 | Mem:0.00M, Peak:0.00M | Scene, ViewLayer | Updating Images | Loading CHR001_GreyStudy_Normal
Fra:1 Mem:34.33M (Peak 38.32M) | Time:00:00.67 | Mem:4.00M, Peak:4.00M | Scene, ViewLayer | Updating Images | Loading CHR001_GreyStudy_Surface
Fra:1 Mem:30.85M (Peak 38.33M) | Time:00:00.68 | Mem:12.00M, Peak:12.00M | Scene, ViewLayer | Waiting for render to start
Fra:1 Mem:30.85M (Peak 38.33M) | Time:00:00.68 | Mem:12.00M, Peak:12.00M | Scene, ViewLayer | Updating Scene
Fra:1 Mem:30.85M (Peak 38.33M) | Time:00:00.68 | Mem:12.00M, Peak:12.00M | Scene, ViewLayer | Updating Shaders
Fra:1 Mem:30.85M (Peak 38.33M) | Time:00:00.68 | Mem:12.00M, Peak:12.00M | Scene, ViewLayer | Loading render kernels (may take a few minutes the first time)
Fra:1 Mem:30.93M (Peak 38.33M) | Time:00:00.68 | Mem:12.00M, Peak:12.00M | Scene, ViewLayer | Updating Procedurals
Fra:1 Mem:30.93M (Peak 38.33M) | Time:00:00.68 | Mem:12.00M, Peak:12.00M | Scene, ViewLayer | Updating Background
Fra:1 Mem:30.93M (Peak 38.33M) | Time:00:00.68 | Mem:12.00M, Peak:12.00M | Scene, ViewLayer | Updating Camera
Fra:1 Mem:30.93M (Peak 38.33M) | Time:00:00.68 | Mem:12.00M, Peak:12.00M | Scene, ViewLayer | Updating Meshes Flags
Fra:1 Mem:30.93M (Peak 38.33M) | Time:00:00.68 | Mem:12.00M, Peak:12.00M | Scene, ViewLayer | Updating Objects
Fra:1 Mem:30.93M (Peak 38.33M) | Time:00:00.68 | Mem:12.00M, Peak:12.00M | Scene, ViewLayer | Updating Objects | Copying Transformations to device
Fra:1 Mem:30.95M (Peak 38.33M) | Time:00:00.68 | Mem:12.02M, Peak:12.02M | Scene, ViewLayer | Updating Particle Systems
Fra:1 Mem:30.95M (Peak 38.33M) | Time:00:00.68 | Mem:12.02M, Peak:12.02M | Scene, ViewLayer | Updating Particle Systems | Copying Particles to device
Fra:1 Mem:30.95M (Peak 38.33M) | Time:00:00.68 | Mem:12.02M, Peak:12.02M | Scene, ViewLayer | Updating Meshes
Fra:1 Mem:33.18M (Peak 38.33M) | Time:00:00.70 | Mem:12.02M, Peak:12.02M | Scene, ViewLayer | Updating Objects | Applying Static Transformations
Fra:1 Mem:33.18M (Peak 38.33M) | Time:00:00.70 | Mem:12.02M, Peak:12.02M | Scene, ViewLayer | Updating Mesh | Computing attributes
Fra:1 Mem:36.11M (Peak 38.33M) | Time:00:00.70 | Mem:12.03M, Peak:12.03M | Scene, ViewLayer | Updating Mesh | Copying Attributes to device
Fra:1 Mem:36.09M (Peak 38.33M) | Time:00:00.70 | Mem:14.93M, Peak:14.93M | Scene, ViewLayer | Updating Scene BVH | Building
Fra:1 Mem:36.09M (Peak 38.33M) | Time:00:00.70 | Mem:14.93M, Peak:14.93M | Scene, ViewLayer | Updating Scene BVH | Building BVH
Fra:1 Mem:36.09M (Peak 38.33M) | Time:00:00.70 | Mem:16.12M, Peak:16.12M | Scene, ViewLayer | Updating Scene BVH | Building BVH 0%
Fra:1 Mem:36.09M (Peak 38.33M) | Time:00:00.70 | Mem:17.41M, Peak:18.60M | Scene, ViewLayer | Updating Scene BVH | Copying BVH to device
Fra:1 Mem:36.09M (Peak 38.33M) | Time:00:00.70 | Mem:17.41M, Peak:18.60M | Scene, ViewLayer | Updating Mesh | Computing normals
Fra:1 Mem:37.14M (Peak 38.33M) | Time:00:00.70 | Mem:17.41M, Peak:18.60M | Scene, ViewLayer | Updating Mesh | Copying Mesh to device
Fra:1 Mem:37.14M (Peak 38.33M) | Time:00:00.70 | Mem:18.46M, Peak:18.60M | Scene, ViewLayer | Updating Objects Flags
Fra:1 Mem:37.14M (Peak 38.33M) | Time:00:00.70 | Mem:18.46M, Peak:18.60M | Scene, ViewLayer | Updating Primitive Offsets
Fra:1 Mem:37.14M (Peak 38.33M) | Time:00:00.70 | Mem:18.46M, Peak:18.60M | Scene, ViewLayer | Updating Images
Fra:1 Mem:37.14M (Peak 38.33M) | Time:00:00.70 | Mem:18.46M, Peak:18.60M | Scene, ViewLayer | Updating Camera Volume
Fra:1 Mem:37.14M (Peak 38.33M) | Time:00:00.70 | Mem:18.46M, Peak:18.60M | Scene, ViewLayer | Updating Lookup Tables
Fra:1 Mem:37.14M (Peak 38.33M) | Time:00:00.70 | Mem:18.55M, Peak:18.60M | Scene, ViewLayer | Updating Lights
Fra:1 Mem:37.14M (Peak 38.33M) | Time:00:00.70 | Mem:18.55M, Peak:18.60M | Scene, ViewLayer | Updating Lights | Computing tree
Fra:1 Mem:37.14M (Peak 38.33M) | Time:00:00.70 | Mem:18.55M, Peak:18.60M | Scene, ViewLayer | Updating Integrator
Fra:1 Mem:37.14M (Peak 38.33M) | Time:00:00.70 | Mem:18.55M, Peak:18.60M | Scene, ViewLayer | Updating Film
Fra:1 Mem:37.14M (Peak 38.33M) | Time:00:00.70 | Mem:18.47M, Peak:18.60M | Scene, ViewLayer | Updating Lookup Tables
Fra:1 Mem:37.14M (Peak 38.33M) | Time:00:00.70 | Mem:18.55M, Peak:18.60M | Scene, ViewLayer | Updating Baking
Fra:1 Mem:37.14M (Peak 38.33M) | Time:00:00.70 | Mem:18.55M, Peak:18.60M | Scene, ViewLayer | Updating Device | Writing constant memory
Fra:1 Mem:37.15M (Peak 38.33M) | Time:00:00.70 | Mem:18.55M, Peak:18.60M | Scene, ViewLayer | Loading denoising kernels (may take a few minutes the first time)
Fra:1 Mem:37.15M (Peak 38.33M) | Time:00:00.70 | Mem:18.55M, Peak:18.60M | Scene, ViewLayer | Sample 0/24
Fra:1 Mem:87.27M (Peak 87.27M) | Time:00:01.85 | Remaining:00:26.31 | Mem:68.66M, Peak:68.66M | Scene, ViewLayer | Sample 1/24
Fra:1 Mem:108.36M (Peak 140.01M) | Time:00:47.43 | Mem:68.66M, Peak:68.66M | Scene, ViewLayer | Sample 24/24
Fra:1 Mem:108.36M (Peak 140.01M) | Time:00:47.43 | Mem:68.66M, Peak:68.66M | Scene, ViewLayer | Finished
Saved: '/home/lzzz/MyProjects/N-SIDE/output/characters/CHR-001/model-r7/before/hair-top.png'
Time: 00:47.51 (Saving: 00:00.07)


Blender quit
