Blender 4.5.14 LTS (hash 62c1db4208e8 built 2026-09-15 01:31:19)
Read blend: "/home/lzzz/MyProjects/N-SIDE/source-assets/characters/CHR-001/model/yao-grey-study.blend"
Fra:6 Mem:19.85M (Peak 20.12M) | Time:00:00.03 | Mem:0.00M, Peak:0.00M | Scene, ViewLayer | Synchronizing object | TShirt
Fra:6 Mem:20.01M (Peak 20.12M) | Time:00:00.03 | Mem:0.00M, Peak:0.00M | Scene, ViewLayer | Synchronizing object | TShirt_Collar
Fra:6 Mem:20.03M (Peak 20.12M) | Time:00:00.03 | Mem:0.00M, Peak:0.00M | Scene, ViewLayer | Synchronizing object | Hood
Fra:6 Mem:20.09M (Peak 20.12M) | Time:00:00.03 | Mem:0.00M, Peak:0.00M | Scene, ViewLayer | Synchronizing object | Sleeve_Cuff.L
Fra:6 Mem:20.10M (Peak 20.12M) | Time:00:00.03 | Mem:0.00M, Peak:0.00M | Scene, ViewLayer | Synchronizing object | Hood_Cord.L
Fra:6 Mem:20.13M (Peak 20.13M) | Time:00:00.05 | Mem:0.00M, Peak:0.00M | Scene, ViewLayer | Synchronizing object | Palm.L
Fra:6 Mem:20.19M (Peak 20.19M) | Time:00:00.05 | Mem:0.00M, Peak:0.00M | Scene, ViewLayer | Synchronizing object | Index_Mesh.L
Fra:6 Mem:20.19M (Peak 20.19M) | Time:00:00.05 | Mem:0.00M, Peak:0.00M | Scene, ViewLayer | Synchronizing object | Middle_Mesh.L
Fra:6 Mem:20.23M (Peak 20.23M) | Time:00:00.05 | Mem:0.00M, Peak:0.00M | Scene, ViewLayer | Synchronizing object | Ring_Mesh.L
Fra:6 Mem:20.21M (Peak 20.23M) | Time:00:00.05 | Mem:0.00M, Peak:0.00M | Scene, ViewLayer | Synchronizing object | Pinky_Mesh.L
Fra:6 Mem:20.21M (Peak 20.23M) | Time:00:00.05 | Mem:0.00M, Peak:0.00M | Scene, ViewLayer | Synchronizing object | Thumb_Mesh.L
Fra:6 Mem:20.40M (Peak 20.40M) | Time:00:00.08 | Mem:0.00M, Peak:0.00M | Scene, ViewLayer | Synchronizing object | Trousers.L
Fra:6 Mem:20.66M (Peak 20.66M) | Time:00:00.08 | Mem:0.00M, Peak:0.00M | Scene, ViewLayer | Synchronizing object | Sneaker_Sole.L
Fra:6 Mem:20.67M (Peak 20.67M) | Time:00:00.08 | Mem:0.00M, Peak:0.00M | Scene, ViewLayer | Synchronizing object | Sneaker_Upper.L
Fra:6 Mem:20.70M (Peak 20.70M) | Time:00:00.08 | Mem:0.00M, Peak:0.00M | Scene, ViewLayer | Synchronizing object | Sock.L
Fra:6 Mem:20.70M (Peak 20.70M) | Time:00:00.08 | Mem:0.00M, Peak:0.00M | Scene, ViewLayer | Synchronizing object | Lace_0.L
Fra:6 Mem:20.71M (Peak 20.71M) | Time:00:00.08 | Mem:0.00M, Peak:0.00M | Scene, ViewLayer | Synchronizing object | Lace_1.L
Fra:6 Mem:20.71M (Peak 20.71M) | Time:00:00.08 | Mem:0.00M, Peak:0.00M | Scene, ViewLayer | Synchronizing object | Lace_2.L
Fra:6 Mem:20.71M (Peak 20.71M) | Time:00:00.08 | Mem:0.00M, Peak:0.00M | Scene, ViewLayer | Synchronizing object | Lace_3.L
Fra:6 Mem:20.71M (Peak 20.71M) | Time:00:00.08 | Mem:0.00M, Peak:0.00M | Scene, ViewLayer | Synchronizing object | Heel_Tab.L
Fra:6 Mem:20.72M (Peak 20.72M) | Time:00:00.08 | Mem:0.00M, Peak:0.00M | Scene, ViewLayer | Synchronizing object | Sleeve_Cuff.R
Fra:6 Mem:20.72M (Peak 20.72M) | Time:00:00.08 | Mem:0.00M, Peak:0.00M | Scene, ViewLayer | Synchronizing object | Hood_Cord.R
Fra:6 Mem:20.76M (Peak 20.76M) | Time:00:00.10 | Mem:0.00M, Peak:0.00M | Scene, ViewLayer | Synchronizing object | Palm.R
Fra:6 Mem:20.81M (Peak 20.81M) | Time:00:00.10 | Mem:0.00M, Peak:0.00M | Scene, ViewLayer | Synchronizing object | Index_Mesh.R
Fra:6 Mem:20.82M (Peak 20.82M) | Time:00:00.10 | Mem:0.00M, Peak:0.00M | Scene, ViewLayer | Synchronizing object | Middle_Mesh.R
Fra:6 Mem:20.86M (Peak 20.86M) | Time:00:00.10 | Mem:0.00M, Peak:0.00M | Scene, ViewLayer | Synchronizing object | Ring_Mesh.R
Fra:6 Mem:20.83M (Peak 20.86M) | Time:00:00.10 | Mem:0.00M, Peak:0.00M | Scene, ViewLayer | Synchronizing object | Pinky_Mesh.R
Fra:6 Mem:20.84M (Peak 20.86M) | Time:00:00.10 | Mem:0.00M, Peak:0.00M | Scene, ViewLayer | Synchronizing object | Thumb_Mesh.R
Fra:6 Mem:21.03M (Peak 21.03M) | Time:00:00.13 | Mem:0.00M, Peak:0.00M | Scene, ViewLayer | Synchronizing object | Trousers.R
Fra:6 Mem:21.30M (Peak 21.30M) | Time:00:00.13 | Mem:0.00M, Peak:0.00M | Scene, ViewLayer | Synchronizing object | Sneaker_Sole.R
Fra:6 Mem:21.40M (Peak 21.40M) | Time:00:00.13 | Mem:0.00M, Peak:0.00M | Scene, ViewLayer | Synchronizing object | Sneaker_Upper.R
Fra:6 Mem:21.43M (Peak 21.43M) | Time:00:00.13 | Mem:0.00M, Peak:0.00M | Scene, ViewLayer | Synchronizing object | Sock.R
Fra:6 Mem:21.36M (Peak 21.43M) | Time:00:00.13 | Mem:0.00M, Peak:0.00M | Scene, ViewLayer | Synchronizing object | Lace_0.R
Fra:6 Mem:21.36M (Peak 21.43M) | Time:00:00.13 | Mem:0.00M, Peak:0.00M | Scene, ViewLayer | Synchronizing object | Lace_1.R
Fra:6 Mem:21.34M (Peak 21.43M) | Time:00:00.13 | Mem:0.00M, Peak:0.00M | Scene, ViewLayer | Synchronizing object | Lace_2.R
Fra:6 Mem:21.34M (Peak 21.43M) | Time:00:00.13 | Mem:0.00M, Peak:0.00M | Scene, ViewLayer | Synchronizing object | Lace_3.R
Fra:6 Mem:21.34M (Peak 21.43M) | Time:00:00.13 | Mem:0.00M, Peak:0.00M | Scene, ViewLayer | Synchronizing object | Heel_Tab.R
Fra:6 Mem:21.92M (Peak 21.92M) | Time:00:00.17 | Mem:0.00M, Peak:0.00M | Scene, ViewLayer | Synchronizing object | Jacket_ContinuousShoulders
Fra:6 Mem:23.15M (Peak 23.15M) | Time:00:00.59 | Mem:0.00M, Peak:0.00M | Scene, ViewLayer | Synchronizing object | Face_Head
Fra:6 Mem:23.81M (Peak 23.81M) | Time:00:00.60 | Mem:0.00M, Peak:0.00M | Scene, ViewLayer | Synchronizing object | Ear.L
Fra:6 Mem:23.87M (Peak 23.87M) | Time:00:00.60 | Mem:0.00M, Peak:0.00M | Scene, ViewLayer | Synchronizing object | Ear_Fold.L
Fra:6 Mem:23.92M (Peak 23.92M) | Time:00:00.61 | Mem:0.00M, Peak:0.00M | Scene, ViewLayer | Synchronizing object | Ear.R
Fra:6 Mem:23.98M (Peak 23.98M) | Time:00:00.61 | Mem:0.00M, Peak:0.00M | Scene, ViewLayer | Synchronizing object | Ear_Fold.R
Fra:6 Mem:23.99M (Peak 23.99M) | Time:00:00.61 | Mem:0.00M, Peak:0.00M | Scene, ViewLayer | Synchronizing object | Eye_White.L
Fra:6 Mem:24.00M (Peak 24.00M) | Time:00:00.61 | Mem:0.00M, Peak:0.00M | Scene, ViewLayer | Synchronizing object | Iris_hair.L
Fra:6 Mem:24.01M (Peak 24.01M) | Time:00:00.61 | Mem:0.00M, Peak:0.00M | Scene, ViewLayer | Synchronizing object | Iris_ink.L
Fra:6 Mem:24.02M (Peak 24.02M) | Time:00:00.61 | Mem:0.00M, Peak:0.00M | Scene, ViewLayer | Synchronizing object | Eye_Glint.L
Fra:6 Mem:24.02M (Peak 24.02M) | Time:00:00.61 | Mem:0.00M, Peak:0.00M | Scene, ViewLayer | Synchronizing object | Upper_Lid.L
Fra:6 Mem:24.04M (Peak 24.04M) | Time:00:00.61 | Mem:0.00M, Peak:0.00M | Scene, ViewLayer | Synchronizing object | Lower_Lid.L
Fra:6 Mem:24.04M (Peak 24.04M) | Time:00:00.61 | Mem:0.00M, Peak:0.00M | Scene, ViewLayer | Synchronizing object | Eyebrow.L
Fra:6 Mem:24.05M (Peak 24.05M) | Time:00:00.61 | Mem:0.00M, Peak:0.00M | Scene, ViewLayer | Synchronizing object | Eye_White.R
Fra:6 Mem:24.05M (Peak 24.05M) | Time:00:00.61 | Mem:0.00M, Peak:0.00M | Scene, ViewLayer | Synchronizing object | Iris_hair.R
Fra:6 Mem:24.06M (Peak 24.06M) | Time:00:00.61 | Mem:0.00M, Peak:0.00M | Scene, ViewLayer | Synchronizing object | Iris_ink.R
Fra:6 Mem:24.08M (Peak 24.08M) | Time:00:00.61 | Mem:0.00M, Peak:0.00M | Scene, ViewLayer | Synchronizing object | Eye_Glint.R
Fra:6 Mem:24.08M (Peak 24.08M) | Time:00:00.61 | Mem:0.00M, Peak:0.00M | Scene, ViewLayer | Synchronizing object | Upper_Lid.R
Fra:6 Mem:24.09M (Peak 24.09M) | Time:00:00.61 | Mem:0.00M, Peak:0.00M | Scene, ViewLayer | Synchronizing object | Lower_Lid.R
Fra:6 Mem:24.10M (Peak 24.10M) | Time:00:00.61 | Mem:0.00M, Peak:0.00M | Scene, ViewLayer | Synchronizing object | Eyebrow.R
Fra:6 Mem:24.10M (Peak 24.10M) | Time:00:00.61 | Mem:0.00M, Peak:0.00M | Scene, ViewLayer | Synchronizing object | Mouth
Fra:6 Mem:24.12M (Peak 24.12M) | Time:00:00.61 | Mem:0.00M, Peak:0.00M | Scene, ViewLayer | Synchronizing object | Hair_Cap
Fra:6 Mem:24.92M (Peak 24.92M) | Time:00:00.65 | Mem:0.00M, Peak:0.00M | Scene, ViewLayer | Synchronizing object | Hair_CrownBase
Fra:6 Mem:25.01M (Peak 25.01M) | Time:00:00.65 | Mem:0.00M, Peak:0.00M | Scene, ViewLayer | Synchronizing object | Review_Rim
Fra:6 Mem:25.01M (Peak 25.01M) | Time:00:00.65 | Mem:0.00M, Peak:0.00M | Scene, ViewLayer | Synchronizing object | Bangs_00
Fra:6 Mem:25.03M (Peak 25.03M) | Time:00:00.65 | Mem:0.00M, Peak:0.00M | Scene, ViewLayer | Synchronizing object | Review_Fill
Fra:6 Mem:25.02M (Peak 25.03M) | Time:00:00.65 | Mem:0.00M, Peak:0.00M | Scene, ViewLayer | Synchronizing object | Review_Key
Fra:6 Mem:25.02M (Peak 25.03M) | Time:00:00.65 | Mem:0.00M, Peak:0.00M | Scene, ViewLayer | Synchronizing object | Review_Ground
Fra:6 Mem:25.03M (Peak 25.03M) | Time:00:00.65 | Mem:0.00M, Peak:0.00M | Scene, ViewLayer | Synchronizing object | Bangs_01
Fra:6 Mem:25.04M (Peak 25.04M) | Time:00:00.65 | Mem:0.00M, Peak:0.00M | Scene, ViewLayer | Synchronizing object | Tee_Bar
Fra:6 Mem:25.05M (Peak 25.05M) | Time:00:00.65 | Mem:0.00M, Peak:0.00M | Scene, ViewLayer | Synchronizing object | Tee_Dot_1.246
Fra:6 Mem:25.05M (Peak 25.05M) | Time:00:00.65 | Mem:0.00M, Peak:0.00M | Scene, ViewLayer | Synchronizing object | Bangs_02
Fra:6 Mem:25.07M (Peak 25.07M) | Time:00:00.65 | Mem:0.00M, Peak:0.00M | Scene, ViewLayer | Synchronizing object | Tee_Dot_1.275
Fra:6 Mem:25.09M (Peak 25.09M) | Time:00:00.65 | Mem:0.00M, Peak:0.00M | Scene, ViewLayer | Synchronizing object | Bangs_03
Fra:6 Mem:25.09M (Peak 25.09M) | Time:00:00.65 | Mem:0.00M, Peak:0.00M | Scene, ViewLayer | Synchronizing object | Crown_0.R
Fra:6 Mem:25.12M (Peak 25.12M) | Time:00:00.65 | Mem:0.00M, Peak:0.00M | Scene, ViewLayer | Synchronizing object | Bangs_04
Fra:6 Mem:25.13M (Peak 25.13M) | Time:00:00.65 | Mem:0.00M, Peak:0.00M | Scene, ViewLayer | Synchronizing object | Crown_0.L
Fra:6 Mem:25.16M (Peak 25.16M) | Time:00:00.65 | Mem:0.00M, Peak:0.00M | Scene, ViewLayer | Synchronizing object | Bangs_05
Fra:6 Mem:25.17M (Peak 25.17M) | Time:00:00.65 | Mem:0.00M, Peak:0.00M | Scene, ViewLayer | Synchronizing object | Temple_2.R
Fra:6 Mem:25.21M (Peak 25.21M) | Time:00:00.65 | Mem:0.00M, Peak:0.00M | Scene, ViewLayer | Synchronizing object | Temple_0.L
Fra:6 Mem:25.21M (Peak 25.21M) | Time:00:00.65 | Mem:0.00M, Peak:0.00M | Scene, ViewLayer | Synchronizing object | Temple_1.R
Fra:6 Mem:25.25M (Peak 25.25M) | Time:00:00.65 | Mem:0.00M, Peak:0.00M | Scene, ViewLayer | Synchronizing object | Temple_1.L
Fra:6 Mem:25.25M (Peak 25.25M) | Time:00:00.65 | Mem:0.00M, Peak:0.00M | Scene, ViewLayer | Synchronizing object | Temple_0.R
Fra:6 Mem:25.29M (Peak 25.29M) | Time:00:00.65 | Mem:0.00M, Peak:0.00M | Scene, ViewLayer | Synchronizing object | Temple_2.L
Fra:6 Mem:25.31M (Peak 25.31M) | Time:00:00.65 | Mem:0.00M, Peak:0.00M | Scene, ViewLayer | Initializing
Fra:6 Mem:20.72M (Peak 25.31M) | Time:00:00.65 | Mem:0.00M, Peak:0.00M | Scene, ViewLayer | Updating Images | Loading CHR001_GreyStudy_BaseColor
Fra:6 Mem:20.72M (Peak 25.31M) | Time:00:00.65 | Mem:0.00M, Peak:0.00M | Scene, ViewLayer | Updating Images | Loading CHR001_GreyStudy_Normal
Fra:6 Mem:32.74M (Peak 36.74M) | Time:00:00.68 | Mem:4.00M, Peak:4.00M | Scene, ViewLayer | Updating Images | Loading CHR001_GreyStudy_Surface
Fra:6 Mem:30.04M (Peak 36.74M) | Time:00:00.69 | Mem:12.00M, Peak:12.00M | Scene, ViewLayer | Waiting for render to start
Fra:6 Mem:30.04M (Peak 36.74M) | Time:00:00.69 | Mem:12.00M, Peak:12.00M | Scene, ViewLayer | Updating Scene
Fra:6 Mem:30.04M (Peak 36.74M) | Time:00:00.69 | Mem:12.00M, Peak:12.00M | Scene, ViewLayer | Updating Shaders
Fra:6 Mem:30.04M (Peak 36.74M) | Time:00:00.69 | Mem:12.00M, Peak:12.00M | Scene, ViewLayer | Loading render kernels (may take a few minutes the first time)
Fra:6 Mem:30.12M (Peak 36.74M) | Time:00:00.69 | Mem:12.00M, Peak:12.00M | Scene, ViewLayer | Updating Procedurals
Fra:6 Mem:30.12M (Peak 36.74M) | Time:00:00.69 | Mem:12.00M, Peak:12.00M | Scene, ViewLayer | Updating Background
Fra:6 Mem:30.12M (Peak 36.74M) | Time:00:00.69 | Mem:12.00M, Peak:12.00M | Scene, ViewLayer | Updating Camera
Fra:6 Mem:30.12M (Peak 36.74M) | Time:00:00.69 | Mem:12.00M, Peak:12.00M | Scene, ViewLayer | Updating Meshes Flags
Fra:6 Mem:30.12M (Peak 36.74M) | Time:00:00.69 | Mem:12.00M, Peak:12.00M | Scene, ViewLayer | Updating Objects
Fra:6 Mem:30.12M (Peak 36.74M) | Time:00:00.69 | Mem:12.00M, Peak:12.00M | Scene, ViewLayer | Updating Objects | Copying Transformations to device
Fra:6 Mem:30.14M (Peak 36.74M) | Time:00:00.69 | Mem:12.02M, Peak:12.02M | Scene, ViewLayer | Updating Particle Systems
Fra:6 Mem:30.14M (Peak 36.74M) | Time:00:00.69 | Mem:12.02M, Peak:12.02M | Scene, ViewLayer | Updating Particle Systems | Copying Particles to device
Fra:6 Mem:30.14M (Peak 36.74M) | Time:00:00.69 | Mem:12.02M, Peak:12.02M | Scene, ViewLayer | Updating Meshes
Fra:6 Mem:32.36M (Peak 36.74M) | Time:00:00.71 | Mem:12.02M, Peak:12.02M | Scene, ViewLayer | Updating Objects | Applying Static Transformations
Fra:6 Mem:32.36M (Peak 36.74M) | Time:00:00.71 | Mem:12.02M, Peak:12.02M | Scene, ViewLayer | Updating Mesh | Computing attributes
Fra:6 Mem:35.28M (Peak 36.74M) | Time:00:00.71 | Mem:12.03M, Peak:12.03M | Scene, ViewLayer | Updating Mesh | Copying Attributes to device
Fra:6 Mem:35.26M (Peak 36.74M) | Time:00:00.71 | Mem:14.92M, Peak:14.92M | Scene, ViewLayer | Updating Scene BVH | Building
Fra:6 Mem:35.26M (Peak 36.74M) | Time:00:00.71 | Mem:14.92M, Peak:14.92M | Scene, ViewLayer | Updating Scene BVH | Building BVH
Fra:6 Mem:35.26M (Peak 36.74M) | Time:00:00.71 | Mem:16.11M, Peak:16.11M | Scene, ViewLayer | Updating Scene BVH | Building BVH 0%
Fra:6 Mem:35.26M (Peak 36.74M) | Time:00:00.71 | Mem:17.40M, Peak:18.58M | Scene, ViewLayer | Updating Scene BVH | Copying BVH to device
Fra:6 Mem:35.26M (Peak 36.74M) | Time:00:00.71 | Mem:17.40M, Peak:18.58M | Scene, ViewLayer | Updating Mesh | Computing normals
Fra:6 Mem:36.31M (Peak 36.74M) | Time:00:00.72 | Mem:17.40M, Peak:18.58M | Scene, ViewLayer | Updating Mesh | Copying Mesh to device
Fra:6 Mem:36.31M (Peak 36.74M) | Time:00:00.72 | Mem:18.45M, Peak:18.58M | Scene, ViewLayer | Updating Objects Flags
Fra:6 Mem:36.31M (Peak 36.74M) | Time:00:00.72 | Mem:18.45M, Peak:18.58M | Scene, ViewLayer | Updating Primitive Offsets
Fra:6 Mem:36.31M (Peak 36.74M) | Time:00:00.72 | Mem:18.45M, Peak:18.58M | Scene, ViewLayer | Updating Images
Fra:6 Mem:36.31M (Peak 36.74M) | Time:00:00.72 | Mem:18.45M, Peak:18.58M | Scene, ViewLayer | Updating Camera Volume
Fra:6 Mem:36.31M (Peak 36.74M) | Time:00:00.72 | Mem:18.45M, Peak:18.58M | Scene, ViewLayer | Updating Lookup Tables
Fra:6 Mem:36.31M (Peak 36.74M) | Time:00:00.72 | Mem:18.53M, Peak:18.58M | Scene, ViewLayer | Updating Lights
Fra:6 Mem:36.31M (Peak 36.74M) | Time:00:00.72 | Mem:18.53M, Peak:18.58M | Scene, ViewLayer | Updating Lights | Computing tree
Fra:6 Mem:36.31M (Peak 36.74M) | Time:00:00.72 | Mem:18.53M, Peak:18.58M | Scene, ViewLayer | Updating Integrator
Fra:6 Mem:36.31M (Peak 36.74M) | Time:00:00.72 | Mem:18.53M, Peak:18.58M | Scene, ViewLayer | Updating Film
Fra:6 Mem:36.31M (Peak 36.74M) | Time:00:00.72 | Mem:18.45M, Peak:18.58M | Scene, ViewLayer | Updating Lookup Tables
Fra:6 Mem:36.31M (Peak 36.74M) | Time:00:00.72 | Mem:18.53M, Peak:18.58M | Scene, ViewLayer | Updating Baking
Fra:6 Mem:36.31M (Peak 36.74M) | Time:00:00.72 | Mem:18.53M, Peak:18.58M | Scene, ViewLayer | Updating Device | Writing constant memory
Fra:6 Mem:36.32M (Peak 36.74M) | Time:00:00.72 | Mem:18.53M, Peak:18.58M | Scene, ViewLayer | Loading denoising kernels (may take a few minutes the first time)
Fra:6 Mem:36.32M (Peak 36.74M) | Time:00:00.72 | Mem:18.53M, Peak:18.58M | Scene, ViewLayer | Sample 0/24
Fra:6 Mem:86.44M (Peak 86.44M) | Time:00:01.57 | Remaining:00:19.62 | Mem:68.64M, Peak:68.64M | Scene, ViewLayer | Sample 1/24
Fra:6 Mem:107.53M (Peak 139.18M) | Time:00:27.99 | Mem:68.64M, Peak:68.64M | Scene, ViewLayer | Sample 24/24
Fra:6 Mem:107.53M (Peak 139.18M) | Time:00:27.99 | Mem:68.64M, Peak:68.64M | Scene, ViewLayer | Finished
Saved: '/home/lzzz/MyProjects/N-SIDE/output/characters/CHR-001/model-r7/final-master/run-chest-left.png'
Time: 00:28.07 (Saving: 00:00.06)

Fra:26 Mem:19.94M (Peak 20.32M) | Time:00:00.03 | Mem:0.00M, Peak:0.00M | Scene, ViewLayer | Synchronizing object | TShirt
Fra:26 Mem:20.10M (Peak 20.32M) | Time:00:00.03 | Mem:0.00M, Peak:0.00M | Scene, ViewLayer | Synchronizing object | TShirt_Collar
Fra:26 Mem:20.12M (Peak 20.32M) | Time:00:00.03 | Mem:0.00M, Peak:0.00M | Scene, ViewLayer | Synchronizing object | Hood
Fra:26 Mem:20.18M (Peak 20.32M) | Time:00:00.03 | Mem:0.00M, Peak:0.00M | Scene, ViewLayer | Synchronizing object | Sleeve_Cuff.L
Fra:26 Mem:20.18M (Peak 20.32M) | Time:00:00.03 | Mem:0.00M, Peak:0.00M | Scene, ViewLayer | Synchronizing object | Hood_Cord.L
Fra:26 Mem:20.22M (Peak 20.32M) | Time:00:00.04 | Mem:0.00M, Peak:0.00M | Scene, ViewLayer | Synchronizing object | Palm.L
Fra:26 Mem:20.27M (Peak 20.32M) | Time:00:00.04 | Mem:0.00M, Peak:0.00M | Scene, ViewLayer | Synchronizing object | Index_Mesh.L
Fra:26 Mem:20.31M (Peak 20.32M) | Time:00:00.04 | Mem:0.00M, Peak:0.00M | Scene, ViewLayer | Synchronizing object | Middle_Mesh.L
Fra:26 Mem:20.29M (Peak 20.32M) | Time:00:00.04 | Mem:0.00M, Peak:0.00M | Scene, ViewLayer | Synchronizing object | Ring_Mesh.L
Fra:26 Mem:20.29M (Peak 20.32M) | Time:00:00.04 | Mem:0.00M, Peak:0.00M | Scene, ViewLayer | Synchronizing object | Pinky_Mesh.L
Fra:26 Mem:20.29M (Peak 20.32M) | Time:00:00.04 | Mem:0.00M, Peak:0.00M | Scene, ViewLayer | Synchronizing object | Thumb_Mesh.L
Fra:26 Mem:20.48M (Peak 20.48M) | Time:00:00.08 | Mem:0.00M, Peak:0.00M | Scene, ViewLayer | Synchronizing object | Trousers.L
Fra:26 Mem:20.74M (Peak 20.74M) | Time:00:00.08 | Mem:0.00M, Peak:0.00M | Scene, ViewLayer | Synchronizing object | Sneaker_Sole.L
Fra:26 Mem:20.75M (Peak 20.75M) | Time:00:00.08 | Mem:0.00M, Peak:0.00M | Scene, ViewLayer | Synchronizing object | Sneaker_Upper.L
Fra:26 Mem:20.77M (Peak 20.77M) | Time:00:00.08 | Mem:0.00M, Peak:0.00M | Scene, ViewLayer | Synchronizing object | Sock.L
Fra:26 Mem:20.78M (Peak 20.78M) | Time:00:00.08 | Mem:0.00M, Peak:0.00M | Scene, ViewLayer | Synchronizing object | Lace_0.L
Fra:26 Mem:20.78M (Peak 20.78M) | Time:00:00.08 | Mem:0.00M, Peak:0.00M | Scene, ViewLayer | Synchronizing object | Lace_1.L
Fra:26 Mem:20.78M (Peak 20.78M) | Time:00:00.08 | Mem:0.00M, Peak:0.00M | Scene, ViewLayer | Synchronizing object | Lace_2.L
Fra:26 Mem:20.79M (Peak 20.79M) | Time:00:00.08 | Mem:0.00M, Peak:0.00M | Scene, ViewLayer | Synchronizing object | Lace_3.L
Fra:26 Mem:20.79M (Peak 20.79M) | Time:00:00.08 | Mem:0.00M, Peak:0.00M | Scene, ViewLayer | Synchronizing object | Heel_Tab.L
Fra:26 Mem:20.79M (Peak 20.79M) | Time:00:00.08 | Mem:0.00M, Peak:0.00M | Scene, ViewLayer | Synchronizing object | Sleeve_Cuff.R
Fra:26 Mem:20.80M (Peak 20.80M) | Time:00:00.08 | Mem:0.00M, Peak:0.00M | Scene, ViewLayer | Synchronizing object | Hood_Cord.R
Fra:26 Mem:20.84M (Peak 20.84M) | Time:00:00.09 | Mem:0.00M, Peak:0.00M | Scene, ViewLayer | Synchronizing object | Palm.R
Fra:26 Mem:20.89M (Peak 20.89M) | Time:00:00.09 | Mem:0.00M, Peak:0.00M | Scene, ViewLayer | Synchronizing object | Index_Mesh.R
Fra:26 Mem:20.89M (Peak 20.89M) | Time:00:00.09 | Mem:0.00M, Peak:0.00M | Scene, ViewLayer | Synchronizing object | Middle_Mesh.R
Fra:26 Mem:20.93M (Peak 20.93M) | Time:00:00.09 | Mem:0.00M, Peak:0.00M | Scene, ViewLayer | Synchronizing object | Ring_Mesh.R
Fra:26 Mem:20.90M (Peak 20.93M) | Time:00:00.09 | Mem:0.00M, Peak:0.00M | Scene, ViewLayer | Synchronizing object | Pinky_Mesh.R
Fra:26 Mem:20.91M (Peak 20.93M) | Time:00:00.09 | Mem:0.00M, Peak:0.00M | Scene, ViewLayer | Synchronizing object | Thumb_Mesh.R
Fra:26 Mem:21.09M (Peak 21.09M) | Time:00:00.13 | Mem:0.00M, Peak:0.00M | Scene, ViewLayer | Synchronizing object | Trousers.R
Fra:26 Mem:21.37M (Peak 21.37M) | Time:00:00.13 | Mem:0.00M, Peak:0.00M | Scene, ViewLayer | Synchronizing object | Sneaker_Sole.R
Fra:26 Mem:21.40M (Peak 21.40M) | Time:00:00.13 | Mem:0.00M, Peak:0.00M | Scene, ViewLayer | Synchronizing object | Sneaker_Upper.R
Fra:26 Mem:21.49M (Peak 21.49M) | Time:00:00.13 | Mem:0.00M, Peak:0.00M | Scene, ViewLayer | Synchronizing object | Sock.R
Fra:26 Mem:21.49M (Peak 21.49M) | Time:00:00.13 | Mem:0.00M, Peak:0.00M | Scene, ViewLayer | Synchronizing object | Lace_0.R
Fra:26 Mem:21.43M (Peak 21.49M) | Time:00:00.13 | Mem:0.00M, Peak:0.00M | Scene, ViewLayer | Synchronizing object | Lace_1.R
Fra:26 Mem:21.43M (Peak 21.49M) | Time:00:00.13 | Mem:0.00M, Peak:0.00M | Scene, ViewLayer | Synchronizing object | Lace_2.R
Fra:26 Mem:21.43M (Peak 21.49M) | Time:00:00.13 | Mem:0.00M, Peak:0.00M | Scene, ViewLayer | Synchronizing object | Lace_3.R
Fra:26 Mem:21.40M (Peak 21.49M) | Time:00:00.13 | Mem:0.00M, Peak:0.00M | Scene, ViewLayer | Synchronizing object | Heel_Tab.R
Fra:26 Mem:21.98M (Peak 21.98M) | Time:00:00.17 | Mem:0.00M, Peak:0.00M | Scene, ViewLayer | Synchronizing object | Jacket_ContinuousShoulders
Fra:26 Mem:23.21M (Peak 23.21M) | Time:00:00.59 | Mem:0.00M, Peak:0.00M | Scene, ViewLayer | Synchronizing object | Face_Head
Fra:26 Mem:23.87M (Peak 23.87M) | Time:00:00.60 | Mem:0.00M, Peak:0.00M | Scene, ViewLayer | Synchronizing object | Ear.L
Fra:26 Mem:23.93M (Peak 23.93M) | Time:00:00.60 | Mem:0.00M, Peak:0.00M | Scene, ViewLayer | Synchronizing object | Ear_Fold.L
Fra:26 Mem:23.98M (Peak 23.98M) | Time:00:00.61 | Mem:0.00M, Peak:0.00M | Scene, ViewLayer | Synchronizing object | Ear.R
Fra:26 Mem:24.04M (Peak 24.04M) | Time:00:00.61 | Mem:0.00M, Peak:0.00M | Scene, ViewLayer | Synchronizing object | Ear_Fold.R
Fra:26 Mem:24.05M (Peak 24.05M) | Time:00:00.61 | Mem:0.00M, Peak:0.00M | Scene, ViewLayer | Synchronizing object | Eye_White.L
Fra:26 Mem:24.05M (Peak 24.05M) | Time:00:00.61 | Mem:0.00M, Peak:0.00M | Scene, ViewLayer | Synchronizing object | Iris_hair.L
Fra:26 Mem:24.06M (Peak 24.06M) | Time:00:00.61 | Mem:0.00M, Peak:0.00M | Scene, ViewLayer | Synchronizing object | Iris_ink.L
Fra:26 Mem:24.07M (Peak 24.07M) | Time:00:00.61 | Mem:0.00M, Peak:0.00M | Scene, ViewLayer | Synchronizing object | Eye_Glint.L
Fra:26 Mem:24.07M (Peak 24.07M) | Time:00:00.61 | Mem:0.00M, Peak:0.00M | Scene, ViewLayer | Synchronizing object | Upper_Lid.L
Fra:26 Mem:24.09M (Peak 24.09M) | Time:00:00.61 | Mem:0.00M, Peak:0.00M | Scene, ViewLayer | Synchronizing object | Lower_Lid.L
Fra:26 Mem:24.09M (Peak 24.09M) | Time:00:00.61 | Mem:0.00M, Peak:0.00M | Scene, ViewLayer | Synchronizing object | Eyebrow.L
Fra:26 Mem:24.10M (Peak 24.10M) | Time:00:00.61 | Mem:0.00M, Peak:0.00M | Scene, ViewLayer | Synchronizing object | Eye_White.R
Fra:26 Mem:24.10M (Peak 24.10M) | Time:00:00.61 | Mem:0.00M, Peak:0.00M | Scene, ViewLayer | Synchronizing object | Iris_hair.R
Fra:26 Mem:24.11M (Peak 24.11M) | Time:00:00.61 | Mem:0.00M, Peak:0.00M | Scene, ViewLayer | Synchronizing object | Iris_ink.R
Fra:26 Mem:24.12M (Peak 24.12M) | Time:00:00.61 | Mem:0.00M, Peak:0.00M | Scene, ViewLayer | Synchronizing object | Eye_Glint.R
Fra:26 Mem:24.13M (Peak 24.13M) | Time:00:00.61 | Mem:0.00M, Peak:0.00M | Scene, ViewLayer | Synchronizing object | Upper_Lid.R
Fra:26 Mem:24.14M (Peak 24.14M) | Time:00:00.61 | Mem:0.00M, Peak:0.00M | Scene, ViewLayer | Synchronizing object | Lower_Lid.R
Fra:26 Mem:24.14M (Peak 24.14M) | Time:00:00.61 | Mem:0.00M, Peak:0.00M | Scene, ViewLayer | Synchronizing object | Eyebrow.R
Fra:26 Mem:24.15M (Peak 24.15M) | Time:00:00.61 | Mem:0.00M, Peak:0.00M | Scene, ViewLayer | Synchronizing object | Mouth
Fra:26 Mem:24.16M (Peak 24.16M) | Time:00:00.61 | Mem:0.00M, Peak:0.00M | Scene, ViewLayer | Synchronizing object | Hair_Cap
Fra:26 Mem:24.96M (Peak 24.96M) | Time:00:00.65 | Mem:0.00M, Peak:0.00M | Scene, ViewLayer | Synchronizing object | Hair_CrownBase
Fra:26 Mem:25.06M (Peak 25.06M) | Time:00:00.65 | Mem:0.00M, Peak:0.00M | Scene, ViewLayer | Synchronizing object | Review_Rim
Fra:26 Mem:25.05M (Peak 25.06M) | Time:00:00.65 | Mem:0.00M, Peak:0.00M | Scene, ViewLayer | Synchronizing object | Bangs_00
Fra:26 Mem:25.05M (Peak 25.06M) | Time:00:00.65 | Mem:0.00M, Peak:0.00M | Scene, ViewLayer | Synchronizing object | Review_Fill
Fra:26 Mem:25.06M (Peak 25.06M) | Time:00:00.65 | Mem:0.00M, Peak:0.00M | Scene, ViewLayer | Synchronizing object | Review_Key
Fra:26 Mem:25.06M (Peak 25.06M) | Time:00:00.65 | Mem:0.00M, Peak:0.00M | Scene, ViewLayer | Synchronizing object | Review_Ground
Fra:26 Mem:25.07M (Peak 25.07M) | Time:00:00.65 | Mem:0.00M, Peak:0.00M | Scene, ViewLayer | Synchronizing object | Bangs_01
Fra:26 Mem:25.07M (Peak 25.07M) | Time:00:00.65 | Mem:0.00M, Peak:0.00M | Scene, ViewLayer | Synchronizing object | Tee_Bar
Fra:26 Mem:25.09M (Peak 25.09M) | Time:00:00.65 | Mem:0.00M, Peak:0.00M | Scene, ViewLayer | Synchronizing object | Tee_Dot_1.246
Fra:26 Mem:25.09M (Peak 25.09M) | Time:00:00.65 | Mem:0.00M, Peak:0.00M | Scene, ViewLayer | Synchronizing object | Bangs_02
Fra:26 Mem:25.09M (Peak 25.09M) | Time:00:00.65 | Mem:0.00M, Peak:0.00M | Scene, ViewLayer | Synchronizing object | Tee_Dot_1.275
Fra:26 Mem:25.12M (Peak 25.12M) | Time:00:00.65 | Mem:0.00M, Peak:0.00M | Scene, ViewLayer | Synchronizing object | Crown_0.R
Fra:26 Mem:25.12M (Peak 25.12M) | Time:00:00.65 | Mem:0.00M, Peak:0.00M | Scene, ViewLayer | Synchronizing object | Bangs_03
Fra:26 Mem:25.15M (Peak 25.15M) | Time:00:00.65 | Mem:0.00M, Peak:0.00M | Scene, ViewLayer | Synchronizing object | Crown_0.L
Fra:26 Mem:25.15M (Peak 25.15M) | Time:00:00.65 | Mem:0.00M, Peak:0.00M | Scene, ViewLayer | Synchronizing object | Bangs_04
Fra:26 Mem:25.18M (Peak 25.18M) | Time:00:00.65 | Mem:0.00M, Peak:0.00M | Scene, ViewLayer | Synchronizing object | Temple_2.R
Fra:26 Mem:25.19M (Peak 25.19M) | Time:00:00.65 | Mem:0.00M, Peak:0.00M | Scene, ViewLayer | Synchronizing object | Bangs_05
Fra:26 Mem:25.22M (Peak 25.22M) | Time:00:00.65 | Mem:0.00M, Peak:0.00M | Scene, ViewLayer | Synchronizing object | Temple_1.R
Fra:26 Mem:25.22M (Peak 25.22M) | Time:00:00.66 | Mem:0.00M, Peak:0.00M | Scene, ViewLayer | Synchronizing object | Temple_0.L
Fra:26 Mem:25.25M (Peak 25.25M) | Time:00:00.66 | Mem:0.00M, Peak:0.00M | Scene, ViewLayer | Synchronizing object | Temple_0.R
Fra:26 Mem:25.26M (Peak 25.26M) | Time:00:00.66 | Mem:0.00M, Peak:0.00M | Scene, ViewLayer | Synchronizing object | Temple_1.L
Fra:26 Mem:25.28M (Peak 25.28M) | Time:00:00.66 | Mem:0.00M, Peak:0.00M | Scene, ViewLayer | Synchronizing object | Temple_2.L
Fra:26 Mem:25.31M (Peak 25.31M) | Time:00:00.66 | Mem:0.00M, Peak:0.00M | Scene, ViewLayer | Initializing
Fra:26 Mem:20.72M (Peak 25.31M) | Time:00:00.66 | Mem:0.00M, Peak:0.00M | Scene, ViewLayer | Updating Images | Loading CHR001_GreyStudy_Normal
Fra:26 Mem:32.74M (Peak 36.74M) | Time:00:00.67 | Mem:4.00M, Peak:4.00M | Scene, ViewLayer | Updating Images | Loading CHR001_GreyStudy_Surface
Fra:26 Mem:30.04M (Peak 36.74M) | Time:00:00.68 | Mem:12.00M, Peak:12.00M | Scene, ViewLayer | Waiting for render to start
Fra:26 Mem:30.04M (Peak 36.74M) | Time:00:00.68 | Mem:12.00M, Peak:12.00M | Scene, ViewLayer | Updating Scene
Fra:26 Mem:30.04M (Peak 36.74M) | Time:00:00.68 | Mem:12.00M, Peak:12.00M | Scene, ViewLayer | Updating Shaders
Fra:26 Mem:30.04M (Peak 36.74M) | Time:00:00.68 | Mem:12.00M, Peak:12.00M | Scene, ViewLayer | Loading render kernels (may take a few minutes the first time)
Fra:26 Mem:30.12M (Peak 36.74M) | Time:00:00.68 | Mem:12.00M, Peak:12.00M | Scene, ViewLayer | Updating Procedurals
Fra:26 Mem:30.12M (Peak 36.74M) | Time:00:00.68 | Mem:12.00M, Peak:12.00M | Scene, ViewLayer | Updating Background
Fra:26 Mem:30.12M (Peak 36.74M) | Time:00:00.68 | Mem:12.00M, Peak:12.00M | Scene, ViewLayer | Updating Camera
Fra:26 Mem:30.12M (Peak 36.74M) | Time:00:00.68 | Mem:12.00M, Peak:12.00M | Scene, ViewLayer | Updating Meshes Flags
Fra:26 Mem:30.12M (Peak 36.74M) | Time:00:00.68 | Mem:12.00M, Peak:12.00M | Scene, ViewLayer | Updating Objects
Fra:26 Mem:30.12M (Peak 36.74M) | Time:00:00.68 | Mem:12.00M, Peak:12.00M | Scene, ViewLayer | Updating Objects | Copying Transformations to device
Fra:26 Mem:30.14M (Peak 36.74M) | Time:00:00.68 | Mem:12.02M, Peak:12.02M | Scene, ViewLayer | Updating Particle Systems
Fra:26 Mem:30.14M (Peak 36.74M) | Time:00:00.68 | Mem:12.02M, Peak:12.02M | Scene, ViewLayer | Updating Particle Systems | Copying Particles to device
Fra:26 Mem:30.14M (Peak 36.74M) | Time:00:00.68 | Mem:12.02M, Peak:12.02M | Scene, ViewLayer | Updating Meshes
Fra:26 Mem:32.36M (Peak 36.74M) | Time:00:00.69 | Mem:12.02M, Peak:12.02M | Scene, ViewLayer | Updating Objects | Applying Static Transformations
Fra:26 Mem:32.36M (Peak 36.74M) | Time:00:00.69 | Mem:12.02M, Peak:12.02M | Scene, ViewLayer | Updating Mesh | Computing attributes
Fra:26 Mem:35.28M (Peak 36.74M) | Time:00:00.70 | Mem:12.03M, Peak:12.03M | Scene, ViewLayer | Updating Mesh | Copying Attributes to device
Fra:26 Mem:35.26M (Peak 36.74M) | Time:00:00.70 | Mem:14.92M, Peak:14.92M | Scene, ViewLayer | Updating Scene BVH | Building
Fra:26 Mem:35.26M (Peak 36.74M) | Time:00:00.70 | Mem:14.92M, Peak:14.92M | Scene, ViewLayer | Updating Scene BVH | Building BVH
Fra:26 Mem:35.26M (Peak 36.74M) | Time:00:00.70 | Mem:16.11M, Peak:16.11M | Scene, ViewLayer | Updating Scene BVH | Building BVH 0%
Fra:26 Mem:35.26M (Peak 36.74M) | Time:00:00.70 | Mem:17.40M, Peak:18.58M | Scene, ViewLayer | Updating Scene BVH | Copying BVH to device
Fra:26 Mem:35.26M (Peak 36.74M) | Time:00:00.70 | Mem:17.40M, Peak:18.58M | Scene, ViewLayer | Updating Mesh | Computing normals
Fra:26 Mem:36.31M (Peak 36.74M) | Time:00:00.70 | Mem:17.40M, Peak:18.58M | Scene, ViewLayer | Updating Mesh | Copying Mesh to device
Fra:26 Mem:36.31M (Peak 36.74M) | Time:00:00.70 | Mem:18.45M, Peak:18.58M | Scene, ViewLayer | Updating Objects Flags
Fra:26 Mem:36.31M (Peak 36.74M) | Time:00:00.70 | Mem:18.45M, Peak:18.58M | Scene, ViewLayer | Updating Primitive Offsets
Fra:26 Mem:36.31M (Peak 36.74M) | Time:00:00.70 | Mem:18.45M, Peak:18.58M | Scene, ViewLayer | Updating Images
Fra:26 Mem:36.31M (Peak 36.74M) | Time:00:00.70 | Mem:18.45M, Peak:18.58M | Scene, ViewLayer | Updating Camera Volume
Fra:26 Mem:36.31M (Peak 36.74M) | Time:00:00.70 | Mem:18.45M, Peak:18.58M | Scene, ViewLayer | Updating Lookup Tables
Fra:26 Mem:36.31M (Peak 36.74M) | Time:00:00.70 | Mem:18.53M, Peak:18.58M | Scene, ViewLayer | Updating Lights
Fra:26 Mem:36.31M (Peak 36.74M) | Time:00:00.70 | Mem:18.53M, Peak:18.58M | Scene, ViewLayer | Updating Lights | Computing tree
Fra:26 Mem:36.31M (Peak 36.74M) | Time:00:00.70 | Mem:18.53M, Peak:18.58M | Scene, ViewLayer | Updating Integrator
Fra:26 Mem:36.31M (Peak 36.74M) | Time:00:00.70 | Mem:18.53M, Peak:18.58M | Scene, ViewLayer | Updating Film
Fra:26 Mem:36.31M (Peak 36.74M) | Time:00:00.70 | Mem:18.45M, Peak:18.58M | Scene, ViewLayer | Updating Lookup Tables
Fra:26 Mem:36.31M (Peak 36.74M) | Time:00:00.70 | Mem:18.53M, Peak:18.58M | Scene, ViewLayer | Updating Baking
Fra:26 Mem:36.31M (Peak 36.74M) | Time:00:00.70 | Mem:18.53M, Peak:18.58M | Scene, ViewLayer | Updating Device | Writing constant memory
Fra:26 Mem:36.32M (Peak 36.74M) | Time:00:00.70 | Mem:18.53M, Peak:18.58M | Scene, ViewLayer | Loading denoising kernels (may take a few minutes the first time)
Fra:26 Mem:36.32M (Peak 36.74M) | Time:00:00.70 | Mem:18.53M, Peak:18.58M | Scene, ViewLayer | Sample 0/24
Fra:26 Mem:86.44M (Peak 86.44M) | Time:00:01.57 | Remaining:00:19.94 | Mem:68.64M, Peak:68.64M | Scene, ViewLayer | Sample 1/24
Fra:26 Mem:107.53M (Peak 139.18M) | Time:00:32.94 | Mem:68.64M, Peak:68.64M | Scene, ViewLayer | Sample 24/24
Fra:26 Mem:107.53M (Peak 139.18M) | Time:00:32.94 | Mem:68.64M, Peak:68.64M | Scene, ViewLayer | Finished
Saved: '/home/lzzz/MyProjects/N-SIDE/output/characters/CHR-001/model-r7/final-master/run-chest-right.png'
Time: 00:33.06 (Saving: 00:00.11)

Fra:8 Mem:20.09M (Peak 20.12M) | Time:00:00.06 | Mem:0.00M, Peak:0.00M | Scene, ViewLayer | Synchronizing object | TShirt
Fra:8 Mem:20.24M (Peak 20.24M) | Time:00:00.07 | Mem:0.00M, Peak:0.00M | Scene, ViewLayer | Synchronizing object | TShirt_Collar
Fra:8 Mem:20.27M (Peak 20.27M) | Time:00:00.07 | Mem:0.00M, Peak:0.00M | Scene, ViewLayer | Synchronizing object | Hood
Fra:8 Mem:20.32M (Peak 20.32M) | Time:00:00.07 | Mem:0.00M, Peak:0.00M | Scene, ViewLayer | Synchronizing object | Sleeve_Cuff.L
Fra:8 Mem:20.33M (Peak 20.33M) | Time:00:00.07 | Mem:0.00M, Peak:0.00M | Scene, ViewLayer | Synchronizing object | Hood_Cord.L
Fra:8 Mem:20.37M (Peak 20.37M) | Time:00:00.09 | Mem:0.00M, Peak:0.00M | Scene, ViewLayer | Synchronizing object | Palm.L
Fra:8 Mem:20.44M (Peak 20.44M) | Time:00:00.09 | Mem:0.00M, Peak:0.00M | Scene, ViewLayer | Synchronizing object | Index_Mesh.L
Fra:8 Mem:20.42M (Peak 20.44M) | Time:00:00.09 | Mem:0.00M, Peak:0.00M | Scene, ViewLayer | Synchronizing object | Middle_Mesh.L
Fra:8 Mem:20.42M (Peak 20.44M) | Time:00:00.09 | Mem:0.00M, Peak:0.00M | Scene, ViewLayer | Synchronizing object | Ring_Mesh.L
Fra:8 Mem:20.43M (Peak 20.44M) | Time:00:00.09 | Mem:0.00M, Peak:0.00M | Scene, ViewLayer | Synchronizing object | Pinky_Mesh.L
Fra:8 Mem:20.44M (Peak 20.44M) | Time:00:00.09 | Mem:0.00M, Peak:0.00M | Scene, ViewLayer | Synchronizing object | Thumb_Mesh.L
Fra:8 Mem:20.62M (Peak 20.62M) | Time:00:00.16 | Mem:0.00M, Peak:0.00M | Scene, ViewLayer | Synchronizing object | Trousers.L
Fra:8 Mem:20.88M (Peak 20.88M) | Time:00:00.16 | Mem:0.00M, Peak:0.00M | Scene, ViewLayer | Synchronizing object | Sneaker_Sole.L
Fra:8 Mem:20.90M (Peak 20.90M) | Time:00:00.16 | Mem:0.00M, Peak:0.00M | Scene, ViewLayer | Synchronizing object | Sneaker_Upper.L
Fra:8 Mem:20.92M (Peak 20.92M) | Time:00:00.16 | Mem:0.00M, Peak:0.00M | Scene, ViewLayer | Synchronizing object | Sock.L
Fra:8 Mem:20.92M (Peak 20.92M) | Time:00:00.16 | Mem:0.00M, Peak:0.00M | Scene, ViewLayer | Synchronizing object | Lace_0.L
Fra:8 Mem:20.93M (Peak 20.93M) | Time:00:00.16 | Mem:0.00M, Peak:0.00M | Scene, ViewLayer | Synchronizing object | Lace_1.L
Fra:8 Mem:20.93M (Peak 20.93M) | Time:00:00.16 | Mem:0.00M, Peak:0.00M | Scene, ViewLayer | Synchronizing object | Lace_2.L
Fra:8 Mem:20.93M (Peak 20.93M) | Time:00:00.16 | Mem:0.00M, Peak:0.00M | Scene, ViewLayer | Synchronizing object | Lace_3.L
Fra:8 Mem:20.93M (Peak 20.93M) | Time:00:00.16 | Mem:0.00M, Peak:0.00M | Scene, ViewLayer | Synchronizing object | Heel_Tab.L
Fra:8 Mem:20.94M (Peak 20.94M) | Time:00:00.16 | Mem:0.00M, Peak:0.00M | Scene, ViewLayer | Synchronizing object | Sleeve_Cuff.R
Fra:8 Mem:20.94M (Peak 20.94M) | Time:00:00.16 | Mem:0.00M, Peak:0.00M | Scene, ViewLayer | Synchronizing object | Hood_Cord.R
Fra:8 Mem:20.98M (Peak 20.98M) | Time:00:00.19 | Mem:0.00M, Peak:0.00M | Scene, ViewLayer | Synchronizing object | Palm.R
Fra:8 Mem:21.04M (Peak 21.04M) | Time:00:00.19 | Mem:0.00M, Peak:0.00M | Scene, ViewLayer | Synchronizing object | Index_Mesh.R
Fra:8 Mem:21.03M (Peak 21.04M) | Time:00:00.19 | Mem:0.00M, Peak:0.00M | Scene, ViewLayer | Synchronizing object | Middle_Mesh.R
Fra:8 Mem:21.04M (Peak 21.04M) | Time:00:00.19 | Mem:0.00M, Peak:0.00M | Scene, ViewLayer | Synchronizing object | Ring_Mesh.R
Fra:8 Mem:21.05M (Peak 21.05M) | Time:00:00.19 | Mem:0.00M, Peak:0.00M | Scene, ViewLayer | Synchronizing object | Pinky_Mesh.R
Fra:8 Mem:21.05M (Peak 21.05M) | Time:00:00.19 | Mem:0.00M, Peak:0.00M | Scene, ViewLayer | Synchronizing object | Thumb_Mesh.R
Fra:8 Mem:21.24M (Peak 21.24M) | Time:00:00.26 | Mem:0.00M, Peak:0.00M | Scene, ViewLayer | Synchronizing object | Trousers.R
Fra:8 Mem:21.60M (Peak 21.60M) | Time:00:00.26 | Mem:0.00M, Peak:0.00M | Scene, ViewLayer | Synchronizing object | Sneaker_Sole.R
Fra:8 Mem:21.54M (Peak 21.60M) | Time:00:00.26 | Mem:0.00M, Peak:0.00M | Scene, ViewLayer | Synchronizing object | Sneaker_Upper.R
Fra:8 Mem:21.53M (Peak 21.60M) | Time:00:00.26 | Mem:0.00M, Peak:0.00M | Scene, ViewLayer | Synchronizing object | Sock.R
Fra:8 Mem:21.54M (Peak 21.60M) | Time:00:00.26 | Mem:0.00M, Peak:0.00M | Scene, ViewLayer | Synchronizing object | Lace_0.R
Fra:8 Mem:21.54M (Peak 21.60M) | Time:00:00.26 | Mem:0.00M, Peak:0.00M | Scene, ViewLayer | Synchronizing object | Lace_1.R
Fra:8 Mem:21.54M (Peak 21.60M) | Time:00:00.26 | Mem:0.00M, Peak:0.00M | Scene, ViewLayer | Synchronizing object | Lace_2.R
Fra:8 Mem:21.54M (Peak 21.60M) | Time:00:00.26 | Mem:0.00M, Peak:0.00M | Scene, ViewLayer | Synchronizing object | Lace_3.R
Fra:8 Mem:21.55M (Peak 21.60M) | Time:00:00.26 | Mem:0.00M, Peak:0.00M | Scene, ViewLayer | Synchronizing object | Heel_Tab.R
Fra:8 Mem:22.13M (Peak 22.13M) | Time:00:00.35 | Mem:0.00M, Peak:0.00M | Scene, ViewLayer | Synchronizing object | Jacket_ContinuousShoulders
Fra:8 Mem:23.35M (Peak 23.35M) | Time:00:01.21 | Mem:0.00M, Peak:0.00M | Scene, ViewLayer | Synchronizing object | Face_Head
Fra:8 Mem:24.02M (Peak 24.02M) | Time:00:01.24 | Mem:0.00M, Peak:0.00M | Scene, ViewLayer | Synchronizing object | Ear.L
Fra:8 Mem:24.07M (Peak 24.07M) | Time:00:01.24 | Mem:0.00M, Peak:0.00M | Scene, ViewLayer | Synchronizing object | Ear_Fold.L
Fra:8 Mem:24.13M (Peak 24.13M) | Time:00:01.26 | Mem:0.00M, Peak:0.00M | Scene, ViewLayer | Synchronizing object | Ear.R
Fra:8 Mem:24.18M (Peak 24.18M) | Time:00:01.26 | Mem:0.00M, Peak:0.00M | Scene, ViewLayer | Synchronizing object | Ear_Fold.R
Fra:8 Mem:24.19M (Peak 24.19M) | Time:00:01.26 | Mem:0.00M, Peak:0.00M | Scene, ViewLayer | Synchronizing object | Eye_White.L
Fra:8 Mem:24.20M (Peak 24.20M) | Time:00:01.26 | Mem:0.00M, Peak:0.00M | Scene, ViewLayer | Synchronizing object | Iris_hair.L
Fra:8 Mem:24.21M (Peak 24.21M) | Time:00:01.26 | Mem:0.00M, Peak:0.00M | Scene, ViewLayer | Synchronizing object | Iris_ink.L
Fra:8 Mem:24.21M (Peak 24.21M) | Time:00:01.26 | Mem:0.00M, Peak:0.00M | Scene, ViewLayer | Synchronizing object | Eye_Glint.L
Fra:8 Mem:24.22M (Peak 24.22M) | Time:00:01.26 | Mem:0.00M, Peak:0.00M | Scene, ViewLayer | Synchronizing object | Upper_Lid.L
Fra:8 Mem:24.23M (Peak 24.23M) | Time:00:01.26 | Mem:0.00M, Peak:0.00M | Scene, ViewLayer | Synchronizing object | Lower_Lid.L
Fra:8 Mem:24.24M (Peak 24.24M) | Time:00:01.26 | Mem:0.00M, Peak:0.00M | Scene, ViewLayer | Synchronizing object | Eyebrow.L
Fra:8 Mem:24.24M (Peak 24.24M) | Time:00:01.26 | Mem:0.00M, Peak:0.00M | Scene, ViewLayer | Synchronizing object | Eye_White.R
Fra:8 Mem:24.25M (Peak 24.25M) | Time:00:01.26 | Mem:0.00M, Peak:0.00M | Scene, ViewLayer | Synchronizing object | Iris_hair.R
Fra:8 Mem:24.26M (Peak 24.26M) | Time:00:01.26 | Mem:0.00M, Peak:0.00M | Scene, ViewLayer | Synchronizing object | Iris_ink.R
Fra:8 Mem:24.27M (Peak 24.27M) | Time:00:01.26 | Mem:0.00M, Peak:0.00M | Scene, ViewLayer | Synchronizing object | Eye_Glint.R
Fra:8 Mem:24.27M (Peak 24.27M) | Time:00:01.26 | Mem:0.00M, Peak:0.00M | Scene, ViewLayer | Synchronizing object | Upper_Lid.R
Fra:8 Mem:24.28M (Peak 24.28M) | Time:00:01.26 | Mem:0.00M, Peak:0.00M | Scene, ViewLayer | Synchronizing object | Lower_Lid.R
Fra:8 Mem:24.29M (Peak 24.29M) | Time:00:01.26 | Mem:0.00M, Peak:0.00M | Scene, ViewLayer | Synchronizing object | Eyebrow.R
Fra:8 Mem:24.29M (Peak 24.29M) | Time:00:01.26 | Mem:0.00M, Peak:0.00M | Scene, ViewLayer | Synchronizing object | Mouth
Fra:8 Mem:24.30M (Peak 24.30M) | Time:00:01.26 | Mem:0.00M, Peak:0.00M | Scene, ViewLayer | Synchronizing object | Hair_Cap
Fra:8 Mem:25.10M (Peak 25.10M) | Time:00:01.34 | Mem:0.00M, Peak:0.00M | Scene, ViewLayer | Synchronizing object | Hair_CrownBase
Fra:8 Mem:25.19M (Peak 25.19M) | Time:00:01.34 | Mem:0.00M, Peak:0.00M | Scene, ViewLayer | Synchronizing object | Bangs_00
Fra:8 Mem:25.20M (Peak 25.20M) | Time:00:01.34 | Mem:0.00M, Peak:0.00M | Scene, ViewLayer | Synchronizing object | Bangs_01
Fra:8 Mem:25.23M (Peak 25.23M) | Time:00:01.34 | Mem:0.00M, Peak:0.00M | Scene, ViewLayer | Synchronizing object | Review_Rim
Fra:8 Mem:25.23M (Peak 25.23M) | Time:00:01.34 | Mem:0.00M, Peak:0.00M | Scene, ViewLayer | Synchronizing object | Review_Fill
Fra:8 Mem:25.23M (Peak 25.23M) | Time:00:01.34 | Mem:0.00M, Peak:0.00M | Scene, ViewLayer | Synchronizing object | Review_Key
Fra:8 Mem:25.23M (Peak 25.23M) | Time:00:01.34 | Mem:0.00M, Peak:0.00M | Scene, ViewLayer | Synchronizing object | Review_Ground
Fra:8 Mem:25.23M (Peak 25.23M) | Time:00:01.34 | Mem:0.00M, Peak:0.00M | Scene, ViewLayer | Synchronizing object | Tee_Bar
Fra:8 Mem:25.23M (Peak 25.23M) | Time:00:01.34 | Mem:0.00M, Peak:0.00M | Scene, ViewLayer | Synchronizing object | Tee_Dot_1.246
Fra:8 Mem:25.24M (Peak 25.24M) | Time:00:01.34 | Mem:0.00M, Peak:0.00M | Scene, ViewLayer | Synchronizing object | Tee_Dot_1.275
Fra:8 Mem:25.24M (Peak 25.24M) | Time:00:01.34 | Mem:0.00M, Peak:0.00M | Scene, ViewLayer | Synchronizing object | Crown_0.R
Fra:8 Mem:25.26M (Peak 25.26M) | Time:00:01.34 | Mem:0.00M, Peak:0.00M | Scene, ViewLayer | Synchronizing object | Crown_0.L
Fra:8 Mem:25.28M (Peak 25.28M) | Time:00:01.34 | Mem:0.00M, Peak:0.00M | Scene, ViewLayer | Synchronizing object | Temple_2.R
Fra:8 Mem:25.29M (Peak 25.29M) | Time:00:01.34 | Mem:0.00M, Peak:0.00M | Scene, ViewLayer | Synchronizing object | Temple_1.R
Fra:8 Mem:25.31M (Peak 25.31M) | Time:00:01.34 | Mem:0.00M, Peak:0.00M | Scene, ViewLayer | Synchronizing object | Temple_0.R
Fra:8 Mem:25.33M (Peak 25.33M) | Time:00:01.34 | Mem:0.00M, Peak:0.00M | Scene, ViewLayer | Synchronizing object | Temple_2.L
Fra:8 Mem:25.35M (Peak 25.35M) | Time:00:01.34 | Mem:0.00M, Peak:0.00M | Scene, ViewLayer | Synchronizing object | Temple_1.L
Fra:8 Mem:25.36M (Peak 25.36M) | Time:00:01.34 | Mem:0.00M, Peak:0.00M | Scene, ViewLayer | Synchronizing object | Temple_0.L
Fra:8 Mem:25.38M (Peak 25.38M) | Time:00:01.34 | Mem:0.00M, Peak:0.00M | Scene, ViewLayer | Synchronizing object | Bangs_05
Fra:8 Mem:25.40M (Peak 25.40M) | Time:00:01.34 | Mem:0.00M, Peak:0.00M | Scene, ViewLayer | Synchronizing object | Bangs_04
Fra:8 Mem:25.42M (Peak 25.42M) | Time:00:01.34 | Mem:0.00M, Peak:0.00M | Scene, ViewLayer | Synchronizing object | Bangs_03
Fra:8 Mem:25.42M (Peak 25.42M) | Time:00:01.34 | Mem:0.00M, Peak:0.00M | Scene, ViewLayer | Synchronizing object | Bangs_02
Fra:8 Mem:25.45M (Peak 25.45M) | Time:00:01.34 | Mem:0.00M, Peak:0.00M | Scene, ViewLayer | Initializing
Fra:8 Mem:20.86M (Peak 25.45M) | Time:00:01.34 | Mem:0.00M, Peak:0.00M | Scene, ViewLayer | Updating Images | Loading CHR001_GreyStudy_Normal
Fra:8 Mem:24.86M (Peak 25.45M) | Time:00:01.35 | Mem:0.00M, Peak:0.00M | Scene, ViewLayer | Updating Images | Loading CHR001_GreyStudy_BaseColor
Fra:8 Mem:32.89M (Peak 36.88M) | Time:00:01.37 | Mem:4.00M, Peak:4.00M | Scene, ViewLayer | Updating Images | Loading CHR001_GreyStudy_Surface
Fra:8 Mem:30.11M (Peak 36.89M) | Time:00:01.40 | Mem:12.00M, Peak:12.00M | Scene, ViewLayer | Waiting for render to start
Fra:8 Mem:30.11M (Peak 36.89M) | Time:00:01.40 | Mem:12.00M, Peak:12.00M | Scene, ViewLayer | Updating Scene
Fra:8 Mem:30.11M (Peak 36.89M) | Time:00:01.40 | Mem:12.00M, Peak:12.00M | Scene, ViewLayer | Updating Shaders
Fra:8 Mem:30.11M (Peak 36.89M) | Time:00:01.40 | Mem:12.00M, Peak:12.00M | Scene, ViewLayer | Loading render kernels (may take a few minutes the first time)
Fra:8 Mem:30.19M (Peak 36.89M) | Time:00:01.40 | Mem:12.00M, Peak:12.00M | Scene, ViewLayer | Updating Procedurals
Fra:8 Mem:30.19M (Peak 36.89M) | Time:00:01.40 | Mem:12.00M, Peak:12.00M | Scene, ViewLayer | Updating Background
Fra:8 Mem:30.19M (Peak 36.89M) | Time:00:01.40 | Mem:12.00M, Peak:12.00M | Scene, ViewLayer | Updating Camera
Fra:8 Mem:30.19M (Peak 36.89M) | Time:00:01.40 | Mem:12.00M, Peak:12.00M | Scene, ViewLayer | Updating Meshes Flags
Fra:8 Mem:30.19M (Peak 36.89M) | Time:00:01.40 | Mem:12.00M, Peak:12.00M | Scene, ViewLayer | Updating Objects
Fra:8 Mem:30.19M (Peak 36.89M) | Time:00:01.40 | Mem:12.00M, Peak:12.00M | Scene, ViewLayer | Updating Objects | Copying Transformations to device
Fra:8 Mem:30.21M (Peak 36.89M) | Time:00:01.40 | Mem:12.02M, Peak:12.02M | Scene, ViewLayer | Updating Particle Systems
Fra:8 Mem:30.21M (Peak 36.89M) | Time:00:01.40 | Mem:12.02M, Peak:12.02M | Scene, ViewLayer | Updating Particle Systems | Copying Particles to device
Fra:8 Mem:30.21M (Peak 36.89M) | Time:00:01.40 | Mem:12.02M, Peak:12.02M | Scene, ViewLayer | Updating Meshes
Fra:8 Mem:32.43M (Peak 36.89M) | Time:00:01.42 | Mem:12.02M, Peak:12.02M | Scene, ViewLayer | Updating Objects | Applying Static Transformations
Fra:8 Mem:32.43M (Peak 36.89M) | Time:00:01.42 | Mem:12.02M, Peak:12.02M | Scene, ViewLayer | Updating Mesh | Computing attributes
Fra:8 Mem:35.35M (Peak 36.89M) | Time:00:01.42 | Mem:12.03M, Peak:12.03M | Scene, ViewLayer | Updating Mesh | Copying Attributes to device
Fra:8 Mem:35.33M (Peak 36.89M) | Time:00:01.42 | Mem:14.92M, Peak:14.92M | Scene, ViewLayer | Updating Scene BVH | Building
Fra:8 Mem:35.33M (Peak 36.89M) | Time:00:01.42 | Mem:14.92M, Peak:14.92M | Scene, ViewLayer | Updating Scene BVH | Building BVH
Fra:8 Mem:35.33M (Peak 36.89M) | Time:00:01.42 | Mem:16.11M, Peak:16.11M | Scene, ViewLayer | Updating Scene BVH | Building BVH 0%
Fra:8 Mem:35.33M (Peak 36.89M) | Time:00:01.43 | Mem:17.40M, Peak:18.58M | Scene, ViewLayer | Updating Scene BVH | Copying BVH to device
Fra:8 Mem:35.33M (Peak 36.89M) | Time:00:01.43 | Mem:17.40M, Peak:18.58M | Scene, ViewLayer | Updating Mesh | Computing normals
Fra:8 Mem:36.38M (Peak 36.89M) | Time:00:01.43 | Mem:17.40M, Peak:18.58M | Scene, ViewLayer | Updating Mesh | Copying Mesh to device
Fra:8 Mem:36.38M (Peak 36.89M) | Time:00:01.43 | Mem:18.45M, Peak:18.58M | Scene, ViewLayer | Updating Objects Flags
Fra:8 Mem:36.38M (Peak 36.89M) | Time:00:01.43 | Mem:18.45M, Peak:18.58M | Scene, ViewLayer | Updating Primitive Offsets
Fra:8 Mem:36.38M (Peak 36.89M) | Time:00:01.43 | Mem:18.45M, Peak:18.58M | Scene, ViewLayer | Updating Images
Fra:8 Mem:36.38M (Peak 36.89M) | Time:00:01.43 | Mem:18.45M, Peak:18.58M | Scene, ViewLayer | Updating Camera Volume
Fra:8 Mem:36.38M (Peak 36.89M) | Time:00:01.43 | Mem:18.45M, Peak:18.58M | Scene, ViewLayer | Updating Lookup Tables
Fra:8 Mem:36.38M (Peak 36.89M) | Time:00:01.43 | Mem:18.53M, Peak:18.58M | Scene, ViewLayer | Updating Lights
Fra:8 Mem:36.38M (Peak 36.89M) | Time:00:01.43 | Mem:18.53M, Peak:18.58M | Scene, ViewLayer | Updating Lights | Computing tree
Fra:8 Mem:36.38M (Peak 36.89M) | Time:00:01.43 | Mem:18.53M, Peak:18.58M | Scene, ViewLayer | Updating Integrator
Fra:8 Mem:36.38M (Peak 36.89M) | Time:00:01.43 | Mem:18.53M, Peak:18.58M | Scene, ViewLayer | Updating Film
Fra:8 Mem:36.39M (Peak 36.89M) | Time:00:01.43 | Mem:18.45M, Peak:18.58M | Scene, ViewLayer | Updating Lookup Tables
Fra:8 Mem:36.39M (Peak 36.89M) | Time:00:01.43 | Mem:18.53M, Peak:18.58M | Scene, ViewLayer | Updating Baking
Fra:8 Mem:36.39M (Peak 36.89M) | Time:00:01.43 | Mem:18.53M, Peak:18.58M | Scene, ViewLayer | Updating Device | Writing constant memory
Fra:8 Mem:36.39M (Peak 36.89M) | Time:00:01.43 | Mem:18.53M, Peak:18.58M | Scene, ViewLayer | Loading denoising kernels (may take a few minutes the first time)
Fra:8 Mem:36.39M (Peak 36.89M) | Time:00:01.43 | Mem:18.53M, Peak:18.58M | Scene, ViewLayer | Sample 0/24
Fra:8 Mem:86.51M (Peak 86.51M) | Time:00:02.65 | Remaining:00:27.97 | Mem:68.64M, Peak:68.64M | Scene, ViewLayer | Sample 1/24
Fra:8 Mem:107.61M (Peak 139.25M) | Time:00:28.95 | Mem:68.64M, Peak:68.64M | Scene, ViewLayer | Sample 24/24
Fra:8 Mem:107.61M (Peak 139.25M) | Time:00:28.95 | Mem:68.64M, Peak:68.64M | Scene, ViewLayer | Finished
Saved: '/home/lzzz/MyProjects/N-SIDE/output/characters/CHR-001/model-r7/final-master/walk-quarter.png'
Time: 00:29.02 (Saving: 00:00.06)


Blender quit
