$ bun run check:map && bun run docs:build:player && bun run docs:build:dev
$ bun test tools/tests/district-map.test.ts tools/tests/road-width.test.ts tools/tests/station-square.test.ts tools/tests/terrain-shape.test.ts
bun test v1.4.2 (744846f84)

tools/tests/district-map.test.ts:
(pass) map places and roads have valid shared references [2.61ms]
(pass) terrain colors follow ground elevation [0.14ms]
(pass) map overview fits extended terrain on wide and narrow screens [205.59ms]
(pass) mountain cross section uses sampled ground up to the stargazing summit [49.38ms]
(pass) mountain city keeps metre scale and usable graded route alternatives [6.68ms]
(pass) overview terrain retains source controls and excludes elevated connections [4105.66ms]
(pass) authored exterior sightlines clear intervening building volumes [2.23ms]
(pass) shopping stays local and public hillside routes remain connected [1.66ms]
(pass) orthographic projection preserves parallel edges and separates elevation from depth [0.26ms]
(pass) scene keeps platforms below volumes and geometry is finite [144.10ms]
(pass) expanded plan counts destinations separately and keeps parcel attachments valid [7.41ms]
(pass) sections follow connected routes and distinguish a lift from a slope [15.23ms]
(pass) geometry handles concave boundaries, shared walls, road width and local elevation [1.05ms]
(pass) tree positions stay outside building footprints [7.09ms]
(pass) all streets clear building volumes at their actual widths and elevations [421.42ms]
(pass) district ground-road crossings share a junction and its elevation [346.97ms]
(pass) city framework records every building and reaches its same-level facade entrances [14.94ms]
(pass) city stairs retain short flights, level rests and full-size treads [1.36ms]
(pass) ordinary streets keep their design grade and deliveries avoid stair-only approaches [1.90ms]
(pass) public streets stay outside same-level resident and service courts [4.80ms]
(pass) building volumes share boundaries without occupying the same space [32.09ms]
(pass) detailed places connect street access to separate public and service entrances [17.36ms]
(pass) cinema roof and exterior platform have distinct footprints and supported paths [1.62ms]
(pass) lifestyle routes visit actual arrival endpoints in the stated order [4.57ms]
(pass) housing estimates use residential floor area rather than the volume count [0.28ms]
(pass) architectural segments reference complete buildings and derive type counts from the same data [1.06ms]
(pass) representative buildings have consistent floors, room areas and facade entrances [65.09ms]
(pass) public, residents, students and service users have separate access rights [13.18ms]
(pass) shop supply starts on the city road and changes to a level trolley route at unloading [0.72ms]
(pass) interest equipment deliveries reach a level backstage route from a gentle city-road approach [0.87ms]
(pass) drawn room openings join actual walls and each occupied room has an access [0.81ms]
(pass) station mixed-use and interest samples connect customer and backstage rooms through their own entrances [0.49ms]
(pass) shared stairs and separate apartments connect through shared circulation [1.21ms]

tools/tests/terrain-shape.test.ts:
(pass) second short-ascent leg meets terrain across stair and landing edges [1939.85ms]
(pass) descent eye-level slope uses local terrain detail instead of a 60m face [1835.37ms]
(pass) terrain bake preserves authored geometry and repeats without drift [3800.91ms]
(pass) terrain noise protects complete road segments and footprints [3866.59ms]
(pass) terrain bake rejects invalid metadata and unsupported source formatting [58.69ms]
(pass) third short-ascent terrace clears terrain toward city landmarks [393.13ms]

tools/tests/road-width.test.ts:
(pass) shared endpoints do not hide width conflicts and truly level junctions pass [1.63ms]
(pass) a selected route is checked against other roads without absorbing unrelated conflicts [0.79ms]
(pass) upper-street and foothill junctions join at road width with usable stair treads [1337.20ms]
(pass) campus stairs and market entrances meet the full road width at their own levels [541.18ms]
(pass) music street junctions clear their neighbors and equipment reaches the level unloading route [480.44ms]
(pass) upper homes stairs and greenhouse approaches retain level junctions and usable flights [538.88ms]
(pass) station and music approaches plus the long ascent join at width without sharpening slopes or steps [1248.23ms]
(pass) foothill housing and west plateau approaches clear streets, stairs and resident side paths [1848.67ms]
(pass) east terraces clear neighboring road ribbons and retain usable exterior approaches [458.82ms]
(pass) west old housing clear neighboring road ribbons and retain usable exterior approaches [461.91ms]
(pass) food street bypasses shop footprints and waterfront stairs descend beside the waiting court [453.77ms]
(pass) all ground-road junctions clear neighboring ribbons while retaining usable exterior approaches [540.31ms]
(pass) platform checks keep concave cutouts and actual stair treads while excluding explicitly elevated surfaces [0.63ms]
(pass) ground platforms meet adjacent road ribbons and stair treads at their own level [43.24ms]

tools/tests/station-square.test.ts:
(pass) station meeting court retains usable space with a level public arrival clear of sloping roads [490.75ms]

 54 pass
 0 fail
Ran 54 tests across 4 files. [25.89s]
$ bun tools/wiki.ts build player

  vitepress v1.6.4

- building client + server bundles...
[32m✓[0m building client + server bundles...
- rendering pages...
[32m✓[0m rendering pages...
build complete in 4.45s.
{"profile":"player","pages":95,"files":547,"result":"PASS"}
$ bun tools/wiki.ts build dev

  vitepress v1.6.4

- building client + server bundles...

(!) Some chunks are larger than 500 kB after minification. Consider:
- Using dynamic import() to code-split the application
- Use build.rollupOptions.output.manualChunks to improve chunking: https://rollupjs.org/configuration-options/#output-manualchunks
- Adjust chunk size limit for this warning via build.chunkSizeWarningLimit.
[32m✓[0m building client + server bundles...
- rendering pages...
[32m✓[0m rendering pages...
build complete in 6.08s.
{"profile":"dev","pages":159,"files":794,"result":"PASS"}
