$ bun run check:map && bun run docs:build:player && bun run docs:build:dev
$ bun test tools/tests/district-map.test.ts tools/tests/road-width.test.ts tools/tests/station-square.test.ts tools/tests/terrain-shape.test.ts
bun test v1.4.2 (744846f84)

tools/tests/district-map.test.ts:
(pass) map places and roads have valid shared references [2.60ms]
(pass) terrain colors follow ground elevation [0.13ms]
(pass) map overview fits extended terrain on wide and narrow screens [179.29ms]
(pass) mountain cross section uses sampled ground up to the stargazing summit [43.21ms]
(pass) mountain city keeps metre scale and usable graded route alternatives [5.58ms]
(pass) overview terrain retains source controls and excludes elevated connections [3893.43ms]
(pass) authored exterior sightlines clear intervening building volumes [2.12ms]
(pass) shopping stays local and public hillside routes remain connected [1.53ms]
(pass) orthographic projection preserves parallel edges and separates elevation from depth [0.25ms]
(pass) scene keeps platforms below volumes and geometry is finite [123.12ms]
(pass) expanded plan counts destinations separately and keeps parcel attachments valid [6.61ms]
(pass) sections follow connected routes and distinguish a lift from a slope [15.84ms]
(pass) geometry handles concave boundaries, shared walls, road width and local elevation [1.02ms]
(pass) tree positions stay outside building footprints [6.58ms]
(pass) all streets clear building volumes at their actual widths and elevations [328.96ms]
(pass) district ground-road crossings share a junction and its elevation [288.35ms]
(pass) city framework records every building and reaches its same-level facade entrances [13.17ms]
(pass) city stairs retain short flights, level rests and full-size treads [1.03ms]
(pass) ordinary streets keep their design grade and deliveries avoid stair-only approaches [1.81ms]
(pass) public streets stay outside same-level resident and service courts [4.89ms]
(pass) building volumes share boundaries without occupying the same space [24.52ms]
(pass) detailed places connect street access to separate public and service entrances [14.62ms]
(pass) cinema roof and exterior platform have distinct footprints and supported paths [1.55ms]
(pass) lifestyle routes visit actual arrival endpoints in the stated order [4.83ms]
(pass) housing estimates use residential floor area rather than the volume count [0.29ms]
(pass) architectural segments reference complete buildings and derive type counts from the same data [1.03ms]
(pass) representative buildings have consistent floors, room areas and facade entrances [60.21ms]
(pass) public, residents, students and service users have separate access rights [12.10ms]
(pass) shop supply starts on the city road and changes to a level trolley route at unloading [0.50ms]
(pass) interest equipment deliveries reach a level backstage route from a gentle city-road approach [0.83ms]
(pass) drawn room openings join actual walls and each occupied room has an access [0.80ms]
(pass) station mixed-use and interest samples connect customer and backstage rooms through their own entrances [0.45ms]
(pass) shared stairs and separate apartments connect through shared circulation [1.11ms]

tools/tests/terrain-shape.test.ts:
(pass) second short-ascent leg meets terrain across stair and landing edges [1542.12ms]
(pass) descent eye-level slope uses local terrain detail instead of a 60m face [1499.95ms]
(pass) terrain bake preserves authored geometry and repeats without drift [2961.84ms]
(pass) terrain noise protects complete road segments and footprints [3098.97ms]
(pass) terrain bake rejects invalid metadata and unsupported source formatting [50.02ms]
(pass) third short-ascent terrace clears terrain toward city landmarks [363.43ms]

tools/tests/road-width.test.ts:
(pass) shared endpoints do not hide width conflicts and truly level junctions pass [1.26ms]
(pass) a selected route is checked against other roads without absorbing unrelated conflicts [0.60ms]
(pass) upper-street and foothill junctions join at road width with usable stair treads [1120.13ms]
(pass) campus stairs and market entrances meet the full road width at their own levels [411.98ms]
(pass) music street junctions clear their neighbors and equipment reaches the level unloading route [439.81ms]
(pass) upper homes stairs and greenhouse approaches retain level junctions and usable flights [415.60ms]
(pass) station and music approaches plus the long ascent join at width without sharpening slopes or steps [1077.04ms]
(pass) foothill housing and west plateau approaches clear streets, stairs and resident side paths [1632.96ms]
(pass) east terraces clear neighboring road ribbons and retain usable exterior approaches [385.52ms]
(pass) west old housing clear neighboring road ribbons and retain usable exterior approaches [329.35ms]
(pass) food street bypasses shop footprints and waterfront stairs descend beside the waiting court [350.94ms]
(pass) all ground-road junctions clear neighboring ribbons while retaining usable exterior approaches [426.28ms]
(pass) platform checks keep concave cutouts and actual stair treads while excluding explicitly elevated surfaces [0.58ms]
(pass) ground platforms meet adjacent road ribbons and stair treads at their own level [35.41ms]

tools/tests/station-square.test.ts:
(pass) station meeting court retains usable space with a level public arrival clear of sloping roads [364.06ms]

 54 pass
 0 fail
Ran 54 tests across 4 files. [21.64s]
$ bun tools/wiki.ts build player

  vitepress v1.6.4

- building client + server bundles...
[32m✓[0m building client + server bundles...
- rendering pages...
[32m✓[0m rendering pages...
build complete in 2.83s.
{"profile":"player","pages":95,"files":547,"result":"PASS"}
$ bun tools/wiki.ts build dev

  vitepress v1.6.4

- building client + server bundles...

(!) Some chunks are larger than 500 kB after minification. Consider:
- Using dynamic import() to code-split the application
- Use build.rollupOptions.output.manualChunks to improve chunking: https://rollupjs.org/configuration-options/#output-manualchunks
- Adjust chunk size limit for this warning via build.chunkSizeWarningLimit.
[32m✓[0m building client + server bundles...
- rendering pages...
[32m✓[0m rendering pages...
build complete in 5.15s.
{"profile":"dev","pages":159,"files":794,"result":"PASS"}
