$ bun run check:map && bun run docs:build:player && bun run docs:build:dev
$ bun test tools/tests/district-map.test.ts tools/tests/road-width.test.ts tools/tests/station-square.test.ts tools/tests/terrain-shape.test.ts
bun test v1.4.2 (744846f84)

tools/tests/district-map.test.ts:
(pass) map places and roads have valid shared references [5.16ms]
(pass) terrain colors follow ground elevation [0.30ms]
(pass) map overview fits extended terrain on wide and narrow screens [433.05ms]
(pass) mountain cross section uses sampled ground up to the stargazing summit [102.57ms]
(pass) mountain city keeps metre scale and usable graded route alternatives [11.36ms]
(pass) overview terrain retains source controls and excludes elevated connections [5974.82ms]
(pass) authored exterior sightlines clear intervening building volumes [3.82ms]
(pass) shopping stays local and public hillside routes remain connected [4.27ms]
(pass) orthographic projection preserves parallel edges and separates elevation from depth [0.82ms]
(pass) scene keeps platforms below volumes and geometry is finite [275.16ms]
(pass) expanded plan counts destinations separately and keeps parcel attachments valid [16.34ms]
(pass) sections follow connected routes and distinguish a lift from a slope [33.20ms]
(pass) geometry handles concave boundaries, shared walls, road width and local elevation [2.27ms]
(pass) tree positions stay outside building footprints [12.96ms]
(pass) all streets clear building volumes at their actual widths and elevations [845.08ms]
(pass) district ground-road crossings share a junction and its elevation [669.70ms]
(pass) city framework records every building and reaches its same-level facade entrances [30.81ms]
(pass) city stairs retain short flights, level rests and full-size treads [3.13ms]
(pass) ordinary streets keep their design grade and deliveries avoid stair-only approaches [4.07ms]
(pass) public streets stay outside same-level resident and service courts [10.62ms]
(pass) building volumes share boundaries without occupying the same space [58.26ms]
(pass) detailed places connect street access to separate public and service entrances [40.46ms]
(pass) cinema roof and exterior platform have distinct footprints and supported paths [3.24ms]
(pass) lifestyle routes visit actual arrival endpoints in the stated order [12.27ms]
(pass) housing estimates use residential floor area rather than the volume count [1.03ms]
(pass) architectural segments reference complete buildings and derive type counts from the same data [2.56ms]
(pass) representative buildings have consistent floors, room areas and facade entrances [126.00ms]
(pass) public, residents, students and service users have separate access rights [23.63ms]
(pass) shop supply starts on the city road and changes to a level trolley route at unloading [1.27ms]
(pass) interest equipment deliveries reach a level backstage route from a gentle city-road approach [1.60ms]
(pass) drawn room openings join actual walls and each occupied room has an access [1.60ms]
(pass) station mixed-use and interest samples connect customer and backstage rooms through their own entrances [1.15ms]
(pass) shared stairs and separate apartments connect through shared circulation [2.25ms]

tools/tests/terrain-shape.test.ts:
(pass) second short-ascent leg meets terrain across stair and landing edges [4362.31ms]
(pass) descent eye-level slope uses local terrain detail instead of a 60m face [4236.53ms]
(pass) terrain bake preserves authored geometry and repeats without drift [8609.15ms]
(pass) terrain noise protects complete road segments and footprints [8108.32ms]
(pass) terrain bake rejects invalid metadata and unsupported source formatting [98.56ms]
(pass) third short-ascent terrace clears terrain toward city landmarks [598.51ms]

tools/tests/road-width.test.ts:
(pass) shared endpoints do not hide width conflicts and truly level junctions pass [3.12ms]
(pass) a selected route is checked against other roads without absorbing unrelated conflicts [1.22ms]
(pass) upper-street and foothill junctions join at road width with usable stair treads [2720.50ms]
(pass) campus stairs and market entrances meet the full road width at their own levels [1056.08ms]
(pass) music street junctions clear their neighbors and equipment reaches the level unloading route [1589.31ms]
(pass) upper homes stairs and greenhouse approaches retain level junctions and usable flights [2633.05ms]
(pass) station and music approaches plus the long ascent join at width without sharpening slopes or steps [2954.54ms]
(pass) foothill housing and west plateau approaches clear streets, stairs and resident side paths [4573.94ms]
(pass) east terraces clear neighboring road ribbons and retain usable exterior approaches [1165.16ms]
(pass) west old housing clear neighboring road ribbons and retain usable exterior approaches [849.63ms]
(pass) food street bypasses shop footprints and waterfront stairs descend beside the waiting court [1004.62ms]
(pass) all ground-road junctions clear neighboring ribbons while retaining usable exterior approaches [1026.53ms]
(pass) platform checks keep concave cutouts and actual stair treads while excluding explicitly elevated surfaces [0.83ms]
(pass) ground platforms meet adjacent road ribbons and stair treads at their own level [84.25ms]

tools/tests/station-square.test.ts:
(pass) station meeting court retains usable space with a level public arrival clear of sloping roads [1109.62ms]

 54 pass
 0 fail
Ran 54 tests across 4 files. [55.59s]
$ bun tools/wiki.ts build player

  vitepress v1.6.4

- building client + server bundles...
[32m✓[0m building client + server bundles...
- rendering pages...
[32m✓[0m rendering pages...
build complete in 5.76s.
{"profile":"player","pages":95,"files":547,"result":"PASS"}
$ bun tools/wiki.ts build dev

  vitepress v1.6.4

- building client + server bundles...

(!) Some chunks are larger than 500 kB after minification. Consider:
- Using dynamic import() to code-split the application
- Use build.rollupOptions.output.manualChunks to improve chunking: https://rollupjs.org/configuration-options/#output-manualchunks
- Adjust chunk size limit for this warning via build.chunkSizeWarningLimit.
[32m✓[0m building client + server bundles...
- rendering pages...
[32m✓[0m rendering pages...
build complete in 12.20s.
{"profile":"dev","pages":159,"files":794,"result":"PASS"}
