Info: Saved as "belle-adapted.blend"
INFO Draco mesh compression is available, use library at /home/lzzz/MyProjects/N-SIDE/output/tools/blender-4.5.14-linux-x64/4.5/scripts/addons_core/io_scene_gltf2/libextern_draco.so
20:55:23 | INFO: Starting glTF 2.0 export
20:55:23 | INFO: Extracting primitive: Belle\ZZZ\rstar\Belle\Belle_SFM.mdl_body_Body.dmx_MESH
20:55:23 | WARNING: More than one shader node tex image used for a texture. The resulting glTF sampler will behave like the first shader node tex image.
20:55:23 | WARNING: More than one shader node tex image used for a texture. The resulting glTF sampler will behave like the first shader node tex image.
20:55:23 | WARNING: More than one shader node tex image used for a texture. The resulting glTF sampler will behave like the first shader node tex image.
20:55:23 | WARNING: More than one shader node tex image used for a texture. The resulting glTF sampler will behave like the first shader node tex image.
20:55:23 | WARNING: More than one shader node tex image used for a texture. The resulting glTF sampler will behave like the first shader node tex image.
20:55:23 | INFO: Primitives created: 5
20:55:23 | INFO: Extracting primitive: Belle\ZZZ\rstar\Belle\Belle_SFM.mdl_Bracelet_Body_bracelet.dmx_
20:55:23 | INFO: Primitives created: 1
20:55:23 | INFO: Extracting primitive: Belle\ZZZ\rstar\Belle\Belle_SFM.mdl_Bracelet 2_Body_bracelet2.d
20:55:23 | INFO: Primitives created: 1
20:55:23 | INFO: Extracting primitive: Belle\ZZZ\rstar\Belle\Belle_SFM.mdl_Earring R_Body_earring_R.dm
20:55:23 | WARNING: More than one shader node tex image used for a texture. The resulting glTF sampler will behave like the first shader node tex image.
20:55:23 | INFO: Primitives created: 2
20:55:23 | INFO: Extracting primitive: Belle\ZZZ\rstar\Belle\Belle_SFM.mdl_Earring L_Body_earring_R.dm
20:55:23 | INFO: Primitives created: 2
20:55:23 | INFO: Extracting primitive: Belle\ZZZ\rstar\Belle\Belle_SFM.mdl_Game Machine_Body_gamemachi
20:55:23 | INFO: Primitives created: 3
20:55:23 | INFO: Extracting primitive: Belle\ZZZ\rstar\Belle\Belle_SFM.mdl_Hairclip_Body_hairclip.dmx_
20:55:23 | INFO: Primitives created: 1
20:55:23 | INFO: Extracting primitive: Belle\ZZZ\rstar\Belle\Belle_SFM.mdl_Necklace_Body_necklace.dmx_
20:55:23 | INFO: Primitives created: 1
20:55:23 | INFO: Extracting primitive: Belle\ZZZ\rstar\Belle\Belle_SFM.mdl_Socks Cloth_Body_socks_clot
20:55:23 | INFO: Primitives created: 1
20:55:23 | INFO: Extracting primitive: Belle\ZZZ\rstar\Belle\Belle_SFM.mdl_Vest_Body_Vest.dmx_MESH
20:55:23 | INFO: Primitives created: 2
20:55:23 | INFO: Extracting primitive: Belle\ZZZ\rstar\Belle\Belle_SFM.mdl_hair_Bodyhair.dmx_MESH
20:55:23 | WARNING: More than one shader node tex image used for a texture. The resulting glTF sampler will behave like the first shader node tex image.
20:55:23 | INFO: Primitives created: 1
20:55:23 | INFO: Extracting primitive: Belle\ZZZ\rstar\Belle\Belle_SFM.mdl_head_Bodyhead.dmx_MESH
20:55:23 | WARNING: More than one shader node tex image used for a texture. The resulting glTF sampler will behave like the first shader node tex image.
20:55:23 | INFO: Primitives created: 2
20:55:25 | INFO: Finished glTF 2.0 export in 2.2262604236602783 s

Blender 4.5.14 LTS (hash 62c1db4208e8 built 2026-09-15 01:31:19)
Read blend: "/home/lzzz/MyProjects/N-SIDE/output/assets/zzz-reference/belle-player-share/belle-import.blend"

Blender quit
