{
  "Idle": {
    "checks": {
      "finite": true,
      "head_above_pelvis": true,
      "feet_below_pelvis": true,
      "stationary_root": true,
      "arm_matches_source": true,
      "closed_loop": true
    },
    "min_head_above_pelvis": 0.5108580589294434,
    "min_pelvis_above_foot": 0.8186698704957962,
    "max_root_translation": 0.0,
    "max_arm_direction_error_degrees": 0.0,
    "max_loop_matrix_difference": 0.0
  },
  "Walk": {
    "checks": {
      "finite": true,
      "head_above_pelvis": true,
      "feet_below_pelvis": true,
      "stationary_root": true,
      "arm_matches_source": true,
      "closed_loop": true
    },
    "min_head_above_pelvis": 0.5108579993247986,
    "min_pelvis_above_foot": 0.6319237351417542,
    "max_root_translation": 0.0,
    "max_arm_direction_error_degrees": 0.0,
    "max_loop_matrix_difference": 0.0
  },
  "Run": {
    "checks": {
      "finite": true,
      "head_above_pelvis": true,
      "feet_below_pelvis": true,
      "stationary_root": true,
      "arm_matches_source": true,
      "closed_loop": true
    },
    "min_head_above_pelvis": 0.49848824739456177,
    "min_pelvis_above_foot": 0.5567686855792999,
    "max_root_translation": 0.0,
    "max_arm_direction_error_degrees": 0.0,
    "max_loop_matrix_difference": 0.0
  }
}
Blender 4.5.14 LTS (hash 62c1db4208e8 built 2026-09-15 01:31:19)
Read blend: "/home/lzzz/MyProjects/N-SIDE/output/assets/zzz-reference/belle-player-share/belle-adapted.blend"

Blender quit
