Info: Saved as "roof-eaves.blend"
INFO Draco mesh compression is available, use library at /home/lzzz/MyProjects/N-SIDE/output/tools/blender-4.5.14-linux-x64/4.5/scripts/addons_core/io_scene_gltf2/libextern_draco.so
01:09:19 | INFO: Starting glTF 2.0 export
01:09:19 | INFO: Extracting primitive: V_A08_FoldedEavesMesh
01:09:19 | INFO: Primitives created: 3
01:09:19 | INFO: Finished glTF 2.0 export in 0.006927490234375 s
Blender 4.5.14 LTS (hash 62c1db4208e8 built 2026-09-15 01:31:19)
Fra:1 Mem:10.81M (Peak 10.81M) | Time:00:00.00 | Mem:0.00M, Peak:0.00M | Scene, ViewLayer | Synchronizing object | V_A08_RoofEaves
Fra:1 Mem:10.81M (Peak 10.81M) | Time:00:00.00 | Mem:0.00M, Peak:0.00M | Scene, ViewLayer | Synchronizing object | ReviewContext_NotExported
Fra:1 Mem:10.81M (Peak 10.81M) | Time:00:00.00 | Mem:0.00M, Peak:0.00M | Scene, ViewLayer | Synchronizing object | Area
Fra:1 Mem:10.82M (Peak 10.82M) | Time:00:00.00 | Mem:0.00M, Peak:0.00M | Scene, ViewLayer | Initializing
Fra:1 Mem:10.51M (Peak 10.82M) | Time:00:00.00 | Mem:0.00M, Peak:0.00M | Scene, ViewLayer | Waiting for render to start
Fra:1 Mem:10.51M (Peak 10.82M) | Time:00:00.00 | Mem:0.00M, Peak:0.00M | Scene, ViewLayer | Updating Scene
Fra:1 Mem:10.51M (Peak 10.82M) | Time:00:00.00 | Mem:0.00M, Peak:0.00M | Scene, ViewLayer | Updating Shaders
Fra:1 Mem:10.51M (Peak 10.82M) | Time:00:00.00 | Mem:0.00M, Peak:0.00M | Scene, ViewLayer | Loading render kernels (may take a few minutes the first time)
Fra:1 Mem:10.60M (Peak 10.82M) | Time:00:00.00 | Mem:0.00M, Peak:0.00M | Scene, ViewLayer | Updating Procedurals
Fra:1 Mem:10.60M (Peak 10.82M) | Time:00:00.00 | Mem:0.00M, Peak:0.00M | Scene, ViewLayer | Updating Background
Fra:1 Mem:10.60M (Peak 10.82M) | Time:00:00.00 | Mem:0.00M, Peak:0.00M | Scene, ViewLayer | Updating Camera
Fra:1 Mem:10.60M (Peak 10.82M) | Time:00:00.00 | Mem:0.00M, Peak:0.00M | Scene, ViewLayer | Updating Meshes Flags
Fra:1 Mem:10.60M (Peak 10.82M) | Time:00:00.00 | Mem:0.00M, Peak:0.00M | Scene, ViewLayer | Updating Objects
Fra:1 Mem:10.60M (Peak 10.82M) | Time:00:00.00 | Mem:0.00M, Peak:0.00M | Scene, ViewLayer | Updating Objects | Copying Transformations to device
Fra:1 Mem:10.60M (Peak 10.82M) | Time:00:00.00 | Mem:0.00M, Peak:0.00M | Scene, ViewLayer | Updating Particle Systems
Fra:1 Mem:10.60M (Peak 10.82M) | Time:00:00.00 | Mem:0.00M, Peak:0.00M | Scene, ViewLayer | Updating Particle Systems | Copying Particles to device
Fra:1 Mem:10.60M (Peak 10.82M) | Time:00:00.00 | Mem:0.00M, Peak:0.00M | Scene, ViewLayer | Updating Meshes
Fra:1 Mem:10.60M (Peak 10.82M) | Time:00:00.00 | Mem:0.00M, Peak:0.00M | Scene, ViewLayer | Updating Objects | Applying Static Transformations
Fra:1 Mem:10.60M (Peak 10.82M) | Time:00:00.00 | Mem:0.00M, Peak:0.00M | Scene, ViewLayer | Updating Mesh | Computing attributes
Fra:1 Mem:10.60M (Peak 10.82M) | Time:00:00.00 | Mem:0.00M, Peak:0.00M | Scene, ViewLayer | Updating Mesh | Copying Attributes to device
Fra:1 Mem:10.60M (Peak 10.82M) | Time:00:00.00 | Mem:0.00M, Peak:0.00M | Scene, ViewLayer | Updating Scene BVH | Building
Fra:1 Mem:10.60M (Peak 10.82M) | Time:00:00.00 | Mem:0.00M, Peak:0.00M | Scene, ViewLayer | Updating Scene BVH | Building BVH
Fra:1 Mem:10.60M (Peak 10.82M) | Time:00:00.01 | Mem:0.01M, Peak:0.01M | Scene, ViewLayer | Updating Scene BVH | Building BVH 0%
Fra:1 Mem:10.60M (Peak 10.82M) | Time:00:00.01 | Mem:0.01M, Peak:0.01M | Scene, ViewLayer | Updating Scene BVH | Copying BVH to device
Fra:1 Mem:10.60M (Peak 10.82M) | Time:00:00.01 | Mem:0.01M, Peak:0.01M | Scene, ViewLayer | Updating Mesh | Computing normals
Fra:1 Mem:10.60M (Peak 10.82M) | Time:00:00.01 | Mem:0.01M, Peak:0.01M | Scene, ViewLayer | Updating Mesh | Copying Mesh to device
Fra:1 Mem:10.60M (Peak 10.82M) | Time:00:00.01 | Mem:0.01M, Peak:0.01M | Scene, ViewLayer | Updating Objects Flags
Fra:1 Mem:10.60M (Peak 10.82M) | Time:00:00.01 | Mem:0.01M, Peak:0.01M | Scene, ViewLayer | Updating Primitive Offsets
Fra:1 Mem:10.60M (Peak 10.82M) | Time:00:00.01 | Mem:0.01M, Peak:0.01M | Scene, ViewLayer | Updating Images
Fra:1 Mem:10.60M (Peak 10.82M) | Time:00:00.01 | Mem:0.01M, Peak:0.01M | Scene, ViewLayer | Updating Camera Volume
Fra:1 Mem:10.60M (Peak 10.82M) | Time:00:00.01 | Mem:0.01M, Peak:0.01M | Scene, ViewLayer | Updating Lookup Tables
Fra:1 Mem:10.60M (Peak 10.82M) | Time:00:00.01 | Mem:0.09M, Peak:0.09M | Scene, ViewLayer | Updating Lights
Fra:1 Mem:10.60M (Peak 10.82M) | Time:00:00.01 | Mem:0.09M, Peak:0.09M | Scene, ViewLayer | Updating Lights | Computing tree
Fra:1 Mem:10.60M (Peak 10.82M) | Time:00:00.01 | Mem:0.09M, Peak:0.09M | Scene, ViewLayer | Updating Integrator
Fra:1 Mem:10.60M (Peak 10.82M) | Time:00:00.01 | Mem:0.09M, Peak:0.09M | Scene, ViewLayer | Updating Film
Fra:1 Mem:10.61M (Peak 10.82M) | Time:00:00.01 | Mem:0.01M, Peak:0.09M | Scene, ViewLayer | Updating Lookup Tables
Fra:1 Mem:10.61M (Peak 10.82M) | Time:00:00.01 | Mem:0.10M, Peak:0.10M | Scene, ViewLayer | Updating Baking
Fra:1 Mem:10.61M (Peak 10.82M) | Time:00:00.01 | Mem:0.10M, Peak:0.10M | Scene, ViewLayer | Updating Device | Writing constant memory
Fra:1 Mem:10.61M (Peak 10.82M) | Time:00:00.01 | Mem:0.10M, Peak:0.10M | Scene, ViewLayer | Loading denoising kernels (may take a few minutes the first time)
Fra:1 Mem:10.61M (Peak 10.82M) | Time:00:00.01 | Mem:0.10M, Peak:0.10M | Scene, ViewLayer | Sample 0/24
Fra:1 Mem:60.87M (Peak 60.87M) | Time:00:00.11 | Remaining:00:02.20 | Mem:50.20M, Peak:50.20M | Scene, ViewLayer | Sample 1/24
Fra:1 Mem:81.96M (Peak 113.60M) | Time:00:03.57 | Mem:50.20M, Peak:50.20M | Scene, ViewLayer | Sample 24/24
Fra:1 Mem:81.96M (Peak 113.60M) | Time:00:03.57 | Mem:50.20M, Peak:50.20M | Scene, ViewLayer | Finished
Saved: 'output/roof-r1/overall.png'
Time: 00:03.69 (Saving: 00:00.11)

Fra:1 Mem:10.81M (Peak 10.81M) | Time:00:00.00 | Mem:0.00M, Peak:0.00M | Scene, ViewLayer | Synchronizing object | V_A08_RoofEaves
Fra:1 Mem:10.81M (Peak 10.81M) | Time:00:00.00 | Mem:0.00M, Peak:0.00M | Scene, ViewLayer | Synchronizing object | Area
Fra:1 Mem:10.82M (Peak 10.82M) | Time:00:00.00 | Mem:0.00M, Peak:0.00M | Scene, ViewLayer | Initializing
Fra:1 Mem:10.51M (Peak 10.82M) | Time:00:00.00 | Mem:0.00M, Peak:0.00M | Scene, ViewLayer | Waiting for render to start
Fra:1 Mem:10.51M (Peak 10.82M) | Time:00:00.00 | Mem:0.00M, Peak:0.00M | Scene, ViewLayer | Updating Scene
Fra:1 Mem:10.51M (Peak 10.82M) | Time:00:00.00 | Mem:0.00M, Peak:0.00M | Scene, ViewLayer | Updating Shaders
Fra:1 Mem:10.51M (Peak 10.82M) | Time:00:00.00 | Mem:0.00M, Peak:0.00M | Scene, ViewLayer | Loading render kernels (may take a few minutes the first time)
Fra:1 Mem:10.60M (Peak 10.82M) | Time:00:00.00 | Mem:0.00M, Peak:0.00M | Scene, ViewLayer | Updating Procedurals
Fra:1 Mem:10.60M (Peak 10.82M) | Time:00:00.00 | Mem:0.00M, Peak:0.00M | Scene, ViewLayer | Updating Background
Fra:1 Mem:10.60M (Peak 10.82M) | Time:00:00.00 | Mem:0.00M, Peak:0.00M | Scene, ViewLayer | Updating Camera
Fra:1 Mem:10.60M (Peak 10.82M) | Time:00:00.00 | Mem:0.00M, Peak:0.00M | Scene, ViewLayer | Updating Meshes Flags
Fra:1 Mem:10.60M (Peak 10.82M) | Time:00:00.00 | Mem:0.00M, Peak:0.00M | Scene, ViewLayer | Updating Objects
Fra:1 Mem:10.60M (Peak 10.82M) | Time:00:00.00 | Mem:0.00M, Peak:0.00M | Scene, ViewLayer | Updating Objects | Copying Transformations to device
Fra:1 Mem:10.60M (Peak 10.82M) | Time:00:00.00 | Mem:0.00M, Peak:0.00M | Scene, ViewLayer | Updating Particle Systems
Fra:1 Mem:10.60M (Peak 10.82M) | Time:00:00.00 | Mem:0.00M, Peak:0.00M | Scene, ViewLayer | Updating Particle Systems | Copying Particles to device
Fra:1 Mem:10.60M (Peak 10.82M) | Time:00:00.00 | Mem:0.00M, Peak:0.00M | Scene, ViewLayer | Updating Meshes
Fra:1 Mem:10.60M (Peak 10.82M) | Time:00:00.00 | Mem:0.00M, Peak:0.00M | Scene, ViewLayer | Updating Objects | Applying Static Transformations
Fra:1 Mem:10.60M (Peak 10.82M) | Time:00:00.00 | Mem:0.00M, Peak:0.00M | Scene, ViewLayer | Updating Mesh | Computing attributes
Fra:1 Mem:10.60M (Peak 10.82M) | Time:00:00.00 | Mem:0.00M, Peak:0.00M | Scene, ViewLayer | Updating Mesh | Copying Attributes to device
Fra:1 Mem:10.60M (Peak 10.82M) | Time:00:00.00 | Mem:0.00M, Peak:0.00M | Scene, ViewLayer | Updating Scene BVH | Building
Fra:1 Mem:10.60M (Peak 10.82M) | Time:00:00.00 | Mem:0.00M, Peak:0.00M | Scene, ViewLayer | Updating Scene BVH | Building BVH
Fra:1 Mem:10.60M (Peak 10.82M) | Time:00:00.00 | Mem:0.01M, Peak:0.01M | Scene, ViewLayer | Updating Scene BVH | Building BVH 0%
Fra:1 Mem:10.60M (Peak 10.82M) | Time:00:00.00 | Mem:0.01M, Peak:0.01M | Scene, ViewLayer | Updating Scene BVH | Copying BVH to device
Fra:1 Mem:10.60M (Peak 10.82M) | Time:00:00.00 | Mem:0.01M, Peak:0.01M | Scene, ViewLayer | Updating Mesh | Computing normals
Fra:1 Mem:10.60M (Peak 10.82M) | Time:00:00.00 | Mem:0.01M, Peak:0.01M | Scene, ViewLayer | Updating Mesh | Copying Mesh to device
Fra:1 Mem:10.60M (Peak 10.82M) | Time:00:00.00 | Mem:0.01M, Peak:0.01M | Scene, ViewLayer | Updating Objects Flags
Fra:1 Mem:10.60M (Peak 10.82M) | Time:00:00.00 | Mem:0.01M, Peak:0.01M | Scene, ViewLayer | Updating Primitive Offsets
Fra:1 Mem:10.60M (Peak 10.82M) | Time:00:00.00 | Mem:0.01M, Peak:0.01M | Scene, ViewLayer | Updating Images
Fra:1 Mem:10.60M (Peak 10.82M) | Time:00:00.00 | Mem:0.01M, Peak:0.01M | Scene, ViewLayer | Updating Camera Volume
Fra:1 Mem:10.60M (Peak 10.82M) | Time:00:00.00 | Mem:0.01M, Peak:0.01M | Scene, ViewLayer | Updating Lookup Tables
Fra:1 Mem:10.60M (Peak 10.82M) | Time:00:00.00 | Mem:0.09M, Peak:0.09M | Scene, ViewLayer | Updating Lights
Fra:1 Mem:10.60M (Peak 10.82M) | Time:00:00.00 | Mem:0.09M, Peak:0.09M | Scene, ViewLayer | Updating Lights | Computing tree
Fra:1 Mem:10.60M (Peak 10.82M) | Time:00:00.00 | Mem:0.09M, Peak:0.09M | Scene, ViewLayer | Updating Integrator
Fra:1 Mem:10.60M (Peak 10.82M) | Time:00:00.00 | Mem:0.09M, Peak:0.09M | Scene, ViewLayer | Updating Film
Fra:1 Mem:10.61M (Peak 10.82M) | Time:00:00.00 | Mem:0.01M, Peak:0.09M | Scene, ViewLayer | Updating Lookup Tables
Fra:1 Mem:10.61M (Peak 10.82M) | Time:00:00.00 | Mem:0.10M, Peak:0.10M | Scene, ViewLayer | Updating Baking
Fra:1 Mem:10.61M (Peak 10.82M) | Time:00:00.00 | Mem:0.10M, Peak:0.10M | Scene, ViewLayer | Updating Device | Writing constant memory
Fra:1 Mem:10.61M (Peak 10.82M) | Time:00:00.00 | Mem:0.10M, Peak:0.10M | Scene, ViewLayer | Loading denoising kernels (may take a few minutes the first time)
Fra:1 Mem:10.61M (Peak 10.82M) | Time:00:00.00 | Mem:0.10M, Peak:0.10M | Scene, ViewLayer | Sample 0/24
Fra:1 Mem:60.87M (Peak 60.87M) | Time:00:00.17 | Remaining:00:03.89 | Mem:50.20M, Peak:50.20M | Scene, ViewLayer | Sample 1/24
Fra:1 Mem:81.96M (Peak 113.60M) | Time:00:05.31 | Mem:50.20M, Peak:50.20M | Scene, ViewLayer | Sample 24/24
Fra:1 Mem:81.96M (Peak 113.60M) | Time:00:05.31 | Mem:50.20M, Peak:50.20M | Scene, ViewLayer | Finished
Saved: 'output/roof-r1/gutter-corner.png'
Time: 00:05.37 (Saving: 00:00.05)

Fra:1 Mem:10.81M (Peak 10.81M) | Time:00:00.00 | Mem:0.00M, Peak:0.00M | Scene, ViewLayer | Synchronizing object | V_A08_RoofEaves
Fra:1 Mem:10.81M (Peak 10.81M) | Time:00:00.00 | Mem:0.00M, Peak:0.00M | Scene, ViewLayer | Synchronizing object | Area
Fra:1 Mem:10.82M (Peak 10.82M) | Time:00:00.00 | Mem:0.00M, Peak:0.00M | Scene, ViewLayer | Initializing
Fra:1 Mem:10.51M (Peak 10.82M) | Time:00:00.00 | Mem:0.00M, Peak:0.00M | Scene, ViewLayer | Waiting for render to start
Fra:1 Mem:10.51M (Peak 10.82M) | Time:00:00.00 | Mem:0.00M, Peak:0.00M | Scene, ViewLayer | Updating Scene
Fra:1 Mem:10.51M (Peak 10.82M) | Time:00:00.00 | Mem:0.00M, Peak:0.00M | Scene, ViewLayer | Updating Shaders
Fra:1 Mem:10.51M (Peak 10.82M) | Time:00:00.00 | Mem:0.00M, Peak:0.00M | Scene, ViewLayer | Loading render kernels (may take a few minutes the first time)
Fra:1 Mem:10.60M (Peak 10.82M) | Time:00:00.00 | Mem:0.00M, Peak:0.00M | Scene, ViewLayer | Updating Procedurals
Fra:1 Mem:10.60M (Peak 10.82M) | Time:00:00.00 | Mem:0.00M, Peak:0.00M | Scene, ViewLayer | Updating Background
Fra:1 Mem:10.60M (Peak 10.82M) | Time:00:00.00 | Mem:0.00M, Peak:0.00M | Scene, ViewLayer | Updating Camera
Fra:1 Mem:10.60M (Peak 10.82M) | Time:00:00.00 | Mem:0.00M, Peak:0.00M | Scene, ViewLayer | Updating Meshes Flags
Fra:1 Mem:10.60M (Peak 10.82M) | Time:00:00.00 | Mem:0.00M, Peak:0.00M | Scene, ViewLayer | Updating Objects
Fra:1 Mem:10.60M (Peak 10.82M) | Time:00:00.00 | Mem:0.00M, Peak:0.00M | Scene, ViewLayer | Updating Objects | Copying Transformations to device
Fra:1 Mem:10.60M (Peak 10.82M) | Time:00:00.00 | Mem:0.00M, Peak:0.00M | Scene, ViewLayer | Updating Particle Systems
Fra:1 Mem:10.60M (Peak 10.82M) | Time:00:00.00 | Mem:0.00M, Peak:0.00M | Scene, ViewLayer | Updating Particle Systems | Copying Particles to device
Fra:1 Mem:10.60M (Peak 10.82M) | Time:00:00.00 | Mem:0.00M, Peak:0.00M | Scene, ViewLayer | Updating Meshes
Fra:1 Mem:10.60M (Peak 10.82M) | Time:00:00.00 | Mem:0.00M, Peak:0.00M | Scene, ViewLayer | Updating Objects | Applying Static Transformations
Fra:1 Mem:10.60M (Peak 10.82M) | Time:00:00.00 | Mem:0.00M, Peak:0.00M | Scene, ViewLayer | Updating Mesh | Computing attributes
Fra:1 Mem:10.60M (Peak 10.82M) | Time:00:00.00 | Mem:0.00M, Peak:0.00M | Scene, ViewLayer | Updating Mesh | Copying Attributes to device
Fra:1 Mem:10.60M (Peak 10.82M) | Time:00:00.00 | Mem:0.00M, Peak:0.00M | Scene, ViewLayer | Updating Scene BVH | Building
Fra:1 Mem:10.60M (Peak 10.82M) | Time:00:00.00 | Mem:0.00M, Peak:0.00M | Scene, ViewLayer | Updating Scene BVH | Building BVH
Fra:1 Mem:10.60M (Peak 10.82M) | Time:00:00.00 | Mem:0.01M, Peak:0.01M | Scene, ViewLayer | Updating Scene BVH | Building BVH 0%
Fra:1 Mem:10.60M (Peak 10.82M) | Time:00:00.00 | Mem:0.01M, Peak:0.01M | Scene, ViewLayer | Updating Scene BVH | Copying BVH to device
Fra:1 Mem:10.60M (Peak 10.82M) | Time:00:00.00 | Mem:0.01M, Peak:0.01M | Scene, ViewLayer | Updating Mesh | Computing normals
Fra:1 Mem:10.60M (Peak 10.82M) | Time:00:00.00 | Mem:0.01M, Peak:0.01M | Scene, ViewLayer | Updating Mesh | Copying Mesh to device
Fra:1 Mem:10.60M (Peak 10.82M) | Time:00:00.00 | Mem:0.01M, Peak:0.01M | Scene, ViewLayer | Updating Objects Flags
Fra:1 Mem:10.60M (Peak 10.82M) | Time:00:00.00 | Mem:0.01M, Peak:0.01M | Scene, ViewLayer | Updating Primitive Offsets
Fra:1 Mem:10.60M (Peak 10.82M) | Time:00:00.00 | Mem:0.01M, Peak:0.01M | Scene, ViewLayer | Updating Images
Fra:1 Mem:10.60M (Peak 10.82M) | Time:00:00.00 | Mem:0.01M, Peak:0.01M | Scene, ViewLayer | Updating Camera Volume
Fra:1 Mem:10.60M (Peak 10.82M) | Time:00:00.00 | Mem:0.01M, Peak:0.01M | Scene, ViewLayer | Updating Lookup Tables
Fra:1 Mem:10.60M (Peak 10.82M) | Time:00:00.00 | Mem:0.09M, Peak:0.09M | Scene, ViewLayer | Updating Lights
Fra:1 Mem:10.60M (Peak 10.82M) | Time:00:00.00 | Mem:0.09M, Peak:0.09M | Scene, ViewLayer | Updating Lights | Computing tree
Fra:1 Mem:10.60M (Peak 10.82M) | Time:00:00.00 | Mem:0.09M, Peak:0.09M | Scene, ViewLayer | Updating Integrator
Fra:1 Mem:10.60M (Peak 10.82M) | Time:00:00.00 | Mem:0.09M, Peak:0.09M | Scene, ViewLayer | Updating Film
Fra:1 Mem:10.61M (Peak 10.82M) | Time:00:00.00 | Mem:0.01M, Peak:0.09M | Scene, ViewLayer | Updating Lookup Tables
Fra:1 Mem:10.61M (Peak 10.82M) | Time:00:00.00 | Mem:0.10M, Peak:0.10M | Scene, ViewLayer | Updating Baking
Fra:1 Mem:10.61M (Peak 10.82M) | Time:00:00.00 | Mem:0.10M, Peak:0.10M | Scene, ViewLayer | Updating Device | Writing constant memory
Fra:1 Mem:10.61M (Peak 10.82M) | Time:00:00.00 | Mem:0.10M, Peak:0.10M | Scene, ViewLayer | Loading denoising kernels (may take a few minutes the first time)
Fra:1 Mem:10.61M (Peak 10.82M) | Time:00:00.00 | Mem:0.10M, Peak:0.10M | Scene, ViewLayer | Sample 0/24
Fra:1 Mem:60.87M (Peak 60.87M) | Time:00:00.11 | Remaining:00:02.57 | Mem:50.20M, Peak:50.20M | Scene, ViewLayer | Sample 1/24
Fra:1 Mem:81.96M (Peak 113.60M) | Time:00:04.15 | Mem:50.20M, Peak:50.20M | Scene, ViewLayer | Sample 24/24
Fra:1 Mem:81.96M (Peak 113.60M) | Time:00:04.15 | Mem:50.20M, Peak:50.20M | Scene, ViewLayer | Finished
Saved: 'output/roof-r1/street-under-eave.png'
Time: 00:04.22 (Saving: 00:00.06)



Blender quit
