00:00.808  blend            | Read blend: "/home/lzzz/MyProjects/N-SIDE/source-assets/buildings/V-55/facade.blend"
{
  "status": "PASS",
  "file": "output/buildings/V-55/v55-workshop-facade.glb",
  "sha256": "8683357c862f708904de63bbe8a88a196f6e327b48ea5c638a1c318de8c6349b",
  "source_sha256": "b235d3837e29aad33153c81fa6d825b40894ba983b3e0cdabcd4c86ce991a8a5",
  "bytes": 4478432,
  "triangles": 7362,
  "vertices": 13008,
  "materials": 6,
  "images": 4,
  "runtime_bounds_xyz": [
    [
      -6.75,
      6.0
    ],
    [
      -0.550000011920929,
      9.0
    ],
    [
      -8.0,
      8.25
    ]
  ],
  "anchor_map_xyz": [
    154,
    206,
    24
  ],
  "textured_uv_metric_ratio": [
    0.9999980926465166,
    1.0000019868273349
  ],
  "texture_sources": {
    "source-assets/environment-kit/materials/Plaster001_1K-JPG_Color.jpg": "d3fe43282859ab7293ad41f2fa3c29f02df077e5bc326cf90a65cc588a4ac5a4",
    "source-assets/environment-kit/materials/Plaster001_1K-JPG_NormalGL.jpg": "ea293c335a0b9243f0a825573b81304b8f99e60b2c067e493d0792adf96dfc72",
    "source-assets/environment-kit/materials/Concrete034_1K-JPG_Color.jpg": "8ceb9186d990b31fce785e06fdc6974c160f1d27c43f6160266f164deba713aa",
    "source-assets/environment-kit/materials/Concrete034_1K-JPG_NormalGL.jpg": "e509eb9dfa978e780fbebfd2acacc2ce158b5b7ced722ddc0759039dd51e18ca"
  },
  "approaches": [
    {
      "start": "fw_f_junction20",
      "door": "fw_f_v_55_public",
      "samples": 41,
      "stop_before_closed_door_m": 0.55,
      "half_width_m": 0.32,
      "height_m": 1.7
    },
    {
      "start": "fw_f_junction21",
      "door": "fw_f_v_55_service",
      "samples": 41,
      "stop_before_closed_door_m": 0.55,
      "half_width_m": 0.32,
      "height_m": 1.7
    }
  ],
  "approach_scope": "Conservative triangle-AABB broad check with source linear road elevations; actual Rust Ground/capsule and runtime NOT RUN",
  "blender_source": {
    "status": "PASS",
    "version": "5.2.2 LTS",
    "objects": 28,
    "mesh_groups": 25,
    "editable_labels": {
      "V55_PurposeTitle": "包装 / 修补",
      "V55_ServiceLabel": "收件",
      "V55_SampleLabel": "样品"
    },
    "windows": 16,
    "packed_images": 4
  }
}
Blender 5.2.2 LTS (hash d13f752e3b9c built 2026-09-22 17:10:25)

Blender quit
