{
  "Jacket_ContinuousShoulders": {
    "pairs": 258,
    "hood_polygons": [
      6,
      21,
      34,
      49,
      62,
      77,
      90,
      105,
      118,
      133,
      146,
      161,
      162,
      171,
      172,
      173,
      174,
      189,
      190,
      191,
      192,
      230,
      245,
      258,
      273,
      286,
      301,
      314,
      329,
      342,
      343,
      356,
      357,
      370,
      371,
      383,
      384,
      385,
      396,
      397,
      398,
      399,
      412,
      413,
      414,
      415,
      455,
      470
    ],
    "bounds": [
      [
        -0.11154785007238388,
        0.0009678899659775198,
        1.2730000019073486
      ],
      [
        0.11154785007238388,
        0.10245321691036224,
        1.444000005722046
      ]
    ]
  },
  "TShirt_Collar": {
    "pairs": 0,
    "hood_polygons": [],
    "bounds": null
  }
}
Blender 4.5.14 LTS (hash 62c1db4208e8 built 2026-09-15 01:31:19)
Read blend: "/home/lzzz/MyProjects/N-SIDE/output/characters/CHR-001/hood-r10/candidate.blend"

Blender quit
