Blender 4.5.14 LTS (hash 62c1db4208e8 built 2026-09-15 01:31:19)
Read blend: "/home/lzzz/MyProjects/N-SIDE/source-assets/characters/CHR-002/model/ling-grey-study.blend"
Fra:1 Mem:20.60M (Peak 20.60M) | Time:00:00.03 | Mem:0.00M, Peak:0.00M | Scene, ViewLayer | Synchronizing object | TShirt
Fra:1 Mem:20.75M (Peak 20.75M) | Time:00:00.03 | Mem:0.00M, Peak:0.00M | Scene, ViewLayer | Synchronizing object | TShirt_Collar
Fra:1 Mem:20.77M (Peak 20.77M) | Time:00:00.03 | Mem:0.00M, Peak:0.00M | Scene, ViewLayer | Synchronizing object | Sleeve_Cuff.L
Fra:1 Mem:20.78M (Peak 20.78M) | Time:00:00.03 | Mem:0.00M, Peak:0.00M | Scene, ViewLayer | Synchronizing object | Zip_Tape.L
Fra:1 Mem:20.82M (Peak 20.82M) | Time:00:00.04 | Mem:0.00M, Peak:0.00M | Scene, ViewLayer | Synchronizing object | Palm.L
Fra:1 Mem:20.87M (Peak 20.87M) | Time:00:00.04 | Mem:0.00M, Peak:0.00M | Scene, ViewLayer | Synchronizing object | Index_Mesh.L
Fra:1 Mem:20.88M (Peak 20.88M) | Time:00:00.04 | Mem:0.00M, Peak:0.00M | Scene, ViewLayer | Synchronizing object | Middle_Mesh.L
Fra:1 Mem:20.88M (Peak 20.88M) | Time:00:00.04 | Mem:0.00M, Peak:0.00M | Scene, ViewLayer | Synchronizing object | Ring_Mesh.L
Fra:1 Mem:20.89M (Peak 20.89M) | Time:00:00.04 | Mem:0.00M, Peak:0.00M | Scene, ViewLayer | Synchronizing object | Pinky_Mesh.L
Fra:1 Mem:20.90M (Peak 20.90M) | Time:00:00.04 | Mem:0.00M, Peak:0.00M | Scene, ViewLayer | Synchronizing object | Thumb_Mesh.L
Fra:1 Mem:20.98M (Peak 20.98M) | Time:00:00.07 | Mem:0.00M, Peak:0.00M | Scene, ViewLayer | Synchronizing object | Leg.L
Fra:1 Mem:21.15M (Peak 21.15M) | Time:00:00.10 | Mem:0.00M, Peak:0.00M | Scene, ViewLayer | Synchronizing object | Shorts.L
Fra:1 Mem:21.24M (Peak 21.24M) | Time:00:00.10 | Mem:0.00M, Peak:0.00M | Scene, ViewLayer | Synchronizing object | Shorts_Hem.L
Fra:1 Mem:21.24M (Peak 21.24M) | Time:00:00.10 | Mem:0.00M, Peak:0.00M | Scene, ViewLayer | Synchronizing object | Sneaker_Sole.L
Fra:1 Mem:21.26M (Peak 21.26M) | Time:00:00.10 | Mem:0.00M, Peak:0.00M | Scene, ViewLayer | Synchronizing object | Sneaker_Upper.L
Fra:1 Mem:21.28M (Peak 21.28M) | Time:00:00.10 | Mem:0.00M, Peak:0.00M | Scene, ViewLayer | Synchronizing object | Sock.L
Fra:1 Mem:21.30M (Peak 21.30M) | Time:00:00.10 | Mem:0.00M, Peak:0.00M | Scene, ViewLayer | Synchronizing object | Lace_0.L
Fra:1 Mem:21.30M (Peak 21.30M) | Time:00:00.10 | Mem:0.00M, Peak:0.00M | Scene, ViewLayer | Synchronizing object | Lace_1.L
Fra:1 Mem:21.30M (Peak 21.30M) | Time:00:00.10 | Mem:0.00M, Peak:0.00M | Scene, ViewLayer | Synchronizing object | Lace_2.L
Fra:1 Mem:21.31M (Peak 21.31M) | Time:00:00.10 | Mem:0.00M, Peak:0.00M | Scene, ViewLayer | Synchronizing object | Heel_Tab.L
Fra:1 Mem:21.31M (Peak 21.31M) | Time:00:00.10 | Mem:0.00M, Peak:0.00M | Scene, ViewLayer | Synchronizing object | Sleeve_Cuff.R
Fra:1 Mem:21.32M (Peak 21.32M) | Time:00:00.10 | Mem:0.00M, Peak:0.00M | Scene, ViewLayer | Synchronizing object | Zip_Tape.R
Fra:1 Mem:21.36M (Peak 21.36M) | Time:00:00.11 | Mem:0.00M, Peak:0.00M | Scene, ViewLayer | Synchronizing object | Palm.R
Fra:1 Mem:21.40M (Peak 21.40M) | Time:00:00.11 | Mem:0.00M, Peak:0.00M | Scene, ViewLayer | Synchronizing object | Index_Mesh.R
Fra:1 Mem:21.41M (Peak 21.41M) | Time:00:00.11 | Mem:0.00M, Peak:0.00M | Scene, ViewLayer | Synchronizing object | Middle_Mesh.R
Fra:1 Mem:21.42M (Peak 21.42M) | Time:00:00.11 | Mem:0.00M, Peak:0.00M | Scene, ViewLayer | Synchronizing object | Ring_Mesh.R
Fra:1 Mem:21.42M (Peak 21.42M) | Time:00:00.11 | Mem:0.00M, Peak:0.00M | Scene, ViewLayer | Synchronizing object | Pinky_Mesh.R
Fra:1 Mem:21.43M (Peak 21.43M) | Time:00:00.11 | Mem:0.00M, Peak:0.00M | Scene, ViewLayer | Synchronizing object | Thumb_Mesh.R
Fra:1 Mem:21.52M (Peak 21.52M) | Time:00:00.15 | Mem:0.00M, Peak:0.00M | Scene, ViewLayer | Synchronizing object | Leg.R
Fra:1 Mem:21.68M (Peak 21.68M) | Time:00:00.18 | Mem:0.00M, Peak:0.00M | Scene, ViewLayer | Synchronizing object | Shorts.R
Fra:1 Mem:21.79M (Peak 21.79M) | Time:00:00.18 | Mem:0.00M, Peak:0.00M | Scene, ViewLayer | Synchronizing object | Shorts_Hem.R
Fra:1 Mem:21.79M (Peak 21.79M) | Time:00:00.18 | Mem:0.00M, Peak:0.00M | Scene, ViewLayer | Synchronizing object | Sneaker_Sole.R
Fra:1 Mem:21.81M (Peak 21.81M) | Time:00:00.18 | Mem:0.00M, Peak:0.00M | Scene, ViewLayer | Synchronizing object | Sneaker_Upper.R
Fra:1 Mem:21.83M (Peak 21.83M) | Time:00:00.18 | Mem:0.00M, Peak:0.00M | Scene, ViewLayer | Synchronizing object | Sock.R
Fra:1 Mem:21.85M (Peak 21.85M) | Time:00:00.18 | Mem:0.00M, Peak:0.00M | Scene, ViewLayer | Synchronizing object | Lace_0.R
Fra:1 Mem:21.85M (Peak 21.85M) | Time:00:00.18 | Mem:0.00M, Peak:0.00M | Scene, ViewLayer | Synchronizing object | Lace_1.R
Fra:1 Mem:21.85M (Peak 21.85M) | Time:00:00.18 | Mem:0.00M, Peak:0.00M | Scene, ViewLayer | Synchronizing object | Lace_2.R
Fra:1 Mem:21.86M (Peak 21.86M) | Time:00:00.18 | Mem:0.00M, Peak:0.00M | Scene, ViewLayer | Synchronizing object | Heel_Tab.R
Fra:1 Mem:22.42M (Peak 22.42M) | Time:00:00.21 | Mem:0.00M, Peak:0.00M | Scene, ViewLayer | Synchronizing object | Jacket_ContinuousShoulders
Fra:1 Mem:23.64M (Peak 23.64M) | Time:00:00.61 | Mem:0.00M, Peak:0.00M | Scene, ViewLayer | Synchronizing object | Face_Head
Fra:1 Mem:24.31M (Peak 24.31M) | Time:00:00.62 | Mem:0.00M, Peak:0.00M | Scene, ViewLayer | Synchronizing object | Ear.L
Fra:1 Mem:24.36M (Peak 24.36M) | Time:00:00.62 | Mem:0.00M, Peak:0.00M | Scene, ViewLayer | Synchronizing object | Ear_Fold.L
Fra:1 Mem:24.41M (Peak 24.41M) | Time:00:00.63 | Mem:0.00M, Peak:0.00M | Scene, ViewLayer | Synchronizing object | Ear.R
Fra:1 Mem:24.47M (Peak 24.47M) | Time:00:00.63 | Mem:0.00M, Peak:0.00M | Scene, ViewLayer | Synchronizing object | Ear_Fold.R
Fra:1 Mem:24.48M (Peak 24.48M) | Time:00:00.63 | Mem:0.00M, Peak:0.00M | Scene, ViewLayer | Synchronizing object | Eye_White.L
Fra:1 Mem:24.49M (Peak 24.49M) | Time:00:00.63 | Mem:0.00M, Peak:0.00M | Scene, ViewLayer | Synchronizing object | Iris_hair.L
Fra:1 Mem:24.50M (Peak 24.50M) | Time:00:00.63 | Mem:0.00M, Peak:0.00M | Scene, ViewLayer | Synchronizing object | Iris_ink.L
Fra:1 Mem:24.51M (Peak 24.51M) | Time:00:00.63 | Mem:0.00M, Peak:0.00M | Scene, ViewLayer | Synchronizing object | Eye_Glint.L
Fra:1 Mem:24.51M (Peak 24.51M) | Time:00:00.63 | Mem:0.00M, Peak:0.00M | Scene, ViewLayer | Synchronizing object | Upper_Lid.L
Fra:1 Mem:24.53M (Peak 24.53M) | Time:00:00.63 | Mem:0.00M, Peak:0.00M | Scene, ViewLayer | Synchronizing object | Lower_Lid.L
Fra:1 Mem:24.53M (Peak 24.53M) | Time:00:00.63 | Mem:0.00M, Peak:0.00M | Scene, ViewLayer | Synchronizing object | Eyebrow.L
Fra:1 Mem:24.54M (Peak 24.54M) | Time:00:00.63 | Mem:0.00M, Peak:0.00M | Scene, ViewLayer | Synchronizing object | Eye_White.R
Fra:1 Mem:24.55M (Peak 24.55M) | Time:00:00.63 | Mem:0.00M, Peak:0.00M | Scene, ViewLayer | Synchronizing object | Iris_hair.R
Fra:1 Mem:24.56M (Peak 24.56M) | Time:00:00.63 | Mem:0.00M, Peak:0.00M | Scene, ViewLayer | Synchronizing object | Iris_ink.R
Fra:1 Mem:24.57M (Peak 24.57M) | Time:00:00.63 | Mem:0.00M, Peak:0.00M | Scene, ViewLayer | Synchronizing object | Eye_Glint.R
Fra:1 Mem:24.57M (Peak 24.57M) | Time:00:00.63 | Mem:0.00M, Peak:0.00M | Scene, ViewLayer | Synchronizing object | Upper_Lid.R
Fra:1 Mem:24.59M (Peak 24.59M) | Time:00:00.63 | Mem:0.00M, Peak:0.00M | Scene, ViewLayer | Synchronizing object | Lower_Lid.R
Fra:1 Mem:24.59M (Peak 24.59M) | Time:00:00.63 | Mem:0.00M, Peak:0.00M | Scene, ViewLayer | Synchronizing object | Eyebrow.R
Fra:1 Mem:24.60M (Peak 24.60M) | Time:00:00.63 | Mem:0.00M, Peak:0.00M | Scene, ViewLayer | Synchronizing object | Mouth
Fra:1 Mem:24.61M (Peak 24.61M) | Time:00:00.63 | Mem:0.00M, Peak:0.00M | Scene, ViewLayer | Synchronizing object | Hair_Cap
Fra:1 Mem:25.41M (Peak 25.41M) | Time:00:00.67 | Mem:0.00M, Peak:0.00M | Scene, ViewLayer | Synchronizing object | Hair_CrownBase
Fra:1 Mem:25.50M (Peak 25.50M) | Time:00:00.67 | Mem:0.00M, Peak:0.00M | Scene, ViewLayer | Synchronizing object | Review_Rim
Fra:1 Mem:25.50M (Peak 25.50M) | Time:00:00.67 | Mem:0.00M, Peak:0.00M | Scene, ViewLayer | Synchronizing object | Bangs_00
Fra:1 Mem:25.50M (Peak 25.50M) | Time:00:00.67 | Mem:0.00M, Peak:0.00M | Scene, ViewLayer | Synchronizing object | Review_Fill
Fra:1 Mem:25.51M (Peak 25.51M) | Time:00:00.67 | Mem:0.00M, Peak:0.00M | Scene, ViewLayer | Synchronizing object | Review_Key
Fra:1 Mem:25.51M (Peak 25.51M) | Time:00:00.67 | Mem:0.00M, Peak:0.00M | Scene, ViewLayer | Synchronizing object | Review_Ground
Fra:1 Mem:25.52M (Peak 25.52M) | Time:00:00.67 | Mem:0.00M, Peak:0.00M | Scene, ViewLayer | Synchronizing object | Bangs_01
Fra:1 Mem:25.52M (Peak 25.52M) | Time:00:00.67 | Mem:0.00M, Peak:0.00M | Scene, ViewLayer | Synchronizing object | Drawing_Pen_0.16
Fra:1 Mem:25.54M (Peak 25.54M) | Time:00:00.67 | Mem:0.00M, Peak:0.00M | Scene, ViewLayer | Synchronizing object | Drawing_Pen_0.136
Fra:1 Mem:25.54M (Peak 25.54M) | Time:00:00.67 | Mem:0.00M, Peak:0.00M | Scene, ViewLayer | Synchronizing object | Bangs_02
Fra:1 Mem:25.56M (Peak 25.56M) | Time:00:00.67 | Mem:0.00M, Peak:0.00M | Scene, ViewLayer | Synchronizing object | Pen_Pouch
Fra:1 Mem:25.57M (Peak 25.57M) | Time:00:00.67 | Mem:0.00M, Peak:0.00M | Scene, ViewLayer | Synchronizing object | Hair_Clip_1
Fra:1 Mem:25.59M (Peak 25.59M) | Time:00:00.67 | Mem:0.00M, Peak:0.00M | Scene, ViewLayer | Synchronizing object | Bangs_03
Fra:1 Mem:25.58M (Peak 25.59M) | Time:00:00.67 | Mem:0.00M, Peak:0.00M | Scene, ViewLayer | Synchronizing object | Hair_Clip_0
Fra:1 Mem:25.59M (Peak 25.59M) | Time:00:00.67 | Mem:0.00M, Peak:0.00M | Scene, ViewLayer | Synchronizing object | Temple_0.R
Fra:1 Mem:25.61M (Peak 25.61M) | Time:00:00.67 | Mem:0.00M, Peak:0.00M | Scene, ViewLayer | Synchronizing object | Temple_0.L
Fra:1 Mem:25.64M (Peak 25.64M) | Time:00:00.67 | Mem:0.00M, Peak:0.00M | Scene, ViewLayer | Initializing
Fra:1 Mem:21.34M (Peak 25.64M) | Time:00:00.67 | Mem:0.00M, Peak:0.00M | Scene, ViewLayer | Updating Images | Loading CHR002_GreyStudy_BaseColor
Fra:1 Mem:22.08M (Peak 29.36M) | Time:00:00.69 | Mem:4.00M, Peak:4.00M | Scene, ViewLayer | Waiting for render to start
Fra:1 Mem:22.08M (Peak 29.36M) | Time:00:00.69 | Mem:4.00M, Peak:4.00M | Scene, ViewLayer | Updating Scene
Fra:1 Mem:22.08M (Peak 29.36M) | Time:00:00.69 | Mem:4.00M, Peak:4.00M | Scene, ViewLayer | Updating Shaders
Fra:1 Mem:22.08M (Peak 29.36M) | Time:00:00.69 | Mem:4.00M, Peak:4.00M | Scene, ViewLayer | Loading render kernels (may take a few minutes the first time)
Fra:1 Mem:22.17M (Peak 29.36M) | Time:00:00.69 | Mem:4.00M, Peak:4.00M | Scene, ViewLayer | Updating Procedurals
Fra:1 Mem:22.17M (Peak 29.36M) | Time:00:00.69 | Mem:4.00M, Peak:4.00M | Scene, ViewLayer | Updating Background
Fra:1 Mem:22.17M (Peak 29.36M) | Time:00:00.69 | Mem:4.00M, Peak:4.00M | Scene, ViewLayer | Updating Camera
Fra:1 Mem:22.17M (Peak 29.36M) | Time:00:00.69 | Mem:4.00M, Peak:4.00M | Scene, ViewLayer | Updating Meshes Flags
Fra:1 Mem:22.17M (Peak 29.36M) | Time:00:00.69 | Mem:4.00M, Peak:4.00M | Scene, ViewLayer | Updating Objects
Fra:1 Mem:22.17M (Peak 29.36M) | Time:00:00.69 | Mem:4.00M, Peak:4.00M | Scene, ViewLayer | Updating Objects | Copying Transformations to device
Fra:1 Mem:22.19M (Peak 29.36M) | Time:00:00.69 | Mem:4.02M, Peak:4.02M | Scene, ViewLayer | Updating Particle Systems
Fra:1 Mem:22.19M (Peak 29.36M) | Time:00:00.69 | Mem:4.02M, Peak:4.02M | Scene, ViewLayer | Updating Particle Systems | Copying Particles to device
Fra:1 Mem:22.19M (Peak 29.36M) | Time:00:00.69 | Mem:4.02M, Peak:4.02M | Scene, ViewLayer | Updating Meshes
Fra:1 Mem:22.19M (Peak 29.36M) | Time:00:00.69 | Mem:4.02M, Peak:4.02M | Scene, ViewLayer | Updating Objects | Applying Static Transformations
Fra:1 Mem:22.19M (Peak 29.36M) | Time:00:00.69 | Mem:4.02M, Peak:4.02M | Scene, ViewLayer | Updating Mesh | Computing attributes
Fra:1 Mem:23.22M (Peak 29.36M) | Time:00:00.69 | Mem:4.03M, Peak:4.03M | Scene, ViewLayer | Updating Mesh | Copying Attributes to device
Fra:1 Mem:23.21M (Peak 29.36M) | Time:00:00.69 | Mem:5.05M, Peak:5.05M | Scene, ViewLayer | Updating Scene BVH | Building
Fra:1 Mem:23.21M (Peak 29.36M) | Time:00:00.69 | Mem:5.05M, Peak:5.05M | Scene, ViewLayer | Updating Scene BVH | Building BVH
Fra:1 Mem:23.21M (Peak 29.36M) | Time:00:00.69 | Mem:6.13M, Peak:6.13M | Scene, ViewLayer | Updating Scene BVH | Building BVH 0%
Fra:1 Mem:23.21M (Peak 29.36M) | Time:00:00.69 | Mem:7.31M, Peak:8.39M | Scene, ViewLayer | Updating Scene BVH | Copying BVH to device
Fra:1 Mem:23.21M (Peak 29.36M) | Time:00:00.69 | Mem:7.31M, Peak:8.39M | Scene, ViewLayer | Updating Mesh | Computing normals
Fra:1 Mem:24.17M (Peak 29.36M) | Time:00:00.69 | Mem:7.31M, Peak:8.39M | Scene, ViewLayer | Updating Mesh | Copying Mesh to device
Fra:1 Mem:24.17M (Peak 29.36M) | Time:00:00.69 | Mem:8.27M, Peak:8.39M | Scene, ViewLayer | Updating Objects Flags
Fra:1 Mem:24.17M (Peak 29.36M) | Time:00:00.69 | Mem:8.27M, Peak:8.39M | Scene, ViewLayer | Updating Primitive Offsets
Fra:1 Mem:24.17M (Peak 29.36M) | Time:00:00.69 | Mem:8.27M, Peak:8.39M | Scene, ViewLayer | Updating Images
Fra:1 Mem:24.17M (Peak 29.36M) | Time:00:00.69 | Mem:8.27M, Peak:8.39M | Scene, ViewLayer | Updating Camera Volume
Fra:1 Mem:24.17M (Peak 29.36M) | Time:00:00.69 | Mem:8.27M, Peak:8.39M | Scene, ViewLayer | Updating Lookup Tables
Fra:1 Mem:24.17M (Peak 29.36M) | Time:00:00.69 | Mem:8.35M, Peak:8.39M | Scene, ViewLayer | Updating Lights
Fra:1 Mem:24.17M (Peak 29.36M) | Time:00:00.69 | Mem:8.35M, Peak:8.39M | Scene, ViewLayer | Updating Lights | Computing tree
Fra:1 Mem:24.17M (Peak 29.36M) | Time:00:00.69 | Mem:8.35M, Peak:8.39M | Scene, ViewLayer | Updating Integrator
Fra:1 Mem:24.17M (Peak 29.36M) | Time:00:00.69 | Mem:8.35M, Peak:8.39M | Scene, ViewLayer | Updating Film
Fra:1 Mem:24.18M (Peak 29.36M) | Time:00:00.69 | Mem:8.27M, Peak:8.39M | Scene, ViewLayer | Updating Lookup Tables
Fra:1 Mem:24.18M (Peak 29.36M) | Time:00:00.69 | Mem:8.35M, Peak:8.39M | Scene, ViewLayer | Updating Baking
Fra:1 Mem:24.18M (Peak 29.36M) | Time:00:00.69 | Mem:8.35M, Peak:8.39M | Scene, ViewLayer | Updating Device | Writing constant memory
Fra:1 Mem:24.18M (Peak 29.36M) | Time:00:00.69 | Mem:8.35M, Peak:8.39M | Scene, ViewLayer | Loading denoising kernels (may take a few minutes the first time)
Fra:1 Mem:24.18M (Peak 29.36M) | Time:00:00.69 | Mem:8.35M, Peak:8.39M | Scene, ViewLayer | Sample 0/24
Fra:1 Mem:74.30M (Peak 74.30M) | Time:00:01.31 | Remaining:00:14.09 | Mem:58.46M, Peak:58.46M | Scene, ViewLayer | Sample 1/24
Fra:1 Mem:95.40M (Peak 127.04M) | Time:00:22.33 | Mem:58.46M, Peak:58.46M | Scene, ViewLayer | Sample 24/24
Fra:1 Mem:95.40M (Peak 127.04M) | Time:00:22.33 | Mem:58.46M, Peak:58.46M | Scene, ViewLayer | Finished
Saved: '/home/lzzz/MyProjects/N-SIDE/output/characters/CHR-002/ling-model-r1/first/body-front.png'
Time: 00:22.38 (Saving: 00:00.05)

Fra:1 Mem:20.67M (Peak 20.67M) | Time:00:00.03 | Mem:0.00M, Peak:0.00M | Scene, ViewLayer | Synchronizing object | TShirt
Fra:1 Mem:20.82M (Peak 20.82M) | Time:00:00.03 | Mem:0.00M, Peak:0.00M | Scene, ViewLayer | Synchronizing object | TShirt_Collar
Fra:1 Mem:20.84M (Peak 20.84M) | Time:00:00.03 | Mem:0.00M, Peak:0.00M | Scene, ViewLayer | Synchronizing object | Sleeve_Cuff.L
Fra:1 Mem:20.85M (Peak 20.85M) | Time:00:00.03 | Mem:0.00M, Peak:0.00M | Scene, ViewLayer | Synchronizing object | Zip_Tape.L
Fra:1 Mem:20.89M (Peak 20.89M) | Time:00:00.04 | Mem:0.00M, Peak:0.00M | Scene, ViewLayer | Synchronizing object | Palm.L
Fra:1 Mem:20.94M (Peak 20.94M) | Time:00:00.04 | Mem:0.00M, Peak:0.00M | Scene, ViewLayer | Synchronizing object | Index_Mesh.L
Fra:1 Mem:20.94M (Peak 20.94M) | Time:00:00.04 | Mem:0.00M, Peak:0.00M | Scene, ViewLayer | Synchronizing object | Middle_Mesh.L
Fra:1 Mem:20.95M (Peak 20.95M) | Time:00:00.04 | Mem:0.00M, Peak:0.00M | Scene, ViewLayer | Synchronizing object | Ring_Mesh.L
Fra:1 Mem:20.95M (Peak 20.95M) | Time:00:00.04 | Mem:0.00M, Peak:0.00M | Scene, ViewLayer | Synchronizing object | Pinky_Mesh.L
Fra:1 Mem:20.96M (Peak 20.96M) | Time:00:00.04 | Mem:0.00M, Peak:0.00M | Scene, ViewLayer | Synchronizing object | Thumb_Mesh.L
Fra:1 Mem:21.04M (Peak 21.04M) | Time:00:00.07 | Mem:0.00M, Peak:0.00M | Scene, ViewLayer | Synchronizing object | Leg.L
Fra:1 Mem:21.21M (Peak 21.21M) | Time:00:00.11 | Mem:0.00M, Peak:0.00M | Scene, ViewLayer | Synchronizing object | Shorts.L
Fra:1 Mem:21.30M (Peak 21.30M) | Time:00:00.11 | Mem:0.00M, Peak:0.00M | Scene, ViewLayer | Synchronizing object | Shorts_Hem.L
Fra:1 Mem:21.30M (Peak 21.30M) | Time:00:00.11 | Mem:0.00M, Peak:0.00M | Scene, ViewLayer | Synchronizing object | Sneaker_Sole.L
Fra:1 Mem:21.32M (Peak 21.32M) | Time:00:00.11 | Mem:0.00M, Peak:0.00M | Scene, ViewLayer | Synchronizing object | Sneaker_Upper.L
Fra:1 Mem:21.34M (Peak 21.34M) | Time:00:00.11 | Mem:0.00M, Peak:0.00M | Scene, ViewLayer | Synchronizing object | Sock.L
Fra:1 Mem:21.35M (Peak 21.35M) | Time:00:00.11 | Mem:0.00M, Peak:0.00M | Scene, ViewLayer | Synchronizing object | Lace_0.L
Fra:1 Mem:21.35M (Peak 21.35M) | Time:00:00.11 | Mem:0.00M, Peak:0.00M | Scene, ViewLayer | Synchronizing object | Lace_1.L
Fra:1 Mem:21.36M (Peak 21.36M) | Time:00:00.11 | Mem:0.00M, Peak:0.00M | Scene, ViewLayer | Synchronizing object | Lace_2.L
Fra:1 Mem:21.36M (Peak 21.36M) | Time:00:00.11 | Mem:0.00M, Peak:0.00M | Scene, ViewLayer | Synchronizing object | Heel_Tab.L
Fra:1 Mem:21.36M (Peak 21.36M) | Time:00:00.11 | Mem:0.00M, Peak:0.00M | Scene, ViewLayer | Synchronizing object | Sleeve_Cuff.R
Fra:1 Mem:21.37M (Peak 21.37M) | Time:00:00.11 | Mem:0.00M, Peak:0.00M | Scene, ViewLayer | Synchronizing object | Zip_Tape.R
Fra:1 Mem:21.41M (Peak 21.41M) | Time:00:00.12 | Mem:0.00M, Peak:0.00M | Scene, ViewLayer | Synchronizing object | Palm.R
Fra:1 Mem:21.47M (Peak 21.47M) | Time:00:00.12 | Mem:0.00M, Peak:0.00M | Scene, ViewLayer | Synchronizing object | Index_Mesh.R
Fra:1 Mem:21.46M (Peak 21.47M) | Time:00:00.12 | Mem:0.00M, Peak:0.00M | Scene, ViewLayer | Synchronizing object | Middle_Mesh.R
Fra:1 Mem:21.47M (Peak 21.47M) | Time:00:00.12 | Mem:0.00M, Peak:0.00M | Scene, ViewLayer | Synchronizing object | Ring_Mesh.R
Fra:1 Mem:21.47M (Peak 21.47M) | Time:00:00.12 | Mem:0.00M, Peak:0.00M | Scene, ViewLayer | Synchronizing object | Pinky_Mesh.R
Fra:1 Mem:21.48M (Peak 21.48M) | Time:00:00.12 | Mem:0.00M, Peak:0.00M | Scene, ViewLayer | Synchronizing object | Thumb_Mesh.R
Fra:1 Mem:21.56M (Peak 21.56M) | Time:00:00.15 | Mem:0.00M, Peak:0.00M | Scene, ViewLayer | Synchronizing object | Leg.R
Fra:1 Mem:21.73M (Peak 21.73M) | Time:00:00.18 | Mem:0.00M, Peak:0.00M | Scene, ViewLayer | Synchronizing object | Shorts.R
Fra:1 Mem:21.83M (Peak 21.83M) | Time:00:00.18 | Mem:0.00M, Peak:0.00M | Scene, ViewLayer | Synchronizing object | Shorts_Hem.R
Fra:1 Mem:21.84M (Peak 21.84M) | Time:00:00.18 | Mem:0.00M, Peak:0.00M | Scene, ViewLayer | Synchronizing object | Sneaker_Sole.R
Fra:1 Mem:21.86M (Peak 21.86M) | Time:00:00.18 | Mem:0.00M, Peak:0.00M | Scene, ViewLayer | Synchronizing object | Sneaker_Upper.R
Fra:1 Mem:21.88M (Peak 21.88M) | Time:00:00.18 | Mem:0.00M, Peak:0.00M | Scene, ViewLayer | Synchronizing object | Sock.R
Fra:1 Mem:21.89M (Peak 21.89M) | Time:00:00.18 | Mem:0.00M, Peak:0.00M | Scene, ViewLayer | Synchronizing object | Lace_0.R
Fra:1 Mem:21.89M (Peak 21.89M) | Time:00:00.18 | Mem:0.00M, Peak:0.00M | Scene, ViewLayer | Synchronizing object | Lace_1.R
Fra:1 Mem:21.89M (Peak 21.89M) | Time:00:00.18 | Mem:0.00M, Peak:0.00M | Scene, ViewLayer | Synchronizing object | Lace_2.R
Fra:1 Mem:21.89M (Peak 21.89M) | Time:00:00.18 | Mem:0.00M, Peak:0.00M | Scene, ViewLayer | Synchronizing object | Heel_Tab.R
Fra:1 Mem:22.45M (Peak 22.45M) | Time:00:00.22 | Mem:0.00M, Peak:0.00M | Scene, ViewLayer | Synchronizing object | Jacket_ContinuousShoulders
Fra:1 Mem:23.68M (Peak 23.68M) | Time:00:00.62 | Mem:0.00M, Peak:0.00M | Scene, ViewLayer | Synchronizing object | Face_Head
Fra:1 Mem:24.34M (Peak 24.34M) | Time:00:00.63 | Mem:0.00M, Peak:0.00M | Scene, ViewLayer | Synchronizing object | Ear.L
Fra:1 Mem:24.40M (Peak 24.40M) | Time:00:00.63 | Mem:0.00M, Peak:0.00M | Scene, ViewLayer | Synchronizing object | Ear_Fold.L
Fra:1 Mem:24.45M (Peak 24.45M) | Time:00:00.64 | Mem:0.00M, Peak:0.00M | Scene, ViewLayer | Synchronizing object | Ear.R
Fra:1 Mem:24.51M (Peak 24.51M) | Time:00:00.64 | Mem:0.00M, Peak:0.00M | Scene, ViewLayer | Synchronizing object | Ear_Fold.R
Fra:1 Mem:24.52M (Peak 24.52M) | Time:00:00.64 | Mem:0.00M, Peak:0.00M | Scene, ViewLayer | Synchronizing object | Eye_White.L
Fra:1 Mem:24.52M (Peak 24.52M) | Time:00:00.64 | Mem:0.00M, Peak:0.00M | Scene, ViewLayer | Synchronizing object | Iris_hair.L
Fra:1 Mem:24.53M (Peak 24.53M) | Time:00:00.64 | Mem:0.00M, Peak:0.00M | Scene, ViewLayer | Synchronizing object | Iris_ink.L
Fra:1 Mem:24.54M (Peak 24.54M) | Time:00:00.64 | Mem:0.00M, Peak:0.00M | Scene, ViewLayer | Synchronizing object | Eye_Glint.L
Fra:1 Mem:24.54M (Peak 24.54M) | Time:00:00.64 | Mem:0.00M, Peak:0.00M | Scene, ViewLayer | Synchronizing object | Upper_Lid.L
Fra:1 Mem:24.56M (Peak 24.56M) | Time:00:00.64 | Mem:0.00M, Peak:0.00M | Scene, ViewLayer | Synchronizing object | Lower_Lid.L
Fra:1 Mem:24.56M (Peak 24.56M) | Time:00:00.64 | Mem:0.00M, Peak:0.00M | Scene, ViewLayer | Synchronizing object | Eyebrow.L
Fra:1 Mem:24.57M (Peak 24.57M) | Time:00:00.64 | Mem:0.00M, Peak:0.00M | Scene, ViewLayer | Synchronizing object | Eye_White.R
Fra:1 Mem:24.57M (Peak 24.57M) | Time:00:00.64 | Mem:0.00M, Peak:0.00M | Scene, ViewLayer | Synchronizing object | Iris_hair.R
Fra:1 Mem:24.58M (Peak 24.58M) | Time:00:00.64 | Mem:0.00M, Peak:0.00M | Scene, ViewLayer | Synchronizing object | Iris_ink.R
Fra:1 Mem:24.59M (Peak 24.59M) | Time:00:00.64 | Mem:0.00M, Peak:0.00M | Scene, ViewLayer | Synchronizing object | Eye_Glint.R
Fra:1 Mem:24.60M (Peak 24.60M) | Time:00:00.64 | Mem:0.00M, Peak:0.00M | Scene, ViewLayer | Synchronizing object | Upper_Lid.R
Fra:1 Mem:24.61M (Peak 24.61M) | Time:00:00.64 | Mem:0.00M, Peak:0.00M | Scene, ViewLayer | Synchronizing object | Lower_Lid.R
Fra:1 Mem:24.61M (Peak 24.61M) | Time:00:00.64 | Mem:0.00M, Peak:0.00M | Scene, ViewLayer | Synchronizing object | Eyebrow.R
Fra:1 Mem:24.62M (Peak 24.62M) | Time:00:00.64 | Mem:0.00M, Peak:0.00M | Scene, ViewLayer | Synchronizing object | Mouth
Fra:1 Mem:24.63M (Peak 24.63M) | Time:00:00.64 | Mem:0.00M, Peak:0.00M | Scene, ViewLayer | Synchronizing object | Hair_Cap
Fra:1 Mem:25.43M (Peak 25.43M) | Time:00:00.68 | Mem:0.00M, Peak:0.00M | Scene, ViewLayer | Synchronizing object | Hair_CrownBase
Fra:1 Mem:25.50M (Peak 25.50M) | Time:00:00.68 | Mem:0.00M, Peak:0.00M | Scene, ViewLayer | Synchronizing object | Review_Rim
Fra:1 Mem:25.54M (Peak 25.54M) | Time:00:00.68 | Mem:0.00M, Peak:0.00M | Scene, ViewLayer | Synchronizing object | Review_Fill
Fra:1 Mem:25.52M (Peak 25.54M) | Time:00:00.68 | Mem:0.00M, Peak:0.00M | Scene, ViewLayer | Synchronizing object | Bangs_00
Fra:1 Mem:25.52M (Peak 25.54M) | Time:00:00.68 | Mem:0.00M, Peak:0.00M | Scene, ViewLayer | Synchronizing object | Review_Key
Fra:1 Mem:25.53M (Peak 25.54M) | Time:00:00.68 | Mem:0.00M, Peak:0.00M | Scene, ViewLayer | Synchronizing object | Review_Ground
Fra:1 Mem:25.54M (Peak 25.54M) | Time:00:00.68 | Mem:0.00M, Peak:0.00M | Scene, ViewLayer | Synchronizing object | Drawing_Pen_0.16
Fra:1 Mem:25.54M (Peak 25.54M) | Time:00:00.68 | Mem:0.00M, Peak:0.00M | Scene, ViewLayer | Synchronizing object | Bangs_01
Fra:1 Mem:25.55M (Peak 25.55M) | Time:00:00.68 | Mem:0.00M, Peak:0.00M | Scene, ViewLayer | Synchronizing object | Drawing_Pen_0.136
Fra:1 Mem:25.56M (Peak 25.56M) | Time:00:00.68 | Mem:0.00M, Peak:0.00M | Scene, ViewLayer | Synchronizing object | Pen_Pouch
Fra:1 Mem:25.56M (Peak 25.56M) | Time:00:00.68 | Mem:0.00M, Peak:0.00M | Scene, ViewLayer | Synchronizing object | Bangs_02
Fra:1 Mem:25.57M (Peak 25.57M) | Time:00:00.68 | Mem:0.00M, Peak:0.00M | Scene, ViewLayer | Synchronizing object | Hair_Clip_1
Fra:1 Mem:25.58M (Peak 25.58M) | Time:00:00.68 | Mem:0.00M, Peak:0.00M | Scene, ViewLayer | Synchronizing object | Hair_Clip_0
Fra:1 Mem:25.58M (Peak 25.58M) | Time:00:00.68 | Mem:0.00M, Peak:0.00M | Scene, ViewLayer | Synchronizing object | Bangs_03
Fra:1 Mem:25.59M (Peak 25.59M) | Time:00:00.68 | Mem:0.00M, Peak:0.00M | Scene, ViewLayer | Synchronizing object | Temple_0.R
Fra:1 Mem:25.61M (Peak 25.61M) | Time:00:00.68 | Mem:0.00M, Peak:0.00M | Scene, ViewLayer | Synchronizing object | Temple_0.L
Fra:1 Mem:25.64M (Peak 25.64M) | Time:00:00.68 | Mem:0.00M, Peak:0.00M | Scene, ViewLayer | Initializing
Fra:1 Mem:21.34M (Peak 25.64M) | Time:00:00.68 | Mem:0.00M, Peak:0.00M | Scene, ViewLayer | Updating Images | Loading CHR002_GreyStudy_BaseColor
Fra:1 Mem:22.08M (Peak 29.36M) | Time:00:00.69 | Mem:4.00M, Peak:4.00M | Scene, ViewLayer | Waiting for render to start
Fra:1 Mem:22.08M (Peak 29.36M) | Time:00:00.69 | Mem:4.00M, Peak:4.00M | Scene, ViewLayer | Updating Scene
Fra:1 Mem:22.08M (Peak 29.36M) | Time:00:00.69 | Mem:4.00M, Peak:4.00M | Scene, ViewLayer | Updating Shaders
Fra:1 Mem:22.08M (Peak 29.36M) | Time:00:00.69 | Mem:4.00M, Peak:4.00M | Scene, ViewLayer | Loading render kernels (may take a few minutes the first time)
Fra:1 Mem:22.17M (Peak 29.36M) | Time:00:00.69 | Mem:4.00M, Peak:4.00M | Scene, ViewLayer | Updating Procedurals
Fra:1 Mem:22.17M (Peak 29.36M) | Time:00:00.69 | Mem:4.00M, Peak:4.00M | Scene, ViewLayer | Updating Background
Fra:1 Mem:22.17M (Peak 29.36M) | Time:00:00.69 | Mem:4.00M, Peak:4.00M | Scene, ViewLayer | Updating Camera
Fra:1 Mem:22.17M (Peak 29.36M) | Time:00:00.69 | Mem:4.00M, Peak:4.00M | Scene, ViewLayer | Updating Meshes Flags
Fra:1 Mem:22.17M (Peak 29.36M) | Time:00:00.69 | Mem:4.00M, Peak:4.00M | Scene, ViewLayer | Updating Objects
Fra:1 Mem:22.17M (Peak 29.36M) | Time:00:00.69 | Mem:4.00M, Peak:4.00M | Scene, ViewLayer | Updating Objects | Copying Transformations to device
Fra:1 Mem:22.19M (Peak 29.36M) | Time:00:00.69 | Mem:4.02M, Peak:4.02M | Scene, ViewLayer | Updating Particle Systems
Fra:1 Mem:22.19M (Peak 29.36M) | Time:00:00.69 | Mem:4.02M, Peak:4.02M | Scene, ViewLayer | Updating Particle Systems | Copying Particles to device
Fra:1 Mem:22.19M (Peak 29.36M) | Time:00:00.69 | Mem:4.02M, Peak:4.02M | Scene, ViewLayer | Updating Meshes
Fra:1 Mem:22.19M (Peak 29.36M) | Time:00:00.69 | Mem:4.02M, Peak:4.02M | Scene, ViewLayer | Updating Objects | Applying Static Transformations
Fra:1 Mem:22.19M (Peak 29.36M) | Time:00:00.69 | Mem:4.02M, Peak:4.02M | Scene, ViewLayer | Updating Mesh | Computing attributes
Fra:1 Mem:23.22M (Peak 29.36M) | Time:00:00.69 | Mem:4.03M, Peak:4.03M | Scene, ViewLayer | Updating Mesh | Copying Attributes to device
Fra:1 Mem:23.21M (Peak 29.36M) | Time:00:00.69 | Mem:5.05M, Peak:5.05M | Scene, ViewLayer | Updating Scene BVH | Building
Fra:1 Mem:23.21M (Peak 29.36M) | Time:00:00.69 | Mem:5.05M, Peak:5.05M | Scene, ViewLayer | Updating Scene BVH | Building BVH
Fra:1 Mem:23.21M (Peak 29.36M) | Time:00:00.69 | Mem:6.13M, Peak:6.13M | Scene, ViewLayer | Updating Scene BVH | Building BVH 0%
Fra:1 Mem:23.21M (Peak 29.36M) | Time:00:00.70 | Mem:7.31M, Peak:8.39M | Scene, ViewLayer | Updating Scene BVH | Copying BVH to device
Fra:1 Mem:23.21M (Peak 29.36M) | Time:00:00.70 | Mem:7.31M, Peak:8.39M | Scene, ViewLayer | Updating Mesh | Computing normals
Fra:1 Mem:24.17M (Peak 29.36M) | Time:00:00.70 | Mem:7.31M, Peak:8.39M | Scene, ViewLayer | Updating Mesh | Copying Mesh to device
Fra:1 Mem:24.17M (Peak 29.36M) | Time:00:00.70 | Mem:8.27M, Peak:8.39M | Scene, ViewLayer | Updating Objects Flags
Fra:1 Mem:24.17M (Peak 29.36M) | Time:00:00.70 | Mem:8.27M, Peak:8.39M | Scene, ViewLayer | Updating Primitive Offsets
Fra:1 Mem:24.17M (Peak 29.36M) | Time:00:00.70 | Mem:8.27M, Peak:8.39M | Scene, ViewLayer | Updating Images
Fra:1 Mem:24.17M (Peak 29.36M) | Time:00:00.70 | Mem:8.27M, Peak:8.39M | Scene, ViewLayer | Updating Camera Volume
Fra:1 Mem:24.17M (Peak 29.36M) | Time:00:00.70 | Mem:8.27M, Peak:8.39M | Scene, ViewLayer | Updating Lookup Tables
Fra:1 Mem:24.17M (Peak 29.36M) | Time:00:00.70 | Mem:8.35M, Peak:8.39M | Scene, ViewLayer | Updating Lights
Fra:1 Mem:24.17M (Peak 29.36M) | Time:00:00.70 | Mem:8.35M, Peak:8.39M | Scene, ViewLayer | Updating Lights | Computing tree
Fra:1 Mem:24.17M (Peak 29.36M) | Time:00:00.70 | Mem:8.35M, Peak:8.39M | Scene, ViewLayer | Updating Integrator
Fra:1 Mem:24.17M (Peak 29.36M) | Time:00:00.70 | Mem:8.35M, Peak:8.39M | Scene, ViewLayer | Updating Film
Fra:1 Mem:24.18M (Peak 29.36M) | Time:00:00.70 | Mem:8.27M, Peak:8.39M | Scene, ViewLayer | Updating Lookup Tables
Fra:1 Mem:24.18M (Peak 29.36M) | Time:00:00.70 | Mem:8.35M, Peak:8.39M | Scene, ViewLayer | Updating Baking
Fra:1 Mem:24.18M (Peak 29.36M) | Time:00:00.70 | Mem:8.35M, Peak:8.39M | Scene, ViewLayer | Updating Device | Writing constant memory
Fra:1 Mem:24.18M (Peak 29.36M) | Time:00:00.70 | Mem:8.35M, Peak:8.39M | Scene, ViewLayer | Loading denoising kernels (may take a few minutes the first time)
Fra:1 Mem:24.18M (Peak 29.36M) | Time:00:00.70 | Mem:8.35M, Peak:8.39M | Scene, ViewLayer | Sample 0/24
Fra:1 Mem:74.30M (Peak 74.30M) | Time:00:01.32 | Remaining:00:14.27 | Mem:58.46M, Peak:58.46M | Scene, ViewLayer | Sample 1/24
Fra:1 Mem:95.40M (Peak 127.04M) | Time:00:22.47 | Mem:58.46M, Peak:58.46M | Scene, ViewLayer | Sample 24/24
Fra:1 Mem:95.40M (Peak 127.04M) | Time:00:22.47 | Mem:58.46M, Peak:58.46M | Scene, ViewLayer | Finished
Saved: '/home/lzzz/MyProjects/N-SIDE/output/characters/CHR-002/ling-model-r1/first/body-quarter.png'
Time: 00:22.53 (Saving: 00:00.05)

Fra:1 Mem:20.67M (Peak 20.67M) | Time:00:00.03 | Mem:0.00M, Peak:0.00M | Scene, ViewLayer | Synchronizing object | TShirt
Fra:1 Mem:20.82M (Peak 20.82M) | Time:00:00.03 | Mem:0.00M, Peak:0.00M | Scene, ViewLayer | Synchronizing object | TShirt_Collar
Fra:1 Mem:20.85M (Peak 20.85M) | Time:00:00.03 | Mem:0.00M, Peak:0.00M | Scene, ViewLayer | Synchronizing object | Sleeve_Cuff.L
Fra:1 Mem:20.85M (Peak 20.85M) | Time:00:00.03 | Mem:0.00M, Peak:0.00M | Scene, ViewLayer | Synchronizing object | Zip_Tape.L
Fra:1 Mem:20.89M (Peak 20.89M) | Time:00:00.04 | Mem:0.00M, Peak:0.00M | Scene, ViewLayer | Synchronizing object | Palm.L
Fra:1 Mem:20.94M (Peak 20.94M) | Time:00:00.04 | Mem:0.00M, Peak:0.00M | Scene, ViewLayer | Synchronizing object | Index_Mesh.L
Fra:1 Mem:20.94M (Peak 20.94M) | Time:00:00.04 | Mem:0.00M, Peak:0.00M | Scene, ViewLayer | Synchronizing object | Middle_Mesh.L
Fra:1 Mem:20.95M (Peak 20.95M) | Time:00:00.04 | Mem:0.00M, Peak:0.00M | Scene, ViewLayer | Synchronizing object | Ring_Mesh.L
Fra:1 Mem:20.95M (Peak 20.95M) | Time:00:00.04 | Mem:0.00M, Peak:0.00M | Scene, ViewLayer | Synchronizing object | Pinky_Mesh.L
Fra:1 Mem:20.96M (Peak 20.96M) | Time:00:00.04 | Mem:0.00M, Peak:0.00M | Scene, ViewLayer | Synchronizing object | Thumb_Mesh.L
Fra:1 Mem:21.04M (Peak 21.04M) | Time:00:00.08 | Mem:0.00M, Peak:0.00M | Scene, ViewLayer | Synchronizing object | Leg.L
Fra:1 Mem:21.21M (Peak 21.21M) | Time:00:00.11 | Mem:0.00M, Peak:0.00M | Scene, ViewLayer | Synchronizing object | Shorts.L
Fra:1 Mem:21.30M (Peak 21.30M) | Time:00:00.11 | Mem:0.00M, Peak:0.00M | Scene, ViewLayer | Synchronizing object | Shorts_Hem.L
Fra:1 Mem:21.30M (Peak 21.30M) | Time:00:00.11 | Mem:0.00M, Peak:0.00M | Scene, ViewLayer | Synchronizing object | Sneaker_Sole.L
Fra:1 Mem:21.32M (Peak 21.32M) | Time:00:00.11 | Mem:0.00M, Peak:0.00M | Scene, ViewLayer | Synchronizing object | Sneaker_Upper.L
Fra:1 Mem:21.34M (Peak 21.34M) | Time:00:00.11 | Mem:0.00M, Peak:0.00M | Scene, ViewLayer | Synchronizing object | Sock.L
Fra:1 Mem:21.35M (Peak 21.35M) | Time:00:00.11 | Mem:0.00M, Peak:0.00M | Scene, ViewLayer | Synchronizing object | Lace_0.L
Fra:1 Mem:21.35M (Peak 21.35M) | Time:00:00.11 | Mem:0.00M, Peak:0.00M | Scene, ViewLayer | Synchronizing object | Lace_1.L
Fra:1 Mem:21.36M (Peak 21.36M) | Time:00:00.11 | Mem:0.00M, Peak:0.00M | Scene, ViewLayer | Synchronizing object | Lace_2.L
Fra:1 Mem:21.36M (Peak 21.36M) | Time:00:00.11 | Mem:0.00M, Peak:0.00M | Scene, ViewLayer | Synchronizing object | Heel_Tab.L
Fra:1 Mem:21.36M (Peak 21.36M) | Time:00:00.11 | Mem:0.00M, Peak:0.00M | Scene, ViewLayer | Synchronizing object | Sleeve_Cuff.R
Fra:1 Mem:21.37M (Peak 21.37M) | Time:00:00.11 | Mem:0.00M, Peak:0.00M | Scene, ViewLayer | Synchronizing object | Zip_Tape.R
Fra:1 Mem:21.41M (Peak 21.41M) | Time:00:00.12 | Mem:0.00M, Peak:0.00M | Scene, ViewLayer | Synchronizing object | Palm.R
Fra:1 Mem:21.46M (Peak 21.46M) | Time:00:00.12 | Mem:0.00M, Peak:0.00M | Scene, ViewLayer | Synchronizing object | Index_Mesh.R
Fra:1 Mem:21.46M (Peak 21.46M) | Time:00:00.12 | Mem:0.00M, Peak:0.00M | Scene, ViewLayer | Synchronizing object | Middle_Mesh.R
Fra:1 Mem:21.47M (Peak 21.47M) | Time:00:00.12 | Mem:0.00M, Peak:0.00M | Scene, ViewLayer | Synchronizing object | Ring_Mesh.R
Fra:1 Mem:21.47M (Peak 21.47M) | Time:00:00.12 | Mem:0.00M, Peak:0.00M | Scene, ViewLayer | Synchronizing object | Pinky_Mesh.R
Fra:1 Mem:21.48M (Peak 21.48M) | Time:00:00.12 | Mem:0.00M, Peak:0.00M | Scene, ViewLayer | Synchronizing object | Thumb_Mesh.R
Fra:1 Mem:21.56M (Peak 21.56M) | Time:00:00.15 | Mem:0.00M, Peak:0.00M | Scene, ViewLayer | Synchronizing object | Leg.R
Fra:1 Mem:21.73M (Peak 21.73M) | Time:00:00.19 | Mem:0.00M, Peak:0.00M | Scene, ViewLayer | Synchronizing object | Shorts.R
Fra:1 Mem:21.83M (Peak 21.83M) | Time:00:00.19 | Mem:0.00M, Peak:0.00M | Scene, ViewLayer | Synchronizing object | Shorts_Hem.R
Fra:1 Mem:21.84M (Peak 21.84M) | Time:00:00.19 | Mem:0.00M, Peak:0.00M | Scene, ViewLayer | Synchronizing object | Sneaker_Sole.R
Fra:1 Mem:21.86M (Peak 21.86M) | Time:00:00.19 | Mem:0.00M, Peak:0.00M | Scene, ViewLayer | Synchronizing object | Sneaker_Upper.R
Fra:1 Mem:21.88M (Peak 21.88M) | Time:00:00.19 | Mem:0.00M, Peak:0.00M | Scene, ViewLayer | Synchronizing object | Sock.R
Fra:1 Mem:21.89M (Peak 21.89M) | Time:00:00.19 | Mem:0.00M, Peak:0.00M | Scene, ViewLayer | Synchronizing object | Lace_0.R
Fra:1 Mem:21.89M (Peak 21.89M) | Time:00:00.19 | Mem:0.00M, Peak:0.00M | Scene, ViewLayer | Synchronizing object | Lace_1.R
Fra:1 Mem:21.89M (Peak 21.89M) | Time:00:00.19 | Mem:0.00M, Peak:0.00M | Scene, ViewLayer | Synchronizing object | Lace_2.R
Fra:1 Mem:21.89M (Peak 21.89M) | Time:00:00.19 | Mem:0.00M, Peak:0.00M | Scene, ViewLayer | Synchronizing object | Heel_Tab.R
Fra:1 Mem:22.45M (Peak 22.45M) | Time:00:00.22 | Mem:0.00M, Peak:0.00M | Scene, ViewLayer | Synchronizing object | Jacket_ContinuousShoulders
Fra:1 Mem:23.68M (Peak 23.68M) | Time:00:00.62 | Mem:0.00M, Peak:0.00M | Scene, ViewLayer | Synchronizing object | Face_Head
Fra:1 Mem:24.34M (Peak 24.34M) | Time:00:00.64 | Mem:0.00M, Peak:0.00M | Scene, ViewLayer | Synchronizing object | Ear.L
Fra:1 Mem:24.40M (Peak 24.40M) | Time:00:00.64 | Mem:0.00M, Peak:0.00M | Scene, ViewLayer | Synchronizing object | Ear_Fold.L
Fra:1 Mem:24.45M (Peak 24.45M) | Time:00:00.65 | Mem:0.00M, Peak:0.00M | Scene, ViewLayer | Synchronizing object | Ear.R
Fra:1 Mem:24.51M (Peak 24.51M) | Time:00:00.65 | Mem:0.00M, Peak:0.00M | Scene, ViewLayer | Synchronizing object | Ear_Fold.R
Fra:1 Mem:24.52M (Peak 24.52M) | Time:00:00.65 | Mem:0.00M, Peak:0.00M | Scene, ViewLayer | Synchronizing object | Eye_White.L
Fra:1 Mem:24.53M (Peak 24.53M) | Time:00:00.65 | Mem:0.00M, Peak:0.00M | Scene, ViewLayer | Synchronizing object | Iris_hair.L
Fra:1 Mem:24.53M (Peak 24.53M) | Time:00:00.65 | Mem:0.00M, Peak:0.00M | Scene, ViewLayer | Synchronizing object | Iris_ink.L
Fra:1 Mem:24.54M (Peak 24.54M) | Time:00:00.65 | Mem:0.00M, Peak:0.00M | Scene, ViewLayer | Synchronizing object | Eye_Glint.L
Fra:1 Mem:24.54M (Peak 24.54M) | Time:00:00.65 | Mem:0.00M, Peak:0.00M | Scene, ViewLayer | Synchronizing object | Upper_Lid.L
Fra:1 Mem:24.56M (Peak 24.56M) | Time:00:00.65 | Mem:0.00M, Peak:0.00M | Scene, ViewLayer | Synchronizing object | Lower_Lid.L
Fra:1 Mem:24.56M (Peak 24.56M) | Time:00:00.65 | Mem:0.00M, Peak:0.00M | Scene, ViewLayer | Synchronizing object | Eyebrow.L
Fra:1 Mem:24.57M (Peak 24.57M) | Time:00:00.65 | Mem:0.00M, Peak:0.00M | Scene, ViewLayer | Synchronizing object | Eye_White.R
Fra:1 Mem:24.57M (Peak 24.57M) | Time:00:00.65 | Mem:0.00M, Peak:0.00M | Scene, ViewLayer | Synchronizing object | Iris_hair.R
Fra:1 Mem:24.58M (Peak 24.58M) | Time:00:00.65 | Mem:0.00M, Peak:0.00M | Scene, ViewLayer | Synchronizing object | Iris_ink.R
Fra:1 Mem:24.59M (Peak 24.59M) | Time:00:00.65 | Mem:0.00M, Peak:0.00M | Scene, ViewLayer | Synchronizing object | Eye_Glint.R
Fra:1 Mem:24.60M (Peak 24.60M) | Time:00:00.65 | Mem:0.00M, Peak:0.00M | Scene, ViewLayer | Synchronizing object | Upper_Lid.R
Fra:1 Mem:24.61M (Peak 24.61M) | Time:00:00.65 | Mem:0.00M, Peak:0.00M | Scene, ViewLayer | Synchronizing object | Lower_Lid.R
Fra:1 Mem:24.61M (Peak 24.61M) | Time:00:00.65 | Mem:0.00M, Peak:0.00M | Scene, ViewLayer | Synchronizing object | Eyebrow.R
Fra:1 Mem:24.62M (Peak 24.62M) | Time:00:00.65 | Mem:0.00M, Peak:0.00M | Scene, ViewLayer | Synchronizing object | Mouth
Fra:1 Mem:24.63M (Peak 24.63M) | Time:00:00.65 | Mem:0.00M, Peak:0.00M | Scene, ViewLayer | Synchronizing object | Hair_Cap
Fra:1 Mem:25.43M (Peak 25.43M) | Time:00:00.69 | Mem:0.00M, Peak:0.00M | Scene, ViewLayer | Synchronizing object | Hair_CrownBase
Fra:1 Mem:25.50M (Peak 25.50M) | Time:00:00.69 | Mem:0.00M, Peak:0.00M | Scene, ViewLayer | Synchronizing object | Review_Rim
Fra:1 Mem:25.52M (Peak 25.52M) | Time:00:00.69 | Mem:0.00M, Peak:0.00M | Scene, ViewLayer | Synchronizing object | Review_Fill
Fra:1 Mem:25.52M (Peak 25.52M) | Time:00:00.69 | Mem:0.00M, Peak:0.00M | Scene, ViewLayer | Synchronizing object | Review_Key
Fra:1 Mem:25.54M (Peak 25.54M) | Time:00:00.69 | Mem:0.00M, Peak:0.00M | Scene, ViewLayer | Synchronizing object | Review_Ground
Fra:1 Mem:25.52M (Peak 25.54M) | Time:00:00.69 | Mem:0.00M, Peak:0.00M | Scene, ViewLayer | Synchronizing object | Bangs_00
Fra:1 Mem:25.52M (Peak 25.54M) | Time:00:00.69 | Mem:0.00M, Peak:0.00M | Scene, ViewLayer | Synchronizing object | Drawing_Pen_0.16
Fra:1 Mem:25.54M (Peak 25.54M) | Time:00:00.69 | Mem:0.00M, Peak:0.00M | Scene, ViewLayer | Synchronizing object | Drawing_Pen_0.136
Fra:1 Mem:25.54M (Peak 25.54M) | Time:00:00.69 | Mem:0.00M, Peak:0.00M | Scene, ViewLayer | Synchronizing object | Bangs_01
Fra:1 Mem:25.54M (Peak 25.54M) | Time:00:00.69 | Mem:0.00M, Peak:0.00M | Scene, ViewLayer | Synchronizing object | Pen_Pouch
Fra:1 Mem:25.56M (Peak 25.56M) | Time:00:00.69 | Mem:0.00M, Peak:0.00M | Scene, ViewLayer | Synchronizing object | Hair_Clip_1
Fra:1 Mem:25.57M (Peak 25.57M) | Time:00:00.69 | Mem:0.00M, Peak:0.00M | Scene, ViewLayer | Synchronizing object | Bangs_02
Fra:1 Mem:25.57M (Peak 25.57M) | Time:00:00.69 | Mem:0.00M, Peak:0.00M | Scene, ViewLayer | Synchronizing object | Hair_Clip_0
Fra:1 Mem:25.58M (Peak 25.58M) | Time:00:00.69 | Mem:0.00M, Peak:0.00M | Scene, ViewLayer | Synchronizing object | Temple_0.R
Fra:1 Mem:25.59M (Peak 25.59M) | Time:00:00.69 | Mem:0.00M, Peak:0.00M | Scene, ViewLayer | Synchronizing object | Bangs_03
Fra:1 Mem:25.62M (Peak 25.62M) | Time:00:00.69 | Mem:0.00M, Peak:0.00M | Scene, ViewLayer | Synchronizing object | Temple_0.L
Fra:1 Mem:25.64M (Peak 25.64M) | Time:00:00.69 | Mem:0.00M, Peak:0.00M | Scene, ViewLayer | Initializing
Fra:1 Mem:21.34M (Peak 25.64M) | Time:00:00.69 | Mem:0.00M, Peak:0.00M | Scene, ViewLayer | Updating Images | Loading CHR002_GreyStudy_BaseColor
Fra:1 Mem:22.08M (Peak 29.36M) | Time:00:00.70 | Mem:4.00M, Peak:4.00M | Scene, ViewLayer | Waiting for render to start
Fra:1 Mem:22.08M (Peak 29.36M) | Time:00:00.70 | Mem:4.00M, Peak:4.00M | Scene, ViewLayer | Updating Scene
Fra:1 Mem:22.08M (Peak 29.36M) | Time:00:00.70 | Mem:4.00M, Peak:4.00M | Scene, ViewLayer | Updating Shaders
Fra:1 Mem:22.08M (Peak 29.36M) | Time:00:00.70 | Mem:4.00M, Peak:4.00M | Scene, ViewLayer | Loading render kernels (may take a few minutes the first time)
Fra:1 Mem:22.17M (Peak 29.36M) | Time:00:00.70 | Mem:4.00M, Peak:4.00M | Scene, ViewLayer | Updating Procedurals
Fra:1 Mem:22.17M (Peak 29.36M) | Time:00:00.70 | Mem:4.00M, Peak:4.00M | Scene, ViewLayer | Updating Background
Fra:1 Mem:22.17M (Peak 29.36M) | Time:00:00.70 | Mem:4.00M, Peak:4.00M | Scene, ViewLayer | Updating Camera
Fra:1 Mem:22.17M (Peak 29.36M) | Time:00:00.70 | Mem:4.00M, Peak:4.00M | Scene, ViewLayer | Updating Meshes Flags
Fra:1 Mem:22.17M (Peak 29.36M) | Time:00:00.70 | Mem:4.00M, Peak:4.00M | Scene, ViewLayer | Updating Objects
Fra:1 Mem:22.17M (Peak 29.36M) | Time:00:00.70 | Mem:4.00M, Peak:4.00M | Scene, ViewLayer | Updating Objects | Copying Transformations to device
Fra:1 Mem:22.19M (Peak 29.36M) | Time:00:00.70 | Mem:4.02M, Peak:4.02M | Scene, ViewLayer | Updating Particle Systems
Fra:1 Mem:22.19M (Peak 29.36M) | Time:00:00.70 | Mem:4.02M, Peak:4.02M | Scene, ViewLayer | Updating Particle Systems | Copying Particles to device
Fra:1 Mem:22.19M (Peak 29.36M) | Time:00:00.70 | Mem:4.02M, Peak:4.02M | Scene, ViewLayer | Updating Meshes
Fra:1 Mem:22.19M (Peak 29.36M) | Time:00:00.70 | Mem:4.02M, Peak:4.02M | Scene, ViewLayer | Updating Objects | Applying Static Transformations
Fra:1 Mem:22.19M (Peak 29.36M) | Time:00:00.70 | Mem:4.02M, Peak:4.02M | Scene, ViewLayer | Updating Mesh | Computing attributes
Fra:1 Mem:23.22M (Peak 29.36M) | Time:00:00.70 | Mem:4.03M, Peak:4.03M | Scene, ViewLayer | Updating Mesh | Copying Attributes to device
Fra:1 Mem:23.21M (Peak 29.36M) | Time:00:00.70 | Mem:5.05M, Peak:5.05M | Scene, ViewLayer | Updating Scene BVH | Building
Fra:1 Mem:23.21M (Peak 29.36M) | Time:00:00.70 | Mem:5.05M, Peak:5.05M | Scene, ViewLayer | Updating Scene BVH | Building BVH
Fra:1 Mem:23.21M (Peak 29.36M) | Time:00:00.70 | Mem:6.13M, Peak:6.13M | Scene, ViewLayer | Updating Scene BVH | Building BVH 0%
Fra:1 Mem:23.21M (Peak 29.36M) | Time:00:00.70 | Mem:7.31M, Peak:8.39M | Scene, ViewLayer | Updating Scene BVH | Copying BVH to device
Fra:1 Mem:23.21M (Peak 29.36M) | Time:00:00.70 | Mem:7.31M, Peak:8.39M | Scene, ViewLayer | Updating Mesh | Computing normals
Fra:1 Mem:24.17M (Peak 29.36M) | Time:00:00.70 | Mem:7.31M, Peak:8.39M | Scene, ViewLayer | Updating Mesh | Copying Mesh to device
Fra:1 Mem:24.17M (Peak 29.36M) | Time:00:00.70 | Mem:8.27M, Peak:8.39M | Scene, ViewLayer | Updating Objects Flags
Fra:1 Mem:24.17M (Peak 29.36M) | Time:00:00.70 | Mem:8.27M, Peak:8.39M | Scene, ViewLayer | Updating Primitive Offsets
Fra:1 Mem:24.17M (Peak 29.36M) | Time:00:00.70 | Mem:8.27M, Peak:8.39M | Scene, ViewLayer | Updating Images
Fra:1 Mem:24.17M (Peak 29.36M) | Time:00:00.70 | Mem:8.27M, Peak:8.39M | Scene, ViewLayer | Updating Camera Volume
Fra:1 Mem:24.17M (Peak 29.36M) | Time:00:00.70 | Mem:8.27M, Peak:8.39M | Scene, ViewLayer | Updating Lookup Tables
Fra:1 Mem:24.17M (Peak 29.36M) | Time:00:00.70 | Mem:8.35M, Peak:8.39M | Scene, ViewLayer | Updating Lights
Fra:1 Mem:24.17M (Peak 29.36M) | Time:00:00.70 | Mem:8.35M, Peak:8.39M | Scene, ViewLayer | Updating Lights | Computing tree
Fra:1 Mem:24.17M (Peak 29.36M) | Time:00:00.70 | Mem:8.35M, Peak:8.39M | Scene, ViewLayer | Updating Integrator
Fra:1 Mem:24.17M (Peak 29.36M) | Time:00:00.70 | Mem:8.35M, Peak:8.39M | Scene, ViewLayer | Updating Film
Fra:1 Mem:24.18M (Peak 29.36M) | Time:00:00.70 | Mem:8.27M, Peak:8.39M | Scene, ViewLayer | Updating Lookup Tables
Fra:1 Mem:24.18M (Peak 29.36M) | Time:00:00.70 | Mem:8.35M, Peak:8.39M | Scene, ViewLayer | Updating Baking
Fra:1 Mem:24.18M (Peak 29.36M) | Time:00:00.70 | Mem:8.35M, Peak:8.39M | Scene, ViewLayer | Updating Device | Writing constant memory
Fra:1 Mem:24.18M (Peak 29.36M) | Time:00:00.70 | Mem:8.35M, Peak:8.39M | Scene, ViewLayer | Loading denoising kernels (may take a few minutes the first time)
Fra:1 Mem:24.18M (Peak 29.36M) | Time:00:00.70 | Mem:8.35M, Peak:8.39M | Scene, ViewLayer | Sample 0/24
Fra:1 Mem:74.30M (Peak 74.30M) | Time:00:01.29 | Remaining:00:13.54 | Mem:58.46M, Peak:58.46M | Scene, ViewLayer | Sample 1/24
Fra:1 Mem:95.40M (Peak 127.04M) | Time:00:22.17 | Mem:58.46M, Peak:58.46M | Scene, ViewLayer | Sample 24/24
Fra:1 Mem:95.40M (Peak 127.04M) | Time:00:22.17 | Mem:58.46M, Peak:58.46M | Scene, ViewLayer | Finished
Saved: '/home/lzzz/MyProjects/N-SIDE/output/characters/CHR-002/ling-model-r1/first/body-side.png'
Time: 00:22.22 (Saving: 00:00.05)

Fra:1 Mem:20.67M (Peak 20.67M) | Time:00:00.03 | Mem:0.00M, Peak:0.00M | Scene, ViewLayer | Synchronizing object | TShirt
Fra:1 Mem:20.82M (Peak 20.82M) | Time:00:00.03 | Mem:0.00M, Peak:0.00M | Scene, ViewLayer | Synchronizing object | TShirt_Collar
Fra:1 Mem:20.84M (Peak 20.84M) | Time:00:00.03 | Mem:0.00M, Peak:0.00M | Scene, ViewLayer | Synchronizing object | Sleeve_Cuff.L
Fra:1 Mem:20.85M (Peak 20.85M) | Time:00:00.03 | Mem:0.00M, Peak:0.00M | Scene, ViewLayer | Synchronizing object | Zip_Tape.L
Fra:1 Mem:20.89M (Peak 20.89M) | Time:00:00.04 | Mem:0.00M, Peak:0.00M | Scene, ViewLayer | Synchronizing object | Palm.L
Fra:1 Mem:20.94M (Peak 20.94M) | Time:00:00.04 | Mem:0.00M, Peak:0.00M | Scene, ViewLayer | Synchronizing object | Index_Mesh.L
Fra:1 Mem:20.94M (Peak 20.94M) | Time:00:00.04 | Mem:0.00M, Peak:0.00M | Scene, ViewLayer | Synchronizing object | Middle_Mesh.L
Fra:1 Mem:20.95M (Peak 20.95M) | Time:00:00.04 | Mem:0.00M, Peak:0.00M | Scene, ViewLayer | Synchronizing object | Ring_Mesh.L
Fra:1 Mem:20.95M (Peak 20.95M) | Time:00:00.04 | Mem:0.00M, Peak:0.00M | Scene, ViewLayer | Synchronizing object | Pinky_Mesh.L
Fra:1 Mem:20.96M (Peak 20.96M) | Time:00:00.04 | Mem:0.00M, Peak:0.00M | Scene, ViewLayer | Synchronizing object | Thumb_Mesh.L
Fra:1 Mem:21.04M (Peak 21.04M) | Time:00:00.08 | Mem:0.00M, Peak:0.00M | Scene, ViewLayer | Synchronizing object | Leg.L
Fra:1 Mem:21.21M (Peak 21.21M) | Time:00:00.11 | Mem:0.00M, Peak:0.00M | Scene, ViewLayer | Synchronizing object | Shorts.L
Fra:1 Mem:21.30M (Peak 21.30M) | Time:00:00.11 | Mem:0.00M, Peak:0.00M | Scene, ViewLayer | Synchronizing object | Shorts_Hem.L
Fra:1 Mem:21.30M (Peak 21.30M) | Time:00:00.11 | Mem:0.00M, Peak:0.00M | Scene, ViewLayer | Synchronizing object | Sneaker_Sole.L
Fra:1 Mem:21.32M (Peak 21.32M) | Time:00:00.11 | Mem:0.00M, Peak:0.00M | Scene, ViewLayer | Synchronizing object | Sneaker_Upper.L
Fra:1 Mem:21.34M (Peak 21.34M) | Time:00:00.11 | Mem:0.00M, Peak:0.00M | Scene, ViewLayer | Synchronizing object | Sock.L
Fra:1 Mem:21.35M (Peak 21.35M) | Time:00:00.11 | Mem:0.00M, Peak:0.00M | Scene, ViewLayer | Synchronizing object | Lace_0.L
Fra:1 Mem:21.35M (Peak 21.35M) | Time:00:00.11 | Mem:0.00M, Peak:0.00M | Scene, ViewLayer | Synchronizing object | Lace_1.L
Fra:1 Mem:21.36M (Peak 21.36M) | Time:00:00.11 | Mem:0.00M, Peak:0.00M | Scene, ViewLayer | Synchronizing object | Lace_2.L
Fra:1 Mem:21.36M (Peak 21.36M) | Time:00:00.11 | Mem:0.00M, Peak:0.00M | Scene, ViewLayer | Synchronizing object | Heel_Tab.L
Fra:1 Mem:21.36M (Peak 21.36M) | Time:00:00.11 | Mem:0.00M, Peak:0.00M | Scene, ViewLayer | Synchronizing object | Sleeve_Cuff.R
Fra:1 Mem:21.37M (Peak 21.37M) | Time:00:00.11 | Mem:0.00M, Peak:0.00M | Scene, ViewLayer | Synchronizing object | Zip_Tape.R
Fra:1 Mem:21.41M (Peak 21.41M) | Time:00:00.12 | Mem:0.00M, Peak:0.00M | Scene, ViewLayer | Synchronizing object | Palm.R
Fra:1 Mem:21.46M (Peak 21.46M) | Time:00:00.12 | Mem:0.00M, Peak:0.00M | Scene, ViewLayer | Synchronizing object | Index_Mesh.R
Fra:1 Mem:21.46M (Peak 21.46M) | Time:00:00.12 | Mem:0.00M, Peak:0.00M | Scene, ViewLayer | Synchronizing object | Middle_Mesh.R
Fra:1 Mem:21.47M (Peak 21.47M) | Time:00:00.12 | Mem:0.00M, Peak:0.00M | Scene, ViewLayer | Synchronizing object | Ring_Mesh.R
Fra:1 Mem:21.47M (Peak 21.47M) | Time:00:00.12 | Mem:0.00M, Peak:0.00M | Scene, ViewLayer | Synchronizing object | Pinky_Mesh.R
Fra:1 Mem:21.48M (Peak 21.48M) | Time:00:00.12 | Mem:0.00M, Peak:0.00M | Scene, ViewLayer | Synchronizing object | Thumb_Mesh.R
Fra:1 Mem:21.56M (Peak 21.56M) | Time:00:00.15 | Mem:0.00M, Peak:0.00M | Scene, ViewLayer | Synchronizing object | Leg.R
Fra:1 Mem:21.73M (Peak 21.73M) | Time:00:00.19 | Mem:0.00M, Peak:0.00M | Scene, ViewLayer | Synchronizing object | Shorts.R
Fra:1 Mem:21.83M (Peak 21.83M) | Time:00:00.19 | Mem:0.00M, Peak:0.00M | Scene, ViewLayer | Synchronizing object | Shorts_Hem.R
Fra:1 Mem:21.84M (Peak 21.84M) | Time:00:00.19 | Mem:0.00M, Peak:0.00M | Scene, ViewLayer | Synchronizing object | Sneaker_Sole.R
Fra:1 Mem:21.86M (Peak 21.86M) | Time:00:00.19 | Mem:0.00M, Peak:0.00M | Scene, ViewLayer | Synchronizing object | Sneaker_Upper.R
Fra:1 Mem:21.88M (Peak 21.88M) | Time:00:00.19 | Mem:0.00M, Peak:0.00M | Scene, ViewLayer | Synchronizing object | Sock.R
Fra:1 Mem:21.89M (Peak 21.89M) | Time:00:00.19 | Mem:0.00M, Peak:0.00M | Scene, ViewLayer | Synchronizing object | Lace_0.R
Fra:1 Mem:21.89M (Peak 21.89M) | Time:00:00.19 | Mem:0.00M, Peak:0.00M | Scene, ViewLayer | Synchronizing object | Lace_1.R
Fra:1 Mem:21.89M (Peak 21.89M) | Time:00:00.19 | Mem:0.00M, Peak:0.00M | Scene, ViewLayer | Synchronizing object | Lace_2.R
Fra:1 Mem:21.89M (Peak 21.89M) | Time:00:00.19 | Mem:0.00M, Peak:0.00M | Scene, ViewLayer | Synchronizing object | Heel_Tab.R
Fra:1 Mem:22.45M (Peak 22.45M) | Time:00:00.22 | Mem:0.00M, Peak:0.00M | Scene, ViewLayer | Synchronizing object | Jacket_ContinuousShoulders
Fra:1 Mem:23.68M (Peak 23.68M) | Time:00:00.63 | Mem:0.00M, Peak:0.00M | Scene, ViewLayer | Synchronizing object | Face_Head
Fra:1 Mem:24.34M (Peak 24.34M) | Time:00:00.64 | Mem:0.00M, Peak:0.00M | Scene, ViewLayer | Synchronizing object | Ear.L
Fra:1 Mem:24.40M (Peak 24.40M) | Time:00:00.64 | Mem:0.00M, Peak:0.00M | Scene, ViewLayer | Synchronizing object | Ear_Fold.L
Fra:1 Mem:24.45M (Peak 24.45M) | Time:00:00.65 | Mem:0.00M, Peak:0.00M | Scene, ViewLayer | Synchronizing object | Ear.R
Fra:1 Mem:24.51M (Peak 24.51M) | Time:00:00.65 | Mem:0.00M, Peak:0.00M | Scene, ViewLayer | Synchronizing object | Ear_Fold.R
Fra:1 Mem:24.52M (Peak 24.52M) | Time:00:00.65 | Mem:0.00M, Peak:0.00M | Scene, ViewLayer | Synchronizing object | Eye_White.L
Fra:1 Mem:24.52M (Peak 24.52M) | Time:00:00.65 | Mem:0.00M, Peak:0.00M | Scene, ViewLayer | Synchronizing object | Iris_hair.L
Fra:1 Mem:24.53M (Peak 24.53M) | Time:00:00.65 | Mem:0.00M, Peak:0.00M | Scene, ViewLayer | Synchronizing object | Iris_ink.L
Fra:1 Mem:24.54M (Peak 24.54M) | Time:00:00.65 | Mem:0.00M, Peak:0.00M | Scene, ViewLayer | Synchronizing object | Eye_Glint.L
Fra:1 Mem:24.54M (Peak 24.54M) | Time:00:00.65 | Mem:0.00M, Peak:0.00M | Scene, ViewLayer | Synchronizing object | Upper_Lid.L
Fra:1 Mem:24.56M (Peak 24.56M) | Time:00:00.65 | Mem:0.00M, Peak:0.00M | Scene, ViewLayer | Synchronizing object | Lower_Lid.L
Fra:1 Mem:24.56M (Peak 24.56M) | Time:00:00.65 | Mem:0.00M, Peak:0.00M | Scene, ViewLayer | Synchronizing object | Eyebrow.L
Fra:1 Mem:24.57M (Peak 24.57M) | Time:00:00.65 | Mem:0.00M, Peak:0.00M | Scene, ViewLayer | Synchronizing object | Eye_White.R
Fra:1 Mem:24.57M (Peak 24.57M) | Time:00:00.65 | Mem:0.00M, Peak:0.00M | Scene, ViewLayer | Synchronizing object | Iris_hair.R
Fra:1 Mem:24.58M (Peak 24.58M) | Time:00:00.65 | Mem:0.00M, Peak:0.00M | Scene, ViewLayer | Synchronizing object | Iris_ink.R
Fra:1 Mem:24.59M (Peak 24.59M) | Time:00:00.65 | Mem:0.00M, Peak:0.00M | Scene, ViewLayer | Synchronizing object | Eye_Glint.R
Fra:1 Mem:24.60M (Peak 24.60M) | Time:00:00.65 | Mem:0.00M, Peak:0.00M | Scene, ViewLayer | Synchronizing object | Upper_Lid.R
Fra:1 Mem:24.61M (Peak 24.61M) | Time:00:00.65 | Mem:0.00M, Peak:0.00M | Scene, ViewLayer | Synchronizing object | Lower_Lid.R
Fra:1 Mem:24.61M (Peak 24.61M) | Time:00:00.65 | Mem:0.00M, Peak:0.00M | Scene, ViewLayer | Synchronizing object | Eyebrow.R
Fra:1 Mem:24.62M (Peak 24.62M) | Time:00:00.65 | Mem:0.00M, Peak:0.00M | Scene, ViewLayer | Synchronizing object | Mouth
Fra:1 Mem:24.63M (Peak 24.63M) | Time:00:00.65 | Mem:0.00M, Peak:0.00M | Scene, ViewLayer | Synchronizing object | Hair_Cap
Fra:1 Mem:25.43M (Peak 25.43M) | Time:00:00.69 | Mem:0.00M, Peak:0.00M | Scene, ViewLayer | Synchronizing object | Hair_CrownBase
Fra:1 Mem:25.49M (Peak 25.49M) | Time:00:00.69 | Mem:0.00M, Peak:0.00M | Scene, ViewLayer | Synchronizing object | Review_Rim
Fra:1 Mem:25.52M (Peak 25.52M) | Time:00:00.69 | Mem:0.00M, Peak:0.00M | Scene, ViewLayer | Synchronizing object | Review_Fill
Fra:1 Mem:25.52M (Peak 25.52M) | Time:00:00.69 | Mem:0.00M, Peak:0.00M | Scene, ViewLayer | Synchronizing object | Review_Key
Fra:1 Mem:25.53M (Peak 25.53M) | Time:00:00.69 | Mem:0.00M, Peak:0.00M | Scene, ViewLayer | Synchronizing object | Review_Ground
Fra:1 Mem:25.52M (Peak 25.53M) | Time:00:00.69 | Mem:0.00M, Peak:0.00M | Scene, ViewLayer | Synchronizing object | Bangs_00
Fra:1 Mem:25.52M (Peak 25.53M) | Time:00:00.69 | Mem:0.00M, Peak:0.00M | Scene, ViewLayer | Synchronizing object | Drawing_Pen_0.16
Fra:1 Mem:25.54M (Peak 25.54M) | Time:00:00.69 | Mem:0.00M, Peak:0.00M | Scene, ViewLayer | Synchronizing object | Drawing_Pen_0.136
Fra:1 Mem:25.54M (Peak 25.54M) | Time:00:00.69 | Mem:0.00M, Peak:0.00M | Scene, ViewLayer | Synchronizing object | Bangs_01
Fra:1 Mem:25.54M (Peak 25.54M) | Time:00:00.69 | Mem:0.00M, Peak:0.00M | Scene, ViewLayer | Synchronizing object | Pen_Pouch
Fra:1 Mem:25.56M (Peak 25.56M) | Time:00:00.69 | Mem:0.00M, Peak:0.00M | Scene, ViewLayer | Synchronizing object | Hair_Clip_1
Fra:1 Mem:25.56M (Peak 25.56M) | Time:00:00.69 | Mem:0.00M, Peak:0.00M | Scene, ViewLayer | Synchronizing object | Bangs_02
Fra:1 Mem:25.57M (Peak 25.57M) | Time:00:00.69 | Mem:0.00M, Peak:0.00M | Scene, ViewLayer | Synchronizing object | Hair_Clip_0
Fra:1 Mem:25.58M (Peak 25.58M) | Time:00:00.69 | Mem:0.00M, Peak:0.00M | Scene, ViewLayer | Synchronizing object | Temple_0.R
Fra:1 Mem:25.59M (Peak 25.59M) | Time:00:00.69 | Mem:0.00M, Peak:0.00M | Scene, ViewLayer | Synchronizing object | Bangs_03
Fra:1 Mem:25.61M (Peak 25.61M) | Time:00:00.69 | Mem:0.00M, Peak:0.00M | Scene, ViewLayer | Synchronizing object | Temple_0.L
Fra:1 Mem:25.64M (Peak 25.64M) | Time:00:00.69 | Mem:0.00M, Peak:0.00M | Scene, ViewLayer | Initializing
Fra:1 Mem:21.34M (Peak 25.64M) | Time:00:00.69 | Mem:0.00M, Peak:0.00M | Scene, ViewLayer | Updating Images | Loading CHR002_GreyStudy_BaseColor
Fra:1 Mem:22.08M (Peak 29.36M) | Time:00:00.70 | Mem:4.00M, Peak:4.00M | Scene, ViewLayer | Waiting for render to start
Fra:1 Mem:22.08M (Peak 29.36M) | Time:00:00.70 | Mem:4.00M, Peak:4.00M | Scene, ViewLayer | Updating Scene
Fra:1 Mem:22.08M (Peak 29.36M) | Time:00:00.70 | Mem:4.00M, Peak:4.00M | Scene, ViewLayer | Updating Shaders
Fra:1 Mem:22.08M (Peak 29.36M) | Time:00:00.70 | Mem:4.00M, Peak:4.00M | Scene, ViewLayer | Loading render kernels (may take a few minutes the first time)
Fra:1 Mem:22.17M (Peak 29.36M) | Time:00:00.70 | Mem:4.00M, Peak:4.00M | Scene, ViewLayer | Updating Procedurals
Fra:1 Mem:22.17M (Peak 29.36M) | Time:00:00.70 | Mem:4.00M, Peak:4.00M | Scene, ViewLayer | Updating Background
Fra:1 Mem:22.17M (Peak 29.36M) | Time:00:00.70 | Mem:4.00M, Peak:4.00M | Scene, ViewLayer | Updating Camera
Fra:1 Mem:22.17M (Peak 29.36M) | Time:00:00.70 | Mem:4.00M, Peak:4.00M | Scene, ViewLayer | Updating Meshes Flags
Fra:1 Mem:22.17M (Peak 29.36M) | Time:00:00.70 | Mem:4.00M, Peak:4.00M | Scene, ViewLayer | Updating Objects
Fra:1 Mem:22.17M (Peak 29.36M) | Time:00:00.70 | Mem:4.00M, Peak:4.00M | Scene, ViewLayer | Updating Objects | Copying Transformations to device
Fra:1 Mem:22.19M (Peak 29.36M) | Time:00:00.70 | Mem:4.02M, Peak:4.02M | Scene, ViewLayer | Updating Particle Systems
Fra:1 Mem:22.19M (Peak 29.36M) | Time:00:00.70 | Mem:4.02M, Peak:4.02M | Scene, ViewLayer | Updating Particle Systems | Copying Particles to device
Fra:1 Mem:22.19M (Peak 29.36M) | Time:00:00.70 | Mem:4.02M, Peak:4.02M | Scene, ViewLayer | Updating Meshes
Fra:1 Mem:22.19M (Peak 29.36M) | Time:00:00.70 | Mem:4.02M, Peak:4.02M | Scene, ViewLayer | Updating Objects | Applying Static Transformations
Fra:1 Mem:22.19M (Peak 29.36M) | Time:00:00.70 | Mem:4.02M, Peak:4.02M | Scene, ViewLayer | Updating Mesh | Computing attributes
Fra:1 Mem:23.22M (Peak 29.36M) | Time:00:00.70 | Mem:4.03M, Peak:4.03M | Scene, ViewLayer | Updating Mesh | Copying Attributes to device
Fra:1 Mem:23.21M (Peak 29.36M) | Time:00:00.70 | Mem:5.05M, Peak:5.05M | Scene, ViewLayer | Updating Scene BVH | Building
Fra:1 Mem:23.21M (Peak 29.36M) | Time:00:00.70 | Mem:5.05M, Peak:5.05M | Scene, ViewLayer | Updating Scene BVH | Building BVH
Fra:1 Mem:23.21M (Peak 29.36M) | Time:00:00.70 | Mem:6.13M, Peak:6.13M | Scene, ViewLayer | Updating Scene BVH | Building BVH 0%
Fra:1 Mem:23.21M (Peak 29.36M) | Time:00:00.70 | Mem:7.31M, Peak:8.39M | Scene, ViewLayer | Updating Scene BVH | Copying BVH to device
Fra:1 Mem:23.21M (Peak 29.36M) | Time:00:00.70 | Mem:7.31M, Peak:8.39M | Scene, ViewLayer | Updating Mesh | Computing normals
Fra:1 Mem:24.17M (Peak 29.36M) | Time:00:00.70 | Mem:7.31M, Peak:8.39M | Scene, ViewLayer | Updating Mesh | Copying Mesh to device
Fra:1 Mem:24.17M (Peak 29.36M) | Time:00:00.70 | Mem:8.27M, Peak:8.39M | Scene, ViewLayer | Updating Objects Flags
Fra:1 Mem:24.17M (Peak 29.36M) | Time:00:00.70 | Mem:8.27M, Peak:8.39M | Scene, ViewLayer | Updating Primitive Offsets
Fra:1 Mem:24.17M (Peak 29.36M) | Time:00:00.70 | Mem:8.27M, Peak:8.39M | Scene, ViewLayer | Updating Images
Fra:1 Mem:24.17M (Peak 29.36M) | Time:00:00.70 | Mem:8.27M, Peak:8.39M | Scene, ViewLayer | Updating Camera Volume
Fra:1 Mem:24.17M (Peak 29.36M) | Time:00:00.70 | Mem:8.27M, Peak:8.39M | Scene, ViewLayer | Updating Lookup Tables
Fra:1 Mem:24.17M (Peak 29.36M) | Time:00:00.70 | Mem:8.35M, Peak:8.39M | Scene, ViewLayer | Updating Lights
Fra:1 Mem:24.17M (Peak 29.36M) | Time:00:00.70 | Mem:8.35M, Peak:8.39M | Scene, ViewLayer | Updating Lights | Computing tree
Fra:1 Mem:24.17M (Peak 29.36M) | Time:00:00.70 | Mem:8.35M, Peak:8.39M | Scene, ViewLayer | Updating Integrator
Fra:1 Mem:24.17M (Peak 29.36M) | Time:00:00.70 | Mem:8.35M, Peak:8.39M | Scene, ViewLayer | Updating Film
Fra:1 Mem:24.18M (Peak 29.36M) | Time:00:00.70 | Mem:8.27M, Peak:8.39M | Scene, ViewLayer | Updating Lookup Tables
Fra:1 Mem:24.18M (Peak 29.36M) | Time:00:00.70 | Mem:8.35M, Peak:8.39M | Scene, ViewLayer | Updating Baking
Fra:1 Mem:24.18M (Peak 29.36M) | Time:00:00.70 | Mem:8.35M, Peak:8.39M | Scene, ViewLayer | Updating Device | Writing constant memory
Fra:1 Mem:24.18M (Peak 29.36M) | Time:00:00.70 | Mem:8.35M, Peak:8.39M | Scene, ViewLayer | Loading denoising kernels (may take a few minutes the first time)
Fra:1 Mem:24.18M (Peak 29.36M) | Time:00:00.70 | Mem:8.35M, Peak:8.39M | Scene, ViewLayer | Sample 0/24
Fra:1 Mem:74.30M (Peak 74.30M) | Time:00:01.34 | Remaining:00:14.73 | Mem:58.46M, Peak:58.46M | Scene, ViewLayer | Sample 1/24
Fra:1 Mem:95.40M (Peak 127.04M) | Time:00:26.71 | Mem:58.46M, Peak:58.46M | Scene, ViewLayer | Sample 24/24
Fra:1 Mem:95.40M (Peak 127.04M) | Time:00:26.71 | Mem:58.46M, Peak:58.46M | Scene, ViewLayer | Finished
Saved: '/home/lzzz/MyProjects/N-SIDE/output/characters/CHR-002/ling-model-r1/first/body-back.png'
Time: 00:26.79 (Saving: 00:00.08)

Fra:1 Mem:20.67M (Peak 20.67M) | Time:00:00.05 | Mem:0.00M, Peak:0.00M | Scene, ViewLayer | Synchronizing object | TShirt
Fra:1 Mem:20.82M (Peak 20.82M) | Time:00:00.06 | Mem:0.00M, Peak:0.00M | Scene, ViewLayer | Synchronizing object | TShirt_Collar
Fra:1 Mem:20.84M (Peak 20.84M) | Time:00:00.06 | Mem:0.00M, Peak:0.00M | Scene, ViewLayer | Synchronizing object | Sleeve_Cuff.L
Fra:1 Mem:20.85M (Peak 20.85M) | Time:00:00.06 | Mem:0.00M, Peak:0.00M | Scene, ViewLayer | Synchronizing object | Zip_Tape.L
Fra:1 Mem:20.89M (Peak 20.89M) | Time:00:00.08 | Mem:0.00M, Peak:0.00M | Scene, ViewLayer | Synchronizing object | Palm.L
Fra:1 Mem:20.94M (Peak 20.94M) | Time:00:00.08 | Mem:0.00M, Peak:0.00M | Scene, ViewLayer | Synchronizing object | Index_Mesh.L
Fra:1 Mem:20.94M (Peak 20.94M) | Time:00:00.08 | Mem:0.00M, Peak:0.00M | Scene, ViewLayer | Synchronizing object | Middle_Mesh.L
Fra:1 Mem:20.95M (Peak 20.95M) | Time:00:00.08 | Mem:0.00M, Peak:0.00M | Scene, ViewLayer | Synchronizing object | Ring_Mesh.L
Fra:1 Mem:20.95M (Peak 20.95M) | Time:00:00.08 | Mem:0.00M, Peak:0.00M | Scene, ViewLayer | Synchronizing object | Pinky_Mesh.L
Fra:1 Mem:20.96M (Peak 20.96M) | Time:00:00.08 | Mem:0.00M, Peak:0.00M | Scene, ViewLayer | Synchronizing object | Thumb_Mesh.L
Fra:1 Mem:21.04M (Peak 21.04M) | Time:00:00.15 | Mem:0.00M, Peak:0.00M | Scene, ViewLayer | Synchronizing object | Leg.L
Fra:1 Mem:21.21M (Peak 21.21M) | Time:00:00.22 | Mem:0.00M, Peak:0.00M | Scene, ViewLayer | Synchronizing object | Shorts.L
Fra:1 Mem:21.30M (Peak 21.30M) | Time:00:00.22 | Mem:0.00M, Peak:0.00M | Scene, ViewLayer | Synchronizing object | Shorts_Hem.L
Fra:1 Mem:21.30M (Peak 21.30M) | Time:00:00.22 | Mem:0.00M, Peak:0.00M | Scene, ViewLayer | Synchronizing object | Sneaker_Sole.L
Fra:1 Mem:21.32M (Peak 21.32M) | Time:00:00.22 | Mem:0.00M, Peak:0.00M | Scene, ViewLayer | Synchronizing object | Sneaker_Upper.L
Fra:1 Mem:21.34M (Peak 21.34M) | Time:00:00.22 | Mem:0.00M, Peak:0.00M | Scene, ViewLayer | Synchronizing object | Sock.L
Fra:1 Mem:21.35M (Peak 21.35M) | Time:00:00.22 | Mem:0.00M, Peak:0.00M | Scene, ViewLayer | Synchronizing object | Lace_0.L
Fra:1 Mem:21.35M (Peak 21.35M) | Time:00:00.22 | Mem:0.00M, Peak:0.00M | Scene, ViewLayer | Synchronizing object | Lace_1.L
Fra:1 Mem:21.36M (Peak 21.36M) | Time:00:00.22 | Mem:0.00M, Peak:0.00M | Scene, ViewLayer | Synchronizing object | Lace_2.L
Fra:1 Mem:21.36M (Peak 21.36M) | Time:00:00.22 | Mem:0.00M, Peak:0.00M | Scene, ViewLayer | Synchronizing object | Heel_Tab.L
Fra:1 Mem:21.36M (Peak 21.36M) | Time:00:00.22 | Mem:0.00M, Peak:0.00M | Scene, ViewLayer | Synchronizing object | Sleeve_Cuff.R
Fra:1 Mem:21.37M (Peak 21.37M) | Time:00:00.22 | Mem:0.00M, Peak:0.00M | Scene, ViewLayer | Synchronizing object | Zip_Tape.R
Fra:1 Mem:21.41M (Peak 21.41M) | Time:00:00.24 | Mem:0.00M, Peak:0.00M | Scene, ViewLayer | Synchronizing object | Palm.R
Fra:1 Mem:21.45M (Peak 21.45M) | Time:00:00.24 | Mem:0.00M, Peak:0.00M | Scene, ViewLayer | Synchronizing object | Index_Mesh.R
Fra:1 Mem:21.46M (Peak 21.46M) | Time:00:00.24 | Mem:0.00M, Peak:0.00M | Scene, ViewLayer | Synchronizing object | Middle_Mesh.R
Fra:1 Mem:21.47M (Peak 21.47M) | Time:00:00.24 | Mem:0.00M, Peak:0.00M | Scene, ViewLayer | Synchronizing object | Ring_Mesh.R
Fra:1 Mem:21.47M (Peak 21.47M) | Time:00:00.24 | Mem:0.00M, Peak:0.00M | Scene, ViewLayer | Synchronizing object | Pinky_Mesh.R
Fra:1 Mem:21.48M (Peak 21.48M) | Time:00:00.24 | Mem:0.00M, Peak:0.00M | Scene, ViewLayer | Synchronizing object | Thumb_Mesh.R
Fra:1 Mem:21.56M (Peak 21.56M) | Time:00:00.30 | Mem:0.00M, Peak:0.00M | Scene, ViewLayer | Synchronizing object | Leg.R
Fra:1 Mem:21.73M (Peak 21.73M) | Time:00:00.37 | Mem:0.00M, Peak:0.00M | Scene, ViewLayer | Synchronizing object | Shorts.R
Fra:1 Mem:21.83M (Peak 21.83M) | Time:00:00.37 | Mem:0.00M, Peak:0.00M | Scene, ViewLayer | Synchronizing object | Shorts_Hem.R
Fra:1 Mem:21.84M (Peak 21.84M) | Time:00:00.37 | Mem:0.00M, Peak:0.00M | Scene, ViewLayer | Synchronizing object | Sneaker_Sole.R
Fra:1 Mem:21.86M (Peak 21.86M) | Time:00:00.37 | Mem:0.00M, Peak:0.00M | Scene, ViewLayer | Synchronizing object | Sneaker_Upper.R
Fra:1 Mem:21.88M (Peak 21.88M) | Time:00:00.37 | Mem:0.00M, Peak:0.00M | Scene, ViewLayer | Synchronizing object | Sock.R
Fra:1 Mem:21.89M (Peak 21.89M) | Time:00:00.37 | Mem:0.00M, Peak:0.00M | Scene, ViewLayer | Synchronizing object | Lace_0.R
Fra:1 Mem:21.89M (Peak 21.89M) | Time:00:00.37 | Mem:0.00M, Peak:0.00M | Scene, ViewLayer | Synchronizing object | Lace_1.R
Fra:1 Mem:21.89M (Peak 21.89M) | Time:00:00.37 | Mem:0.00M, Peak:0.00M | Scene, ViewLayer | Synchronizing object | Lace_2.R
Fra:1 Mem:21.89M (Peak 21.89M) | Time:00:00.37 | Mem:0.00M, Peak:0.00M | Scene, ViewLayer | Synchronizing object | Heel_Tab.R
Fra:1 Mem:22.45M (Peak 22.45M) | Time:00:00.44 | Mem:0.00M, Peak:0.00M | Scene, ViewLayer | Synchronizing object | Jacket_ContinuousShoulders
Fra:1 Mem:23.68M (Peak 23.68M) | Time:00:01.28 | Mem:0.00M, Peak:0.00M | Scene, ViewLayer | Synchronizing object | Face_Head
Fra:1 Mem:24.34M (Peak 24.34M) | Time:00:01.30 | Mem:0.00M, Peak:0.00M | Scene, ViewLayer | Synchronizing object | Ear.L
Fra:1 Mem:24.40M (Peak 24.40M) | Time:00:01.30 | Mem:0.00M, Peak:0.00M | Scene, ViewLayer | Synchronizing object | Ear_Fold.L
Fra:1 Mem:24.46M (Peak 24.46M) | Time:00:01.33 | Mem:0.00M, Peak:0.00M | Scene, ViewLayer | Synchronizing object | Ear.R
Fra:1 Mem:24.51M (Peak 24.51M) | Time:00:01.33 | Mem:0.00M, Peak:0.00M | Scene, ViewLayer | Synchronizing object | Ear_Fold.R
Fra:1 Mem:24.52M (Peak 24.52M) | Time:00:01.33 | Mem:0.00M, Peak:0.00M | Scene, ViewLayer | Synchronizing object | Eye_White.L
Fra:1 Mem:24.52M (Peak 24.52M) | Time:00:01.33 | Mem:0.00M, Peak:0.00M | Scene, ViewLayer | Synchronizing object | Iris_hair.L
Fra:1 Mem:24.53M (Peak 24.53M) | Time:00:01.33 | Mem:0.00M, Peak:0.00M | Scene, ViewLayer | Synchronizing object | Iris_ink.L
Fra:1 Mem:24.54M (Peak 24.54M) | Time:00:01.33 | Mem:0.00M, Peak:0.00M | Scene, ViewLayer | Synchronizing object | Eye_Glint.L
Fra:1 Mem:24.55M (Peak 24.55M) | Time:00:01.33 | Mem:0.00M, Peak:0.00M | Scene, ViewLayer | Synchronizing object | Upper_Lid.L
Fra:1 Mem:24.56M (Peak 24.56M) | Time:00:01.33 | Mem:0.00M, Peak:0.00M | Scene, ViewLayer | Synchronizing object | Lower_Lid.L
Fra:1 Mem:24.56M (Peak 24.56M) | Time:00:01.33 | Mem:0.00M, Peak:0.00M | Scene, ViewLayer | Synchronizing object | Eyebrow.L
Fra:1 Mem:24.57M (Peak 24.57M) | Time:00:01.33 | Mem:0.00M, Peak:0.00M | Scene, ViewLayer | Synchronizing object | Eye_White.R
Fra:1 Mem:24.58M (Peak 24.58M) | Time:00:01.33 | Mem:0.00M, Peak:0.00M | Scene, ViewLayer | Synchronizing object | Iris_hair.R
Fra:1 Mem:24.58M (Peak 24.58M) | Time:00:01.33 | Mem:0.00M, Peak:0.00M | Scene, ViewLayer | Synchronizing object | Iris_ink.R
Fra:1 Mem:24.59M (Peak 24.59M) | Time:00:01.33 | Mem:0.00M, Peak:0.00M | Scene, ViewLayer | Synchronizing object | Eye_Glint.R
Fra:1 Mem:24.60M (Peak 24.60M) | Time:00:01.33 | Mem:0.00M, Peak:0.00M | Scene, ViewLayer | Synchronizing object | Upper_Lid.R
Fra:1 Mem:24.61M (Peak 24.61M) | Time:00:01.33 | Mem:0.00M, Peak:0.00M | Scene, ViewLayer | Synchronizing object | Lower_Lid.R
Fra:1 Mem:24.62M (Peak 24.62M) | Time:00:01.33 | Mem:0.00M, Peak:0.00M | Scene, ViewLayer | Synchronizing object | Eyebrow.R
Fra:1 Mem:24.62M (Peak 24.62M) | Time:00:01.33 | Mem:0.00M, Peak:0.00M | Scene, ViewLayer | Synchronizing object | Mouth
Fra:1 Mem:24.63M (Peak 24.63M) | Time:00:01.33 | Mem:0.00M, Peak:0.00M | Scene, ViewLayer | Synchronizing object | Hair_Cap
Fra:1 Mem:25.43M (Peak 25.43M) | Time:00:01.40 | Mem:0.00M, Peak:0.00M | Scene, ViewLayer | Synchronizing object | Hair_CrownBase
Fra:1 Mem:25.49M (Peak 25.49M) | Time:00:01.40 | Mem:0.00M, Peak:0.00M | Scene, ViewLayer | Synchronizing object | Review_Rim
Fra:1 Mem:25.49M (Peak 25.49M) | Time:00:01.40 | Mem:0.00M, Peak:0.00M | Scene, ViewLayer | Synchronizing object | Review_Fill
Fra:1 Mem:25.49M (Peak 25.49M) | Time:00:01.40 | Mem:0.00M, Peak:0.00M | Scene, ViewLayer | Synchronizing object | Review_Key
Fra:1 Mem:25.50M (Peak 25.50M) | Time:00:01.40 | Mem:0.00M, Peak:0.00M | Scene, ViewLayer | Synchronizing object | Review_Ground
Fra:1 Mem:25.52M (Peak 25.52M) | Time:00:01.40 | Mem:0.00M, Peak:0.00M | Scene, ViewLayer | Synchronizing object | Drawing_Pen_0.16
Fra:1 Mem:25.54M (Peak 25.54M) | Time:00:01.40 | Mem:0.00M, Peak:0.00M | Scene, ViewLayer | Synchronizing object | Drawing_Pen_0.136
Fra:1 Mem:25.52M (Peak 25.54M) | Time:00:01.40 | Mem:0.00M, Peak:0.00M | Scene, ViewLayer | Synchronizing object | Bangs_00
Fra:1 Mem:25.53M (Peak 25.54M) | Time:00:01.40 | Mem:0.00M, Peak:0.00M | Scene, ViewLayer | Synchronizing object | Pen_Pouch
Fra:1 Mem:25.55M (Peak 25.55M) | Time:00:01.40 | Mem:0.00M, Peak:0.00M | Scene, ViewLayer | Synchronizing object | Hair_Clip_1
Fra:1 Mem:25.55M (Peak 25.55M) | Time:00:01.40 | Mem:0.00M, Peak:0.00M | Scene, ViewLayer | Synchronizing object | Bangs_01
Fra:1 Mem:25.55M (Peak 25.55M) | Time:00:01.40 | Mem:0.00M, Peak:0.00M | Scene, ViewLayer | Synchronizing object | Hair_Clip_0
Fra:1 Mem:25.56M (Peak 25.56M) | Time:00:01.40 | Mem:0.00M, Peak:0.00M | Scene, ViewLayer | Synchronizing object | Temple_0.R
Fra:1 Mem:25.58M (Peak 25.58M) | Time:00:01.40 | Mem:0.00M, Peak:0.00M | Scene, ViewLayer | Synchronizing object | Bangs_02
Fra:1 Mem:25.60M (Peak 25.60M) | Time:00:01.40 | Mem:0.00M, Peak:0.00M | Scene, ViewLayer | Synchronizing object | Temple_0.L
Fra:1 Mem:25.61M (Peak 25.61M) | Time:00:01.40 | Mem:0.00M, Peak:0.00M | Scene, ViewLayer | Synchronizing object | Bangs_03
Fra:1 Mem:25.64M (Peak 25.64M) | Time:00:01.40 | Mem:0.00M, Peak:0.00M | Scene, ViewLayer | Initializing
Fra:1 Mem:21.35M (Peak 25.64M) | Time:00:01.40 | Mem:0.00M, Peak:0.00M | Scene, ViewLayer | Updating Images | Loading CHR002_GreyStudy_BaseColor
Fra:1 Mem:22.08M (Peak 29.36M) | Time:00:01.42 | Mem:4.00M, Peak:4.00M | Scene, ViewLayer | Waiting for render to start
Fra:1 Mem:22.08M (Peak 29.36M) | Time:00:01.42 | Mem:4.00M, Peak:4.00M | Scene, ViewLayer | Updating Scene
Fra:1 Mem:22.08M (Peak 29.36M) | Time:00:01.42 | Mem:4.00M, Peak:4.00M | Scene, ViewLayer | Updating Shaders
Fra:1 Mem:22.08M (Peak 29.36M) | Time:00:01.42 | Mem:4.00M, Peak:4.00M | Scene, ViewLayer | Loading render kernels (may take a few minutes the first time)
Fra:1 Mem:22.17M (Peak 29.36M) | Time:00:01.42 | Mem:4.00M, Peak:4.00M | Scene, ViewLayer | Updating Procedurals
Fra:1 Mem:22.17M (Peak 29.36M) | Time:00:01.42 | Mem:4.00M, Peak:4.00M | Scene, ViewLayer | Updating Background
Fra:1 Mem:22.17M (Peak 29.36M) | Time:00:01.42 | Mem:4.00M, Peak:4.00M | Scene, ViewLayer | Updating Camera
Fra:1 Mem:22.17M (Peak 29.36M) | Time:00:01.42 | Mem:4.00M, Peak:4.00M | Scene, ViewLayer | Updating Meshes Flags
Fra:1 Mem:22.17M (Peak 29.36M) | Time:00:01.42 | Mem:4.00M, Peak:4.00M | Scene, ViewLayer | Updating Objects
Fra:1 Mem:22.17M (Peak 29.36M) | Time:00:01.42 | Mem:4.00M, Peak:4.00M | Scene, ViewLayer | Updating Objects | Copying Transformations to device
Fra:1 Mem:22.19M (Peak 29.36M) | Time:00:01.42 | Mem:4.02M, Peak:4.02M | Scene, ViewLayer | Updating Particle Systems
Fra:1 Mem:22.19M (Peak 29.36M) | Time:00:01.42 | Mem:4.02M, Peak:4.02M | Scene, ViewLayer | Updating Particle Systems | Copying Particles to device
Fra:1 Mem:22.19M (Peak 29.36M) | Time:00:01.42 | Mem:4.02M, Peak:4.02M | Scene, ViewLayer | Updating Meshes
Fra:1 Mem:22.19M (Peak 29.36M) | Time:00:01.42 | Mem:4.02M, Peak:4.02M | Scene, ViewLayer | Updating Objects | Applying Static Transformations
Fra:1 Mem:22.19M (Peak 29.36M) | Time:00:01.42 | Mem:4.02M, Peak:4.02M | Scene, ViewLayer | Updating Mesh | Computing attributes
Fra:1 Mem:23.22M (Peak 29.36M) | Time:00:01.42 | Mem:4.03M, Peak:4.03M | Scene, ViewLayer | Updating Mesh | Copying Attributes to device
Fra:1 Mem:23.21M (Peak 29.36M) | Time:00:01.42 | Mem:5.05M, Peak:5.05M | Scene, ViewLayer | Updating Scene BVH | Building
Fra:1 Mem:23.21M (Peak 29.36M) | Time:00:01.42 | Mem:5.05M, Peak:5.05M | Scene, ViewLayer | Updating Scene BVH | Building BVH
Fra:1 Mem:23.21M (Peak 29.36M) | Time:00:01.42 | Mem:6.13M, Peak:6.13M | Scene, ViewLayer | Updating Scene BVH | Building BVH 0%
Fra:1 Mem:23.21M (Peak 29.36M) | Time:00:01.44 | Mem:7.31M, Peak:8.39M | Scene, ViewLayer | Updating Scene BVH | Copying BVH to device
Fra:1 Mem:23.21M (Peak 29.36M) | Time:00:01.44 | Mem:7.31M, Peak:8.39M | Scene, ViewLayer | Updating Mesh | Computing normals
Fra:1 Mem:24.17M (Peak 29.36M) | Time:00:01.44 | Mem:7.31M, Peak:8.39M | Scene, ViewLayer | Updating Mesh | Copying Mesh to device
Fra:1 Mem:24.17M (Peak 29.36M) | Time:00:01.44 | Mem:8.27M, Peak:8.39M | Scene, ViewLayer | Updating Objects Flags
Fra:1 Mem:24.17M (Peak 29.36M) | Time:00:01.44 | Mem:8.27M, Peak:8.39M | Scene, ViewLayer | Updating Primitive Offsets
Fra:1 Mem:24.17M (Peak 29.36M) | Time:00:01.44 | Mem:8.27M, Peak:8.39M | Scene, ViewLayer | Updating Images
Fra:1 Mem:24.17M (Peak 29.36M) | Time:00:01.44 | Mem:8.27M, Peak:8.39M | Scene, ViewLayer | Updating Camera Volume
Fra:1 Mem:24.17M (Peak 29.36M) | Time:00:01.44 | Mem:8.27M, Peak:8.39M | Scene, ViewLayer | Updating Lookup Tables
Fra:1 Mem:24.17M (Peak 29.36M) | Time:00:01.44 | Mem:8.35M, Peak:8.39M | Scene, ViewLayer | Updating Lights
Fra:1 Mem:24.17M (Peak 29.36M) | Time:00:01.44 | Mem:8.35M, Peak:8.39M | Scene, ViewLayer | Updating Lights | Computing tree
Fra:1 Mem:24.17M (Peak 29.36M) | Time:00:01.44 | Mem:8.35M, Peak:8.39M | Scene, ViewLayer | Updating Integrator
Fra:1 Mem:24.17M (Peak 29.36M) | Time:00:01.44 | Mem:8.35M, Peak:8.39M | Scene, ViewLayer | Updating Film
Fra:1 Mem:24.18M (Peak 29.36M) | Time:00:01.44 | Mem:8.27M, Peak:8.39M | Scene, ViewLayer | Updating Lookup Tables
Fra:1 Mem:24.18M (Peak 29.36M) | Time:00:01.44 | Mem:8.35M, Peak:8.39M | Scene, ViewLayer | Updating Baking
Fra:1 Mem:24.18M (Peak 29.36M) | Time:00:01.44 | Mem:8.35M, Peak:8.39M | Scene, ViewLayer | Updating Device | Writing constant memory
Fra:1 Mem:24.18M (Peak 29.36M) | Time:00:01.44 | Mem:8.35M, Peak:8.39M | Scene, ViewLayer | Loading denoising kernels (may take a few minutes the first time)
Fra:1 Mem:24.18M (Peak 29.36M) | Time:00:01.44 | Mem:8.35M, Peak:8.39M | Scene, ViewLayer | Sample 0/24
Fra:1 Mem:74.30M (Peak 74.30M) | Time:00:02.66 | Remaining:00:28.09 | Mem:58.46M, Peak:58.46M | Scene, ViewLayer | Sample 1/24
Fra:1 Mem:95.40M (Peak 127.04M) | Time:00:29.08 | Mem:58.46M, Peak:58.46M | Scene, ViewLayer | Sample 24/24
Fra:1 Mem:95.40M (Peak 127.04M) | Time:00:29.08 | Mem:58.46M, Peak:58.46M | Scene, ViewLayer | Finished
Saved: '/home/lzzz/MyProjects/N-SIDE/output/characters/CHR-002/ling-model-r1/first/face-front.png'
Time: 00:29.15 (Saving: 00:00.05)

Fra:1 Mem:20.67M (Peak 20.67M) | Time:00:00.04 | Mem:0.00M, Peak:0.00M | Scene, ViewLayer | Synchronizing object | TShirt
Fra:1 Mem:20.82M (Peak 20.82M) | Time:00:00.04 | Mem:0.00M, Peak:0.00M | Scene, ViewLayer | Synchronizing object | TShirt_Collar
Fra:1 Mem:20.84M (Peak 20.84M) | Time:00:00.04 | Mem:0.00M, Peak:0.00M | Scene, ViewLayer | Synchronizing object | Sleeve_Cuff.L
Fra:1 Mem:20.85M (Peak 20.85M) | Time:00:00.04 | Mem:0.00M, Peak:0.00M | Scene, ViewLayer | Synchronizing object | Zip_Tape.L
Fra:1 Mem:20.89M (Peak 20.89M) | Time:00:00.05 | Mem:0.00M, Peak:0.00M | Scene, ViewLayer | Synchronizing object | Palm.L
Fra:1 Mem:20.94M (Peak 20.94M) | Time:00:00.05 | Mem:0.00M, Peak:0.00M | Scene, ViewLayer | Synchronizing object | Index_Mesh.L
Fra:1 Mem:20.94M (Peak 20.94M) | Time:00:00.05 | Mem:0.00M, Peak:0.00M | Scene, ViewLayer | Synchronizing object | Middle_Mesh.L
Fra:1 Mem:20.95M (Peak 20.95M) | Time:00:00.05 | Mem:0.00M, Peak:0.00M | Scene, ViewLayer | Synchronizing object | Ring_Mesh.L
Fra:1 Mem:20.95M (Peak 20.95M) | Time:00:00.05 | Mem:0.00M, Peak:0.00M | Scene, ViewLayer | Synchronizing object | Pinky_Mesh.L
Fra:1 Mem:20.96M (Peak 20.96M) | Time:00:00.05 | Mem:0.00M, Peak:0.00M | Scene, ViewLayer | Synchronizing object | Thumb_Mesh.L
Fra:1 Mem:21.04M (Peak 21.04M) | Time:00:00.09 | Mem:0.00M, Peak:0.00M | Scene, ViewLayer | Synchronizing object | Leg.L
Fra:1 Mem:21.21M (Peak 21.21M) | Time:00:00.12 | Mem:0.00M, Peak:0.00M | Scene, ViewLayer | Synchronizing object | Shorts.L
Fra:1 Mem:21.30M (Peak 21.30M) | Time:00:00.12 | Mem:0.00M, Peak:0.00M | Scene, ViewLayer | Synchronizing object | Shorts_Hem.L
Fra:1 Mem:21.30M (Peak 21.30M) | Time:00:00.12 | Mem:0.00M, Peak:0.00M | Scene, ViewLayer | Synchronizing object | Sneaker_Sole.L
Fra:1 Mem:21.33M (Peak 21.33M) | Time:00:00.12 | Mem:0.00M, Peak:0.00M | Scene, ViewLayer | Synchronizing object | Sneaker_Upper.L
Fra:1 Mem:21.34M (Peak 21.34M) | Time:00:00.12 | Mem:0.00M, Peak:0.00M | Scene, ViewLayer | Synchronizing object | Sock.L
Fra:1 Mem:21.35M (Peak 21.35M) | Time:00:00.12 | Mem:0.00M, Peak:0.00M | Scene, ViewLayer | Synchronizing object | Lace_0.L
Fra:1 Mem:21.35M (Peak 21.35M) | Time:00:00.12 | Mem:0.00M, Peak:0.00M | Scene, ViewLayer | Synchronizing object | Lace_1.L
Fra:1 Mem:21.36M (Peak 21.36M) | Time:00:00.12 | Mem:0.00M, Peak:0.00M | Scene, ViewLayer | Synchronizing object | Lace_2.L
Fra:1 Mem:21.36M (Peak 21.36M) | Time:00:00.12 | Mem:0.00M, Peak:0.00M | Scene, ViewLayer | Synchronizing object | Heel_Tab.L
Fra:1 Mem:21.36M (Peak 21.36M) | Time:00:00.12 | Mem:0.00M, Peak:0.00M | Scene, ViewLayer | Synchronizing object | Sleeve_Cuff.R
Fra:1 Mem:21.37M (Peak 21.37M) | Time:00:00.12 | Mem:0.00M, Peak:0.00M | Scene, ViewLayer | Synchronizing object | Zip_Tape.R
Fra:1 Mem:21.41M (Peak 21.41M) | Time:00:00.13 | Mem:0.00M, Peak:0.00M | Scene, ViewLayer | Synchronizing object | Palm.R
Fra:1 Mem:21.45M (Peak 21.45M) | Time:00:00.13 | Mem:0.00M, Peak:0.00M | Scene, ViewLayer | Synchronizing object | Index_Mesh.R
Fra:1 Mem:21.46M (Peak 21.46M) | Time:00:00.13 | Mem:0.00M, Peak:0.00M | Scene, ViewLayer | Synchronizing object | Middle_Mesh.R
Fra:1 Mem:21.47M (Peak 21.47M) | Time:00:00.13 | Mem:0.00M, Peak:0.00M | Scene, ViewLayer | Synchronizing object | Ring_Mesh.R
Fra:1 Mem:21.47M (Peak 21.47M) | Time:00:00.13 | Mem:0.00M, Peak:0.00M | Scene, ViewLayer | Synchronizing object | Pinky_Mesh.R
Fra:1 Mem:21.48M (Peak 21.48M) | Time:00:00.13 | Mem:0.00M, Peak:0.00M | Scene, ViewLayer | Synchronizing object | Thumb_Mesh.R
Fra:1 Mem:21.56M (Peak 21.56M) | Time:00:00.16 | Mem:0.00M, Peak:0.00M | Scene, ViewLayer | Synchronizing object | Leg.R
Fra:1 Mem:21.73M (Peak 21.73M) | Time:00:00.19 | Mem:0.00M, Peak:0.00M | Scene, ViewLayer | Synchronizing object | Shorts.R
Fra:1 Mem:21.83M (Peak 21.83M) | Time:00:00.20 | Mem:0.00M, Peak:0.00M | Scene, ViewLayer | Synchronizing object | Shorts_Hem.R
Fra:1 Mem:21.84M (Peak 21.84M) | Time:00:00.20 | Mem:0.00M, Peak:0.00M | Scene, ViewLayer | Synchronizing object | Sneaker_Sole.R
Fra:1 Mem:21.86M (Peak 21.86M) | Time:00:00.20 | Mem:0.00M, Peak:0.00M | Scene, ViewLayer | Synchronizing object | Sneaker_Upper.R
Fra:1 Mem:21.88M (Peak 21.88M) | Time:00:00.20 | Mem:0.00M, Peak:0.00M | Scene, ViewLayer | Synchronizing object | Sock.R
Fra:1 Mem:21.89M (Peak 21.89M) | Time:00:00.20 | Mem:0.00M, Peak:0.00M | Scene, ViewLayer | Synchronizing object | Lace_0.R
Fra:1 Mem:21.89M (Peak 21.89M) | Time:00:00.20 | Mem:0.00M, Peak:0.00M | Scene, ViewLayer | Synchronizing object | Lace_1.R
Fra:1 Mem:21.89M (Peak 21.89M) | Time:00:00.20 | Mem:0.00M, Peak:0.00M | Scene, ViewLayer | Synchronizing object | Lace_2.R
Fra:1 Mem:21.89M (Peak 21.89M) | Time:00:00.20 | Mem:0.00M, Peak:0.00M | Scene, ViewLayer | Synchronizing object | Heel_Tab.R
Fra:1 Mem:22.45M (Peak 22.45M) | Time:00:00.23 | Mem:0.00M, Peak:0.00M | Scene, ViewLayer | Synchronizing object | Jacket_ContinuousShoulders
Fra:1 Mem:23.68M (Peak 23.68M) | Time:00:00.64 | Mem:0.00M, Peak:0.00M | Scene, ViewLayer | Synchronizing object | Face_Head
Fra:1 Mem:24.34M (Peak 24.34M) | Time:00:00.65 | Mem:0.00M, Peak:0.00M | Scene, ViewLayer | Synchronizing object | Ear.L
Fra:1 Mem:24.40M (Peak 24.40M) | Time:00:00.65 | Mem:0.00M, Peak:0.00M | Scene, ViewLayer | Synchronizing object | Ear_Fold.L
Fra:1 Mem:24.45M (Peak 24.45M) | Time:00:00.66 | Mem:0.00M, Peak:0.00M | Scene, ViewLayer | Synchronizing object | Ear.R
Fra:1 Mem:24.51M (Peak 24.51M) | Time:00:00.66 | Mem:0.00M, Peak:0.00M | Scene, ViewLayer | Synchronizing object | Ear_Fold.R
Fra:1 Mem:24.51M (Peak 24.51M) | Time:00:00.66 | Mem:0.00M, Peak:0.00M | Scene, ViewLayer | Synchronizing object | Eye_White.L
Fra:1 Mem:24.52M (Peak 24.52M) | Time:00:00.66 | Mem:0.00M, Peak:0.00M | Scene, ViewLayer | Synchronizing object | Iris_hair.L
Fra:1 Mem:24.53M (Peak 24.53M) | Time:00:00.66 | Mem:0.00M, Peak:0.00M | Scene, ViewLayer | Synchronizing object | Iris_ink.L
Fra:1 Mem:24.54M (Peak 24.54M) | Time:00:00.66 | Mem:0.00M, Peak:0.00M | Scene, ViewLayer | Synchronizing object | Eye_Glint.L
Fra:1 Mem:24.55M (Peak 24.55M) | Time:00:00.66 | Mem:0.00M, Peak:0.00M | Scene, ViewLayer | Synchronizing object | Upper_Lid.L
Fra:1 Mem:24.56M (Peak 24.56M) | Time:00:00.66 | Mem:0.00M, Peak:0.00M | Scene, ViewLayer | Synchronizing object | Lower_Lid.L
Fra:1 Mem:24.56M (Peak 24.56M) | Time:00:00.66 | Mem:0.00M, Peak:0.00M | Scene, ViewLayer | Synchronizing object | Eyebrow.L
Fra:1 Mem:24.57M (Peak 24.57M) | Time:00:00.66 | Mem:0.00M, Peak:0.00M | Scene, ViewLayer | Synchronizing object | Eye_White.R
Fra:1 Mem:24.57M (Peak 24.57M) | Time:00:00.66 | Mem:0.00M, Peak:0.00M | Scene, ViewLayer | Synchronizing object | Iris_hair.R
Fra:1 Mem:24.58M (Peak 24.58M) | Time:00:00.66 | Mem:0.00M, Peak:0.00M | Scene, ViewLayer | Synchronizing object | Iris_ink.R
Fra:1 Mem:24.59M (Peak 24.59M) | Time:00:00.66 | Mem:0.00M, Peak:0.00M | Scene, ViewLayer | Synchronizing object | Eye_Glint.R
Fra:1 Mem:24.60M (Peak 24.60M) | Time:00:00.66 | Mem:0.00M, Peak:0.00M | Scene, ViewLayer | Synchronizing object | Upper_Lid.R
Fra:1 Mem:24.61M (Peak 24.61M) | Time:00:00.66 | Mem:0.00M, Peak:0.00M | Scene, ViewLayer | Synchronizing object | Lower_Lid.R
Fra:1 Mem:24.61M (Peak 24.61M) | Time:00:00.66 | Mem:0.00M, Peak:0.00M | Scene, ViewLayer | Synchronizing object | Eyebrow.R
Fra:1 Mem:24.62M (Peak 24.62M) | Time:00:00.66 | Mem:0.00M, Peak:0.00M | Scene, ViewLayer | Synchronizing object | Mouth
Fra:1 Mem:24.63M (Peak 24.63M) | Time:00:00.66 | Mem:0.00M, Peak:0.00M | Scene, ViewLayer | Synchronizing object | Hair_Cap
Fra:1 Mem:25.43M (Peak 25.43M) | Time:00:00.70 | Mem:0.00M, Peak:0.00M | Scene, ViewLayer | Synchronizing object | Hair_CrownBase
Fra:1 Mem:25.52M (Peak 25.52M) | Time:00:00.70 | Mem:0.00M, Peak:0.00M | Scene, ViewLayer | Synchronizing object | Bangs_00
Fra:1 Mem:25.53M (Peak 25.53M) | Time:00:00.70 | Mem:0.00M, Peak:0.00M | Scene, ViewLayer | Synchronizing object | Review_Rim
Fra:1 Mem:25.54M (Peak 25.54M) | Time:00:00.70 | Mem:0.00M, Peak:0.00M | Scene, ViewLayer | Synchronizing object | Bangs_01
Fra:1 Mem:25.55M (Peak 25.55M) | Time:00:00.70 | Mem:0.00M, Peak:0.00M | Scene, ViewLayer | Synchronizing object | Review_Fill
Fra:1 Mem:25.55M (Peak 25.55M) | Time:00:00.70 | Mem:0.00M, Peak:0.00M | Scene, ViewLayer | Synchronizing object | Review_Key
Fra:1 Mem:25.55M (Peak 25.55M) | Time:00:00.70 | Mem:0.00M, Peak:0.00M | Scene, ViewLayer | Synchronizing object | Review_Ground
Fra:1 Mem:25.56M (Peak 25.56M) | Time:00:00.70 | Mem:0.00M, Peak:0.00M | Scene, ViewLayer | Synchronizing object | Drawing_Pen_0.16
Fra:1 Mem:25.57M (Peak 25.57M) | Time:00:00.70 | Mem:0.00M, Peak:0.00M | Scene, ViewLayer | Synchronizing object | Bangs_03
Fra:1 Mem:25.58M (Peak 25.58M) | Time:00:00.70 | Mem:0.00M, Peak:0.00M | Scene, ViewLayer | Synchronizing object | Drawing_Pen_0.136
Fra:1 Mem:25.60M (Peak 25.60M) | Time:00:00.70 | Mem:0.00M, Peak:0.00M | Scene, ViewLayer | Synchronizing object | Pen_Pouch
Fra:1 Mem:25.59M (Peak 25.60M) | Time:00:00.70 | Mem:0.00M, Peak:0.00M | Scene, ViewLayer | Synchronizing object | Temple_0.L
Fra:1 Mem:25.61M (Peak 25.61M) | Time:00:00.70 | Mem:0.00M, Peak:0.00M | Scene, ViewLayer | Synchronizing object | Hair_Clip_1
Fra:1 Mem:25.62M (Peak 25.62M) | Time:00:00.70 | Mem:0.00M, Peak:0.00M | Scene, ViewLayer | Synchronizing object | Hair_Clip_0
Fra:1 Mem:25.62M (Peak 25.62M) | Time:00:00.70 | Mem:0.00M, Peak:0.00M | Scene, ViewLayer | Synchronizing object | Temple_0.R
Fra:1 Mem:25.64M (Peak 25.64M) | Time:00:00.70 | Mem:0.00M, Peak:0.00M | Scene, ViewLayer | Initializing
Fra:1 Mem:21.35M (Peak 25.64M) | Time:00:00.70 | Mem:0.00M, Peak:0.00M | Scene, ViewLayer | Updating Images | Loading CHR002_GreyStudy_BaseColor
Fra:1 Mem:22.08M (Peak 29.36M) | Time:00:00.71 | Mem:4.00M, Peak:4.00M | Scene, ViewLayer | Waiting for render to start
Fra:1 Mem:22.08M (Peak 29.36M) | Time:00:00.71 | Mem:4.00M, Peak:4.00M | Scene, ViewLayer | Updating Scene
Fra:1 Mem:22.08M (Peak 29.36M) | Time:00:00.71 | Mem:4.00M, Peak:4.00M | Scene, ViewLayer | Updating Shaders
Fra:1 Mem:22.08M (Peak 29.36M) | Time:00:00.71 | Mem:4.00M, Peak:4.00M | Scene, ViewLayer | Loading render kernels (may take a few minutes the first time)
Fra:1 Mem:22.17M (Peak 29.36M) | Time:00:00.71 | Mem:4.00M, Peak:4.00M | Scene, ViewLayer | Updating Procedurals
Fra:1 Mem:22.17M (Peak 29.36M) | Time:00:00.71 | Mem:4.00M, Peak:4.00M | Scene, ViewLayer | Updating Background
Fra:1 Mem:22.17M (Peak 29.36M) | Time:00:00.71 | Mem:4.00M, Peak:4.00M | Scene, ViewLayer | Updating Camera
Fra:1 Mem:22.17M (Peak 29.36M) | Time:00:00.71 | Mem:4.00M, Peak:4.00M | Scene, ViewLayer | Updating Meshes Flags
Fra:1 Mem:22.17M (Peak 29.36M) | Time:00:00.71 | Mem:4.00M, Peak:4.00M | Scene, ViewLayer | Updating Objects
Fra:1 Mem:22.17M (Peak 29.36M) | Time:00:00.71 | Mem:4.00M, Peak:4.00M | Scene, ViewLayer | Updating Objects | Copying Transformations to device
Fra:1 Mem:22.19M (Peak 29.36M) | Time:00:00.71 | Mem:4.02M, Peak:4.02M | Scene, ViewLayer | Updating Particle Systems
Fra:1 Mem:22.19M (Peak 29.36M) | Time:00:00.71 | Mem:4.02M, Peak:4.02M | Scene, ViewLayer | Updating Particle Systems | Copying Particles to device
Fra:1 Mem:22.19M (Peak 29.36M) | Time:00:00.71 | Mem:4.02M, Peak:4.02M | Scene, ViewLayer | Updating Meshes
Fra:1 Mem:22.19M (Peak 29.36M) | Time:00:00.71 | Mem:4.02M, Peak:4.02M | Scene, ViewLayer | Updating Objects | Applying Static Transformations
Fra:1 Mem:22.19M (Peak 29.36M) | Time:00:00.71 | Mem:4.02M, Peak:4.02M | Scene, ViewLayer | Updating Mesh | Computing attributes
Fra:1 Mem:23.22M (Peak 29.36M) | Time:00:00.71 | Mem:4.03M, Peak:4.03M | Scene, ViewLayer | Updating Mesh | Copying Attributes to device
Fra:1 Mem:23.21M (Peak 29.36M) | Time:00:00.71 | Mem:5.05M, Peak:5.05M | Scene, ViewLayer | Updating Scene BVH | Building
Fra:1 Mem:23.21M (Peak 29.36M) | Time:00:00.71 | Mem:5.05M, Peak:5.05M | Scene, ViewLayer | Updating Scene BVH | Building BVH
Fra:1 Mem:23.21M (Peak 29.36M) | Time:00:00.71 | Mem:6.13M, Peak:6.13M | Scene, ViewLayer | Updating Scene BVH | Building BVH 0%
Fra:1 Mem:23.21M (Peak 29.36M) | Time:00:00.71 | Mem:7.31M, Peak:8.39M | Scene, ViewLayer | Updating Scene BVH | Copying BVH to device
Fra:1 Mem:23.21M (Peak 29.36M) | Time:00:00.71 | Mem:7.31M, Peak:8.39M | Scene, ViewLayer | Updating Mesh | Computing normals
Fra:1 Mem:24.17M (Peak 29.36M) | Time:00:00.71 | Mem:7.31M, Peak:8.39M | Scene, ViewLayer | Updating Mesh | Copying Mesh to device
Fra:1 Mem:24.17M (Peak 29.36M) | Time:00:00.71 | Mem:8.27M, Peak:8.39M | Scene, ViewLayer | Updating Objects Flags
Fra:1 Mem:24.17M (Peak 29.36M) | Time:00:00.71 | Mem:8.27M, Peak:8.39M | Scene, ViewLayer | Updating Primitive Offsets
Fra:1 Mem:24.17M (Peak 29.36M) | Time:00:00.71 | Mem:8.27M, Peak:8.39M | Scene, ViewLayer | Updating Images
Fra:1 Mem:24.17M (Peak 29.36M) | Time:00:00.71 | Mem:8.27M, Peak:8.39M | Scene, ViewLayer | Updating Camera Volume
Fra:1 Mem:24.17M (Peak 29.36M) | Time:00:00.71 | Mem:8.27M, Peak:8.39M | Scene, ViewLayer | Updating Lookup Tables
Fra:1 Mem:24.17M (Peak 29.36M) | Time:00:00.71 | Mem:8.35M, Peak:8.39M | Scene, ViewLayer | Updating Lights
Fra:1 Mem:24.17M (Peak 29.36M) | Time:00:00.71 | Mem:8.35M, Peak:8.39M | Scene, ViewLayer | Updating Lights | Computing tree
Fra:1 Mem:24.17M (Peak 29.36M) | Time:00:00.71 | Mem:8.35M, Peak:8.39M | Scene, ViewLayer | Updating Integrator
Fra:1 Mem:24.17M (Peak 29.36M) | Time:00:00.72 | Mem:8.35M, Peak:8.39M | Scene, ViewLayer | Updating Film
Fra:1 Mem:24.18M (Peak 29.36M) | Time:00:00.72 | Mem:8.27M, Peak:8.39M | Scene, ViewLayer | Updating Lookup Tables
Fra:1 Mem:24.18M (Peak 29.36M) | Time:00:00.72 | Mem:8.35M, Peak:8.39M | Scene, ViewLayer | Updating Baking
Fra:1 Mem:24.18M (Peak 29.36M) | Time:00:00.72 | Mem:8.35M, Peak:8.39M | Scene, ViewLayer | Updating Device | Writing constant memory
Fra:1 Mem:24.18M (Peak 29.36M) | Time:00:00.72 | Mem:8.35M, Peak:8.39M | Scene, ViewLayer | Loading denoising kernels (may take a few minutes the first time)
Fra:1 Mem:24.18M (Peak 29.36M) | Time:00:00.72 | Mem:8.35M, Peak:8.39M | Scene, ViewLayer | Sample 0/24
Fra:1 Mem:74.30M (Peak 74.30M) | Time:00:01.30 | Remaining:00:13.46 | Mem:58.46M, Peak:58.46M | Scene, ViewLayer | Sample 1/24
Fra:1 Mem:95.40M (Peak 127.04M) | Time:00:21.36 | Mem:58.46M, Peak:58.46M | Scene, ViewLayer | Sample 24/24
Fra:1 Mem:95.40M (Peak 127.04M) | Time:00:21.36 | Mem:58.46M, Peak:58.46M | Scene, ViewLayer | Finished
Saved: '/home/lzzz/MyProjects/N-SIDE/output/characters/CHR-002/ling-model-r1/first/hair-quarter.png'
Time: 00:21.42 (Saving: 00:00.05)


Blender quit
