2026-09-28T05:20:22.089456Z  INFO bevy_diagnostic::system_information_diagnostics_plugin::internal: SystemInfo { os: "Linux (CachyOS Linux rolling)", kernel: "7.2.6-1-cachyos", cpu: "AMD Ryzen 7 5700X 8-Core Processor", core_count: "8", memory: "15.5 GiB" }
2026-09-28T05:20:22.130216Z  INFO bevy_render::renderer: AdapterInfo { name: "AMD Radeon RX 6650 XT (RADV NAVI23)", vendor: 4098, device: 29679, device_type: DiscreteGpu, device_pci_bus_id: "0000:2d:00.0", driver: "radv", driver_info: "Mesa 26.2.3-arch3.1", backend: Vulkan, subgroup_min_size: 32, subgroup_max_size: 64, transient_saves_memory: false }
2026-09-28T05:20:22.209165Z  INFO bevy_pbr::cluster: GPU clustering is supported on this device.
2026-09-28T05:20:22.209190Z  INFO bevy_render::batching::gpu_preprocessing: GPU preprocessing is fully supported on this device.
2026-09-28T05:20:22.209773Z  INFO n_side::app: [game/state] title
ICU4X data error: No segmentation model for complex script: Chinese/Japanese
ICU4X data error: No segmentation model for complex script: Chinese/Japanese
ICU4X data error: No segmentation model for complex script: Chinese/Japanese
ICU4X data error: No segmentation model for complex script: Chinese/Japanese
ICU4X data error: No segmentation model for complex script: Chinese/Japanese
ICU4X data error: No segmentation model for complex script: Chinese/Japanese
2026-09-28T05:20:22.761268Z  INFO n_side::app: [game/state] loading
ICU4X data error: No segmentation model for complex script: Chinese/Japanese
ICU4X data error: No segmentation model for complex script: Chinese/Japanese
ICU4X data error: No segmentation model for complex script: Chinese/Japanese
ICU4X data error: No segmentation model for complex script: Chinese/Japanese
2026-09-28T05:20:22.781063Z  INFO bevy_input::gamepad: Gamepad 349v0 disconnected.
ICU4X data error: No segmentation model for complex script: Chinese/Japanese
ICU4X data error: No segmentation model for complex script: Chinese/Japanese
ICU4X data error: No segmentation model for complex script: Chinese/Japanese
ICU4X data error: No segmentation model for complex script: Chinese/Japanese
2026-09-28T05:20:31.769034Z  INFO n_side::app: [player/collision] triangles=557434 sources=3301
2026-09-28T05:20:31.815670Z  INFO n_side::world::scene: [world/ready] meshes=3302 model_instances=263 dependencies=25 failed=0 degraded=0 startup_seconds=0.044
ICU4X data error: No segmentation model for complex script: Chinese/Japanese
ICU4X data error: No segmentation model for complex script: Chinese/Japanese
ICU4X data error: No segmentation model for complex script: Chinese/Japanese
ICU4X data error: No segmentation model for complex script: Chinese/Japanese
ICU4X data error: No segmentation model for complex script: Chinese/Japanese
ICU4X data error: No segmentation model for complex script: Chinese/Japanese
ICU4X data error: No segmentation model for complex script: Chinese/Japanese
ICU4X data error: No segmentation model for complex script: Chinese/Japanese
ICU4X data error: No segmentation model for complex script: Chinese/Japanese
ICU4X data error: No segmentation model for complex script: Chinese/Japanese
ICU4X data error: No segmentation model for complex script: Chinese/Japanese
ICU4X data error: No segmentation model for complex script: Chinese/Japanese
ICU4X data error: No segmentation model for complex script: Chinese/Japanese
ICU4X data error: No segmentation model for complex script: Chinese/Japanese
2026-09-28T05:20:32.979503Z  INFO bevy_input::gamepad: Gamepad 349v0 connected.
ICU4X data error: No segmentation model for complex script: Chinese/Japanese
ICU4X data error: No segmentation model for complex script: Chinese/Japanese
ICU4X data error: No segmentation model for complex script: Chinese/Japanese
ICU4X data error: No segmentation model for complex script: Chinese/Japanese
ICU4X data error: No segmentation model for complex script: Chinese/Japanese
ICU4X data error: No segmentation model for complex script: Chinese/Japanese
ICU4X data error: No segmentation model for complex script: Chinese/Japanese
ICU4X data error: No segmentation model for complex script: Chinese/Japanese
ICU4X data error: No segmentation model for complex script: Chinese/Japanese
ICU4X data error: No segmentation model for complex script: Chinese/Japanese
ICU4X data error: No segmentation model for complex script: Chinese/Japanese
ICU4X data error: No segmentation model for complex script: Chinese/Japanese
ICU4X data error: No segmentation model for complex script: Chinese/Japanese
ICU4X data error: No segmentation model for complex script: Chinese/Japanese
ICU4X data error: No segmentation model for complex script: Chinese/Japanese
ICU4X data error: No segmentation model for complex script: Chinese/Japanese
2026-09-28T05:20:35.063529Z  INFO bevy_input::gamepad: Gamepad 349v0 disconnected.
ICU4X data error: No segmentation model for complex script: Chinese/Japanese
ICU4X data error: No segmentation model for complex script: Chinese/Japanese
ICU4X data error: No segmentation model for complex script: Chinese/Japanese
ICU4X data error: No segmentation model for complex script: Chinese/Japanese
ICU4X data error: No segmentation model for complex script: Chinese/Japanese
ICU4X data error: No segmentation model for complex script: Chinese/Japanese
ICU4X data error: No segmentation model for complex script: Chinese/Japanese
ICU4X data error: No segmentation model for complex script: Chinese/Japanese
ICU4X data error: No segmentation model for complex script: Chinese/Japanese
ICU4X data error: No segmentation model for complex script: Chinese/Japanese
ICU4X data error: No segmentation model for complex script: Chinese/Japanese
ICU4X data error: No segmentation model for complex script: Chinese/Japanese
ICU4X data error: No segmentation model for complex script: Chinese/Japanese
ICU4X data error: No segmentation model for complex script: Chinese/Japanese
ICU4X data error: No segmentation model for complex script: Chinese/Japanese
ICU4X data error: No segmentation model for complex script: Chinese/Japanese
ICU4X data error: No segmentation model for complex script: Chinese/Japanese
ICU4X data error: No segmentation model for complex script: Chinese/Japanese
ICU4X data error: No segmentation model for complex script: Chinese/Japanese
ICU4X data error: No segmentation model for complex script: Chinese/Japanese
ICU4X data error: No segmentation model for complex script: Chinese/Japanese
ICU4X data error: No segmentation model for complex script: Chinese/Japanese
ICU4X data error: No segmentation model for complex script: Chinese/Japanese
ICU4X data error: No segmentation model for complex script: Chinese/Japanese
ICU4X data error: No segmentation model for complex script: Chinese/Japanese
ICU4X data error: No segmentation model for complex script: Chinese/Japanese
ICU4X data error: No segmentation model for complex script: Chinese/Japanese
ICU4X data error: No segmentation model for complex script: Chinese/Japanese
2026-09-28T05:20:38.179123Z  INFO bevy_input::gamepad: Gamepad 349v0 connected.
ICU4X data error: No segmentation model for complex script: Chinese/Japanese
ICU4X data error: No segmentation model for complex script: Chinese/Japanese
ICU4X data error: No segmentation model for complex script: Chinese/Japanese
ICU4X data error: No segmentation model for complex script: Chinese/Japanese
ICU4X data error: No segmentation model for complex script: Chinese/Japanese
ICU4X data error: No segmentation model for complex script: Chinese/Japanese
ICU4X data error: No segmentation model for complex script: Chinese/Japanese
ICU4X data error: No segmentation model for complex script: Chinese/Japanese
ICU4X data error: No segmentation model for complex script: Chinese/Japanese
ICU4X data error: No segmentation model for complex script: Chinese/Japanese
ICU4X data error: No segmentation model for complex script: Chinese/Japanese
ICU4X data error: No segmentation model for complex script: Chinese/Japanese
ICU4X data error: No segmentation model for complex script: Chinese/Japanese
ICU4X data error: No segmentation model for complex script: Chinese/Japanese
ICU4X data error: No segmentation model for complex script: Chinese/Japanese
ICU4X data error: No segmentation model for complex script: Chinese/Japanese
ICU4X data error: No segmentation model for complex script: Chinese/Japanese
ICU4X data error: No segmentation model for complex script: Chinese/Japanese
ICU4X data error: No segmentation model for complex script: Chinese/Japanese
ICU4X data error: No segmentation model for complex script: Chinese/Japanese
ICU4X data error: No segmentation model for complex script: Chinese/Japanese
ICU4X data error: No segmentation model for complex script: Chinese/Japanese
ICU4X data error: No segmentation model for complex script: Chinese/Japanese
ICU4X data error: No segmentation model for complex script: Chinese/Japanese
ICU4X data error: No segmentation model for complex script: Chinese/Japanese
ICU4X data error: No segmentation model for complex script: Chinese/Japanese
ICU4X data error: No segmentation model for complex script: Chinese/Japanese
2026-09-28T05:20:41.544031Z  INFO n_side::app: [game/state] title
ICU4X data error: No segmentation model for complex script: Chinese/Japanese
ICU4X data error: No segmentation model for complex script: Chinese/Japanese
ICU4X data error: No segmentation model for complex script: Chinese/Japanese
ICU4X data error: No segmentation model for complex script: Chinese/Japanese
ICU4X data error: No segmentation model for complex script: Chinese/Japanese
ICU4X data error: No segmentation model for complex script: Chinese/Japanese
2026-09-28T05:20:41.942328Z  INFO n_side::app: [game/state] loading
ICU4X data error: No segmentation model for complex script: Chinese/Japanese
ICU4X data error: No segmentation model for complex script: Chinese/Japanese
ICU4X data error: No segmentation model for complex script: Chinese/Japanese
ICU4X data error: No segmentation model for complex script: Chinese/Japanese
2026-09-28T05:20:50.974740Z  INFO n_side::app: [player/collision] triangles=557434 sources=3301
2026-09-28T05:20:51.003509Z  INFO n_side::world::scene: [world/ready] meshes=3302 model_instances=263 dependencies=25 failed=0 degraded=0 startup_seconds=0.026
ICU4X data error: No segmentation model for complex script: Chinese/Japanese
ICU4X data error: No segmentation model for complex script: Chinese/Japanese
ICU4X data error: No segmentation model for complex script: Chinese/Japanese
ICU4X data error: No segmentation model for complex script: Chinese/Japanese
2026-09-28T05:20:53.694461Z  INFO n_side::capture: [capture/check] {"name":"required_assets_ready","passed":true}
2026-09-28T05:20:53.694472Z  INFO n_side::capture: [capture/check] {"expected":540,"name":"all_frames_saved","passed":true,"saved":540}
2026-09-28T05:20:53.694477Z  INFO n_side::capture: [capture/check] {"checked_frames":540,"name":"finite_transforms","passed":true}
2026-09-28T05:20:53.694481Z  INFO n_side::capture: [capture/check] {"distance":0.0,"enabled":false,"expected":{"enabled":null,"from":34,"game_page":"paused","gamepad_connected":false,"max_distance":0.0010000000474974513,"max_player_camera_distance":null,"max_player_distance":0.0010000000474974513,"max_player_height":null,"max_player_resets":0,"max_rotation":0.0020000000949949026,"max_ui_scroll":null,"max_world_entities":null,"min_distance":null,"min_player_camera_distance":null,"min_player_distance":null,"min_player_height":null,"min_rotation":null,"min_ui_scroll":null,"min_world_entities":null,"name":"loading_disconnect_waits_for_explicit_continue","player_blocked":null,"player_grounded":true,"same_world_entities":true,"to":69,"ui_device":null,"ui_focus":null,"ui_page":null,"ui_record":null,"ui_reduced_motion":null,"ui_scale":null,"world_ready":true},"name":"loading_disconnect_waits_for_explicit_continue","passed":true,"peak_rotation_radians":0.0,"rotation_radians":0.0}
2026-09-28T05:20:53.694490Z  INFO n_side::capture: [capture/check] {"distance":0.0,"enabled":false,"expected":{"enabled":null,"from":34,"game_page":"paused","gamepad_connected":true,"max_distance":0.0010000000474974513,"max_player_camera_distance":null,"max_player_distance":0.0010000000474974513,"max_player_height":null,"max_player_resets":0,"max_rotation":0.0020000000949949026,"max_ui_scroll":null,"max_world_entities":null,"min_distance":null,"min_player_camera_distance":null,"min_player_distance":null,"min_player_height":null,"min_rotation":null,"min_ui_scroll":null,"min_world_entities":null,"name":"reconnect_held_confirm_cannot_resume","player_blocked":null,"player_grounded":true,"same_world_entities":true,"to":99,"ui_device":null,"ui_focus":null,"ui_page":null,"ui_record":null,"ui_reduced_motion":null,"ui_scale":null,"world_ready":true},"name":"reconnect_held_confirm_cannot_resume","passed":true,"peak_rotation_radians":0.0,"rotation_radians":0.0}
2026-09-28T05:20:53.694502Z  INFO n_side::capture: [capture/check] {"distance":3.2000083923339844,"enabled":false,"expected":{"enabled":null,"from":119,"game_page":null,"gamepad_connected":true,"max_distance":null,"max_player_camera_distance":null,"max_player_distance":null,"max_player_height":null,"max_player_resets":0,"max_rotation":null,"max_ui_scroll":null,"max_world_entities":null,"min_distance":null,"min_player_camera_distance":null,"min_player_distance":3.0,"min_player_height":null,"min_rotation":null,"min_ui_scroll":null,"min_world_entities":null,"name":"fresh_keyboard_continue_accepts_movement","player_blocked":null,"player_grounded":true,"same_world_entities":null,"to":149,"ui_device":null,"ui_focus":null,"ui_page":null,"ui_record":null,"ui_reduced_motion":null,"ui_scale":null,"world_ready":null},"name":"fresh_keyboard_continue_accepts_movement","passed":true,"peak_rotation_radians":0.0006905339541845024,"rotation_radians":0.0006905339541845024}
2026-09-28T05:20:53.694514Z  INFO n_side::capture: [capture/check] {"distance":0.0,"enabled":false,"expected":{"enabled":null,"from":149,"game_page":"paused","gamepad_connected":false,"max_distance":0.0010000000474974513,"max_player_camera_distance":null,"max_player_distance":0.0010000000474974513,"max_player_height":null,"max_player_resets":0,"max_rotation":0.0020000000949949026,"max_ui_scroll":null,"max_world_entities":null,"min_distance":null,"min_player_camera_distance":null,"min_player_distance":null,"min_player_height":null,"min_rotation":null,"min_ui_scroll":null,"min_world_entities":null,"name":"disconnect_blocks_same_frame_motion_look_reset","player_blocked":null,"player_grounded":true,"same_world_entities":true,"to":189,"ui_device":null,"ui_focus":null,"ui_page":null,"ui_record":null,"ui_reduced_motion":null,"ui_scale":null,"world_ready":true},"name":"disconnect_blocks_same_frame_motion_look_reset","passed":true,"peak_rotation_radians":0.0006905339541845024,"rotation_radians":0.0006905339541845024}
2026-09-28T05:20:53.694523Z  INFO n_side::capture: [capture/check] {"distance":3.1999969482421875,"enabled":false,"expected":{"enabled":null,"from":209,"game_page":null,"gamepad_connected":false,"max_distance":null,"max_player_camera_distance":null,"max_player_distance":null,"max_player_height":null,"max_player_resets":0,"max_rotation":null,"max_ui_scroll":null,"max_world_entities":null,"min_distance":null,"min_player_camera_distance":null,"min_player_distance":3.0,"min_player_height":null,"min_rotation":null,"min_ui_scroll":null,"min_world_entities":null,"name":"keyboard_takes_over_without_gamepad","player_blocked":null,"player_grounded":true,"same_world_entities":null,"to":239,"ui_device":null,"ui_focus":null,"ui_page":null,"ui_record":null,"ui_reduced_motion":null,"ui_scale":null,"world_ready":null},"name":"keyboard_takes_over_without_gamepad","passed":true,"peak_rotation_radians":0.0006905339541845024,"rotation_radians":0.0006905339541845024}
2026-09-28T05:20:53.694532Z  INFO n_side::capture: [capture/check] {"distance":0.0,"enabled":false,"expected":{"enabled":null,"from":259,"game_page":"paused","gamepad_connected":true,"max_distance":0.0010000000474974513,"max_player_camera_distance":null,"max_player_distance":0.0010000000474974513,"max_player_height":null,"max_player_resets":0,"max_rotation":0.0020000000949949026,"max_ui_scroll":null,"max_world_entities":null,"min_distance":null,"min_player_camera_distance":null,"min_player_distance":null,"min_player_height":null,"min_rotation":null,"min_ui_scroll":null,"min_world_entities":null,"name":"manual_pause_survives_reconnect_held_input","player_blocked":null,"player_grounded":true,"same_world_entities":true,"to":309,"ui_device":null,"ui_focus":null,"ui_page":null,"ui_record":null,"ui_reduced_motion":null,"ui_scale":null,"world_ready":true},"name":"manual_pause_survives_reconnect_held_input","passed":true,"peak_rotation_radians":0.0006905339541845024,"rotation_radians":0.0006905339541845024}
2026-09-28T05:20:53.694544Z  INFO n_side::capture: [capture/check] {"distance":3.1999969482421875,"enabled":false,"expected":{"enabled":null,"from":329,"game_page":null,"gamepad_connected":true,"max_distance":null,"max_player_camera_distance":null,"max_player_distance":null,"max_player_height":null,"max_player_resets":0,"max_rotation":null,"max_ui_scroll":null,"max_world_entities":null,"min_distance":null,"min_player_camera_distance":null,"min_player_distance":3.0,"min_player_height":null,"min_rotation":null,"min_ui_scroll":null,"min_world_entities":null,"name":"fresh_gamepad_continue_accepts_movement","player_blocked":null,"player_grounded":true,"same_world_entities":null,"to":359,"ui_device":null,"ui_focus":null,"ui_page":null,"ui_record":null,"ui_reduced_motion":null,"ui_scale":null,"world_ready":null},"name":"fresh_gamepad_continue_accepts_movement","passed":true,"peak_rotation_radians":0.0006905339541845024,"rotation_radians":0.0006905339541845024}
2026-09-28T05:20:53.694554Z  INFO n_side::capture: [capture/check] {"distance":0.0,"enabled":false,"expected":{"enabled":null,"from":402,"game_page":"title","gamepad_connected":null,"max_distance":null,"max_player_camera_distance":null,"max_player_distance":null,"max_player_height":null,"max_player_resets":null,"max_rotation":null,"max_ui_scroll":null,"max_world_entities":0,"min_distance":null,"min_player_camera_distance":null,"min_player_distance":null,"min_player_height":null,"min_rotation":null,"min_ui_scroll":null,"min_world_entities":null,"name":"title_clears_world","player_blocked":null,"player_grounded":null,"same_world_entities":null,"to":409,"ui_device":null,"ui_focus":null,"ui_page":null,"ui_record":null,"ui_reduced_motion":null,"ui_scale":null,"world_ready":false},"name":"title_clears_world","passed":true,"peak_rotation_radians":0.0006905339541845024,"rotation_radians":0.0006905339541845024}
2026-09-28T05:20:53.694562Z  INFO n_side::capture: [capture/check] {"distance":16.863143920898438,"enabled":false,"expected":{"enabled":null,"from":34,"game_page":"world","gamepad_connected":null,"max_distance":null,"max_player_camera_distance":null,"max_player_distance":null,"max_player_height":null,"max_player_resets":null,"max_rotation":null,"max_ui_scroll":null,"max_world_entities":null,"min_distance":null,"min_player_camera_distance":null,"min_player_distance":null,"min_player_height":null,"min_rotation":null,"min_ui_scroll":null,"min_world_entities":null,"name":"reentry_restores_world_without_disconnect_latch","player_blocked":null,"player_grounded":null,"same_world_entities":true,"to":469,"ui_device":null,"ui_focus":null,"ui_page":null,"ui_record":null,"ui_reduced_motion":null,"ui_scale":null,"world_ready":true},"name":"reentry_restores_world_without_disconnect_latch","passed":true,"peak_rotation_radians":0.8659040927886963,"rotation_radians":0.8659040927886963}
2026-09-28T05:20:53.694571Z  INFO n_side::capture: [capture/check] {"distance":3.2000083923339844,"enabled":false,"expected":{"enabled":null,"from":469,"game_page":null,"gamepad_connected":null,"max_distance":null,"max_player_camera_distance":null,"max_player_distance":null,"max_player_height":null,"max_player_resets":0,"max_rotation":null,"max_ui_scroll":null,"max_world_entities":null,"min_distance":null,"min_player_camera_distance":null,"min_player_distance":3.0,"min_player_height":null,"min_rotation":null,"min_ui_scroll":null,"min_world_entities":null,"name":"reentry_accepts_new_input","player_blocked":null,"player_grounded":true,"same_world_entities":null,"to":499,"ui_device":null,"ui_focus":null,"ui_page":null,"ui_record":null,"ui_reduced_motion":null,"ui_scale":null,"world_ready":null},"name":"reentry_accepts_new_input","passed":true,"peak_rotation_radians":0.0006905339541845024,"rotation_radians":0.0006905339541845024}
2026-09-28T05:20:53.694583Z  INFO n_side::capture: [capture/finished] status=PASS saved=540 report=/home/lzzz/MyProjects/N-SIDE/output/gamepad/2026-09-28/r1/gamepad/state.json
