$ bun run check:map && bun run docs:build:player && bun run docs:build:dev
$ bun test tools/tests/district-map.test.ts tools/tests/road-width.test.ts tools/tests/station-square.test.ts tools/tests/terrain-shape.test.ts
bun test v1.4.2 (744846f84)

tools/tests/district-map.test.ts:
(pass) map places and roads have valid shared references [3.27ms]
(pass) terrain colors follow ground elevation [0.17ms]
(pass) map overview fits extended terrain on wide and narrow screens [241.46ms]
(pass) mountain cross section uses sampled ground up to the stargazing summit [59.93ms]
(pass) mountain city keeps metre scale and usable graded route alternatives [7.63ms]
(pass) overview terrain retains source controls and excludes elevated connections [5421.51ms]
(pass) authored exterior sightlines clear intervening building volumes [3.66ms]
(pass) shopping stays local and public hillside routes remain connected [2.04ms]
(pass) orthographic projection preserves parallel edges and separates elevation from depth [0.33ms]
(pass) scene keeps platforms below volumes and geometry is finite [168.76ms]
(pass) expanded plan counts destinations separately and keeps parcel attachments valid [9.72ms]
(pass) sections follow connected routes and distinguish a lift from a slope [19.85ms]
(pass) section labels name shared nodes without duplicating their displayed elevation [0.23ms]
(pass) geometry handles concave boundaries, shared walls, road width and local elevation [1.33ms]
(pass) tree positions stay outside building footprints [8.41ms]
(pass) all streets clear building volumes at their actual widths and elevations [472.15ms]
(pass) district ground-road crossings share a junction and its elevation [440.52ms]
(pass) city framework records every building and reaches its same-level facade entrances [19.73ms]
(pass) city stairs retain short flights, level rests and full-size treads [1.44ms]
(pass) ordinary streets keep their design grade and deliveries avoid stair-only approaches [2.49ms]
(pass) public streets stay outside same-level resident and service courts [6.69ms]
(pass) building volumes share boundaries without occupying the same space [36.76ms]
(pass) detailed places connect street access to separate public and service entrances [20.06ms]
(pass) cinema roof and exterior platform have distinct footprints and supported paths [2.09ms]
(pass) lifestyle routes visit actual arrival endpoints in the stated order [6.74ms]
(pass) housing estimates use residential floor area rather than the volume count [0.41ms]
(pass) architectural segments reference complete buildings and derive type counts from the same data [1.37ms]
(pass) representative buildings have consistent floors, room areas and facade entrances [83.89ms]
(pass) public, residents, students and service users have separate access rights [17.14ms]
(pass) shop supply starts on the city road and changes to a level trolley route at unloading [0.70ms]
(pass) interest equipment deliveries reach a level backstage route from a gentle city-road approach [1.12ms]
(pass) drawn room openings join actual walls and each occupied room has an access [1.08ms]
(pass) station mixed-use and interest samples connect customer and backstage rooms through their own entrances [0.64ms]
(pass) shared stairs and separate apartments connect through shared circulation [1.47ms]

tools/tests/terrain-shape.test.ts:
(pass) second short-ascent leg meets terrain across stair and landing edges [2161.57ms]
(pass) descent eye-level slope uses local terrain detail instead of a 60m face [2100.64ms]
(pass) terrain bake preserves authored geometry and repeats without drift [4094.72ms]
(pass) terrain noise protects complete road segments and footprints [4172.15ms]
(pass) terrain bake rejects invalid metadata and unsupported source formatting [70.69ms]
(pass) third short-ascent terrace clears terrain toward city landmarks [510.07ms]

tools/tests/road-width.test.ts:
(pass) shared endpoints do not hide width conflicts and truly level junctions pass [1.88ms]
(pass) a selected route is checked against other roads without absorbing unrelated conflicts [0.86ms]
(pass) upper-street and foothill junctions join at road width with usable stair treads [1561.38ms]
(pass) campus stairs and market entrances meet the full road width at their own levels [586.57ms]
(pass) music street junctions clear their neighbors and equipment reaches the level unloading route [574.66ms]
(pass) upper homes stairs and greenhouse approaches retain level junctions and usable flights [622.19ms]
(pass) station and music approaches plus the long ascent join at width without sharpening slopes or steps [1513.77ms]
(pass) foothill housing and west plateau approaches clear streets, stairs and resident side paths [2391.79ms]
(pass) east terraces clear neighboring road ribbons and retain usable exterior approaches [561.84ms]
(pass) west old housing clear neighboring road ribbons and retain usable exterior approaches [585.34ms]
(pass) food street bypasses shop footprints and waterfront stairs descend beside the waiting court [565.92ms]
(pass) all ground-road junctions clear neighboring ribbons while retaining usable exterior approaches [657.41ms]
(pass) platform checks keep concave cutouts and actual stair treads while excluding explicitly elevated surfaces [0.76ms]
(pass) ground platforms meet adjacent road ribbons and stair treads at their own level [56.14ms]

tools/tests/station-square.test.ts:
(pass) station meeting court retains usable space with a level public arrival clear of sloping roads [585.20ms]

 55 pass
 0 fail
Ran 55 tests across 4 files. [30.55s]
$ bun tools/wiki.ts build player

  vitepress v1.6.4

- building client + server bundles...
[32m✓[0m building client + server bundles...
- rendering pages...
[32m✓[0m rendering pages...
build complete in 3.94s.
{"profile":"player","pages":101,"files":571,"result":"PASS"}
$ bun tools/wiki.ts build dev

  vitepress v1.6.4

- building client + server bundles...

(!) Some chunks are larger than 500 kB after minification. Consider:
- Using dynamic import() to code-split the application
- Use build.rollupOptions.output.manualChunks to improve chunking: https://rollupjs.org/configuration-options/#output-manualchunks
- Adjust chunk size limit for this warning via build.chunkSizeWarningLimit.
[32m✓[0m building client + server bundles...
- rendering pages...
[32m✓[0m rendering pages...
build complete in 7.27s.
{"profile":"dev","pages":168,"files":827,"result":"PASS"}
