$ bun test tools/tests/district-map.test.ts tools/tests/road-width.test.ts tools/tests/station-square.test.ts tools/tests/terrain-shape.test.ts
bun test v1.4.2 (744846f84)

tools/tests/district-map.test.ts:
(pass) map places and roads have valid shared references [3.97ms]
(pass) terrain colors follow ground elevation [0.18ms]
(pass) map overview fits extended terrain on wide and narrow screens [282.45ms]
(pass) mountain cross section uses sampled ground up to the stargazing summit [76.29ms]
(pass) mountain city keeps metre scale and usable graded route alternatives [8.45ms]
(pass) overview terrain retains source controls and excludes elevated connections [6891.60ms]
(pass) authored exterior sightlines clear intervening building volumes [3.09ms]
(pass) shopping stays local and public hillside routes remain connected [2.22ms]
(pass) orthographic projection preserves parallel edges and separates elevation from depth [0.44ms]
(pass) scene keeps platforms below volumes and geometry is finite [205.33ms]
(pass) expanded plan counts destinations separately and keeps parcel attachments valid [11.40ms]
(pass) sections follow connected routes and distinguish a lift from a slope [21.41ms]
(pass) section labels name shared nodes without duplicating their displayed elevation [1.51ms]
(pass) geometry handles concave boundaries, shared walls, road width and local elevation [1.51ms]
(pass) tree positions stay outside building footprints [8.96ms]
(pass) all streets clear building volumes at their actual widths and elevations [508.70ms]
(pass) district ground-road crossings share a junction and its elevation [438.16ms]
(pass) city framework records every building and reaches its same-level facade entrances [20.01ms]
(pass) city stairs retain short flights, level rests and full-size treads [1.80ms]
(pass) ordinary streets keep their design grade and deliveries avoid stair-only approaches [2.63ms]
(pass) public streets stay outside same-level resident and service courts [7.51ms]
(pass) building volumes share boundaries without occupying the same space [39.01ms]
(pass) detailed places connect street access to separate public and service entrances [22.02ms]
(pass) cinema roof and exterior platform have distinct footprints and supported paths [2.45ms]
(pass) lifestyle routes visit arrival doors or their connected standing landings in order [7.51ms]
(pass) cinema arrival stands clear of the closed door while retaining its original road footprint [0.68ms]
(pass) housing estimates use residential floor area rather than the volume count [0.39ms]
(pass) architectural segments reference complete buildings and derive type counts from the same data [1.43ms]
(pass) representative buildings have consistent floors, room areas and facade entrances [88.15ms]
(pass) public, residents, students and service users have separate access rights [18.17ms]
(pass) shop supply starts on the city road and changes to a level trolley route at unloading [0.84ms]
(pass) interest equipment deliveries reach a level backstage route from a gentle city-road approach [1.20ms]
(pass) drawn room openings join actual walls and each occupied room has an access [1.11ms]
(pass) station mixed-use and interest samples connect customer and backstage rooms through their own entrances [0.71ms]
(pass) shared stairs and separate apartments connect through shared circulation [1.68ms]

tools/tests/terrain-shape.test.ts:
(pass) second short-ascent leg meets terrain across stair and landing edges [3208.73ms]
(pass) descent eye-level slope uses local terrain detail instead of a 60m face [3191.56ms]
(pass) descent bank changes grade gradually and adjoining upper stairs retain support [21.41ms]
(pass) terrain bake preserves authored geometry and repeats without drift [6058.20ms]
(pass) terrain noise protects complete road segments and footprints [6320.76ms]
(pass) terrain bake rejects invalid metadata and unsupported source formatting [82.79ms]
(pass) third short-ascent terrace clears terrain toward city landmarks [696.40ms]
(pass) forest-edge hollow has broad concavity while the adjacent short route keeps its grade [34.01ms]
(pass) local forest road support leaves the existing terrain envelope outside the hollow unchanged [2939.40ms]

tools/tests/road-width.test.ts:
(pass) shared endpoints do not hide width conflicts and truly level junctions pass [2.42ms]
(pass) a selected route is checked against other roads without absorbing unrelated conflicts [0.98ms]
(pass) upper-street and foothill junctions join at road width with usable stair treads [1765.94ms]
(pass) campus stairs and market entrances meet the full road width at their own levels [622.21ms]
(pass) music street junctions clear their neighbors and equipment reaches the level unloading route [674.14ms]
(pass) upper homes stairs and greenhouse approaches retain level junctions and usable flights [637.90ms]
(pass) station and music approaches plus the long ascent join at width without sharpening slopes or steps [1750.75ms]
(pass) foothill housing and west plateau approaches clear streets, stairs and resident side paths [2729.13ms]
(pass) east terraces clear neighboring road ribbons and retain usable exterior approaches [625.97ms]
(pass) west old housing clear neighboring road ribbons and retain usable exterior approaches [670.50ms]
(pass) food street bypasses shop footprints and waterfront stairs descend beside the waiting court [599.50ms]
(pass) all ground-road junctions clear neighboring ribbons while retaining usable exterior approaches [688.40ms]
(pass) platform checks keep concave cutouts and actual stair treads while excluding explicitly elevated surfaces [0.97ms]
(pass) ground platforms meet adjacent road ribbons and stair treads at their own level [65.51ms]
(pass) cinema forecourt joins existing level entrances and keeps green islands inside its parcel [8.18ms]
(pass) cinema forecourt excludes actual sloped road widths rather than relying on the coarse step threshold [59.34ms]

tools/tests/station-square.test.ts:
(pass) station meeting court retains usable space with a level public arrival clear of sloping roads [650.42ms]

 61 pass
 0 fail
Ran 61 tests across 4 files. [42.91s]
