2026-09-27T16:30:00.339791Z  INFO bevy_diagnostic::system_information_diagnostics_plugin::internal: SystemInfo { os: "Linux (CachyOS Linux rolling)", kernel: "7.2.6-1-cachyos", cpu: "AMD Ryzen 7 5700X 8-Core Processor", core_count: "8", memory: "15.5 GiB" }
2026-09-27T16:30:00.590122Z  INFO bevy_render::renderer: AdapterInfo { name: "AMD Radeon RX 6650 XT (RADV NAVI23)", vendor: 4098, device: 29679, device_type: DiscreteGpu, device_pci_bus_id: "0000:2d:00.0", driver: "radv", driver_info: "Mesa 26.2.3-arch3.1", backend: Vulkan, subgroup_min_size: 32, subgroup_max_size: 64, transient_saves_memory: false }
2026-09-27T16:30:00.879943Z  INFO bevy_pbr::cluster: GPU clustering is supported on this device.
2026-09-27T16:30:00.879988Z  INFO bevy_render::batching::gpu_preprocessing: GPU preprocessing is fully supported on this device.
2026-09-27T16:30:00.880928Z  INFO n_side::app: [game/state] title
ICU4X data error: No segmentation model for complex script: Chinese/Japanese
ICU4X data error: No segmentation model for complex script: Chinese/Japanese
ICU4X data error: No segmentation model for complex script: Chinese/Japanese
ICU4X data error: No segmentation model for complex script: Chinese/Japanese
ICU4X data error: No segmentation model for complex script: Chinese/Japanese
ICU4X data error: No segmentation model for complex script: Chinese/Japanese
ICU4X data error: No segmentation model for complex script: Chinese/Japanese
2026-09-27T16:30:02.917685Z  INFO n_side::app: [game/state] loading
ICU4X data error: No segmentation model for complex script: Chinese/Japanese
ICU4X data error: No segmentation model for complex script: Chinese/Japanese
ICU4X data error: No segmentation model for complex script: Chinese/Japanese
ICU4X data error: No segmentation model for complex script: Chinese/Japanese
ICU4X data error: No segmentation model for complex script: Chinese/Japanese
ICU4X data error: No segmentation model for complex script: Chinese/Japanese
2026-09-27T16:30:14.056976Z  INFO n_side::world::scene: [world/ready] meshes=3302 model_instances=263 dependencies=25 failed=0 degraded=0 startup_seconds=0.082
ICU4X data error: No segmentation model for complex script: Chinese/Japanese
ICU4X data error: No segmentation model for complex script: Chinese/Japanese
ICU4X data error: No segmentation model for complex script: Chinese/Japanese
ICU4X data error: No segmentation model for complex script: Chinese/Japanese
ICU4X data error: No segmentation model for complex script: Chinese/Japanese
ICU4X data error: No segmentation model for complex script: Chinese/Japanese
2026-09-27T16:30:18.293444Z  INFO n_side::app: [game/state] title
ICU4X data error: No segmentation model for complex script: Chinese/Japanese
ICU4X data error: No segmentation model for complex script: Chinese/Japanese
ICU4X data error: No segmentation model for complex script: Chinese/Japanese
ICU4X data error: No segmentation model for complex script: Chinese/Japanese
ICU4X data error: No segmentation model for complex script: Chinese/Japanese
ICU4X data error: No segmentation model for complex script: Chinese/Japanese
ICU4X data error: No segmentation model for complex script: Chinese/Japanese
ICU4X data error: No segmentation model for complex script: Chinese/Japanese
ICU4X data error: No segmentation model for complex script: Chinese/Japanese
ICU4X data error: No segmentation model for complex script: Chinese/Japanese
ICU4X data error: No segmentation model for complex script: Chinese/Japanese
ICU4X data error: No segmentation model for complex script: Chinese/Japanese
ICU4X data error: No segmentation model for complex script: Chinese/Japanese
ICU4X data error: No segmentation model for complex script: Chinese/Japanese
2026-09-27T16:30:19.299081Z  INFO n_side::app: [game/state] loading
ICU4X data error: No segmentation model for complex script: Chinese/Japanese
ICU4X data error: No segmentation model for complex script: Chinese/Japanese
ICU4X data error: No segmentation model for complex script: Chinese/Japanese
ICU4X data error: No segmentation model for complex script: Chinese/Japanese
ICU4X data error: No segmentation model for complex script: Chinese/Japanese
ICU4X data error: No segmentation model for complex script: Chinese/Japanese
2026-09-27T16:30:28.077004Z  INFO n_side::world::scene: [world/ready] meshes=3302 model_instances=263 dependencies=25 failed=0 degraded=0 startup_seconds=0.034
ICU4X data error: No segmentation model for complex script: Chinese/Japanese
ICU4X data error: No segmentation model for complex script: Chinese/Japanese
ICU4X data error: No segmentation model for complex script: Chinese/Japanese
ICU4X data error: No segmentation model for complex script: Chinese/Japanese
ICU4X data error: No segmentation model for complex script: Chinese/Japanese
ICU4X data error: No segmentation model for complex script: Chinese/Japanese
2026-09-27T16:30:33.041378Z  INFO n_side::app: [game/state] title
ICU4X data error: No segmentation model for complex script: Chinese/Japanese
ICU4X data error: No segmentation model for complex script: Chinese/Japanese
ICU4X data error: No segmentation model for complex script: Chinese/Japanese
ICU4X data error: No segmentation model for complex script: Chinese/Japanese
ICU4X data error: No segmentation model for complex script: Chinese/Japanese
ICU4X data error: No segmentation model for complex script: Chinese/Japanese
ICU4X data error: No segmentation model for complex script: Chinese/Japanese
ICU4X data error: No segmentation model for complex script: Chinese/Japanese
ICU4X data error: No segmentation model for complex script: Chinese/Japanese
ICU4X data error: No segmentation model for complex script: Chinese/Japanese
ICU4X data error: No segmentation model for complex script: Chinese/Japanese
ICU4X data error: No segmentation model for complex script: Chinese/Japanese
ICU4X data error: No segmentation model for complex script: Chinese/Japanese
ICU4X data error: No segmentation model for complex script: Chinese/Japanese
2026-09-27T16:30:33.355861Z  INFO n_side::app: [game/state] loading
ICU4X data error: No segmentation model for complex script: Chinese/Japanese
ICU4X data error: No segmentation model for complex script: Chinese/Japanese
ICU4X data error: No segmentation model for complex script: Chinese/Japanese
ICU4X data error: No segmentation model for complex script: Chinese/Japanese
ICU4X data error: No segmentation model for complex script: Chinese/Japanese
ICU4X data error: No segmentation model for complex script: Chinese/Japanese
2026-09-27T16:30:33.381369Z  INFO n_side::app: [game/state] title
ICU4X data error: No segmentation model for complex script: Chinese/Japanese
ICU4X data error: No segmentation model for complex script: Chinese/Japanese
ICU4X data error: No segmentation model for complex script: Chinese/Japanese
ICU4X data error: No segmentation model for complex script: Chinese/Japanese
ICU4X data error: No segmentation model for complex script: Chinese/Japanese
ICU4X data error: No segmentation model for complex script: Chinese/Japanese
ICU4X data error: No segmentation model for complex script: Chinese/Japanese
2026-09-27T16:30:33.975442Z  INFO n_side::capture: [capture/check] {"name":"required_assets_ready","passed":true}
2026-09-27T16:30:33.975453Z  INFO n_side::capture: [capture/check] {"expected":540,"name":"all_frames_saved","passed":true,"saved":540}
2026-09-27T16:30:33.975458Z  INFO n_side::capture: [capture/check] {"checked_frames":540,"name":"finite_transforms","passed":true}
2026-09-27T16:30:33.975461Z  INFO n_side::capture: [capture/check] {"distance":0.0,"enabled":false,"expected":{"enabled":false,"from":0,"game_page":"title","max_distance":null,"max_ui_scroll":null,"max_world_entities":0,"min_distance":null,"min_rotation":null,"min_ui_scroll":null,"min_world_entities":null,"name":"title_starts_without_world","same_world_entities":null,"to":59,"ui_device":null,"ui_focus":null,"ui_page":null,"ui_record":null,"ui_reduced_motion":null,"ui_scale":null,"world_ready":false},"name":"title_starts_without_world","passed":true,"rotation_radians":0.0}
2026-09-27T16:30:33.975468Z  INFO n_side::capture: [capture/check] {"distance":0.0,"enabled":false,"expected":{"enabled":false,"from":64,"game_page":"world","max_distance":0.00009999999747378752,"max_ui_scroll":null,"max_world_entities":null,"min_distance":null,"min_rotation":null,"min_ui_scroll":null,"min_world_entities":1,"name":"enter_loads_real_world","same_world_entities":null,"to":179,"ui_device":null,"ui_focus":null,"ui_page":null,"ui_record":null,"ui_reduced_motion":null,"ui_scale":null,"world_ready":true},"name":"enter_loads_real_world","passed":true,"rotation_radians":0.0}
2026-09-27T16:30:33.975478Z  INFO n_side::capture: [capture/check] {"distance":0.0,"enabled":false,"expected":{"enabled":null,"from":181,"game_page":"title","max_distance":null,"max_ui_scroll":null,"max_world_entities":0,"min_distance":null,"min_rotation":null,"min_ui_scroll":null,"min_world_entities":null,"name":"escape_clears_world","same_world_entities":null,"to":239,"ui_device":null,"ui_focus":null,"ui_page":null,"ui_record":null,"ui_reduced_motion":null,"ui_scale":null,"world_ready":false},"name":"escape_clears_world","passed":true,"rotation_radians":0.0}
2026-09-27T16:30:33.975489Z  INFO n_side::capture: [capture/check] {"distance":0.0,"enabled":false,"expected":{"enabled":null,"from":119,"game_page":"world","max_distance":null,"max_ui_scroll":null,"max_world_entities":null,"min_distance":null,"min_rotation":null,"min_ui_scroll":null,"min_world_entities":1,"name":"reentry_keeps_world_entity_count","same_world_entities":true,"to":329,"ui_device":null,"ui_focus":null,"ui_page":null,"ui_record":null,"ui_reduced_motion":null,"ui_scale":null,"world_ready":true},"name":"reentry_keeps_world_entity_count","passed":true,"rotation_radians":0.0}
2026-09-27T16:30:33.975496Z  INFO n_side::capture: [capture/check] {"distance":0.0,"enabled":false,"expected":{"enabled":false,"from":274,"game_page":"world","max_distance":0.00009999999747378752,"max_ui_scroll":null,"max_world_entities":null,"min_distance":null,"min_rotation":null,"min_ui_scroll":null,"min_world_entities":1,"name":"second_world_remains_stable","same_world_entities":null,"to":449,"ui_device":null,"ui_focus":null,"ui_page":null,"ui_record":null,"ui_reduced_motion":null,"ui_scale":null,"world_ready":true},"name":"second_world_remains_stable","passed":true,"rotation_radians":0.0}
2026-09-27T16:30:33.975503Z  INFO n_side::capture: [capture/check] {"distance":0.0,"enabled":false,"expected":{"enabled":null,"from":451,"game_page":"title","max_distance":null,"max_ui_scroll":null,"max_world_entities":0,"min_distance":null,"min_rotation":null,"min_ui_scroll":null,"min_world_entities":null,"name":"second_escape_clears_world","same_world_entities":true,"to":539,"ui_device":null,"ui_focus":null,"ui_page":null,"ui_record":null,"ui_reduced_motion":null,"ui_scale":null,"world_ready":false},"name":"second_escape_clears_world","passed":true,"rotation_radians":0.0}
2026-09-27T16:30:33.975510Z  INFO n_side::capture: [capture/check] {"distance":0.0,"enabled":false,"expected":{"enabled":null,"from":481,"game_page":"loading","max_distance":null,"max_ui_scroll":null,"max_world_entities":0,"min_distance":null,"min_rotation":null,"min_ui_scroll":null,"min_world_entities":null,"name":"third_entry_is_still_preparing_when_cancelled","same_world_entities":null,"to":481,"ui_device":null,"ui_focus":null,"ui_page":null,"ui_record":null,"ui_reduced_motion":null,"ui_scale":null,"world_ready":false},"name":"third_entry_is_still_preparing_when_cancelled","passed":true,"rotation_radians":0.0}
2026-09-27T16:30:33.975516Z  INFO n_side::capture: [capture/check] {"distance":0.0,"enabled":false,"expected":{"enabled":null,"from":485,"game_page":"title","max_distance":null,"max_ui_scroll":null,"max_world_entities":0,"min_distance":null,"min_rotation":null,"min_ui_scroll":null,"min_world_entities":null,"name":"cancel_returns_to_empty_title","same_world_entities":null,"to":539,"ui_device":null,"ui_focus":null,"ui_page":null,"ui_record":null,"ui_reduced_motion":null,"ui_scale":null,"world_ready":false},"name":"cancel_returns_to_empty_title","passed":true,"rotation_radians":0.0}
2026-09-27T16:30:33.975524Z  INFO n_side::capture: [capture/finished] status=PASS saved=540 report=/home/lzzz/MyProjects/N-SIDE/output/game-entry/2026-09-28/r1/main/state.json
