bun test v1.4.2 (744846f84)

tools/tests/wiki.test.ts:
(pass) sidebar follows audience and preserves story reading order [3.57ms]
(pass) data export is fail-closed and dev-only, ignoring hidden files and symlinks [4.08ms]
(pass) publication requires a known profile and an actual entry page [0.74ms]
(pass) isolated player tree excludes developer pages/data/public and uses redirects [369.29ms]
(pass) renamed pages resolve current, encyclopedia and original URLs directly with fragments [325.73ms]
(pass) player imports and public data cannot bypass the publication boundary [12.61ms]
(pass) map projection retains actual drawing/interaction and drops author fields [173.99ms]
(pass) map display renaming preserves rendered geometry and stable place identity [286.74ms]
(pass) artifact check detects injected developer raw data and search content [195.14ms]
(pass) inline template placeholders remain literal Vue text [210.21ms]
(pass) Vite module loading rejects source files outside the isolated tree [289.16ms]
(pass) external search data remains inside the selected audience [211.51ms]
(pass) real home includes the overview and audience navigation, with root-safe links [372.27ms]
(pass) published logo is readable even when the source is private [206.83ms]

tools/tests/district-map.test.ts:
(pass) map places and roads have valid shared references [3.10ms]
(pass) terrain colors follow ground elevation [0.34ms]
(pass) map overview fits extended terrain on wide and narrow screens [195.65ms]
(pass) mountain cross section uses sampled ground up to the stargazing summit [100.29ms]
(pass) mountain city keeps metre scale and usable graded route alternatives [4.58ms]
(fail) overview terrain retains source controls and excludes elevated connections [8196.65ms]
  ^ this test timed out after 5000ms, before its done callback was called. If a done callback was not intended, remove the last parameter from the test callback function
(pass) authored exterior sightlines clear intervening building volumes [24.32ms]
(pass) shopping stays local and public hillside routes remain connected [6.72ms]
(pass) orthographic projection preserves parallel edges and separates elevation from depth [15.81ms]
(pass) scene keeps platforms below volumes and geometry is finite [372.76ms]
(pass) expanded plan counts destinations separately and keeps parcel attachments valid [13.24ms]
(pass) sections follow connected routes and distinguish a lift from a slope [16.00ms]
(pass) geometry handles concave boundaries, shared walls, road width and local elevation [1.87ms]
(pass) tree positions stay outside building footprints [14.54ms]
(pass) all streets clear building volumes at their actual widths and elevations [377.13ms]
(pass) district ground-road crossings share a junction and its elevation [315.53ms]
(pass) city framework records every building and reaches its same-level facade entrances [30.44ms]
(pass) city stairs retain short flights, level rests and full-size treads [4.78ms]
(pass) ordinary streets keep their design grade and deliveries avoid stair-only approaches [3.85ms]
(pass) public streets stay outside same-level resident and service courts [22.97ms]
(pass) building volumes share boundaries without occupying the same space [34.82ms]
(pass) detailed places connect street access to separate public and service entrances [17.72ms]
(pass) cinema roof and exterior platform have distinct footprints and supported paths [1.75ms]
(pass) lifestyle routes visit actual arrival endpoints in the stated order [4.05ms]
(pass) housing estimates use residential floor area rather than the volume count [0.48ms]
(pass) architectural segments reference complete buildings and derive type counts from the same data [1.50ms]
(pass) representative buildings have consistent floors, room areas and facade entrances [159.43ms]
(pass) public, residents, students and service users have separate access rights [17.77ms]
(pass) shop supply starts on the city road and changes to a level trolley route at unloading [0.72ms]
(pass) interest equipment deliveries reach a level backstage route from a gentle city-road approach [1.20ms]
(pass) drawn room openings join actual walls and each occupied room has an access [4.23ms]
(pass) station mixed-use and interest samples connect customer and backstage rooms through their own entrances [5.59ms]
(pass) shared stairs and separate apartments connect through shared circulation [8.81ms]

tools/tests/validate-skills.test.ts:
(pass) real Bun YAML, complete coverage and anchors pass [24.28ms]
(pass) missing manifest [2.91ms]
(pass) empty object [0.30ms]
(pass) null manifest [0.40ms]
(pass) bad JSON [0.27ms]
(pass) unknown version [0.29ms]
(pass) bad adoption schema [0.26ms]
(pass) missing adoption target [0.61ms]
(pass) empty sources [1.78ms]
(pass) empty imports [0.30ms]
(pass) empty policy [0.31ms]
(pass) null skill [0.61ms]
(pass) bad files type [2.47ms]
(pass) null file record [0.52ms]
(pass) bad source [0.49ms]
(pass) bad fields [0.37ms]
(pass) missing project entrypoint [0.53ms]
(pass) empty skills directory [0.44ms]
(pass) duplicate source [0.57ms]
(pass) duplicate path [0.58ms]
(pass) missing reference [0.51ms]
(pass) altered source [0.47ms]
(pass) unregistered script [0.56ms]
(pass) missing command path [0.87ms]
(pass) bad anchor [0.47ms]
(pass) bad YAML metadata [0.57ms]
(pass) bad metadata type [0.59ms]
(pass) missing icon [2.14ms]
(pass) missing license [0.44ms]
(pass) optional links cannot exempt missing files [1.56ms]
(pass) invalid nested fields [2.03ms]
(pass) unavailable command [11.21ms]
(pass) inactive upstream reference links are checked [0.74ms]
(pass) local hashes alone explicitly do not prove upstream equality [1.98ms]
(pass) Wiki anchors match the installed VitePress renderer while upstream keeps GitHub slugs [172.54ms]

tools/tests/tasks.test.ts:
(pass) real YAML supports a completed negative experiment and exact evidence anchors [6.64ms]
(pass) schema, paths and state guardrails reject corrupt cards [5.82ms]
(pass) dependencies are unique, real, acyclic, and cancellation does not satisfy a result [1.62ms]
(pass) reopening removes current acceptance while old evidence stays in the body [0.45ms]
(pass) check is read-only, sync deterministic, list read-only and stale output fails [1.01ms]
(pass) empty task source or missing roadmap cannot pass [0.34ms]

tools/tests/toolchain.test.ts:
(pass) search adapter emits the original index and preserves the lazy loader contract [7.13ms]
(pass) Vue checker reports errors inside a real SFC instead of silently skipping it [1308.19ms]

tools/tests/story-graph.test.ts:
(pass) nested ALL/ANY keeps alternatives after partial satisfaction, never unlocks from one parent [0.24ms]
(pass) all 22 stories validate; projection excludes narrative internals and design metadata [7.70ms]
(pass) current story separates early history, later proof and optional life outcomes [1.27ms]
(pass) unknown quests, self locks and invalid typed narrative targets fail explicitly [9.22ms]
(pass) mandatory cycles with no entry fail, ANY external entry succeeds [2.80ms]
(pass) optional side cannot be unavoidable, including a mandatory main stage; ANY main alternative is valid [2.86ms]
(pass) outcomes cannot escape their required production stage in a cycle [1.19ms]
(pass) recommendations and associations never block; mixed condition semantics are rejected [1.70ms]
(pass) broken role, order, relation, schema and source references do not silently repair [7.77ms]
(pass) single source owns all indexed story pages [0.58ms]
(pass) removing an otherwise unreferenced story cannot silently drop a page [1.25ms]
(pass) optional vignettes may depend on optional stories without blocking main completion [1.20ms]

tools/tests/terrain-shape.test.ts:
(pass) terrain bake preserves authored geometry and repeats without drift [3124.89ms]
(pass) terrain noise protects complete road segments and footprints [4154.11ms]
(pass) terrain bake rejects invalid metadata and unsupported source formatting [58.30ms]

tools/tests/road-width.test.ts:
(pass) shared endpoints do not hide width conflicts and truly level junctions pass [1.93ms]
(pass) a selected route is checked against other roads without absorbing unrelated conflicts [0.61ms]

1 tests failed:
(fail) overview terrain retains source controls and excludes elevated connections [8196.65ms]
  ^ this test timed out after 5000ms, before its done callback was called. If a done callback was not intended, remove the last parameter from the test callback function

 106 pass
 1 fail
 221 expect() calls
Ran 107 tests across 8 files. [21.77s]
