   Compiling n-side v0.1.0 (/home/lzzz/MyProjects/N-SIDE/game)
    Finished `test` profile [optimized + debuginfo] target(s) in 32.17s
     Running unittests src/lib.rs (game/target/debug/deps/n_side-5e961ca7daca702b)

running 8 tests
test player::tests::body_stops_at_wall_can_leave_and_does_not_climb_tall_obstacle ... ok
test player::tests::steps_need_headroom_and_a_supported_landing ... ok
[player/ramp-obstacle] name=clear dt=0.015625 foot=Vec3(130.17052, 22.039307, -260.0044) blocked=None
[player/ramp-obstacle] name=clear dt=0.033333335 foot=Vec3(130.07565, 22.02983, -260.00168) blocked=None
test player::tests::close_camera_hides_proxy_and_clear_view_restores_it ... ok
test player::tests::steep_face_cannot_be_climbed_by_repeated_edge_contacts ... ok
[player/ramp-obstacle] name=wall dt=0.015625 foot=Vec3(114.62914, 20.48549, -260.0) blocked=Some("/buildings/0")
[player/ramp-obstacle] name=wall dt=0.033333335 foot=Vec3(114.62916, 20.485498, -260.0) blocked=Some("/buildings/0")
[player/ramp-obstacle] name=tall-step dt=0.015625 foot=Vec3(114.67901, 20.490236, -260.0) blocked=Some("/roads/1")
[player/ramp-obstacle] name=tall-step dt=0.033333335 foot=Vec3(114.67901, 20.490498, -260.0) blocked=Some("/roads/1")
test player::tests::ramp_contacts_keep_moving_without_passing_a_wall_or_tall_step ... ok
test player::tests::settles_after_descending_near_the_summit ... ok
[player/steps] foot=Vec3(106.39795, 29.47776, -272.60678) grounded=true blocked=None
[player/ramp] foot=Vec3(117.15872, 27.191662, -246.41214) grounded=true blocked=None
[ascent/start] route=hill-short nodes=259 triangles=557434 dt=0.015625 height_tolerance=0.191 preparation_seconds=8.803 spawn=Vec3(100.0, 28.046001, -255.0)
[ascent/node] index=1 from=home node=flat_home_to_east_low_junction roads=[1] seconds=3.421875 foot=Vec3(108.75978, 28.04582, -261.56982) target=Vec3(108.8, 28.0, -261.6) distance=0.050287 height_error=0.020819 grounded=true blocked=None resets=0 support=CollisionHit { fraction: 0.44999996, normal: Vec3(-0.07705924, 0.99535006, 0.05779443), point: Vec3(108.8, 28.025002, -261.6), surface_normal: Vec3(-0.07705924, 0.99535006, 0.05779443), source: "/roads/1 (square -> junction_square_north -> junction_square_bend -> market_entry -> market_turn -> junction_market_turn_north -> court -> junction_shop_court_north -> shop_south_junction -> flat_home_from_shop_south_junction -> home -> flat_home_to_east_low_junction -> east_low_junction -> flat_east_low_junction_to_east_mid_junction -> flat_east_mid_junction_from_east_low_junction -> east_mid_junction)", triangle: 21013 } result=reached
[ascent/node] index=2 from=flat_home_to_east_low_junction node=east_low_junction roads=[1] seconds=5.843750 foot=Vec3(114.95497, 28.793726, -266.2173) target=Vec3(115.0, 28.75, -266.25) distance=0.055658 height_error=0.018726 grounded=true blocked=None resets=0 support=CollisionHit { fraction: 0.4500008, normal: Vec3(0.0, 1.0, -0.0), point: Vec3(115.0, 28.775, -266.25), surface_normal: Vec3(0.0, 1.0, -0.0), source: "/roads/1 (square -> junction_square_north -> junction_square_bend -> market_entry -> market_turn -> junction_market_turn_north -> court -> junction_shop_court_north -> shop_south_junction -> flat_home_from_shop_south_junction -> home -> flat_home_to_east_low_junction -> east_low_junction -> flat_east_low_junction_to_east_mid_junction -> flat_east_mid_junction_from_east_low_junction -> east_mid_junction)", triangle: 21015 } result=reached
[ascent/node] index=3 from=east_low_junction node=flat_east_low_junction_to_east_mid_junction roads=[1] seconds=6.218750 foot=Vec3(115.91447, 28.80543, -266.93588) target=Vec3(115.96, 28.75, -266.97) distance=0.056897 height_error=0.020361 grounded=true blocked=None resets=0 support=CollisionHit { fraction: 0.44328833, normal: Vec3(-0.012601378, 0.99991673, -0.0028187395), point: Vec3(115.96, 28.785069, -266.97), surface_normal: Vec3(-0.0126013765, 0.9999166, -0.0028187393), source: "/roads/279 (east_low_junction -> v_a12_door_landing -> v_a12_door)", triangle: 55630 } result=reached
[player/wall] foot=Vec3(88.376, 28.055874, -255.0) grounded=true blocked=Some("buildings[V-04]/derived-facade")
[ascent/node] index=4 from=flat_east_low_junction_to_east_mid_junction node=flat_east_mid_junction_from_east_low_junction roads=[1] seconds=16.093750 foot=Vec3(141.15327, 31.94164, -285.86496) target=Vec3(141.2, 31.9, -285.9) distance=0.058398 height_error=0.016644 grounded=true blocked=None resets=0 support=CollisionHit { fraction: 0.4500009, normal: Vec3(-0.079477966, 0.9950529, 0.059608553), point: Vec3(141.2, 31.924997, -285.9), surface_normal: Vec3(-0.07947796, 0.99505275, 0.059608545), source: "/roads/1 (square -> junction_square_north -> junction_square_bend -> market_entry -> market_turn -> junction_market_turn_north -> court -> junction_shop_court_north -> shop_south_junction -> flat_home_from_shop_south_junction -> home -> flat_home_to_east_low_junction -> east_low_junction -> flat_east_low_junction_to_east_mid_junction -> flat_east_mid_junction_from_east_low_junction -> east_mid_junction)", triangle: 21017 } result=reached
[ascent/node] index=5 from=flat_east_mid_junction_from_east_low_junction node=east_mid_junction roads=[1] seconds=17.187500 foot=Vec3(143.95203, 31.945452, -287.96402) target=Vec3(144.0, 31.9, -288.0) distance=0.059967 height_error=0.020452 grounded=true blocked=None resets=0 support=CollisionHit { fraction: 0.44999948, normal: Vec3(0.0, 1.0, -0.0), point: Vec3(144.0, 31.925, -288.0), surface_normal: Vec3(0.0, 1.0, -0.0), source: "/roads/2 (east_mid_junction -> level_east_mid_junction_to_bend)", triangle: 21330 } result=reached
[ascent/node] index=6 from=east_mid_junction node=level_east_mid_junction_to_bend roads=[2] seconds=18.468750 foot=Vec3(147.17274, 32.027523, -290.3803) target=Vec3(147.2, 31.9, -290.4) distance=0.033617 height_error=0.102524 grounded=true blocked=None resets=0 support=CollisionHit { fraction: 0.44999948, normal: Vec3(0.0, 1.0, 0.0), point: Vec3(147.2, 31.925, -290.4), surface_normal: Vec3(0.0, 1.0, 0.0), source: "/roads/2 (east_mid_junction -> level_east_mid_junction_to_bend)", triangle: 21331 } result=reached
[ascent/node] index=7 from=level_east_mid_junction_to_bend node=stair_level_east_mid_junction_to_bend_level_bend_from_east_mid_junction_01_in roads=[3] seconds=24.390625 foot=Vec3(161.15529, 36.604668, -300.86594) target=Vec3(161.2, 36.563637, -300.9) distance=0.056203 height_error=0.099308 grounded=true blocked=None resets=0 support=CollisionHit { fraction: 0.5055186, normal: Vec3(0.0, 1.0, 0.0), point: Vec3(161.2, 36.50536, -300.9), surface_normal: Vec3(0.0, 1.0, 0.0), source: "/roads/3 (level_east_mid_junction_to_bend -> stair_level_east_mid_junction_to_bend_level_bend_from_east_mid_junction_01_in)", triangle: 21401 } result=reached
[ascent/node] index=8 from=stair_level_east_mid_junction_to_bend_level_bend_from_east_mid_junction_01_in node=stair_level_east_mid_junction_to_bend_level_bend_from_east_mid_junction_01_out roads=[4] seconds=25.046875 foot=Vec3(162.77776, 36.691723, -302.08347) target=Vec3(162.8, 36.563637, -302.1) distance=0.027722 height_error=0.019806 grounded=true blocked=None resets=0 support=CollisionHit { fraction: 0.39448038, normal: Vec3(0.0, 1.0, -0.0), point: Vec3(162.8, 36.671917, -302.1), surface_normal: Vec3(0.0, 1.0, -0.0), source: "/roads/5 (stair_level_east_mid_junction_to_bend_level_bend_from_east_mid_junction_01_out -> level_bend_from_east_mid_junction)", triangle: 21594 } result=reached
[ascent/node] index=9 from=stair_level_east_mid_junction_to_bend_level_bend_from_east_mid_junction_01_out node=level_bend_from_east_mid_junction roads=[5] seconds=30.968750 foot=Vec3(176.7616, 41.269672, -312.57135) target=Vec3(176.8, 41.227272, -312.6) distance=0.047919 height_error=0.017399 grounded=true blocked=None resets=0 support=CollisionHit { fraction: 0.44999948, normal: Vec3(0.0, 1.0, -0.0), point: Vec3(176.8, 41.252274, -312.6), surface_normal: Vec3(0.0, 1.0, -0.0), source: "/roads/6 (level_bend_from_east_mid_junction -> bend -> level_bend_to_bend-steps-rest-junction)", triangle: 21836 } result=reached
[ascent/node] index=10 from=level_bend_from_east_mid_junction node=bend roads=[6] seconds=32.218750 foot=Vec3(179.95975, 41.272816, -314.96982) target=Vec3(180.0, 41.227272, -315.0) distance=0.050311 height_error=0.020542 grounded=true blocked=None resets=0 support=CollisionHit { fraction: 0.44999948, normal: Vec3(0.0, 1.0, -0.0), point: Vec3(180.0, 41.252274, -315.0), surface_normal: Vec3(0.0, 0.99999994, -0.0), source: "/roads/6 (level_bend_from_east_mid_junction -> bend -> level_bend_to_bend-steps-rest-junction)", triangle: 21838 } result=reached
[ascent/node] index=11 from=bend node=level_bend_to_bend-steps-rest-junction roads=[6] seconds=33.500000 foot=Vec3(183.55971, 41.357334, -316.7785) target=Vec3(183.57771, 41.227272, -316.78885) distance=0.020766 height_error=0.020275 grounded=true blocked=None resets=0 support=CollisionHit { fraction: 0.39347586, normal: Vec3(0.0, 1.0, -0.0), point: Vec3(183.57771, 41.33706, -316.78885), surface_normal: Vec3(0.0, 1.0, -0.0), source: "/roads/7 (level_bend_to_bend-steps-rest-junction -> stair_level_bend_to_bend-steps-rest-junction_level_bend-steps-rest-junction_from_bend_01_in)", triangle: 21860 } result=reached
[player/ascent-entry] dt=0.015625 foot=Vec3(186.39674, 43.37027, -319.9323) grounded=true blocked=None resets=0
[ascent/node] index=12 from=level_bend_to_bend-steps-rest-junction node=stair_level_bend_to_bend-steps-rest-junction_level_bend-steps-rest-junction_from_bend_01_in roads=[7] seconds=37.562500 foot=Vec3(193.51147, 46.868687, -321.75577) target=Vec3(193.52786, 46.823208, -321.76395) distance=0.018315 height_error=0.020481 grounded=true blocked=None resets=0 support=CollisionHit { fraction: 0.45000204, normal: Vec3(0.0, 1.0, -0.0), point: Vec3(193.52786, 46.848206, -321.76395), surface_normal: Vec3(0.0, 1.0, -0.0), source: "/roads/8 (stair_level_bend_to_bend-steps-rest-junction_level_bend-steps-rest-junction_from_bend_01_in -> stair_level_bend_to_bend-steps-rest-junction_level_bend-steps-rest-junction_from_bend_01_out)", triangle: 22130 } result=reached
[ascent/node] index=13 from=stair_level_bend_to_bend-steps-rest-junction_level_bend-steps-rest-junction_from_bend_01_in node=stair_level_bend_to_bend-steps-rest-junction_level_bend-steps-rest-junction_from_bend_01_out roads=[8] seconds=38.203125 foot=Vec3(195.28767, 46.951744, -322.6442) target=Vec3(195.31671, 46.823208, -322.65836) distance=0.032306 height_error=0.103539 grounded=true blocked=None resets=0 support=CollisionHit { fraction: 0.45000204, normal: Vec3(0.0, 1.0, 0.0), point: Vec3(195.31671, 46.848206, -322.65836), surface_normal: Vec3(0.0, 1.0, 0.0), source: "/roads/8 (stair_level_bend_to_bend-steps-rest-junction_level_bend-steps-rest-junction_from_bend_01_in -> stair_level_bend_to_bend-steps-rest-junction_level_bend-steps-rest-junction_from_bend_01_out)", triangle: 22131 } result=reached
[player/ascent-entry] dt=0.033333335 foot=Vec3(186.9143, 43.689213, -320.3123) grounded=true blocked=None resets=0
test player::tests::real_shop_walk_reaches_steps_and_wall_through_swept_geometry ... ok
[ascent/node] index=14 from=stair_level_bend_to_bend-steps-rest-junction_level_bend-steps-rest-junction_from_bend_01_out node=level_bend-steps-rest-junction_from_bend roads=[9] seconds=42.312500 foot=Vec3(205.25848, 52.46496, -327.6292) target=Vec3(205.26688, 52.41914, -327.63342) distance=0.009390 height_error=0.045818 grounded=true blocked=None resets=0 support=CollisionHit { fraction: 0.46666718, normal: Vec3(0.0, 1.0, 0.0), point: Vec3(205.26688, 52.41914, -327.63342), surface_normal: Vec3(0.0, 1.0, 0.0), source: "/terrain", triangle: 2146 } result=reached
[ascent/node] index=15 from=level_bend-steps-rest-junction_from_bend node=bend-steps-rest-junction roads=[10] seconds=46.046875 foot=Vec3(215.9474, 52.46496, -332.97372) target=Vec3(216.0, 52.41914, -333.0) distance=0.058795 height_error=0.020821 grounded=true blocked=None resets=0 support=CollisionHit { fraction: 0.45000204, normal: Vec3(0.0, 1.0, 0.0), point: Vec3(216.0, 52.444138, -333.0), surface_normal: Vec3(0.0, 1.0, 0.0), source: "/roads/10 (level_bend-steps-rest-junction_from_bend -> bend-steps-rest-junction -> level_bend-steps-rest-junction_to_upper)", triangle: 22420 } result=reached
[ascent/node] index=16 from=bend-steps-rest-junction node=level_bend-steps-rest-junction_to_upper roads=[10] seconds=49.828125 foot=Vec3(226.71281, 52.546875, -338.35638) target=Vec3(226.73312, 52.41914, -338.36658) distance=0.022724 height_error=0.019833 grounded=true blocked=None resets=0 support=CollisionHit { fraction: 0.39473215, normal: Vec3(0.0, 1.0, -0.0), point: Vec3(226.73312, 52.527042, -338.36658), surface_normal: Vec3(0.0, 1.0, -0.0), source: "/roads/11 (level_bend-steps-rest-junction_to_upper -> stair_level_bend-steps-rest-junction_to_upper_level_upper_from_bend-steps-rest-junction_01_in)", triangle: 22466 } result=reached
[ascent/node] index=17 from=level_bend-steps-rest-junction_to_upper node=stair_level_bend-steps-rest-junction_to_upper_level_upper_from_bend-steps-rest-junction_01_in roads=[11] seconds=56.890625 foot=Vec3(239.1222, 59.097355, -344.5611) target=Vec3(239.1222, 59.051357, -344.5611) distance=0.000000 height_error=0.021000 grounded=false blocked=None resets=0 support=CollisionHit { fraction: 0.45000204, normal: Vec3(0.0, 1.0, -0.0), point: Vec3(239.1222, 59.076355, -344.5611), surface_normal: Vec3(0.0, 1.0, -0.0), source: "/roads/12 (stair_level_bend-steps-rest-junction_to_upper_level_upper_from_bend-steps-rest-junction_01_in -> stair_level_bend-steps-rest-junction_to_upper_level_upper_from_bend-steps-rest-junction_01_out)", triangle: 22806 } result=no 1cm effective progress for 2 seconds
[ascent/contact] ground_normal=Vec3(0.0, 1.0, -0.0) vertical_speed=-36.84375 horizontal=None up=None down=Some(CollisionHit { fraction: 0.0035694668, normal: Vec3(-0.0, 1.0, -0.0), point: Vec3(239.1222, 59.076355, -344.5611), surface_normal: Vec3(0.89442563, 0.0, -0.44721663), source: "/roads/12 (stair_level_bend-steps-rest-junction_to_upper_level_upper_from_bend-steps-rest-junction_01_in -> stair_level_bend-steps-rest-junction_to_upper_level_upper_from_bend-steps-rest-junction_01_out)/structure", triangle: 22815 })

thread 'player::tests::walks_complete_short_ascent_and_return' (312) panicked at src/player.rs:949:25:
hill-short stopped: no 1cm effective progress for 2 seconds; wall_seconds=8.955
note: run with `RUST_BACKTRACE=1` environment variable to display a backtrace
test player::tests::walks_complete_short_ascent_and_return ... FAILED

failures:

failures:
    player::tests::walks_complete_short_ascent_and_return

test result: FAILED. 7 passed; 1 failed; 0 ignored; 0 measured; 51 filtered out; finished in 8.97s

error: test failed, to rerun pass `--lib`
