   Compiling n-side v0.1.0 (/home/lzzz/MyProjects/N-SIDE/game)
    Finished `test` profile [optimized + debuginfo] target(s) in 48.26s
     Running unittests src/lib.rs (game/target/debug/deps/n_side-5e961ca7daca702b)

running 1 test
[summit/contact] fall=0.02 hit=Some(CollisionHit { fraction: 0.036621094, normal: Vec3(0.00011445163, 1.0, -0.00011445163), point: Vec3(258.23273, 448.46945, -933.7331), surface_normal: Vec3(0.0, 1.0, 0.0), source: "/roads/853 (hill_short_summit_wait -> hill_bend)", triangle: 102760 }) walkable=Some(Vec3(0.0, 1.0, 0.0))
[summit/contact] fall=0.04 hit=Some(CollisionHit { fraction: 0.018310547, normal: Vec3(0.00011445163, 1.0, -0.00011445163), point: Vec3(258.23273, 448.46945, -933.7331), surface_normal: Vec3(0.0, 1.0, 0.0), source: "/roads/853 (hill_short_summit_wait -> hill_bend)", triangle: 102760 }) walkable=Some(Vec3(0.0, 1.0, 0.0))
[summit/contact] fall=0.14 hit=Some(CollisionHit { fraction: 0.005231585, normal: Vec3(0.00011445163, 1.0, -0.00011445163), point: Vec3(258.23273, 448.46945, -933.7331), surface_normal: Vec3(0.0, 1.0, 0.0), source: "/roads/853 (hill_short_summit_wait -> hill_bend)", triangle: 102760 }) walkable=Some(Vec3(0.0, 1.0, 0.0))
[summit/contact] fall=0.28 hit=Some(CollisionHit { fraction: 0.0026157924, normal: Vec3(0.00011445163, 1.0, -0.00011445163), point: Vec3(258.23273, 448.46945, -933.7331), surface_normal: Vec3(0.0, 1.0, 0.0), source: "/roads/853 (hill_short_summit_wait -> hill_bend)", triangle: 102760 }) walkable=Some(Vec3(0.0, 1.0, 0.0))
[summit/contact] fall=1.2 hit=Some(CollisionHit { fraction: 0.00061035156, normal: Vec3(0.00011445163, 1.0, -0.00011445163), point: Vec3(258.23273, 448.46945, -933.7331), surface_normal: Vec3(0.0, 1.0, 0.0), source: "/roads/853 (hill_short_summit_wait -> hill_bend)", triangle: 102760 }) walkable=Some(Vec3(0.0, 1.0, 0.0))
[summit/contact] fall=1.22 hit=Some(CollisionHit { fraction: 0.0006003458, normal: Vec3(0.00011445163, 1.0, -0.00011445163), point: Vec3(258.23273, 448.46945, -933.7331), surface_normal: Vec3(0.0, 1.0, 0.0), source: "/roads/853 (hill_short_summit_wait -> hill_bend)", triangle: 102760 }) walkable=Some(Vec3(0.0, 1.0, 0.0))
[summit/horizontal] delta=Vec3(0.0032348633, 0.0, 0.0025634766) moved=Vec3(258.23904, 448.49008, -933.7264) blocked=None down=Some(CollisionHit { fraction: 0.00050028815, normal: Vec3(-0.0026848458, 0.9999942, -0.002125503), point: Vec3(258.23932, 448.46945, -933.7266), surface_normal: Vec3(0.8005051, 0.0, 0.59932595), source: "/roads/852 (stair_hill_short_rest3_departure_hill_short_summit_wait_04_out -> hill_short_summit_wait)/structure", triangle: 102756 })
[summit/after] foot=Vec3(258.23578, 448.49008, -933.72894) grounded=false vertical_speed=-36.600002

thread 'player::tests::settles_after_descending_near_the_summit' (296) panicked at src/player.rs:775:9:
valid nearby floor must settle the falling body
note: run with `RUST_BACKTRACE=1` environment variable to display a backtrace
test player::tests::settles_after_descending_near_the_summit ... FAILED

failures:

failures:
    player::tests::settles_after_descending_near_the_summit

test result: FAILED. 0 passed; 1 failed; 0 ignored; 0 measured; 58 filtered out; finished in 8.69s

error: test failed, to rerun pass `--lib`
