Blender 4.5.14 LTS (hash 62c1db4208e8 built 2026-09-15 01:31:19)
Read blend: "/home/lzzz/MyProjects/N-SIDE/source-assets/characters/CHR-002/model/ling-grey-study.blend"
Fra:1 Mem:21.13M (Peak 21.74M) | Time:00:00.03 | Mem:0.00M, Peak:0.00M | Scene, ViewLayer | Synchronizing object | TShirt
Fra:1 Mem:21.28M (Peak 21.74M) | Time:00:00.03 | Mem:0.00M, Peak:0.00M | Scene, ViewLayer | Synchronizing object | TShirt_Collar
Fra:1 Mem:21.30M (Peak 21.74M) | Time:00:00.03 | Mem:0.00M, Peak:0.00M | Scene, ViewLayer | Synchronizing object | Sleeve_Cuff.L
Fra:1 Mem:21.31M (Peak 21.74M) | Time:00:00.03 | Mem:0.00M, Peak:0.00M | Scene, ViewLayer | Synchronizing object | Zip_Tape.L
Fra:1 Mem:21.35M (Peak 21.74M) | Time:00:00.04 | Mem:0.00M, Peak:0.00M | Scene, ViewLayer | Synchronizing object | Palm.L
Fra:1 Mem:21.40M (Peak 21.74M) | Time:00:00.04 | Mem:0.00M, Peak:0.00M | Scene, ViewLayer | Synchronizing object | Index_Mesh.L
Fra:1 Mem:21.41M (Peak 21.74M) | Time:00:00.04 | Mem:0.00M, Peak:0.00M | Scene, ViewLayer | Synchronizing object | Middle_Mesh.L
Fra:1 Mem:21.41M (Peak 21.74M) | Time:00:00.04 | Mem:0.00M, Peak:0.00M | Scene, ViewLayer | Synchronizing object | Ring_Mesh.L
Fra:1 Mem:21.42M (Peak 21.74M) | Time:00:00.04 | Mem:0.00M, Peak:0.00M | Scene, ViewLayer | Synchronizing object | Pinky_Mesh.L
Fra:1 Mem:21.43M (Peak 21.74M) | Time:00:00.04 | Mem:0.00M, Peak:0.00M | Scene, ViewLayer | Synchronizing object | Thumb_Mesh.L
Fra:1 Mem:21.52M (Peak 21.74M) | Time:00:00.08 | Mem:0.00M, Peak:0.00M | Scene, ViewLayer | Synchronizing object | Leg.L
Fra:1 Mem:21.71M (Peak 21.74M) | Time:00:00.11 | Mem:0.00M, Peak:0.00M | Scene, ViewLayer | Synchronizing object | Shorts.L
Fra:1 Mem:21.80M (Peak 21.80M) | Time:00:00.11 | Mem:0.00M, Peak:0.00M | Scene, ViewLayer | Synchronizing object | Shorts_Hem.L
Fra:1 Mem:21.81M (Peak 21.81M) | Time:00:00.11 | Mem:0.00M, Peak:0.00M | Scene, ViewLayer | Synchronizing object | Sneaker_Sole.L
Fra:1 Mem:21.82M (Peak 21.82M) | Time:00:00.11 | Mem:0.00M, Peak:0.00M | Scene, ViewLayer | Synchronizing object | Sneaker_Upper.L
Fra:1 Mem:21.85M (Peak 21.85M) | Time:00:00.11 | Mem:0.00M, Peak:0.00M | Scene, ViewLayer | Synchronizing object | Sock.L
Fra:1 Mem:21.86M (Peak 21.86M) | Time:00:00.11 | Mem:0.00M, Peak:0.00M | Scene, ViewLayer | Synchronizing object | Lace_0.L
Fra:1 Mem:21.86M (Peak 21.86M) | Time:00:00.11 | Mem:0.00M, Peak:0.00M | Scene, ViewLayer | Synchronizing object | Lace_1.L
Fra:1 Mem:21.87M (Peak 21.87M) | Time:00:00.11 | Mem:0.00M, Peak:0.00M | Scene, ViewLayer | Synchronizing object | Lace_2.L
Fra:1 Mem:21.87M (Peak 21.87M) | Time:00:00.11 | Mem:0.00M, Peak:0.00M | Scene, ViewLayer | Synchronizing object | Heel_Tab.L
Fra:1 Mem:21.87M (Peak 21.87M) | Time:00:00.11 | Mem:0.00M, Peak:0.00M | Scene, ViewLayer | Synchronizing object | Sleeve_Cuff.R
Fra:1 Mem:21.88M (Peak 21.88M) | Time:00:00.11 | Mem:0.00M, Peak:0.00M | Scene, ViewLayer | Synchronizing object | Zip_Tape.R
Fra:1 Mem:21.92M (Peak 21.92M) | Time:00:00.12 | Mem:0.00M, Peak:0.00M | Scene, ViewLayer | Synchronizing object | Palm.R
Fra:1 Mem:21.98M (Peak 21.98M) | Time:00:00.12 | Mem:0.00M, Peak:0.00M | Scene, ViewLayer | Synchronizing object | Index_Mesh.R
Fra:1 Mem:21.98M (Peak 21.98M) | Time:00:00.12 | Mem:0.00M, Peak:0.00M | Scene, ViewLayer | Synchronizing object | Middle_Mesh.R
Fra:1 Mem:21.98M (Peak 21.98M) | Time:00:00.12 | Mem:0.00M, Peak:0.00M | Scene, ViewLayer | Synchronizing object | Ring_Mesh.R
Fra:1 Mem:21.99M (Peak 21.99M) | Time:00:00.12 | Mem:0.00M, Peak:0.00M | Scene, ViewLayer | Synchronizing object | Pinky_Mesh.R
Fra:1 Mem:22.00M (Peak 22.00M) | Time:00:00.12 | Mem:0.00M, Peak:0.00M | Scene, ViewLayer | Synchronizing object | Thumb_Mesh.R
Fra:1 Mem:22.09M (Peak 22.09M) | Time:00:00.15 | Mem:0.00M, Peak:0.00M | Scene, ViewLayer | Synchronizing object | Leg.R
Fra:1 Mem:22.28M (Peak 22.28M) | Time:00:00.18 | Mem:0.00M, Peak:0.00M | Scene, ViewLayer | Synchronizing object | Shorts.R
Fra:1 Mem:22.38M (Peak 22.38M) | Time:00:00.18 | Mem:0.00M, Peak:0.00M | Scene, ViewLayer | Synchronizing object | Shorts_Hem.R
Fra:1 Mem:22.39M (Peak 22.39M) | Time:00:00.18 | Mem:0.00M, Peak:0.00M | Scene, ViewLayer | Synchronizing object | Sneaker_Sole.R
Fra:1 Mem:22.41M (Peak 22.41M) | Time:00:00.18 | Mem:0.00M, Peak:0.00M | Scene, ViewLayer | Synchronizing object | Sneaker_Upper.R
Fra:1 Mem:22.43M (Peak 22.43M) | Time:00:00.18 | Mem:0.00M, Peak:0.00M | Scene, ViewLayer | Synchronizing object | Sock.R
Fra:1 Mem:22.45M (Peak 22.45M) | Time:00:00.18 | Mem:0.00M, Peak:0.00M | Scene, ViewLayer | Synchronizing object | Lace_0.R
Fra:1 Mem:22.45M (Peak 22.45M) | Time:00:00.18 | Mem:0.00M, Peak:0.00M | Scene, ViewLayer | Synchronizing object | Lace_1.R
Fra:1 Mem:22.45M (Peak 22.45M) | Time:00:00.18 | Mem:0.00M, Peak:0.00M | Scene, ViewLayer | Synchronizing object | Lace_2.R
Fra:1 Mem:22.46M (Peak 22.46M) | Time:00:00.18 | Mem:0.00M, Peak:0.00M | Scene, ViewLayer | Synchronizing object | Heel_Tab.R
Fra:1 Mem:23.02M (Peak 23.02M) | Time:00:00.21 | Mem:0.00M, Peak:0.00M | Scene, ViewLayer | Synchronizing object | Jacket_ContinuousShoulders
Fra:1 Mem:24.24M (Peak 24.24M) | Time:00:00.61 | Mem:0.00M, Peak:0.00M | Scene, ViewLayer | Synchronizing object | Face_Head
Fra:1 Mem:24.91M (Peak 24.91M) | Time:00:00.62 | Mem:0.00M, Peak:0.00M | Scene, ViewLayer | Synchronizing object | Ear.L
Fra:1 Mem:24.96M (Peak 24.96M) | Time:00:00.62 | Mem:0.00M, Peak:0.00M | Scene, ViewLayer | Synchronizing object | Ear_Fold.L
Fra:1 Mem:25.01M (Peak 25.01M) | Time:00:00.63 | Mem:0.00M, Peak:0.00M | Scene, ViewLayer | Synchronizing object | Ear.R
Fra:1 Mem:25.07M (Peak 25.07M) | Time:00:00.63 | Mem:0.00M, Peak:0.00M | Scene, ViewLayer | Synchronizing object | Ear_Fold.R
Fra:1 Mem:25.08M (Peak 25.08M) | Time:00:00.63 | Mem:0.00M, Peak:0.00M | Scene, ViewLayer | Synchronizing object | Eye_White.L
Fra:1 Mem:25.09M (Peak 25.09M) | Time:00:00.63 | Mem:0.00M, Peak:0.00M | Scene, ViewLayer | Synchronizing object | Iris_hair.L
Fra:1 Mem:25.10M (Peak 25.10M) | Time:00:00.63 | Mem:0.00M, Peak:0.00M | Scene, ViewLayer | Synchronizing object | Iris_ink.L
Fra:1 Mem:25.11M (Peak 25.11M) | Time:00:00.63 | Mem:0.00M, Peak:0.00M | Scene, ViewLayer | Synchronizing object | Eye_Glint.L
Fra:1 Mem:25.11M (Peak 25.11M) | Time:00:00.63 | Mem:0.00M, Peak:0.00M | Scene, ViewLayer | Synchronizing object | Upper_Lid.L
Fra:1 Mem:25.13M (Peak 25.13M) | Time:00:00.63 | Mem:0.00M, Peak:0.00M | Scene, ViewLayer | Synchronizing object | Lower_Lid.L
Fra:1 Mem:25.13M (Peak 25.13M) | Time:00:00.63 | Mem:0.00M, Peak:0.00M | Scene, ViewLayer | Synchronizing object | Eyebrow.L
Fra:1 Mem:25.14M (Peak 25.14M) | Time:00:00.63 | Mem:0.00M, Peak:0.00M | Scene, ViewLayer | Synchronizing object | Eye_White.R
Fra:1 Mem:25.15M (Peak 25.15M) | Time:00:00.63 | Mem:0.00M, Peak:0.00M | Scene, ViewLayer | Synchronizing object | Iris_hair.R
Fra:1 Mem:25.16M (Peak 25.16M) | Time:00:00.63 | Mem:0.00M, Peak:0.00M | Scene, ViewLayer | Synchronizing object | Iris_ink.R
Fra:1 Mem:25.17M (Peak 25.17M) | Time:00:00.63 | Mem:0.00M, Peak:0.00M | Scene, ViewLayer | Synchronizing object | Eye_Glint.R
Fra:1 Mem:25.17M (Peak 25.17M) | Time:00:00.63 | Mem:0.00M, Peak:0.00M | Scene, ViewLayer | Synchronizing object | Upper_Lid.R
Fra:1 Mem:25.19M (Peak 25.19M) | Time:00:00.63 | Mem:0.00M, Peak:0.00M | Scene, ViewLayer | Synchronizing object | Lower_Lid.R
Fra:1 Mem:25.19M (Peak 25.19M) | Time:00:00.63 | Mem:0.00M, Peak:0.00M | Scene, ViewLayer | Synchronizing object | Eyebrow.R
Fra:1 Mem:25.20M (Peak 25.20M) | Time:00:00.63 | Mem:0.00M, Peak:0.00M | Scene, ViewLayer | Synchronizing object | Mouth
Fra:1 Mem:25.21M (Peak 25.21M) | Time:00:00.63 | Mem:0.00M, Peak:0.00M | Scene, ViewLayer | Synchronizing object | Hair_Cap
Fra:1 Mem:26.38M (Peak 26.38M) | Time:00:00.67 | Mem:0.00M, Peak:0.00M | Scene, ViewLayer | Synchronizing object | Hair_CrownBase
Fra:1 Mem:26.47M (Peak 26.47M) | Time:00:00.67 | Mem:0.00M, Peak:0.00M | Scene, ViewLayer | Synchronizing object | Review_Rim
Fra:1 Mem:26.49M (Peak 26.49M) | Time:00:00.67 | Mem:0.00M, Peak:0.00M | Scene, ViewLayer | Synchronizing object | Review_Fill
Fra:1 Mem:26.47M (Peak 26.49M) | Time:00:00.67 | Mem:0.00M, Peak:0.00M | Scene, ViewLayer | Synchronizing object | Bangs_00
Fra:1 Mem:26.48M (Peak 26.49M) | Time:00:00.67 | Mem:0.00M, Peak:0.00M | Scene, ViewLayer | Synchronizing object | Review_Key
Fra:1 Mem:26.49M (Peak 26.49M) | Time:00:00.67 | Mem:0.00M, Peak:0.00M | Scene, ViewLayer | Synchronizing object | Bangs_01
Fra:1 Mem:26.49M (Peak 26.49M) | Time:00:00.67 | Mem:0.00M, Peak:0.00M | Scene, ViewLayer | Synchronizing object | Review_Ground
Fra:1 Mem:26.51M (Peak 26.51M) | Time:00:00.67 | Mem:0.00M, Peak:0.00M | Scene, ViewLayer | Synchronizing object | Drawing_Pen_0.16
Fra:1 Mem:26.51M (Peak 26.51M) | Time:00:00.67 | Mem:0.00M, Peak:0.00M | Scene, ViewLayer | Synchronizing object | Bangs_02
Fra:1 Mem:26.52M (Peak 26.52M) | Time:00:00.67 | Mem:0.00M, Peak:0.00M | Scene, ViewLayer | Synchronizing object | Drawing_Pen_0.136
Fra:1 Mem:26.54M (Peak 26.54M) | Time:00:00.67 | Mem:0.00M, Peak:0.00M | Scene, ViewLayer | Synchronizing object | Pen_Pouch
Fra:1 Mem:26.54M (Peak 26.54M) | Time:00:00.67 | Mem:0.00M, Peak:0.00M | Scene, ViewLayer | Synchronizing object | Bangs_03
Fra:1 Mem:26.55M (Peak 26.55M) | Time:00:00.67 | Mem:0.00M, Peak:0.00M | Scene, ViewLayer | Synchronizing object | Hair_Clip_1
Fra:1 Mem:26.56M (Peak 26.56M) | Time:00:00.67 | Mem:0.00M, Peak:0.00M | Scene, ViewLayer | Synchronizing object | Hair_Clip_0
Fra:1 Mem:26.56M (Peak 26.56M) | Time:00:00.67 | Mem:0.00M, Peak:0.00M | Scene, ViewLayer | Synchronizing object | Temple_0.L
Fra:1 Mem:26.57M (Peak 26.57M) | Time:00:00.67 | Mem:0.00M, Peak:0.00M | Scene, ViewLayer | Synchronizing object | Temple_0.R
Fra:1 Mem:26.61M (Peak 26.61M) | Time:00:00.67 | Mem:0.00M, Peak:0.00M | Scene, ViewLayer | Initializing
Fra:1 Mem:21.88M (Peak 26.61M) | Time:00:00.67 | Mem:0.00M, Peak:0.00M | Scene, ViewLayer | Updating Images | Loading CHR002_GreyStudy_BaseColor
Fra:1 Mem:22.62M (Peak 29.89M) | Time:00:00.69 | Mem:4.00M, Peak:4.00M | Scene, ViewLayer | Waiting for render to start
Fra:1 Mem:22.62M (Peak 29.89M) | Time:00:00.69 | Mem:4.00M, Peak:4.00M | Scene, ViewLayer | Updating Scene
Fra:1 Mem:22.62M (Peak 29.89M) | Time:00:00.69 | Mem:4.00M, Peak:4.00M | Scene, ViewLayer | Updating Shaders
Fra:1 Mem:22.62M (Peak 29.89M) | Time:00:00.69 | Mem:4.00M, Peak:4.00M | Scene, ViewLayer | Loading render kernels (may take a few minutes the first time)
Fra:1 Mem:22.70M (Peak 29.89M) | Time:00:00.69 | Mem:4.00M, Peak:4.00M | Scene, ViewLayer | Updating Procedurals
Fra:1 Mem:22.70M (Peak 29.89M) | Time:00:00.69 | Mem:4.00M, Peak:4.00M | Scene, ViewLayer | Updating Background
Fra:1 Mem:22.70M (Peak 29.89M) | Time:00:00.69 | Mem:4.00M, Peak:4.00M | Scene, ViewLayer | Updating Camera
Fra:1 Mem:22.70M (Peak 29.89M) | Time:00:00.69 | Mem:4.00M, Peak:4.00M | Scene, ViewLayer | Updating Meshes Flags
Fra:1 Mem:22.70M (Peak 29.89M) | Time:00:00.69 | Mem:4.00M, Peak:4.00M | Scene, ViewLayer | Updating Objects
Fra:1 Mem:22.70M (Peak 29.89M) | Time:00:00.69 | Mem:4.00M, Peak:4.00M | Scene, ViewLayer | Updating Objects | Copying Transformations to device
Fra:1 Mem:22.72M (Peak 29.89M) | Time:00:00.69 | Mem:4.02M, Peak:4.02M | Scene, ViewLayer | Updating Particle Systems
Fra:1 Mem:22.72M (Peak 29.89M) | Time:00:00.69 | Mem:4.02M, Peak:4.02M | Scene, ViewLayer | Updating Particle Systems | Copying Particles to device
Fra:1 Mem:22.72M (Peak 29.89M) | Time:00:00.69 | Mem:4.02M, Peak:4.02M | Scene, ViewLayer | Updating Meshes
Fra:1 Mem:22.72M (Peak 29.89M) | Time:00:00.69 | Mem:4.02M, Peak:4.02M | Scene, ViewLayer | Updating Objects | Applying Static Transformations
Fra:1 Mem:22.72M (Peak 29.89M) | Time:00:00.69 | Mem:4.02M, Peak:4.02M | Scene, ViewLayer | Updating Mesh | Computing attributes
Fra:1 Mem:23.88M (Peak 29.89M) | Time:00:00.69 | Mem:4.03M, Peak:4.03M | Scene, ViewLayer | Updating Mesh | Copying Attributes to device
Fra:1 Mem:23.86M (Peak 29.89M) | Time:00:00.69 | Mem:5.17M, Peak:5.17M | Scene, ViewLayer | Updating Scene BVH | Building
Fra:1 Mem:23.87M (Peak 29.89M) | Time:00:00.69 | Mem:5.17M, Peak:5.17M | Scene, ViewLayer | Updating Scene BVH | Building BVH
Fra:1 Mem:23.87M (Peak 29.89M) | Time:00:00.69 | Mem:6.38M, Peak:6.38M | Scene, ViewLayer | Updating Scene BVH | Building BVH 0%
Fra:1 Mem:23.87M (Peak 29.89M) | Time:00:00.70 | Mem:7.70M, Peak:8.91M | Scene, ViewLayer | Updating Scene BVH | Copying BVH to device
Fra:1 Mem:23.87M (Peak 29.89M) | Time:00:00.70 | Mem:7.70M, Peak:8.91M | Scene, ViewLayer | Updating Mesh | Computing normals
Fra:1 Mem:24.94M (Peak 29.89M) | Time:00:00.70 | Mem:7.70M, Peak:8.91M | Scene, ViewLayer | Updating Mesh | Copying Mesh to device
Fra:1 Mem:24.94M (Peak 29.89M) | Time:00:00.70 | Mem:8.77M, Peak:8.91M | Scene, ViewLayer | Updating Objects Flags
Fra:1 Mem:24.94M (Peak 29.89M) | Time:00:00.70 | Mem:8.77M, Peak:8.91M | Scene, ViewLayer | Updating Primitive Offsets
Fra:1 Mem:24.94M (Peak 29.89M) | Time:00:00.70 | Mem:8.77M, Peak:8.91M | Scene, ViewLayer | Updating Images
Fra:1 Mem:24.94M (Peak 29.89M) | Time:00:00.70 | Mem:8.77M, Peak:8.91M | Scene, ViewLayer | Updating Camera Volume
Fra:1 Mem:24.94M (Peak 29.89M) | Time:00:00.70 | Mem:8.77M, Peak:8.91M | Scene, ViewLayer | Updating Lookup Tables
Fra:1 Mem:24.94M (Peak 29.89M) | Time:00:00.70 | Mem:8.85M, Peak:8.91M | Scene, ViewLayer | Updating Lights
Fra:1 Mem:24.94M (Peak 29.89M) | Time:00:00.70 | Mem:8.85M, Peak:8.91M | Scene, ViewLayer | Updating Lights | Computing tree
Fra:1 Mem:24.94M (Peak 29.89M) | Time:00:00.70 | Mem:8.85M, Peak:8.91M | Scene, ViewLayer | Updating Integrator
Fra:1 Mem:24.94M (Peak 29.89M) | Time:00:00.70 | Mem:8.85M, Peak:8.91M | Scene, ViewLayer | Updating Film
Fra:1 Mem:24.94M (Peak 29.89M) | Time:00:00.70 | Mem:8.77M, Peak:8.91M | Scene, ViewLayer | Updating Lookup Tables
Fra:1 Mem:24.94M (Peak 29.89M) | Time:00:00.70 | Mem:8.86M, Peak:8.91M | Scene, ViewLayer | Updating Baking
Fra:1 Mem:24.94M (Peak 29.89M) | Time:00:00.70 | Mem:8.86M, Peak:8.91M | Scene, ViewLayer | Updating Device | Writing constant memory
Fra:1 Mem:24.94M (Peak 29.89M) | Time:00:00.70 | Mem:8.86M, Peak:8.91M | Scene, ViewLayer | Loading denoising kernels (may take a few minutes the first time)
Fra:1 Mem:24.94M (Peak 29.89M) | Time:00:00.70 | Mem:8.86M, Peak:8.91M | Scene, ViewLayer | Sample 0/24
Fra:1 Mem:75.06M (Peak 75.06M) | Time:00:01.31 | Remaining:00:14.15 | Mem:58.96M, Peak:58.96M | Scene, ViewLayer | Sample 1/24
Fra:1 Mem:96.16M (Peak 127.80M) | Time:00:22.37 | Mem:58.96M, Peak:58.96M | Scene, ViewLayer | Sample 24/24
Fra:1 Mem:96.16M (Peak 127.80M) | Time:00:22.37 | Mem:58.96M, Peak:58.96M | Scene, ViewLayer | Finished
Saved: '/home/lzzz/MyProjects/N-SIDE/output/characters/CHR-002/ling-model-r2/first/body-front.png'
Time: 00:22.42 (Saving: 00:00.05)

Fra:1 Mem:21.20M (Peak 21.81M) | Time:00:00.03 | Mem:0.00M, Peak:0.00M | Scene, ViewLayer | Synchronizing object | TShirt
Fra:1 Mem:21.35M (Peak 21.81M) | Time:00:00.04 | Mem:0.00M, Peak:0.00M | Scene, ViewLayer | Synchronizing object | TShirt_Collar
Fra:1 Mem:21.38M (Peak 21.81M) | Time:00:00.04 | Mem:0.00M, Peak:0.00M | Scene, ViewLayer | Synchronizing object | Sleeve_Cuff.L
Fra:1 Mem:21.38M (Peak 21.81M) | Time:00:00.04 | Mem:0.00M, Peak:0.00M | Scene, ViewLayer | Synchronizing object | Zip_Tape.L
Fra:1 Mem:21.42M (Peak 21.81M) | Time:00:00.05 | Mem:0.00M, Peak:0.00M | Scene, ViewLayer | Synchronizing object | Palm.L
Fra:1 Mem:21.48M (Peak 21.81M) | Time:00:00.05 | Mem:0.00M, Peak:0.00M | Scene, ViewLayer | Synchronizing object | Index_Mesh.L
Fra:1 Mem:21.47M (Peak 21.81M) | Time:00:00.05 | Mem:0.00M, Peak:0.00M | Scene, ViewLayer | Synchronizing object | Middle_Mesh.L
Fra:1 Mem:21.48M (Peak 21.81M) | Time:00:00.05 | Mem:0.00M, Peak:0.00M | Scene, ViewLayer | Synchronizing object | Ring_Mesh.L
Fra:1 Mem:21.49M (Peak 21.81M) | Time:00:00.05 | Mem:0.00M, Peak:0.00M | Scene, ViewLayer | Synchronizing object | Pinky_Mesh.L
Fra:1 Mem:21.49M (Peak 21.81M) | Time:00:00.05 | Mem:0.00M, Peak:0.00M | Scene, ViewLayer | Synchronizing object | Thumb_Mesh.L
Fra:1 Mem:21.59M (Peak 21.81M) | Time:00:00.08 | Mem:0.00M, Peak:0.00M | Scene, ViewLayer | Synchronizing object | Leg.L
Fra:1 Mem:21.78M (Peak 21.81M) | Time:00:00.11 | Mem:0.00M, Peak:0.00M | Scene, ViewLayer | Synchronizing object | Shorts.L
Fra:1 Mem:21.86M (Peak 21.86M) | Time:00:00.11 | Mem:0.00M, Peak:0.00M | Scene, ViewLayer | Synchronizing object | Shorts_Hem.L
Fra:1 Mem:21.87M (Peak 21.87M) | Time:00:00.11 | Mem:0.00M, Peak:0.00M | Scene, ViewLayer | Synchronizing object | Sneaker_Sole.L
Fra:1 Mem:21.88M (Peak 21.88M) | Time:00:00.11 | Mem:0.00M, Peak:0.00M | Scene, ViewLayer | Synchronizing object | Sneaker_Upper.L
Fra:1 Mem:21.90M (Peak 21.90M) | Time:00:00.11 | Mem:0.00M, Peak:0.00M | Scene, ViewLayer | Synchronizing object | Sock.L
Fra:1 Mem:21.92M (Peak 21.92M) | Time:00:00.11 | Mem:0.00M, Peak:0.00M | Scene, ViewLayer | Synchronizing object | Lace_0.L
Fra:1 Mem:21.92M (Peak 21.92M) | Time:00:00.11 | Mem:0.00M, Peak:0.00M | Scene, ViewLayer | Synchronizing object | Lace_1.L
Fra:1 Mem:21.92M (Peak 21.92M) | Time:00:00.11 | Mem:0.00M, Peak:0.00M | Scene, ViewLayer | Synchronizing object | Lace_2.L
Fra:1 Mem:21.93M (Peak 21.93M) | Time:00:00.11 | Mem:0.00M, Peak:0.00M | Scene, ViewLayer | Synchronizing object | Heel_Tab.L
Fra:1 Mem:21.93M (Peak 21.93M) | Time:00:00.11 | Mem:0.00M, Peak:0.00M | Scene, ViewLayer | Synchronizing object | Sleeve_Cuff.R
Fra:1 Mem:21.93M (Peak 21.93M) | Time:00:00.11 | Mem:0.00M, Peak:0.00M | Scene, ViewLayer | Synchronizing object | Zip_Tape.R
Fra:1 Mem:21.97M (Peak 21.97M) | Time:00:00.13 | Mem:0.00M, Peak:0.00M | Scene, ViewLayer | Synchronizing object | Palm.R
Fra:1 Mem:22.02M (Peak 22.02M) | Time:00:00.13 | Mem:0.00M, Peak:0.00M | Scene, ViewLayer | Synchronizing object | Index_Mesh.R
Fra:1 Mem:22.04M (Peak 22.04M) | Time:00:00.13 | Mem:0.00M, Peak:0.00M | Scene, ViewLayer | Synchronizing object | Middle_Mesh.R
Fra:1 Mem:22.03M (Peak 22.04M) | Time:00:00.13 | Mem:0.00M, Peak:0.00M | Scene, ViewLayer | Synchronizing object | Ring_Mesh.R
Fra:1 Mem:22.04M (Peak 22.04M) | Time:00:00.13 | Mem:0.00M, Peak:0.00M | Scene, ViewLayer | Synchronizing object | Pinky_Mesh.R
Fra:1 Mem:22.05M (Peak 22.05M) | Time:00:00.13 | Mem:0.00M, Peak:0.00M | Scene, ViewLayer | Synchronizing object | Thumb_Mesh.R
Fra:1 Mem:22.14M (Peak 22.14M) | Time:00:00.16 | Mem:0.00M, Peak:0.00M | Scene, ViewLayer | Synchronizing object | Leg.R
Fra:1 Mem:22.33M (Peak 22.33M) | Time:00:00.19 | Mem:0.00M, Peak:0.00M | Scene, ViewLayer | Synchronizing object | Shorts.R
Fra:1 Mem:22.43M (Peak 22.43M) | Time:00:00.19 | Mem:0.00M, Peak:0.00M | Scene, ViewLayer | Synchronizing object | Shorts_Hem.R
Fra:1 Mem:22.44M (Peak 22.44M) | Time:00:00.19 | Mem:0.00M, Peak:0.00M | Scene, ViewLayer | Synchronizing object | Sneaker_Sole.R
Fra:1 Mem:22.45M (Peak 22.45M) | Time:00:00.19 | Mem:0.00M, Peak:0.00M | Scene, ViewLayer | Synchronizing object | Sneaker_Upper.R
Fra:1 Mem:22.47M (Peak 22.47M) | Time:00:00.19 | Mem:0.00M, Peak:0.00M | Scene, ViewLayer | Synchronizing object | Sock.R
Fra:1 Mem:22.49M (Peak 22.49M) | Time:00:00.19 | Mem:0.00M, Peak:0.00M | Scene, ViewLayer | Synchronizing object | Lace_0.R
Fra:1 Mem:22.49M (Peak 22.49M) | Time:00:00.19 | Mem:0.00M, Peak:0.00M | Scene, ViewLayer | Synchronizing object | Lace_1.R
Fra:1 Mem:22.49M (Peak 22.49M) | Time:00:00.19 | Mem:0.00M, Peak:0.00M | Scene, ViewLayer | Synchronizing object | Lace_2.R
Fra:1 Mem:22.49M (Peak 22.49M) | Time:00:00.19 | Mem:0.00M, Peak:0.00M | Scene, ViewLayer | Synchronizing object | Heel_Tab.R
Fra:1 Mem:23.06M (Peak 23.06M) | Time:00:00.23 | Mem:0.00M, Peak:0.00M | Scene, ViewLayer | Synchronizing object | Jacket_ContinuousShoulders
Fra:1 Mem:24.28M (Peak 24.28M) | Time:00:00.63 | Mem:0.00M, Peak:0.00M | Scene, ViewLayer | Synchronizing object | Face_Head
Fra:1 Mem:24.94M (Peak 24.94M) | Time:00:00.64 | Mem:0.00M, Peak:0.00M | Scene, ViewLayer | Synchronizing object | Ear.L
Fra:1 Mem:25.00M (Peak 25.00M) | Time:00:00.64 | Mem:0.00M, Peak:0.00M | Scene, ViewLayer | Synchronizing object | Ear_Fold.L
Fra:1 Mem:25.05M (Peak 25.05M) | Time:00:00.65 | Mem:0.00M, Peak:0.00M | Scene, ViewLayer | Synchronizing object | Ear.R
Fra:1 Mem:25.11M (Peak 25.11M) | Time:00:00.65 | Mem:0.00M, Peak:0.00M | Scene, ViewLayer | Synchronizing object | Ear_Fold.R
Fra:1 Mem:25.12M (Peak 25.12M) | Time:00:00.65 | Mem:0.00M, Peak:0.00M | Scene, ViewLayer | Synchronizing object | Eye_White.L
Fra:1 Mem:25.13M (Peak 25.13M) | Time:00:00.65 | Mem:0.00M, Peak:0.00M | Scene, ViewLayer | Synchronizing object | Iris_hair.L
Fra:1 Mem:25.13M (Peak 25.13M) | Time:00:00.65 | Mem:0.00M, Peak:0.00M | Scene, ViewLayer | Synchronizing object | Iris_ink.L
Fra:1 Mem:25.14M (Peak 25.14M) | Time:00:00.65 | Mem:0.00M, Peak:0.00M | Scene, ViewLayer | Synchronizing object | Eye_Glint.L
Fra:1 Mem:25.15M (Peak 25.15M) | Time:00:00.65 | Mem:0.00M, Peak:0.00M | Scene, ViewLayer | Synchronizing object | Upper_Lid.L
Fra:1 Mem:25.16M (Peak 25.16M) | Time:00:00.65 | Mem:0.00M, Peak:0.00M | Scene, ViewLayer | Synchronizing object | Lower_Lid.L
Fra:1 Mem:25.16M (Peak 25.16M) | Time:00:00.65 | Mem:0.00M, Peak:0.00M | Scene, ViewLayer | Synchronizing object | Eyebrow.L
Fra:1 Mem:25.17M (Peak 25.17M) | Time:00:00.65 | Mem:0.00M, Peak:0.00M | Scene, ViewLayer | Synchronizing object | Eye_White.R
Fra:1 Mem:25.17M (Peak 25.17M) | Time:00:00.65 | Mem:0.00M, Peak:0.00M | Scene, ViewLayer | Synchronizing object | Iris_hair.R
Fra:1 Mem:25.18M (Peak 25.18M) | Time:00:00.65 | Mem:0.00M, Peak:0.00M | Scene, ViewLayer | Synchronizing object | Iris_ink.R
Fra:1 Mem:25.19M (Peak 25.19M) | Time:00:00.65 | Mem:0.00M, Peak:0.00M | Scene, ViewLayer | Synchronizing object | Eye_Glint.R
Fra:1 Mem:25.20M (Peak 25.20M) | Time:00:00.65 | Mem:0.00M, Peak:0.00M | Scene, ViewLayer | Synchronizing object | Upper_Lid.R
Fra:1 Mem:25.21M (Peak 25.21M) | Time:00:00.65 | Mem:0.00M, Peak:0.00M | Scene, ViewLayer | Synchronizing object | Lower_Lid.R
Fra:1 Mem:25.21M (Peak 25.21M) | Time:00:00.65 | Mem:0.00M, Peak:0.00M | Scene, ViewLayer | Synchronizing object | Eyebrow.R
Fra:1 Mem:25.22M (Peak 25.22M) | Time:00:00.65 | Mem:0.00M, Peak:0.00M | Scene, ViewLayer | Synchronizing object | Mouth
Fra:1 Mem:25.23M (Peak 25.23M) | Time:00:00.65 | Mem:0.00M, Peak:0.00M | Scene, ViewLayer | Synchronizing object | Hair_Cap
Fra:1 Mem:26.40M (Peak 26.40M) | Time:00:00.69 | Mem:0.00M, Peak:0.00M | Scene, ViewLayer | Synchronizing object | Hair_CrownBase
Fra:1 Mem:26.46M (Peak 26.46M) | Time:00:00.69 | Mem:0.00M, Peak:0.00M | Scene, ViewLayer | Synchronizing object | Review_Rim
Fra:1 Mem:26.49M (Peak 26.49M) | Time:00:00.69 | Mem:0.00M, Peak:0.00M | Scene, ViewLayer | Synchronizing object | Review_Fill
Fra:1 Mem:26.49M (Peak 26.49M) | Time:00:00.69 | Mem:0.00M, Peak:0.00M | Scene, ViewLayer | Synchronizing object | Review_Key
Fra:1 Mem:26.49M (Peak 26.49M) | Time:00:00.69 | Mem:0.00M, Peak:0.00M | Scene, ViewLayer | Synchronizing object | Review_Ground
Fra:1 Mem:26.49M (Peak 26.49M) | Time:00:00.69 | Mem:0.00M, Peak:0.00M | Scene, ViewLayer | Synchronizing object | Bangs_00
Fra:1 Mem:26.49M (Peak 26.49M) | Time:00:00.69 | Mem:0.00M, Peak:0.00M | Scene, ViewLayer | Synchronizing object | Drawing_Pen_0.16
Fra:1 Mem:26.51M (Peak 26.51M) | Time:00:00.69 | Mem:0.00M, Peak:0.00M | Scene, ViewLayer | Synchronizing object | Drawing_Pen_0.136
Fra:1 Mem:26.51M (Peak 26.51M) | Time:00:00.69 | Mem:0.00M, Peak:0.00M | Scene, ViewLayer | Synchronizing object | Bangs_01
Fra:1 Mem:26.51M (Peak 26.51M) | Time:00:00.69 | Mem:0.00M, Peak:0.00M | Scene, ViewLayer | Synchronizing object | Pen_Pouch
Fra:1 Mem:26.53M (Peak 26.53M) | Time:00:00.69 | Mem:0.00M, Peak:0.00M | Scene, ViewLayer | Synchronizing object | Hair_Clip_1
Fra:1 Mem:26.53M (Peak 26.53M) | Time:00:00.69 | Mem:0.00M, Peak:0.00M | Scene, ViewLayer | Synchronizing object | Bangs_02
Fra:1 Mem:26.53M (Peak 26.53M) | Time:00:00.69 | Mem:0.00M, Peak:0.00M | Scene, ViewLayer | Synchronizing object | Hair_Clip_0
Fra:1 Mem:26.55M (Peak 26.55M) | Time:00:00.69 | Mem:0.00M, Peak:0.00M | Scene, ViewLayer | Synchronizing object | Temple_0.R
Fra:1 Mem:26.56M (Peak 26.56M) | Time:00:00.69 | Mem:0.00M, Peak:0.00M | Scene, ViewLayer | Synchronizing object | Bangs_03
Fra:1 Mem:26.59M (Peak 26.59M) | Time:00:00.69 | Mem:0.00M, Peak:0.00M | Scene, ViewLayer | Synchronizing object | Temple_0.L
Fra:1 Mem:26.61M (Peak 26.61M) | Time:00:00.69 | Mem:0.00M, Peak:0.00M | Scene, ViewLayer | Initializing
Fra:1 Mem:21.88M (Peak 26.61M) | Time:00:00.69 | Mem:0.00M, Peak:0.00M | Scene, ViewLayer | Updating Images | Loading CHR002_GreyStudy_BaseColor
Fra:1 Mem:22.62M (Peak 29.89M) | Time:00:00.70 | Mem:4.00M, Peak:4.00M | Scene, ViewLayer | Waiting for render to start
Fra:1 Mem:22.62M (Peak 29.89M) | Time:00:00.70 | Mem:4.00M, Peak:4.00M | Scene, ViewLayer | Updating Scene
Fra:1 Mem:22.62M (Peak 29.89M) | Time:00:00.70 | Mem:4.00M, Peak:4.00M | Scene, ViewLayer | Updating Shaders
Fra:1 Mem:22.62M (Peak 29.89M) | Time:00:00.70 | Mem:4.00M, Peak:4.00M | Scene, ViewLayer | Loading render kernels (may take a few minutes the first time)
Fra:1 Mem:22.70M (Peak 29.89M) | Time:00:00.70 | Mem:4.00M, Peak:4.00M | Scene, ViewLayer | Updating Procedurals
Fra:1 Mem:22.70M (Peak 29.89M) | Time:00:00.70 | Mem:4.00M, Peak:4.00M | Scene, ViewLayer | Updating Background
Fra:1 Mem:22.70M (Peak 29.89M) | Time:00:00.70 | Mem:4.00M, Peak:4.00M | Scene, ViewLayer | Updating Camera
Fra:1 Mem:22.70M (Peak 29.89M) | Time:00:00.70 | Mem:4.00M, Peak:4.00M | Scene, ViewLayer | Updating Meshes Flags
Fra:1 Mem:22.70M (Peak 29.89M) | Time:00:00.70 | Mem:4.00M, Peak:4.00M | Scene, ViewLayer | Updating Objects
Fra:1 Mem:22.70M (Peak 29.89M) | Time:00:00.70 | Mem:4.00M, Peak:4.00M | Scene, ViewLayer | Updating Objects | Copying Transformations to device
Fra:1 Mem:22.72M (Peak 29.89M) | Time:00:00.70 | Mem:4.02M, Peak:4.02M | Scene, ViewLayer | Updating Particle Systems
Fra:1 Mem:22.72M (Peak 29.89M) | Time:00:00.70 | Mem:4.02M, Peak:4.02M | Scene, ViewLayer | Updating Particle Systems | Copying Particles to device
Fra:1 Mem:22.72M (Peak 29.89M) | Time:00:00.70 | Mem:4.02M, Peak:4.02M | Scene, ViewLayer | Updating Meshes
Fra:1 Mem:22.72M (Peak 29.89M) | Time:00:00.70 | Mem:4.02M, Peak:4.02M | Scene, ViewLayer | Updating Objects | Applying Static Transformations
Fra:1 Mem:22.72M (Peak 29.89M) | Time:00:00.70 | Mem:4.02M, Peak:4.02M | Scene, ViewLayer | Updating Mesh | Computing attributes
Fra:1 Mem:23.88M (Peak 29.89M) | Time:00:00.70 | Mem:4.03M, Peak:4.03M | Scene, ViewLayer | Updating Mesh | Copying Attributes to device
Fra:1 Mem:23.86M (Peak 29.89M) | Time:00:00.70 | Mem:5.17M, Peak:5.17M | Scene, ViewLayer | Updating Scene BVH | Building
Fra:1 Mem:23.87M (Peak 29.89M) | Time:00:00.70 | Mem:5.17M, Peak:5.17M | Scene, ViewLayer | Updating Scene BVH | Building BVH
Fra:1 Mem:23.87M (Peak 29.89M) | Time:00:00.70 | Mem:6.38M, Peak:6.38M | Scene, ViewLayer | Updating Scene BVH | Building BVH 0%
Fra:1 Mem:23.87M (Peak 29.89M) | Time:00:00.71 | Mem:7.70M, Peak:8.91M | Scene, ViewLayer | Updating Scene BVH | Copying BVH to device
Fra:1 Mem:23.87M (Peak 29.89M) | Time:00:00.71 | Mem:7.70M, Peak:8.91M | Scene, ViewLayer | Updating Mesh | Computing normals
Fra:1 Mem:24.94M (Peak 29.89M) | Time:00:00.71 | Mem:7.70M, Peak:8.91M | Scene, ViewLayer | Updating Mesh | Copying Mesh to device
Fra:1 Mem:24.94M (Peak 29.89M) | Time:00:00.71 | Mem:8.77M, Peak:8.91M | Scene, ViewLayer | Updating Objects Flags
Fra:1 Mem:24.94M (Peak 29.89M) | Time:00:00.71 | Mem:8.77M, Peak:8.91M | Scene, ViewLayer | Updating Primitive Offsets
Fra:1 Mem:24.94M (Peak 29.89M) | Time:00:00.71 | Mem:8.77M, Peak:8.91M | Scene, ViewLayer | Updating Images
Fra:1 Mem:24.94M (Peak 29.89M) | Time:00:00.71 | Mem:8.77M, Peak:8.91M | Scene, ViewLayer | Updating Camera Volume
Fra:1 Mem:24.94M (Peak 29.89M) | Time:00:00.71 | Mem:8.77M, Peak:8.91M | Scene, ViewLayer | Updating Lookup Tables
Fra:1 Mem:24.94M (Peak 29.89M) | Time:00:00.71 | Mem:8.85M, Peak:8.91M | Scene, ViewLayer | Updating Lights
Fra:1 Mem:24.94M (Peak 29.89M) | Time:00:00.71 | Mem:8.85M, Peak:8.91M | Scene, ViewLayer | Updating Lights | Computing tree
Fra:1 Mem:24.94M (Peak 29.89M) | Time:00:00.71 | Mem:8.85M, Peak:8.91M | Scene, ViewLayer | Updating Integrator
Fra:1 Mem:24.94M (Peak 29.89M) | Time:00:00.71 | Mem:8.85M, Peak:8.91M | Scene, ViewLayer | Updating Film
Fra:1 Mem:24.94M (Peak 29.89M) | Time:00:00.71 | Mem:8.77M, Peak:8.91M | Scene, ViewLayer | Updating Lookup Tables
Fra:1 Mem:24.94M (Peak 29.89M) | Time:00:00.71 | Mem:8.86M, Peak:8.91M | Scene, ViewLayer | Updating Baking
Fra:1 Mem:24.94M (Peak 29.89M) | Time:00:00.71 | Mem:8.86M, Peak:8.91M | Scene, ViewLayer | Updating Device | Writing constant memory
Fra:1 Mem:24.94M (Peak 29.89M) | Time:00:00.71 | Mem:8.86M, Peak:8.91M | Scene, ViewLayer | Loading denoising kernels (may take a few minutes the first time)
Fra:1 Mem:24.94M (Peak 29.89M) | Time:00:00.71 | Mem:8.86M, Peak:8.91M | Scene, ViewLayer | Sample 0/24
Fra:1 Mem:75.06M (Peak 75.06M) | Time:00:01.33 | Remaining:00:14.28 | Mem:58.96M, Peak:58.96M | Scene, ViewLayer | Sample 1/24
Fra:1 Mem:96.16M (Peak 127.80M) | Time:00:22.48 | Mem:58.96M, Peak:58.96M | Scene, ViewLayer | Sample 24/24
Fra:1 Mem:96.16M (Peak 127.80M) | Time:00:22.48 | Mem:58.96M, Peak:58.96M | Scene, ViewLayer | Finished
Saved: '/home/lzzz/MyProjects/N-SIDE/output/characters/CHR-002/ling-model-r2/first/body-quarter.png'
Time: 00:22.54 (Saving: 00:00.05)

Fra:1 Mem:21.20M (Peak 21.91M) | Time:00:00.04 | Mem:0.00M, Peak:0.00M | Scene, ViewLayer | Synchronizing object | TShirt
Fra:1 Mem:21.35M (Peak 21.91M) | Time:00:00.04 | Mem:0.00M, Peak:0.00M | Scene, ViewLayer | Synchronizing object | TShirt_Collar
Fra:1 Mem:21.38M (Peak 21.91M) | Time:00:00.04 | Mem:0.00M, Peak:0.00M | Scene, ViewLayer | Synchronizing object | Sleeve_Cuff.L
Fra:1 Mem:21.38M (Peak 21.91M) | Time:00:00.04 | Mem:0.00M, Peak:0.00M | Scene, ViewLayer | Synchronizing object | Zip_Tape.L
Fra:1 Mem:21.42M (Peak 21.91M) | Time:00:00.05 | Mem:0.00M, Peak:0.00M | Scene, ViewLayer | Synchronizing object | Palm.L
Fra:1 Mem:21.47M (Peak 21.91M) | Time:00:00.05 | Mem:0.00M, Peak:0.00M | Scene, ViewLayer | Synchronizing object | Index_Mesh.L
Fra:1 Mem:21.47M (Peak 21.91M) | Time:00:00.05 | Mem:0.00M, Peak:0.00M | Scene, ViewLayer | Synchronizing object | Middle_Mesh.L
Fra:1 Mem:21.48M (Peak 21.91M) | Time:00:00.05 | Mem:0.00M, Peak:0.00M | Scene, ViewLayer | Synchronizing object | Ring_Mesh.L
Fra:1 Mem:21.49M (Peak 21.91M) | Time:00:00.05 | Mem:0.00M, Peak:0.00M | Scene, ViewLayer | Synchronizing object | Pinky_Mesh.L
Fra:1 Mem:21.49M (Peak 21.91M) | Time:00:00.05 | Mem:0.00M, Peak:0.00M | Scene, ViewLayer | Synchronizing object | Thumb_Mesh.L
Fra:1 Mem:21.59M (Peak 21.91M) | Time:00:00.09 | Mem:0.00M, Peak:0.00M | Scene, ViewLayer | Synchronizing object | Leg.L
Fra:1 Mem:21.78M (Peak 21.91M) | Time:00:00.12 | Mem:0.00M, Peak:0.00M | Scene, ViewLayer | Synchronizing object | Shorts.L
Fra:1 Mem:21.86M (Peak 21.91M) | Time:00:00.12 | Mem:0.00M, Peak:0.00M | Scene, ViewLayer | Synchronizing object | Shorts_Hem.L
Fra:1 Mem:21.87M (Peak 21.91M) | Time:00:00.12 | Mem:0.00M, Peak:0.00M | Scene, ViewLayer | Synchronizing object | Sneaker_Sole.L
Fra:1 Mem:21.88M (Peak 21.91M) | Time:00:00.12 | Mem:0.00M, Peak:0.00M | Scene, ViewLayer | Synchronizing object | Sneaker_Upper.L
Fra:1 Mem:21.90M (Peak 21.91M) | Time:00:00.12 | Mem:0.00M, Peak:0.00M | Scene, ViewLayer | Synchronizing object | Sock.L
Fra:1 Mem:21.92M (Peak 21.92M) | Time:00:00.12 | Mem:0.00M, Peak:0.00M | Scene, ViewLayer | Synchronizing object | Lace_0.L
Fra:1 Mem:21.92M (Peak 21.92M) | Time:00:00.12 | Mem:0.00M, Peak:0.00M | Scene, ViewLayer | Synchronizing object | Lace_1.L
Fra:1 Mem:21.92M (Peak 21.92M) | Time:00:00.12 | Mem:0.00M, Peak:0.00M | Scene, ViewLayer | Synchronizing object | Lace_2.L
Fra:1 Mem:21.93M (Peak 21.93M) | Time:00:00.12 | Mem:0.00M, Peak:0.00M | Scene, ViewLayer | Synchronizing object | Heel_Tab.L
Fra:1 Mem:21.93M (Peak 21.93M) | Time:00:00.12 | Mem:0.00M, Peak:0.00M | Scene, ViewLayer | Synchronizing object | Sleeve_Cuff.R
Fra:1 Mem:21.93M (Peak 21.93M) | Time:00:00.12 | Mem:0.00M, Peak:0.00M | Scene, ViewLayer | Synchronizing object | Zip_Tape.R
Fra:1 Mem:21.97M (Peak 21.97M) | Time:00:00.13 | Mem:0.00M, Peak:0.00M | Scene, ViewLayer | Synchronizing object | Palm.R
Fra:1 Mem:22.02M (Peak 22.02M) | Time:00:00.13 | Mem:0.00M, Peak:0.00M | Scene, ViewLayer | Synchronizing object | Index_Mesh.R
Fra:1 Mem:22.03M (Peak 22.03M) | Time:00:00.13 | Mem:0.00M, Peak:0.00M | Scene, ViewLayer | Synchronizing object | Middle_Mesh.R
Fra:1 Mem:22.03M (Peak 22.03M) | Time:00:00.13 | Mem:0.00M, Peak:0.00M | Scene, ViewLayer | Synchronizing object | Ring_Mesh.R
Fra:1 Mem:22.04M (Peak 22.04M) | Time:00:00.13 | Mem:0.00M, Peak:0.00M | Scene, ViewLayer | Synchronizing object | Pinky_Mesh.R
Fra:1 Mem:22.05M (Peak 22.05M) | Time:00:00.13 | Mem:0.00M, Peak:0.00M | Scene, ViewLayer | Synchronizing object | Thumb_Mesh.R
Fra:1 Mem:22.14M (Peak 22.14M) | Time:00:00.16 | Mem:0.00M, Peak:0.00M | Scene, ViewLayer | Synchronizing object | Leg.R
Fra:1 Mem:22.33M (Peak 22.33M) | Time:00:00.19 | Mem:0.00M, Peak:0.00M | Scene, ViewLayer | Synchronizing object | Shorts.R
Fra:1 Mem:22.43M (Peak 22.43M) | Time:00:00.19 | Mem:0.00M, Peak:0.00M | Scene, ViewLayer | Synchronizing object | Shorts_Hem.R
Fra:1 Mem:22.44M (Peak 22.44M) | Time:00:00.19 | Mem:0.00M, Peak:0.00M | Scene, ViewLayer | Synchronizing object | Sneaker_Sole.R
Fra:1 Mem:22.45M (Peak 22.45M) | Time:00:00.19 | Mem:0.00M, Peak:0.00M | Scene, ViewLayer | Synchronizing object | Sneaker_Upper.R
Fra:1 Mem:22.47M (Peak 22.47M) | Time:00:00.19 | Mem:0.00M, Peak:0.00M | Scene, ViewLayer | Synchronizing object | Sock.R
Fra:1 Mem:22.49M (Peak 22.49M) | Time:00:00.19 | Mem:0.00M, Peak:0.00M | Scene, ViewLayer | Synchronizing object | Lace_0.R
Fra:1 Mem:22.49M (Peak 22.49M) | Time:00:00.19 | Mem:0.00M, Peak:0.00M | Scene, ViewLayer | Synchronizing object | Lace_1.R
Fra:1 Mem:22.49M (Peak 22.49M) | Time:00:00.19 | Mem:0.00M, Peak:0.00M | Scene, ViewLayer | Synchronizing object | Lace_2.R
Fra:1 Mem:22.49M (Peak 22.49M) | Time:00:00.19 | Mem:0.00M, Peak:0.00M | Scene, ViewLayer | Synchronizing object | Heel_Tab.R
Fra:1 Mem:23.06M (Peak 23.06M) | Time:00:00.23 | Mem:0.00M, Peak:0.00M | Scene, ViewLayer | Synchronizing object | Jacket_ContinuousShoulders
Fra:1 Mem:24.28M (Peak 24.28M) | Time:00:00.63 | Mem:0.00M, Peak:0.00M | Scene, ViewLayer | Synchronizing object | Face_Head
Fra:1 Mem:24.94M (Peak 24.94M) | Time:00:00.64 | Mem:0.00M, Peak:0.00M | Scene, ViewLayer | Synchronizing object | Ear.L
Fra:1 Mem:25.00M (Peak 25.00M) | Time:00:00.64 | Mem:0.00M, Peak:0.00M | Scene, ViewLayer | Synchronizing object | Ear_Fold.L
Fra:1 Mem:25.05M (Peak 25.05M) | Time:00:00.66 | Mem:0.00M, Peak:0.00M | Scene, ViewLayer | Synchronizing object | Ear.R
Fra:1 Mem:25.11M (Peak 25.11M) | Time:00:00.66 | Mem:0.00M, Peak:0.00M | Scene, ViewLayer | Synchronizing object | Ear_Fold.R
Fra:1 Mem:25.12M (Peak 25.12M) | Time:00:00.66 | Mem:0.00M, Peak:0.00M | Scene, ViewLayer | Synchronizing object | Eye_White.L
Fra:1 Mem:25.13M (Peak 25.13M) | Time:00:00.66 | Mem:0.00M, Peak:0.00M | Scene, ViewLayer | Synchronizing object | Iris_hair.L
Fra:1 Mem:25.13M (Peak 25.13M) | Time:00:00.66 | Mem:0.00M, Peak:0.00M | Scene, ViewLayer | Synchronizing object | Iris_ink.L
Fra:1 Mem:25.14M (Peak 25.14M) | Time:00:00.66 | Mem:0.00M, Peak:0.00M | Scene, ViewLayer | Synchronizing object | Eye_Glint.L
Fra:1 Mem:25.15M (Peak 25.15M) | Time:00:00.66 | Mem:0.00M, Peak:0.00M | Scene, ViewLayer | Synchronizing object | Upper_Lid.L
Fra:1 Mem:25.16M (Peak 25.16M) | Time:00:00.66 | Mem:0.00M, Peak:0.00M | Scene, ViewLayer | Synchronizing object | Lower_Lid.L
Fra:1 Mem:25.16M (Peak 25.16M) | Time:00:00.66 | Mem:0.00M, Peak:0.00M | Scene, ViewLayer | Synchronizing object | Eyebrow.L
Fra:1 Mem:25.17M (Peak 25.17M) | Time:00:00.66 | Mem:0.00M, Peak:0.00M | Scene, ViewLayer | Synchronizing object | Eye_White.R
Fra:1 Mem:25.17M (Peak 25.17M) | Time:00:00.66 | Mem:0.00M, Peak:0.00M | Scene, ViewLayer | Synchronizing object | Iris_hair.R
Fra:1 Mem:25.18M (Peak 25.18M) | Time:00:00.66 | Mem:0.00M, Peak:0.00M | Scene, ViewLayer | Synchronizing object | Iris_ink.R
Fra:1 Mem:25.19M (Peak 25.19M) | Time:00:00.66 | Mem:0.00M, Peak:0.00M | Scene, ViewLayer | Synchronizing object | Eye_Glint.R
Fra:1 Mem:25.20M (Peak 25.20M) | Time:00:00.66 | Mem:0.00M, Peak:0.00M | Scene, ViewLayer | Synchronizing object | Upper_Lid.R
Fra:1 Mem:25.21M (Peak 25.21M) | Time:00:00.66 | Mem:0.00M, Peak:0.00M | Scene, ViewLayer | Synchronizing object | Lower_Lid.R
Fra:1 Mem:25.21M (Peak 25.21M) | Time:00:00.66 | Mem:0.00M, Peak:0.00M | Scene, ViewLayer | Synchronizing object | Eyebrow.R
Fra:1 Mem:25.22M (Peak 25.22M) | Time:00:00.66 | Mem:0.00M, Peak:0.00M | Scene, ViewLayer | Synchronizing object | Mouth
Fra:1 Mem:25.23M (Peak 25.23M) | Time:00:00.66 | Mem:0.00M, Peak:0.00M | Scene, ViewLayer | Synchronizing object | Hair_Cap
Fra:1 Mem:26.40M (Peak 26.40M) | Time:00:00.69 | Mem:0.00M, Peak:0.00M | Scene, ViewLayer | Synchronizing object | Hair_CrownBase
Fra:1 Mem:26.47M (Peak 26.47M) | Time:00:00.70 | Mem:0.00M, Peak:0.00M | Scene, ViewLayer | Synchronizing object | Review_Rim
Fra:1 Mem:26.49M (Peak 26.49M) | Time:00:00.70 | Mem:0.00M, Peak:0.00M | Scene, ViewLayer | Synchronizing object | Review_Fill
Fra:1 Mem:26.51M (Peak 26.51M) | Time:00:00.70 | Mem:0.00M, Peak:0.00M | Scene, ViewLayer | Synchronizing object | Review_Key
Fra:1 Mem:26.49M (Peak 26.51M) | Time:00:00.70 | Mem:0.00M, Peak:0.00M | Scene, ViewLayer | Synchronizing object | Review_Ground
Fra:1 Mem:26.49M (Peak 26.51M) | Time:00:00.70 | Mem:0.00M, Peak:0.00M | Scene, ViewLayer | Synchronizing object | Bangs_00
Fra:1 Mem:26.49M (Peak 26.51M) | Time:00:00.70 | Mem:0.00M, Peak:0.00M | Scene, ViewLayer | Synchronizing object | Drawing_Pen_0.16
Fra:1 Mem:26.51M (Peak 26.51M) | Time:00:00.70 | Mem:0.00M, Peak:0.00M | Scene, ViewLayer | Synchronizing object | Drawing_Pen_0.136
Fra:1 Mem:26.51M (Peak 26.51M) | Time:00:00.70 | Mem:0.00M, Peak:0.00M | Scene, ViewLayer | Synchronizing object | Bangs_01
Fra:1 Mem:26.52M (Peak 26.52M) | Time:00:00.70 | Mem:0.00M, Peak:0.00M | Scene, ViewLayer | Synchronizing object | Pen_Pouch
Fra:1 Mem:26.53M (Peak 26.53M) | Time:00:00.70 | Mem:0.00M, Peak:0.00M | Scene, ViewLayer | Synchronizing object | Bangs_02
Fra:1 Mem:26.54M (Peak 26.54M) | Time:00:00.70 | Mem:0.00M, Peak:0.00M | Scene, ViewLayer | Synchronizing object | Hair_Clip_1
Fra:1 Mem:26.55M (Peak 26.55M) | Time:00:00.70 | Mem:0.00M, Peak:0.00M | Scene, ViewLayer | Synchronizing object | Bangs_03
Fra:1 Mem:26.56M (Peak 26.56M) | Time:00:00.70 | Mem:0.00M, Peak:0.00M | Scene, ViewLayer | Synchronizing object | Hair_Clip_0
Fra:1 Mem:26.57M (Peak 26.57M) | Time:00:00.70 | Mem:0.00M, Peak:0.00M | Scene, ViewLayer | Synchronizing object | Temple_0.L
Fra:1 Mem:26.57M (Peak 26.57M) | Time:00:00.70 | Mem:0.00M, Peak:0.00M | Scene, ViewLayer | Synchronizing object | Temple_0.R
Fra:1 Mem:26.61M (Peak 26.61M) | Time:00:00.70 | Mem:0.00M, Peak:0.00M | Scene, ViewLayer | Initializing
Fra:1 Mem:21.88M (Peak 26.61M) | Time:00:00.70 | Mem:0.00M, Peak:0.00M | Scene, ViewLayer | Updating Images | Loading CHR002_GreyStudy_BaseColor
Fra:1 Mem:22.62M (Peak 29.89M) | Time:00:00.71 | Mem:4.00M, Peak:4.00M | Scene, ViewLayer | Waiting for render to start
Fra:1 Mem:22.62M (Peak 29.89M) | Time:00:00.71 | Mem:4.00M, Peak:4.00M | Scene, ViewLayer | Updating Scene
Fra:1 Mem:22.62M (Peak 29.89M) | Time:00:00.71 | Mem:4.00M, Peak:4.00M | Scene, ViewLayer | Updating Shaders
Fra:1 Mem:22.62M (Peak 29.89M) | Time:00:00.71 | Mem:4.00M, Peak:4.00M | Scene, ViewLayer | Loading render kernels (may take a few minutes the first time)
Fra:1 Mem:22.70M (Peak 29.89M) | Time:00:00.71 | Mem:4.00M, Peak:4.00M | Scene, ViewLayer | Updating Procedurals
Fra:1 Mem:22.70M (Peak 29.89M) | Time:00:00.71 | Mem:4.00M, Peak:4.00M | Scene, ViewLayer | Updating Background
Fra:1 Mem:22.70M (Peak 29.89M) | Time:00:00.71 | Mem:4.00M, Peak:4.00M | Scene, ViewLayer | Updating Camera
Fra:1 Mem:22.70M (Peak 29.89M) | Time:00:00.71 | Mem:4.00M, Peak:4.00M | Scene, ViewLayer | Updating Meshes Flags
Fra:1 Mem:22.70M (Peak 29.89M) | Time:00:00.71 | Mem:4.00M, Peak:4.00M | Scene, ViewLayer | Updating Objects
Fra:1 Mem:22.70M (Peak 29.89M) | Time:00:00.71 | Mem:4.00M, Peak:4.00M | Scene, ViewLayer | Updating Objects | Copying Transformations to device
Fra:1 Mem:22.72M (Peak 29.89M) | Time:00:00.71 | Mem:4.02M, Peak:4.02M | Scene, ViewLayer | Updating Particle Systems
Fra:1 Mem:22.72M (Peak 29.89M) | Time:00:00.71 | Mem:4.02M, Peak:4.02M | Scene, ViewLayer | Updating Particle Systems | Copying Particles to device
Fra:1 Mem:22.72M (Peak 29.89M) | Time:00:00.71 | Mem:4.02M, Peak:4.02M | Scene, ViewLayer | Updating Meshes
Fra:1 Mem:22.72M (Peak 29.89M) | Time:00:00.71 | Mem:4.02M, Peak:4.02M | Scene, ViewLayer | Updating Objects | Applying Static Transformations
Fra:1 Mem:22.72M (Peak 29.89M) | Time:00:00.71 | Mem:4.02M, Peak:4.02M | Scene, ViewLayer | Updating Mesh | Computing attributes
Fra:1 Mem:23.88M (Peak 29.89M) | Time:00:00.71 | Mem:4.03M, Peak:4.03M | Scene, ViewLayer | Updating Mesh | Copying Attributes to device
Fra:1 Mem:23.86M (Peak 29.89M) | Time:00:00.71 | Mem:5.17M, Peak:5.17M | Scene, ViewLayer | Updating Scene BVH | Building
Fra:1 Mem:23.87M (Peak 29.89M) | Time:00:00.71 | Mem:5.17M, Peak:5.17M | Scene, ViewLayer | Updating Scene BVH | Building BVH
Fra:1 Mem:23.87M (Peak 29.89M) | Time:00:00.71 | Mem:6.38M, Peak:6.38M | Scene, ViewLayer | Updating Scene BVH | Building BVH 0%
Fra:1 Mem:23.87M (Peak 29.89M) | Time:00:00.71 | Mem:7.70M, Peak:8.91M | Scene, ViewLayer | Updating Scene BVH | Copying BVH to device
Fra:1 Mem:23.87M (Peak 29.89M) | Time:00:00.71 | Mem:7.70M, Peak:8.91M | Scene, ViewLayer | Updating Mesh | Computing normals
Fra:1 Mem:24.94M (Peak 29.89M) | Time:00:00.71 | Mem:7.70M, Peak:8.91M | Scene, ViewLayer | Updating Mesh | Copying Mesh to device
Fra:1 Mem:24.94M (Peak 29.89M) | Time:00:00.71 | Mem:8.77M, Peak:8.91M | Scene, ViewLayer | Updating Objects Flags
Fra:1 Mem:24.94M (Peak 29.89M) | Time:00:00.71 | Mem:8.77M, Peak:8.91M | Scene, ViewLayer | Updating Primitive Offsets
Fra:1 Mem:24.94M (Peak 29.89M) | Time:00:00.71 | Mem:8.77M, Peak:8.91M | Scene, ViewLayer | Updating Images
Fra:1 Mem:24.94M (Peak 29.89M) | Time:00:00.71 | Mem:8.77M, Peak:8.91M | Scene, ViewLayer | Updating Camera Volume
Fra:1 Mem:24.94M (Peak 29.89M) | Time:00:00.71 | Mem:8.77M, Peak:8.91M | Scene, ViewLayer | Updating Lookup Tables
Fra:1 Mem:24.94M (Peak 29.89M) | Time:00:00.71 | Mem:8.85M, Peak:8.91M | Scene, ViewLayer | Updating Lights
Fra:1 Mem:24.94M (Peak 29.89M) | Time:00:00.71 | Mem:8.85M, Peak:8.91M | Scene, ViewLayer | Updating Lights | Computing tree
Fra:1 Mem:24.94M (Peak 29.89M) | Time:00:00.71 | Mem:8.85M, Peak:8.91M | Scene, ViewLayer | Updating Integrator
Fra:1 Mem:24.94M (Peak 29.89M) | Time:00:00.71 | Mem:8.85M, Peak:8.91M | Scene, ViewLayer | Updating Film
Fra:1 Mem:24.94M (Peak 29.89M) | Time:00:00.71 | Mem:8.77M, Peak:8.91M | Scene, ViewLayer | Updating Lookup Tables
Fra:1 Mem:24.94M (Peak 29.89M) | Time:00:00.71 | Mem:8.86M, Peak:8.91M | Scene, ViewLayer | Updating Baking
Fra:1 Mem:24.94M (Peak 29.89M) | Time:00:00.71 | Mem:8.86M, Peak:8.91M | Scene, ViewLayer | Updating Device | Writing constant memory
Fra:1 Mem:24.94M (Peak 29.89M) | Time:00:00.71 | Mem:8.86M, Peak:8.91M | Scene, ViewLayer | Loading denoising kernels (may take a few minutes the first time)
Fra:1 Mem:24.94M (Peak 29.89M) | Time:00:00.71 | Mem:8.86M, Peak:8.91M | Scene, ViewLayer | Sample 0/24
Fra:1 Mem:75.06M (Peak 75.06M) | Time:00:01.30 | Remaining:00:13.57 | Mem:58.96M, Peak:58.96M | Scene, ViewLayer | Sample 1/24
Fra:1 Mem:96.16M (Peak 127.80M) | Time:00:21.84 | Mem:58.96M, Peak:58.96M | Scene, ViewLayer | Sample 24/24
Fra:1 Mem:96.16M (Peak 127.80M) | Time:00:21.84 | Mem:58.96M, Peak:58.96M | Scene, ViewLayer | Finished
Saved: '/home/lzzz/MyProjects/N-SIDE/output/characters/CHR-002/ling-model-r2/first/body-side.png'
Time: 00:21.89 (Saving: 00:00.05)

Fra:1 Mem:21.20M (Peak 21.91M) | Time:00:00.04 | Mem:0.00M, Peak:0.00M | Scene, ViewLayer | Synchronizing object | TShirt
Fra:1 Mem:21.35M (Peak 21.91M) | Time:00:00.04 | Mem:0.00M, Peak:0.00M | Scene, ViewLayer | Synchronizing object | TShirt_Collar
Fra:1 Mem:21.38M (Peak 21.91M) | Time:00:00.04 | Mem:0.00M, Peak:0.00M | Scene, ViewLayer | Synchronizing object | Sleeve_Cuff.L
Fra:1 Mem:21.38M (Peak 21.91M) | Time:00:00.04 | Mem:0.00M, Peak:0.00M | Scene, ViewLayer | Synchronizing object | Zip_Tape.L
Fra:1 Mem:21.42M (Peak 21.91M) | Time:00:00.05 | Mem:0.00M, Peak:0.00M | Scene, ViewLayer | Synchronizing object | Palm.L
Fra:1 Mem:21.47M (Peak 21.91M) | Time:00:00.05 | Mem:0.00M, Peak:0.00M | Scene, ViewLayer | Synchronizing object | Index_Mesh.L
Fra:1 Mem:21.48M (Peak 21.91M) | Time:00:00.05 | Mem:0.00M, Peak:0.00M | Scene, ViewLayer | Synchronizing object | Middle_Mesh.L
Fra:1 Mem:21.48M (Peak 21.91M) | Time:00:00.05 | Mem:0.00M, Peak:0.00M | Scene, ViewLayer | Synchronizing object | Ring_Mesh.L
Fra:1 Mem:21.49M (Peak 21.91M) | Time:00:00.05 | Mem:0.00M, Peak:0.00M | Scene, ViewLayer | Synchronizing object | Pinky_Mesh.L
Fra:1 Mem:21.49M (Peak 21.91M) | Time:00:00.05 | Mem:0.00M, Peak:0.00M | Scene, ViewLayer | Synchronizing object | Thumb_Mesh.L
Fra:1 Mem:21.59M (Peak 21.91M) | Time:00:00.08 | Mem:0.00M, Peak:0.00M | Scene, ViewLayer | Synchronizing object | Leg.L
Fra:1 Mem:21.78M (Peak 21.91M) | Time:00:00.12 | Mem:0.00M, Peak:0.00M | Scene, ViewLayer | Synchronizing object | Shorts.L
Fra:1 Mem:21.86M (Peak 21.91M) | Time:00:00.12 | Mem:0.00M, Peak:0.00M | Scene, ViewLayer | Synchronizing object | Shorts_Hem.L
Fra:1 Mem:21.87M (Peak 21.91M) | Time:00:00.12 | Mem:0.00M, Peak:0.00M | Scene, ViewLayer | Synchronizing object | Sneaker_Sole.L
Fra:1 Mem:21.88M (Peak 21.91M) | Time:00:00.12 | Mem:0.00M, Peak:0.00M | Scene, ViewLayer | Synchronizing object | Sneaker_Upper.L
Fra:1 Mem:21.90M (Peak 21.91M) | Time:00:00.12 | Mem:0.00M, Peak:0.00M | Scene, ViewLayer | Synchronizing object | Sock.L
Fra:1 Mem:21.92M (Peak 21.92M) | Time:00:00.12 | Mem:0.00M, Peak:0.00M | Scene, ViewLayer | Synchronizing object | Lace_0.L
Fra:1 Mem:21.92M (Peak 21.92M) | Time:00:00.12 | Mem:0.00M, Peak:0.00M | Scene, ViewLayer | Synchronizing object | Lace_1.L
Fra:1 Mem:21.92M (Peak 21.92M) | Time:00:00.12 | Mem:0.00M, Peak:0.00M | Scene, ViewLayer | Synchronizing object | Lace_2.L
Fra:1 Mem:21.93M (Peak 21.93M) | Time:00:00.12 | Mem:0.00M, Peak:0.00M | Scene, ViewLayer | Synchronizing object | Heel_Tab.L
Fra:1 Mem:21.93M (Peak 21.93M) | Time:00:00.12 | Mem:0.00M, Peak:0.00M | Scene, ViewLayer | Synchronizing object | Sleeve_Cuff.R
Fra:1 Mem:21.93M (Peak 21.93M) | Time:00:00.12 | Mem:0.00M, Peak:0.00M | Scene, ViewLayer | Synchronizing object | Zip_Tape.R
Fra:1 Mem:21.98M (Peak 21.98M) | Time:00:00.13 | Mem:0.00M, Peak:0.00M | Scene, ViewLayer | Synchronizing object | Palm.R
Fra:1 Mem:22.02M (Peak 22.02M) | Time:00:00.13 | Mem:0.00M, Peak:0.00M | Scene, ViewLayer | Synchronizing object | Index_Mesh.R
Fra:1 Mem:22.03M (Peak 22.03M) | Time:00:00.13 | Mem:0.00M, Peak:0.00M | Scene, ViewLayer | Synchronizing object | Middle_Mesh.R
Fra:1 Mem:22.03M (Peak 22.03M) | Time:00:00.13 | Mem:0.00M, Peak:0.00M | Scene, ViewLayer | Synchronizing object | Ring_Mesh.R
Fra:1 Mem:22.04M (Peak 22.04M) | Time:00:00.13 | Mem:0.00M, Peak:0.00M | Scene, ViewLayer | Synchronizing object | Pinky_Mesh.R
Fra:1 Mem:22.05M (Peak 22.05M) | Time:00:00.13 | Mem:0.00M, Peak:0.00M | Scene, ViewLayer | Synchronizing object | Thumb_Mesh.R
Fra:1 Mem:22.14M (Peak 22.14M) | Time:00:00.16 | Mem:0.00M, Peak:0.00M | Scene, ViewLayer | Synchronizing object | Leg.R
Fra:1 Mem:22.33M (Peak 22.33M) | Time:00:00.19 | Mem:0.00M, Peak:0.00M | Scene, ViewLayer | Synchronizing object | Shorts.R
Fra:1 Mem:22.43M (Peak 22.43M) | Time:00:00.19 | Mem:0.00M, Peak:0.00M | Scene, ViewLayer | Synchronizing object | Shorts_Hem.R
Fra:1 Mem:22.44M (Peak 22.44M) | Time:00:00.19 | Mem:0.00M, Peak:0.00M | Scene, ViewLayer | Synchronizing object | Sneaker_Sole.R
Fra:1 Mem:22.45M (Peak 22.45M) | Time:00:00.19 | Mem:0.00M, Peak:0.00M | Scene, ViewLayer | Synchronizing object | Sneaker_Upper.R
Fra:1 Mem:22.47M (Peak 22.47M) | Time:00:00.19 | Mem:0.00M, Peak:0.00M | Scene, ViewLayer | Synchronizing object | Sock.R
Fra:1 Mem:22.49M (Peak 22.49M) | Time:00:00.19 | Mem:0.00M, Peak:0.00M | Scene, ViewLayer | Synchronizing object | Lace_0.R
Fra:1 Mem:22.49M (Peak 22.49M) | Time:00:00.19 | Mem:0.00M, Peak:0.00M | Scene, ViewLayer | Synchronizing object | Lace_1.R
Fra:1 Mem:22.49M (Peak 22.49M) | Time:00:00.19 | Mem:0.00M, Peak:0.00M | Scene, ViewLayer | Synchronizing object | Lace_2.R
Fra:1 Mem:22.49M (Peak 22.49M) | Time:00:00.19 | Mem:0.00M, Peak:0.00M | Scene, ViewLayer | Synchronizing object | Heel_Tab.R
Fra:1 Mem:23.06M (Peak 23.06M) | Time:00:00.23 | Mem:0.00M, Peak:0.00M | Scene, ViewLayer | Synchronizing object | Jacket_ContinuousShoulders
Fra:1 Mem:24.28M (Peak 24.28M) | Time:00:00.63 | Mem:0.00M, Peak:0.00M | Scene, ViewLayer | Synchronizing object | Face_Head
Fra:1 Mem:24.94M (Peak 24.94M) | Time:00:00.64 | Mem:0.00M, Peak:0.00M | Scene, ViewLayer | Synchronizing object | Ear.L
Fra:1 Mem:25.00M (Peak 25.00M) | Time:00:00.64 | Mem:0.00M, Peak:0.00M | Scene, ViewLayer | Synchronizing object | Ear_Fold.L
Fra:1 Mem:25.05M (Peak 25.05M) | Time:00:00.66 | Mem:0.00M, Peak:0.00M | Scene, ViewLayer | Synchronizing object | Ear.R
Fra:1 Mem:25.11M (Peak 25.11M) | Time:00:00.66 | Mem:0.00M, Peak:0.00M | Scene, ViewLayer | Synchronizing object | Ear_Fold.R
Fra:1 Mem:25.12M (Peak 25.12M) | Time:00:00.66 | Mem:0.00M, Peak:0.00M | Scene, ViewLayer | Synchronizing object | Eye_White.L
Fra:1 Mem:25.12M (Peak 25.12M) | Time:00:00.66 | Mem:0.00M, Peak:0.00M | Scene, ViewLayer | Synchronizing object | Iris_hair.L
Fra:1 Mem:25.13M (Peak 25.13M) | Time:00:00.66 | Mem:0.00M, Peak:0.00M | Scene, ViewLayer | Synchronizing object | Iris_ink.L
Fra:1 Mem:25.14M (Peak 25.14M) | Time:00:00.66 | Mem:0.00M, Peak:0.00M | Scene, ViewLayer | Synchronizing object | Eye_Glint.L
Fra:1 Mem:25.15M (Peak 25.15M) | Time:00:00.66 | Mem:0.00M, Peak:0.00M | Scene, ViewLayer | Synchronizing object | Upper_Lid.L
Fra:1 Mem:25.16M (Peak 25.16M) | Time:00:00.66 | Mem:0.00M, Peak:0.00M | Scene, ViewLayer | Synchronizing object | Lower_Lid.L
Fra:1 Mem:25.16M (Peak 25.16M) | Time:00:00.66 | Mem:0.00M, Peak:0.00M | Scene, ViewLayer | Synchronizing object | Eyebrow.L
Fra:1 Mem:25.17M (Peak 25.17M) | Time:00:00.66 | Mem:0.00M, Peak:0.00M | Scene, ViewLayer | Synchronizing object | Eye_White.R
Fra:1 Mem:25.17M (Peak 25.17M) | Time:00:00.66 | Mem:0.00M, Peak:0.00M | Scene, ViewLayer | Synchronizing object | Iris_hair.R
Fra:1 Mem:25.18M (Peak 25.18M) | Time:00:00.66 | Mem:0.00M, Peak:0.00M | Scene, ViewLayer | Synchronizing object | Iris_ink.R
Fra:1 Mem:25.19M (Peak 25.19M) | Time:00:00.66 | Mem:0.00M, Peak:0.00M | Scene, ViewLayer | Synchronizing object | Eye_Glint.R
Fra:1 Mem:25.20M (Peak 25.20M) | Time:00:00.66 | Mem:0.00M, Peak:0.00M | Scene, ViewLayer | Synchronizing object | Upper_Lid.R
Fra:1 Mem:25.21M (Peak 25.21M) | Time:00:00.66 | Mem:0.00M, Peak:0.00M | Scene, ViewLayer | Synchronizing object | Lower_Lid.R
Fra:1 Mem:25.21M (Peak 25.21M) | Time:00:00.66 | Mem:0.00M, Peak:0.00M | Scene, ViewLayer | Synchronizing object | Eyebrow.R
Fra:1 Mem:25.22M (Peak 25.22M) | Time:00:00.66 | Mem:0.00M, Peak:0.00M | Scene, ViewLayer | Synchronizing object | Mouth
Fra:1 Mem:25.23M (Peak 25.23M) | Time:00:00.66 | Mem:0.00M, Peak:0.00M | Scene, ViewLayer | Synchronizing object | Hair_Cap
Fra:1 Mem:26.40M (Peak 26.40M) | Time:00:00.69 | Mem:0.00M, Peak:0.00M | Scene, ViewLayer | Synchronizing object | Hair_CrownBase
Fra:1 Mem:26.46M (Peak 26.46M) | Time:00:00.69 | Mem:0.00M, Peak:0.00M | Scene, ViewLayer | Synchronizing object | Review_Rim
Fra:1 Mem:26.49M (Peak 26.49M) | Time:00:00.69 | Mem:0.00M, Peak:0.00M | Scene, ViewLayer | Synchronizing object | Review_Fill
Fra:1 Mem:26.49M (Peak 26.49M) | Time:00:00.69 | Mem:0.00M, Peak:0.00M | Scene, ViewLayer | Synchronizing object | Review_Key
Fra:1 Mem:26.49M (Peak 26.49M) | Time:00:00.69 | Mem:0.00M, Peak:0.00M | Scene, ViewLayer | Synchronizing object | Review_Ground
Fra:1 Mem:26.51M (Peak 26.51M) | Time:00:00.69 | Mem:0.00M, Peak:0.00M | Scene, ViewLayer | Synchronizing object | Drawing_Pen_0.16
Fra:1 Mem:26.49M (Peak 26.51M) | Time:00:00.69 | Mem:0.00M, Peak:0.00M | Scene, ViewLayer | Synchronizing object | Bangs_00
Fra:1 Mem:26.51M (Peak 26.51M) | Time:00:00.69 | Mem:0.00M, Peak:0.00M | Scene, ViewLayer | Synchronizing object | Drawing_Pen_0.136
Fra:1 Mem:26.50M (Peak 26.51M) | Time:00:00.69 | Mem:0.00M, Peak:0.00M | Scene, ViewLayer | Synchronizing object | Pen_Pouch
Fra:1 Mem:26.51M (Peak 26.51M) | Time:00:00.69 | Mem:0.00M, Peak:0.00M | Scene, ViewLayer | Synchronizing object | Bangs_01
Fra:1 Mem:26.52M (Peak 26.52M) | Time:00:00.69 | Mem:0.00M, Peak:0.00M | Scene, ViewLayer | Synchronizing object | Hair_Clip_1
Fra:1 Mem:26.54M (Peak 26.54M) | Time:00:00.69 | Mem:0.00M, Peak:0.00M | Scene, ViewLayer | Synchronizing object | Hair_Clip_0
Fra:1 Mem:26.54M (Peak 26.54M) | Time:00:00.69 | Mem:0.00M, Peak:0.00M | Scene, ViewLayer | Synchronizing object | Bangs_02
Fra:1 Mem:26.54M (Peak 26.54M) | Time:00:00.69 | Mem:0.00M, Peak:0.00M | Scene, ViewLayer | Synchronizing object | Temple_0.R
Fra:1 Mem:26.57M (Peak 26.57M) | Time:00:00.69 | Mem:0.00M, Peak:0.00M | Scene, ViewLayer | Synchronizing object | Temple_0.L
Fra:1 Mem:26.57M (Peak 26.57M) | Time:00:00.69 | Mem:0.00M, Peak:0.00M | Scene, ViewLayer | Synchronizing object | Bangs_03
Fra:1 Mem:26.61M (Peak 26.61M) | Time:00:00.69 | Mem:0.00M, Peak:0.00M | Scene, ViewLayer | Initializing
Fra:1 Mem:21.88M (Peak 26.61M) | Time:00:00.69 | Mem:0.00M, Peak:0.00M | Scene, ViewLayer | Updating Images | Loading CHR002_GreyStudy_BaseColor
Fra:1 Mem:22.62M (Peak 29.89M) | Time:00:00.70 | Mem:4.00M, Peak:4.00M | Scene, ViewLayer | Waiting for render to start
Fra:1 Mem:22.62M (Peak 29.89M) | Time:00:00.70 | Mem:4.00M, Peak:4.00M | Scene, ViewLayer | Updating Scene
Fra:1 Mem:22.62M (Peak 29.89M) | Time:00:00.71 | Mem:4.00M, Peak:4.00M | Scene, ViewLayer | Updating Shaders
Fra:1 Mem:22.62M (Peak 29.89M) | Time:00:00.71 | Mem:4.00M, Peak:4.00M | Scene, ViewLayer | Loading render kernels (may take a few minutes the first time)
Fra:1 Mem:22.70M (Peak 29.89M) | Time:00:00.71 | Mem:4.00M, Peak:4.00M | Scene, ViewLayer | Updating Procedurals
Fra:1 Mem:22.70M (Peak 29.89M) | Time:00:00.71 | Mem:4.00M, Peak:4.00M | Scene, ViewLayer | Updating Background
Fra:1 Mem:22.70M (Peak 29.89M) | Time:00:00.71 | Mem:4.00M, Peak:4.00M | Scene, ViewLayer | Updating Camera
Fra:1 Mem:22.70M (Peak 29.89M) | Time:00:00.71 | Mem:4.00M, Peak:4.00M | Scene, ViewLayer | Updating Meshes Flags
Fra:1 Mem:22.70M (Peak 29.89M) | Time:00:00.71 | Mem:4.00M, Peak:4.00M | Scene, ViewLayer | Updating Objects
Fra:1 Mem:22.70M (Peak 29.89M) | Time:00:00.71 | Mem:4.00M, Peak:4.00M | Scene, ViewLayer | Updating Objects | Copying Transformations to device
Fra:1 Mem:22.72M (Peak 29.89M) | Time:00:00.71 | Mem:4.02M, Peak:4.02M | Scene, ViewLayer | Updating Particle Systems
Fra:1 Mem:22.72M (Peak 29.89M) | Time:00:00.71 | Mem:4.02M, Peak:4.02M | Scene, ViewLayer | Updating Particle Systems | Copying Particles to device
Fra:1 Mem:22.72M (Peak 29.89M) | Time:00:00.71 | Mem:4.02M, Peak:4.02M | Scene, ViewLayer | Updating Meshes
Fra:1 Mem:22.72M (Peak 29.89M) | Time:00:00.71 | Mem:4.02M, Peak:4.02M | Scene, ViewLayer | Updating Objects | Applying Static Transformations
Fra:1 Mem:22.72M (Peak 29.89M) | Time:00:00.71 | Mem:4.02M, Peak:4.02M | Scene, ViewLayer | Updating Mesh | Computing attributes
Fra:1 Mem:23.88M (Peak 29.89M) | Time:00:00.71 | Mem:4.03M, Peak:4.03M | Scene, ViewLayer | Updating Mesh | Copying Attributes to device
Fra:1 Mem:23.86M (Peak 29.89M) | Time:00:00.71 | Mem:5.17M, Peak:5.17M | Scene, ViewLayer | Updating Scene BVH | Building
Fra:1 Mem:23.87M (Peak 29.89M) | Time:00:00.71 | Mem:5.17M, Peak:5.17M | Scene, ViewLayer | Updating Scene BVH | Building BVH
Fra:1 Mem:23.87M (Peak 29.89M) | Time:00:00.71 | Mem:6.38M, Peak:6.38M | Scene, ViewLayer | Updating Scene BVH | Building BVH 0%
Fra:1 Mem:23.87M (Peak 29.89M) | Time:00:00.71 | Mem:7.70M, Peak:8.91M | Scene, ViewLayer | Updating Scene BVH | Copying BVH to device
Fra:1 Mem:23.87M (Peak 29.89M) | Time:00:00.71 | Mem:7.70M, Peak:8.91M | Scene, ViewLayer | Updating Mesh | Computing normals
Fra:1 Mem:24.94M (Peak 29.89M) | Time:00:00.71 | Mem:7.70M, Peak:8.91M | Scene, ViewLayer | Updating Mesh | Copying Mesh to device
Fra:1 Mem:24.94M (Peak 29.89M) | Time:00:00.71 | Mem:8.77M, Peak:8.91M | Scene, ViewLayer | Updating Objects Flags
Fra:1 Mem:24.94M (Peak 29.89M) | Time:00:00.71 | Mem:8.77M, Peak:8.91M | Scene, ViewLayer | Updating Primitive Offsets
Fra:1 Mem:24.94M (Peak 29.89M) | Time:00:00.71 | Mem:8.77M, Peak:8.91M | Scene, ViewLayer | Updating Images
Fra:1 Mem:24.94M (Peak 29.89M) | Time:00:00.71 | Mem:8.77M, Peak:8.91M | Scene, ViewLayer | Updating Camera Volume
Fra:1 Mem:24.94M (Peak 29.89M) | Time:00:00.71 | Mem:8.77M, Peak:8.91M | Scene, ViewLayer | Updating Lookup Tables
Fra:1 Mem:24.94M (Peak 29.89M) | Time:00:00.71 | Mem:8.85M, Peak:8.91M | Scene, ViewLayer | Updating Lights
Fra:1 Mem:24.94M (Peak 29.89M) | Time:00:00.71 | Mem:8.85M, Peak:8.91M | Scene, ViewLayer | Updating Lights | Computing tree
Fra:1 Mem:24.94M (Peak 29.89M) | Time:00:00.71 | Mem:8.85M, Peak:8.91M | Scene, ViewLayer | Updating Integrator
Fra:1 Mem:24.94M (Peak 29.89M) | Time:00:00.71 | Mem:8.85M, Peak:8.91M | Scene, ViewLayer | Updating Film
Fra:1 Mem:24.94M (Peak 29.89M) | Time:00:00.71 | Mem:8.77M, Peak:8.91M | Scene, ViewLayer | Updating Lookup Tables
Fra:1 Mem:24.94M (Peak 29.89M) | Time:00:00.71 | Mem:8.86M, Peak:8.91M | Scene, ViewLayer | Updating Baking
Fra:1 Mem:24.94M (Peak 29.89M) | Time:00:00.71 | Mem:8.86M, Peak:8.91M | Scene, ViewLayer | Updating Device | Writing constant memory
Fra:1 Mem:24.94M (Peak 29.89M) | Time:00:00.71 | Mem:8.86M, Peak:8.91M | Scene, ViewLayer | Loading denoising kernels (may take a few minutes the first time)
Fra:1 Mem:24.94M (Peak 29.89M) | Time:00:00.71 | Mem:8.86M, Peak:8.91M | Scene, ViewLayer | Sample 0/24
Fra:1 Mem:75.06M (Peak 75.06M) | Time:00:01.35 | Remaining:00:14.64 | Mem:58.96M, Peak:58.96M | Scene, ViewLayer | Sample 1/24
Fra:1 Mem:96.16M (Peak 127.80M) | Time:00:22.90 | Mem:58.96M, Peak:58.96M | Scene, ViewLayer | Sample 24/24
Fra:1 Mem:96.16M (Peak 127.80M) | Time:00:22.90 | Mem:58.96M, Peak:58.96M | Scene, ViewLayer | Finished
Saved: '/home/lzzz/MyProjects/N-SIDE/output/characters/CHR-002/ling-model-r2/first/body-back.png'
Time: 00:22.96 (Saving: 00:00.05)

Fra:1 Mem:21.20M (Peak 21.91M) | Time:00:00.04 | Mem:0.00M, Peak:0.00M | Scene, ViewLayer | Synchronizing object | TShirt
Fra:1 Mem:21.35M (Peak 21.91M) | Time:00:00.04 | Mem:0.00M, Peak:0.00M | Scene, ViewLayer | Synchronizing object | TShirt_Collar
Fra:1 Mem:21.38M (Peak 21.91M) | Time:00:00.04 | Mem:0.00M, Peak:0.00M | Scene, ViewLayer | Synchronizing object | Sleeve_Cuff.L
Fra:1 Mem:21.38M (Peak 21.91M) | Time:00:00.04 | Mem:0.00M, Peak:0.00M | Scene, ViewLayer | Synchronizing object | Zip_Tape.L
Fra:1 Mem:21.42M (Peak 21.91M) | Time:00:00.05 | Mem:0.00M, Peak:0.00M | Scene, ViewLayer | Synchronizing object | Palm.L
Fra:1 Mem:21.48M (Peak 21.91M) | Time:00:00.05 | Mem:0.00M, Peak:0.00M | Scene, ViewLayer | Synchronizing object | Index_Mesh.L
Fra:1 Mem:21.47M (Peak 21.91M) | Time:00:00.05 | Mem:0.00M, Peak:0.00M | Scene, ViewLayer | Synchronizing object | Middle_Mesh.L
Fra:1 Mem:21.48M (Peak 21.91M) | Time:00:00.05 | Mem:0.00M, Peak:0.00M | Scene, ViewLayer | Synchronizing object | Ring_Mesh.L
Fra:1 Mem:21.49M (Peak 21.91M) | Time:00:00.05 | Mem:0.00M, Peak:0.00M | Scene, ViewLayer | Synchronizing object | Pinky_Mesh.L
Fra:1 Mem:21.49M (Peak 21.91M) | Time:00:00.05 | Mem:0.00M, Peak:0.00M | Scene, ViewLayer | Synchronizing object | Thumb_Mesh.L
Fra:1 Mem:21.59M (Peak 21.91M) | Time:00:00.08 | Mem:0.00M, Peak:0.00M | Scene, ViewLayer | Synchronizing object | Leg.L
Fra:1 Mem:21.78M (Peak 21.91M) | Time:00:00.12 | Mem:0.00M, Peak:0.00M | Scene, ViewLayer | Synchronizing object | Shorts.L
Fra:1 Mem:21.86M (Peak 21.91M) | Time:00:00.12 | Mem:0.00M, Peak:0.00M | Scene, ViewLayer | Synchronizing object | Shorts_Hem.L
Fra:1 Mem:21.87M (Peak 21.91M) | Time:00:00.12 | Mem:0.00M, Peak:0.00M | Scene, ViewLayer | Synchronizing object | Sneaker_Sole.L
Fra:1 Mem:21.88M (Peak 21.91M) | Time:00:00.12 | Mem:0.00M, Peak:0.00M | Scene, ViewLayer | Synchronizing object | Sneaker_Upper.L
Fra:1 Mem:21.90M (Peak 21.91M) | Time:00:00.12 | Mem:0.00M, Peak:0.00M | Scene, ViewLayer | Synchronizing object | Sock.L
Fra:1 Mem:21.92M (Peak 21.92M) | Time:00:00.12 | Mem:0.00M, Peak:0.00M | Scene, ViewLayer | Synchronizing object | Lace_0.L
Fra:1 Mem:21.92M (Peak 21.92M) | Time:00:00.12 | Mem:0.00M, Peak:0.00M | Scene, ViewLayer | Synchronizing object | Lace_1.L
Fra:1 Mem:21.92M (Peak 21.92M) | Time:00:00.12 | Mem:0.00M, Peak:0.00M | Scene, ViewLayer | Synchronizing object | Lace_2.L
Fra:1 Mem:21.93M (Peak 21.93M) | Time:00:00.12 | Mem:0.00M, Peak:0.00M | Scene, ViewLayer | Synchronizing object | Heel_Tab.L
Fra:1 Mem:21.93M (Peak 21.93M) | Time:00:00.12 | Mem:0.00M, Peak:0.00M | Scene, ViewLayer | Synchronizing object | Sleeve_Cuff.R
Fra:1 Mem:21.93M (Peak 21.93M) | Time:00:00.12 | Mem:0.00M, Peak:0.00M | Scene, ViewLayer | Synchronizing object | Zip_Tape.R
Fra:1 Mem:21.98M (Peak 21.98M) | Time:00:00.13 | Mem:0.00M, Peak:0.00M | Scene, ViewLayer | Synchronizing object | Palm.R
Fra:1 Mem:22.02M (Peak 22.02M) | Time:00:00.13 | Mem:0.00M, Peak:0.00M | Scene, ViewLayer | Synchronizing object | Index_Mesh.R
Fra:1 Mem:22.03M (Peak 22.03M) | Time:00:00.13 | Mem:0.00M, Peak:0.00M | Scene, ViewLayer | Synchronizing object | Middle_Mesh.R
Fra:1 Mem:22.03M (Peak 22.03M) | Time:00:00.13 | Mem:0.00M, Peak:0.00M | Scene, ViewLayer | Synchronizing object | Ring_Mesh.R
Fra:1 Mem:22.04M (Peak 22.04M) | Time:00:00.13 | Mem:0.00M, Peak:0.00M | Scene, ViewLayer | Synchronizing object | Pinky_Mesh.R
Fra:1 Mem:22.05M (Peak 22.05M) | Time:00:00.13 | Mem:0.00M, Peak:0.00M | Scene, ViewLayer | Synchronizing object | Thumb_Mesh.R
Fra:1 Mem:22.14M (Peak 22.14M) | Time:00:00.16 | Mem:0.00M, Peak:0.00M | Scene, ViewLayer | Synchronizing object | Leg.R
Fra:1 Mem:22.33M (Peak 22.33M) | Time:00:00.20 | Mem:0.00M, Peak:0.00M | Scene, ViewLayer | Synchronizing object | Shorts.R
Fra:1 Mem:22.43M (Peak 22.43M) | Time:00:00.20 | Mem:0.00M, Peak:0.00M | Scene, ViewLayer | Synchronizing object | Shorts_Hem.R
Fra:1 Mem:22.44M (Peak 22.44M) | Time:00:00.20 | Mem:0.00M, Peak:0.00M | Scene, ViewLayer | Synchronizing object | Sneaker_Sole.R
Fra:1 Mem:22.45M (Peak 22.45M) | Time:00:00.20 | Mem:0.00M, Peak:0.00M | Scene, ViewLayer | Synchronizing object | Sneaker_Upper.R
Fra:1 Mem:22.47M (Peak 22.47M) | Time:00:00.20 | Mem:0.00M, Peak:0.00M | Scene, ViewLayer | Synchronizing object | Sock.R
Fra:1 Mem:22.49M (Peak 22.49M) | Time:00:00.20 | Mem:0.00M, Peak:0.00M | Scene, ViewLayer | Synchronizing object | Lace_0.R
Fra:1 Mem:22.49M (Peak 22.49M) | Time:00:00.20 | Mem:0.00M, Peak:0.00M | Scene, ViewLayer | Synchronizing object | Lace_1.R
Fra:1 Mem:22.49M (Peak 22.49M) | Time:00:00.20 | Mem:0.00M, Peak:0.00M | Scene, ViewLayer | Synchronizing object | Lace_2.R
Fra:1 Mem:22.49M (Peak 22.49M) | Time:00:00.20 | Mem:0.00M, Peak:0.00M | Scene, ViewLayer | Synchronizing object | Heel_Tab.R
Fra:1 Mem:23.06M (Peak 23.06M) | Time:00:00.23 | Mem:0.00M, Peak:0.00M | Scene, ViewLayer | Synchronizing object | Jacket_ContinuousShoulders
Fra:1 Mem:24.28M (Peak 24.28M) | Time:00:00.63 | Mem:0.00M, Peak:0.00M | Scene, ViewLayer | Synchronizing object | Face_Head
Fra:1 Mem:24.94M (Peak 24.94M) | Time:00:00.64 | Mem:0.00M, Peak:0.00M | Scene, ViewLayer | Synchronizing object | Ear.L
Fra:1 Mem:25.00M (Peak 25.00M) | Time:00:00.64 | Mem:0.00M, Peak:0.00M | Scene, ViewLayer | Synchronizing object | Ear_Fold.L
Fra:1 Mem:25.05M (Peak 25.05M) | Time:00:00.65 | Mem:0.00M, Peak:0.00M | Scene, ViewLayer | Synchronizing object | Ear.R
Fra:1 Mem:25.11M (Peak 25.11M) | Time:00:00.65 | Mem:0.00M, Peak:0.00M | Scene, ViewLayer | Synchronizing object | Ear_Fold.R
Fra:1 Mem:25.13M (Peak 25.13M) | Time:00:00.65 | Mem:0.00M, Peak:0.00M | Scene, ViewLayer | Synchronizing object | Eye_White.L
Fra:1 Mem:25.12M (Peak 25.13M) | Time:00:00.65 | Mem:0.00M, Peak:0.00M | Scene, ViewLayer | Synchronizing object | Iris_hair.L
Fra:1 Mem:25.13M (Peak 25.13M) | Time:00:00.65 | Mem:0.00M, Peak:0.00M | Scene, ViewLayer | Synchronizing object | Iris_ink.L
Fra:1 Mem:25.14M (Peak 25.14M) | Time:00:00.65 | Mem:0.00M, Peak:0.00M | Scene, ViewLayer | Synchronizing object | Eye_Glint.L
Fra:1 Mem:25.15M (Peak 25.15M) | Time:00:00.65 | Mem:0.00M, Peak:0.00M | Scene, ViewLayer | Synchronizing object | Upper_Lid.L
Fra:1 Mem:25.16M (Peak 25.16M) | Time:00:00.65 | Mem:0.00M, Peak:0.00M | Scene, ViewLayer | Synchronizing object | Lower_Lid.L
Fra:1 Mem:25.16M (Peak 25.16M) | Time:00:00.65 | Mem:0.00M, Peak:0.00M | Scene, ViewLayer | Synchronizing object | Eyebrow.L
Fra:1 Mem:25.17M (Peak 25.17M) | Time:00:00.65 | Mem:0.00M, Peak:0.00M | Scene, ViewLayer | Synchronizing object | Eye_White.R
Fra:1 Mem:25.17M (Peak 25.17M) | Time:00:00.65 | Mem:0.00M, Peak:0.00M | Scene, ViewLayer | Synchronizing object | Iris_hair.R
Fra:1 Mem:25.18M (Peak 25.18M) | Time:00:00.65 | Mem:0.00M, Peak:0.00M | Scene, ViewLayer | Synchronizing object | Iris_ink.R
Fra:1 Mem:25.19M (Peak 25.19M) | Time:00:00.65 | Mem:0.00M, Peak:0.00M | Scene, ViewLayer | Synchronizing object | Eye_Glint.R
Fra:1 Mem:25.20M (Peak 25.20M) | Time:00:00.65 | Mem:0.00M, Peak:0.00M | Scene, ViewLayer | Synchronizing object | Upper_Lid.R
Fra:1 Mem:25.21M (Peak 25.21M) | Time:00:00.65 | Mem:0.00M, Peak:0.00M | Scene, ViewLayer | Synchronizing object | Lower_Lid.R
Fra:1 Mem:25.21M (Peak 25.21M) | Time:00:00.66 | Mem:0.00M, Peak:0.00M | Scene, ViewLayer | Synchronizing object | Eyebrow.R
Fra:1 Mem:25.22M (Peak 25.22M) | Time:00:00.66 | Mem:0.00M, Peak:0.00M | Scene, ViewLayer | Synchronizing object | Mouth
Fra:1 Mem:25.23M (Peak 25.23M) | Time:00:00.66 | Mem:0.00M, Peak:0.00M | Scene, ViewLayer | Synchronizing object | Hair_Cap
Fra:1 Mem:26.40M (Peak 26.40M) | Time:00:00.69 | Mem:0.00M, Peak:0.00M | Scene, ViewLayer | Synchronizing object | Hair_CrownBase
Fra:1 Mem:26.46M (Peak 26.46M) | Time:00:00.69 | Mem:0.00M, Peak:0.00M | Scene, ViewLayer | Synchronizing object | Review_Rim
Fra:1 Mem:26.49M (Peak 26.49M) | Time:00:00.69 | Mem:0.00M, Peak:0.00M | Scene, ViewLayer | Synchronizing object | Review_Fill
Fra:1 Mem:26.49M (Peak 26.49M) | Time:00:00.69 | Mem:0.00M, Peak:0.00M | Scene, ViewLayer | Synchronizing object | Review_Key
Fra:1 Mem:26.49M (Peak 26.49M) | Time:00:00.69 | Mem:0.00M, Peak:0.00M | Scene, ViewLayer | Synchronizing object | Review_Ground
Fra:1 Mem:26.51M (Peak 26.51M) | Time:00:00.69 | Mem:0.00M, Peak:0.00M | Scene, ViewLayer | Synchronizing object | Drawing_Pen_0.16
Fra:1 Mem:26.49M (Peak 26.51M) | Time:00:00.69 | Mem:0.00M, Peak:0.00M | Scene, ViewLayer | Synchronizing object | Bangs_00
Fra:1 Mem:26.50M (Peak 26.51M) | Time:00:00.69 | Mem:0.00M, Peak:0.00M | Scene, ViewLayer | Synchronizing object | Drawing_Pen_0.136
Fra:1 Mem:26.51M (Peak 26.51M) | Time:00:00.69 | Mem:0.00M, Peak:0.00M | Scene, ViewLayer | Synchronizing object | Pen_Pouch
Fra:1 Mem:26.51M (Peak 26.51M) | Time:00:00.69 | Mem:0.00M, Peak:0.00M | Scene, ViewLayer | Synchronizing object | Bangs_01
Fra:1 Mem:26.53M (Peak 26.53M) | Time:00:00.69 | Mem:0.00M, Peak:0.00M | Scene, ViewLayer | Synchronizing object | Hair_Clip_1
Fra:1 Mem:26.54M (Peak 26.54M) | Time:00:00.69 | Mem:0.00M, Peak:0.00M | Scene, ViewLayer | Synchronizing object | Hair_Clip_0
Fra:1 Mem:26.53M (Peak 26.54M) | Time:00:00.69 | Mem:0.00M, Peak:0.00M | Scene, ViewLayer | Synchronizing object | Bangs_02
Fra:1 Mem:26.54M (Peak 26.54M) | Time:00:00.69 | Mem:0.00M, Peak:0.00M | Scene, ViewLayer | Synchronizing object | Temple_0.R
Fra:1 Mem:26.57M (Peak 26.57M) | Time:00:00.69 | Mem:0.00M, Peak:0.00M | Scene, ViewLayer | Synchronizing object | Bangs_03
Fra:1 Mem:26.59M (Peak 26.59M) | Time:00:00.69 | Mem:0.00M, Peak:0.00M | Scene, ViewLayer | Synchronizing object | Temple_0.L
Fra:1 Mem:26.61M (Peak 26.61M) | Time:00:00.69 | Mem:0.00M, Peak:0.00M | Scene, ViewLayer | Initializing
Fra:1 Mem:21.88M (Peak 26.61M) | Time:00:00.69 | Mem:0.00M, Peak:0.00M | Scene, ViewLayer | Updating Images | Loading CHR002_GreyStudy_BaseColor
Fra:1 Mem:22.62M (Peak 29.89M) | Time:00:00.70 | Mem:4.00M, Peak:4.00M | Scene, ViewLayer | Waiting for render to start
Fra:1 Mem:22.62M (Peak 29.89M) | Time:00:00.70 | Mem:4.00M, Peak:4.00M | Scene, ViewLayer | Updating Scene
Fra:1 Mem:22.62M (Peak 29.89M) | Time:00:00.70 | Mem:4.00M, Peak:4.00M | Scene, ViewLayer | Updating Shaders
Fra:1 Mem:22.62M (Peak 29.89M) | Time:00:00.70 | Mem:4.00M, Peak:4.00M | Scene, ViewLayer | Loading render kernels (may take a few minutes the first time)
Fra:1 Mem:22.70M (Peak 29.89M) | Time:00:00.70 | Mem:4.00M, Peak:4.00M | Scene, ViewLayer | Updating Procedurals
Fra:1 Mem:22.70M (Peak 29.89M) | Time:00:00.70 | Mem:4.00M, Peak:4.00M | Scene, ViewLayer | Updating Background
Fra:1 Mem:22.70M (Peak 29.89M) | Time:00:00.70 | Mem:4.00M, Peak:4.00M | Scene, ViewLayer | Updating Camera
Fra:1 Mem:22.70M (Peak 29.89M) | Time:00:00.70 | Mem:4.00M, Peak:4.00M | Scene, ViewLayer | Updating Meshes Flags
Fra:1 Mem:22.70M (Peak 29.89M) | Time:00:00.70 | Mem:4.00M, Peak:4.00M | Scene, ViewLayer | Updating Objects
Fra:1 Mem:22.70M (Peak 29.89M) | Time:00:00.71 | Mem:4.00M, Peak:4.00M | Scene, ViewLayer | Updating Objects | Copying Transformations to device
Fra:1 Mem:22.72M (Peak 29.89M) | Time:00:00.71 | Mem:4.02M, Peak:4.02M | Scene, ViewLayer | Updating Particle Systems
Fra:1 Mem:22.72M (Peak 29.89M) | Time:00:00.71 | Mem:4.02M, Peak:4.02M | Scene, ViewLayer | Updating Particle Systems | Copying Particles to device
Fra:1 Mem:22.72M (Peak 29.89M) | Time:00:00.71 | Mem:4.02M, Peak:4.02M | Scene, ViewLayer | Updating Meshes
Fra:1 Mem:22.72M (Peak 29.89M) | Time:00:00.71 | Mem:4.02M, Peak:4.02M | Scene, ViewLayer | Updating Objects | Applying Static Transformations
Fra:1 Mem:22.72M (Peak 29.89M) | Time:00:00.71 | Mem:4.02M, Peak:4.02M | Scene, ViewLayer | Updating Mesh | Computing attributes
Fra:1 Mem:23.88M (Peak 29.89M) | Time:00:00.71 | Mem:4.03M, Peak:4.03M | Scene, ViewLayer | Updating Mesh | Copying Attributes to device
Fra:1 Mem:23.86M (Peak 29.89M) | Time:00:00.71 | Mem:5.17M, Peak:5.17M | Scene, ViewLayer | Updating Scene BVH | Building
Fra:1 Mem:23.87M (Peak 29.89M) | Time:00:00.71 | Mem:5.17M, Peak:5.17M | Scene, ViewLayer | Updating Scene BVH | Building BVH
Fra:1 Mem:23.87M (Peak 29.89M) | Time:00:00.71 | Mem:6.38M, Peak:6.38M | Scene, ViewLayer | Updating Scene BVH | Building BVH 0%
Fra:1 Mem:23.87M (Peak 29.89M) | Time:00:00.71 | Mem:7.70M, Peak:8.91M | Scene, ViewLayer | Updating Scene BVH | Copying BVH to device
Fra:1 Mem:23.87M (Peak 29.89M) | Time:00:00.71 | Mem:7.70M, Peak:8.91M | Scene, ViewLayer | Updating Mesh | Computing normals
Fra:1 Mem:24.94M (Peak 29.89M) | Time:00:00.71 | Mem:7.70M, Peak:8.91M | Scene, ViewLayer | Updating Mesh | Copying Mesh to device
Fra:1 Mem:24.94M (Peak 29.89M) | Time:00:00.71 | Mem:8.77M, Peak:8.91M | Scene, ViewLayer | Updating Objects Flags
Fra:1 Mem:24.94M (Peak 29.89M) | Time:00:00.71 | Mem:8.77M, Peak:8.91M | Scene, ViewLayer | Updating Primitive Offsets
Fra:1 Mem:24.94M (Peak 29.89M) | Time:00:00.71 | Mem:8.77M, Peak:8.91M | Scene, ViewLayer | Updating Images
Fra:1 Mem:24.94M (Peak 29.89M) | Time:00:00.71 | Mem:8.77M, Peak:8.91M | Scene, ViewLayer | Updating Camera Volume
Fra:1 Mem:24.94M (Peak 29.89M) | Time:00:00.71 | Mem:8.77M, Peak:8.91M | Scene, ViewLayer | Updating Lookup Tables
Fra:1 Mem:24.94M (Peak 29.89M) | Time:00:00.71 | Mem:8.85M, Peak:8.91M | Scene, ViewLayer | Updating Lights
Fra:1 Mem:24.94M (Peak 29.89M) | Time:00:00.71 | Mem:8.85M, Peak:8.91M | Scene, ViewLayer | Updating Lights | Computing tree
Fra:1 Mem:24.94M (Peak 29.89M) | Time:00:00.71 | Mem:8.85M, Peak:8.91M | Scene, ViewLayer | Updating Integrator
Fra:1 Mem:24.94M (Peak 29.89M) | Time:00:00.71 | Mem:8.85M, Peak:8.91M | Scene, ViewLayer | Updating Film
Fra:1 Mem:24.94M (Peak 29.89M) | Time:00:00.71 | Mem:8.77M, Peak:8.91M | Scene, ViewLayer | Updating Lookup Tables
Fra:1 Mem:24.94M (Peak 29.89M) | Time:00:00.71 | Mem:8.86M, Peak:8.91M | Scene, ViewLayer | Updating Baking
Fra:1 Mem:24.94M (Peak 29.89M) | Time:00:00.71 | Mem:8.86M, Peak:8.91M | Scene, ViewLayer | Updating Device | Writing constant memory
Fra:1 Mem:24.94M (Peak 29.89M) | Time:00:00.71 | Mem:8.86M, Peak:8.91M | Scene, ViewLayer | Loading denoising kernels (may take a few minutes the first time)
Fra:1 Mem:24.94M (Peak 29.89M) | Time:00:00.71 | Mem:8.86M, Peak:8.91M | Scene, ViewLayer | Sample 0/24
Fra:1 Mem:75.06M (Peak 75.06M) | Time:00:01.56 | Remaining:00:19.49 | Mem:58.96M, Peak:58.96M | Scene, ViewLayer | Sample 1/24
Fra:1 Mem:96.16M (Peak 127.80M) | Time:00:27.61 | Mem:58.96M, Peak:58.96M | Scene, ViewLayer | Sample 24/24
Fra:1 Mem:96.16M (Peak 127.80M) | Time:00:27.61 | Mem:58.96M, Peak:58.96M | Scene, ViewLayer | Finished
Saved: '/home/lzzz/MyProjects/N-SIDE/output/characters/CHR-002/ling-model-r2/first/face-front.png'
Time: 00:27.67 (Saving: 00:00.05)

Fra:1 Mem:21.20M (Peak 21.91M) | Time:00:00.04 | Mem:0.00M, Peak:0.00M | Scene, ViewLayer | Synchronizing object | TShirt
Fra:1 Mem:21.35M (Peak 21.91M) | Time:00:00.04 | Mem:0.00M, Peak:0.00M | Scene, ViewLayer | Synchronizing object | TShirt_Collar
Fra:1 Mem:21.38M (Peak 21.91M) | Time:00:00.04 | Mem:0.00M, Peak:0.00M | Scene, ViewLayer | Synchronizing object | Sleeve_Cuff.L
Fra:1 Mem:21.38M (Peak 21.91M) | Time:00:00.04 | Mem:0.00M, Peak:0.00M | Scene, ViewLayer | Synchronizing object | Zip_Tape.L
Fra:1 Mem:21.42M (Peak 21.91M) | Time:00:00.05 | Mem:0.00M, Peak:0.00M | Scene, ViewLayer | Synchronizing object | Palm.L
Fra:1 Mem:21.47M (Peak 21.91M) | Time:00:00.05 | Mem:0.00M, Peak:0.00M | Scene, ViewLayer | Synchronizing object | Index_Mesh.L
Fra:1 Mem:21.48M (Peak 21.91M) | Time:00:00.05 | Mem:0.00M, Peak:0.00M | Scene, ViewLayer | Synchronizing object | Middle_Mesh.L
Fra:1 Mem:21.48M (Peak 21.91M) | Time:00:00.05 | Mem:0.00M, Peak:0.00M | Scene, ViewLayer | Synchronizing object | Ring_Mesh.L
Fra:1 Mem:21.49M (Peak 21.91M) | Time:00:00.05 | Mem:0.00M, Peak:0.00M | Scene, ViewLayer | Synchronizing object | Pinky_Mesh.L
Fra:1 Mem:21.49M (Peak 21.91M) | Time:00:00.05 | Mem:0.00M, Peak:0.00M | Scene, ViewLayer | Synchronizing object | Thumb_Mesh.L
Fra:1 Mem:21.59M (Peak 21.91M) | Time:00:00.08 | Mem:0.00M, Peak:0.00M | Scene, ViewLayer | Synchronizing object | Leg.L
Fra:1 Mem:21.78M (Peak 21.91M) | Time:00:00.12 | Mem:0.00M, Peak:0.00M | Scene, ViewLayer | Synchronizing object | Shorts.L
Fra:1 Mem:21.86M (Peak 21.91M) | Time:00:00.12 | Mem:0.00M, Peak:0.00M | Scene, ViewLayer | Synchronizing object | Shorts_Hem.L
Fra:1 Mem:21.87M (Peak 21.91M) | Time:00:00.12 | Mem:0.00M, Peak:0.00M | Scene, ViewLayer | Synchronizing object | Sneaker_Sole.L
Fra:1 Mem:21.88M (Peak 21.91M) | Time:00:00.12 | Mem:0.00M, Peak:0.00M | Scene, ViewLayer | Synchronizing object | Sneaker_Upper.L
Fra:1 Mem:21.90M (Peak 21.91M) | Time:00:00.12 | Mem:0.00M, Peak:0.00M | Scene, ViewLayer | Synchronizing object | Sock.L
Fra:1 Mem:21.92M (Peak 21.92M) | Time:00:00.12 | Mem:0.00M, Peak:0.00M | Scene, ViewLayer | Synchronizing object | Lace_0.L
Fra:1 Mem:21.92M (Peak 21.92M) | Time:00:00.12 | Mem:0.00M, Peak:0.00M | Scene, ViewLayer | Synchronizing object | Lace_1.L
Fra:1 Mem:21.92M (Peak 21.92M) | Time:00:00.12 | Mem:0.00M, Peak:0.00M | Scene, ViewLayer | Synchronizing object | Lace_2.L
Fra:1 Mem:21.93M (Peak 21.93M) | Time:00:00.12 | Mem:0.00M, Peak:0.00M | Scene, ViewLayer | Synchronizing object | Heel_Tab.L
Fra:1 Mem:21.93M (Peak 21.93M) | Time:00:00.12 | Mem:0.00M, Peak:0.00M | Scene, ViewLayer | Synchronizing object | Sleeve_Cuff.R
Fra:1 Mem:21.93M (Peak 21.93M) | Time:00:00.12 | Mem:0.00M, Peak:0.00M | Scene, ViewLayer | Synchronizing object | Zip_Tape.R
Fra:1 Mem:21.98M (Peak 21.98M) | Time:00:00.13 | Mem:0.00M, Peak:0.00M | Scene, ViewLayer | Synchronizing object | Palm.R
Fra:1 Mem:22.02M (Peak 22.02M) | Time:00:00.13 | Mem:0.00M, Peak:0.00M | Scene, ViewLayer | Synchronizing object | Index_Mesh.R
Fra:1 Mem:22.03M (Peak 22.03M) | Time:00:00.13 | Mem:0.00M, Peak:0.00M | Scene, ViewLayer | Synchronizing object | Middle_Mesh.R
Fra:1 Mem:22.03M (Peak 22.03M) | Time:00:00.13 | Mem:0.00M, Peak:0.00M | Scene, ViewLayer | Synchronizing object | Ring_Mesh.R
Fra:1 Mem:22.04M (Peak 22.04M) | Time:00:00.13 | Mem:0.00M, Peak:0.00M | Scene, ViewLayer | Synchronizing object | Pinky_Mesh.R
Fra:1 Mem:22.05M (Peak 22.05M) | Time:00:00.13 | Mem:0.00M, Peak:0.00M | Scene, ViewLayer | Synchronizing object | Thumb_Mesh.R
Fra:1 Mem:22.14M (Peak 22.14M) | Time:00:00.16 | Mem:0.00M, Peak:0.00M | Scene, ViewLayer | Synchronizing object | Leg.R
Fra:1 Mem:22.33M (Peak 22.33M) | Time:00:00.19 | Mem:0.00M, Peak:0.00M | Scene, ViewLayer | Synchronizing object | Shorts.R
Fra:1 Mem:22.43M (Peak 22.43M) | Time:00:00.20 | Mem:0.00M, Peak:0.00M | Scene, ViewLayer | Synchronizing object | Shorts_Hem.R
Fra:1 Mem:22.44M (Peak 22.44M) | Time:00:00.20 | Mem:0.00M, Peak:0.00M | Scene, ViewLayer | Synchronizing object | Sneaker_Sole.R
Fra:1 Mem:22.45M (Peak 22.45M) | Time:00:00.20 | Mem:0.00M, Peak:0.00M | Scene, ViewLayer | Synchronizing object | Sneaker_Upper.R
Fra:1 Mem:22.47M (Peak 22.47M) | Time:00:00.20 | Mem:0.00M, Peak:0.00M | Scene, ViewLayer | Synchronizing object | Sock.R
Fra:1 Mem:22.49M (Peak 22.49M) | Time:00:00.20 | Mem:0.00M, Peak:0.00M | Scene, ViewLayer | Synchronizing object | Lace_0.R
Fra:1 Mem:22.49M (Peak 22.49M) | Time:00:00.20 | Mem:0.00M, Peak:0.00M | Scene, ViewLayer | Synchronizing object | Lace_1.R
Fra:1 Mem:22.49M (Peak 22.49M) | Time:00:00.20 | Mem:0.00M, Peak:0.00M | Scene, ViewLayer | Synchronizing object | Lace_2.R
Fra:1 Mem:22.49M (Peak 22.49M) | Time:00:00.20 | Mem:0.00M, Peak:0.00M | Scene, ViewLayer | Synchronizing object | Heel_Tab.R
Fra:1 Mem:23.06M (Peak 23.06M) | Time:00:00.23 | Mem:0.00M, Peak:0.00M | Scene, ViewLayer | Synchronizing object | Jacket_ContinuousShoulders
Fra:1 Mem:24.28M (Peak 24.28M) | Time:00:00.63 | Mem:0.00M, Peak:0.00M | Scene, ViewLayer | Synchronizing object | Face_Head
Fra:1 Mem:24.94M (Peak 24.94M) | Time:00:00.65 | Mem:0.00M, Peak:0.00M | Scene, ViewLayer | Synchronizing object | Ear.L
Fra:1 Mem:25.00M (Peak 25.00M) | Time:00:00.65 | Mem:0.00M, Peak:0.00M | Scene, ViewLayer | Synchronizing object | Ear_Fold.L
Fra:1 Mem:25.05M (Peak 25.05M) | Time:00:00.66 | Mem:0.00M, Peak:0.00M | Scene, ViewLayer | Synchronizing object | Ear.R
Fra:1 Mem:25.11M (Peak 25.11M) | Time:00:00.66 | Mem:0.00M, Peak:0.00M | Scene, ViewLayer | Synchronizing object | Ear_Fold.R
Fra:1 Mem:25.12M (Peak 25.12M) | Time:00:00.66 | Mem:0.00M, Peak:0.00M | Scene, ViewLayer | Synchronizing object | Eye_White.L
Fra:1 Mem:25.13M (Peak 25.13M) | Time:00:00.66 | Mem:0.00M, Peak:0.00M | Scene, ViewLayer | Synchronizing object | Iris_hair.L
Fra:1 Mem:25.13M (Peak 25.13M) | Time:00:00.66 | Mem:0.00M, Peak:0.00M | Scene, ViewLayer | Synchronizing object | Iris_ink.L
Fra:1 Mem:25.14M (Peak 25.14M) | Time:00:00.66 | Mem:0.00M, Peak:0.00M | Scene, ViewLayer | Synchronizing object | Eye_Glint.L
Fra:1 Mem:25.15M (Peak 25.15M) | Time:00:00.66 | Mem:0.00M, Peak:0.00M | Scene, ViewLayer | Synchronizing object | Upper_Lid.L
Fra:1 Mem:25.16M (Peak 25.16M) | Time:00:00.66 | Mem:0.00M, Peak:0.00M | Scene, ViewLayer | Synchronizing object | Lower_Lid.L
Fra:1 Mem:25.16M (Peak 25.16M) | Time:00:00.66 | Mem:0.00M, Peak:0.00M | Scene, ViewLayer | Synchronizing object | Eyebrow.L
Fra:1 Mem:25.17M (Peak 25.17M) | Time:00:00.66 | Mem:0.00M, Peak:0.00M | Scene, ViewLayer | Synchronizing object | Eye_White.R
Fra:1 Mem:25.17M (Peak 25.17M) | Time:00:00.66 | Mem:0.00M, Peak:0.00M | Scene, ViewLayer | Synchronizing object | Iris_hair.R
Fra:1 Mem:25.18M (Peak 25.18M) | Time:00:00.66 | Mem:0.00M, Peak:0.00M | Scene, ViewLayer | Synchronizing object | Iris_ink.R
Fra:1 Mem:25.19M (Peak 25.19M) | Time:00:00.66 | Mem:0.00M, Peak:0.00M | Scene, ViewLayer | Synchronizing object | Eye_Glint.R
Fra:1 Mem:25.20M (Peak 25.20M) | Time:00:00.66 | Mem:0.00M, Peak:0.00M | Scene, ViewLayer | Synchronizing object | Upper_Lid.R
Fra:1 Mem:25.21M (Peak 25.21M) | Time:00:00.66 | Mem:0.00M, Peak:0.00M | Scene, ViewLayer | Synchronizing object | Lower_Lid.R
Fra:1 Mem:25.21M (Peak 25.21M) | Time:00:00.66 | Mem:0.00M, Peak:0.00M | Scene, ViewLayer | Synchronizing object | Eyebrow.R
Fra:1 Mem:25.22M (Peak 25.22M) | Time:00:00.66 | Mem:0.00M, Peak:0.00M | Scene, ViewLayer | Synchronizing object | Mouth
Fra:1 Mem:25.23M (Peak 25.23M) | Time:00:00.66 | Mem:0.00M, Peak:0.00M | Scene, ViewLayer | Synchronizing object | Hair_Cap
Fra:1 Mem:26.40M (Peak 26.40M) | Time:00:00.70 | Mem:0.00M, Peak:0.00M | Scene, ViewLayer | Synchronizing object | Hair_CrownBase
Fra:1 Mem:26.46M (Peak 26.46M) | Time:00:00.70 | Mem:0.00M, Peak:0.00M | Scene, ViewLayer | Synchronizing object | Review_Rim
Fra:1 Mem:26.46M (Peak 26.46M) | Time:00:00.70 | Mem:0.00M, Peak:0.00M | Scene, ViewLayer | Synchronizing object | Review_Fill
Fra:1 Mem:26.47M (Peak 26.47M) | Time:00:00.70 | Mem:0.00M, Peak:0.00M | Scene, ViewLayer | Synchronizing object | Review_Key
Fra:1 Mem:26.49M (Peak 26.49M) | Time:00:00.70 | Mem:0.00M, Peak:0.00M | Scene, ViewLayer | Synchronizing object | Review_Ground
Fra:1 Mem:26.49M (Peak 26.49M) | Time:00:00.70 | Mem:0.00M, Peak:0.00M | Scene, ViewLayer | Synchronizing object | Drawing_Pen_0.16
Fra:1 Mem:26.49M (Peak 26.49M) | Time:00:00.70 | Mem:0.00M, Peak:0.00M | Scene, ViewLayer | Synchronizing object | Bangs_00
Fra:1 Mem:26.49M (Peak 26.49M) | Time:00:00.70 | Mem:0.00M, Peak:0.00M | Scene, ViewLayer | Synchronizing object | Drawing_Pen_0.136
Fra:1 Mem:26.50M (Peak 26.50M) | Time:00:00.70 | Mem:0.00M, Peak:0.00M | Scene, ViewLayer | Synchronizing object | Pen_Pouch
Fra:1 Mem:26.51M (Peak 26.51M) | Time:00:00.70 | Mem:0.00M, Peak:0.00M | Scene, ViewLayer | Synchronizing object | Bangs_01
Fra:1 Mem:26.53M (Peak 26.53M) | Time:00:00.70 | Mem:0.00M, Peak:0.00M | Scene, ViewLayer | Synchronizing object | Hair_Clip_1
Fra:1 Mem:26.53M (Peak 26.53M) | Time:00:00.70 | Mem:0.00M, Peak:0.00M | Scene, ViewLayer | Synchronizing object | Hair_Clip_0
Fra:1 Mem:26.55M (Peak 26.55M) | Time:00:00.70 | Mem:0.00M, Peak:0.00M | Scene, ViewLayer | Synchronizing object | Bangs_02
Fra:1 Mem:26.54M (Peak 26.55M) | Time:00:00.70 | Mem:0.00M, Peak:0.00M | Scene, ViewLayer | Synchronizing object | Temple_0.R
Fra:1 Mem:26.57M (Peak 26.57M) | Time:00:00.70 | Mem:0.00M, Peak:0.00M | Scene, ViewLayer | Synchronizing object | Bangs_03
Fra:1 Mem:26.57M (Peak 26.57M) | Time:00:00.70 | Mem:0.00M, Peak:0.00M | Scene, ViewLayer | Synchronizing object | Temple_0.L
Fra:1 Mem:26.61M (Peak 26.61M) | Time:00:00.70 | Mem:0.00M, Peak:0.00M | Scene, ViewLayer | Initializing
Fra:1 Mem:21.88M (Peak 26.61M) | Time:00:00.70 | Mem:0.00M, Peak:0.00M | Scene, ViewLayer | Updating Images | Loading CHR002_GreyStudy_BaseColor
Fra:1 Mem:22.62M (Peak 29.89M) | Time:00:00.71 | Mem:4.00M, Peak:4.00M | Scene, ViewLayer | Waiting for render to start
Fra:1 Mem:22.62M (Peak 29.89M) | Time:00:00.71 | Mem:4.00M, Peak:4.00M | Scene, ViewLayer | Updating Scene
Fra:1 Mem:22.62M (Peak 29.89M) | Time:00:00.71 | Mem:4.00M, Peak:4.00M | Scene, ViewLayer | Updating Shaders
Fra:1 Mem:22.62M (Peak 29.89M) | Time:00:00.71 | Mem:4.00M, Peak:4.00M | Scene, ViewLayer | Loading render kernels (may take a few minutes the first time)
Fra:1 Mem:22.70M (Peak 29.89M) | Time:00:00.71 | Mem:4.00M, Peak:4.00M | Scene, ViewLayer | Updating Procedurals
Fra:1 Mem:22.70M (Peak 29.89M) | Time:00:00.71 | Mem:4.00M, Peak:4.00M | Scene, ViewLayer | Updating Background
Fra:1 Mem:22.70M (Peak 29.89M) | Time:00:00.71 | Mem:4.00M, Peak:4.00M | Scene, ViewLayer | Updating Camera
Fra:1 Mem:22.70M (Peak 29.89M) | Time:00:00.71 | Mem:4.00M, Peak:4.00M | Scene, ViewLayer | Updating Meshes Flags
Fra:1 Mem:22.70M (Peak 29.89M) | Time:00:00.71 | Mem:4.00M, Peak:4.00M | Scene, ViewLayer | Updating Objects
Fra:1 Mem:22.70M (Peak 29.89M) | Time:00:00.71 | Mem:4.00M, Peak:4.00M | Scene, ViewLayer | Updating Objects | Copying Transformations to device
Fra:1 Mem:22.72M (Peak 29.89M) | Time:00:00.71 | Mem:4.02M, Peak:4.02M | Scene, ViewLayer | Updating Particle Systems
Fra:1 Mem:22.72M (Peak 29.89M) | Time:00:00.71 | Mem:4.02M, Peak:4.02M | Scene, ViewLayer | Updating Particle Systems | Copying Particles to device
Fra:1 Mem:22.72M (Peak 29.89M) | Time:00:00.71 | Mem:4.02M, Peak:4.02M | Scene, ViewLayer | Updating Meshes
Fra:1 Mem:22.72M (Peak 29.89M) | Time:00:00.71 | Mem:4.02M, Peak:4.02M | Scene, ViewLayer | Updating Objects | Applying Static Transformations
Fra:1 Mem:22.72M (Peak 29.89M) | Time:00:00.71 | Mem:4.02M, Peak:4.02M | Scene, ViewLayer | Updating Mesh | Computing attributes
Fra:1 Mem:23.88M (Peak 29.89M) | Time:00:00.71 | Mem:4.03M, Peak:4.03M | Scene, ViewLayer | Updating Mesh | Copying Attributes to device
Fra:1 Mem:23.86M (Peak 29.89M) | Time:00:00.71 | Mem:5.17M, Peak:5.17M | Scene, ViewLayer | Updating Scene BVH | Building
Fra:1 Mem:23.87M (Peak 29.89M) | Time:00:00.71 | Mem:5.17M, Peak:5.17M | Scene, ViewLayer | Updating Scene BVH | Building BVH
Fra:1 Mem:23.87M (Peak 29.89M) | Time:00:00.71 | Mem:6.38M, Peak:6.38M | Scene, ViewLayer | Updating Scene BVH | Building BVH 0%
Fra:1 Mem:23.87M (Peak 29.89M) | Time:00:00.72 | Mem:7.70M, Peak:8.91M | Scene, ViewLayer | Updating Scene BVH | Copying BVH to device
Fra:1 Mem:23.87M (Peak 29.89M) | Time:00:00.72 | Mem:7.70M, Peak:8.91M | Scene, ViewLayer | Updating Mesh | Computing normals
Fra:1 Mem:24.94M (Peak 29.89M) | Time:00:00.72 | Mem:7.70M, Peak:8.91M | Scene, ViewLayer | Updating Mesh | Copying Mesh to device
Fra:1 Mem:24.94M (Peak 29.89M) | Time:00:00.72 | Mem:8.77M, Peak:8.91M | Scene, ViewLayer | Updating Objects Flags
Fra:1 Mem:24.94M (Peak 29.89M) | Time:00:00.72 | Mem:8.77M, Peak:8.91M | Scene, ViewLayer | Updating Primitive Offsets
Fra:1 Mem:24.94M (Peak 29.89M) | Time:00:00.72 | Mem:8.77M, Peak:8.91M | Scene, ViewLayer | Updating Images
Fra:1 Mem:24.94M (Peak 29.89M) | Time:00:00.72 | Mem:8.77M, Peak:8.91M | Scene, ViewLayer | Updating Camera Volume
Fra:1 Mem:24.94M (Peak 29.89M) | Time:00:00.72 | Mem:8.77M, Peak:8.91M | Scene, ViewLayer | Updating Lookup Tables
Fra:1 Mem:24.94M (Peak 29.89M) | Time:00:00.72 | Mem:8.85M, Peak:8.91M | Scene, ViewLayer | Updating Lights
Fra:1 Mem:24.94M (Peak 29.89M) | Time:00:00.72 | Mem:8.85M, Peak:8.91M | Scene, ViewLayer | Updating Lights | Computing tree
Fra:1 Mem:24.94M (Peak 29.89M) | Time:00:00.72 | Mem:8.85M, Peak:8.91M | Scene, ViewLayer | Updating Integrator
Fra:1 Mem:24.94M (Peak 29.89M) | Time:00:00.72 | Mem:8.85M, Peak:8.91M | Scene, ViewLayer | Updating Film
Fra:1 Mem:24.94M (Peak 29.89M) | Time:00:00.72 | Mem:8.77M, Peak:8.91M | Scene, ViewLayer | Updating Lookup Tables
Fra:1 Mem:24.94M (Peak 29.89M) | Time:00:00.72 | Mem:8.86M, Peak:8.91M | Scene, ViewLayer | Updating Baking
Fra:1 Mem:24.94M (Peak 29.89M) | Time:00:00.72 | Mem:8.86M, Peak:8.91M | Scene, ViewLayer | Updating Device | Writing constant memory
Fra:1 Mem:24.94M (Peak 29.89M) | Time:00:00.72 | Mem:8.86M, Peak:8.91M | Scene, ViewLayer | Loading denoising kernels (may take a few minutes the first time)
Fra:1 Mem:24.94M (Peak 29.89M) | Time:00:00.72 | Mem:8.86M, Peak:8.91M | Scene, ViewLayer | Sample 0/24
Fra:1 Mem:75.06M (Peak 75.06M) | Time:00:01.30 | Remaining:00:13.36 | Mem:58.96M, Peak:58.96M | Scene, ViewLayer | Sample 1/24
Fra:1 Mem:96.16M (Peak 127.80M) | Time:00:21.53 | Mem:58.96M, Peak:58.96M | Scene, ViewLayer | Sample 24/24
Fra:1 Mem:96.16M (Peak 127.80M) | Time:00:21.53 | Mem:58.96M, Peak:58.96M | Scene, ViewLayer | Finished
Saved: '/home/lzzz/MyProjects/N-SIDE/output/characters/CHR-002/ling-model-r2/first/hair-quarter.png'
Time: 00:21.58 (Saving: 00:00.05)


Blender quit
