$ bun run check:map && bun run docs:build:player && bun run docs:build:dev
$ bun test tools/tests/district-map.test.ts tools/tests/road-width.test.ts tools/tests/station-square.test.ts tools/tests/terrain-shape.test.ts
bun test v1.4.2 (744846f84)

tools/tests/district-map.test.ts:
(pass) map places and roads have valid shared references [3.15ms]
(pass) terrain colors follow ground elevation [0.17ms]
(pass) map overview fits extended terrain on wide and narrow screens [244.79ms]
(pass) mountain cross section uses sampled ground up to the stargazing summit [65.75ms]
(pass) mountain city keeps metre scale and usable graded route alternatives [6.66ms]
(pass) overview terrain retains source controls and excludes elevated connections [6365.64ms]
(pass) authored exterior sightlines clear intervening building volumes [2.68ms]
(pass) shopping stays local and public hillside routes remain connected [2.05ms]
(pass) orthographic projection preserves parallel edges and separates elevation from depth [0.33ms]
(pass) scene keeps platforms below volumes and geometry is finite [173.52ms]
(pass) expanded plan counts destinations separately and keeps parcel attachments valid [9.98ms]
(pass) sections follow connected routes and distinguish a lift from a slope [18.76ms]
(pass) section labels name shared nodes without duplicating their displayed elevation [0.22ms]
(pass) geometry handles concave boundaries, shared walls, road width and local elevation [1.35ms]
(pass) tree positions stay outside building footprints [8.83ms]
(pass) all streets clear building volumes at their actual widths and elevations [477.16ms]
(pass) district ground-road crossings share a junction and its elevation [437.75ms]
(pass) city framework records every building and reaches its same-level facade entrances [18.61ms]
(pass) city stairs retain short flights, level rests and full-size treads [1.45ms]
(pass) ordinary streets keep their design grade and deliveries avoid stair-only approaches [2.49ms]
(pass) public streets stay outside same-level resident and service courts [6.68ms]
(pass) building volumes share boundaries without occupying the same space [36.55ms]
(pass) detailed places connect street access to separate public and service entrances [20.58ms]
(pass) cinema roof and exterior platform have distinct footprints and supported paths [2.11ms]
(pass) lifestyle routes visit actual arrival endpoints in the stated order [6.91ms]
(pass) housing estimates use residential floor area rather than the volume count [0.42ms]
(pass) architectural segments reference complete buildings and derive type counts from the same data [1.37ms]
(pass) representative buildings have consistent floors, room areas and facade entrances [83.79ms]
(pass) public, residents, students and service users have separate access rights [17.17ms]
(pass) shop supply starts on the city road and changes to a level trolley route at unloading [0.70ms]
(pass) interest equipment deliveries reach a level backstage route from a gentle city-road approach [1.10ms]
(pass) drawn room openings join actual walls and each occupied room has an access [1.04ms]
(pass) station mixed-use and interest samples connect customer and backstage rooms through their own entrances [0.62ms]
(pass) shared stairs and separate apartments connect through shared circulation [1.50ms]

tools/tests/terrain-shape.test.ts:
(pass) second short-ascent leg meets terrain across stair and landing edges [2640.22ms]
(pass) descent eye-level slope uses local terrain detail instead of a 60m face [2480.93ms]
(pass) descent bank changes grade gradually and adjoining upper stairs retain support [17.76ms]
(pass) terrain bake preserves authored geometry and repeats without drift [4828.82ms]
(pass) terrain noise protects complete road segments and footprints [4938.28ms]
(pass) terrain bake rejects invalid metadata and unsupported source formatting [70.69ms]
(pass) third short-ascent terrace clears terrain toward city landmarks [615.24ms]

tools/tests/road-width.test.ts:
(pass) shared endpoints do not hide width conflicts and truly level junctions pass [1.96ms]
(pass) a selected route is checked against other roads without absorbing unrelated conflicts [0.88ms]
(pass) upper-street and foothill junctions join at road width with usable stair treads [1513.90ms]
(pass) campus stairs and market entrances meet the full road width at their own levels [550.80ms]
(pass) music street junctions clear their neighbors and equipment reaches the level unloading route [601.36ms]
(pass) upper homes stairs and greenhouse approaches retain level junctions and usable flights [577.17ms]
(pass) station and music approaches plus the long ascent join at width without sharpening slopes or steps [1509.90ms]
(pass) foothill housing and west plateau approaches clear streets, stairs and resident side paths [2402.58ms]
(pass) east terraces clear neighboring road ribbons and retain usable exterior approaches [544.96ms]
(pass) west old housing clear neighboring road ribbons and retain usable exterior approaches [570.89ms]
(pass) food street bypasses shop footprints and waterfront stairs descend beside the waiting court [548.30ms]
(pass) all ground-road junctions clear neighboring ribbons while retaining usable exterior approaches [633.44ms]
(pass) platform checks keep concave cutouts and actual stair treads while excluding explicitly elevated surfaces [0.73ms]
(pass) ground platforms meet adjacent road ribbons and stair treads at their own level [55.06ms]

tools/tests/station-square.test.ts:
(pass) station meeting court retains usable space with a level public arrival clear of sloping roads [583.76ms]

 56 pass
 0 fail
Ran 56 tests across 4 files. [33.86s]
$ bun tools/wiki.ts build player

  vitepress v1.6.4

- building client + server bundles...
[32m✓[0m building client + server bundles...
- rendering pages...
[32m✓[0m rendering pages...
build complete in 3.97s.
{"profile":"player","pages":101,"files":571,"result":"PASS"}
$ bun tools/wiki.ts build dev

  vitepress v1.6.4

- building client + server bundles...

(!) Some chunks are larger than 500 kB after minification. Consider:
- Using dynamic import() to code-split the application
- Use build.rollupOptions.output.manualChunks to improve chunking: https://rollupjs.org/configuration-options/#output-manualchunks
- Adjust chunk size limit for this warning via build.chunkSizeWarningLimit.
[32m✓[0m building client + server bundles...
- rendering pages...
[32m✓[0m rendering pages...
build complete in 7.28s.
{"profile":"dev","pages":168,"files":827,"result":"PASS"}
