$ bun run check:map && bun run docs:build:player && bun run docs:build:dev
$ bun test tools/tests/district-map.test.ts tools/tests/road-width.test.ts tools/tests/station-square.test.ts tools/tests/terrain-shape.test.ts
bun test v1.4.2 (744846f84)

tools/tests/district-map.test.ts:
(pass) map places and roads have valid shared references [3.11ms]
(pass) terrain colors follow ground elevation [0.16ms]
(pass) map overview fits extended terrain on wide and narrow screens [272.08ms]
(pass) mountain cross section uses sampled ground up to the stargazing summit [73.51ms]
(pass) mountain city keeps metre scale and usable graded route alternatives [6.88ms]
(pass) overview terrain retains source controls and excludes elevated connections [6742.88ms]
(pass) authored exterior sightlines clear intervening building volumes [2.64ms]
(pass) shopping stays local and public hillside routes remain connected [1.98ms]
(pass) orthographic projection preserves parallel edges and separates elevation from depth [0.34ms]
(pass) scene keeps platforms below volumes and geometry is finite [188.48ms]
(pass) expanded plan counts destinations separately and keeps parcel attachments valid [9.46ms]
(pass) sections follow connected routes and distinguish a lift from a slope [18.94ms]
(pass) section labels name shared nodes without duplicating their displayed elevation [0.22ms]
(pass) geometry handles concave boundaries, shared walls, road width and local elevation [1.35ms]
(pass) tree positions stay outside building footprints [8.62ms]
(pass) all streets clear building volumes at their actual widths and elevations [474.81ms]
(pass) district ground-road crossings share a junction and its elevation [399.02ms]
(pass) city framework records every building and reaches its same-level facade entrances [20.60ms]
(pass) city stairs retain short flights, level rests and full-size treads [1.48ms]
(pass) ordinary streets keep their design grade and deliveries avoid stair-only approaches [2.55ms]
(pass) public streets stay outside same-level resident and service courts [6.95ms]
(pass) building volumes share boundaries without occupying the same space [38.23ms]
(pass) detailed places connect street access to separate public and service entrances [20.87ms]
(pass) cinema roof and exterior platform have distinct footprints and supported paths [2.31ms]
(pass) lifestyle routes visit actual arrival endpoints in the stated order [7.28ms]
(pass) housing estimates use residential floor area rather than the volume count [0.49ms]
(pass) architectural segments reference complete buildings and derive type counts from the same data [1.52ms]
(pass) representative buildings have consistent floors, room areas and facade entrances [87.37ms]
(pass) public, residents, students and service users have separate access rights [17.47ms]
(pass) shop supply starts on the city road and changes to a level trolley route at unloading [0.69ms]
(pass) interest equipment deliveries reach a level backstage route from a gentle city-road approach [1.10ms]
(pass) drawn room openings join actual walls and each occupied room has an access [1.03ms]
(pass) station mixed-use and interest samples connect customer and backstage rooms through their own entrances [0.60ms]
(pass) shared stairs and separate apartments connect through shared circulation [1.45ms]

tools/tests/terrain-shape.test.ts:
(pass) second short-ascent leg meets terrain across stair and landing edges [2922.72ms]
(pass) descent eye-level slope uses local terrain detail instead of a 60m face [2991.09ms]
(pass) descent bank changes grade gradually and adjoining upper stairs retain support [16.50ms]
(pass) terrain bake preserves authored geometry and repeats without drift [5736.74ms]
(pass) terrain noise protects complete road segments and footprints [6248.93ms]
(pass) terrain bake rejects invalid metadata and unsupported source formatting [77.86ms]
(pass) third short-ascent terrace clears terrain toward city landmarks [677.30ms]
(pass) forest-edge hollow has broad concavity while the adjacent short route keeps its grade [33.30ms]
(pass) local forest road support leaves the existing terrain envelope outside the hollow unchanged [2836.45ms]

tools/tests/road-width.test.ts:
(pass) shared endpoints do not hide width conflicts and truly level junctions pass [1.96ms]
(pass) a selected route is checked against other roads without absorbing unrelated conflicts [0.77ms]
(pass) upper-street and foothill junctions join at road width with usable stair treads [1687.11ms]
(pass) campus stairs and market entrances meet the full road width at their own levels [648.82ms]
(pass) music street junctions clear their neighbors and equipment reaches the level unloading route [625.61ms]
(pass) upper homes stairs and greenhouse approaches retain level junctions and usable flights [673.71ms]
(pass) station and music approaches plus the long ascent join at width without sharpening slopes or steps [1643.70ms]
(pass) foothill housing and west plateau approaches clear streets, stairs and resident side paths [2562.25ms]
(pass) east terraces clear neighboring road ribbons and retain usable exterior approaches [634.35ms]
(pass) west old housing clear neighboring road ribbons and retain usable exterior approaches [675.83ms]
(pass) food street bypasses shop footprints and waterfront stairs descend beside the waiting court [637.79ms]
(pass) all ground-road junctions clear neighboring ribbons while retaining usable exterior approaches [637.89ms]
(pass) platform checks keep concave cutouts and actual stair treads while excluding explicitly elevated surfaces [0.76ms]
(pass) ground platforms meet adjacent road ribbons and stair treads at their own level [63.80ms]

tools/tests/station-square.test.ts:
(pass) station meeting court retains usable space with a level public arrival clear of sloping roads [685.15ms]

 58 pass
 0 fail
Ran 58 tests across 4 files. [41.21s]
$ bun tools/wiki.ts build player

  vitepress v1.6.4

- building client + server bundles...
[32m✓[0m building client + server bundles...
- rendering pages...
[32m✓[0m rendering pages...
build complete in 4.04s.
{"profile":"player","pages":101,"files":571,"result":"PASS"}
$ bun tools/wiki.ts build dev

  vitepress v1.6.4

- building client + server bundles...

(!) Some chunks are larger than 500 kB after minification. Consider:
- Using dynamic import() to code-split the application
- Use build.rollupOptions.output.manualChunks to improve chunking: https://rollupjs.org/configuration-options/#output-manualchunks
- Adjust chunk size limit for this warning via build.chunkSizeWarningLimit.
[32m✓[0m building client + server bundles...
- rendering pages...
[32m✓[0m rendering pages...
build complete in 7.78s.
{"profile":"dev","pages":168,"files":827,"result":"PASS"}
