$ bun run check:map && bun run docs:build:player && bun run docs:build:dev
$ bun test tools/tests/district-map.test.ts
bun test v1.4.2 (744846f84)

tools/tests/district-map.test.ts:
(pass) map places and roads have valid shared references [2.06ms]
(pass) terrain colors follow ground elevation [0.08ms]
(pass) overview terrain retains source controls and excludes elevated connections [92.55ms]
(pass) authored exterior sightlines clear intervening building volumes [2.16ms]
(pass) shopping stays local and public hillside routes remain connected [1.13ms]
(pass) orthographic projection preserves parallel edges and separates elevation from depth [0.33ms]
(pass) scene keeps platforms below volumes and geometry is finite [35.46ms]
(pass) expanded plan counts destinations separately and keeps parcel attachments valid [6.71ms]
(pass) sections follow connected routes and distinguish a lift from a slope [4.38ms]
(pass) geometry handles concave boundaries, shared walls, road width and local elevation [1.16ms]
(pass) tree positions stay outside building footprints [5.13ms]
(pass) all streets clear building volumes at their actual widths and elevations [405.44ms]
(pass) district ground-road crossings share a junction and its elevation [116.94ms]
(pass) city framework records every building and reaches its same-level facade entrances [8.87ms]
(pass) ordinary streets keep their design grade and deliveries avoid stair-only approaches [1.63ms]
(pass) public streets stay outside same-level resident and service courts [3.65ms]
(pass) building volumes share boundaries without occupying the same space [42.37ms]
(pass) detailed places connect street access to separate public and service entrances [10.73ms]
(pass) cinema roof and exterior platform have distinct footprints and supported paths [0.96ms]
(pass) lifestyle routes visit actual arrival endpoints in the stated order [1.63ms]
(pass) housing estimates use residential floor area rather than the volume count [0.28ms]
(pass) architectural segments reference complete buildings and derive type counts from the same data [1.03ms]
(pass) representative buildings have consistent floors, room areas and facade entrances [23.73ms]
(pass) public, residents, students and service users have separate access rights [2.39ms]
(pass) shop supply starts on the city road and changes to a level trolley route at unloading [0.32ms]
(pass) interest equipment deliveries reach a level backstage route from a gentle city-road approach [0.67ms]
(pass) drawn room openings join actual walls and each occupied room has an access [0.77ms]
(pass) station mixed-use and interest samples connect customer and backstage rooms through their own entrances [0.44ms]
(pass) shared stairs and separate apartments connect through shared circulation [0.88ms]

 29 pass
 0 fail
Ran 29 tests across 1 file. [803.00ms]
$ bun tools/wiki.ts build player

  vitepress v1.6.4

- building client + server bundles...
[32m✓[0m building client + server bundles...
- rendering pages...
[32m✓[0m rendering pages...
build complete in 2.73s.
{"profile":"player","pages":91,"files":531,"result":"PASS"}
$ bun tools/wiki.ts build dev

  vitepress v1.6.4

- building client + server bundles...
[32m✓[0m building client + server bundles...
- rendering pages...
[32m✓[0m rendering pages...
build complete in 4.61s.
{"profile":"dev","pages":148,"files":754,"result":"PASS"}
