Blender 5.2.2 LTS (hash d13f752e3b9c built 2026-09-22 17:10:25)
[ALSOFT] (EE) Failed to connect PipeWire event context (errno: 1)
Extensions: writing cache failed ([Errno 30] Read-only file system: '/home/lzzz/.config/blender/5.2/extensions').
02:35:27 | INFO: Data are loaded, start creating Blender stuff
02:35:27 | INFO: Blender create Mesh node exterior_aircon_unit
02:35:27 | INFO: glTF import finished in 0.05s
00:02.144  image.write      | ERROR OpenImageIO write failed: Could not open file "/home/lzzz/.cache/thumbnails/large/blender_3_427f5486d64c7cedb302112811677ba0.png.png"
Warning: No mesh data to join
Info: Packed 1 file(s)
Info: Saved as "aircon-candidate.blend"
INFO Draco is available, use library at /usr/lib/blender/5.2/scripts/addons_core/io_scene_gltf2/libbf_intern_draco_bridge.so
ERROR MeshOptimizer is not available because library could not be found at /usr/lib/blender/5.2/scripts/addons_core/io_scene_gltf2/libbf_intern_meshopt_bridge.so
02:35:28 | INFO: Starting glTF 2.0 export
02:35:28 | INFO: Extracting primitive: CandidateAircon
02:35:29 | WARNING: More than one shader node tex image used for a texture. The resulting glTF sampler will behave like the first shader node tex image.
02:35:29 | WARNING: More than one shader node tex image used for a texture. The resulting glTF sampler will behave like the first shader node tex image.
02:35:29 | WARNING: More than one shader node tex image used for a texture. The resulting glTF sampler will behave like the first shader node tex image.
02:35:29 | INFO: Primitives created: 2
02:35:29 | INFO: Finished glTF 2.0 export in 0.4957761764526367 s

{"selected_names": ["exterior_aircon_unit"], "dimensions_xyz_blender": [0.799971342086792, 0.37415921688079834, 0.9278970956802368], "pivot_shift_blender": [-0.492712140083313, 0.028886564075946808, -0.32006561756134033], "scale_changed": false, "opacity_recovered": true, "notes": "Candidate only; no runtime integration"}
pa_write() failed while trying to wake up the mainloop: Operation not permitted
