   Compiling n-side v0.1.0 (/home/lzzz/MyProjects/N-SIDE/game)
error: linking with `x86_64-linux-gnu-gcc` failed: exit status: 1
  |
  = note:  "x86_64-linux-gnu-gcc" "-m64" "/home/lzzz/MyProjects/N-SIDE/game/target/debug/deps/rustcFH5lNg/symbols.o" "<257 object files omitted>" "-Wl,--as-needed" "-Wl,-Bstatic" "/home/lzzz/MyProjects/N-SIDE/game/target/debug/deps/{libearcutr-4909771c03f4383e,libitertools-089034e7a56e9f91,libserde_path_to_error-77e0ea5333111b85}.rlib" "<sysroot>/lib/rustlib/x86_64-unknown-linux-gnu/lib/{libtest-*,libgetopts-*,librustc_std_workspace_std-*}.rlib" "/home/lzzz/MyProjects/N-SIDE/game/target/debug/deps/{libspade-5f45dd33d8104927,libparry3d-8ba103f6bef317f7,libena-f798c490b9459bb0,libglamx-3cd4aeb7b68392c4,libsimba-c69720bd46dfcb13,libwide-ddff26cd0a970316,libsafe_arch-12a78ec148fe3e8f,libnum_complex-ac17a42238eeb13d,libglam-4c492a2befd6b229,libgeo-424d08a067ae7171,libfloat_next_after-59b840e06c230bd5,librand_pcg-d6c71c13652d45df,libsif_itree-5dd052f06a0ef116,libgeographiclib_rs-ec3380648d32b8cf,libi_overlay-e899710be65fa03b,libi_tree-5c019b1bd30438f2,libi_key_sort-ce46034bec444b2a,libi_shape-22de0db942b9127f,libi_float-4bff0ea74cce6f7b,librobust-d8367873010ab781,libgeo_types-66b6aba85f46fcd9,librstar-5e312070c0a9a5e4,libheapless-59a40b56f5749c41,libhash32-111f921a021e80dc,libbevy-1acfdbfa94168a28,libbevy_internal-78b5708cccb46cd7,libbevy_winit-f961ab4739846d4d,libapprox-6c3ed9216d239384,libaccesskit_winit-8bbaa8cf0be13c86,libwinit-bdd5d4ca0ab339ac,libsctk_adwaita-e88b6da887208ab3,libab_glyph-2ff5e15246a52fd5,libowned_ttf_parser-4038533e54ee0e3d,libttf_parser-354c6776ec8732c5,libab_glyph_rasterizer-6033ced742ad5b6d,libtiny_skia-eca0ca89ea634bc8,libtiny_skia_path-675ee21b85b1fd9e,libstrict_num-33f2a68ddfb1b047,libarrayref-60458accb727bd56,libx11rb-9fd0edebdb97269c,libgethostname-5854fb941c9dbdd6,libas_raw_xcb_connection-4d10faf38fb80c86,libx11rb_protocol-4de1a288fc6a405a,libwayland_protocols_plasma-b8de2be7458bd121,libahash-8b7303b39987a1d1,libgetrandom-8795e476d42b619d,libsmithay_client_toolkit-7e7c618858570a26,libwayland_cursor-c64a428c0e8b75e5,libxcursor-d51513cdc6a49563,libwayland_protocols_wlr-39fdd0b8e9d2de39,libwayland_protocols-12bbf182a53d5cbb,libwayland_csd_frame-cec6268cbecd73ad,libcalloop_wayland_source-87559682c39e7818,libwayland_client-54fae1f9b3d0a96e,libwayland_backend-ce0053eff9cd6775,libdowncast_rs-fb2203ddca8c3194,libscoped_tls-6a44400e9741c2d5,libwayland_sys-e2f4571cec85dcc9,libcalloop-08d37d80ac780ed2,libthiserror-f35a43678072aff2,librustix-436f4262df6b6cbf,liblinux_raw_sys-fc77682afdf79973,libx11_dl-dc8a5afc4a7a4f76,libxkbcommon_dl-90d2f6dbba314fb7,libxkeysym-9799134248547372,libdlib-80b5bf140f903456,libcursor_icon-ee5dc83aa756ab87,libdpi-8809059803391034,libbevy_ui_widgets-732e36592b98b5da,libbevy_ui_render-d019daa116998ff5,libbevy_ui-c26cc619ac6a45c7,libtaffy-5c21728ae70e586a,libgrid-173f2cd71662cc11,libbevy_state-22ae34568176c23d,libbevy_scene-a53facf8e75565d3,libbevy_post_process-bf11b599e712cc85,libbevy_input_focus-7097b02dc2be1cd0,libbevy_gizmos_render-a10c55d4544aa864,libbevy_sprite_render-115d70444597a521,libbevy_sprite-9df77479f211eb99,libradsort-9c2559a8868fee65,libbevy_text-73b72ef6b8b59d4d,libswash-37194bab9ffe446c,libyazi-eaabf1cef77b3cf9,libskrifa-d4ca497e5b03a3f2,libread_fonts-4220d2bcddeb3e8c,libfont_types-42909ff04b81cfd3,libzeno-087c57c63be53e55,libparley-8a0dd57a1f752bef,libskrifa-b89dc49e1bde13e9,libharfrust-4e0096a7d8501d4d,libparley_data-31453e344a98d741,libicu_segmenter-3336e801d4f046a4,libicu_locale_fallback-bfc40046eec9b31b,libicu_locale_fallback_data-1ac458595f90ec98,libicu_segmenter_data-b87fc27e930a5e8c,libicu_properties-0a03bba1f4b1d457,libicu_properties_data-29ab15a29381c2ac,libicu_normalizer-65899af2acf1e48d,libicu_normalizer_data-10f0fcc63638a1ac,libicu_collections-4e5786051728ff6f,libutf8_iter-cac31ca3a6ee385e,libpotential_utf-858e1724e57974d0,libicu_provider-16b912aee44eeee6,libicu_locale_core-6a7e3d3755e9359d,libtinystr-cee590bf6c9b5347,liblitemap-88873db0ed814176,libwriteable-d6b6b86965d98568,libzerovec-77e6c3f100ad0c32,libzerotrie-228c0a306d6d8245,libyoke-f74ac629298b4d62,libstable_deref_trait-270ba2d085d67ba7,libzerofrom-a4fc2d5b16e5de9d,libfontique-80d6592342cc8b5e,libmemmap2-9e880a4b3a8ac85d,liblinebender_resource_handle-a2c41bc4a3f5fc1e,libread_fonts-8716db7c64b811a3,libfont_types-d6b7d56ba15fb6c6,libparlance-445115400ef594bb,libbevy_picking-e3d11ab214ae5677,libbevy_pbr-92775e0ab05f2faa,libbevy_gltf-b379757b4b87a7c6,libpercent_encoding-af29a8e7bfabc9c6,libbase64-00abcab90b0d9920,libgltf-29dabc6fa429ed25,libgltf_json-22cfc4560fde9593,libserde_json-8f12f5082f13b7ed,libitoa-c277600e8d1a8be6,libzmij-e658e13b6cc52d14,libbevy_world_serialization-de579e516a15814a,libbevy_gilrs-c4231689cc5c1dd1,libgilrs-9f0003153014e453,libfnv-d5148780f0c2e1d6,libgilrs_core-47da0eda99fad433,liblibudev_sys-1fc1cb1a95413bde,libinotify-abd0375d60438f56,libinotify_sys-1f3b5bbca59b12aa,libvec_map-28c3d6c4362a43a2,libbevy_clipboard-bd042a3a596d2ad0,libbevy_camera_controller-dfa3543d1780d444,libbevy_audio-dcb833d302d57712,librodio-3736b20fc5c88c66,liblewton-98a1336bd82e05f9,libogg-8b1f0dd8dba16e40,libtinyvec-8ddbe22612537895,libnum_rational-9ec85f4a2cbbc6fe,libnum_bigint-c1aa56b061791c19,libnum_integer-42cbaa0a02417811,libcpal-432626cf3c547b2f,libdasp_sample-12ef318a0482682a,libalsa-f35b67270ab7783e,libalsa_sys-0cdf5ef161ea57bc,libbevy_anti_alias-48f01422ebe47bed,libbevy_core_pipeline-04f40b7466c75b97,libbevy_light-488c6a21afe4f56e,libbevy_gizmos-ae638da5c9e3127a,libbevy_render-da67db20b8ac1081,liboffset_allocator-382a4d346692bc69,libweak_table-83e7e4033cffcb19,libwgpu-9769912742d64004,libstatic_assertions-4932241d812d7cfa,libwgpu_core-38ef8ab012e6fc24,libwgpu_hal-bda5699dd2ecd195,librenderdoc_sys-ee6cb5a71a8fe7ea,libgpu_allocator-c1c0b70ed9433cbe,libpresser-d28a53608b2c100e,libprofiling-c3a798685104675a,libordered_float-52adb44ff101991c,libgpu_descriptor-7f5755ea328756f9,libgpu_descriptor_types-9687b595503cc934,libparking_lot-86c9d2a480c2a642,libparking_lot_core-fb5debf6a5a3035e,liblock_api-6b7cd960bc8343cf,libscopeguard-d905b516eba31ca0,libash-95e483e88dcf72e5,liblibloading-853f349c4f15b167,libbevy_log-406c5bb233c8f939,libtracing_subscriber-5a9e38f93f7b9f4c,libsharded_slab-f6b047d5d01e6a6f,liblazy_static-654cd1c0c1ae73c8,libmatchers-ceead4203f52ef69,libnu_ansi_term-13756ea0d574e50f,libtracing_log-2c8fd5f27a04a3df,libbevy_material-e9a51b11bdc5dfb5,libbevy_shader-c012991686798c8b,libwgpu_naga_bridge-4090296196848497,libnaga_oil-f41e60d517900591,libdata_encoding-5e356efac464cd68,libcodespan_reporting-61594e024830e995,libregex-439242f3dc2aa93c,libregex_automata-915b84b4f05f9b79,libaho_corasick-f7c04ac378b17025,libregex_syntax-0e3b9a6e92f4287c,libnaga-89617c88fa68a41d,librustc_hash-fbfbd8142b96f1dd,liblibm-eab6f2617e770f22,libhexf_parse-34b7ffda25f837e6,libbit_set-1015007ccf911514,libbit_vec-942e9866b131682c,libcodespan_reporting-0edc7bd8334f2281,libunicode_width-2014abc98b2b08d6,libtermcolor-626e878e2c54440f,libspirv-61819c60e4f7db14,libbevy_camera-e750897abd0479ce,libbevy_window-c4da85bb1cfa6351,libbevy_input-1c787749ec3f2976,libbevy_image-0721fe74e798da43,libruzstd-d510c2bbd0434134,libtwox_hash-aced810974e71aac,librectangle_pack-d6cd5dbe13be00fd,libktx2-2e50a5bf6a631bef,libimage-995c3b80f4f5c91d,libbyteorder_lite-c3ed2c213a0ff778,libmoxcms-85247ba3f378dffa,libpxfm-375e7e1e8f1932b9,libpng-18774570d055ac6d,libflate2-e3a538034b0e5a01,libminiz_oxide-2bb8822f2672ac44,libfdeflate-484c09c4cb348ae9,libsimd_adler32-b1908f1035d09f28,libcrc32fast-e05fb94833b59b7d,libzune_jpeg-e75563a0b1d3e28e,libzune_core-32b711fa1afa3c02,libguillotiere-5af190e3bae64f7f,libsvg_fmt-28f4bbd9c9cfd50b,libeuclid-c1799f29f94bb66c,libddsfile-3983badd7cf4e79f,libbyteorder-33f07492dc4deea4,libbevy_animation-97299fbca35085eb,libbevy_mesh-ceb605be4e009dff,libhalf-94d9d6eb818c8007,libzerocopy-21dee848a542f421,libbevy_mikktspace-6edc9a065d7baf55,libhexasphere-de8628185acc1532,libconstgebra-37e90c08305d921d,libconst_soft_float-4c643a1f9a9112da,libbevy_asset-9d593f27d6775067,libblake3-943662e77a57bf38,libconstant_time_eq-dbd7d4d0fbbd3609,libcpufeatures-9e1befba26d3b8ec,libbevy_diagnostic-f4ece0c216e33f4c,libsysinfo-bebec91e6c8194ea,libmemchr-d2dcb00ba34d0d04,libbevy_time-49203388748e18c7,libconst_fnv1a_hash-97ab6321a47dbc7e,libasync_broadcast-08d2c00ab2391357,libcrossbeam_channel-13e96fbf50dca8e2,libron-ef380e4601729b6e,libunicode_ident-543d1d84c4d5a1e2,libstackfuture-955fb2578a9e6414,libatomicow-3be551f8b160ef11,libtracing-99bea7f40e1dd62f,libtracing_core-1e161698474d059f,libonce_cell-0fc1cf0b8c087a88,libfutures_util-3ad3d4bd0a9c19c5,libfutures_task-889a0d476523683b,libasync_io-76a176c568b6b020,libpolling-f77f5cf82619e89d,librustix-222a475c476b91b5,liblinux_raw_sys-92686555ece9dbe3,libasync_fs-8a8ead875e8d09b4,libblocking-e45cf4f674ca6838,libpiper-465a70176d078092,libatomic_waker-16170938e772a486,libasync_lock-4f8ff9354da4656b,libbevy_transform-e78c17b9fec97d28,libbevy_color-866a1981f7913e53,libbevy_math-2b78e98c01c2d5cb,librand_distr-15e0029481f181a5,libnum_traits-3c3015defd676f50,libitertools-4521af4ed741f859,libeither-ddd76324574cc9ae,libbevy_a11y-df5dc85ce51f9efc,libaccesskit-6ca957c15ec57fc0,libbevy_app-6d04256eff3faecd,libctrlc-1b07085768494366,libnix-a3b87ba9d2638f03,libbevy_ecs-634f188312c79d09,libslotmap-5e4770237a399607,libbevy_tasks-3c9b92285311e99f,libasync_executor-20fd3df3da097930,libslab-d6f8a2e2eabb567e,libasync_task-66373902db3213a3,libarrayvec-9a725e7c29c7a2f1,libbevy_reflect-0319b33295ad7c11,libwgpu_types-0566586c079cb201,libraw_window_handle-a497ebb512344f01,liblog-2f21e88ae78d78cc,libbitflags-ae671153f3986db7,libuuid-4d0814ddaf39c444,libgetrandom-97cf1ed1de67f231,liblibc-60cf5e338d302418,libsmol_str-3d8d569d76edca09,libpetgraph-e3d966cc043d0413,libhashbrown-5af7ae3352ae7e5f,libfoldhash-ec7ca6fa4f26ff13,libfixedbitset-98e7506442702da1,libinventory-9f5cc9bd15701e22,liberased_serde-2d2d5cebad10375e,libtypeid-587f79ecfeb54c4d,libsmallvec-0749bcf0d310a38a,libglam-d7df7bf77cc5ddeb,librand-8e4d20dff53e3526,librand_core-6c8c2ec5d8023e9d,libbytemuck-603217ea3145501a,libencase-2184be84c8dd04b2,libconst_panic-8435003b54dbe4a8,libtypewit-feaa96183542f9c0,libdowncast_rs-c7eebe0dfa70a634,libderive_more-479f3bd4540621ac,libthiserror-8a6bc276daf64a3e,libbumpalo-9314e24149d8b33f,libbevy_utils-2a8b9c60a31bdc98,libthread_local-0e248e9f2b7bbc33,libcfg_if-9b7d45d53c3d3e29,libasync_channel-43a66c56f2836f7e,libevent_listener_strategy-833e399c506f7667,libevent_listener-01b1357589efe1c8,libconcurrent_queue-632991bdd708b746,libcrossbeam_utils-e87c92e61d88399e,libindexmap-71e64e15093057de,libhashbrown-d590ddb61a762528,libdisqualified-84a7ee8fb033ab73,libbevy_ptr-4972910860a2f458,libnonmax-bd910acb20d6022b,libbevy_platform-03aa3f999cee1bd9,libserde-134d30d032b9acf5,libhashbrown-40974790d653ce51,libequivalent-827ffaaf6565098b,libserde_core-c43d3dc2443e87b1,liballocator_api2-4f84593e128990b0,libfutures_lite-28769b5fa7ba2950,libfutures_io-848d5e0f4b535bbc,libfutures_core-764c619a7d8a9c29,libparking-bcc9f33baaabe0fd,libpin_project_lite-a2f3a62457f18cf6,libfastrand-66b4a61180184f34,libfoldhash-257470dc7489b46a}.rlib" "<sysroot>/lib/rustlib/x86_64-unknown-linux-gnu/lib/{libstd-*,libpanic_unwind-*,libobject-*,libmemchr-*,libaddr2line-*,libgimli-*,libcfg_if-*,librustc_demangle-*,libstd_detect-*,libhashbrown-*,librustc_std_workspace_alloc-*,libminiz_oxide-*,libadler2-*,libunwind-*,liblibc-*,librustc_std_workspace_core-*,liballoc-*,libcore-*,libcompiler_builtins-*}.rlib" "-Wl,-Bdynamic" "-lwayland-client" "-lm" "-ldl" "-ludev" "-lasound" "-ldl" "-lgcc_s" "-lutil" "-lrt" "-lpthread" "-lm" "-ldl" "-lc" "-L" "/home/lzzz/MyProjects/N-SIDE/game/target/debug/deps/rustcFH5lNg/raw-dylibs" "-fuse-ld=lld" "-Wl,--eh-frame-hdr" "-Wl,-z,noexecstack" "-L" "/home/lzzz/MyProjects/N-SIDE/game/target/debug/build/blake3-8719d60ea45edadb/out" "-L" "<sysroot>/lib" "-L" "<sysroot>/lib/rustlib/x86_64-unknown-linux-gnu/lib" "-o" "/home/lzzz/MyProjects/N-SIDE/game/target/debug/deps/n_side-1b94600c7b88042f" "-Wl,--gc-sections" "-pie" "-Wl,-z,relro,-z,now" "-nodefaultlibs"
  = note: some arguments are omitted. use `--verbose` to show all linker arguments
  = note: ld.lld: error: undefined hidden symbol: core::ptr::drop_glue::<alloc::collections::btree::map::IntoIter<alloc::string::String, serde_json::value::Value>> (.llvm.2062030709662435509)
          >>> referenced by mod.rs:1041 (/usr/src/debug/rust/rustc-1.98.1-src/library/core/src/mem/mod.rs:1041)
          >>>               /home/lzzz/MyProjects/N-SIDE/game/target/debug/deps/n_side-1b94600c7b88042f.0iferc3aw8iz8yyambfyb6m93.0l2l8yl.rcgu.o:(core::ptr::drop_glue::<core::option::Option<(alloc::string::String, serde_json::value::Value)>>)
          >>> referenced by mod.rs:1041 (/usr/src/debug/rust/rustc-1.98.1-src/library/core/src/mem/mod.rs:1041)
          >>>               /home/lzzz/MyProjects/N-SIDE/game/target/debug/deps/n_side-1b94600c7b88042f.0iferc3aw8iz8yyambfyb6m93.0l2l8yl.rcgu.o:(core::ptr::drop_glue::<serde_json::value::Value>)
          >>> referenced by mod.rs:1041 (/usr/src/debug/rust/rustc-1.98.1-src/library/core/src/mem/mod.rs:1041)
          >>>               /home/lzzz/MyProjects/N-SIDE/game/target/debug/deps/n_side-1b94600c7b88042f.0kjmlxvsonmmgxp8as8afdkbd.0l2l8yl.rcgu.o:(core::ptr::drop_glue::<serde_json::value::ser::SerializeMap>)
          >>> referenced 507 more times
          
          ld.lld: error: undefined hidden symbol: core::ptr::drop_glue::<alloc::boxed::Box<dyn core::any::Any + core::marker::Send>> (.llvm.2062030709662435509)
          >>> referenced by mod.rs:823 (/usr/src/debug/rust/rustc-1.98.1-src/library/core/src/ptr/mod.rs:823)
          >>>               /home/lzzz/MyProjects/N-SIDE/game/target/debug/deps/n_side-1b94600c7b88042f.03wi14udwp565c55nh1z9gvyx.0l2l8yl.rcgu.o:(futures_lite::future::block_on::<core::result::Result<(), alloc::string::String>, async_task::task::Task<core::result::Result<(), alloc::string::String>>>)
          >>> referenced by mod.rs:823 (/usr/src/debug/rust/rustc-1.98.1-src/library/core/src/ptr/mod.rs:823)
          >>>               /home/lzzz/MyProjects/N-SIDE/game/target/debug/deps/n_side-1b94600c7b88042f.0m1tt240h7cxdwb508fjwm3bc.0l2l8yl.rcgu.o:(n_side::settings::save_changes)
          >>> referenced by mod.rs:823 (/usr/src/debug/rust/rustc-1.98.1-src/library/core/src/ptr/mod.rs:823)
          >>>               /home/lzzz/MyProjects/N-SIDE/game/target/debug/deps/n_side-1b94600c7b88042f.0m1tt240h7cxdwb508fjwm3bc.0l2l8yl.rcgu.o:(n_side::settings::save_changes)
          >>> referenced 8 more times
          
          ld.lld: error: undefined hidden symbol: anon.c60c7d22e6084eebb58ec4e7762481fc.84.llvm.7682536894900576174
          >>> referenced by ub_checks.rs:73 (/usr/src/debug/rust/rustc-1.98.1-src/library/core/src/ub_checks.rs:73)
          >>>               /home/lzzz/MyProjects/N-SIDE/game/target/debug/deps/n_side-1b94600c7b88042f.0f5qj8zhslbapctdwkc5zcrca.0l2l8yl.rcgu.o:(<crossbeam_channel::waker::Waker>::notify)
          >>> referenced by ub_checks.rs:73 (/usr/src/debug/rust/rustc-1.98.1-src/library/core/src/ub_checks.rs:73)
          >>>               /home/lzzz/MyProjects/N-SIDE/game/target/debug/deps/n_side-1b94600c7b88042f.dkcw4spccpbcawbfp26mmuvmx.0l2l8yl.rcgu.o:(<&mut <bevy_asset::assets::Assets<bevy_image::image::Image>>::asset_events as core::ops::function::FnMut<(bevy_ecs::change_detection::params::ResMut<bevy_asset::assets::Assets<bevy_image::image::Image>>, bevy_ecs::message::message_writer::MessageWriter<bevy_asset::event::AssetEvent<bevy_image::image::Image>>, core::option::Option<bevy_ecs::change_detection::params::ResMut<bevy_asset::asset_changed::AssetChanges<bevy_image::image::Image>>>, bevy_ecs::system::system_param::SystemChangeTick)>>::call_mut)
          >>> referenced by ub_checks.rs:73 (/usr/src/debug/rust/rustc-1.98.1-src/library/core/src/ub_checks.rs:73)
          >>>               /home/lzzz/MyProjects/N-SIDE/game/target/debug/deps/n_side-1b94600c7b88042f.dkcw4spccpbcawbfp26mmuvmx.0l2l8yl.rcgu.o:(<&mut <bevy_asset::assets::Assets<bevy_pbr::pbr_material::StandardMaterial>>::asset_events as core::ops::function::FnMut<(bevy_ecs::change_detection::params::ResMut<bevy_asset::assets::Assets<bevy_pbr::pbr_material::StandardMaterial>>, bevy_ecs::message::message_writer::MessageWriter<bevy_asset::event::AssetEvent<bevy_pbr::pbr_material::StandardMaterial>>, core::option::Option<bevy_ecs::change_detection::params::ResMut<bevy_asset::asset_changed::AssetChanges<bevy_pbr::pbr_material::StandardMaterial>>>, bevy_ecs::system::system_param::SystemChangeTick)>>::call_mut)
          >>> referenced 4 more times
          
          ld.lld: error: undefined hidden symbol: anon.c60c7d22e6084eebb58ec4e7762481fc.6.llvm.7682536894900576174
          >>> referenced by ub_checks.rs:73 (/usr/src/debug/rust/rustc-1.98.1-src/library/core/src/ub_checks.rs:73)
          >>>               /home/lzzz/MyProjects/N-SIDE/game/target/debug/deps/n_side-1b94600c7b88042f.0f5qj8zhslbapctdwkc5zcrca.0l2l8yl.rcgu.o:(<crossbeam_channel::waker::Waker>::notify)
          >>> referenced by ub_checks.rs:73 (/usr/src/debug/rust/rustc-1.98.1-src/library/core/src/ub_checks.rs:73)
          >>>               /home/lzzz/MyProjects/N-SIDE/game/target/debug/deps/n_side-1b94600c7b88042f.dkcw4spccpbcawbfp26mmuvmx.0l2l8yl.rcgu.o:(<&mut <bevy_asset::assets::Assets<bevy_image::image::Image>>::asset_events as core::ops::function::FnMut<(bevy_ecs::change_detection::params::ResMut<bevy_asset::assets::Assets<bevy_image::image::Image>>, bevy_ecs::message::message_writer::MessageWriter<bevy_asset::event::AssetEvent<bevy_image::image::Image>>, core::option::Option<bevy_ecs::change_detection::params::ResMut<bevy_asset::asset_changed::AssetChanges<bevy_image::image::Image>>>, bevy_ecs::system::system_param::SystemChangeTick)>>::call_mut)
          >>> referenced by ub_checks.rs:73 (/usr/src/debug/rust/rustc-1.98.1-src/library/core/src/ub_checks.rs:73)
          >>>               /home/lzzz/MyProjects/N-SIDE/game/target/debug/deps/n_side-1b94600c7b88042f.dkcw4spccpbcawbfp26mmuvmx.0l2l8yl.rcgu.o:(<&mut <bevy_asset::assets::Assets<bevy_pbr::pbr_material::StandardMaterial>>::asset_events as core::ops::function::FnMut<(bevy_ecs::change_detection::params::ResMut<bevy_asset::assets::Assets<bevy_pbr::pbr_material::StandardMaterial>>, bevy_ecs::message::message_writer::MessageWriter<bevy_asset::event::AssetEvent<bevy_pbr::pbr_material::StandardMaterial>>, core::option::Option<bevy_ecs::change_detection::params::ResMut<bevy_asset::asset_changed::AssetChanges<bevy_pbr::pbr_material::StandardMaterial>>>, bevy_ecs::system::system_param::SystemChangeTick)>>::call_mut)
          >>> referenced 4 more times
          
          ld.lld: error: undefined hidden symbol: core::ptr::drop_glue::<alloc::boxed::Box<dyn bevy_ecs::system::system::System<Out = (), In = ()>>> (.llvm.2062030709662435509)
          >>> referenced by mod.rs:823 (/usr/src/debug/rust/rustc-1.98.1-src/library/core/src/ptr/mod.rs:823)
          >>>               /home/lzzz/MyProjects/N-SIDE/game/target/debug/deps/n_side-1b94600c7b88042f.0kjmlxvsonmmgxp8as8afdkbd.0l2l8yl.rcgu.o:(core::ptr::drop_glue::<bevy_ecs::schedule::config::ScheduleConfigs<alloc::boxed::Box<dyn bevy_ecs::system::system::System<Out = (), In = ()>>>> (.llvm.1514789993922612870))
          >>> referenced by mod.rs:823 (/usr/src/debug/rust/rustc-1.98.1-src/library/core/src/ptr/mod.rs:823)
          >>>               /home/lzzz/MyProjects/N-SIDE/game/target/debug/deps/n_side-1b94600c7b88042f.eg361kvy2n7bm0ajbbgd52d0o.0l2l8yl.rcgu.o:(core::ptr::drop_glue::<bevy_ecs::schedule::config::ScheduleConfigs<alloc::boxed::Box<dyn bevy_ecs::system::system::System<Out = (), In = ()>>>>)
          >>> referenced by mod.rs:823 (/usr/src/debug/rust/rustc-1.98.1-src/library/core/src/ptr/mod.rs:823)
          >>>               /home/lzzz/MyProjects/N-SIDE/game/target/debug/deps/n_side-1b94600c7b88042f.a35fsh6ff5gc7o806awd9l9dh.0l2l8yl.rcgu.o:(core::ptr::drop_glue::<bevy_ecs::schedule::config::ScheduleConfigs<alloc::boxed::Box<dyn bevy_ecs::system::system::System<Out = (), In = ()>>>> (.llvm.17478986315303693311))
          >>> referenced 4 more times
          
          ld.lld: error: undefined hidden symbol: core::ptr::drop_glue::<bevy_ecs::schedule::graph::GraphInfo> (.llvm.2062030709662435509)
          >>> referenced by mod.rs:823 (/usr/src/debug/rust/rustc-1.98.1-src/library/core/src/ptr/mod.rs:823)
          >>>               /home/lzzz/MyProjects/N-SIDE/game/target/debug/deps/n_side-1b94600c7b88042f.0kjmlxvsonmmgxp8as8afdkbd.0l2l8yl.rcgu.o:(core::ptr::drop_glue::<bevy_ecs::schedule::config::ScheduleConfigs<alloc::boxed::Box<dyn bevy_ecs::system::system::System<Out = (), In = ()>>>> (.llvm.1514789993922612870))
          >>> referenced by mod.rs:823 (/usr/src/debug/rust/rustc-1.98.1-src/library/core/src/ptr/mod.rs:823)
          >>>               /home/lzzz/MyProjects/N-SIDE/game/target/debug/deps/n_side-1b94600c7b88042f.0kjmlxvsonmmgxp8as8afdkbd.0l2l8yl.rcgu.o:(core::ptr::drop_glue::<bevy_ecs::schedule::config::ScheduleConfigs<alloc::boxed::Box<dyn bevy_ecs::system::system::System<Out = (), In = ()>>>> (.llvm.1514789993922612870))
          >>> referenced by mod.rs:823 (/usr/src/debug/rust/rustc-1.98.1-src/library/core/src/ptr/mod.rs:823)
          >>>               /home/lzzz/MyProjects/N-SIDE/game/target/debug/deps/n_side-1b94600c7b88042f.eg361kvy2n7bm0ajbbgd52d0o.0l2l8yl.rcgu.o:(core::ptr::drop_glue::<bevy_ecs::schedule::config::ScheduleConfigs<alloc::boxed::Box<dyn bevy_ecs::system::system::System<Out = (), In = ()>>>>)
          >>> referenced 13 more times
          
          ld.lld: error: undefined hidden symbol: core::ptr::drop_glue::<alloc::vec::Vec<indexmap::Bucket<core::any::TypeId, alloc::boxed::Box<dyn core::any::Any>>>> (.llvm.2062030709662435509)
          >>> referenced by mod.rs:823 (/usr/src/debug/rust/rustc-1.98.1-src/library/core/src/ptr/mod.rs:823)
          >>>               /home/lzzz/MyProjects/N-SIDE/game/target/debug/deps/n_side-1b94600c7b88042f.0kjmlxvsonmmgxp8as8afdkbd.0l2l8yl.rcgu.o:(core::ptr::drop_glue::<bevy_ecs::schedule::config::ScheduleConfigs<alloc::boxed::Box<dyn bevy_ecs::system::system::System<Out = (), In = ()>>>> (.llvm.1514789993922612870))
          >>> referenced by mod.rs:823 (/usr/src/debug/rust/rustc-1.98.1-src/library/core/src/ptr/mod.rs:823)
          >>>               /home/lzzz/MyProjects/N-SIDE/game/target/debug/deps/n_side-1b94600c7b88042f.0kjmlxvsonmmgxp8as8afdkbd.0l2l8yl.rcgu.o:(core::ptr::drop_glue::<bevy_ecs::schedule::config::ScheduleConfigs<alloc::boxed::Box<dyn bevy_ecs::system::system::System<Out = (), In = ()>>>> (.llvm.1514789993922612870))
          >>> referenced by mod.rs:823 (/usr/src/debug/rust/rustc-1.98.1-src/library/core/src/ptr/mod.rs:823)
          >>>               /home/lzzz/MyProjects/N-SIDE/game/target/debug/deps/n_side-1b94600c7b88042f.eg361kvy2n7bm0ajbbgd52d0o.0l2l8yl.rcgu.o:(core::ptr::drop_glue::<bevy_ecs::schedule::config::ScheduleConfigs<alloc::boxed::Box<dyn bevy_ecs::system::system::System<Out = (), In = ()>>>>)
          >>> referenced 25 more times
          
          ld.lld: error: undefined hidden symbol: anon.2e99ecb986a86915806b0447341d946e.42.llvm.2062030709662435509
          >>> referenced by mod.rs:1728 (/usr/src/debug/rust/rustc-1.98.1-src/library/std/src/io/mod.rs:1728)
          >>>               /home/lzzz/MyProjects/N-SIDE/game/target/debug/deps/n_side-1b94600c7b88042f.0m1tt240h7cxdwb508fjwm3bc.0l2l8yl.rcgu.o:(n_side::settings::atomic_write)
          >>> referenced by mod.rs:1728 (/usr/src/debug/rust/rustc-1.98.1-src/library/std/src/io/mod.rs:1728)
          >>>               /home/lzzz/MyProjects/N-SIDE/game/target/debug/deps/n_side-1b94600c7b88042f.0m1tt240h7cxdwb508fjwm3bc.0l2l8yl.rcgu.o:(n_side::settings::atomic_write)
          >>> referenced by mod.rs:1728 (/usr/src/debug/rust/rustc-1.98.1-src/library/std/src/io/mod.rs:1728)
          >>>               /home/lzzz/MyProjects/N-SIDE/game/target/debug/deps/n_side-1b94600c7b88042f.0m1tt240h7cxdwb508fjwm3bc.0l2l8yl.rcgu.o:(n_side::settings::read_file)
          >>> referenced 1 more times
          
          ld.lld: error: undefined hidden symbol: core::ptr::drop_glue::<std::sys::fd::unix::FileDesc> (.llvm.2062030709662435509)
          >>> referenced by mod.rs:823 (/usr/src/debug/rust/rustc-1.98.1-src/library/core/src/ptr/mod.rs:823)
          >>>               /home/lzzz/MyProjects/N-SIDE/game/target/debug/deps/n_side-1b94600c7b88042f.0m1tt240h7cxdwb508fjwm3bc.0l2l8yl.rcgu.o:(n_side::settings::atomic_write)
          >>> referenced by mod.rs:823 (/usr/src/debug/rust/rustc-1.98.1-src/library/core/src/ptr/mod.rs:823)
          >>>               /home/lzzz/MyProjects/N-SIDE/game/target/debug/deps/n_side-1b94600c7b88042f.0m1tt240h7cxdwb508fjwm3bc.0l2l8yl.rcgu.o:(n_side::settings::read_file)
          >>> referenced by mod.rs:823 (/usr/src/debug/rust/rustc-1.98.1-src/library/core/src/ptr/mod.rs:823)
          >>>               /home/lzzz/MyProjects/N-SIDE/game/target/debug/deps/n_side-1b94600c7b88042f.aiuvez2tqw8x4mwjro8xey97p.0l2l8yl.rcgu.o:(<std::io::buffered::bufwriter::BufWriter<std::fs::File>>::with_capacity)
          >>> referenced 4 more times
          
          ld.lld: error: undefined hidden symbol: anon.c60c7d22e6084eebb58ec4e7762481fc.80.llvm.7682536894900576174
          >>> referenced by ub_checks.rs:73 (/usr/src/debug/rust/rustc-1.98.1-src/library/core/src/ub_checks.rs:73)
          >>>               /home/lzzz/MyProjects/N-SIDE/game/target/debug/deps/n_side-1b94600c7b88042f.0kjmlxvsonmmgxp8as8afdkbd.0l2l8yl.rcgu.o:(<n_side::graphics::GraphicsSettings as serde_core::ser::Serialize>::serialize::<&mut serde_json::ser::Serializer<&mut alloc::vec::Vec<u8>, serde_json::ser::PrettyFormatter>>)
          >>> referenced by ub_checks.rs:73 (/usr/src/debug/rust/rustc-1.98.1-src/library/core/src/ub_checks.rs:73)
          >>>               /home/lzzz/MyProjects/N-SIDE/game/target/debug/deps/n_side-1b94600c7b88042f.0kjmlxvsonmmgxp8as8afdkbd.0l2l8yl.rcgu.o:(<serde_json::ser::Compound<&mut alloc::vec::Vec<u8>, serde_json::ser::PrettyFormatter> as serde_core::ser::SerializeStruct>::end)
          >>> referenced by ub_checks.rs:73 (/usr/src/debug/rust/rustc-1.98.1-src/library/core/src/ub_checks.rs:73)
          >>>               /home/lzzz/MyProjects/N-SIDE/game/target/debug/deps/n_side-1b94600c7b88042f.235v1fczqkno5oojuvrkrzkuc.0l2l8yl.rcgu.o:(<n_side::settings::Preferences as serde_core::ser::Serialize>::serialize::<&mut serde_json::ser::Serializer<&mut alloc::vec::Vec<u8>, serde_json::ser::PrettyFormatter>>)
          >>> referenced 33 more times
          
          ld.lld: error: undefined hidden symbol: anon.c60c7d22e6084eebb58ec4e7762481fc.8.llvm.7682536894900576174
          >>> referenced by ub_checks.rs:73 (/usr/src/debug/rust/rustc-1.98.1-src/library/core/src/ub_checks.rs:73)
          >>>               /home/lzzz/MyProjects/N-SIDE/game/target/debug/deps/n_side-1b94600c7b88042f.0kjmlxvsonmmgxp8as8afdkbd.0l2l8yl.rcgu.o:(<n_side::graphics::GraphicsSettings as serde_core::ser::Serialize>::serialize::<&mut serde_json::ser::Serializer<&mut alloc::vec::Vec<u8>, serde_json::ser::PrettyFormatter>>)
          >>> referenced by ub_checks.rs:73 (/usr/src/debug/rust/rustc-1.98.1-src/library/core/src/ub_checks.rs:73)
          >>>               /home/lzzz/MyProjects/N-SIDE/game/target/debug/deps/n_side-1b94600c7b88042f.0kjmlxvsonmmgxp8as8afdkbd.0l2l8yl.rcgu.o:(<serde_json::ser::Compound<&mut alloc::vec::Vec<u8>, serde_json::ser::PrettyFormatter> as serde_core::ser::SerializeStruct>::end)
          >>> referenced by ub_checks.rs:73 (/usr/src/debug/rust/rustc-1.98.1-src/library/core/src/ub_checks.rs:73)
          >>>               /home/lzzz/MyProjects/N-SIDE/game/target/debug/deps/n_side-1b94600c7b88042f.235v1fczqkno5oojuvrkrzkuc.0l2l8yl.rcgu.o:(<n_side::settings::Preferences as serde_core::ser::Serialize>::serialize::<&mut serde_json::ser::Serializer<&mut alloc::vec::Vec<u8>, serde_json::ser::PrettyFormatter>>)
          >>> referenced 33 more times
          
          ld.lld: error: undefined hidden symbol: core::ptr::drop_glue::<serde_json::value::Value> (.llvm.2062030709662435509)
          >>> referenced by mod.rs:823 (/usr/src/debug/rust/rustc-1.98.1-src/library/core/src/ptr/mod.rs:823)
          >>>               /home/lzzz/MyProjects/N-SIDE/game/target/debug/deps/n_side-1b94600c7b88042f.0iferc3aw8iz8yyambfyb6m93.0l2l8yl.rcgu.o:(<serde_json::map::Map<alloc::string::String, serde_json::value::Value> as serde_core::de::Deserializer>::deserialize_any::<<n_side::capture::InputSpan as serde_core::de::Deserialize>::deserialize::__Visitor>)
          >>> referenced by mod.rs:823 (/usr/src/debug/rust/rustc-1.98.1-src/library/core/src/ptr/mod.rs:823)
          >>>               /home/lzzz/MyProjects/N-SIDE/game/target/debug/deps/n_side-1b94600c7b88042f.0iferc3aw8iz8yyambfyb6m93.0l2l8yl.rcgu.o:(<serde_json::map::Map<alloc::string::String, serde_json::value::Value> as serde_core::de::Deserializer>::deserialize_any::<<n_side::capture::InputSpan as serde_core::de::Deserialize>::deserialize::__Visitor>)
          >>> referenced by mod.rs:823 (/usr/src/debug/rust/rustc-1.98.1-src/library/core/src/ptr/mod.rs:823)
          >>>               /home/lzzz/MyProjects/N-SIDE/game/target/debug/deps/n_side-1b94600c7b88042f.0iferc3aw8iz8yyambfyb6m93.0l2l8yl.rcgu.o:(<serde_json::map::Map<alloc::string::String, serde_json::value::Value> as serde_core::de::Deserializer>::deserialize_any::<<n_side::capture::InputSpan as serde_core::de::Deserialize>::deserialize::__Visitor>)
          >>> referenced 14 more times
          
          ld.lld: error: undefined hidden symbol: core::ptr::drop_glue::<serde_path_to_error::path::Path> (.llvm.2062030709662435509)
          >>> referenced by mod.rs:823 (/usr/src/debug/rust/rustc-1.98.1-src/library/core/src/ptr/mod.rs:823)
          >>>               /home/lzzz/MyProjects/N-SIDE/game/target/debug/deps/n_side-1b94600c7b88042f.1q39jye55rxnqyy25agmr8mrh.0l2l8yl.rcgu.o:(<n_side::world::map::Map>::parse::<&std::path::Path>)
          >>> referenced by mod.rs:823 (/usr/src/debug/rust/rustc-1.98.1-src/library/core/src/ptr/mod.rs:823)
          >>>               /home/lzzz/MyProjects/N-SIDE/game/target/debug/deps/n_side-1b94600c7b88042f.1q39jye55rxnqyy25agmr8mrh.0l2l8yl.rcgu.o:(<n_side::world::map::Map>::parse::<&str>)
          >>> referenced by mod.rs:823 (/usr/src/debug/rust/rustc-1.98.1-src/library/core/src/ptr/mod.rs:823)
          >>>               /home/lzzz/MyProjects/N-SIDE/game/target/debug/deps/n_side-1b94600c7b88042f.9pjpq076gs3903wgygu98pj02.0l2l8yl.rcgu.o:(<n_side::world::assets::Appearance>::load)
          >>> referenced 4 more times
          
          ld.lld: error: undefined hidden symbol: core::ptr::drop_glue::<alloc::boxed::Box<dyn core::error::Error + core::marker::Send + core::marker::Sync>> (.llvm.2062030709662435509)
          >>> referenced by mod.rs:823 (/usr/src/debug/rust/rustc-1.98.1-src/library/core/src/ptr/mod.rs:823)
          >>>               /home/lzzz/MyProjects/N-SIDE/game/target/debug/deps/n_side-1b94600c7b88042f.4rs2d830h1a5q3nab2c4sn134.0l2l8yl.rcgu.o:(core::ptr::drop_glue::<image::error::ImageError>)
          >>> referenced by mod.rs:823 (/usr/src/debug/rust/rustc-1.98.1-src/library/core/src/ptr/mod.rs:823)
          >>>               /home/lzzz/MyProjects/N-SIDE/game/target/debug/deps/n_side-1b94600c7b88042f.4rs2d830h1a5q3nab2c4sn134.0l2l8yl.rcgu.o:(core::ptr::drop_glue::<image::error::ImageError>)
          >>> referenced by mod.rs:823 (/usr/src/debug/rust/rustc-1.98.1-src/library/core/src/ptr/mod.rs:823)
          >>>               /home/lzzz/MyProjects/N-SIDE/game/target/debug/deps/n_side-1b94600c7b88042f.4rs2d830h1a5q3nab2c4sn134.0l2l8yl.rcgu.o:(<&mut n_side::capture::record::{closure#15} as core::ops::function::FnMut<(bevy_ecs::observer::system_param::On<bevy_render::view::window::screenshot::ScreenshotCaptured>, bevy_ecs::change_detection::params::ResMut<n_side::capture::Recording>)>>::call_mut)
          
          ld.lld: error: undefined hidden symbol: core::ptr::drop_glue::<(n_side::player::PlayerProxy, bevy_mesh::components::Mesh3d, bevy_pbr::mesh_material::MeshMaterial3d<bevy_pbr::pbr_material::StandardMaterial>, bevy_transform::components::transform::Transform)> (.llvm.2062030709662435509)
          >>> referenced by mod.rs:823 (/usr/src/debug/rust/rustc-1.98.1-src/library/core/src/ptr/mod.rs:823)
          >>>               /home/lzzz/MyProjects/N-SIDE/game/target/debug/deps/n_side-1b94600c7b88042f.4bx7tbudt0n970z88pi52ws9v.0l2l8yl.rcgu.o:(core::ptr::drop_glue::<<<bevy_ecs::system::commands::Commands>::spawn<(n_side::player::PlayerBody, bevy_ecs::name::Name, bevy_transform::components::transform::Transform, bevy_camera::visibility::Visibility, bevy_ecs::spawn::SpawnRelatedBundle<bevy_ecs::hierarchy::ChildOf, bevy_ecs::spawn::Spawn<(n_side::player::PlayerProxy, bevy_mesh::components::Mesh3d, bevy_pbr::mesh_material::MeshMaterial3d<bevy_pbr::pbr_material::StandardMaterial>, bevy_transform::components::transform::Transform)>>)>::{closure#0} as bevy_ecs::system::commands::command::Command>::handle_error::{closure#0}>)
          >>> referenced by mod.rs:823 (/usr/src/debug/rust/rustc-1.98.1-src/library/core/src/ptr/mod.rs:823)
          >>>               /home/lzzz/MyProjects/N-SIDE/game/target/debug/deps/n_side-1b94600c7b88042f.4bx7tbudt0n970z88pi52ws9v.0l2l8yl.rcgu.o:(core::ptr::drop_glue::<(n_side::player::PlayerBody, bevy_ecs::name::Name, bevy_transform::components::transform::Transform, bevy_camera::visibility::Visibility, bevy_ecs::spawn::SpawnRelatedBundle<bevy_ecs::hierarchy::ChildOf, bevy_ecs::spawn::Spawn<(n_side::player::PlayerProxy, bevy_mesh::components::Mesh3d, bevy_pbr::mesh_material::MeshMaterial3d<bevy_pbr::pbr_material::StandardMaterial>, bevy_transform::components::transform::Transform)>>)>)
          >>> referenced by mod.rs:823 (/usr/src/debug/rust/rustc-1.98.1-src/library/core/src/ptr/mod.rs:823)
          >>>               /home/lzzz/MyProjects/N-SIDE/game/target/debug/deps/n_side-1b94600c7b88042f.4bx7tbudt0n970z88pi52ws9v.0l2l8yl.rcgu.o:(<<bevy_ecs::world::command_queue::RawCommandQueue>::push<<<bevy_ecs::system::commands::Commands>::spawn<(n_side::player::PlayerBody, bevy_ecs::name::Name, bevy_transform::components::transform::Transform, bevy_camera::visibility::Visibility, bevy_ecs::spawn::SpawnRelatedBundle<bevy_ecs::hierarchy::ChildOf, bevy_ecs::spawn::Spawn<(n_side::player::PlayerProxy, bevy_mesh::components::Mesh3d, bevy_pbr::mesh_material::MeshMaterial3d<bevy_pbr::pbr_material::StandardMaterial>, bevy_transform::components::transform::Transform)>>)>::{closure#0} as bevy_ecs::system::commands::command::Command>::handle_error::{closure#0}>::{closure#0} as core::ops::function::FnOnce<(bevy_ptr::OwningPtr<bevy_ptr::Unaligned>, core::option::Option<core::ptr::non_null::NonNull<bevy_ecs::world::World>>, &mut usize)>>::call_once)
          >>> referenced 7 more times
          
          ld.lld: error: undefined hidden symbol: anon.c60c7d22e6084eebb58ec4e7762481fc.85.llvm.7682536894900576174
          >>> referenced by ub_checks.rs:73 (/usr/src/debug/rust/rustc-1.98.1-src/library/core/src/ub_checks.rs:73)
          >>>               /home/lzzz/MyProjects/N-SIDE/game/target/debug/deps/n_side-1b94600c7b88042f.5t2m9d0tl5gupxlojdb27z5u2.0l2l8yl.rcgu.o:(core::slice::sort::stable::driftsort_main::<[f64; 2], <[[f64; 2]]>::sort_by<<n_side::world::geometry::MeshData>::wall_with_doors::{closure#1}>::{closure#0}, alloc::vec::Vec<[f64; 2]>>)
          >>> referenced by ub_checks.rs:73 (/usr/src/debug/rust/rustc-1.98.1-src/library/core/src/ub_checks.rs:73)
          >>>               /home/lzzz/MyProjects/N-SIDE/game/target/debug/deps/n_side-1b94600c7b88042f.5t2m9d0tl5gupxlojdb27z5u2.0l2l8yl.rcgu.o:(core::slice::sort::stable::driftsort_main::<earcutr::LinkedListNode<f64>, <[earcutr::LinkedListNode<f64>]>::sort_by<earcutr::eliminate_holes<f64>::{closure#1}>::{closure#0}, alloc::vec::Vec<earcutr::LinkedListNode<f64>>>)
          >>> referenced by ub_checks.rs:73 (/usr/src/debug/rust/rustc-1.98.1-src/library/core/src/ub_checks.rs:73)
          >>>               /home/lzzz/MyProjects/N-SIDE/game/target/debug/deps/n_side-1b94600c7b88042f.5t2m9d0tl5gupxlojdb27z5u2.0l2l8yl.rcgu.o:(core::slice::sort::stable::driftsort_main::<spade::delaunay_core::handles::handle_defs::DynamicHandleImpl<n_side::world::geometry::GroundPoint, (), (), (), spade::delaunay_core::handles::handle_defs::VertexTag, spade::delaunay_core::handles::public_handles::InnerTag>, <[spade::delaunay_core::handles::handle_defs::DynamicHandleImpl<n_side::world::geometry::GroundPoint, (), (), (), spade::delaunay_core::handles::handle_defs::VertexTag, spade::delaunay_core::handles::public_handles::InnerTag>]>::sort_by<<spade::delaunay_triangulation::DelaunayTriangulation<n_side::world::geometry::GroundPoint> as spade::delaunay_core::triangulation_ext::TriangulationExt>::locate_when_all_vertices_on_line::{closure#1}>::{closure#0}, alloc::vec::Vec<spade::delaunay_core::handles::handle_defs::DynamicHandleImpl<n_side::world::geometry::GroundPoint, (), (), (), spade::delaunay_core::handles::handle_defs::VertexTag, spade::delaunay_core::handles::public_handles::InnerTag>>>)
          >>> referenced 5 more times
          
          ld.lld: error: undefined hidden symbol: anon.c60c7d22e6084eebb58ec4e7762481fc.11.llvm.7682536894900576174
          >>> referenced by ub_checks.rs:73 (/usr/src/debug/rust/rustc-1.98.1-src/library/core/src/ub_checks.rs:73)
          >>>               /home/lzzz/MyProjects/N-SIDE/game/target/debug/deps/n_side-1b94600c7b88042f.5t2m9d0tl5gupxlojdb27z5u2.0l2l8yl.rcgu.o:(core::slice::sort::stable::driftsort_main::<[f64; 2], <[[f64; 2]]>::sort_by<<n_side::world::geometry::MeshData>::wall_with_doors::{closure#1}>::{closure#0}, alloc::vec::Vec<[f64; 2]>>)
          >>> referenced by ub_checks.rs:73 (/usr/src/debug/rust/rustc-1.98.1-src/library/core/src/ub_checks.rs:73)
          >>>               /home/lzzz/MyProjects/N-SIDE/game/target/debug/deps/n_side-1b94600c7b88042f.5t2m9d0tl5gupxlojdb27z5u2.0l2l8yl.rcgu.o:(core::slice::sort::stable::driftsort_main::<earcutr::LinkedListNode<f64>, <[earcutr::LinkedListNode<f64>]>::sort_by<earcutr::eliminate_holes<f64>::{closure#1}>::{closure#0}, alloc::vec::Vec<earcutr::LinkedListNode<f64>>>)
          >>> referenced by ub_checks.rs:73 (/usr/src/debug/rust/rustc-1.98.1-src/library/core/src/ub_checks.rs:73)
          >>>               /home/lzzz/MyProjects/N-SIDE/game/target/debug/deps/n_side-1b94600c7b88042f.5t2m9d0tl5gupxlojdb27z5u2.0l2l8yl.rcgu.o:(core::slice::sort::stable::driftsort_main::<spade::delaunay_core::handles::handle_defs::DynamicHandleImpl<n_side::world::geometry::GroundPoint, (), (), (), spade::delaunay_core::handles::handle_defs::VertexTag, spade::delaunay_core::handles::public_handles::InnerTag>, <[spade::delaunay_core::handles::handle_defs::DynamicHandleImpl<n_side::world::geometry::GroundPoint, (), (), (), spade::delaunay_core::handles::handle_defs::VertexTag, spade::delaunay_core::handles::public_handles::InnerTag>]>::sort_by<<spade::delaunay_triangulation::DelaunayTriangulation<n_side::world::geometry::GroundPoint> as spade::delaunay_core::triangulation_ext::TriangulationExt>::locate_when_all_vertices_on_line::{closure#1}>::{closure#0}, alloc::vec::Vec<spade::delaunay_core::handles::handle_defs::DynamicHandleImpl<n_side::world::geometry::GroundPoint, (), (), (), spade::delaunay_core::handles::handle_defs::VertexTag, spade::delaunay_core::handles::public_handles::InnerTag>>>)
          >>> referenced 5 more times
          
          ld.lld: error: undefined hidden symbol: anon.c60c7d22e6084eebb58ec4e7762481fc.82.llvm.7682536894900576174
          >>> referenced by ub_checks.rs:73 (/usr/src/debug/rust/rustc-1.98.1-src/library/core/src/ub_checks.rs:73)
          >>>               /home/lzzz/MyProjects/N-SIDE/game/target/debug/deps/n_side-1b94600c7b88042f.5t2m9d0tl5gupxlojdb27z5u2.0l2l8yl.rcgu.o:(core::slice::sort::stable::driftsort_main::<[f64; 2], <[[f64; 2]]>::sort_by<<n_side::world::geometry::MeshData>::wall_with_doors::{closure#1}>::{closure#0}, alloc::vec::Vec<[f64; 2]>>)
          >>> referenced by ub_checks.rs:73 (/usr/src/debug/rust/rustc-1.98.1-src/library/core/src/ub_checks.rs:73)
          >>>               /home/lzzz/MyProjects/N-SIDE/game/target/debug/deps/n_side-1b94600c7b88042f.5t2m9d0tl5gupxlojdb27z5u2.0l2l8yl.rcgu.o:(core::slice::sort::stable::driftsort_main::<earcutr::LinkedListNode<f64>, <[earcutr::LinkedListNode<f64>]>::sort_by<earcutr::eliminate_holes<f64>::{closure#1}>::{closure#0}, alloc::vec::Vec<earcutr::LinkedListNode<f64>>>)
          >>> referenced by ub_checks.rs:73 (/usr/src/debug/rust/rustc-1.98.1-src/library/core/src/ub_checks.rs:73)
          >>>               /home/lzzz/MyProjects/N-SIDE/game/target/debug/deps/n_side-1b94600c7b88042f.5t2m9d0tl5gupxlojdb27z5u2.0l2l8yl.rcgu.o:(core::slice::sort::stable::driftsort_main::<spade::delaunay_core::handles::handle_defs::DynamicHandleImpl<n_side::world::geometry::GroundPoint, (), (), (), spade::delaunay_core::handles::handle_defs::VertexTag, spade::delaunay_core::handles::public_handles::InnerTag>, <[spade::delaunay_core::handles::handle_defs::DynamicHandleImpl<n_side::world::geometry::GroundPoint, (), (), (), spade::delaunay_core::handles::handle_defs::VertexTag, spade::delaunay_core::handles::public_handles::InnerTag>]>::sort_by<<spade::delaunay_triangulation::DelaunayTriangulation<n_side::world::geometry::GroundPoint> as spade::delaunay_core::triangulation_ext::TriangulationExt>::locate_when_all_vertices_on_line::{closure#1}>::{closure#0}, alloc::vec::Vec<spade::delaunay_core::handles::handle_defs::DynamicHandleImpl<n_side::world::geometry::GroundPoint, (), (), (), spade::delaunay_core::handles::handle_defs::VertexTag, spade::delaunay_core::handles::public_handles::InnerTag>>>)
          >>> referenced 9 more times
          
          ld.lld: error: undefined hidden symbol: anon.c60c7d22e6084eebb58ec4e7762481fc.54.llvm.7682536894900576174
          >>> referenced by ub_checks.rs:73 (/usr/src/debug/rust/rustc-1.98.1-src/library/core/src/ub_checks.rs:73)
          >>>               /home/lzzz/MyProjects/N-SIDE/game/target/debug/deps/n_side-1b94600c7b88042f.5t2m9d0tl5gupxlojdb27z5u2.0l2l8yl.rcgu.o:(core::slice::sort::stable::driftsort_main::<[f64; 2], <[[f64; 2]]>::sort_by<<n_side::world::geometry::MeshData>::wall_with_doors::{closure#1}>::{closure#0}, alloc::vec::Vec<[f64; 2]>>)
          >>> referenced by ub_checks.rs:73 (/usr/src/debug/rust/rustc-1.98.1-src/library/core/src/ub_checks.rs:73)
          >>>               /home/lzzz/MyProjects/N-SIDE/game/target/debug/deps/n_side-1b94600c7b88042f.5t2m9d0tl5gupxlojdb27z5u2.0l2l8yl.rcgu.o:(core::slice::sort::stable::driftsort_main::<earcutr::LinkedListNode<f64>, <[earcutr::LinkedListNode<f64>]>::sort_by<earcutr::eliminate_holes<f64>::{closure#1}>::{closure#0}, alloc::vec::Vec<earcutr::LinkedListNode<f64>>>)
          >>> referenced by ub_checks.rs:73 (/usr/src/debug/rust/rustc-1.98.1-src/library/core/src/ub_checks.rs:73)
          >>>               /home/lzzz/MyProjects/N-SIDE/game/target/debug/deps/n_side-1b94600c7b88042f.5t2m9d0tl5gupxlojdb27z5u2.0l2l8yl.rcgu.o:(core::slice::sort::stable::driftsort_main::<spade::delaunay_core::handles::handle_defs::DynamicHandleImpl<n_side::world::geometry::GroundPoint, (), (), (), spade::delaunay_core::handles::handle_defs::VertexTag, spade::delaunay_core::handles::public_handles::InnerTag>, <[spade::delaunay_core::handles::handle_defs::DynamicHandleImpl<n_side::world::geometry::GroundPoint, (), (), (), spade::delaunay_core::handles::handle_defs::VertexTag, spade::delaunay_core::handles::public_handles::InnerTag>]>::sort_by<<spade::delaunay_triangulation::DelaunayTriangulation<n_side::world::geometry::GroundPoint> as spade::delaunay_core::triangulation_ext::TriangulationExt>::locate_when_all_vertices_on_line::{closure#1}>::{closure#0}, alloc::vec::Vec<spade::delaunay_core::handles::handle_defs::DynamicHandleImpl<n_side::world::geometry::GroundPoint, (), (), (), spade::delaunay_core::handles::handle_defs::VertexTag, spade::delaunay_core::handles::public_handles::InnerTag>>>)
          >>> referenced 9 more times
          
          ld.lld: error: undefined hidden symbol: core::ptr::drop_glue::<alloc::collections::btree::map::IntoIter<geo::algorithm::relate::geomgraph::node_map::NodeKey<f64>, (geo::algorithm::relate::geomgraph::node::CoordNode<f64>, geo::algorithm::relate::geomgraph::edge_end_bundle_star::EdgeEndBundleStar<f64>)>> (.llvm.2062030709662435509)
          >>> referenced by mod.rs:1041 (/usr/src/debug/rust/rustc-1.98.1-src/library/core/src/mem/mod.rs:1041)
          >>>               /home/lzzz/MyProjects/N-SIDE/game/target/debug/deps/n_side-1b94600c7b88042f.cv1axw9w5hsu7el6xlo52wt1d.0l2l8yl.rcgu.o:(<geo_types::geometry::polygon::Polygon as geo::algorithm::relate::Relate<f64>>::relate::<geo_types::geometry::polygon::Polygon>)
          >>> referenced by mod.rs:1041 (/usr/src/debug/rust/rustc-1.98.1-src/library/core/src/mem/mod.rs:1041)
          >>>               /home/lzzz/MyProjects/N-SIDE/game/target/debug/deps/n_side-1b94600c7b88042f.1vl9lctqfu40pk2qkye5arbu1.0l2l8yl.rcgu.o:(<geo::algorithm::indexed::prepared_geometry::PreparedGeometry<&geo_types::geometry::polygon::Polygon> as geo::algorithm::relate::Relate<f64>>::relate::<geo_types::geometry::polygon::Polygon>)
          >>> referenced by mod.rs:1041 (/usr/src/debug/rust/rustc-1.98.1-src/library/core/src/mem/mod.rs:1041)
          >>>               /home/lzzz/MyProjects/N-SIDE/game/target/debug/deps/n_side-1b94600c7b88042f.1vl9lctqfu40pk2qkye5arbu1.0l2l8yl.rcgu.o:(<geo::algorithm::indexed::prepared_geometry::PreparedGeometry<&geo_types::geometry::polygon::Polygon> as geo::algorithm::relate::Relate<f64>>::relate::<geo::algorithm::indexed::prepared_geometry::PreparedGeometry<&geo_types::geometry::polygon::Polygon>>)
          
          ld.lld: error: too many errors emitted, stopping now (use --error-limit=0 to see all errors)
          collect2: error: ld returned 1 exit status
          

error: could not compile `n-side` (lib test) due to 1 previous error
