INFO Draco mesh compression is available, use library at /home/lzzz/MyProjects/N-SIDE/output/tools/blender-4.5.14-linux-x64/4.5/scripts/addons_core/io_scene_gltf2/libextern_draco.so
02:32:58 | INFO: Starting glTF 2.0 export
02:32:58 | INFO: Extracting primitive: StreetTreeEarlyAutumn
02:32:58 | WARNING: The active Vertex Color will not be exported, as it is not used in the node tree of the material
02:32:58 | INFO: Primitives created: 2
02:32:58 | INFO: Finished glTF 2.0 export in 0.03347969055175781 s
Blender 4.5.14 LTS (hash 62c1db4208e8 built 2026-09-15 01:31:19)
Read blend: "/home/lzzz/MyProjects/N-SIDE/source-assets/environment-kit/vegetation/street-tree.blend"
Fra:1 Mem:12.77M (Peak 12.77M) | Time:00:00.00 | Mem:0.00M, Peak:0.00M | Scene, ViewLayer | Synchronizing object | StreetTreeEarlyAutumn
Fra:1 Mem:12.77M (Peak 12.77M) | Time:00:00.00 | Mem:0.00M, Peak:0.00M | Scene, ViewLayer | Synchronizing object | Plane
Fra:1 Mem:14.38M (Peak 14.38M) | Time:00:00.00 | Mem:0.00M, Peak:0.00M | Scene, ViewLayer | Initializing
Fra:1 Mem:14.37M (Peak 14.38M) | Time:00:00.00 | Mem:0.00M, Peak:0.00M | Scene, ViewLayer | Updating Images | Loading StreetTreeBark
Fra:1 Mem:14.62M (Peak 14.62M) | Time:00:00.00 | Mem:0.50M, Peak:0.50M | Scene, ViewLayer | Waiting for render to start
Fra:1 Mem:14.62M (Peak 14.62M) | Time:00:00.00 | Mem:0.50M, Peak:0.50M | Scene, ViewLayer | Updating Scene
Fra:1 Mem:14.62M (Peak 14.62M) | Time:00:00.00 | Mem:0.50M, Peak:0.50M | Scene, ViewLayer | Updating Shaders
Fra:1 Mem:14.62M (Peak 14.62M) | Time:00:00.00 | Mem:0.50M, Peak:0.50M | Scene, ViewLayer | Loading render kernels (may take a few minutes the first time)
Fra:1 Mem:14.70M (Peak 14.70M) | Time:00:00.00 | Mem:0.50M, Peak:0.50M | Scene, ViewLayer | Updating Procedurals
Fra:1 Mem:14.70M (Peak 14.70M) | Time:00:00.00 | Mem:0.50M, Peak:0.50M | Scene, ViewLayer | Updating Background
Fra:1 Mem:14.70M (Peak 14.70M) | Time:00:00.00 | Mem:0.50M, Peak:0.50M | Scene, ViewLayer | Updating Camera
Fra:1 Mem:14.70M (Peak 14.70M) | Time:00:00.00 | Mem:0.50M, Peak:0.50M | Scene, ViewLayer | Updating Meshes Flags
Fra:1 Mem:14.70M (Peak 14.70M) | Time:00:00.00 | Mem:0.50M, Peak:0.50M | Scene, ViewLayer | Updating Objects
Fra:1 Mem:14.70M (Peak 14.70M) | Time:00:00.00 | Mem:0.50M, Peak:0.50M | Scene, ViewLayer | Updating Objects | Copying Transformations to device
Fra:1 Mem:14.70M (Peak 14.70M) | Time:00:00.00 | Mem:0.50M, Peak:0.50M | Scene, ViewLayer | Updating Particle Systems
Fra:1 Mem:14.70M (Peak 14.70M) | Time:00:00.00 | Mem:0.50M, Peak:0.50M | Scene, ViewLayer | Updating Particle Systems | Copying Particles to device
Fra:1 Mem:14.70M (Peak 14.70M) | Time:00:00.00 | Mem:0.50M, Peak:0.50M | Scene, ViewLayer | Updating Meshes
Fra:1 Mem:14.70M (Peak 14.70M) | Time:00:00.00 | Mem:0.50M, Peak:0.50M | Scene, ViewLayer | Updating Objects | Applying Static Transformations
Fra:1 Mem:14.70M (Peak 14.70M) | Time:00:00.00 | Mem:0.50M, Peak:0.50M | Scene, ViewLayer | Updating Mesh | Computing attributes
Fra:1 Mem:15.66M (Peak 15.66M) | Time:00:00.00 | Mem:0.50M, Peak:0.50M | Scene, ViewLayer | Updating Mesh | Copying Attributes to device
Fra:1 Mem:15.66M (Peak 15.66M) | Time:00:00.00 | Mem:1.46M, Peak:1.46M | Scene, ViewLayer | Updating Scene BVH | Building
Fra:1 Mem:15.66M (Peak 15.66M) | Time:00:00.00 | Mem:1.46M, Peak:1.46M | Scene, ViewLayer | Updating Scene BVH | Building BVH
Fra:1 Mem:15.66M (Peak 15.66M) | Time:00:00.00 | Mem:1.82M, Peak:1.82M | Scene, ViewLayer | Updating Scene BVH | Building BVH 0%
Fra:1 Mem:15.66M (Peak 15.66M) | Time:00:00.00 | Mem:2.24M, Peak:2.60M | Scene, ViewLayer | Updating Scene BVH | Copying BVH to device
Fra:1 Mem:15.66M (Peak 15.66M) | Time:00:00.00 | Mem:2.24M, Peak:2.60M | Scene, ViewLayer | Updating Mesh | Computing normals
Fra:1 Mem:16.14M (Peak 16.14M) | Time:00:00.00 | Mem:2.24M, Peak:2.60M | Scene, ViewLayer | Updating Mesh | Copying Mesh to device
Fra:1 Mem:16.14M (Peak 16.14M) | Time:00:00.00 | Mem:2.73M, Peak:2.73M | Scene, ViewLayer | Updating Objects Flags
Fra:1 Mem:16.14M (Peak 16.14M) | Time:00:00.00 | Mem:2.73M, Peak:2.73M | Scene, ViewLayer | Updating Primitive Offsets
Fra:1 Mem:16.14M (Peak 16.14M) | Time:00:00.00 | Mem:2.73M, Peak:2.73M | Scene, ViewLayer | Updating Images
Fra:1 Mem:16.14M (Peak 16.14M) | Time:00:00.00 | Mem:2.73M, Peak:2.73M | Scene, ViewLayer | Updating Camera Volume
Fra:1 Mem:16.14M (Peak 16.14M) | Time:00:00.00 | Mem:2.73M, Peak:2.73M | Scene, ViewLayer | Updating Lookup Tables
Fra:1 Mem:16.14M (Peak 16.14M) | Time:00:00.00 | Mem:2.81M, Peak:2.81M | Scene, ViewLayer | Updating Lights
Fra:1 Mem:16.14M (Peak 16.14M) | Time:00:00.00 | Mem:2.81M, Peak:2.81M | Scene, ViewLayer | Updating Lights | Computing tree
Fra:1 Mem:16.15M (Peak 16.15M) | Time:00:00.00 | Mem:2.81M, Peak:2.81M | Scene, ViewLayer | Updating Integrator
Fra:1 Mem:16.15M (Peak 16.15M) | Time:00:00.00 | Mem:2.81M, Peak:2.81M | Scene, ViewLayer | Updating Film
Fra:1 Mem:16.15M (Peak 16.15M) | Time:00:00.00 | Mem:2.73M, Peak:2.81M | Scene, ViewLayer | Updating Lookup Tables
Fra:1 Mem:16.15M (Peak 16.15M) | Time:00:00.00 | Mem:2.81M, Peak:2.81M | Scene, ViewLayer | Updating Baking
Fra:1 Mem:16.15M (Peak 16.15M) | Time:00:00.00 | Mem:2.81M, Peak:2.81M | Scene, ViewLayer | Updating Device | Writing constant memory
Fra:1 Mem:16.15M (Peak 16.15M) | Time:00:00.00 | Mem:2.81M, Peak:2.81M | Scene, ViewLayer | Loading denoising kernels (may take a few minutes the first time)
Fra:1 Mem:16.15M (Peak 16.15M) | Time:00:00.00 | Mem:2.81M, Peak:2.81M | Scene, ViewLayer | Sample 0/24
Fra:1 Mem:60.03M (Peak 60.03M) | Time:00:00.34 | Remaining:00:07.80 | Mem:46.66M, Peak:46.66M | Scene, ViewLayer | Sample 1/24
Fra:1 Mem:78.49M (Peak 106.18M) | Time:00:11.65 | Mem:46.66M, Peak:46.66M | Scene, ViewLayer | Sample 24/24
Fra:1 Mem:78.49M (Peak 106.18M) | Time:00:11.65 | Mem:46.66M, Peak:46.66M | Scene, ViewLayer | Finished
Saved: 'output/assets/task045-vegetation-r3/after/tree-0.png'
Time: 00:11.80 (Saving: 00:00.14)

Fra:1 Mem:12.78M (Peak 12.78M) | Time:00:00.00 | Mem:0.00M, Peak:0.00M | Scene, ViewLayer | Synchronizing object | StreetTreeEarlyAutumn
Fra:1 Mem:12.78M (Peak 12.78M) | Time:00:00.00 | Mem:0.00M, Peak:0.00M | Scene, ViewLayer | Synchronizing object | Plane
Fra:1 Mem:14.38M (Peak 14.38M) | Time:00:00.00 | Mem:0.00M, Peak:0.00M | Scene, ViewLayer | Initializing
Fra:1 Mem:14.37M (Peak 14.38M) | Time:00:00.00 | Mem:0.00M, Peak:0.00M | Scene, ViewLayer | Updating Images | Loading StreetTreeBark
Fra:1 Mem:14.62M (Peak 14.62M) | Time:00:00.00 | Mem:0.50M, Peak:0.50M | Scene, ViewLayer | Waiting for render to start
Fra:1 Mem:14.62M (Peak 14.62M) | Time:00:00.00 | Mem:0.50M, Peak:0.50M | Scene, ViewLayer | Updating Scene
Fra:1 Mem:14.62M (Peak 14.62M) | Time:00:00.00 | Mem:0.50M, Peak:0.50M | Scene, ViewLayer | Updating Shaders
Fra:1 Mem:14.62M (Peak 14.62M) | Time:00:00.00 | Mem:0.50M, Peak:0.50M | Scene, ViewLayer | Loading render kernels (may take a few minutes the first time)
Fra:1 Mem:14.70M (Peak 14.70M) | Time:00:00.00 | Mem:0.50M, Peak:0.50M | Scene, ViewLayer | Updating Procedurals
Fra:1 Mem:14.70M (Peak 14.70M) | Time:00:00.00 | Mem:0.50M, Peak:0.50M | Scene, ViewLayer | Updating Background
Fra:1 Mem:14.70M (Peak 14.70M) | Time:00:00.00 | Mem:0.50M, Peak:0.50M | Scene, ViewLayer | Updating Camera
Fra:1 Mem:14.70M (Peak 14.70M) | Time:00:00.00 | Mem:0.50M, Peak:0.50M | Scene, ViewLayer | Updating Meshes Flags
Fra:1 Mem:14.70M (Peak 14.70M) | Time:00:00.00 | Mem:0.50M, Peak:0.50M | Scene, ViewLayer | Updating Objects
Fra:1 Mem:14.70M (Peak 14.70M) | Time:00:00.00 | Mem:0.50M, Peak:0.50M | Scene, ViewLayer | Updating Objects | Copying Transformations to device
Fra:1 Mem:14.70M (Peak 14.70M) | Time:00:00.00 | Mem:0.50M, Peak:0.50M | Scene, ViewLayer | Updating Particle Systems
Fra:1 Mem:14.70M (Peak 14.70M) | Time:00:00.00 | Mem:0.50M, Peak:0.50M | Scene, ViewLayer | Updating Particle Systems | Copying Particles to device
Fra:1 Mem:14.70M (Peak 14.70M) | Time:00:00.00 | Mem:0.50M, Peak:0.50M | Scene, ViewLayer | Updating Meshes
Fra:1 Mem:14.70M (Peak 14.70M) | Time:00:00.00 | Mem:0.50M, Peak:0.50M | Scene, ViewLayer | Updating Objects | Applying Static Transformations
Fra:1 Mem:14.70M (Peak 14.70M) | Time:00:00.00 | Mem:0.50M, Peak:0.50M | Scene, ViewLayer | Updating Mesh | Computing attributes
Fra:1 Mem:15.66M (Peak 15.66M) | Time:00:00.00 | Mem:0.50M, Peak:0.50M | Scene, ViewLayer | Updating Mesh | Copying Attributes to device
Fra:1 Mem:15.66M (Peak 15.66M) | Time:00:00.00 | Mem:1.46M, Peak:1.46M | Scene, ViewLayer | Updating Scene BVH | Building
Fra:1 Mem:15.66M (Peak 15.66M) | Time:00:00.00 | Mem:1.46M, Peak:1.46M | Scene, ViewLayer | Updating Scene BVH | Building BVH
Fra:1 Mem:15.66M (Peak 15.66M) | Time:00:00.00 | Mem:1.82M, Peak:1.82M | Scene, ViewLayer | Updating Scene BVH | Building BVH 0%
Fra:1 Mem:15.66M (Peak 15.66M) | Time:00:00.00 | Mem:2.24M, Peak:2.60M | Scene, ViewLayer | Updating Scene BVH | Copying BVH to device
Fra:1 Mem:15.66M (Peak 15.66M) | Time:00:00.00 | Mem:2.24M, Peak:2.60M | Scene, ViewLayer | Updating Mesh | Computing normals
Fra:1 Mem:16.14M (Peak 16.14M) | Time:00:00.00 | Mem:2.24M, Peak:2.60M | Scene, ViewLayer | Updating Mesh | Copying Mesh to device
Fra:1 Mem:16.14M (Peak 16.14M) | Time:00:00.00 | Mem:2.73M, Peak:2.73M | Scene, ViewLayer | Updating Objects Flags
Fra:1 Mem:16.14M (Peak 16.14M) | Time:00:00.00 | Mem:2.73M, Peak:2.73M | Scene, ViewLayer | Updating Primitive Offsets
Fra:1 Mem:16.14M (Peak 16.14M) | Time:00:00.00 | Mem:2.73M, Peak:2.73M | Scene, ViewLayer | Updating Images
Fra:1 Mem:16.14M (Peak 16.14M) | Time:00:00.00 | Mem:2.73M, Peak:2.73M | Scene, ViewLayer | Updating Camera Volume
Fra:1 Mem:16.14M (Peak 16.14M) | Time:00:00.00 | Mem:2.73M, Peak:2.73M | Scene, ViewLayer | Updating Lookup Tables
Fra:1 Mem:16.14M (Peak 16.14M) | Time:00:00.00 | Mem:2.81M, Peak:2.81M | Scene, ViewLayer | Updating Lights
Fra:1 Mem:16.14M (Peak 16.14M) | Time:00:00.00 | Mem:2.81M, Peak:2.81M | Scene, ViewLayer | Updating Lights | Computing tree
Fra:1 Mem:16.15M (Peak 16.15M) | Time:00:00.00 | Mem:2.81M, Peak:2.81M | Scene, ViewLayer | Updating Integrator
Fra:1 Mem:16.15M (Peak 16.15M) | Time:00:00.00 | Mem:2.81M, Peak:2.81M | Scene, ViewLayer | Updating Film
Fra:1 Mem:16.15M (Peak 16.15M) | Time:00:00.00 | Mem:2.73M, Peak:2.81M | Scene, ViewLayer | Updating Lookup Tables
Fra:1 Mem:16.15M (Peak 16.15M) | Time:00:00.00 | Mem:2.81M, Peak:2.81M | Scene, ViewLayer | Updating Baking
Fra:1 Mem:16.15M (Peak 16.15M) | Time:00:00.00 | Mem:2.81M, Peak:2.81M | Scene, ViewLayer | Updating Device | Writing constant memory
Fra:1 Mem:16.15M (Peak 16.15M) | Time:00:00.00 | Mem:2.81M, Peak:2.81M | Scene, ViewLayer | Loading denoising kernels (may take a few minutes the first time)
Fra:1 Mem:16.15M (Peak 16.15M) | Time:00:00.00 | Mem:2.81M, Peak:2.81M | Scene, ViewLayer | Sample 0/24
Fra:1 Mem:60.03M (Peak 60.03M) | Time:00:00.39 | Remaining:00:08.81 | Mem:46.66M, Peak:46.66M | Scene, ViewLayer | Sample 1/24
Fra:1 Mem:78.49M (Peak 106.18M) | Time:00:12.41 | Mem:46.66M, Peak:46.66M | Scene, ViewLayer | Sample 24/24
Fra:1 Mem:78.49M (Peak 106.18M) | Time:00:12.41 | Mem:46.66M, Peak:46.66M | Scene, ViewLayer | Finished
Saved: 'output/assets/task045-vegetation-r3/after/tree-1.png'
Time: 00:12.47 (Saving: 00:00.05)

Fra:1 Mem:12.77M (Peak 12.77M) | Time:00:00.00 | Mem:0.00M, Peak:0.00M | Scene, ViewLayer | Synchronizing object | StreetTreeEarlyAutumn
Fra:1 Mem:12.78M (Peak 12.78M) | Time:00:00.00 | Mem:0.00M, Peak:0.00M | Scene, ViewLayer | Synchronizing object | Plane
Fra:1 Mem:14.38M (Peak 14.38M) | Time:00:00.00 | Mem:0.00M, Peak:0.00M | Scene, ViewLayer | Initializing
Fra:1 Mem:14.37M (Peak 14.38M) | Time:00:00.00 | Mem:0.00M, Peak:0.00M | Scene, ViewLayer | Updating Images | Loading StreetTreeBark
Fra:1 Mem:14.62M (Peak 14.62M) | Time:00:00.00 | Mem:0.50M, Peak:0.50M | Scene, ViewLayer | Waiting for render to start
Fra:1 Mem:14.62M (Peak 14.62M) | Time:00:00.00 | Mem:0.50M, Peak:0.50M | Scene, ViewLayer | Updating Scene
Fra:1 Mem:14.62M (Peak 14.62M) | Time:00:00.00 | Mem:0.50M, Peak:0.50M | Scene, ViewLayer | Updating Shaders
Fra:1 Mem:14.62M (Peak 14.62M) | Time:00:00.00 | Mem:0.50M, Peak:0.50M | Scene, ViewLayer | Loading render kernels (may take a few minutes the first time)
Fra:1 Mem:14.70M (Peak 14.70M) | Time:00:00.00 | Mem:0.50M, Peak:0.50M | Scene, ViewLayer | Updating Procedurals
Fra:1 Mem:14.70M (Peak 14.70M) | Time:00:00.00 | Mem:0.50M, Peak:0.50M | Scene, ViewLayer | Updating Background
Fra:1 Mem:14.70M (Peak 14.70M) | Time:00:00.00 | Mem:0.50M, Peak:0.50M | Scene, ViewLayer | Updating Camera
Fra:1 Mem:14.70M (Peak 14.70M) | Time:00:00.00 | Mem:0.50M, Peak:0.50M | Scene, ViewLayer | Updating Meshes Flags
Fra:1 Mem:14.70M (Peak 14.70M) | Time:00:00.00 | Mem:0.50M, Peak:0.50M | Scene, ViewLayer | Updating Objects
Fra:1 Mem:14.70M (Peak 14.70M) | Time:00:00.00 | Mem:0.50M, Peak:0.50M | Scene, ViewLayer | Updating Objects | Copying Transformations to device
Fra:1 Mem:14.70M (Peak 14.70M) | Time:00:00.00 | Mem:0.50M, Peak:0.50M | Scene, ViewLayer | Updating Particle Systems
Fra:1 Mem:14.70M (Peak 14.70M) | Time:00:00.00 | Mem:0.50M, Peak:0.50M | Scene, ViewLayer | Updating Particle Systems | Copying Particles to device
Fra:1 Mem:14.70M (Peak 14.70M) | Time:00:00.00 | Mem:0.50M, Peak:0.50M | Scene, ViewLayer | Updating Meshes
Fra:1 Mem:14.70M (Peak 14.70M) | Time:00:00.00 | Mem:0.50M, Peak:0.50M | Scene, ViewLayer | Updating Objects | Applying Static Transformations
Fra:1 Mem:14.70M (Peak 14.70M) | Time:00:00.00 | Mem:0.50M, Peak:0.50M | Scene, ViewLayer | Updating Mesh | Computing attributes
Fra:1 Mem:15.66M (Peak 15.66M) | Time:00:00.00 | Mem:0.50M, Peak:0.50M | Scene, ViewLayer | Updating Mesh | Copying Attributes to device
Fra:1 Mem:15.66M (Peak 15.66M) | Time:00:00.00 | Mem:1.46M, Peak:1.46M | Scene, ViewLayer | Updating Scene BVH | Building
Fra:1 Mem:15.66M (Peak 15.66M) | Time:00:00.00 | Mem:1.46M, Peak:1.46M | Scene, ViewLayer | Updating Scene BVH | Building BVH
Fra:1 Mem:15.66M (Peak 15.66M) | Time:00:00.00 | Mem:1.82M, Peak:1.82M | Scene, ViewLayer | Updating Scene BVH | Building BVH 0%
Fra:1 Mem:15.66M (Peak 15.66M) | Time:00:00.00 | Mem:2.24M, Peak:2.60M | Scene, ViewLayer | Updating Scene BVH | Copying BVH to device
Fra:1 Mem:15.66M (Peak 15.66M) | Time:00:00.00 | Mem:2.24M, Peak:2.60M | Scene, ViewLayer | Updating Mesh | Computing normals
Fra:1 Mem:16.14M (Peak 16.14M) | Time:00:00.00 | Mem:2.24M, Peak:2.60M | Scene, ViewLayer | Updating Mesh | Copying Mesh to device
Fra:1 Mem:16.14M (Peak 16.14M) | Time:00:00.00 | Mem:2.73M, Peak:2.73M | Scene, ViewLayer | Updating Objects Flags
Fra:1 Mem:16.14M (Peak 16.14M) | Time:00:00.00 | Mem:2.73M, Peak:2.73M | Scene, ViewLayer | Updating Primitive Offsets
Fra:1 Mem:16.14M (Peak 16.14M) | Time:00:00.00 | Mem:2.73M, Peak:2.73M | Scene, ViewLayer | Updating Images
Fra:1 Mem:16.14M (Peak 16.14M) | Time:00:00.00 | Mem:2.73M, Peak:2.73M | Scene, ViewLayer | Updating Camera Volume
Fra:1 Mem:16.14M (Peak 16.14M) | Time:00:00.00 | Mem:2.73M, Peak:2.73M | Scene, ViewLayer | Updating Lookup Tables
Fra:1 Mem:16.14M (Peak 16.14M) | Time:00:00.00 | Mem:2.81M, Peak:2.81M | Scene, ViewLayer | Updating Lights
Fra:1 Mem:16.14M (Peak 16.14M) | Time:00:00.00 | Mem:2.81M, Peak:2.81M | Scene, ViewLayer | Updating Lights | Computing tree
Fra:1 Mem:16.15M (Peak 16.15M) | Time:00:00.00 | Mem:2.81M, Peak:2.81M | Scene, ViewLayer | Updating Integrator
Fra:1 Mem:16.15M (Peak 16.15M) | Time:00:00.00 | Mem:2.81M, Peak:2.81M | Scene, ViewLayer | Updating Film
Fra:1 Mem:16.15M (Peak 16.15M) | Time:00:00.00 | Mem:2.73M, Peak:2.81M | Scene, ViewLayer | Updating Lookup Tables
Fra:1 Mem:16.15M (Peak 16.15M) | Time:00:00.00 | Mem:2.81M, Peak:2.81M | Scene, ViewLayer | Updating Baking
Fra:1 Mem:16.15M (Peak 16.15M) | Time:00:00.00 | Mem:2.81M, Peak:2.81M | Scene, ViewLayer | Updating Device | Writing constant memory
Fra:1 Mem:16.15M (Peak 16.15M) | Time:00:00.00 | Mem:2.81M, Peak:2.81M | Scene, ViewLayer | Loading denoising kernels (may take a few minutes the first time)
Fra:1 Mem:16.15M (Peak 16.15M) | Time:00:00.00 | Mem:2.81M, Peak:2.81M | Scene, ViewLayer | Sample 0/24
Fra:1 Mem:60.03M (Peak 60.03M) | Time:00:00.30 | Remaining:00:06.78 | Mem:46.66M, Peak:46.66M | Scene, ViewLayer | Sample 1/24
Fra:1 Mem:78.49M (Peak 106.18M) | Time:00:10.32 | Mem:46.66M, Peak:46.66M | Scene, ViewLayer | Sample 24/24
Fra:1 Mem:78.49M (Peak 106.18M) | Time:00:10.32 | Mem:46.66M, Peak:46.66M | Scene, ViewLayer | Finished
Saved: 'output/assets/task045-vegetation-r3/after/tree-2.png'
Time: 00:10.38 (Saving: 00:00.06)

Fra:1 Mem:12.78M (Peak 12.78M) | Time:00:00.00 | Mem:0.00M, Peak:0.00M | Scene, ViewLayer | Synchronizing object | StreetTreeEarlyAutumn
Fra:1 Mem:12.78M (Peak 12.78M) | Time:00:00.00 | Mem:0.00M, Peak:0.00M | Scene, ViewLayer | Synchronizing object | Plane
Fra:1 Mem:14.38M (Peak 14.38M) | Time:00:00.00 | Mem:0.00M, Peak:0.00M | Scene, ViewLayer | Initializing
Fra:1 Mem:14.37M (Peak 14.38M) | Time:00:00.00 | Mem:0.00M, Peak:0.00M | Scene, ViewLayer | Updating Images | Loading StreetTreeBark
Fra:1 Mem:14.62M (Peak 14.62M) | Time:00:00.00 | Mem:0.50M, Peak:0.50M | Scene, ViewLayer | Waiting for render to start
Fra:1 Mem:14.62M (Peak 14.62M) | Time:00:00.00 | Mem:0.50M, Peak:0.50M | Scene, ViewLayer | Updating Scene
Fra:1 Mem:14.62M (Peak 14.62M) | Time:00:00.00 | Mem:0.50M, Peak:0.50M | Scene, ViewLayer | Updating Shaders
Fra:1 Mem:14.62M (Peak 14.62M) | Time:00:00.00 | Mem:0.50M, Peak:0.50M | Scene, ViewLayer | Loading render kernels (may take a few minutes the first time)
Fra:1 Mem:14.70M (Peak 14.70M) | Time:00:00.00 | Mem:0.50M, Peak:0.50M | Scene, ViewLayer | Updating Procedurals
Fra:1 Mem:14.70M (Peak 14.70M) | Time:00:00.00 | Mem:0.50M, Peak:0.50M | Scene, ViewLayer | Updating Background
Fra:1 Mem:14.70M (Peak 14.70M) | Time:00:00.00 | Mem:0.50M, Peak:0.50M | Scene, ViewLayer | Updating Camera
Fra:1 Mem:14.70M (Peak 14.70M) | Time:00:00.00 | Mem:0.50M, Peak:0.50M | Scene, ViewLayer | Updating Meshes Flags
Fra:1 Mem:14.70M (Peak 14.70M) | Time:00:00.00 | Mem:0.50M, Peak:0.50M | Scene, ViewLayer | Updating Objects
Fra:1 Mem:14.70M (Peak 14.70M) | Time:00:00.00 | Mem:0.50M, Peak:0.50M | Scene, ViewLayer | Updating Objects | Copying Transformations to device
Fra:1 Mem:14.70M (Peak 14.70M) | Time:00:00.00 | Mem:0.50M, Peak:0.50M | Scene, ViewLayer | Updating Particle Systems
Fra:1 Mem:14.70M (Peak 14.70M) | Time:00:00.00 | Mem:0.50M, Peak:0.50M | Scene, ViewLayer | Updating Particle Systems | Copying Particles to device
Fra:1 Mem:14.70M (Peak 14.70M) | Time:00:00.00 | Mem:0.50M, Peak:0.50M | Scene, ViewLayer | Updating Meshes
Fra:1 Mem:14.70M (Peak 14.70M) | Time:00:00.00 | Mem:0.50M, Peak:0.50M | Scene, ViewLayer | Updating Objects | Applying Static Transformations
Fra:1 Mem:14.70M (Peak 14.70M) | Time:00:00.00 | Mem:0.50M, Peak:0.50M | Scene, ViewLayer | Updating Mesh | Computing attributes
Fra:1 Mem:15.66M (Peak 15.66M) | Time:00:00.00 | Mem:0.50M, Peak:0.50M | Scene, ViewLayer | Updating Mesh | Copying Attributes to device
Fra:1 Mem:15.66M (Peak 15.66M) | Time:00:00.00 | Mem:1.46M, Peak:1.46M | Scene, ViewLayer | Updating Scene BVH | Building
Fra:1 Mem:15.66M (Peak 15.66M) | Time:00:00.00 | Mem:1.46M, Peak:1.46M | Scene, ViewLayer | Updating Scene BVH | Building BVH
Fra:1 Mem:15.66M (Peak 15.66M) | Time:00:00.00 | Mem:1.82M, Peak:1.82M | Scene, ViewLayer | Updating Scene BVH | Building BVH 0%
Fra:1 Mem:15.66M (Peak 15.66M) | Time:00:00.00 | Mem:2.24M, Peak:2.60M | Scene, ViewLayer | Updating Scene BVH | Copying BVH to device
Fra:1 Mem:15.66M (Peak 15.66M) | Time:00:00.00 | Mem:2.24M, Peak:2.60M | Scene, ViewLayer | Updating Mesh | Computing normals
Fra:1 Mem:16.14M (Peak 16.14M) | Time:00:00.00 | Mem:2.24M, Peak:2.60M | Scene, ViewLayer | Updating Mesh | Copying Mesh to device
Fra:1 Mem:16.14M (Peak 16.14M) | Time:00:00.00 | Mem:2.73M, Peak:2.73M | Scene, ViewLayer | Updating Objects Flags
Fra:1 Mem:16.14M (Peak 16.14M) | Time:00:00.00 | Mem:2.73M, Peak:2.73M | Scene, ViewLayer | Updating Primitive Offsets
Fra:1 Mem:16.14M (Peak 16.14M) | Time:00:00.00 | Mem:2.73M, Peak:2.73M | Scene, ViewLayer | Updating Images
Fra:1 Mem:16.14M (Peak 16.14M) | Time:00:00.00 | Mem:2.73M, Peak:2.73M | Scene, ViewLayer | Updating Camera Volume
Fra:1 Mem:16.14M (Peak 16.14M) | Time:00:00.00 | Mem:2.73M, Peak:2.73M | Scene, ViewLayer | Updating Lookup Tables
Fra:1 Mem:16.14M (Peak 16.14M) | Time:00:00.00 | Mem:2.81M, Peak:2.81M | Scene, ViewLayer | Updating Lights
Fra:1 Mem:16.14M (Peak 16.14M) | Time:00:00.00 | Mem:2.81M, Peak:2.81M | Scene, ViewLayer | Updating Lights | Computing tree
Fra:1 Mem:16.15M (Peak 16.15M) | Time:00:00.00 | Mem:2.81M, Peak:2.81M | Scene, ViewLayer | Updating Integrator
Fra:1 Mem:16.15M (Peak 16.15M) | Time:00:00.00 | Mem:2.81M, Peak:2.81M | Scene, ViewLayer | Updating Film
Fra:1 Mem:16.15M (Peak 16.15M) | Time:00:00.00 | Mem:2.73M, Peak:2.81M | Scene, ViewLayer | Updating Lookup Tables
Fra:1 Mem:16.15M (Peak 16.15M) | Time:00:00.00 | Mem:2.81M, Peak:2.81M | Scene, ViewLayer | Updating Baking
Fra:1 Mem:16.15M (Peak 16.15M) | Time:00:00.00 | Mem:2.81M, Peak:2.81M | Scene, ViewLayer | Updating Device | Writing constant memory
Fra:1 Mem:16.15M (Peak 16.15M) | Time:00:00.00 | Mem:2.81M, Peak:2.81M | Scene, ViewLayer | Loading denoising kernels (may take a few minutes the first time)
Fra:1 Mem:16.15M (Peak 16.15M) | Time:00:00.00 | Mem:2.81M, Peak:2.81M | Scene, ViewLayer | Sample 0/24
Fra:1 Mem:60.03M (Peak 60.03M) | Time:00:00.41 | Remaining:00:09.31 | Mem:46.66M, Peak:46.66M | Scene, ViewLayer | Sample 1/24
Fra:1 Mem:78.49M (Peak 106.18M) | Time:00:11.74 | Mem:46.66M, Peak:46.66M | Scene, ViewLayer | Sample 24/24
Fra:1 Mem:78.49M (Peak 106.18M) | Time:00:11.74 | Mem:46.66M, Peak:46.66M | Scene, ViewLayer | Finished
Saved: 'output/assets/task045-vegetation-r3/after/bark-detail.png'
Time: 00:11.81 (Saving: 00:00.06)



Blender quit
