$ bun run check:map && bun run docs:build:player && bun run docs:build:dev
$ bun test tools/tests/district-map.test.ts tools/tests/road-width.test.ts tools/tests/station-square.test.ts tools/tests/terrain-shape.test.ts
bun test v1.4.2 (744846f84)

tools/tests/district-map.test.ts:
(pass) map places and roads have valid shared references [3.08ms]
(pass) terrain colors follow ground elevation [0.15ms]
(pass) map overview fits extended terrain on wide and narrow screens [186.19ms]
(pass) mountain cross section uses sampled ground up to the stargazing summit [47.83ms]
(pass) mountain city keeps metre scale and usable graded route alternatives [4.86ms]
(pass) overview terrain retains source controls and excludes elevated connections [3705.08ms]
(pass) authored exterior sightlines clear intervening building volumes [2.05ms]
(pass) shopping stays local and public hillside routes remain connected [1.51ms]
(pass) orthographic projection preserves parallel edges and separates elevation from depth [0.25ms]
(pass) scene keeps platforms below volumes and geometry is finite [131.24ms]
(pass) expanded plan counts destinations separately and keeps parcel attachments valid [6.66ms]
(pass) sections follow connected routes and distinguish a lift from a slope [16.49ms]
(pass) geometry handles concave boundaries, shared walls, road width and local elevation [1.22ms]
(pass) tree positions stay outside building footprints [7.06ms]
(pass) all streets clear building volumes at their actual widths and elevations [384.71ms]
(pass) district ground-road crossings share a junction and its elevation [333.80ms]
(pass) city framework records every building and reaches its same-level facade entrances [14.96ms]
(pass) city stairs retain short flights, level rests and full-size treads [1.11ms]
(pass) ordinary streets keep their design grade and deliveries avoid stair-only approaches [1.81ms]
(pass) public streets stay outside same-level resident and service courts [5.69ms]
(pass) building volumes share boundaries without occupying the same space [30.82ms]
(pass) detailed places connect street access to separate public and service entrances [14.92ms]
(pass) cinema roof and exterior platform have distinct footprints and supported paths [1.55ms]
(pass) lifestyle routes visit actual arrival endpoints in the stated order [5.91ms]
(pass) housing estimates use residential floor area rather than the volume count [0.38ms]
(pass) architectural segments reference complete buildings and derive type counts from the same data [1.27ms]
(pass) representative buildings have consistent floors, room areas and facade entrances [67.49ms]
(pass) public, residents, students and service users have separate access rights [14.06ms]
(pass) shop supply starts on the city road and changes to a level trolley route at unloading [0.53ms]
(pass) interest equipment deliveries reach a level backstage route from a gentle city-road approach [0.88ms]
(pass) drawn room openings join actual walls and each occupied room has an access [0.79ms]
(pass) station mixed-use and interest samples connect customer and backstage rooms through their own entrances [0.48ms]
(pass) shared stairs and separate apartments connect through shared circulation [1.12ms]

tools/tests/terrain-shape.test.ts:
(pass) terrain bake preserves authored geometry and repeats without drift [3377.69ms]
(pass) terrain noise protects complete road segments and footprints [3882.96ms]
(pass) terrain bake rejects invalid metadata and unsupported source formatting [58.05ms]
(pass) third short-ascent terrace clears terrain toward city landmarks [350.14ms]

tools/tests/road-width.test.ts:
(pass) shared endpoints do not hide width conflicts and truly level junctions pass [1.32ms]
(pass) a selected route is checked against other roads without absorbing unrelated conflicts [0.61ms]
(pass) upper-street and foothill junctions join at road width with usable stair treads [1271.12ms]
(pass) campus stairs and market entrances meet the full road width at their own levels [464.29ms]
(pass) music street junctions clear their neighbors and equipment reaches the level unloading route [438.29ms]
(pass) upper homes stairs and greenhouse approaches retain level junctions and usable flights [480.86ms]
(pass) station and music approaches plus the long ascent join at width without sharpening slopes or steps [1244.06ms]
(pass) foothill housing and west plateau approaches clear streets, stairs and resident side paths [1855.52ms]
(pass) east terraces clear neighboring road ribbons and retain usable exterior approaches [438.58ms]
(pass) west old housing clear neighboring road ribbons and retain usable exterior approaches [370.35ms]
(pass) food street bypasses shop footprints and waterfront stairs descend beside the waiting court [400.37ms]
(pass) all ground-road junctions clear neighboring ribbons while retaining usable exterior approaches [488.46ms]
(pass) platform checks keep concave cutouts and actual stair treads while excluding explicitly elevated surfaces [0.66ms]
(pass) ground platforms meet adjacent road ribbons and stair treads at their own level [40.27ms]

tools/tests/station-square.test.ts:
(pass) station meeting court retains usable space with a level public arrival clear of sloping roads [420.15ms]

 52 pass
 0 fail
Ran 52 tests across 4 files. [20.80s]
$ bun tools/wiki.ts build player

  vitepress v1.6.4

- building client + server bundles...
[32m✓[0m building client + server bundles...
- rendering pages...
[32m✓[0m rendering pages...
build complete in 3.14s.
{"profile":"player","pages":95,"files":547,"result":"PASS"}
$ bun tools/wiki.ts build dev

  vitepress v1.6.4

- building client + server bundles...

(!) Some chunks are larger than 500 kB after minification. Consider:
- Using dynamic import() to code-split the application
- Use build.rollupOptions.output.manualChunks to improve chunking: https://rollupjs.org/configuration-options/#output-manualchunks
- Adjust chunk size limit for this warning via build.chunkSizeWarningLimit.
[32m✓[0m building client + server bundles...
- rendering pages...
[32m✓[0m rendering pages...
build complete in 5.54s.
{"profile":"dev","pages":157,"files":788,"result":"PASS"}
