$ bun test tools/tests/district-map.test.ts tools/tests/road-width.test.ts tools/tests/station-square.test.ts tools/tests/terrain-shape.test.ts
bun test v1.4.2 (744846f84)

tools/tests/district-map.test.ts:
(pass) map places and roads have valid shared references [2.74ms]
(pass) terrain colors follow ground elevation [0.14ms]
(pass) map overview fits extended terrain on wide and narrow screens [188.76ms]
(pass) mountain cross section uses sampled ground up to the stargazing summit [49.35ms]
(pass) mountain city keeps metre scale and usable graded route alternatives [4.93ms]
(pass) overview terrain retains source controls and excludes elevated connections [4751.03ms]
(pass) authored exterior sightlines clear intervening building volumes [2.01ms]
(pass) shopping stays local and public hillside routes remain connected [1.52ms]
(pass) orthographic projection preserves parallel edges and separates elevation from depth [0.25ms]
(pass) scene keeps platforms below volumes and geometry is finite [127.19ms]
(pass) expanded plan counts destinations separately and keeps parcel attachments valid [6.79ms]
(pass) sections follow connected routes and distinguish a lift from a slope [14.16ms]
(pass) section labels name shared nodes without duplicating their displayed elevation [0.18ms]
(pass) geometry handles concave boundaries, shared walls, road width and local elevation [0.97ms]
(pass) tree positions stay outside building footprints [6.71ms]
(pass) all streets clear building volumes at their actual widths and elevations [367.81ms]
(pass) district ground-road crossings share a junction and its elevation [317.50ms]
(pass) city framework records every building and reaches its same-level facade entrances [13.38ms]
(pass) city stairs retain short flights, level rests and full-size treads [1.09ms]
(pass) ordinary streets keep their design grade and deliveries avoid stair-only approaches [1.85ms]
(pass) public streets stay outside same-level resident and service courts [5.80ms]
(pass) building volumes share boundaries without occupying the same space [27.07ms]
(pass) detailed places connect street access to separate public and service entrances [15.42ms]
(pass) cinema roof and exterior platform have distinct footprints and supported paths [1.63ms]
(pass) lifestyle routes visit actual arrival endpoints in the stated order [4.53ms]
(pass) housing estimates use residential floor area rather than the volume count [0.28ms]
(pass) architectural segments reference complete buildings and derive type counts from the same data [1.08ms]
(pass) representative buildings have consistent floors, room areas and facade entrances [63.72ms]
(pass) public, residents, students and service users have separate access rights [12.26ms]
(pass) shop supply starts on the city road and changes to a level trolley route at unloading [0.50ms]
(pass) interest equipment deliveries reach a level backstage route from a gentle city-road approach [0.83ms]
(pass) drawn room openings join actual walls and each occupied room has an access [0.80ms]
(pass) station mixed-use and interest samples connect customer and backstage rooms through their own entrances [0.47ms]
(pass) shared stairs and separate apartments connect through shared circulation [1.12ms]

tools/tests/terrain-shape.test.ts:
(pass) second short-ascent leg meets terrain across stair and landing edges [2087.76ms]
(pass) descent eye-level slope uses local terrain detail instead of a 60m face [2106.96ms]
(pass) descent bank changes grade gradually and adjoining upper stairs retain support [12.45ms]
(pass) terrain bake preserves authored geometry and repeats without drift [3953.25ms]
(pass) terrain noise protects complete road segments and footprints [4271.10ms]
(pass) terrain bake rejects invalid metadata and unsupported source formatting [52.46ms]
(pass) third short-ascent terrace clears terrain toward city landmarks [495.70ms]
(pass) forest-edge hollow has broad concavity while the adjacent short route keeps its grade [24.34ms]
(pass) local forest road support leaves the existing terrain envelope outside the hollow unchanged [2024.80ms]

tools/tests/road-width.test.ts:
(pass) shared endpoints do not hide width conflicts and truly level junctions pass [1.65ms]
(pass) a selected route is checked against other roads without absorbing unrelated conflicts [0.69ms]
(pass) upper-street and foothill junctions join at road width with usable stair treads [1204.21ms]
(pass) campus stairs and market entrances meet the full road width at their own levels [445.46ms]
(pass) music street junctions clear their neighbors and equipment reaches the level unloading route [405.96ms]
(pass) upper homes stairs and greenhouse approaches retain level junctions and usable flights [430.95ms]
(pass) station and music approaches plus the long ascent join at width without sharpening slopes or steps [1086.02ms]
(pass) foothill housing and west plateau approaches clear streets, stairs and resident side paths [1717.15ms]
(pass) east terraces clear neighboring road ribbons and retain usable exterior approaches [407.68ms]
(pass) west old housing clear neighboring road ribbons and retain usable exterior approaches [384.15ms]
(pass) food street bypasses shop footprints and waterfront stairs descend beside the waiting court [411.88ms]
(pass) all ground-road junctions clear neighboring ribbons while retaining usable exterior approaches [426.49ms]
(pass) platform checks keep concave cutouts and actual stair treads while excluding explicitly elevated surfaces [0.55ms]
(pass) ground platforms meet adjacent road ribbons and stair treads at their own level [42.72ms]
(pass) cinema forecourt joins existing level entrances and keeps green islands inside its parcel [4.64ms]
(pass) cinema forecourt excludes actual sloped road widths rather than relying on the coarse step threshold [45.78ms]

tools/tests/station-square.test.ts:
(pass) station meeting court retains usable space with a level public arrival clear of sloping roads [411.89ms]

 60 pass
 0 fail
Ran 60 tests across 4 files. [28.52s]
