Blender 4.5.14 LTS (hash 62c1db4208e8 built 2026-09-15 01:31:19)
Read blend: "/home/lzzz/MyProjects/N-SIDE/output/characters/CHR-001/material-r1/baseline/yao-grey-study.blend"
Fra:1 Mem:21.53M (Peak 22.05M) | Time:00:00.03 | Mem:0.00M, Peak:0.00M | Scene, ViewLayer | Synchronizing object | TShirt
Fra:1 Mem:21.69M (Peak 22.05M) | Time:00:00.03 | Mem:0.00M, Peak:0.00M | Scene, ViewLayer | Synchronizing object | TShirt_Collar
Fra:1 Mem:21.71M (Peak 22.05M) | Time:00:00.03 | Mem:0.00M, Peak:0.00M | Scene, ViewLayer | Synchronizing object | Hood
Fra:1 Mem:21.77M (Peak 22.05M) | Time:00:00.03 | Mem:0.00M, Peak:0.00M | Scene, ViewLayer | Synchronizing object | Sleeve_Cuff.L
Fra:1 Mem:21.78M (Peak 22.05M) | Time:00:00.03 | Mem:0.00M, Peak:0.00M | Scene, ViewLayer | Synchronizing object | Zip_Tape.L
Fra:1 Mem:21.78M (Peak 22.05M) | Time:00:00.03 | Mem:0.00M, Peak:0.00M | Scene, ViewLayer | Synchronizing object | Hood_Cord.L
Fra:1 Mem:21.82M (Peak 22.05M) | Time:00:00.04 | Mem:0.00M, Peak:0.00M | Scene, ViewLayer | Synchronizing object | Palm.L
Fra:1 Mem:21.87M (Peak 22.05M) | Time:00:00.04 | Mem:0.00M, Peak:0.00M | Scene, ViewLayer | Synchronizing object | Index_Mesh.L
Fra:1 Mem:21.88M (Peak 22.05M) | Time:00:00.04 | Mem:0.00M, Peak:0.00M | Scene, ViewLayer | Synchronizing object | Middle_Mesh.L
Fra:1 Mem:21.89M (Peak 22.05M) | Time:00:00.04 | Mem:0.00M, Peak:0.00M | Scene, ViewLayer | Synchronizing object | Ring_Mesh.L
Fra:1 Mem:21.90M (Peak 22.05M) | Time:00:00.04 | Mem:0.00M, Peak:0.00M | Scene, ViewLayer | Synchronizing object | Pinky_Mesh.L
Fra:1 Mem:21.90M (Peak 22.05M) | Time:00:00.04 | Mem:0.00M, Peak:0.00M | Scene, ViewLayer | Synchronizing object | Thumb_Mesh.L
Fra:1 Mem:22.08M (Peak 22.08M) | Time:00:00.07 | Mem:0.00M, Peak:0.00M | Scene, ViewLayer | Synchronizing object | Trousers.L
Fra:1 Mem:22.34M (Peak 22.34M) | Time:00:00.07 | Mem:0.00M, Peak:0.00M | Scene, ViewLayer | Synchronizing object | Sneaker_Sole.L
Fra:1 Mem:22.36M (Peak 22.36M) | Time:00:00.07 | Mem:0.00M, Peak:0.00M | Scene, ViewLayer | Synchronizing object | Sneaker_Upper.L
Fra:1 Mem:22.38M (Peak 22.38M) | Time:00:00.07 | Mem:0.00M, Peak:0.00M | Scene, ViewLayer | Synchronizing object | Sock.L
Fra:1 Mem:22.39M (Peak 22.39M) | Time:00:00.07 | Mem:0.00M, Peak:0.00M | Scene, ViewLayer | Synchronizing object | Lace_0.L
Fra:1 Mem:22.39M (Peak 22.39M) | Time:00:00.07 | Mem:0.00M, Peak:0.00M | Scene, ViewLayer | Synchronizing object | Lace_1.L
Fra:1 Mem:22.39M (Peak 22.39M) | Time:00:00.07 | Mem:0.00M, Peak:0.00M | Scene, ViewLayer | Synchronizing object | Lace_2.L
Fra:1 Mem:22.40M (Peak 22.40M) | Time:00:00.07 | Mem:0.00M, Peak:0.00M | Scene, ViewLayer | Synchronizing object | Lace_3.L
Fra:1 Mem:22.40M (Peak 22.40M) | Time:00:00.07 | Mem:0.00M, Peak:0.00M | Scene, ViewLayer | Synchronizing object | Heel_Tab.L
Fra:1 Mem:22.40M (Peak 22.40M) | Time:00:00.07 | Mem:0.00M, Peak:0.00M | Scene, ViewLayer | Synchronizing object | Sleeve_Cuff.R
Fra:1 Mem:22.41M (Peak 22.41M) | Time:00:00.07 | Mem:0.00M, Peak:0.00M | Scene, ViewLayer | Synchronizing object | Zip_Tape.R
Fra:1 Mem:22.42M (Peak 22.42M) | Time:00:00.07 | Mem:0.00M, Peak:0.00M | Scene, ViewLayer | Synchronizing object | Hood_Cord.R
Fra:1 Mem:22.45M (Peak 22.45M) | Time:00:00.09 | Mem:0.00M, Peak:0.00M | Scene, ViewLayer | Synchronizing object | Palm.R
Fra:1 Mem:22.50M (Peak 22.50M) | Time:00:00.09 | Mem:0.00M, Peak:0.00M | Scene, ViewLayer | Synchronizing object | Index_Mesh.R
Fra:1 Mem:22.51M (Peak 22.51M) | Time:00:00.09 | Mem:0.00M, Peak:0.00M | Scene, ViewLayer | Synchronizing object | Middle_Mesh.R
Fra:1 Mem:22.55M (Peak 22.55M) | Time:00:00.09 | Mem:0.00M, Peak:0.00M | Scene, ViewLayer | Synchronizing object | Ring_Mesh.R
Fra:1 Mem:22.53M (Peak 22.55M) | Time:00:00.09 | Mem:0.00M, Peak:0.00M | Scene, ViewLayer | Synchronizing object | Pinky_Mesh.R
Fra:1 Mem:22.53M (Peak 22.55M) | Time:00:00.09 | Mem:0.00M, Peak:0.00M | Scene, ViewLayer | Synchronizing object | Thumb_Mesh.R
Fra:1 Mem:22.72M (Peak 22.72M) | Time:00:00.12 | Mem:0.00M, Peak:0.00M | Scene, ViewLayer | Synchronizing object | Trousers.R
Fra:1 Mem:22.99M (Peak 22.99M) | Time:00:00.12 | Mem:0.00M, Peak:0.00M | Scene, ViewLayer | Synchronizing object | Sneaker_Sole.R
Fra:1 Mem:23.02M (Peak 23.02M) | Time:00:00.12 | Mem:0.00M, Peak:0.00M | Scene, ViewLayer | Synchronizing object | Sneaker_Upper.R
Fra:1 Mem:23.05M (Peak 23.05M) | Time:00:00.12 | Mem:0.00M, Peak:0.00M | Scene, ViewLayer | Synchronizing object | Sock.R
Fra:1 Mem:23.05M (Peak 23.05M) | Time:00:00.12 | Mem:0.00M, Peak:0.00M | Scene, ViewLayer | Synchronizing object | Lace_0.R
Fra:1 Mem:23.06M (Peak 23.06M) | Time:00:00.12 | Mem:0.00M, Peak:0.00M | Scene, ViewLayer | Synchronizing object | Lace_1.R
Fra:1 Mem:23.03M (Peak 23.06M) | Time:00:00.12 | Mem:0.00M, Peak:0.00M | Scene, ViewLayer | Synchronizing object | Lace_2.R
Fra:1 Mem:23.03M (Peak 23.06M) | Time:00:00.12 | Mem:0.00M, Peak:0.00M | Scene, ViewLayer | Synchronizing object | Lace_3.R
Fra:1 Mem:23.03M (Peak 23.06M) | Time:00:00.12 | Mem:0.00M, Peak:0.00M | Scene, ViewLayer | Synchronizing object | Heel_Tab.R
Fra:1 Mem:23.61M (Peak 23.61M) | Time:00:00.15 | Mem:0.00M, Peak:0.00M | Scene, ViewLayer | Synchronizing object | Jacket_ContinuousShoulders
Fra:1 Mem:24.84M (Peak 24.84M) | Time:00:00.55 | Mem:0.00M, Peak:0.00M | Scene, ViewLayer | Synchronizing object | Face_Head
Fra:1 Mem:25.50M (Peak 25.50M) | Time:00:00.56 | Mem:0.00M, Peak:0.00M | Scene, ViewLayer | Synchronizing object | Ear.L
Fra:1 Mem:25.56M (Peak 25.56M) | Time:00:00.56 | Mem:0.00M, Peak:0.00M | Scene, ViewLayer | Synchronizing object | Ear_Fold.L
Fra:1 Mem:25.61M (Peak 25.61M) | Time:00:00.58 | Mem:0.00M, Peak:0.00M | Scene, ViewLayer | Synchronizing object | Ear.R
Fra:1 Mem:25.67M (Peak 25.67M) | Time:00:00.58 | Mem:0.00M, Peak:0.00M | Scene, ViewLayer | Synchronizing object | Ear_Fold.R
Fra:1 Mem:25.68M (Peak 25.68M) | Time:00:00.58 | Mem:0.00M, Peak:0.00M | Scene, ViewLayer | Synchronizing object | Eye_White.L
Fra:1 Mem:25.69M (Peak 25.69M) | Time:00:00.58 | Mem:0.00M, Peak:0.00M | Scene, ViewLayer | Synchronizing object | Iris_hair.L
Fra:1 Mem:25.70M (Peak 25.70M) | Time:00:00.58 | Mem:0.00M, Peak:0.00M | Scene, ViewLayer | Synchronizing object | Iris_ink.L
Fra:1 Mem:25.71M (Peak 25.71M) | Time:00:00.58 | Mem:0.00M, Peak:0.00M | Scene, ViewLayer | Synchronizing object | Eye_Glint.L
Fra:1 Mem:25.71M (Peak 25.71M) | Time:00:00.58 | Mem:0.00M, Peak:0.00M | Scene, ViewLayer | Synchronizing object | Upper_Lid.L
Fra:1 Mem:25.73M (Peak 25.73M) | Time:00:00.58 | Mem:0.00M, Peak:0.00M | Scene, ViewLayer | Synchronizing object | Lower_Lid.L
Fra:1 Mem:25.73M (Peak 25.73M) | Time:00:00.58 | Mem:0.00M, Peak:0.00M | Scene, ViewLayer | Synchronizing object | Eyebrow.L
Fra:1 Mem:25.74M (Peak 25.74M) | Time:00:00.58 | Mem:0.00M, Peak:0.00M | Scene, ViewLayer | Synchronizing object | Eye_White.R
Fra:1 Mem:25.74M (Peak 25.74M) | Time:00:00.58 | Mem:0.00M, Peak:0.00M | Scene, ViewLayer | Synchronizing object | Iris_hair.R
Fra:1 Mem:25.76M (Peak 25.76M) | Time:00:00.58 | Mem:0.00M, Peak:0.00M | Scene, ViewLayer | Synchronizing object | Iris_ink.R
Fra:1 Mem:25.77M (Peak 25.77M) | Time:00:00.58 | Mem:0.00M, Peak:0.00M | Scene, ViewLayer | Synchronizing object | Eye_Glint.R
Fra:1 Mem:25.77M (Peak 25.77M) | Time:00:00.58 | Mem:0.00M, Peak:0.00M | Scene, ViewLayer | Synchronizing object | Upper_Lid.R
Fra:1 Mem:25.79M (Peak 25.79M) | Time:00:00.58 | Mem:0.00M, Peak:0.00M | Scene, ViewLayer | Synchronizing object | Lower_Lid.R
Fra:1 Mem:25.79M (Peak 25.79M) | Time:00:00.58 | Mem:0.00M, Peak:0.00M | Scene, ViewLayer | Synchronizing object | Eyebrow.R
Fra:1 Mem:25.80M (Peak 25.80M) | Time:00:00.58 | Mem:0.00M, Peak:0.00M | Scene, ViewLayer | Synchronizing object | Mouth
Fra:1 Mem:25.81M (Peak 25.81M) | Time:00:00.58 | Mem:0.00M, Peak:0.00M | Scene, ViewLayer | Synchronizing object | Hair_Cap
Fra:1 Mem:26.61M (Peak 26.61M) | Time:00:00.61 | Mem:0.00M, Peak:0.00M | Scene, ViewLayer | Synchronizing object | Hair_CrownBase
Fra:1 Mem:26.70M (Peak 26.70M) | Time:00:00.61 | Mem:0.00M, Peak:0.00M | Scene, ViewLayer | Synchronizing object | Bangs_00
Fra:1 Mem:26.70M (Peak 26.70M) | Time:00:00.61 | Mem:0.00M, Peak:0.00M | Scene, ViewLayer | Synchronizing object | Review_Rim
Fra:1 Mem:26.72M (Peak 26.72M) | Time:00:00.61 | Mem:0.00M, Peak:0.00M | Scene, ViewLayer | Synchronizing object | Review_Fill
Fra:1 Mem:26.72M (Peak 26.72M) | Time:00:00.61 | Mem:0.00M, Peak:0.00M | Scene, ViewLayer | Synchronizing object | Review_Key
Fra:1 Mem:26.72M (Peak 26.72M) | Time:00:00.61 | Mem:0.00M, Peak:0.00M | Scene, ViewLayer | Synchronizing object | Review_Ground
Fra:1 Mem:26.73M (Peak 26.73M) | Time:00:00.61 | Mem:0.00M, Peak:0.00M | Scene, ViewLayer | Synchronizing object | Tee_Bar
Fra:1 Mem:26.74M (Peak 26.74M) | Time:00:00.61 | Mem:0.00M, Peak:0.00M | Scene, ViewLayer | Synchronizing object | Bangs_02
Fra:1 Mem:26.74M (Peak 26.74M) | Time:00:00.61 | Mem:0.00M, Peak:0.00M | Scene, ViewLayer | Synchronizing object | Tee_Dot_1.246
Fra:1 Mem:26.77M (Peak 26.77M) | Time:00:00.61 | Mem:0.00M, Peak:0.00M | Scene, ViewLayer | Synchronizing object | Bangs_03
Fra:1 Mem:26.77M (Peak 26.77M) | Time:00:00.61 | Mem:0.00M, Peak:0.00M | Scene, ViewLayer | Synchronizing object | Tee_Dot_1.275
Fra:1 Mem:26.79M (Peak 26.79M) | Time:00:00.61 | Mem:0.00M, Peak:0.00M | Scene, ViewLayer | Synchronizing object | Crown_0.R
Fra:1 Mem:26.80M (Peak 26.80M) | Time:00:00.61 | Mem:0.00M, Peak:0.00M | Scene, ViewLayer | Synchronizing object | Bangs_04
Fra:1 Mem:26.83M (Peak 26.83M) | Time:00:00.61 | Mem:0.00M, Peak:0.00M | Scene, ViewLayer | Synchronizing object | Crown_0.L
Fra:1 Mem:26.83M (Peak 26.83M) | Time:00:00.61 | Mem:0.00M, Peak:0.00M | Scene, ViewLayer | Synchronizing object | Bangs_05
Fra:1 Mem:26.87M (Peak 26.87M) | Time:00:00.61 | Mem:0.00M, Peak:0.00M | Scene, ViewLayer | Synchronizing object | Temple_2.R
Fra:1 Mem:26.87M (Peak 26.87M) | Time:00:00.61 | Mem:0.00M, Peak:0.00M | Scene, ViewLayer | Synchronizing object | Temple_0.L
Fra:1 Mem:26.91M (Peak 26.91M) | Time:00:00.61 | Mem:0.00M, Peak:0.00M | Scene, ViewLayer | Synchronizing object | Temple_1.R
Fra:1 Mem:26.91M (Peak 26.91M) | Time:00:00.61 | Mem:0.00M, Peak:0.00M | Scene, ViewLayer | Synchronizing object | Temple_1.L
Fra:1 Mem:26.95M (Peak 26.95M) | Time:00:00.61 | Mem:0.00M, Peak:0.00M | Scene, ViewLayer | Synchronizing object | Temple_0.R
Fra:1 Mem:26.97M (Peak 26.97M) | Time:00:00.61 | Mem:0.00M, Peak:0.00M | Scene, ViewLayer | Synchronizing object | Temple_2.L
Fra:1 Mem:27.00M (Peak 27.00M) | Time:00:00.61 | Mem:0.00M, Peak:0.00M | Scene, ViewLayer | Initializing
Fra:1 Mem:22.39M (Peak 27.00M) | Time:00:00.61 | Mem:0.00M, Peak:0.00M | Scene, ViewLayer | Updating Images | Loading CHR001_GreyStudy_Normal
Fra:1 Mem:30.40M (Peak 34.40M) | Time:00:00.62 | Mem:4.00M, Peak:4.00M | Scene, ViewLayer | Updating Images | Loading CHR001_GreyStudy_Surface
Fra:1 Mem:30.93M (Peak 38.41M) | Time:00:00.63 | Mem:12.00M, Peak:12.00M | Scene, ViewLayer | Waiting for render to start
Fra:1 Mem:30.93M (Peak 38.41M) | Time:00:00.63 | Mem:12.00M, Peak:12.00M | Scene, ViewLayer | Updating Scene
Fra:1 Mem:30.93M (Peak 38.41M) | Time:00:00.63 | Mem:12.00M, Peak:12.00M | Scene, ViewLayer | Updating Shaders
Fra:1 Mem:30.93M (Peak 38.41M) | Time:00:00.63 | Mem:12.00M, Peak:12.00M | Scene, ViewLayer | Loading render kernels (may take a few minutes the first time)
Fra:1 Mem:31.01M (Peak 38.41M) | Time:00:00.63 | Mem:12.00M, Peak:12.00M | Scene, ViewLayer | Updating Procedurals
Fra:1 Mem:31.01M (Peak 38.41M) | Time:00:00.63 | Mem:12.00M, Peak:12.00M | Scene, ViewLayer | Updating Background
Fra:1 Mem:31.01M (Peak 38.41M) | Time:00:00.63 | Mem:12.00M, Peak:12.00M | Scene, ViewLayer | Updating Camera
Fra:1 Mem:31.01M (Peak 38.41M) | Time:00:00.63 | Mem:12.00M, Peak:12.00M | Scene, ViewLayer | Updating Meshes Flags
Fra:1 Mem:31.01M (Peak 38.41M) | Time:00:00.63 | Mem:12.00M, Peak:12.00M | Scene, ViewLayer | Updating Objects
Fra:1 Mem:31.01M (Peak 38.41M) | Time:00:00.63 | Mem:12.00M, Peak:12.00M | Scene, ViewLayer | Updating Objects | Copying Transformations to device
Fra:1 Mem:31.03M (Peak 38.41M) | Time:00:00.63 | Mem:12.02M, Peak:12.02M | Scene, ViewLayer | Updating Particle Systems
Fra:1 Mem:31.03M (Peak 38.41M) | Time:00:00.63 | Mem:12.02M, Peak:12.02M | Scene, ViewLayer | Updating Particle Systems | Copying Particles to device
Fra:1 Mem:31.03M (Peak 38.41M) | Time:00:00.63 | Mem:12.02M, Peak:12.02M | Scene, ViewLayer | Updating Meshes
Fra:1 Mem:33.26M (Peak 38.41M) | Time:00:00.65 | Mem:12.02M, Peak:12.02M | Scene, ViewLayer | Updating Objects | Applying Static Transformations
Fra:1 Mem:33.26M (Peak 38.41M) | Time:00:00.65 | Mem:12.02M, Peak:12.02M | Scene, ViewLayer | Updating Mesh | Computing attributes
Fra:1 Mem:36.19M (Peak 38.41M) | Time:00:00.65 | Mem:12.03M, Peak:12.03M | Scene, ViewLayer | Updating Mesh | Copying Attributes to device
Fra:1 Mem:36.17M (Peak 38.41M) | Time:00:00.65 | Mem:14.93M, Peak:14.93M | Scene, ViewLayer | Updating Scene BVH | Building
Fra:1 Mem:36.17M (Peak 38.41M) | Time:00:00.65 | Mem:14.93M, Peak:14.93M | Scene, ViewLayer | Updating Scene BVH | Building BVH
Fra:1 Mem:36.17M (Peak 38.41M) | Time:00:00.65 | Mem:16.12M, Peak:16.12M | Scene, ViewLayer | Updating Scene BVH | Building BVH 0%
Fra:1 Mem:36.17M (Peak 38.41M) | Time:00:00.65 | Mem:17.41M, Peak:18.60M | Scene, ViewLayer | Updating Scene BVH | Copying BVH to device
Fra:1 Mem:36.17M (Peak 38.41M) | Time:00:00.65 | Mem:17.41M, Peak:18.60M | Scene, ViewLayer | Updating Mesh | Computing normals
Fra:1 Mem:37.22M (Peak 38.41M) | Time:00:00.65 | Mem:17.41M, Peak:18.60M | Scene, ViewLayer | Updating Mesh | Copying Mesh to device
Fra:1 Mem:37.22M (Peak 38.41M) | Time:00:00.65 | Mem:18.46M, Peak:18.60M | Scene, ViewLayer | Updating Objects Flags
Fra:1 Mem:37.22M (Peak 38.41M) | Time:00:00.65 | Mem:18.46M, Peak:18.60M | Scene, ViewLayer | Updating Primitive Offsets
Fra:1 Mem:37.22M (Peak 38.41M) | Time:00:00.65 | Mem:18.46M, Peak:18.60M | Scene, ViewLayer | Updating Images
Fra:1 Mem:37.22M (Peak 38.41M) | Time:00:00.65 | Mem:18.46M, Peak:18.60M | Scene, ViewLayer | Updating Camera Volume
Fra:1 Mem:37.22M (Peak 38.41M) | Time:00:00.65 | Mem:18.46M, Peak:18.60M | Scene, ViewLayer | Updating Lookup Tables
Fra:1 Mem:37.22M (Peak 38.41M) | Time:00:00.65 | Mem:18.55M, Peak:18.60M | Scene, ViewLayer | Updating Lights
Fra:1 Mem:37.22M (Peak 38.41M) | Time:00:00.65 | Mem:18.55M, Peak:18.60M | Scene, ViewLayer | Updating Lights | Computing tree
Fra:1 Mem:37.22M (Peak 38.41M) | Time:00:00.65 | Mem:18.55M, Peak:18.60M | Scene, ViewLayer | Updating Integrator
Fra:1 Mem:37.22M (Peak 38.41M) | Time:00:00.65 | Mem:18.55M, Peak:18.60M | Scene, ViewLayer | Updating Film
Fra:1 Mem:37.23M (Peak 38.41M) | Time:00:00.65 | Mem:18.47M, Peak:18.60M | Scene, ViewLayer | Updating Lookup Tables
Fra:1 Mem:37.23M (Peak 38.41M) | Time:00:00.65 | Mem:18.55M, Peak:18.60M | Scene, ViewLayer | Updating Baking
Fra:1 Mem:37.23M (Peak 38.41M) | Time:00:00.65 | Mem:18.55M, Peak:18.60M | Scene, ViewLayer | Updating Device | Writing constant memory
Fra:1 Mem:37.23M (Peak 38.41M) | Time:00:00.65 | Mem:18.55M, Peak:18.60M | Scene, ViewLayer | Loading denoising kernels (may take a few minutes the first time)
Fra:1 Mem:37.23M (Peak 38.41M) | Time:00:00.65 | Mem:18.55M, Peak:18.60M | Scene, ViewLayer | Sample 0/32
Fra:1 Mem:87.35M (Peak 87.35M) | Time:00:01.29 | Remaining:00:19.88 | Mem:68.66M, Peak:68.66M | Scene, ViewLayer | Sample 1/32
Fra:1 Mem:108.45M (Peak 140.09M) | Time:00:28.09 | Mem:68.66M, Peak:68.66M | Scene, ViewLayer | Sample 32/32
Fra:1 Mem:108.45M (Peak 140.09M) | Time:00:28.09 | Mem:68.66M, Peak:68.66M | Scene, ViewLayer | Finished
Saved: '/home/lzzz/MyProjects/N-SIDE/output/characters/CHR-001/material-r1/candidate/whole.png'
Time: 00:28.15 (Saving: 00:00.05)

Fra:1 Mem:21.62M (Peak 22.28M) | Time:00:00.03 | Mem:0.00M, Peak:0.00M | Scene, ViewLayer | Synchronizing object | TShirt
Fra:1 Mem:21.78M (Peak 22.28M) | Time:00:00.03 | Mem:0.00M, Peak:0.00M | Scene, ViewLayer | Synchronizing object | TShirt_Collar
Fra:1 Mem:21.80M (Peak 22.28M) | Time:00:00.03 | Mem:0.00M, Peak:0.00M | Scene, ViewLayer | Synchronizing object | Hood
Fra:1 Mem:21.86M (Peak 22.28M) | Time:00:00.03 | Mem:0.00M, Peak:0.00M | Scene, ViewLayer | Synchronizing object | Sleeve_Cuff.L
Fra:1 Mem:21.86M (Peak 22.28M) | Time:00:00.03 | Mem:0.00M, Peak:0.00M | Scene, ViewLayer | Synchronizing object | Zip_Tape.L
Fra:1 Mem:21.87M (Peak 22.28M) | Time:00:00.03 | Mem:0.00M, Peak:0.00M | Scene, ViewLayer | Synchronizing object | Hood_Cord.L
Fra:1 Mem:21.91M (Peak 22.28M) | Time:00:00.04 | Mem:0.00M, Peak:0.00M | Scene, ViewLayer | Synchronizing object | Palm.L
Fra:1 Mem:21.99M (Peak 22.28M) | Time:00:00.04 | Mem:0.00M, Peak:0.00M | Scene, ViewLayer | Synchronizing object | Index_Mesh.L
Fra:1 Mem:21.96M (Peak 22.28M) | Time:00:00.04 | Mem:0.00M, Peak:0.00M | Scene, ViewLayer | Synchronizing object | Middle_Mesh.L
Fra:1 Mem:21.97M (Peak 22.28M) | Time:00:00.04 | Mem:0.00M, Peak:0.00M | Scene, ViewLayer | Synchronizing object | Ring_Mesh.L
Fra:1 Mem:21.97M (Peak 22.28M) | Time:00:00.04 | Mem:0.00M, Peak:0.00M | Scene, ViewLayer | Synchronizing object | Pinky_Mesh.L
Fra:1 Mem:21.98M (Peak 22.28M) | Time:00:00.04 | Mem:0.00M, Peak:0.00M | Scene, ViewLayer | Synchronizing object | Thumb_Mesh.L
Fra:1 Mem:22.16M (Peak 22.28M) | Time:00:00.08 | Mem:0.00M, Peak:0.00M | Scene, ViewLayer | Synchronizing object | Trousers.L
Fra:1 Mem:22.42M (Peak 22.42M) | Time:00:00.08 | Mem:0.00M, Peak:0.00M | Scene, ViewLayer | Synchronizing object | Sneaker_Sole.L
Fra:1 Mem:22.44M (Peak 22.44M) | Time:00:00.08 | Mem:0.00M, Peak:0.00M | Scene, ViewLayer | Synchronizing object | Sneaker_Upper.L
Fra:1 Mem:22.46M (Peak 22.46M) | Time:00:00.08 | Mem:0.00M, Peak:0.00M | Scene, ViewLayer | Synchronizing object | Sock.L
Fra:1 Mem:22.46M (Peak 22.46M) | Time:00:00.08 | Mem:0.00M, Peak:0.00M | Scene, ViewLayer | Synchronizing object | Lace_0.L
Fra:1 Mem:22.47M (Peak 22.47M) | Time:00:00.08 | Mem:0.00M, Peak:0.00M | Scene, ViewLayer | Synchronizing object | Lace_1.L
Fra:1 Mem:22.47M (Peak 22.47M) | Time:00:00.08 | Mem:0.00M, Peak:0.00M | Scene, ViewLayer | Synchronizing object | Lace_2.L
Fra:1 Mem:22.47M (Peak 22.47M) | Time:00:00.08 | Mem:0.00M, Peak:0.00M | Scene, ViewLayer | Synchronizing object | Lace_3.L
Fra:1 Mem:22.47M (Peak 22.47M) | Time:00:00.08 | Mem:0.00M, Peak:0.00M | Scene, ViewLayer | Synchronizing object | Heel_Tab.L
Fra:1 Mem:22.48M (Peak 22.48M) | Time:00:00.08 | Mem:0.00M, Peak:0.00M | Scene, ViewLayer | Synchronizing object | Sleeve_Cuff.R
Fra:1 Mem:22.48M (Peak 22.48M) | Time:00:00.08 | Mem:0.00M, Peak:0.00M | Scene, ViewLayer | Synchronizing object | Zip_Tape.R
Fra:1 Mem:22.49M (Peak 22.49M) | Time:00:00.08 | Mem:0.00M, Peak:0.00M | Scene, ViewLayer | Synchronizing object | Hood_Cord.R
Fra:1 Mem:22.53M (Peak 22.53M) | Time:00:00.09 | Mem:0.00M, Peak:0.00M | Scene, ViewLayer | Synchronizing object | Palm.R
Fra:1 Mem:22.58M (Peak 22.58M) | Time:00:00.09 | Mem:0.00M, Peak:0.00M | Scene, ViewLayer | Synchronizing object | Index_Mesh.R
Fra:1 Mem:22.58M (Peak 22.58M) | Time:00:00.09 | Mem:0.00M, Peak:0.00M | Scene, ViewLayer | Synchronizing object | Middle_Mesh.R
Fra:1 Mem:22.59M (Peak 22.59M) | Time:00:00.09 | Mem:0.00M, Peak:0.00M | Scene, ViewLayer | Synchronizing object | Ring_Mesh.R
Fra:1 Mem:22.60M (Peak 22.60M) | Time:00:00.09 | Mem:0.00M, Peak:0.00M | Scene, ViewLayer | Synchronizing object | Pinky_Mesh.R
Fra:1 Mem:22.60M (Peak 22.60M) | Time:00:00.09 | Mem:0.00M, Peak:0.00M | Scene, ViewLayer | Synchronizing object | Thumb_Mesh.R
Fra:1 Mem:22.78M (Peak 22.78M) | Time:00:00.12 | Mem:0.00M, Peak:0.00M | Scene, ViewLayer | Synchronizing object | Trousers.R
Fra:1 Mem:23.06M (Peak 23.06M) | Time:00:00.12 | Mem:0.00M, Peak:0.00M | Scene, ViewLayer | Synchronizing object | Sneaker_Sole.R
Fra:1 Mem:23.16M (Peak 23.16M) | Time:00:00.12 | Mem:0.00M, Peak:0.00M | Scene, ViewLayer | Synchronizing object | Sneaker_Upper.R
Fra:1 Mem:23.11M (Peak 23.16M) | Time:00:00.12 | Mem:0.00M, Peak:0.00M | Scene, ViewLayer | Synchronizing object | Sock.R
Fra:1 Mem:23.11M (Peak 23.16M) | Time:00:00.12 | Mem:0.00M, Peak:0.00M | Scene, ViewLayer | Synchronizing object | Lace_0.R
Fra:1 Mem:23.09M (Peak 23.16M) | Time:00:00.12 | Mem:0.00M, Peak:0.00M | Scene, ViewLayer | Synchronizing object | Lace_1.R
Fra:1 Mem:23.09M (Peak 23.16M) | Time:00:00.12 | Mem:0.00M, Peak:0.00M | Scene, ViewLayer | Synchronizing object | Lace_2.R
Fra:1 Mem:23.09M (Peak 23.16M) | Time:00:00.12 | Mem:0.00M, Peak:0.00M | Scene, ViewLayer | Synchronizing object | Lace_3.R
Fra:1 Mem:23.09M (Peak 23.16M) | Time:00:00.13 | Mem:0.00M, Peak:0.00M | Scene, ViewLayer | Synchronizing object | Heel_Tab.R
Fra:1 Mem:23.67M (Peak 23.67M) | Time:00:00.16 | Mem:0.00M, Peak:0.00M | Scene, ViewLayer | Synchronizing object | Jacket_ContinuousShoulders
Fra:1 Mem:24.90M (Peak 24.90M) | Time:00:00.56 | Mem:0.00M, Peak:0.00M | Scene, ViewLayer | Synchronizing object | Face_Head
Fra:1 Mem:25.56M (Peak 25.56M) | Time:00:00.57 | Mem:0.00M, Peak:0.00M | Scene, ViewLayer | Synchronizing object | Ear.L
Fra:1 Mem:25.62M (Peak 25.62M) | Time:00:00.57 | Mem:0.00M, Peak:0.00M | Scene, ViewLayer | Synchronizing object | Ear_Fold.L
Fra:1 Mem:25.67M (Peak 25.67M) | Time:00:00.59 | Mem:0.00M, Peak:0.00M | Scene, ViewLayer | Synchronizing object | Ear.R
Fra:1 Mem:25.73M (Peak 25.73M) | Time:00:00.59 | Mem:0.00M, Peak:0.00M | Scene, ViewLayer | Synchronizing object | Ear_Fold.R
Fra:1 Mem:25.74M (Peak 25.74M) | Time:00:00.59 | Mem:0.00M, Peak:0.00M | Scene, ViewLayer | Synchronizing object | Eye_White.L
Fra:1 Mem:25.74M (Peak 25.74M) | Time:00:00.59 | Mem:0.00M, Peak:0.00M | Scene, ViewLayer | Synchronizing object | Iris_hair.L
Fra:1 Mem:25.75M (Peak 25.75M) | Time:00:00.59 | Mem:0.00M, Peak:0.00M | Scene, ViewLayer | Synchronizing object | Iris_ink.L
Fra:1 Mem:25.76M (Peak 25.76M) | Time:00:00.59 | Mem:0.00M, Peak:0.00M | Scene, ViewLayer | Synchronizing object | Eye_Glint.L
Fra:1 Mem:25.76M (Peak 25.76M) | Time:00:00.59 | Mem:0.00M, Peak:0.00M | Scene, ViewLayer | Synchronizing object | Upper_Lid.L
Fra:1 Mem:25.78M (Peak 25.78M) | Time:00:00.59 | Mem:0.00M, Peak:0.00M | Scene, ViewLayer | Synchronizing object | Lower_Lid.L
Fra:1 Mem:25.78M (Peak 25.78M) | Time:00:00.59 | Mem:0.00M, Peak:0.00M | Scene, ViewLayer | Synchronizing object | Eyebrow.L
Fra:1 Mem:25.79M (Peak 25.79M) | Time:00:00.59 | Mem:0.00M, Peak:0.00M | Scene, ViewLayer | Synchronizing object | Eye_White.R
Fra:1 Mem:25.79M (Peak 25.79M) | Time:00:00.59 | Mem:0.00M, Peak:0.00M | Scene, ViewLayer | Synchronizing object | Iris_hair.R
Fra:1 Mem:25.80M (Peak 25.80M) | Time:00:00.59 | Mem:0.00M, Peak:0.00M | Scene, ViewLayer | Synchronizing object | Iris_ink.R
Fra:1 Mem:25.81M (Peak 25.81M) | Time:00:00.59 | Mem:0.00M, Peak:0.00M | Scene, ViewLayer | Synchronizing object | Eye_Glint.R
Fra:1 Mem:25.82M (Peak 25.82M) | Time:00:00.59 | Mem:0.00M, Peak:0.00M | Scene, ViewLayer | Synchronizing object | Upper_Lid.R
Fra:1 Mem:25.83M (Peak 25.83M) | Time:00:00.59 | Mem:0.00M, Peak:0.00M | Scene, ViewLayer | Synchronizing object | Lower_Lid.R
Fra:1 Mem:25.83M (Peak 25.83M) | Time:00:00.59 | Mem:0.00M, Peak:0.00M | Scene, ViewLayer | Synchronizing object | Eyebrow.R
Fra:1 Mem:25.84M (Peak 25.84M) | Time:00:00.59 | Mem:0.00M, Peak:0.00M | Scene, ViewLayer | Synchronizing object | Mouth
Fra:1 Mem:25.85M (Peak 25.85M) | Time:00:00.59 | Mem:0.00M, Peak:0.00M | Scene, ViewLayer | Synchronizing object | Hair_Cap
Fra:1 Mem:26.65M (Peak 26.65M) | Time:00:00.62 | Mem:0.00M, Peak:0.00M | Scene, ViewLayer | Synchronizing object | Hair_CrownBase
Fra:1 Mem:26.75M (Peak 26.75M) | Time:00:00.62 | Mem:0.00M, Peak:0.00M | Scene, ViewLayer | Synchronizing object | Review_Rim
Fra:1 Mem:26.74M (Peak 26.75M) | Time:00:00.62 | Mem:0.00M, Peak:0.00M | Scene, ViewLayer | Synchronizing object | Bangs_00
Fra:1 Mem:26.74M (Peak 26.75M) | Time:00:00.62 | Mem:0.00M, Peak:0.00M | Scene, ViewLayer | Synchronizing object | Review_Fill
Fra:1 Mem:26.75M (Peak 26.75M) | Time:00:00.62 | Mem:0.00M, Peak:0.00M | Scene, ViewLayer | Synchronizing object | Review_Key
Fra:1 Mem:26.75M (Peak 26.75M) | Time:00:00.62 | Mem:0.00M, Peak:0.00M | Scene, ViewLayer | Synchronizing object | Review_Ground
Fra:1 Mem:26.76M (Peak 26.76M) | Time:00:00.62 | Mem:0.00M, Peak:0.00M | Scene, ViewLayer | Synchronizing object | Bangs_01
Fra:1 Mem:26.76M (Peak 26.76M) | Time:00:00.62 | Mem:0.00M, Peak:0.00M | Scene, ViewLayer | Synchronizing object | Tee_Bar
Fra:1 Mem:26.78M (Peak 26.78M) | Time:00:00.62 | Mem:0.00M, Peak:0.00M | Scene, ViewLayer | Synchronizing object | Tee_Dot_1.246
Fra:1 Mem:26.78M (Peak 26.78M) | Time:00:00.63 | Mem:0.00M, Peak:0.00M | Scene, ViewLayer | Synchronizing object | Bangs_02
Fra:1 Mem:26.78M (Peak 26.78M) | Time:00:00.63 | Mem:0.00M, Peak:0.00M | Scene, ViewLayer | Synchronizing object | Tee_Dot_1.275
Fra:1 Mem:26.80M (Peak 26.80M) | Time:00:00.63 | Mem:0.00M, Peak:0.00M | Scene, ViewLayer | Synchronizing object | Crown_0.R
Fra:1 Mem:26.82M (Peak 26.82M) | Time:00:00.63 | Mem:0.00M, Peak:0.00M | Scene, ViewLayer | Synchronizing object | Bangs_03
Fra:1 Mem:26.83M (Peak 26.83M) | Time:00:00.63 | Mem:0.00M, Peak:0.00M | Scene, ViewLayer | Synchronizing object | Crown_0.L
Fra:1 Mem:26.85M (Peak 26.85M) | Time:00:00.63 | Mem:0.00M, Peak:0.00M | Scene, ViewLayer | Synchronizing object | Bangs_04
Fra:1 Mem:26.86M (Peak 26.86M) | Time:00:00.63 | Mem:0.00M, Peak:0.00M | Scene, ViewLayer | Synchronizing object | Temple_2.R
Fra:1 Mem:26.89M (Peak 26.89M) | Time:00:00.63 | Mem:0.00M, Peak:0.00M | Scene, ViewLayer | Synchronizing object | Bangs_05
Fra:1 Mem:26.89M (Peak 26.89M) | Time:00:00.63 | Mem:0.00M, Peak:0.00M | Scene, ViewLayer | Synchronizing object | Temple_1.R
Fra:1 Mem:26.93M (Peak 26.93M) | Time:00:00.63 | Mem:0.00M, Peak:0.00M | Scene, ViewLayer | Synchronizing object | Temple_0.R
Fra:1 Mem:26.94M (Peak 26.94M) | Time:00:00.63 | Mem:0.00M, Peak:0.00M | Scene, ViewLayer | Synchronizing object | Temple_0.L
Fra:1 Mem:26.94M (Peak 26.94M) | Time:00:00.63 | Mem:0.00M, Peak:0.00M | Scene, ViewLayer | Synchronizing object | Temple_2.L
Fra:1 Mem:26.97M (Peak 26.97M) | Time:00:00.63 | Mem:0.00M, Peak:0.00M | Scene, ViewLayer | Synchronizing object | Temple_1.L
Fra:1 Mem:27.00M (Peak 27.00M) | Time:00:00.63 | Mem:0.00M, Peak:0.00M | Scene, ViewLayer | Initializing
Fra:1 Mem:22.39M (Peak 27.00M) | Time:00:00.63 | Mem:0.00M, Peak:0.00M | Scene, ViewLayer | Updating Images | Loading CHR001_GreyStudy_BaseColor.001
Fra:1 Mem:34.41M (Peak 38.41M) | Time:00:00.63 | Mem:4.00M, Peak:4.00M | Scene, ViewLayer | Updating Images | Loading CHR001_GreyStudy_Surface
Fra:1 Mem:30.93M (Peak 38.41M) | Time:00:00.64 | Mem:12.00M, Peak:12.00M | Scene, ViewLayer | Waiting for render to start
Fra:1 Mem:30.93M (Peak 38.41M) | Time:00:00.64 | Mem:12.00M, Peak:12.00M | Scene, ViewLayer | Updating Scene
Fra:1 Mem:30.93M (Peak 38.41M) | Time:00:00.64 | Mem:12.00M, Peak:12.00M | Scene, ViewLayer | Updating Shaders
Fra:1 Mem:30.93M (Peak 38.41M) | Time:00:00.64 | Mem:12.00M, Peak:12.00M | Scene, ViewLayer | Loading render kernels (may take a few minutes the first time)
Fra:1 Mem:31.01M (Peak 38.41M) | Time:00:00.64 | Mem:12.00M, Peak:12.00M | Scene, ViewLayer | Updating Procedurals
Fra:1 Mem:31.01M (Peak 38.41M) | Time:00:00.64 | Mem:12.00M, Peak:12.00M | Scene, ViewLayer | Updating Background
Fra:1 Mem:31.01M (Peak 38.41M) | Time:00:00.64 | Mem:12.00M, Peak:12.00M | Scene, ViewLayer | Updating Camera
Fra:1 Mem:31.01M (Peak 38.41M) | Time:00:00.64 | Mem:12.00M, Peak:12.00M | Scene, ViewLayer | Updating Meshes Flags
Fra:1 Mem:31.01M (Peak 38.41M) | Time:00:00.64 | Mem:12.00M, Peak:12.00M | Scene, ViewLayer | Updating Objects
Fra:1 Mem:31.01M (Peak 38.41M) | Time:00:00.64 | Mem:12.00M, Peak:12.00M | Scene, ViewLayer | Updating Objects | Copying Transformations to device
Fra:1 Mem:31.03M (Peak 38.41M) | Time:00:00.64 | Mem:12.02M, Peak:12.02M | Scene, ViewLayer | Updating Particle Systems
Fra:1 Mem:31.03M (Peak 38.41M) | Time:00:00.64 | Mem:12.02M, Peak:12.02M | Scene, ViewLayer | Updating Particle Systems | Copying Particles to device
Fra:1 Mem:31.03M (Peak 38.41M) | Time:00:00.64 | Mem:12.02M, Peak:12.02M | Scene, ViewLayer | Updating Meshes
Fra:1 Mem:33.26M (Peak 38.41M) | Time:00:00.66 | Mem:12.02M, Peak:12.02M | Scene, ViewLayer | Updating Objects | Applying Static Transformations
Fra:1 Mem:33.26M (Peak 38.41M) | Time:00:00.66 | Mem:12.02M, Peak:12.02M | Scene, ViewLayer | Updating Mesh | Computing attributes
Fra:1 Mem:36.19M (Peak 38.41M) | Time:00:00.66 | Mem:12.03M, Peak:12.03M | Scene, ViewLayer | Updating Mesh | Copying Attributes to device
Fra:1 Mem:36.17M (Peak 38.41M) | Time:00:00.66 | Mem:14.93M, Peak:14.93M | Scene, ViewLayer | Updating Scene BVH | Building
Fra:1 Mem:36.17M (Peak 38.41M) | Time:00:00.66 | Mem:14.93M, Peak:14.93M | Scene, ViewLayer | Updating Scene BVH | Building BVH
Fra:1 Mem:36.17M (Peak 38.41M) | Time:00:00.66 | Mem:16.12M, Peak:16.12M | Scene, ViewLayer | Updating Scene BVH | Building BVH 0%
Fra:1 Mem:36.17M (Peak 38.41M) | Time:00:00.67 | Mem:17.41M, Peak:18.60M | Scene, ViewLayer | Updating Scene BVH | Copying BVH to device
Fra:1 Mem:36.17M (Peak 38.41M) | Time:00:00.67 | Mem:17.41M, Peak:18.60M | Scene, ViewLayer | Updating Mesh | Computing normals
Fra:1 Mem:37.22M (Peak 38.41M) | Time:00:00.67 | Mem:17.41M, Peak:18.60M | Scene, ViewLayer | Updating Mesh | Copying Mesh to device
Fra:1 Mem:37.22M (Peak 38.41M) | Time:00:00.67 | Mem:18.46M, Peak:18.60M | Scene, ViewLayer | Updating Objects Flags
Fra:1 Mem:37.22M (Peak 38.41M) | Time:00:00.67 | Mem:18.46M, Peak:18.60M | Scene, ViewLayer | Updating Primitive Offsets
Fra:1 Mem:37.22M (Peak 38.41M) | Time:00:00.67 | Mem:18.46M, Peak:18.60M | Scene, ViewLayer | Updating Images
Fra:1 Mem:37.22M (Peak 38.41M) | Time:00:00.67 | Mem:18.46M, Peak:18.60M | Scene, ViewLayer | Updating Camera Volume
Fra:1 Mem:37.22M (Peak 38.41M) | Time:00:00.67 | Mem:18.46M, Peak:18.60M | Scene, ViewLayer | Updating Lookup Tables
Fra:1 Mem:37.22M (Peak 38.41M) | Time:00:00.67 | Mem:18.55M, Peak:18.60M | Scene, ViewLayer | Updating Lights
Fra:1 Mem:37.22M (Peak 38.41M) | Time:00:00.67 | Mem:18.55M, Peak:18.60M | Scene, ViewLayer | Updating Lights | Computing tree
Fra:1 Mem:37.22M (Peak 38.41M) | Time:00:00.67 | Mem:18.55M, Peak:18.60M | Scene, ViewLayer | Updating Integrator
Fra:1 Mem:37.22M (Peak 38.41M) | Time:00:00.67 | Mem:18.55M, Peak:18.60M | Scene, ViewLayer | Updating Film
Fra:1 Mem:37.23M (Peak 38.41M) | Time:00:00.67 | Mem:18.47M, Peak:18.60M | Scene, ViewLayer | Updating Lookup Tables
Fra:1 Mem:37.23M (Peak 38.41M) | Time:00:00.67 | Mem:18.55M, Peak:18.60M | Scene, ViewLayer | Updating Baking
Fra:1 Mem:37.23M (Peak 38.41M) | Time:00:00.67 | Mem:18.55M, Peak:18.60M | Scene, ViewLayer | Updating Device | Writing constant memory
Fra:1 Mem:37.23M (Peak 38.41M) | Time:00:00.67 | Mem:18.55M, Peak:18.60M | Scene, ViewLayer | Loading denoising kernels (may take a few minutes the first time)
Fra:1 Mem:37.23M (Peak 38.41M) | Time:00:00.67 | Mem:18.55M, Peak:18.60M | Scene, ViewLayer | Sample 0/32
Fra:1 Mem:87.35M (Peak 87.35M) | Time:00:01.54 | Remaining:00:27.17 | Mem:68.66M, Peak:68.66M | Scene, ViewLayer | Sample 1/32
Fra:1 Mem:108.45M (Peak 140.09M) | Time:00:35.90 | Mem:68.66M, Peak:68.66M | Scene, ViewLayer | Sample 32/32
Fra:1 Mem:108.45M (Peak 140.09M) | Time:00:35.90 | Mem:68.66M, Peak:68.66M | Scene, ViewLayer | Finished
Saved: '/home/lzzz/MyProjects/N-SIDE/output/characters/CHR-001/material-r1/candidate/upper.png'
Time: 00:35.96 (Saving: 00:00.05)


Blender quit
