$ bun run check:map && bun run docs:build:player && bun run docs:build:dev
$ bun test tools/tests/district-map.test.ts tools/tests/road-width.test.ts tools/tests/station-square.test.ts tools/tests/terrain-shape.test.ts
bun test v1.4.2 (744846f84)

tools/tests/district-map.test.ts:
(pass) map places and roads have valid shared references [3.22ms]
(pass) terrain colors follow ground elevation [0.14ms]
(pass) map overview fits extended terrain on wide and narrow screens [232.62ms]
(pass) mountain cross section uses sampled ground up to the stargazing summit [62.36ms]
(pass) mountain city keeps metre scale and usable graded route alternatives [7.58ms]
(pass) overview terrain retains source controls and excludes elevated connections [4064.13ms]
(pass) authored exterior sightlines clear intervening building volumes [2.48ms]
(pass) shopping stays local and public hillside routes remain connected [2.25ms]
(pass) orthographic projection preserves parallel edges and separates elevation from depth [0.36ms]
(pass) scene keeps platforms below volumes and geometry is finite [137.22ms]
(pass) expanded plan counts destinations separately and keeps parcel attachments valid [7.92ms]
(pass) sections follow connected routes and distinguish a lift from a slope [19.39ms]
(pass) section labels name shared nodes without duplicating their displayed elevation [0.20ms]
(pass) geometry handles concave boundaries, shared walls, road width and local elevation [1.01ms]
(pass) tree positions stay outside building footprints [6.91ms]
(pass) all streets clear building volumes at their actual widths and elevations [476.29ms]
(pass) district ground-road crossings share a junction and its elevation [431.40ms]
(pass) city framework records every building and reaches its same-level facade entrances [17.22ms]
(pass) city stairs retain short flights, level rests and full-size treads [1.27ms]
(pass) ordinary streets keep their design grade and deliveries avoid stair-only approaches [2.09ms]
(pass) public streets stay outside same-level resident and service courts [5.44ms]
(pass) building volumes share boundaries without occupying the same space [33.92ms]
(pass) detailed places connect street access to separate public and service entrances [21.12ms]
(pass) cinema roof and exterior platform have distinct footprints and supported paths [1.95ms]
(pass) lifestyle routes visit actual arrival endpoints in the stated order [5.35ms]
(pass) housing estimates use residential floor area rather than the volume count [0.37ms]
(pass) architectural segments reference complete buildings and derive type counts from the same data [1.21ms]
(pass) representative buildings have consistent floors, room areas and facade entrances [73.03ms]
(pass) public, residents, students and service users have separate access rights [14.47ms]
(pass) shop supply starts on the city road and changes to a level trolley route at unloading [0.68ms]
(pass) interest equipment deliveries reach a level backstage route from a gentle city-road approach [1.00ms]
(pass) drawn room openings join actual walls and each occupied room has an access [0.93ms]
(pass) station mixed-use and interest samples connect customer and backstage rooms through their own entrances [0.56ms]
(pass) shared stairs and separate apartments connect through shared circulation [1.30ms]

tools/tests/terrain-shape.test.ts:
(pass) second short-ascent leg meets terrain across stair and landing edges [1982.95ms]
(pass) descent eye-level slope uses local terrain detail instead of a 60m face [1770.25ms]
(pass) terrain bake preserves authored geometry and repeats without drift [4291.61ms]
(pass) terrain noise protects complete road segments and footprints [3973.04ms]
(pass) terrain bake rejects invalid metadata and unsupported source formatting [53.33ms]
(pass) third short-ascent terrace clears terrain toward city landmarks [424.03ms]

tools/tests/road-width.test.ts:
(pass) shared endpoints do not hide width conflicts and truly level junctions pass [2.31ms]
(pass) a selected route is checked against other roads without absorbing unrelated conflicts [0.99ms]
(pass) upper-street and foothill junctions join at road width with usable stair treads [1477.09ms]
(pass) campus stairs and market entrances meet the full road width at their own levels [470.47ms]
(pass) music street junctions clear their neighbors and equipment reaches the level unloading route [494.46ms]
(pass) upper homes stairs and greenhouse approaches retain level junctions and usable flights [575.45ms]
(pass) station and music approaches plus the long ascent join at width without sharpening slopes or steps [1209.78ms]
(pass) foothill housing and west plateau approaches clear streets, stairs and resident side paths [1928.51ms]
(pass) east terraces clear neighboring road ribbons and retain usable exterior approaches [555.60ms]
(pass) west old housing clear neighboring road ribbons and retain usable exterior approaches [609.09ms]
(pass) food street bypasses shop footprints and waterfront stairs descend beside the waiting court [534.04ms]
(pass) all ground-road junctions clear neighboring ribbons while retaining usable exterior approaches [583.42ms]
(pass) platform checks keep concave cutouts and actual stair treads while excluding explicitly elevated surfaces [0.99ms]
(pass) ground platforms meet adjacent road ribbons and stair treads at their own level [44.82ms]

tools/tests/station-square.test.ts:
(pass) station meeting court retains usable space with a level public arrival clear of sloping roads [482.79ms]

 55 pass
 0 fail
Ran 55 tests across 4 files. [27.25s]
$ bun tools/wiki.ts build player
QST-007: missing source heading
QST-008: missing source heading
QST-008: missing source heading
error: script "docs:build:player" exited with code 1
error: script "docs:build" exited with code 1
