$ bun test tools/tests/district-map.test.ts tools/tests/road-width.test.ts tools/tests/station-square.test.ts tools/tests/terrain-shape.test.ts
bun test v1.4.2 (744846f84)

tools/tests/district-map.test.ts:
(pass) map places and roads have valid shared references [3.20ms]
(pass) terrain colors follow ground elevation [0.17ms]
(pass) map overview fits extended terrain on wide and narrow screens [269.82ms]
(pass) mountain cross section uses sampled ground up to the stargazing summit [68.07ms]
(pass) mountain city keeps metre scale and usable graded route alternatives [7.27ms]
(pass) overview terrain retains source controls and excludes elevated connections [6717.32ms]
(pass) authored exterior sightlines clear intervening building volumes [2.77ms]
(pass) shopping stays local and public hillside routes remain connected [2.03ms]
(pass) orthographic projection preserves parallel edges and separates elevation from depth [0.36ms]
(pass) scene keeps platforms below volumes and geometry is finite [189.92ms]
(pass) expanded plan counts destinations separately and keeps parcel attachments valid [9.63ms]
(pass) sections follow connected routes and distinguish a lift from a slope [19.82ms]
(pass) section labels name shared nodes without duplicating their displayed elevation [0.25ms]
(pass) geometry handles concave boundaries, shared walls, road width and local elevation [1.42ms]
(pass) tree positions stay outside building footprints [8.98ms]
(pass) all streets clear building volumes at their actual widths and elevations [489.62ms]
(pass) district ground-road crossings share a junction and its elevation [400.83ms]
(pass) city framework records every building and reaches its same-level facade entrances [19.43ms]
(pass) city stairs retain short flights, level rests and full-size treads [1.56ms]
(pass) ordinary streets keep their design grade and deliveries avoid stair-only approaches [2.72ms]
(pass) public streets stay outside same-level resident and service courts [7.58ms]
(pass) building volumes share boundaries without occupying the same space [39.81ms]
(pass) detailed places connect street access to separate public and service entrances [21.25ms]
(pass) cinema roof and exterior platform have distinct footprints and supported paths [2.29ms]
(pass) lifestyle routes visit arrival doors or their connected standing landings in order [6.66ms]
(pass) cinema arrival stands clear of the closed door while retaining its original road footprint [0.46ms]
(pass) housing estimates use residential floor area rather than the volume count [0.34ms]
(pass) architectural segments reference complete buildings and derive type counts from the same data [1.57ms]
(pass) representative buildings have consistent floors, room areas and facade entrances [86.48ms]
(pass) public, residents, students and service users have separate access rights [17.56ms]
(pass) shop supply starts on the city road and changes to a level trolley route at unloading [0.74ms]
(pass) interest equipment deliveries reach a level backstage route from a gentle city-road approach [1.15ms]
(pass) drawn room openings join actual walls and each occupied room has an access [1.22ms]
(pass) station mixed-use and interest samples connect customer and backstage rooms through their own entrances [0.70ms]
(pass) shared stairs and separate apartments connect through shared circulation [1.51ms]

tools/tests/terrain-shape.test.ts:
(pass) second short-ascent leg meets terrain across stair and landing edges [2703.91ms]
(pass) descent eye-level slope uses local terrain detail instead of a 60m face [2936.81ms]
(pass) descent bank changes grade gradually and adjoining upper stairs retain support [17.03ms]
(pass) terrain bake preserves authored geometry and repeats without drift [5608.27ms]
(pass) terrain noise protects complete road segments and footprints [5950.00ms]
(pass) terrain bake rejects invalid metadata and unsupported source formatting [79.39ms]
(pass) third short-ascent terrace clears terrain toward city landmarks [684.82ms]
(pass) forest-edge hollow has broad concavity while the adjacent short route keeps its grade [32.79ms]
(pass) local forest road support leaves the existing terrain envelope outside the hollow unchanged [2867.50ms]

tools/tests/road-width.test.ts:
(pass) shared endpoints do not hide width conflicts and truly level junctions pass [1.90ms]
(pass) a selected route is checked against other roads without absorbing unrelated conflicts [0.83ms]
(pass) upper-street and foothill junctions join at road width with usable stair treads [1647.59ms]
(pass) campus stairs and market entrances meet the full road width at their own levels [581.90ms]
(pass) music street junctions clear their neighbors and equipment reaches the level unloading route [623.06ms]
(pass) upper homes stairs and greenhouse approaches retain level junctions and usable flights [615.52ms]
(pass) station and music approaches plus the long ascent join at width without sharpening slopes or steps [1632.22ms]
(pass) foothill housing and west plateau approaches clear streets, stairs and resident side paths [2583.11ms]
(pass) east terraces clear neighboring road ribbons and retain usable exterior approaches [656.42ms]
(pass) west old housing clear neighboring road ribbons and retain usable exterior approaches [565.85ms]
(pass) food street bypasses shop footprints and waterfront stairs descend beside the waiting court [606.94ms]
(pass) all ground-road junctions clear neighboring ribbons while retaining usable exterior approaches [700.43ms]
(pass) platform checks keep concave cutouts and actual stair treads while excluding explicitly elevated surfaces [0.80ms]
(pass) ground platforms meet adjacent road ribbons and stair treads at their own level [63.04ms]
(pass) cinema forecourt joins existing level entrances and keeps green islands inside its parcel [5.41ms]
(pass) cinema forecourt excludes actual sloped road widths rather than relying on the coarse step threshold [50.80ms]
(pass) cinema service court supports the original loading route without changing its access or filling the doorway [13.44ms]
(pass) cinema roof deck retains four metres of supported width from its lift to the upper-street connection [2.48ms]
(pass) cinema roof paving joins the public seat and preserves the unfilled planting area [10.58ms]

tools/tests/station-square.test.ts:
(pass) station meeting court retains usable space with a level public arrival clear of sloping roads [602.69ms]

 64 pass
 0 fail
Ran 64 tests across 4 files. [40.44s]
