$ bun run check:map && bun run docs:build:player && bun run docs:build:dev
$ bun test tools/tests/district-map.test.ts tools/tests/road-width.test.ts tools/tests/station-square.test.ts tools/tests/terrain-shape.test.ts
bun test v1.4.2 (744846f84)

tools/tests/district-map.test.ts:
(pass) map places and roads have valid shared references [2.54ms]
(pass) terrain colors follow ground elevation [0.89ms]
(pass) map overview fits extended terrain on wide and narrow screens [208.45ms]
(pass) mountain cross section uses sampled ground up to the stargazing summit [49.79ms]
(pass) mountain city keeps metre scale and usable graded route alternatives [5.44ms]
(pass) overview terrain retains source controls and excludes elevated connections [4297.32ms]
(pass) authored exterior sightlines clear intervening building volumes [3.53ms]
(pass) shopping stays local and public hillside routes remain connected [2.58ms]
(pass) orthographic projection preserves parallel edges and separates elevation from depth [0.52ms]
(pass) scene keeps platforms below volumes and geometry is finite [209.32ms]
(pass) expanded plan counts destinations separately and keeps parcel attachments valid [13.40ms]
(pass) sections follow connected routes and distinguish a lift from a slope [21.94ms]
(pass) geometry handles concave boundaries, shared walls, road width and local elevation [1.61ms]
(pass) tree positions stay outside building footprints [8.62ms]
(pass) all streets clear building volumes at their actual widths and elevations [664.82ms]
(pass) district ground-road crossings share a junction and its elevation [556.01ms]
(pass) city framework records every building and reaches its same-level facade entrances [24.23ms]
(pass) city stairs retain short flights, level rests and full-size treads [1.70ms]
(pass) ordinary streets keep their design grade and deliveries avoid stair-only approaches [3.31ms]
(pass) public streets stay outside same-level resident and service courts [8.19ms]
(pass) building volumes share boundaries without occupying the same space [40.49ms]
(pass) detailed places connect street access to separate public and service entrances [23.26ms]
(pass) cinema roof and exterior platform have distinct footprints and supported paths [3.81ms]
(pass) lifestyle routes visit actual arrival endpoints in the stated order [8.38ms]
(pass) housing estimates use residential floor area rather than the volume count [0.62ms]
(pass) architectural segments reference complete buildings and derive type counts from the same data [1.43ms]
(pass) representative buildings have consistent floors, room areas and facade entrances [96.15ms]
(pass) public, residents, students and service users have separate access rights [17.14ms]
(pass) shop supply starts on the city road and changes to a level trolley route at unloading [0.86ms]
(pass) interest equipment deliveries reach a level backstage route from a gentle city-road approach [1.16ms]
(pass) drawn room openings join actual walls and each occupied room has an access [1.20ms]
(pass) station mixed-use and interest samples connect customer and backstage rooms through their own entrances [0.55ms]
(pass) shared stairs and separate apartments connect through shared circulation [1.54ms]

tools/tests/terrain-shape.test.ts:
(pass) terrain bake preserves authored geometry and repeats without drift [7512.90ms]
(pass) terrain noise protects complete road segments and footprints [8473.36ms]
(pass) terrain bake rejects invalid metadata and unsupported source formatting [115.23ms]
(pass) third short-ascent terrace clears terrain toward city landmarks [432.35ms]

tools/tests/road-width.test.ts:
(pass) shared endpoints do not hide width conflicts and truly level junctions pass [1.64ms]
(pass) a selected route is checked against other roads without absorbing unrelated conflicts [0.75ms]
(pass) upper-street and foothill junctions join at road width with usable stair treads [1450.05ms]
(pass) campus stairs and market entrances meet the full road width at their own levels [565.77ms]
(pass) music street junctions clear their neighbors and equipment reaches the level unloading route [791.59ms]
(pass) upper homes stairs and greenhouse approaches retain level junctions and usable flights [811.84ms]
(pass) station and music approaches plus the long ascent join at width without sharpening slopes or steps [2772.01ms]
(pass) foothill housing and west plateau approaches clear streets, stairs and resident side paths [2581.52ms]
(pass) east terraces clear neighboring road ribbons and retain usable exterior approaches [697.78ms]
(pass) west old housing clear neighboring road ribbons and retain usable exterior approaches [745.59ms]
(pass) food street bypasses shop footprints and waterfront stairs descend beside the waiting court [477.42ms]
(pass) all ground-road junctions clear neighboring ribbons while retaining usable exterior approaches [625.38ms]
(pass) platform checks keep concave cutouts and actual stair treads while excluding explicitly elevated surfaces [30.22ms]
(pass) ground platforms meet adjacent road ribbons and stair treads at their own level [53.76ms]

tools/tests/station-square.test.ts:
(pass) station meeting court retains usable space with a level public arrival clear of sloping roads [533.98ms]

 52 pass
 0 fail
Ran 52 tests across 4 files. [37.53s]
$ bun tools/wiki.ts build player

  vitepress v1.6.4

- building client + server bundles...
[32m✓[0m building client + server bundles...
- rendering pages...
[32m✓[0m rendering pages...
build complete in 26.58s.
{"profile":"player","pages":95,"files":547,"result":"PASS"}
$ bun tools/wiki.ts build dev

  vitepress v1.6.4

- building client + server bundles...

(!) Some chunks are larger than 500 kB after minification. Consider:
- Using dynamic import() to code-split the application
- Use build.rollupOptions.output.manualChunks to improve chunking: https://rollupjs.org/configuration-options/#output-manualchunks
- Adjust chunk size limit for this warning via build.chunkSizeWarningLimit.
[32m✓[0m building client + server bundles...
- rendering pages...
[32m✓[0m rendering pages...
build complete in 7.02s.
{"profile":"dev","pages":158,"files":791,"result":"PASS"}
