$ bun run check:map && bun run docs:build:player && bun run docs:build:dev
$ bun test tools/tests/district-map.test.ts tools/tests/road-width.test.ts tools/tests/station-square.test.ts tools/tests/terrain-shape.test.ts
bun test v1.4.2 (744846f84)

tools/tests/district-map.test.ts:
(pass) map places and roads have valid shared references [3.15ms]
(pass) terrain colors follow ground elevation [0.19ms]
(pass) map overview fits extended terrain on wide and narrow screens [210.75ms]
(pass) mountain cross section uses sampled ground up to the stargazing summit [56.92ms]
(pass) mountain city keeps metre scale and usable graded route alternatives [6.15ms]
(pass) overview terrain retains source controls and excludes elevated connections [6296.04ms]
(pass) authored exterior sightlines clear intervening building volumes [5.49ms]
(pass) shopping stays local and public hillside routes remain connected [4.82ms]
(pass) orthographic projection preserves parallel edges and separates elevation from depth [0.59ms]
(pass) scene keeps platforms below volumes and geometry is finite [291.61ms]
(pass) expanded plan counts destinations separately and keeps parcel attachments valid [14.72ms]
(pass) sections follow connected routes and distinguish a lift from a slope [25.19ms]
(pass) section labels name shared nodes without duplicating their displayed elevation [0.40ms]
(pass) geometry handles concave boundaries, shared walls, road width and local elevation [1.74ms]
(pass) tree positions stay outside building footprints [14.92ms]
(pass) all streets clear building volumes at their actual widths and elevations [951.19ms]
(pass) district ground-road crossings share a junction and its elevation [318.17ms]
(pass) city framework records every building and reaches its same-level facade entrances [16.63ms]
(pass) city stairs retain short flights, level rests and full-size treads [1.17ms]
(pass) ordinary streets keep their design grade and deliveries avoid stair-only approaches [2.00ms]
(pass) public streets stay outside same-level resident and service courts [5.05ms]
(pass) building volumes share boundaries without occupying the same space [32.50ms]
(pass) detailed places connect street access to separate public and service entrances [17.52ms]
(pass) cinema roof and exterior platform have distinct footprints and supported paths [1.94ms]
(pass) lifestyle routes visit actual arrival endpoints in the stated order [5.81ms]
(pass) housing estimates use residential floor area rather than the volume count [0.60ms]
(pass) architectural segments reference complete buildings and derive type counts from the same data [1.34ms]
(pass) representative buildings have consistent floors, room areas and facade entrances [69.12ms]
(pass) public, residents, students and service users have separate access rights [13.34ms]
(pass) shop supply starts on the city road and changes to a level trolley route at unloading [0.66ms]
(pass) interest equipment deliveries reach a level backstage route from a gentle city-road approach [0.90ms]
(pass) drawn room openings join actual walls and each occupied room has an access [0.87ms]
(pass) station mixed-use and interest samples connect customer and backstage rooms through their own entrances [0.50ms]
(pass) shared stairs and separate apartments connect through shared circulation [1.22ms]

tools/tests/terrain-shape.test.ts:
(pass) second short-ascent leg meets terrain across stair and landing edges [3488.33ms]
(pass) descent eye-level slope uses local terrain detail instead of a 60m face [7895.43ms]
(pass) descent bank changes grade gradually and adjoining upper stairs retain support [30.03ms]
(pass) terrain bake preserves authored geometry and repeats without drift [14034.45ms]
(pass) terrain noise protects complete road segments and footprints [4707.81ms]
(pass) terrain bake rejects invalid metadata and unsupported source formatting [61.41ms]
(pass) third short-ascent terrace clears terrain toward city landmarks [500.53ms]
(pass) forest-edge hollow has broad concavity while the adjacent short route keeps its grade [28.40ms]
(pass) local forest road support leaves the existing terrain envelope outside the hollow unchanged [2385.65ms]

tools/tests/road-width.test.ts:
(pass) shared endpoints do not hide width conflicts and truly level junctions pass [1.72ms]
(pass) a selected route is checked against other roads without absorbing unrelated conflicts [0.77ms]
(pass) upper-street and foothill junctions join at road width with usable stair treads [1533.86ms]
(pass) campus stairs and market entrances meet the full road width at their own levels [836.25ms]
(pass) music street junctions clear their neighbors and equipment reaches the level unloading route [1408.45ms]
(pass) upper homes stairs and greenhouse approaches retain level junctions and usable flights [1135.24ms]
(pass) station and music approaches plus the long ascent join at width without sharpening slopes or steps [1747.56ms]
(pass) foothill housing and west plateau approaches clear streets, stairs and resident side paths [2531.04ms]
(pass) east terraces clear neighboring road ribbons and retain usable exterior approaches [509.12ms]
(pass) west old housing clear neighboring road ribbons and retain usable exterior approaches [426.44ms]
(pass) food street bypasses shop footprints and waterfront stairs descend beside the waiting court [486.68ms]
(pass) all ground-road junctions clear neighboring ribbons while retaining usable exterior approaches [473.78ms]
(pass) platform checks keep concave cutouts and actual stair treads while excluding explicitly elevated surfaces [1.09ms]
(pass) ground platforms meet adjacent road ribbons and stair treads at their own level [50.24ms]

tools/tests/station-square.test.ts:
(pass) station meeting court retains usable space with a level public arrival clear of sloping roads [510.18ms]

 58 pass
 0 fail
Ran 58 tests across 4 files. [53.33s]
$ bun tools/wiki.ts build player
failed to load config from /home/lzzz/MyProjects/N-SIDE/docs/.vitepress/cache/wiki/player/source/.vitepress/config.ts
build error:
The service was stopped
Error: The service was stopped
    at <anonymous> (/home/lzzz/MyProjects/N-SIDE/node_modules/esbuild/lib/main.js:968:38)
    at <anonymous> (/home/lzzz/MyProjects/N-SIDE/node_modules/esbuild/lib/main.js:622:9)
    at afterClose (/home/lzzz/MyProjects/N-SIDE/node_modules/esbuild/lib/main.js:613:25)
    at emit (node:events:97:22)
    at endReadableNT (internal:streams/readable:901:50)
    at processTicksAndRejections (native:7:39)
error: "vitepress" exited with code 1
VitePress build failed (1)
error: script "docs:build:player" exited with code 1
error: script "docs:build" exited with code 1
