$ bun run check:map && bun run docs:build:player && bun run docs:build:dev
$ bun test tools/tests/district-map.test.ts
bun test v1.4.2 (744846f84)

tools/tests/district-map.test.ts:
(pass) map places and roads have valid shared references [2.47ms]
(pass) terrain colors follow ground elevation [0.16ms]
(pass) map overview fits extended terrain on wide and narrow screens [192.74ms]
(pass) mountain cross section uses sampled ground up to the stargazing summit [46.37ms]
(pass) mountain city keeps metre scale and usable graded route alternatives [4.97ms]
(pass) overview terrain retains source controls and excludes elevated connections [4310.73ms]
(pass) authored exterior sightlines clear intervening building volumes [2.39ms]
(pass) shopping stays local and public hillside routes remain connected [1.97ms]
(pass) orthographic projection preserves parallel edges and separates elevation from depth [0.44ms]
(pass) scene keeps platforms below volumes and geometry is finite [192.02ms]
(pass) expanded plan counts destinations separately and keeps parcel attachments valid [7.58ms]
(pass) sections follow connected routes and distinguish a lift from a slope [14.57ms]
(pass) geometry handles concave boundaries, shared walls, road width and local elevation [1.21ms]
(pass) tree positions stay outside building footprints [8.13ms]
(pass) all streets clear building volumes at their actual widths and elevations [484.93ms]
(pass) district ground-road crossings share a junction and its elevation [443.79ms]
(pass) city framework records every building and reaches its same-level facade entrances [34.99ms]
(pass) city stairs retain short flights, level rests and full-size treads [3.97ms]
(pass) ordinary streets keep their design grade and deliveries avoid stair-only approaches [3.24ms]
(pass) public streets stay outside same-level resident and service courts [5.36ms]
(pass) building volumes share boundaries without occupying the same space [36.77ms]
(pass) detailed places connect street access to separate public and service entrances [21.47ms]
(pass) cinema roof and exterior platform have distinct footprints and supported paths [3.07ms]
(pass) lifestyle routes visit actual arrival endpoints in the stated order [4.26ms]
(pass) housing estimates use residential floor area rather than the volume count [0.33ms]
(pass) architectural segments reference complete buildings and derive type counts from the same data [1.48ms]
(pass) representative buildings have consistent floors, room areas and facade entrances [89.10ms]
(pass) public, residents, students and service users have separate access rights [23.98ms]
(pass) shop supply starts on the city road and changes to a level trolley route at unloading [4.00ms]
(pass) interest equipment deliveries reach a level backstage route from a gentle city-road approach [6.18ms]
(pass) drawn room openings join actual walls and each occupied room has an access [1.38ms]
(pass) station mixed-use and interest samples connect customer and backstage rooms through their own entrances [0.56ms]
(pass) shared stairs and separate apartments connect through shared circulation [3.68ms]

 33 pass
 0 fail
Ran 33 tests across 1 file. [6.00s]
$ bun tools/wiki.ts build player

  vitepress v1.6.4

- building client + server bundles...
[32m✓[0m building client + server bundles...
- rendering pages...
[32m✓[0m rendering pages...
build complete in 5.44s.
{"profile":"player","pages":95,"files":547,"result":"PASS"}
$ bun tools/wiki.ts build dev

  vitepress v1.6.4

- building client + server bundles...

(!) Some chunks are larger than 500 kB after minification. Consider:
- Using dynamic import() to code-split the application
- Use build.rollupOptions.output.manualChunks to improve chunking: https://rollupjs.org/configuration-options/#output-manualchunks
- Adjust chunk size limit for this warning via build.chunkSizeWarningLimit.
[32m✓[0m building client + server bundles...
- rendering pages...
[32m✓[0m rendering pages...
build complete in 5.37s.
{"profile":"dev","pages":157,"files":788,"result":"PASS"}
