bun test v1.4.2 (744846f84)

tools/tests/station-square.test.ts:
11 |   for(const road of data.roads.filter(r=>!r.building&&!['interior','lift','bridge','deck'].includes(r.kind))) {
12 |     const points=road.nodes.map(id=>data.nodes[id]),offsets=roadOffsets(points,road.width)
13 |     for(let i=1;i<points.length;i++) {
14 |       const [a,b]=points.slice(i-1,i+1),[u,v]=offsets.slice(i-1,i+1)
15 |       const ribbon=[[a[0]-u[0],a[1]-u[1]],[b[0]-v[0],b[1]-v[1]],[b[0]+v[0],b[1]+v[1]],[a[0]+u[0],a[1]+u[1]]]
16 |       if(intersectionArea(ribbon,court.polygon)>1e-6)assert.ok(a[2]===court.elevation&&b[2]===court.elevation,`${road.nodes.slice(i-1,i+1).join(' -> ')}: a sloping road must not run through the horizontal meeting court`)
                                                                 ^
AssertionError: station -> square: a sloping road must not run through the horizontal meeting court
 generatedMessage: false,
     actual: false,
   expected: true,
   operator: "==",
       diff: "simple",
       code: "ERR_ASSERTION"

      at /home/lzzz/MyProjects/N-SIDE/tools/tests/station-square.test.ts:16:61
      at run (node:async_hooks:144:29)
      at node:test:1445:26
      at executeTestNode (node:test:1448:45)
      at node:test:1591:20
(fail) station meeting court retains usable space with a level public arrival clear of sloping roads [2.93ms]

 0 pass
 1 fail
Ran 1 test across 1 file. [37.00ms]
