2026-09-29T16:43:51.397431Z  INFO bevy_diagnostic::system_information_diagnostics_plugin::internal: SystemInfo { os: "Linux (CachyOS Linux rolling)", kernel: "7.2.8-1-cachyos", cpu: "AMD Ryzen 7 5700X 8-Core Processor", core_count: "8", memory: "15.5 GiB" }
2026-09-29T16:43:51.410676Z  INFO bevy_render::renderer: AdapterInfo { name: "AMD Radeon RX 6650 XT (RADV NAVI23)", vendor: 4098, device: 29679, device_type: DiscreteGpu, device_pci_bus_id: "0000:2d:00.0", driver: "radv", driver_info: "Mesa 26.2.3-arch3.1", backend: Vulkan, subgroup_min_size: 32, subgroup_max_size: 64, transient_saves_memory: false }
2026-09-29T16:43:51.481509Z  INFO bevy_pbr::cluster: GPU clustering is supported on this device.
2026-09-29T16:43:51.481531Z  INFO bevy_render::batching::gpu_preprocessing: GPU preprocessing is fully supported on this device.
2026-09-29T16:43:51.482086Z  INFO n_side::app: [game/state] title
ICU4X data error: No segmentation model for complex script: Chinese/Japanese
ICU4X data error: No segmentation model for complex script: Chinese/Japanese
ICU4X data error: No segmentation model for complex script: Chinese/Japanese
ICU4X data error: No segmentation model for complex script: Chinese/Japanese
ICU4X data error: No segmentation model for complex script: Chinese/Japanese
ICU4X data error: No segmentation model for complex script: Chinese/Japanese
ICU4X data error: No segmentation model for complex script: Chinese/Japanese
2026-09-29T16:43:52.013246Z  INFO n_side::app: [game/state] loading
ICU4X data error: No segmentation model for complex script: Chinese/Japanese
ICU4X data error: No segmentation model for complex script: Chinese/Japanese
ICU4X data error: No segmentation model for complex script: Chinese/Japanese
ICU4X data error: No segmentation model for complex script: Chinese/Japanese
2026-09-29T16:44:01.236808Z  INFO n_side::app: [player/collision] triangles=574245 sources=3360
2026-09-29T16:44:01.283109Z  INFO n_side::world::scene: [world/ready] meshes=3367 model_instances=263 dependencies=35 failed=0 degraded=0 startup_seconds=0.042
ICU4X data error: No segmentation model for complex script: Chinese/Japanese
ICU4X data error: No segmentation model for complex script: Chinese/Japanese
ICU4X data error: No segmentation model for complex script: Chinese/Japanese
ICU4X data error: No segmentation model for complex script: Chinese/Japanese
ICU4X data error: No segmentation model for complex script: Chinese/Japanese
ICU4X data error: No segmentation model for complex script: Chinese/Japanese
ICU4X data error: No segmentation model for complex script: Chinese/Japanese
ICU4X data error: No segmentation model for complex script: Chinese/Japanese
ICU4X data error: No segmentation model for complex script: Chinese/Japanese
ICU4X data error: No segmentation model for complex script: Chinese/Japanese
ICU4X data error: No segmentation model for complex script: Chinese/Japanese
ICU4X data error: No segmentation model for complex script: Chinese/Japanese
ICU4X data error: No segmentation model for complex script: Chinese/Japanese
ICU4X data error: No segmentation model for complex script: Chinese/Japanese
ICU4X data error: No segmentation model for complex script: Chinese/Japanese
ICU4X data error: No segmentation model for complex script: Chinese/Japanese
ICU4X data error: No segmentation model for complex script: Chinese/Japanese
ICU4X data error: No segmentation model for complex script: Chinese/Japanese
ICU4X data error: No segmentation model for complex script: Chinese/Japanese
ICU4X data error: No segmentation model for complex script: Chinese/Japanese
ICU4X data error: No segmentation model for complex script: Chinese/Japanese
ICU4X data error: No segmentation model for complex script: Chinese/Japanese
ICU4X data error: No segmentation model for complex script: Chinese/Japanese
ICU4X data error: No segmentation model for complex script: Chinese/Japanese
ICU4X data error: No segmentation model for complex script: Chinese/Japanese
ICU4X data error: No segmentation model for complex script: Chinese/Japanese
ICU4X data error: No segmentation model for complex script: Chinese/Japanese
ICU4X data error: No segmentation model for complex script: Chinese/Japanese
ICU4X data error: No segmentation model for complex script: Chinese/Japanese
2026-09-29T16:44:05.334139Z  INFO n_side::story: [story/observe] quest=QST-001 place=04
ICU4X data error: No segmentation model for complex script: Chinese/Japanese
ICU4X data error: No segmentation model for complex script: Chinese/Japanese
ICU4X data error: No segmentation model for complex script: Chinese/Japanese
ICU4X data error: No segmentation model for complex script: Chinese/Japanese
ICU4X data error: No segmentation model for complex script: Chinese/Japanese
ICU4X data error: No segmentation model for complex script: Chinese/Japanese
ICU4X data error: No segmentation model for complex script: Chinese/Japanese
ICU4X data error: No segmentation model for complex script: Chinese/Japanese
ICU4X data error: No segmentation model for complex script: Chinese/Japanese
ICU4X data error: No segmentation model for complex script: Chinese/Japanese
ICU4X data error: No segmentation model for complex script: Chinese/Japanese
ICU4X data error: No segmentation model for complex script: Chinese/Japanese
ICU4X data error: No segmentation model for complex script: Chinese/Japanese
ICU4X data error: No segmentation model for complex script: Chinese/Japanese
ICU4X data error: No segmentation model for complex script: Chinese/Japanese
ICU4X data error: No segmentation model for complex script: Chinese/Japanese
ICU4X data error: No segmentation model for complex script: Chinese/Japanese
ICU4X data error: No segmentation model for complex script: Chinese/Japanese
ICU4X data error: No segmentation model for complex script: Chinese/Japanese
ICU4X data error: No segmentation model for complex script: Chinese/Japanese
ICU4X data error: No segmentation model for complex script: Chinese/Japanese
ICU4X data error: No segmentation model for complex script: Chinese/Japanese
ICU4X data error: No segmentation model for complex script: Chinese/Japanese
ICU4X data error: No segmentation model for complex script: Chinese/Japanese
ICU4X data error: No segmentation model for complex script: Chinese/Japanese
ICU4X data error: No segmentation model for complex script: Chinese/Japanese
ICU4X data error: No segmentation model for complex script: Chinese/Japanese
ICU4X data error: No segmentation model for complex script: Chinese/Japanese
ICU4X data error: No segmentation model for complex script: Chinese/Japanese
ICU4X data error: No segmentation model for complex script: Chinese/Japanese
ICU4X data error: No segmentation model for complex script: Chinese/Japanese
ICU4X data error: No segmentation model for complex script: Chinese/Japanese
ICU4X data error: No segmentation model for complex script: Chinese/Japanese
ICU4X data error: No segmentation model for complex script: Chinese/Japanese
ICU4X data error: No segmentation model for complex script: Chinese/Japanese
ICU4X data error: No segmentation model for complex script: Chinese/Japanese
ICU4X data error: No segmentation model for complex script: Chinese/Japanese
ICU4X data error: No segmentation model for complex script: Chinese/Japanese
ICU4X data error: No segmentation model for complex script: Chinese/Japanese
ICU4X data error: No segmentation model for complex script: Chinese/Japanese
ICU4X data error: No segmentation model for complex script: Chinese/Japanese
ICU4X data error: No segmentation model for complex script: Chinese/Japanese
ICU4X data error: No segmentation model for complex script: Chinese/Japanese
ICU4X data error: No segmentation model for complex script: Chinese/Japanese
ICU4X data error: No segmentation model for complex script: Chinese/Japanese
ICU4X data error: No segmentation model for complex script: Chinese/Japanese
ICU4X data error: No segmentation model for complex script: Chinese/Japanese
ICU4X data error: No segmentation model for complex script: Chinese/Japanese
ICU4X data error: No segmentation model for complex script: Chinese/Japanese
ICU4X data error: No segmentation model for complex script: Chinese/Japanese
ICU4X data error: No segmentation model for complex script: Chinese/Japanese
ICU4X data error: No segmentation model for complex script: Chinese/Japanese
ICU4X data error: No segmentation model for complex script: Chinese/Japanese
ICU4X data error: No segmentation model for complex script: Chinese/Japanese
ICU4X data error: No segmentation model for complex script: Chinese/Japanese
ICU4X data error: No segmentation model for complex script: Chinese/Japanese
ICU4X data error: No segmentation model for complex script: Chinese/Japanese
ICU4X data error: No segmentation model for complex script: Chinese/Japanese
ICU4X data error: No segmentation model for complex script: Chinese/Japanese
ICU4X data error: No segmentation model for complex script: Chinese/Japanese
ICU4X data error: No segmentation model for complex script: Chinese/Japanese
ICU4X data error: No segmentation model for complex script: Chinese/Japanese
ICU4X data error: No segmentation model for complex script: Chinese/Japanese
ICU4X data error: No segmentation model for complex script: Chinese/Japanese
ICU4X data error: No segmentation model for complex script: Chinese/Japanese
ICU4X data error: No segmentation model for complex script: Chinese/Japanese
ICU4X data error: No segmentation model for complex script: Chinese/Japanese
ICU4X data error: No segmentation model for complex script: Chinese/Japanese
ICU4X data error: No segmentation model for complex script: Chinese/Japanese
ICU4X data error: No segmentation model for complex script: Chinese/Japanese
ICU4X data error: No segmentation model for complex script: Chinese/Japanese
ICU4X data error: No segmentation model for complex script: Chinese/Japanese
ICU4X data error: No segmentation model for complex script: Chinese/Japanese
ICU4X data error: No segmentation model for complex script: Chinese/Japanese
ICU4X data error: No segmentation model for complex script: Chinese/Japanese
ICU4X data error: No segmentation model for complex script: Chinese/Japanese
ICU4X data error: No segmentation model for complex script: Chinese/Japanese
ICU4X data error: No segmentation model for complex script: Chinese/Japanese
ICU4X data error: No segmentation model for complex script: Chinese/Japanese
ICU4X data error: No segmentation model for complex script: Chinese/Japanese
ICU4X data error: No segmentation model for complex script: Chinese/Japanese
ICU4X data error: No segmentation model for complex script: Chinese/Japanese
ICU4X data error: No segmentation model for complex script: Chinese/Japanese
ICU4X data error: No segmentation model for complex script: Chinese/Japanese
ICU4X data error: No segmentation model for complex script: Chinese/Japanese
ICU4X data error: No segmentation model for complex script: Chinese/Japanese
ICU4X data error: No segmentation model for complex script: Chinese/Japanese
ICU4X data error: No segmentation model for complex script: Chinese/Japanese
2026-09-29T16:44:07.735653Z  INFO bevy_input::gamepad: Gamepad 359v0 disconnected.
ICU4X data error: No segmentation model for complex script: Chinese/Japanese
ICU4X data error: No segmentation model for complex script: Chinese/Japanese
ICU4X data error: No segmentation model for complex script: Chinese/Japanese
ICU4X data error: No segmentation model for complex script: Chinese/Japanese
ICU4X data error: No segmentation model for complex script: Chinese/Japanese
ICU4X data error: No segmentation model for complex script: Chinese/Japanese
ICU4X data error: No segmentation model for complex script: Chinese/Japanese
ICU4X data error: No segmentation model for complex script: Chinese/Japanese
ICU4X data error: No segmentation model for complex script: Chinese/Japanese
ICU4X data error: No segmentation model for complex script: Chinese/Japanese
ICU4X data error: No segmentation model for complex script: Chinese/Japanese
ICU4X data error: No segmentation model for complex script: Chinese/Japanese
ICU4X data error: No segmentation model for complex script: Chinese/Japanese
ICU4X data error: No segmentation model for complex script: Chinese/Japanese
ICU4X data error: No segmentation model for complex script: Chinese/Japanese
ICU4X data error: No segmentation model for complex script: Chinese/Japanese
ICU4X data error: No segmentation model for complex script: Chinese/Japanese
ICU4X data error: No segmentation model for complex script: Chinese/Japanese
ICU4X data error: No segmentation model for complex script: Chinese/Japanese
ICU4X data error: No segmentation model for complex script: Chinese/Japanese
ICU4X data error: No segmentation model for complex script: Chinese/Japanese
ICU4X data error: No segmentation model for complex script: Chinese/Japanese
ICU4X data error: No segmentation model for complex script: Chinese/Japanese
ICU4X data error: No segmentation model for complex script: Chinese/Japanese
ICU4X data error: No segmentation model for complex script: Chinese/Japanese
ICU4X data error: No segmentation model for complex script: Chinese/Japanese
ICU4X data error: No segmentation model for complex script: Chinese/Japanese
ICU4X data error: No segmentation model for complex script: Chinese/Japanese
ICU4X data error: No segmentation model for complex script: Chinese/Japanese
ICU4X data error: No segmentation model for complex script: Chinese/Japanese
ICU4X data error: No segmentation model for complex script: Chinese/Japanese
ICU4X data error: No segmentation model for complex script: Chinese/Japanese
ICU4X data error: No segmentation model for complex script: Chinese/Japanese
ICU4X data error: No segmentation model for complex script: Chinese/Japanese
ICU4X data error: No segmentation model for complex script: Chinese/Japanese
ICU4X data error: No segmentation model for complex script: Chinese/Japanese
ICU4X data error: No segmentation model for complex script: Chinese/Japanese
ICU4X data error: No segmentation model for complex script: Chinese/Japanese
ICU4X data error: No segmentation model for complex script: Chinese/Japanese
ICU4X data error: No segmentation model for complex script: Chinese/Japanese
ICU4X data error: No segmentation model for complex script: Chinese/Japanese
ICU4X data error: No segmentation model for complex script: Chinese/Japanese
ICU4X data error: No segmentation model for complex script: Chinese/Japanese
ICU4X data error: No segmentation model for complex script: Chinese/Japanese
ICU4X data error: No segmentation model for complex script: Chinese/Japanese
ICU4X data error: No segmentation model for complex script: Chinese/Japanese
ICU4X data error: No segmentation model for complex script: Chinese/Japanese
ICU4X data error: No segmentation model for complex script: Chinese/Japanese
ICU4X data error: No segmentation model for complex script: Chinese/Japanese
ICU4X data error: No segmentation model for complex script: Chinese/Japanese
ICU4X data error: No segmentation model for complex script: Chinese/Japanese
ICU4X data error: No segmentation model for complex script: Chinese/Japanese
ICU4X data error: No segmentation model for complex script: Chinese/Japanese
ICU4X data error: No segmentation model for complex script: Chinese/Japanese
ICU4X data error: No segmentation model for complex script: Chinese/Japanese
ICU4X data error: No segmentation model for complex script: Chinese/Japanese
ICU4X data error: No segmentation model for complex script: Chinese/Japanese
ICU4X data error: No segmentation model for complex script: Chinese/Japanese
ICU4X data error: No segmentation model for complex script: Chinese/Japanese
ICU4X data error: No segmentation model for complex script: Chinese/Japanese
ICU4X data error: No segmentation model for complex script: Chinese/Japanese
ICU4X data error: No segmentation model for complex script: Chinese/Japanese
ICU4X data error: No segmentation model for complex script: Chinese/Japanese
ICU4X data error: No segmentation model for complex script: Chinese/Japanese
ICU4X data error: No segmentation model for complex script: Chinese/Japanese
ICU4X data error: No segmentation model for complex script: Chinese/Japanese
ICU4X data error: No segmentation model for complex script: Chinese/Japanese
ICU4X data error: No segmentation model for complex script: Chinese/Japanese
2026-09-29T16:44:08.939654Z  INFO bevy_input::gamepad: Gamepad 359v0 connected.
ICU4X data error: No segmentation model for complex script: Chinese/Japanese
ICU4X data error: No segmentation model for complex script: Chinese/Japanese
ICU4X data error: No segmentation model for complex script: Chinese/Japanese
ICU4X data error: No segmentation model for complex script: Chinese/Japanese
ICU4X data error: No segmentation model for complex script: Chinese/Japanese
ICU4X data error: No segmentation model for complex script: Chinese/Japanese
ICU4X data error: No segmentation model for complex script: Chinese/Japanese
ICU4X data error: No segmentation model for complex script: Chinese/Japanese
ICU4X data error: No segmentation model for complex script: Chinese/Japanese
ICU4X data error: No segmentation model for complex script: Chinese/Japanese
ICU4X data error: No segmentation model for complex script: Chinese/Japanese
ICU4X data error: No segmentation model for complex script: Chinese/Japanese
ICU4X data error: No segmentation model for complex script: Chinese/Japanese
ICU4X data error: No segmentation model for complex script: Chinese/Japanese
ICU4X data error: No segmentation model for complex script: Chinese/Japanese
ICU4X data error: No segmentation model for complex script: Chinese/Japanese
ICU4X data error: No segmentation model for complex script: Chinese/Japanese
ICU4X data error: No segmentation model for complex script: Chinese/Japanese
ICU4X data error: No segmentation model for complex script: Chinese/Japanese
ICU4X data error: No segmentation model for complex script: Chinese/Japanese
ICU4X data error: No segmentation model for complex script: Chinese/Japanese
ICU4X data error: No segmentation model for complex script: Chinese/Japanese
ICU4X data error: No segmentation model for complex script: Chinese/Japanese
ICU4X data error: No segmentation model for complex script: Chinese/Japanese
ICU4X data error: No segmentation model for complex script: Chinese/Japanese
ICU4X data error: No segmentation model for complex script: Chinese/Japanese
ICU4X data error: No segmentation model for complex script: Chinese/Japanese
ICU4X data error: No segmentation model for complex script: Chinese/Japanese
ICU4X data error: No segmentation model for complex script: Chinese/Japanese
ICU4X data error: No segmentation model for complex script: Chinese/Japanese
ICU4X data error: No segmentation model for complex script: Chinese/Japanese
ICU4X data error: No segmentation model for complex script: Chinese/Japanese
ICU4X data error: No segmentation model for complex script: Chinese/Japanese
ICU4X data error: No segmentation model for complex script: Chinese/Japanese
ICU4X data error: No segmentation model for complex script: Chinese/Japanese
ICU4X data error: No segmentation model for complex script: Chinese/Japanese
ICU4X data error: No segmentation model for complex script: Chinese/Japanese
ICU4X data error: No segmentation model for complex script: Chinese/Japanese
ICU4X data error: No segmentation model for complex script: Chinese/Japanese
ICU4X data error: No segmentation model for complex script: Chinese/Japanese
ICU4X data error: No segmentation model for complex script: Chinese/Japanese
ICU4X data error: No segmentation model for complex script: Chinese/Japanese
ICU4X data error: No segmentation model for complex script: Chinese/Japanese
ICU4X data error: No segmentation model for complex script: Chinese/Japanese
ICU4X data error: No segmentation model for complex script: Chinese/Japanese
ICU4X data error: No segmentation model for complex script: Chinese/Japanese
ICU4X data error: No segmentation model for complex script: Chinese/Japanese
ICU4X data error: No segmentation model for complex script: Chinese/Japanese
ICU4X data error: No segmentation model for complex script: Chinese/Japanese
ICU4X data error: No segmentation model for complex script: Chinese/Japanese
ICU4X data error: No segmentation model for complex script: Chinese/Japanese
ICU4X data error: No segmentation model for complex script: Chinese/Japanese
ICU4X data error: No segmentation model for complex script: Chinese/Japanese
ICU4X data error: No segmentation model for complex script: Chinese/Japanese
ICU4X data error: No segmentation model for complex script: Chinese/Japanese
ICU4X data error: No segmentation model for complex script: Chinese/Japanese
ICU4X data error: No segmentation model for complex script: Chinese/Japanese
ICU4X data error: No segmentation model for complex script: Chinese/Japanese
ICU4X data error: No segmentation model for complex script: Chinese/Japanese
ICU4X data error: No segmentation model for complex script: Chinese/Japanese
ICU4X data error: No segmentation model for complex script: Chinese/Japanese
ICU4X data error: No segmentation model for complex script: Chinese/Japanese
ICU4X data error: No segmentation model for complex script: Chinese/Japanese
ICU4X data error: No segmentation model for complex script: Chinese/Japanese
ICU4X data error: No segmentation model for complex script: Chinese/Japanese
ICU4X data error: No segmentation model for complex script: Chinese/Japanese
ICU4X data error: No segmentation model for complex script: Chinese/Japanese
ICU4X data error: No segmentation model for complex script: Chinese/Japanese
ICU4X data error: No segmentation model for complex script: Chinese/Japanese
ICU4X data error: No segmentation model for complex script: Chinese/Japanese
ICU4X data error: No segmentation model for complex script: Chinese/Japanese
ICU4X data error: No segmentation model for complex script: Chinese/Japanese
ICU4X data error: No segmentation model for complex script: Chinese/Japanese
ICU4X data error: No segmentation model for complex script: Chinese/Japanese
ICU4X data error: No segmentation model for complex script: Chinese/Japanese
ICU4X data error: No segmentation model for complex script: Chinese/Japanese
ICU4X data error: No segmentation model for complex script: Chinese/Japanese
ICU4X data error: No segmentation model for complex script: Chinese/Japanese
ICU4X data error: No segmentation model for complex script: Chinese/Japanese
ICU4X data error: No segmentation model for complex script: Chinese/Japanese
ICU4X data error: No segmentation model for complex script: Chinese/Japanese
ICU4X data error: No segmentation model for complex script: Chinese/Japanese
ICU4X data error: No segmentation model for complex script: Chinese/Japanese
ICU4X data error: No segmentation model for complex script: Chinese/Japanese
ICU4X data error: No segmentation model for complex script: Chinese/Japanese
ICU4X data error: No segmentation model for complex script: Chinese/Japanese
ICU4X data error: No segmentation model for complex script: Chinese/Japanese
ICU4X data error: No segmentation model for complex script: Chinese/Japanese
ICU4X data error: No segmentation model for complex script: Chinese/Japanese
ICU4X data error: No segmentation model for complex script: Chinese/Japanese
ICU4X data error: No segmentation model for complex script: Chinese/Japanese
ICU4X data error: No segmentation model for complex script: Chinese/Japanese
ICU4X data error: No segmentation model for complex script: Chinese/Japanese
ICU4X data error: No segmentation model for complex script: Chinese/Japanese
ICU4X data error: No segmentation model for complex script: Chinese/Japanese
2026-09-29T16:44:10.545301Z  INFO n_side::app: [game/state] title
ICU4X data error: No segmentation model for complex script: Chinese/Japanese
ICU4X data error: No segmentation model for complex script: Chinese/Japanese
ICU4X data error: No segmentation model for complex script: Chinese/Japanese
ICU4X data error: No segmentation model for complex script: Chinese/Japanese
ICU4X data error: No segmentation model for complex script: Chinese/Japanese
ICU4X data error: No segmentation model for complex script: Chinese/Japanese
ICU4X data error: No segmentation model for complex script: Chinese/Japanese
ICU4X data error: No segmentation model for complex script: Chinese/Japanese
ICU4X data error: No segmentation model for complex script: Chinese/Japanese
ICU4X data error: No segmentation model for complex script: Chinese/Japanese
ICU4X data error: No segmentation model for complex script: Chinese/Japanese
ICU4X data error: No segmentation model for complex script: Chinese/Japanese
ICU4X data error: No segmentation model for complex script: Chinese/Japanese
ICU4X data error: No segmentation model for complex script: Chinese/Japanese
ICU4X data error: No segmentation model for complex script: Chinese/Japanese
ICU4X data error: No segmentation model for complex script: Chinese/Japanese
ICU4X data error: No segmentation model for complex script: Chinese/Japanese
ICU4X data error: No segmentation model for complex script: Chinese/Japanese
2026-09-29T16:44:10.803694Z  INFO n_side::app: [game/state] loading
ICU4X data error: No segmentation model for complex script: Chinese/Japanese
ICU4X data error: No segmentation model for complex script: Chinese/Japanese
ICU4X data error: No segmentation model for complex script: Chinese/Japanese
ICU4X data error: No segmentation model for complex script: Chinese/Japanese
2026-09-29T16:44:20.004552Z  INFO n_side::app: [player/collision] triangles=574245 sources=3360
ICU4X data error: No segmentation model for complex script: Chinese/Japanese
ICU4X data error: No segmentation model for complex script: Chinese/Japanese
ICU4X data error: No segmentation model for complex script: Chinese/Japanese
ICU4X data error: No segmentation model for complex script: Chinese/Japanese
ICU4X data error: No segmentation model for complex script: Chinese/Japanese
ICU4X data error: No segmentation model for complex script: Chinese/Japanese
ICU4X data error: No segmentation model for complex script: Chinese/Japanese
ICU4X data error: No segmentation model for complex script: Chinese/Japanese
ICU4X data error: No segmentation model for complex script: Chinese/Japanese
ICU4X data error: No segmentation model for complex script: Chinese/Japanese
ICU4X data error: No segmentation model for complex script: Chinese/Japanese
ICU4X data error: No segmentation model for complex script: Chinese/Japanese
ICU4X data error: No segmentation model for complex script: Chinese/Japanese
2026-09-29T16:44:20.055334Z  INFO n_side::world::scene: [world/ready] meshes=3367 model_instances=263 dependencies=35 failed=0 degraded=0 startup_seconds=0.047
ICU4X data error: No segmentation model for complex script: Chinese/Japanese
ICU4X data error: No segmentation model for complex script: Chinese/Japanese
ICU4X data error: No segmentation model for complex script: Chinese/Japanese
ICU4X data error: No segmentation model for complex script: Chinese/Japanese
ICU4X data error: No segmentation model for complex script: Chinese/Japanese
ICU4X data error: No segmentation model for complex script: Chinese/Japanese
ICU4X data error: No segmentation model for complex script: Chinese/Japanese
ICU4X data error: No segmentation model for complex script: Chinese/Japanese
ICU4X data error: No segmentation model for complex script: Chinese/Japanese
ICU4X data error: No segmentation model for complex script: Chinese/Japanese
ICU4X data error: No segmentation model for complex script: Chinese/Japanese
ICU4X data error: No segmentation model for complex script: Chinese/Japanese
ICU4X data error: No segmentation model for complex script: Chinese/Japanese
ICU4X data error: No segmentation model for complex script: Chinese/Japanese
ICU4X data error: No segmentation model for complex script: Chinese/Japanese
2026-09-29T16:44:22.708015Z  INFO n_side::capture: [capture/check] {"name":"required_assets_ready","passed":true}
2026-09-29T16:44:22.708023Z  INFO n_side::capture: [capture/check] {"expected":540,"name":"all_frames_saved","passed":true,"saved":540}
2026-09-29T16:44:22.708027Z  INFO n_side::capture: [capture/check] {"checked_frames":540,"name":"finite_transforms","passed":true}
2026-09-29T16:44:22.708030Z  INFO n_side::capture: [capture/check] {"distance":0.0,"enabled":false,"expected":{"camera_sensitivity":null,"configured_borderless":null,"configured_resolution":null,"display_pending":null,"enabled":null,"entry_device":null,"entry_focus":null,"from":59,"game_page":null,"gamepad_connected":null,"graphics":null,"graphics_page":null,"graphics_tab":null,"handoff":null,"inside_room":null,"max_distance":null,"max_player_camera_distance":null,"max_player_distance":null,"max_player_height":null,"max_player_jumps":null,"max_player_resets":null,"max_rotation":null,"max_ui_scroll":null,"max_world_entities":null,"min_distance":null,"min_player_camera_distance":null,"min_player_distance":null,"min_player_height":null,"min_player_jumps":null,"min_rotation":null,"min_ui_scroll":null,"min_world_entities":null,"name":"spawn is too far away to inspect the door","observation_open":false,"observation_selected":null,"observation_target":null,"observation_visible":false,"place_gamepad":null,"place_id":null,"place_known":null,"place_name":null,"place_room":null,"place_visible":null,"player_blocked":null,"player_grounded":null,"player_sprinting":null,"pointer_locked":null,"same_world_entities":null,"settings_open":null,"text_scale":null,"to":59,"ui_device":null,"ui_focus":null,"ui_page":null,"ui_record":null,"ui_reduced_motion":null,"ui_scale":null,"world_ready":null},"name":"spawn is too far away to inspect the door","passed":true,"peak_rotation_radians":0.0006905339541845024,"rotation_radians":0.0006905339541845024}
2026-09-29T16:44:22.708042Z  INFO n_side::capture: [capture/check] {"distance":0.0,"enabled":false,"expected":{"camera_sensitivity":null,"configured_borderless":null,"configured_resolution":null,"display_pending":null,"enabled":null,"entry_device":null,"entry_focus":null,"from":189,"game_page":null,"gamepad_connected":null,"graphics":null,"graphics_page":null,"graphics_tab":null,"handoff":null,"inside_room":null,"max_distance":null,"max_player_camera_distance":null,"max_player_distance":null,"max_player_height":null,"max_player_jumps":null,"max_player_resets":0,"max_rotation":null,"max_ui_scroll":null,"max_world_entities":null,"min_distance":null,"min_player_camera_distance":null,"min_player_distance":null,"min_player_height":null,"min_player_jumps":null,"min_rotation":null,"min_ui_scroll":null,"min_world_entities":null,"name":"walk to a visible public doorway","observation_open":null,"observation_selected":null,"observation_target":"04","observation_visible":null,"place_gamepad":null,"place_id":null,"place_known":null,"place_name":null,"place_room":null,"place_visible":null,"player_blocked":null,"player_grounded":null,"player_sprinting":null,"pointer_locked":null,"same_world_entities":null,"settings_open":null,"text_scale":null,"to":189,"ui_device":null,"ui_focus":null,"ui_page":null,"ui_record":null,"ui_reduced_motion":null,"ui_scale":null,"world_ready":null},"name":"walk to a visible public doorway","passed":true,"peak_rotation_radians":0.0,"rotation_radians":0.0}
2026-09-29T16:44:22.708054Z  INFO n_side::capture: [capture/check] {"distance":0.0,"enabled":false,"expected":{"camera_sensitivity":null,"configured_borderless":null,"configured_resolution":null,"display_pending":null,"enabled":null,"entry_device":null,"entry_focus":null,"from":190,"game_page":null,"gamepad_connected":null,"graphics":null,"graphics_page":null,"graphics_tab":null,"handoff":null,"inside_room":null,"max_distance":null,"max_player_camera_distance":null,"max_player_distance":0.0010000000474974513,"max_player_height":null,"max_player_jumps":null,"max_player_resets":0,"max_rotation":0.0010000000474974513,"max_ui_scroll":null,"max_world_entities":null,"min_distance":null,"min_player_camera_distance":null,"min_player_distance":null,"min_player_height":null,"min_player_jumps":null,"min_rotation":null,"min_ui_scroll":null,"min_world_entities":null,"name":"opening owns held movement and camera inputs","observation_open":true,"observation_selected":"04","observation_target":null,"observation_visible":true,"place_gamepad":null,"place_id":null,"place_known":null,"place_name":null,"place_room":null,"place_visible":null,"player_blocked":null,"player_grounded":null,"player_sprinting":null,"pointer_locked":null,"same_world_entities":null,"settings_open":null,"text_scale":null,"to":229,"ui_device":null,"ui_focus":null,"ui_page":null,"ui_record":null,"ui_reduced_motion":null,"ui_scale":null,"world_ready":null},"name":"opening owns held movement and camera inputs","passed":true,"peak_rotation_radians":0.0,"rotation_radians":0.0}
2026-09-29T16:44:22.708066Z  INFO n_side::capture: [capture/check] {"distance":0.0,"enabled":false,"expected":{"camera_sensitivity":null,"configured_borderless":null,"configured_resolution":null,"display_pending":null,"enabled":null,"entry_device":null,"entry_focus":null,"from":230,"game_page":"world","gamepad_connected":null,"graphics":null,"graphics_page":null,"graphics_tab":null,"handoff":null,"inside_room":null,"max_distance":null,"max_player_camera_distance":null,"max_player_distance":0.0010000000474974513,"max_player_height":null,"max_player_jumps":null,"max_player_resets":0,"max_rotation":null,"max_ui_scroll":null,"max_world_entities":null,"min_distance":null,"min_player_camera_distance":null,"min_player_distance":null,"min_player_height":null,"min_player_jumps":null,"min_rotation":null,"min_ui_scroll":null,"min_world_entities":null,"name":"closing does not pause or leak held movement","observation_open":false,"observation_selected":null,"observation_target":null,"observation_visible":false,"place_gamepad":null,"place_id":null,"place_known":null,"place_name":null,"place_room":null,"place_visible":null,"player_blocked":null,"player_grounded":null,"player_sprinting":null,"pointer_locked":null,"same_world_entities":null,"settings_open":null,"text_scale":null,"to":269,"ui_device":null,"ui_focus":null,"ui_page":null,"ui_record":null,"ui_reduced_motion":null,"ui_scale":null,"world_ready":null},"name":"closing does not pause or leak held movement","passed":true,"peak_rotation_radians":0.0,"rotation_radians":0.0}
2026-09-29T16:44:22.708077Z  INFO n_side::capture: [capture/check] {"distance":0.0,"enabled":false,"expected":{"camera_sensitivity":null,"configured_borderless":null,"configured_resolution":null,"display_pending":null,"enabled":null,"entry_device":null,"entry_focus":null,"from":289,"game_page":null,"gamepad_connected":null,"graphics":null,"graphics_page":null,"graphics_tab":null,"handoff":null,"inside_room":null,"max_distance":null,"max_player_camera_distance":null,"max_player_distance":null,"max_player_height":null,"max_player_jumps":null,"max_player_resets":null,"max_rotation":null,"max_ui_scroll":null,"max_world_entities":null,"min_distance":null,"min_player_camera_distance":null,"min_player_distance":null,"min_player_height":null,"min_player_jumps":null,"min_rotation":null,"min_ui_scroll":null,"min_world_entities":null,"name":"gamepad opens the same public information","observation_open":true,"observation_selected":"04","observation_target":null,"observation_visible":true,"place_gamepad":null,"place_id":null,"place_known":null,"place_name":null,"place_room":null,"place_visible":null,"player_blocked":null,"player_grounded":null,"player_sprinting":null,"pointer_locked":null,"same_world_entities":null,"settings_open":null,"text_scale":null,"to":289,"ui_device":null,"ui_focus":null,"ui_page":null,"ui_record":null,"ui_reduced_motion":null,"ui_scale":null,"world_ready":null},"name":"gamepad opens the same public information","passed":true,"peak_rotation_radians":0.0,"rotation_radians":0.0}
2026-09-29T16:44:22.708086Z  INFO n_side::capture: [capture/check] {"distance":0.0,"enabled":false,"expected":{"camera_sensitivity":null,"configured_borderless":null,"configured_resolution":null,"display_pending":null,"enabled":null,"entry_device":null,"entry_focus":null,"from":299,"game_page":"paused","gamepad_connected":null,"graphics":null,"graphics_page":null,"graphics_tab":null,"handoff":null,"inside_room":null,"max_distance":null,"max_player_camera_distance":null,"max_player_distance":null,"max_player_height":null,"max_player_jumps":null,"max_player_resets":null,"max_rotation":null,"max_ui_scroll":null,"max_world_entities":null,"min_distance":null,"min_player_camera_distance":null,"min_player_distance":null,"min_player_height":null,"min_player_jumps":null,"min_rotation":null,"min_ui_scroll":null,"min_world_entities":null,"name":"disconnect hides observation behind protective pause","observation_open":true,"observation_selected":null,"observation_target":null,"observation_visible":false,"place_gamepad":null,"place_id":null,"place_known":null,"place_name":null,"place_room":null,"place_visible":null,"player_blocked":null,"player_grounded":null,"player_sprinting":null,"pointer_locked":null,"same_world_entities":null,"settings_open":null,"text_scale":null,"to":299,"ui_device":null,"ui_focus":null,"ui_page":null,"ui_record":null,"ui_reduced_motion":null,"ui_scale":null,"world_ready":null},"name":"disconnect hides observation behind protective pause","passed":true,"peak_rotation_radians":0.0,"rotation_radians":0.0}
2026-09-29T16:44:22.708098Z  INFO n_side::capture: [capture/check] {"distance":0.0,"enabled":false,"expected":{"camera_sensitivity":null,"configured_borderless":null,"configured_resolution":null,"display_pending":null,"enabled":null,"entry_device":null,"entry_focus":null,"from":319,"game_page":"world","gamepad_connected":null,"graphics":null,"graphics_page":null,"graphics_tab":null,"handoff":null,"inside_room":null,"max_distance":null,"max_player_camera_distance":null,"max_player_distance":null,"max_player_height":null,"max_player_jumps":null,"max_player_resets":null,"max_rotation":null,"max_ui_scroll":null,"max_world_entities":null,"min_distance":null,"min_player_camera_distance":null,"min_player_distance":null,"min_player_height":null,"min_player_jumps":null,"min_rotation":null,"min_ui_scroll":null,"min_world_entities":null,"name":"keyboard continuation restores the existing observation","observation_open":true,"observation_selected":"04","observation_target":null,"observation_visible":true,"place_gamepad":null,"place_id":null,"place_known":null,"place_name":null,"place_room":null,"place_visible":null,"player_blocked":null,"player_grounded":null,"player_sprinting":null,"pointer_locked":null,"same_world_entities":null,"settings_open":null,"text_scale":null,"to":319,"ui_device":null,"ui_focus":null,"ui_page":null,"ui_record":null,"ui_reduced_motion":null,"ui_scale":null,"world_ready":null},"name":"keyboard continuation restores the existing observation","passed":true,"peak_rotation_radians":0.0,"rotation_radians":0.0}
2026-09-29T16:44:22.708109Z  INFO n_side::capture: [capture/check] {"distance":0.0,"enabled":false,"expected":{"camera_sensitivity":null,"configured_borderless":null,"configured_resolution":null,"display_pending":null,"enabled":null,"entry_device":null,"entry_focus":null,"from":339,"game_page":"world","gamepad_connected":null,"graphics":null,"graphics_page":null,"graphics_tab":null,"handoff":null,"inside_room":null,"max_distance":null,"max_player_camera_distance":null,"max_player_distance":null,"max_player_height":null,"max_player_jumps":null,"max_player_resets":null,"max_rotation":null,"max_ui_scroll":null,"max_world_entities":null,"min_distance":null,"min_player_camera_distance":null,"min_player_distance":null,"min_player_height":null,"min_player_jumps":null,"min_rotation":null,"min_ui_scroll":null,"min_world_entities":null,"name":"keyboard closes observation","observation_open":false,"observation_selected":null,"observation_target":null,"observation_visible":null,"place_gamepad":null,"place_id":null,"place_known":null,"place_name":null,"place_room":null,"place_visible":null,"player_blocked":null,"player_grounded":null,"player_sprinting":null,"pointer_locked":null,"same_world_entities":null,"settings_open":null,"text_scale":null,"to":339,"ui_device":null,"ui_focus":null,"ui_page":null,"ui_record":null,"ui_reduced_motion":null,"ui_scale":null,"world_ready":null},"name":"keyboard closes observation","passed":true,"peak_rotation_radians":0.0,"rotation_radians":0.0}
2026-09-29T16:44:22.708118Z  INFO n_side::capture: [capture/check] {"distance":0.0,"enabled":false,"expected":{"camera_sensitivity":null,"configured_borderless":null,"configured_resolution":null,"display_pending":null,"enabled":null,"entry_device":null,"entry_focus":null,"from":359,"game_page":null,"gamepad_connected":null,"graphics":null,"graphics_page":null,"graphics_tab":null,"handoff":null,"inside_room":null,"max_distance":null,"max_player_camera_distance":null,"max_player_distance":null,"max_player_height":null,"max_player_jumps":null,"max_player_resets":null,"max_rotation":null,"max_ui_scroll":null,"max_world_entities":null,"min_distance":null,"min_player_camera_distance":null,"min_player_distance":null,"min_player_height":null,"min_player_jumps":null,"min_rotation":null,"min_ui_scroll":null,"min_world_entities":null,"name":"reconnected controller can inspect again","observation_open":true,"observation_selected":null,"observation_target":null,"observation_visible":true,"place_gamepad":null,"place_id":null,"place_known":null,"place_name":null,"place_room":null,"place_visible":null,"player_blocked":null,"player_grounded":null,"player_sprinting":null,"pointer_locked":null,"same_world_entities":null,"settings_open":null,"text_scale":null,"to":359,"ui_device":null,"ui_focus":null,"ui_page":null,"ui_record":null,"ui_reduced_motion":null,"ui_scale":null,"world_ready":null},"name":"reconnected controller can inspect again","passed":true,"peak_rotation_radians":0.0,"rotation_radians":0.0}
2026-09-29T16:44:22.708129Z  INFO n_side::capture: [capture/check] {"distance":0.0,"enabled":false,"expected":{"camera_sensitivity":null,"configured_borderless":null,"configured_resolution":null,"display_pending":null,"enabled":null,"entry_device":null,"entry_focus":null,"from":379,"game_page":"world","gamepad_connected":null,"graphics":null,"graphics_page":null,"graphics_tab":null,"handoff":null,"inside_room":null,"max_distance":null,"max_player_camera_distance":null,"max_player_distance":null,"max_player_height":null,"max_player_jumps":null,"max_player_resets":null,"max_rotation":null,"max_ui_scroll":null,"max_world_entities":null,"min_distance":null,"min_player_camera_distance":null,"min_player_distance":null,"min_player_height":null,"min_player_jumps":null,"min_rotation":null,"min_ui_scroll":null,"min_world_entities":null,"name":"controller back closes only the observation","observation_open":false,"observation_selected":null,"observation_target":null,"observation_visible":null,"place_gamepad":null,"place_id":null,"place_known":null,"place_name":null,"place_room":null,"place_visible":null,"player_blocked":null,"player_grounded":null,"player_sprinting":null,"pointer_locked":null,"same_world_entities":null,"settings_open":null,"text_scale":null,"to":379,"ui_device":null,"ui_focus":null,"ui_page":null,"ui_record":null,"ui_reduced_motion":null,"ui_scale":null,"world_ready":null},"name":"controller back closes only the observation","passed":true,"peak_rotation_radians":0.0,"rotation_radians":0.0}
2026-09-29T16:44:22.708140Z  INFO n_side::capture: [capture/check] {"distance":0.0,"enabled":false,"expected":{"camera_sensitivity":null,"configured_borderless":null,"configured_resolution":null,"display_pending":null,"enabled":null,"entry_device":null,"entry_focus":null,"from":419,"game_page":"title","gamepad_connected":null,"graphics":null,"graphics_page":null,"graphics_tab":null,"handoff":null,"inside_room":null,"max_distance":null,"max_player_camera_distance":null,"max_player_distance":null,"max_player_height":null,"max_player_jumps":null,"max_player_resets":null,"max_rotation":null,"max_ui_scroll":null,"max_world_entities":0,"min_distance":null,"min_player_camera_distance":null,"min_player_distance":null,"min_player_height":null,"min_player_jumps":null,"min_rotation":null,"min_ui_scroll":null,"min_world_entities":null,"name":"returning to title closes observation and clears world","observation_open":false,"observation_selected":null,"observation_target":null,"observation_visible":false,"place_gamepad":null,"place_id":null,"place_known":null,"place_name":null,"place_room":null,"place_visible":null,"player_blocked":null,"player_grounded":null,"player_sprinting":null,"pointer_locked":null,"same_world_entities":null,"settings_open":null,"text_scale":null,"to":419,"ui_device":null,"ui_focus":null,"ui_page":null,"ui_record":null,"ui_reduced_motion":null,"ui_scale":null,"world_ready":null},"name":"returning to title closes observation and clears world","passed":true,"peak_rotation_radians":0.0,"rotation_radians":0.0}
2026-09-29T16:44:22.708151Z  INFO n_side::capture: [capture/check] {"distance":0.0,"enabled":false,"expected":{"camera_sensitivity":null,"configured_borderless":null,"configured_resolution":null,"display_pending":null,"enabled":null,"entry_device":null,"entry_focus":null,"from":459,"game_page":"world","gamepad_connected":null,"graphics":null,"graphics_page":null,"graphics_tab":null,"handoff":null,"inside_room":null,"max_distance":null,"max_player_camera_distance":null,"max_player_distance":null,"max_player_height":null,"max_player_jumps":null,"max_player_resets":0,"max_rotation":null,"max_ui_scroll":null,"max_world_entities":null,"min_distance":null,"min_player_camera_distance":null,"min_player_distance":null,"min_player_height":null,"min_player_jumps":null,"min_rotation":null,"min_ui_scroll":null,"min_world_entities":null,"name":"reentry does not keep an open observation","observation_open":false,"observation_selected":null,"observation_target":null,"observation_visible":false,"place_gamepad":null,"place_id":"04","place_known":null,"place_name":null,"place_room":null,"place_visible":null,"player_blocked":null,"player_grounded":null,"player_sprinting":null,"pointer_locked":null,"same_world_entities":null,"settings_open":null,"text_scale":null,"to":539,"ui_device":null,"ui_focus":null,"ui_page":null,"ui_record":null,"ui_reduced_motion":null,"ui_scale":null,"world_ready":null},"name":"reentry does not keep an open observation","passed":true,"peak_rotation_radians":0.0006905339541845024,"rotation_radians":0.0006905339541845024}
2026-09-29T16:44:22.708161Z  INFO n_side::capture: [capture/check] {"distance":0.0,"enabled":false,"expected":{"camera_sensitivity":null,"configured_borderless":null,"configured_resolution":null,"display_pending":null,"enabled":null,"entry_device":null,"entry_focus":null,"from":189,"game_page":null,"gamepad_connected":null,"graphics":null,"graphics_page":null,"graphics_tab":null,"handoff":null,"inside_room":null,"max_distance":0.0010000000474974513,"max_player_camera_distance":null,"max_player_distance":0.0010000000474974513,"max_player_height":null,"max_player_jumps":null,"max_player_resets":null,"max_rotation":0.0010000000474974513,"max_ui_scroll":null,"max_world_entities":null,"min_distance":null,"min_player_camera_distance":null,"min_player_distance":null,"min_player_height":null,"min_player_jumps":null,"min_rotation":null,"min_ui_scroll":null,"min_world_entities":null,"name":"opening frame does not leak movement or camera","observation_open":null,"observation_selected":null,"observation_target":null,"observation_visible":null,"place_gamepad":null,"place_id":null,"place_known":null,"place_name":null,"place_room":null,"place_visible":null,"player_blocked":null,"player_grounded":null,"player_sprinting":null,"pointer_locked":null,"same_world_entities":null,"settings_open":null,"text_scale":null,"to":229,"ui_device":null,"ui_focus":null,"ui_page":null,"ui_record":null,"ui_reduced_motion":null,"ui_scale":null,"world_ready":null},"name":"opening frame does not leak movement or camera","passed":true,"peak_rotation_radians":0.0,"rotation_radians":0.0}
2026-09-29T16:44:22.708171Z  INFO n_side::capture: [capture/check] {"distance":0.0,"enabled":false,"expected":{"camera_sensitivity":null,"configured_borderless":null,"configured_resolution":null,"display_pending":null,"enabled":null,"entry_device":null,"entry_focus":null,"from":229,"game_page":null,"gamepad_connected":null,"graphics":null,"graphics_page":null,"graphics_tab":null,"handoff":null,"inside_room":null,"max_distance":0.0010000000474974513,"max_player_camera_distance":null,"max_player_distance":0.0010000000474974513,"max_player_height":null,"max_player_jumps":null,"max_player_resets":null,"max_rotation":0.0010000000474974513,"max_ui_scroll":null,"max_world_entities":null,"min_distance":null,"min_player_camera_distance":null,"min_player_distance":null,"min_player_height":null,"min_player_jumps":null,"min_rotation":null,"min_ui_scroll":null,"min_world_entities":null,"name":"closing frame does not leak held movement","observation_open":null,"observation_selected":null,"observation_target":null,"observation_visible":null,"place_gamepad":null,"place_id":null,"place_known":null,"place_name":null,"place_room":null,"place_visible":null,"player_blocked":null,"player_grounded":null,"player_sprinting":null,"pointer_locked":null,"same_world_entities":null,"settings_open":null,"text_scale":null,"to":269,"ui_device":null,"ui_focus":null,"ui_page":null,"ui_record":null,"ui_reduced_motion":null,"ui_scale":null,"world_ready":null},"name":"closing frame does not leak held movement","passed":true,"peak_rotation_radians":0.0,"rotation_radians":0.0}
2026-09-29T16:44:22.708183Z  INFO n_side::capture: [capture/check] {"distance":0.0,"enabled":false,"expected":{"camera_sensitivity":null,"configured_borderless":null,"configured_resolution":null,"display_pending":null,"enabled":null,"entry_device":null,"entry_focus":null,"from":59,"game_page":null,"gamepad_connected":null,"graphics":null,"graphics_page":null,"graphics_tab":null,"handoff":{"confirmation_count":0,"observed_places":[],"rejected_choices":0,"stage":"observing"},"inside_room":null,"max_distance":null,"max_player_camera_distance":null,"max_player_distance":null,"max_player_height":null,"max_player_jumps":null,"max_player_resets":null,"max_rotation":null,"max_ui_scroll":null,"max_world_entities":null,"min_distance":null,"min_player_camera_distance":null,"min_player_distance":null,"min_player_height":null,"min_player_jumps":null,"min_rotation":null,"min_ui_scroll":null,"min_world_entities":null,"name":"handoff begins without acquired information","observation_open":null,"observation_selected":null,"observation_target":null,"observation_visible":null,"place_gamepad":null,"place_id":null,"place_known":null,"place_name":null,"place_room":null,"place_visible":null,"player_blocked":null,"player_grounded":null,"player_sprinting":null,"pointer_locked":null,"same_world_entities":null,"settings_open":null,"text_scale":null,"to":59,"ui_device":null,"ui_focus":null,"ui_page":null,"ui_record":null,"ui_reduced_motion":null,"ui_scale":null,"world_ready":null},"name":"handoff begins without acquired information","passed":true,"peak_rotation_radians":0.0006905339541845024,"rotation_radians":0.0006905339541845024}
2026-09-29T16:44:22.708193Z  INFO n_side::capture: [capture/check] {"distance":0.0,"enabled":false,"expected":{"camera_sensitivity":null,"configured_borderless":null,"configured_resolution":null,"display_pending":null,"enabled":null,"entry_device":null,"entry_focus":null,"from":199,"game_page":null,"gamepad_connected":null,"graphics":null,"graphics_page":null,"graphics_tab":null,"handoff":{"confirmation_count":0,"observed_places":["04"],"rejected_choices":0,"stage":"observing"},"inside_room":null,"max_distance":null,"max_player_camera_distance":null,"max_player_distance":null,"max_player_height":null,"max_player_jumps":null,"max_player_resets":null,"max_rotation":null,"max_ui_scroll":null,"max_world_entities":null,"min_distance":null,"min_player_camera_distance":null,"min_player_distance":null,"min_player_height":null,"min_player_jumps":null,"min_rotation":null,"min_ui_scroll":null,"min_world_entities":null,"name":"opening the real shop observation records only the shop","observation_open":null,"observation_selected":null,"observation_target":null,"observation_visible":null,"place_gamepad":null,"place_id":null,"place_known":null,"place_name":null,"place_room":null,"place_visible":null,"player_blocked":null,"player_grounded":null,"player_sprinting":null,"pointer_locked":null,"same_world_entities":null,"settings_open":null,"text_scale":null,"to":229,"ui_device":null,"ui_focus":null,"ui_page":null,"ui_record":null,"ui_reduced_motion":null,"ui_scale":null,"world_ready":null},"name":"opening the real shop observation records only the shop","passed":true,"peak_rotation_radians":0.0,"rotation_radians":0.0}
2026-09-29T16:44:22.708203Z  INFO n_side::capture: [capture/check] {"distance":0.0,"enabled":false,"expected":{"camera_sensitivity":null,"configured_borderless":null,"configured_resolution":null,"display_pending":null,"enabled":null,"entry_device":null,"entry_focus":null,"from":239,"game_page":null,"gamepad_connected":null,"graphics":null,"graphics_page":null,"graphics_tab":null,"handoff":{"confirmation_count":0,"observed_places":["04"],"rejected_choices":0,"stage":"observing"},"inside_room":null,"max_distance":null,"max_player_camera_distance":null,"max_player_distance":null,"max_player_height":null,"max_player_jumps":null,"max_player_resets":null,"max_rotation":null,"max_ui_scroll":null,"max_world_entities":null,"min_distance":null,"min_player_camera_distance":null,"min_player_distance":null,"min_player_height":null,"min_player_jumps":null,"min_rotation":null,"min_ui_scroll":null,"min_world_entities":null,"name":"pause close and repeated observation retain knowledge without confirming delivery","observation_open":null,"observation_selected":null,"observation_target":null,"observation_visible":null,"place_gamepad":null,"place_id":null,"place_known":null,"place_name":null,"place_room":null,"place_visible":null,"player_blocked":null,"player_grounded":null,"player_sprinting":null,"pointer_locked":null,"same_world_entities":null,"settings_open":null,"text_scale":null,"to":399,"ui_device":null,"ui_focus":null,"ui_page":null,"ui_record":null,"ui_reduced_motion":null,"ui_scale":null,"world_ready":null},"name":"pause close and repeated observation retain knowledge without confirming delivery","passed":true,"peak_rotation_radians":0.0,"rotation_radians":0.0}
2026-09-29T16:44:22.708216Z  INFO n_side::capture: [capture/check] {"distance":0.0,"enabled":false,"expected":{"camera_sensitivity":null,"configured_borderless":null,"configured_resolution":null,"display_pending":null,"enabled":null,"entry_device":null,"entry_focus":null,"from":419,"game_page":null,"gamepad_connected":null,"graphics":null,"graphics_page":null,"graphics_tab":null,"handoff":{"confirmation_count":0,"observed_places":[],"rejected_choices":0,"stage":"observing"},"inside_room":null,"max_distance":null,"max_player_camera_distance":null,"max_player_distance":null,"max_player_height":null,"max_player_jumps":null,"max_player_resets":null,"max_rotation":null,"max_ui_scroll":null,"max_world_entities":null,"min_distance":null,"min_player_camera_distance":null,"min_player_distance":null,"min_player_height":null,"min_player_jumps":null,"min_rotation":null,"min_ui_scroll":null,"min_world_entities":null,"name":"title explicitly restarts the session handoff","observation_open":null,"observation_selected":null,"observation_target":null,"observation_visible":null,"place_gamepad":null,"place_id":null,"place_known":null,"place_name":null,"place_room":null,"place_visible":null,"player_blocked":null,"player_grounded":null,"player_sprinting":null,"pointer_locked":null,"same_world_entities":null,"settings_open":null,"text_scale":null,"to":419,"ui_device":null,"ui_focus":null,"ui_page":null,"ui_record":null,"ui_reduced_motion":null,"ui_scale":null,"world_ready":null},"name":"title explicitly restarts the session handoff","passed":true,"peak_rotation_radians":0.0,"rotation_radians":0.0}
2026-09-29T16:44:22.708227Z  INFO n_side::capture: [capture/check] {"distance":0.0,"enabled":false,"expected":{"camera_sensitivity":null,"configured_borderless":null,"configured_resolution":null,"display_pending":null,"enabled":null,"entry_device":null,"entry_focus":null,"from":459,"game_page":null,"gamepad_connected":null,"graphics":null,"graphics_page":null,"graphics_tab":null,"handoff":{"confirmation_count":0,"observed_places":[],"rejected_choices":0,"stage":"observing"},"inside_room":null,"max_distance":null,"max_player_camera_distance":null,"max_player_distance":null,"max_player_height":null,"max_player_jumps":null,"max_player_resets":null,"max_rotation":null,"max_ui_scroll":null,"max_world_entities":null,"min_distance":null,"min_player_camera_distance":null,"min_player_distance":null,"min_player_height":null,"min_player_jumps":null,"min_rotation":null,"min_ui_scroll":null,"min_world_entities":null,"name":"reloaded street does not fabricate missing route observations","observation_open":null,"observation_selected":null,"observation_target":null,"observation_visible":null,"place_gamepad":null,"place_id":null,"place_known":null,"place_name":null,"place_room":null,"place_visible":null,"player_blocked":null,"player_grounded":null,"player_sprinting":null,"pointer_locked":null,"same_world_entities":null,"settings_open":null,"text_scale":null,"to":539,"ui_device":null,"ui_focus":null,"ui_page":null,"ui_record":null,"ui_reduced_motion":null,"ui_scale":null,"world_ready":null},"name":"reloaded street does not fabricate missing route observations","passed":true,"peak_rotation_radians":0.0006905339541845024,"rotation_radians":0.0006905339541845024}
2026-09-29T16:44:22.708240Z  INFO n_side::capture: [capture/finished] status=PASS saved=540 report=/home/lzzz/MyProjects/N-SIDE/output/capture/task050-handoff-r1/state.json
