Blender 4.5.14 LTS (hash 62c1db4208e8 built 2026-09-15 01:31:19)
Read blend: "/home/lzzz/MyProjects/N-SIDE/output/yao-jacket-r11/candidate.blend"
Fra:8 Mem:21.54M (Peak 22.06M) | Time:00:00.03 | Mem:0.00M, Peak:0.00M | Scene, ViewLayer | Synchronizing object | TShirt
Fra:8 Mem:21.70M (Peak 22.06M) | Time:00:00.03 | Mem:0.00M, Peak:0.00M | Scene, ViewLayer | Synchronizing object | TShirt_Collar
Fra:8 Mem:21.72M (Peak 22.06M) | Time:00:00.03 | Mem:0.00M, Peak:0.00M | Scene, ViewLayer | Synchronizing object | Hood
Fra:8 Mem:21.82M (Peak 22.06M) | Time:00:00.03 | Mem:0.00M, Peak:0.00M | Scene, ViewLayer | Synchronizing object | Sleeve_Cuff.L
Fra:8 Mem:21.83M (Peak 22.06M) | Time:00:00.03 | Mem:0.00M, Peak:0.00M | Scene, ViewLayer | Synchronizing object | Hood_Cord.L
Fra:8 Mem:21.87M (Peak 22.06M) | Time:00:00.04 | Mem:0.00M, Peak:0.00M | Scene, ViewLayer | Synchronizing object | Palm.L
Fra:8 Mem:21.92M (Peak 22.06M) | Time:00:00.04 | Mem:0.00M, Peak:0.00M | Scene, ViewLayer | Synchronizing object | Index_Mesh.L
Fra:8 Mem:21.93M (Peak 22.06M) | Time:00:00.04 | Mem:0.00M, Peak:0.00M | Scene, ViewLayer | Synchronizing object | Middle_Mesh.L
Fra:8 Mem:21.94M (Peak 22.06M) | Time:00:00.04 | Mem:0.00M, Peak:0.00M | Scene, ViewLayer | Synchronizing object | Ring_Mesh.L
Fra:8 Mem:21.95M (Peak 22.06M) | Time:00:00.04 | Mem:0.00M, Peak:0.00M | Scene, ViewLayer | Synchronizing object | Pinky_Mesh.L
Fra:8 Mem:21.95M (Peak 22.06M) | Time:00:00.04 | Mem:0.00M, Peak:0.00M | Scene, ViewLayer | Synchronizing object | Thumb_Mesh.L
Fra:8 Mem:22.13M (Peak 22.13M) | Time:00:00.08 | Mem:0.00M, Peak:0.00M | Scene, ViewLayer | Synchronizing object | Trousers.L
Fra:8 Mem:22.39M (Peak 22.39M) | Time:00:00.08 | Mem:0.00M, Peak:0.00M | Scene, ViewLayer | Synchronizing object | Sneaker_Sole.L
Fra:8 Mem:22.41M (Peak 22.41M) | Time:00:00.08 | Mem:0.00M, Peak:0.00M | Scene, ViewLayer | Synchronizing object | Sneaker_Upper.L
Fra:8 Mem:22.43M (Peak 22.43M) | Time:00:00.08 | Mem:0.00M, Peak:0.00M | Scene, ViewLayer | Synchronizing object | Sock.L
Fra:8 Mem:22.44M (Peak 22.44M) | Time:00:00.08 | Mem:0.00M, Peak:0.00M | Scene, ViewLayer | Synchronizing object | Lace_0.L
Fra:8 Mem:22.44M (Peak 22.44M) | Time:00:00.08 | Mem:0.00M, Peak:0.00M | Scene, ViewLayer | Synchronizing object | Lace_1.L
Fra:8 Mem:22.44M (Peak 22.44M) | Time:00:00.08 | Mem:0.00M, Peak:0.00M | Scene, ViewLayer | Synchronizing object | Lace_2.L
Fra:8 Mem:22.45M (Peak 22.45M) | Time:00:00.08 | Mem:0.00M, Peak:0.00M | Scene, ViewLayer | Synchronizing object | Lace_3.L
Fra:8 Mem:22.45M (Peak 22.45M) | Time:00:00.08 | Mem:0.00M, Peak:0.00M | Scene, ViewLayer | Synchronizing object | Heel_Tab.L
Fra:8 Mem:22.45M (Peak 22.45M) | Time:00:00.08 | Mem:0.00M, Peak:0.00M | Scene, ViewLayer | Synchronizing object | Sleeve_Cuff.R
Fra:8 Mem:22.46M (Peak 22.46M) | Time:00:00.08 | Mem:0.00M, Peak:0.00M | Scene, ViewLayer | Synchronizing object | Hood_Cord.R
Fra:8 Mem:22.50M (Peak 22.50M) | Time:00:00.09 | Mem:0.00M, Peak:0.00M | Scene, ViewLayer | Synchronizing object | Palm.R
Fra:8 Mem:22.55M (Peak 22.55M) | Time:00:00.09 | Mem:0.00M, Peak:0.00M | Scene, ViewLayer | Synchronizing object | Index_Mesh.R
Fra:8 Mem:22.56M (Peak 22.56M) | Time:00:00.09 | Mem:0.00M, Peak:0.00M | Scene, ViewLayer | Synchronizing object | Middle_Mesh.R
Fra:8 Mem:22.56M (Peak 22.56M) | Time:00:00.09 | Mem:0.00M, Peak:0.00M | Scene, ViewLayer | Synchronizing object | Ring_Mesh.R
Fra:8 Mem:22.60M (Peak 22.60M) | Time:00:00.09 | Mem:0.00M, Peak:0.00M | Scene, ViewLayer | Synchronizing object | Pinky_Mesh.R
Fra:8 Mem:22.58M (Peak 22.60M) | Time:00:00.09 | Mem:0.00M, Peak:0.00M | Scene, ViewLayer | Synchronizing object | Thumb_Mesh.R
Fra:8 Mem:22.76M (Peak 22.76M) | Time:00:00.12 | Mem:0.00M, Peak:0.00M | Scene, ViewLayer | Synchronizing object | Trousers.R
Fra:8 Mem:23.03M (Peak 23.03M) | Time:00:00.12 | Mem:0.00M, Peak:0.00M | Scene, ViewLayer | Synchronizing object | Sneaker_Sole.R
Fra:8 Mem:23.14M (Peak 23.14M) | Time:00:00.12 | Mem:0.00M, Peak:0.00M | Scene, ViewLayer | Synchronizing object | Sneaker_Upper.R
Fra:8 Mem:23.09M (Peak 23.14M) | Time:00:00.12 | Mem:0.00M, Peak:0.00M | Scene, ViewLayer | Synchronizing object | Sock.R
Fra:8 Mem:23.07M (Peak 23.14M) | Time:00:00.12 | Mem:0.00M, Peak:0.00M | Scene, ViewLayer | Synchronizing object | Lace_0.R
Fra:8 Mem:23.07M (Peak 23.14M) | Time:00:00.12 | Mem:0.00M, Peak:0.00M | Scene, ViewLayer | Synchronizing object | Lace_1.R
Fra:8 Mem:23.07M (Peak 23.14M) | Time:00:00.12 | Mem:0.00M, Peak:0.00M | Scene, ViewLayer | Synchronizing object | Lace_2.R
Fra:8 Mem:23.07M (Peak 23.14M) | Time:00:00.12 | Mem:0.00M, Peak:0.00M | Scene, ViewLayer | Synchronizing object | Lace_3.R
Fra:8 Mem:23.08M (Peak 23.14M) | Time:00:00.12 | Mem:0.00M, Peak:0.00M | Scene, ViewLayer | Synchronizing object | Heel_Tab.R
Fra:8 Mem:23.66M (Peak 23.66M) | Time:00:00.15 | Mem:0.00M, Peak:0.00M | Scene, ViewLayer | Synchronizing object | Jacket_ContinuousShoulders
Fra:8 Mem:24.88M (Peak 24.88M) | Time:00:00.55 | Mem:0.00M, Peak:0.00M | Scene, ViewLayer | Synchronizing object | Face_Head
Fra:8 Mem:25.55M (Peak 25.55M) | Time:00:00.56 | Mem:0.00M, Peak:0.00M | Scene, ViewLayer | Synchronizing object | Ear.L
Fra:8 Mem:25.61M (Peak 25.61M) | Time:00:00.56 | Mem:0.00M, Peak:0.00M | Scene, ViewLayer | Synchronizing object | Ear_Fold.L
Fra:8 Mem:25.65M (Peak 25.65M) | Time:00:00.57 | Mem:0.00M, Peak:0.00M | Scene, ViewLayer | Synchronizing object | Ear.R
Fra:8 Mem:25.71M (Peak 25.71M) | Time:00:00.57 | Mem:0.00M, Peak:0.00M | Scene, ViewLayer | Synchronizing object | Ear_Fold.R
Fra:8 Mem:25.72M (Peak 25.72M) | Time:00:00.57 | Mem:0.00M, Peak:0.00M | Scene, ViewLayer | Synchronizing object | Eye_White.L
Fra:8 Mem:25.73M (Peak 25.73M) | Time:00:00.57 | Mem:0.00M, Peak:0.00M | Scene, ViewLayer | Synchronizing object | Iris_hair.L
Fra:8 Mem:25.74M (Peak 25.74M) | Time:00:00.57 | Mem:0.00M, Peak:0.00M | Scene, ViewLayer | Synchronizing object | Iris_ink.L
Fra:8 Mem:25.75M (Peak 25.75M) | Time:00:00.57 | Mem:0.00M, Peak:0.00M | Scene, ViewLayer | Synchronizing object | Eye_Glint.L
Fra:8 Mem:25.76M (Peak 25.76M) | Time:00:00.57 | Mem:0.00M, Peak:0.00M | Scene, ViewLayer | Synchronizing object | Upper_Lid.L
Fra:8 Mem:25.77M (Peak 25.77M) | Time:00:00.57 | Mem:0.00M, Peak:0.00M | Scene, ViewLayer | Synchronizing object | Lower_Lid.L
Fra:8 Mem:25.78M (Peak 25.78M) | Time:00:00.57 | Mem:0.00M, Peak:0.00M | Scene, ViewLayer | Synchronizing object | Eyebrow.L
Fra:8 Mem:25.78M (Peak 25.78M) | Time:00:00.57 | Mem:0.00M, Peak:0.00M | Scene, ViewLayer | Synchronizing object | Eye_White.R
Fra:8 Mem:25.79M (Peak 25.79M) | Time:00:00.57 | Mem:0.00M, Peak:0.00M | Scene, ViewLayer | Synchronizing object | Iris_hair.R
Fra:8 Mem:25.80M (Peak 25.80M) | Time:00:00.57 | Mem:0.00M, Peak:0.00M | Scene, ViewLayer | Synchronizing object | Iris_ink.R
Fra:8 Mem:25.81M (Peak 25.81M) | Time:00:00.57 | Mem:0.00M, Peak:0.00M | Scene, ViewLayer | Synchronizing object | Eye_Glint.R
Fra:8 Mem:25.81M (Peak 25.81M) | Time:00:00.57 | Mem:0.00M, Peak:0.00M | Scene, ViewLayer | Synchronizing object | Upper_Lid.R
Fra:8 Mem:25.83M (Peak 25.83M) | Time:00:00.57 | Mem:0.00M, Peak:0.00M | Scene, ViewLayer | Synchronizing object | Lower_Lid.R
Fra:8 Mem:25.83M (Peak 25.83M) | Time:00:00.57 | Mem:0.00M, Peak:0.00M | Scene, ViewLayer | Synchronizing object | Eyebrow.R
Fra:8 Mem:25.84M (Peak 25.84M) | Time:00:00.57 | Mem:0.00M, Peak:0.00M | Scene, ViewLayer | Synchronizing object | Mouth
Fra:8 Mem:25.85M (Peak 25.85M) | Time:00:00.57 | Mem:0.00M, Peak:0.00M | Scene, ViewLayer | Synchronizing object | Hair_Cap
Fra:8 Mem:27.43M (Peak 27.43M) | Time:00:00.63 | Mem:0.00M, Peak:0.00M | Scene, ViewLayer | Synchronizing object | Hair_CrownBase
Fra:8 Mem:27.52M (Peak 27.52M) | Time:00:00.63 | Mem:0.00M, Peak:0.00M | Scene, ViewLayer | Synchronizing object | Bangs_00
Fra:8 Mem:27.53M (Peak 27.53M) | Time:00:00.63 | Mem:0.00M, Peak:0.00M | Scene, ViewLayer | Synchronizing object | Review_Rim
Fra:8 Mem:27.55M (Peak 27.55M) | Time:00:00.63 | Mem:0.00M, Peak:0.00M | Scene, ViewLayer | Synchronizing object | Review_Fill
Fra:8 Mem:27.54M (Peak 27.55M) | Time:00:00.63 | Mem:0.00M, Peak:0.00M | Scene, ViewLayer | Synchronizing object | Review_Key
Fra:8 Mem:27.54M (Peak 27.55M) | Time:00:00.63 | Mem:0.00M, Peak:0.00M | Scene, ViewLayer | Synchronizing object | Review_Ground
Fra:8 Mem:27.55M (Peak 27.55M) | Time:00:00.63 | Mem:0.00M, Peak:0.00M | Scene, ViewLayer | Synchronizing object | Tee_Bar
Fra:8 Mem:27.56M (Peak 27.56M) | Time:00:00.63 | Mem:0.00M, Peak:0.00M | Scene, ViewLayer | Synchronizing object | Bangs_02
Fra:8 Mem:27.57M (Peak 27.57M) | Time:00:00.63 | Mem:0.00M, Peak:0.00M | Scene, ViewLayer | Synchronizing object | Tee_Dot_1.246
Fra:8 Mem:27.59M (Peak 27.59M) | Time:00:00.63 | Mem:0.00M, Peak:0.00M | Scene, ViewLayer | Synchronizing object | Tee_Dot_1.275
Fra:8 Mem:27.59M (Peak 27.59M) | Time:00:00.63 | Mem:0.00M, Peak:0.00M | Scene, ViewLayer | Synchronizing object | Bangs_03
Fra:8 Mem:27.61M (Peak 27.61M) | Time:00:00.63 | Mem:0.00M, Peak:0.00M | Scene, ViewLayer | Synchronizing object | Crown_0.R
Fra:8 Mem:27.63M (Peak 27.63M) | Time:00:00.63 | Mem:0.00M, Peak:0.00M | Scene, ViewLayer | Synchronizing object | Bangs_04
Fra:8 Mem:27.65M (Peak 27.65M) | Time:00:00.63 | Mem:0.00M, Peak:0.00M | Scene, ViewLayer | Synchronizing object | Crown_0.L
Fra:8 Mem:27.67M (Peak 27.67M) | Time:00:00.63 | Mem:0.00M, Peak:0.00M | Scene, ViewLayer | Synchronizing object | Bangs_05
Fra:8 Mem:27.69M (Peak 27.69M) | Time:00:00.63 | Mem:0.00M, Peak:0.00M | Scene, ViewLayer | Synchronizing object | Temple_2.R
Fra:8 Mem:27.71M (Peak 27.71M) | Time:00:00.63 | Mem:0.00M, Peak:0.00M | Scene, ViewLayer | Synchronizing object | Temple_0.L
Fra:8 Mem:27.73M (Peak 27.73M) | Time:00:00.63 | Mem:0.00M, Peak:0.00M | Scene, ViewLayer | Synchronizing object | Temple_1.R
Fra:8 Mem:27.75M (Peak 27.75M) | Time:00:00.63 | Mem:0.00M, Peak:0.00M | Scene, ViewLayer | Synchronizing object | Temple_1.L
Fra:8 Mem:27.77M (Peak 27.77M) | Time:00:00.63 | Mem:0.00M, Peak:0.00M | Scene, ViewLayer | Synchronizing object | Temple_0.R
Fra:8 Mem:27.79M (Peak 27.79M) | Time:00:00.63 | Mem:0.00M, Peak:0.00M | Scene, ViewLayer | Synchronizing object | Temple_2.L
Fra:8 Mem:27.82M (Peak 27.82M) | Time:00:00.63 | Mem:0.00M, Peak:0.00M | Scene, ViewLayer | Initializing
Fra:8 Mem:22.34M (Peak 27.82M) | Time:00:00.63 | Mem:0.00M, Peak:0.00M | Scene, ViewLayer | Updating Images | Loading CHR001_GreyStudy_Normal
Fra:8 Mem:30.35M (Peak 34.35M) | Time:00:00.65 | Mem:4.00M, Peak:4.00M | Scene, ViewLayer | Updating Images | Loading CHR001_GreyStudy_Surface
Fra:8 Mem:31.58M (Peak 38.36M) | Time:00:00.66 | Mem:12.00M, Peak:12.00M | Scene, ViewLayer | Waiting for render to start
Fra:8 Mem:31.58M (Peak 38.36M) | Time:00:00.66 | Mem:12.00M, Peak:12.00M | Scene, ViewLayer | Updating Scene
Fra:8 Mem:31.58M (Peak 38.36M) | Time:00:00.66 | Mem:12.00M, Peak:12.00M | Scene, ViewLayer | Updating Shaders
Fra:8 Mem:31.58M (Peak 38.36M) | Time:00:00.66 | Mem:12.00M, Peak:12.00M | Scene, ViewLayer | Loading render kernels (may take a few minutes the first time)
Fra:8 Mem:31.67M (Peak 38.36M) | Time:00:00.66 | Mem:12.00M, Peak:12.00M | Scene, ViewLayer | Updating Procedurals
Fra:8 Mem:31.67M (Peak 38.36M) | Time:00:00.66 | Mem:12.00M, Peak:12.00M | Scene, ViewLayer | Updating Background
Fra:8 Mem:31.67M (Peak 38.36M) | Time:00:00.66 | Mem:12.00M, Peak:12.00M | Scene, ViewLayer | Updating Camera
Fra:8 Mem:31.67M (Peak 38.36M) | Time:00:00.66 | Mem:12.00M, Peak:12.00M | Scene, ViewLayer | Updating Meshes Flags
Fra:8 Mem:31.67M (Peak 38.36M) | Time:00:00.66 | Mem:12.00M, Peak:12.00M | Scene, ViewLayer | Updating Objects
Fra:8 Mem:31.67M (Peak 38.36M) | Time:00:00.66 | Mem:12.00M, Peak:12.00M | Scene, ViewLayer | Updating Objects | Copying Transformations to device
Fra:8 Mem:31.69M (Peak 38.36M) | Time:00:00.66 | Mem:12.02M, Peak:12.02M | Scene, ViewLayer | Updating Particle Systems
Fra:8 Mem:31.69M (Peak 38.36M) | Time:00:00.66 | Mem:12.02M, Peak:12.02M | Scene, ViewLayer | Updating Particle Systems | Copying Particles to device
Fra:8 Mem:31.69M (Peak 38.36M) | Time:00:00.66 | Mem:12.02M, Peak:12.02M | Scene, ViewLayer | Updating Meshes
Fra:8 Mem:34.39M (Peak 38.36M) | Time:00:00.68 | Mem:12.02M, Peak:12.02M | Scene, ViewLayer | Updating Objects | Applying Static Transformations
Fra:8 Mem:34.39M (Peak 38.36M) | Time:00:00.68 | Mem:12.02M, Peak:12.02M | Scene, ViewLayer | Updating Mesh | Computing attributes
Fra:8 Mem:37.93M (Peak 38.36M) | Time:00:00.68 | Mem:12.03M, Peak:12.03M | Scene, ViewLayer | Updating Mesh | Copying Attributes to device
Fra:8 Mem:37.91M (Peak 38.36M) | Time:00:00.68 | Mem:15.55M, Peak:15.55M | Scene, ViewLayer | Updating Scene BVH | Building
Fra:8 Mem:37.91M (Peak 38.36M) | Time:00:00.68 | Mem:15.55M, Peak:15.55M | Scene, ViewLayer | Updating Scene BVH | Building BVH
Fra:8 Mem:37.91M (Peak 38.36M) | Time:00:00.68 | Mem:16.99M, Peak:16.99M | Scene, ViewLayer | Updating Scene BVH | Building BVH 0%
Fra:8 Mem:37.91M (Peak 38.36M) | Time:00:00.69 | Mem:18.55M, Peak:19.99M | Scene, ViewLayer | Updating Scene BVH | Copying BVH to device
Fra:8 Mem:37.91M (Peak 38.36M) | Time:00:00.69 | Mem:18.55M, Peak:19.99M | Scene, ViewLayer | Updating Mesh | Computing normals
Fra:8 Mem:39.18M (Peak 39.18M) | Time:00:00.69 | Mem:18.55M, Peak:19.99M | Scene, ViewLayer | Updating Mesh | Copying Mesh to device
Fra:8 Mem:39.18M (Peak 39.18M) | Time:00:00.69 | Mem:19.82M, Peak:19.99M | Scene, ViewLayer | Updating Objects Flags
Fra:8 Mem:39.18M (Peak 39.18M) | Time:00:00.69 | Mem:19.82M, Peak:19.99M | Scene, ViewLayer | Updating Primitive Offsets
Fra:8 Mem:39.18M (Peak 39.18M) | Time:00:00.69 | Mem:19.82M, Peak:19.99M | Scene, ViewLayer | Updating Images
Fra:8 Mem:39.18M (Peak 39.18M) | Time:00:00.69 | Mem:19.82M, Peak:19.99M | Scene, ViewLayer | Updating Camera Volume
Fra:8 Mem:39.18M (Peak 39.18M) | Time:00:00.69 | Mem:19.82M, Peak:19.99M | Scene, ViewLayer | Updating Lookup Tables
Fra:8 Mem:39.18M (Peak 39.18M) | Time:00:00.69 | Mem:19.91M, Peak:19.99M | Scene, ViewLayer | Updating Lights
Fra:8 Mem:39.18M (Peak 39.18M) | Time:00:00.69 | Mem:19.91M, Peak:19.99M | Scene, ViewLayer | Updating Lights | Computing tree
Fra:8 Mem:39.18M (Peak 39.18M) | Time:00:00.69 | Mem:19.91M, Peak:19.99M | Scene, ViewLayer | Updating Integrator
Fra:8 Mem:39.18M (Peak 39.18M) | Time:00:00.69 | Mem:19.91M, Peak:19.99M | Scene, ViewLayer | Updating Film
Fra:8 Mem:39.19M (Peak 39.19M) | Time:00:00.69 | Mem:19.83M, Peak:19.99M | Scene, ViewLayer | Updating Lookup Tables
Fra:8 Mem:39.19M (Peak 39.19M) | Time:00:00.69 | Mem:19.91M, Peak:19.99M | Scene, ViewLayer | Updating Baking
Fra:8 Mem:39.19M (Peak 39.19M) | Time:00:00.69 | Mem:19.91M, Peak:19.99M | Scene, ViewLayer | Updating Device | Writing constant memory
Fra:8 Mem:39.19M (Peak 39.19M) | Time:00:00.69 | Mem:19.91M, Peak:19.99M | Scene, ViewLayer | Loading denoising kernels (may take a few minutes the first time)
Fra:8 Mem:39.19M (Peak 39.19M) | Time:00:00.69 | Mem:19.91M, Peak:19.99M | Scene, ViewLayer | Sample 0/12
Fra:8 Mem:61.48M (Peak 61.48M) | Time:00:00.94 | Remaining:00:02.72 | Mem:42.19M, Peak:42.19M | Scene, ViewLayer | Sample 1/12
Fra:8 Mem:70.86M (Peak 84.92M) | Time:00:06.75 | Mem:42.19M, Peak:42.19M | Scene, ViewLayer | Sample 12/12
Fra:8 Mem:70.86M (Peak 84.92M) | Time:00:06.75 | Mem:42.19M, Peak:42.19M | Scene, ViewLayer | Finished
Saved: '/home/lzzz/MyProjects/N-SIDE/output/yao-jacket-r11/candidate-walk8.png'
Time: 00:06.77 (Saving: 00:00.02)

Fra:6 Mem:21.49M (Peak 22.36M) | Time:00:00.03 | Mem:0.00M, Peak:0.00M | Scene, ViewLayer | Synchronizing object | TShirt
Fra:6 Mem:21.64M (Peak 22.36M) | Time:00:00.03 | Mem:0.00M, Peak:0.00M | Scene, ViewLayer | Synchronizing object | TShirt_Collar
Fra:6 Mem:21.67M (Peak 22.36M) | Time:00:00.03 | Mem:0.00M, Peak:0.00M | Scene, ViewLayer | Synchronizing object | Hood
Fra:6 Mem:21.77M (Peak 22.36M) | Time:00:00.03 | Mem:0.00M, Peak:0.00M | Scene, ViewLayer | Synchronizing object | Sleeve_Cuff.L
Fra:6 Mem:21.77M (Peak 22.36M) | Time:00:00.03 | Mem:0.00M, Peak:0.00M | Scene, ViewLayer | Synchronizing object | Hood_Cord.L
Fra:6 Mem:21.81M (Peak 22.36M) | Time:00:00.04 | Mem:0.00M, Peak:0.00M | Scene, ViewLayer | Synchronizing object | Palm.L
Fra:6 Mem:21.86M (Peak 22.36M) | Time:00:00.04 | Mem:0.00M, Peak:0.00M | Scene, ViewLayer | Synchronizing object | Index_Mesh.L
Fra:6 Mem:21.87M (Peak 22.36M) | Time:00:00.04 | Mem:0.00M, Peak:0.00M | Scene, ViewLayer | Synchronizing object | Middle_Mesh.L
Fra:6 Mem:21.90M (Peak 22.36M) | Time:00:00.04 | Mem:0.00M, Peak:0.00M | Scene, ViewLayer | Synchronizing object | Ring_Mesh.L
Fra:6 Mem:21.89M (Peak 22.36M) | Time:00:00.04 | Mem:0.00M, Peak:0.00M | Scene, ViewLayer | Synchronizing object | Pinky_Mesh.L
Fra:6 Mem:21.88M (Peak 22.36M) | Time:00:00.04 | Mem:0.00M, Peak:0.00M | Scene, ViewLayer | Synchronizing object | Thumb_Mesh.L
Fra:6 Mem:22.07M (Peak 22.36M) | Time:00:00.08 | Mem:0.00M, Peak:0.00M | Scene, ViewLayer | Synchronizing object | Trousers.L
Fra:6 Mem:22.33M (Peak 22.36M) | Time:00:00.08 | Mem:0.00M, Peak:0.00M | Scene, ViewLayer | Synchronizing object | Sneaker_Sole.L
Fra:6 Mem:22.34M (Peak 22.36M) | Time:00:00.08 | Mem:0.00M, Peak:0.00M | Scene, ViewLayer | Synchronizing object | Sneaker_Upper.L
Fra:6 Mem:22.36M (Peak 22.36M) | Time:00:00.08 | Mem:0.00M, Peak:0.00M | Scene, ViewLayer | Synchronizing object | Sock.L
Fra:6 Mem:22.37M (Peak 22.37M) | Time:00:00.08 | Mem:0.00M, Peak:0.00M | Scene, ViewLayer | Synchronizing object | Lace_0.L
Fra:6 Mem:22.37M (Peak 22.37M) | Time:00:00.08 | Mem:0.00M, Peak:0.00M | Scene, ViewLayer | Synchronizing object | Lace_1.L
Fra:6 Mem:22.37M (Peak 22.37M) | Time:00:00.08 | Mem:0.00M, Peak:0.00M | Scene, ViewLayer | Synchronizing object | Lace_2.L
Fra:6 Mem:22.38M (Peak 22.38M) | Time:00:00.08 | Mem:0.00M, Peak:0.00M | Scene, ViewLayer | Synchronizing object | Lace_3.L
Fra:6 Mem:22.38M (Peak 22.38M) | Time:00:00.08 | Mem:0.00M, Peak:0.00M | Scene, ViewLayer | Synchronizing object | Heel_Tab.L
Fra:6 Mem:22.38M (Peak 22.38M) | Time:00:00.08 | Mem:0.00M, Peak:0.00M | Scene, ViewLayer | Synchronizing object | Sleeve_Cuff.R
Fra:6 Mem:22.39M (Peak 22.39M) | Time:00:00.08 | Mem:0.00M, Peak:0.00M | Scene, ViewLayer | Synchronizing object | Hood_Cord.R
Fra:6 Mem:22.43M (Peak 22.43M) | Time:00:00.09 | Mem:0.00M, Peak:0.00M | Scene, ViewLayer | Synchronizing object | Palm.R
Fra:6 Mem:22.48M (Peak 22.48M) | Time:00:00.09 | Mem:0.00M, Peak:0.00M | Scene, ViewLayer | Synchronizing object | Index_Mesh.R
Fra:6 Mem:22.48M (Peak 22.48M) | Time:00:00.09 | Mem:0.00M, Peak:0.00M | Scene, ViewLayer | Synchronizing object | Middle_Mesh.R
Fra:6 Mem:22.49M (Peak 22.49M) | Time:00:00.09 | Mem:0.00M, Peak:0.00M | Scene, ViewLayer | Synchronizing object | Ring_Mesh.R
Fra:6 Mem:22.50M (Peak 22.50M) | Time:00:00.09 | Mem:0.00M, Peak:0.00M | Scene, ViewLayer | Synchronizing object | Pinky_Mesh.R
Fra:6 Mem:22.51M (Peak 22.51M) | Time:00:00.09 | Mem:0.00M, Peak:0.00M | Scene, ViewLayer | Synchronizing object | Thumb_Mesh.R
Fra:6 Mem:22.68M (Peak 22.68M) | Time:00:00.12 | Mem:0.00M, Peak:0.00M | Scene, ViewLayer | Synchronizing object | Trousers.R
Fra:6 Mem:22.96M (Peak 22.96M) | Time:00:00.12 | Mem:0.00M, Peak:0.00M | Scene, ViewLayer | Synchronizing object | Sneaker_Sole.R
Fra:6 Mem:22.97M (Peak 22.97M) | Time:00:00.12 | Mem:0.00M, Peak:0.00M | Scene, ViewLayer | Synchronizing object | Sneaker_Upper.R
Fra:6 Mem:23.01M (Peak 23.01M) | Time:00:00.12 | Mem:0.00M, Peak:0.00M | Scene, ViewLayer | Synchronizing object | Sock.R
Fra:6 Mem:23.09M (Peak 23.09M) | Time:00:00.12 | Mem:0.00M, Peak:0.00M | Scene, ViewLayer | Synchronizing object | Lace_0.R
Fra:6 Mem:23.09M (Peak 23.09M) | Time:00:00.12 | Mem:0.00M, Peak:0.00M | Scene, ViewLayer | Synchronizing object | Lace_1.R
Fra:6 Mem:23.02M (Peak 23.09M) | Time:00:00.12 | Mem:0.00M, Peak:0.00M | Scene, ViewLayer | Synchronizing object | Lace_2.R
Fra:6 Mem:23.02M (Peak 23.09M) | Time:00:00.12 | Mem:0.00M, Peak:0.00M | Scene, ViewLayer | Synchronizing object | Lace_3.R
Fra:6 Mem:23.03M (Peak 23.09M) | Time:00:00.12 | Mem:0.00M, Peak:0.00M | Scene, ViewLayer | Synchronizing object | Heel_Tab.R
Fra:6 Mem:23.57M (Peak 23.57M) | Time:00:00.16 | Mem:0.00M, Peak:0.00M | Scene, ViewLayer | Synchronizing object | Jacket_ContinuousShoulders
Fra:6 Mem:24.80M (Peak 24.80M) | Time:00:00.56 | Mem:0.00M, Peak:0.00M | Scene, ViewLayer | Synchronizing object | Face_Head
Fra:6 Mem:25.46M (Peak 25.46M) | Time:00:00.57 | Mem:0.00M, Peak:0.00M | Scene, ViewLayer | Synchronizing object | Ear.L
Fra:6 Mem:25.52M (Peak 25.52M) | Time:00:00.57 | Mem:0.00M, Peak:0.00M | Scene, ViewLayer | Synchronizing object | Ear_Fold.L
Fra:6 Mem:25.57M (Peak 25.57M) | Time:00:00.59 | Mem:0.00M, Peak:0.00M | Scene, ViewLayer | Synchronizing object | Ear.R
Fra:6 Mem:25.63M (Peak 25.63M) | Time:00:00.59 | Mem:0.00M, Peak:0.00M | Scene, ViewLayer | Synchronizing object | Ear_Fold.R
Fra:6 Mem:25.64M (Peak 25.64M) | Time:00:00.59 | Mem:0.00M, Peak:0.00M | Scene, ViewLayer | Synchronizing object | Eye_White.L
Fra:6 Mem:25.65M (Peak 25.65M) | Time:00:00.59 | Mem:0.00M, Peak:0.00M | Scene, ViewLayer | Synchronizing object | Iris_hair.L
Fra:6 Mem:25.65M (Peak 25.65M) | Time:00:00.59 | Mem:0.00M, Peak:0.00M | Scene, ViewLayer | Synchronizing object | Iris_ink.L
Fra:6 Mem:25.66M (Peak 25.66M) | Time:00:00.59 | Mem:0.00M, Peak:0.00M | Scene, ViewLayer | Synchronizing object | Eye_Glint.L
Fra:6 Mem:25.66M (Peak 25.66M) | Time:00:00.59 | Mem:0.00M, Peak:0.00M | Scene, ViewLayer | Synchronizing object | Upper_Lid.L
Fra:6 Mem:25.68M (Peak 25.68M) | Time:00:00.59 | Mem:0.00M, Peak:0.00M | Scene, ViewLayer | Synchronizing object | Lower_Lid.L
Fra:6 Mem:25.68M (Peak 25.68M) | Time:00:00.59 | Mem:0.00M, Peak:0.00M | Scene, ViewLayer | Synchronizing object | Eyebrow.L
Fra:6 Mem:25.69M (Peak 25.69M) | Time:00:00.59 | Mem:0.00M, Peak:0.00M | Scene, ViewLayer | Synchronizing object | Eye_White.R
Fra:6 Mem:25.69M (Peak 25.69M) | Time:00:00.59 | Mem:0.00M, Peak:0.00M | Scene, ViewLayer | Synchronizing object | Iris_hair.R
Fra:6 Mem:25.70M (Peak 25.70M) | Time:00:00.59 | Mem:0.00M, Peak:0.00M | Scene, ViewLayer | Synchronizing object | Iris_ink.R
Fra:6 Mem:25.71M (Peak 25.71M) | Time:00:00.59 | Mem:0.00M, Peak:0.00M | Scene, ViewLayer | Synchronizing object | Eye_Glint.R
Fra:6 Mem:25.72M (Peak 25.72M) | Time:00:00.59 | Mem:0.00M, Peak:0.00M | Scene, ViewLayer | Synchronizing object | Upper_Lid.R
Fra:6 Mem:25.73M (Peak 25.73M) | Time:00:00.59 | Mem:0.00M, Peak:0.00M | Scene, ViewLayer | Synchronizing object | Lower_Lid.R
Fra:6 Mem:25.73M (Peak 25.73M) | Time:00:00.59 | Mem:0.00M, Peak:0.00M | Scene, ViewLayer | Synchronizing object | Eyebrow.R
Fra:6 Mem:25.74M (Peak 25.74M) | Time:00:00.59 | Mem:0.00M, Peak:0.00M | Scene, ViewLayer | Synchronizing object | Mouth
Fra:6 Mem:25.75M (Peak 25.75M) | Time:00:00.59 | Mem:0.00M, Peak:0.00M | Scene, ViewLayer | Synchronizing object | Hair_Cap
Fra:6 Mem:27.33M (Peak 27.33M) | Time:00:00.65 | Mem:0.00M, Peak:0.00M | Scene, ViewLayer | Synchronizing object | Hair_CrownBase
Fra:6 Mem:27.42M (Peak 27.42M) | Time:00:00.65 | Mem:0.00M, Peak:0.00M | Scene, ViewLayer | Synchronizing object | Review_Rim
Fra:6 Mem:27.42M (Peak 27.42M) | Time:00:00.65 | Mem:0.00M, Peak:0.00M | Scene, ViewLayer | Synchronizing object | Bangs_00
Fra:6 Mem:27.44M (Peak 27.44M) | Time:00:00.65 | Mem:0.00M, Peak:0.00M | Scene, ViewLayer | Synchronizing object | Review_Fill
Fra:6 Mem:27.43M (Peak 27.44M) | Time:00:00.65 | Mem:0.00M, Peak:0.00M | Scene, ViewLayer | Synchronizing object | Review_Key
Fra:6 Mem:27.43M (Peak 27.44M) | Time:00:00.65 | Mem:0.00M, Peak:0.00M | Scene, ViewLayer | Synchronizing object | Review_Ground
Fra:6 Mem:27.44M (Peak 27.44M) | Time:00:00.65 | Mem:0.00M, Peak:0.00M | Scene, ViewLayer | Synchronizing object | Bangs_01
Fra:6 Mem:27.44M (Peak 27.44M) | Time:00:00.65 | Mem:0.00M, Peak:0.00M | Scene, ViewLayer | Synchronizing object | Tee_Bar
Fra:6 Mem:27.45M (Peak 27.45M) | Time:00:00.65 | Mem:0.00M, Peak:0.00M | Scene, ViewLayer | Synchronizing object | Tee_Dot_1.246
Fra:6 Mem:27.45M (Peak 27.45M) | Time:00:00.65 | Mem:0.00M, Peak:0.00M | Scene, ViewLayer | Synchronizing object | Bangs_02
Fra:6 Mem:27.47M (Peak 27.47M) | Time:00:00.65 | Mem:0.00M, Peak:0.00M | Scene, ViewLayer | Synchronizing object | Tee_Dot_1.275
Fra:6 Mem:27.48M (Peak 27.48M) | Time:00:00.65 | Mem:0.00M, Peak:0.00M | Scene, ViewLayer | Synchronizing object | Bangs_03
Fra:6 Mem:27.49M (Peak 27.49M) | Time:00:00.65 | Mem:0.00M, Peak:0.00M | Scene, ViewLayer | Synchronizing object | Crown_0.R
Fra:6 Mem:27.51M (Peak 27.51M) | Time:00:00.65 | Mem:0.00M, Peak:0.00M | Scene, ViewLayer | Synchronizing object | Bangs_04
Fra:6 Mem:27.53M (Peak 27.53M) | Time:00:00.65 | Mem:0.00M, Peak:0.00M | Scene, ViewLayer | Synchronizing object | Crown_0.L
Fra:6 Mem:27.55M (Peak 27.55M) | Time:00:00.65 | Mem:0.00M, Peak:0.00M | Scene, ViewLayer | Synchronizing object | Bangs_05
Fra:6 Mem:27.56M (Peak 27.56M) | Time:00:00.65 | Mem:0.00M, Peak:0.00M | Scene, ViewLayer | Synchronizing object | Temple_2.R
Fra:6 Mem:27.58M (Peak 27.58M) | Time:00:00.65 | Mem:0.00M, Peak:0.00M | Scene, ViewLayer | Synchronizing object | Temple_0.L
Fra:6 Mem:27.60M (Peak 27.60M) | Time:00:00.65 | Mem:0.00M, Peak:0.00M | Scene, ViewLayer | Synchronizing object | Temple_1.R
Fra:6 Mem:27.62M (Peak 27.62M) | Time:00:00.65 | Mem:0.00M, Peak:0.00M | Scene, ViewLayer | Synchronizing object | Temple_1.L
Fra:6 Mem:27.63M (Peak 27.63M) | Time:00:00.65 | Mem:0.00M, Peak:0.00M | Scene, ViewLayer | Synchronizing object | Temple_0.R
Fra:6 Mem:27.65M (Peak 27.65M) | Time:00:00.65 | Mem:0.00M, Peak:0.00M | Scene, ViewLayer | Synchronizing object | Temple_2.L
Fra:6 Mem:27.67M (Peak 27.67M) | Time:00:00.65 | Mem:0.00M, Peak:0.00M | Scene, ViewLayer | Initializing
Fra:6 Mem:22.20M (Peak 27.67M) | Time:00:00.65 | Mem:0.00M, Peak:0.00M | Scene, ViewLayer | Updating Images | Loading CHR001_GreyStudy_Normal
Fra:6 Mem:30.21M (Peak 34.21M) | Time:00:00.65 | Mem:4.00M, Peak:4.00M | Scene, ViewLayer | Updating Images | Loading CHR001_GreyStudy_Surface
Fra:6 Mem:31.51M (Peak 38.22M) | Time:00:00.66 | Mem:12.00M, Peak:12.00M | Scene, ViewLayer | Waiting for render to start
Fra:6 Mem:31.51M (Peak 38.22M) | Time:00:00.66 | Mem:12.00M, Peak:12.00M | Scene, ViewLayer | Updating Scene
Fra:6 Mem:31.51M (Peak 38.22M) | Time:00:00.66 | Mem:12.00M, Peak:12.00M | Scene, ViewLayer | Updating Shaders
Fra:6 Mem:31.51M (Peak 38.22M) | Time:00:00.66 | Mem:12.00M, Peak:12.00M | Scene, ViewLayer | Loading render kernels (may take a few minutes the first time)
Fra:6 Mem:31.60M (Peak 38.22M) | Time:00:00.66 | Mem:12.00M, Peak:12.00M | Scene, ViewLayer | Updating Procedurals
Fra:6 Mem:31.60M (Peak 38.22M) | Time:00:00.66 | Mem:12.00M, Peak:12.00M | Scene, ViewLayer | Updating Background
Fra:6 Mem:31.60M (Peak 38.22M) | Time:00:00.66 | Mem:12.00M, Peak:12.00M | Scene, ViewLayer | Updating Camera
Fra:6 Mem:31.60M (Peak 38.22M) | Time:00:00.66 | Mem:12.00M, Peak:12.00M | Scene, ViewLayer | Updating Meshes Flags
Fra:6 Mem:31.60M (Peak 38.22M) | Time:00:00.66 | Mem:12.00M, Peak:12.00M | Scene, ViewLayer | Updating Objects
Fra:6 Mem:31.60M (Peak 38.22M) | Time:00:00.66 | Mem:12.00M, Peak:12.00M | Scene, ViewLayer | Updating Objects | Copying Transformations to device
Fra:6 Mem:31.61M (Peak 38.22M) | Time:00:00.66 | Mem:12.02M, Peak:12.02M | Scene, ViewLayer | Updating Particle Systems
Fra:6 Mem:31.61M (Peak 38.22M) | Time:00:00.66 | Mem:12.02M, Peak:12.02M | Scene, ViewLayer | Updating Particle Systems | Copying Particles to device
Fra:6 Mem:31.61M (Peak 38.22M) | Time:00:00.66 | Mem:12.02M, Peak:12.02M | Scene, ViewLayer | Updating Meshes
Fra:6 Mem:34.31M (Peak 38.22M) | Time:00:00.68 | Mem:12.02M, Peak:12.02M | Scene, ViewLayer | Updating Objects | Applying Static Transformations
Fra:6 Mem:34.31M (Peak 38.22M) | Time:00:00.68 | Mem:12.02M, Peak:12.02M | Scene, ViewLayer | Updating Mesh | Computing attributes
Fra:6 Mem:37.86M (Peak 38.22M) | Time:00:00.68 | Mem:12.03M, Peak:12.03M | Scene, ViewLayer | Updating Mesh | Copying Attributes to device
Fra:6 Mem:37.84M (Peak 38.22M) | Time:00:00.68 | Mem:15.55M, Peak:15.55M | Scene, ViewLayer | Updating Scene BVH | Building
Fra:6 Mem:37.84M (Peak 38.22M) | Time:00:00.68 | Mem:15.55M, Peak:15.55M | Scene, ViewLayer | Updating Scene BVH | Building BVH
Fra:6 Mem:37.84M (Peak 38.22M) | Time:00:00.68 | Mem:16.99M, Peak:16.99M | Scene, ViewLayer | Updating Scene BVH | Building BVH 0%
Fra:6 Mem:37.84M (Peak 38.22M) | Time:00:00.69 | Mem:18.55M, Peak:19.99M | Scene, ViewLayer | Updating Scene BVH | Copying BVH to device
Fra:6 Mem:37.84M (Peak 38.22M) | Time:00:00.69 | Mem:18.55M, Peak:19.99M | Scene, ViewLayer | Updating Mesh | Computing normals
Fra:6 Mem:39.11M (Peak 39.11M) | Time:00:00.69 | Mem:18.55M, Peak:19.99M | Scene, ViewLayer | Updating Mesh | Copying Mesh to device
Fra:6 Mem:39.11M (Peak 39.11M) | Time:00:00.69 | Mem:19.82M, Peak:19.99M | Scene, ViewLayer | Updating Objects Flags
Fra:6 Mem:39.11M (Peak 39.11M) | Time:00:00.69 | Mem:19.82M, Peak:19.99M | Scene, ViewLayer | Updating Primitive Offsets
Fra:6 Mem:39.11M (Peak 39.11M) | Time:00:00.69 | Mem:19.82M, Peak:19.99M | Scene, ViewLayer | Updating Images
Fra:6 Mem:39.11M (Peak 39.11M) | Time:00:00.69 | Mem:19.82M, Peak:19.99M | Scene, ViewLayer | Updating Camera Volume
Fra:6 Mem:39.11M (Peak 39.11M) | Time:00:00.69 | Mem:19.82M, Peak:19.99M | Scene, ViewLayer | Updating Lookup Tables
Fra:6 Mem:39.11M (Peak 39.11M) | Time:00:00.69 | Mem:19.91M, Peak:19.99M | Scene, ViewLayer | Updating Lights
Fra:6 Mem:39.11M (Peak 39.11M) | Time:00:00.69 | Mem:19.91M, Peak:19.99M | Scene, ViewLayer | Updating Lights | Computing tree
Fra:6 Mem:39.11M (Peak 39.11M) | Time:00:00.69 | Mem:19.91M, Peak:19.99M | Scene, ViewLayer | Updating Integrator
Fra:6 Mem:39.11M (Peak 39.11M) | Time:00:00.69 | Mem:19.91M, Peak:19.99M | Scene, ViewLayer | Updating Film
Fra:6 Mem:39.12M (Peak 39.12M) | Time:00:00.69 | Mem:19.83M, Peak:19.99M | Scene, ViewLayer | Updating Lookup Tables
Fra:6 Mem:39.12M (Peak 39.12M) | Time:00:00.69 | Mem:19.91M, Peak:19.99M | Scene, ViewLayer | Updating Baking
Fra:6 Mem:39.12M (Peak 39.12M) | Time:00:00.69 | Mem:19.91M, Peak:19.99M | Scene, ViewLayer | Updating Device | Writing constant memory
Fra:6 Mem:39.12M (Peak 39.12M) | Time:00:00.69 | Mem:19.91M, Peak:19.99M | Scene, ViewLayer | Loading denoising kernels (may take a few minutes the first time)
Fra:6 Mem:39.12M (Peak 39.12M) | Time:00:00.69 | Mem:19.91M, Peak:19.99M | Scene, ViewLayer | Sample 0/12
Fra:6 Mem:61.41M (Peak 61.41M) | Time:00:00.94 | Remaining:00:02.71 | Mem:42.19M, Peak:42.19M | Scene, ViewLayer | Sample 1/12
Fra:6 Mem:70.78M (Peak 84.85M) | Time:00:06.74 | Mem:42.19M, Peak:42.19M | Scene, ViewLayer | Sample 12/12
Fra:6 Mem:70.78M (Peak 84.85M) | Time:00:06.74 | Mem:42.19M, Peak:42.19M | Scene, ViewLayer | Finished
Saved: '/home/lzzz/MyProjects/N-SIDE/output/yao-jacket-r11/candidate-run6.png'
Time: 00:06.76 (Saving: 00:00.02)

Fra:26 Mem:21.49M (Peak 22.36M) | Time:00:00.03 | Mem:0.00M, Peak:0.00M | Scene, ViewLayer | Synchronizing object | TShirt
Fra:26 Mem:21.64M (Peak 22.36M) | Time:00:00.04 | Mem:0.00M, Peak:0.00M | Scene, ViewLayer | Synchronizing object | TShirt_Collar
Fra:26 Mem:21.67M (Peak 22.36M) | Time:00:00.04 | Mem:0.00M, Peak:0.00M | Scene, ViewLayer | Synchronizing object | Hood
Fra:26 Mem:21.77M (Peak 22.36M) | Time:00:00.04 | Mem:0.00M, Peak:0.00M | Scene, ViewLayer | Synchronizing object | Sleeve_Cuff.L
Fra:26 Mem:21.77M (Peak 22.36M) | Time:00:00.04 | Mem:0.00M, Peak:0.00M | Scene, ViewLayer | Synchronizing object | Hood_Cord.L
Fra:26 Mem:21.81M (Peak 22.36M) | Time:00:00.05 | Mem:0.00M, Peak:0.00M | Scene, ViewLayer | Synchronizing object | Palm.L
Fra:26 Mem:21.86M (Peak 22.36M) | Time:00:00.05 | Mem:0.00M, Peak:0.00M | Scene, ViewLayer | Synchronizing object | Index_Mesh.L
Fra:26 Mem:21.87M (Peak 22.36M) | Time:00:00.05 | Mem:0.00M, Peak:0.00M | Scene, ViewLayer | Synchronizing object | Middle_Mesh.L
Fra:26 Mem:21.88M (Peak 22.36M) | Time:00:00.05 | Mem:0.00M, Peak:0.00M | Scene, ViewLayer | Synchronizing object | Ring_Mesh.L
Fra:26 Mem:21.91M (Peak 22.36M) | Time:00:00.05 | Mem:0.00M, Peak:0.00M | Scene, ViewLayer | Synchronizing object | Pinky_Mesh.L
Fra:26 Mem:21.88M (Peak 22.36M) | Time:00:00.05 | Mem:0.00M, Peak:0.00M | Scene, ViewLayer | Synchronizing object | Thumb_Mesh.L
Fra:26 Mem:22.07M (Peak 22.36M) | Time:00:00.08 | Mem:0.00M, Peak:0.00M | Scene, ViewLayer | Synchronizing object | Trousers.L
Fra:26 Mem:22.33M (Peak 22.36M) | Time:00:00.08 | Mem:0.00M, Peak:0.00M | Scene, ViewLayer | Synchronizing object | Sneaker_Sole.L
Fra:26 Mem:22.34M (Peak 22.36M) | Time:00:00.08 | Mem:0.00M, Peak:0.00M | Scene, ViewLayer | Synchronizing object | Sneaker_Upper.L
Fra:26 Mem:22.36M (Peak 22.36M) | Time:00:00.08 | Mem:0.00M, Peak:0.00M | Scene, ViewLayer | Synchronizing object | Sock.L
Fra:26 Mem:22.37M (Peak 22.37M) | Time:00:00.08 | Mem:0.00M, Peak:0.00M | Scene, ViewLayer | Synchronizing object | Lace_0.L
Fra:26 Mem:22.37M (Peak 22.37M) | Time:00:00.08 | Mem:0.00M, Peak:0.00M | Scene, ViewLayer | Synchronizing object | Lace_1.L
Fra:26 Mem:22.37M (Peak 22.37M) | Time:00:00.08 | Mem:0.00M, Peak:0.00M | Scene, ViewLayer | Synchronizing object | Lace_2.L
Fra:26 Mem:22.38M (Peak 22.38M) | Time:00:00.08 | Mem:0.00M, Peak:0.00M | Scene, ViewLayer | Synchronizing object | Lace_3.L
Fra:26 Mem:22.38M (Peak 22.38M) | Time:00:00.08 | Mem:0.00M, Peak:0.00M | Scene, ViewLayer | Synchronizing object | Heel_Tab.L
Fra:26 Mem:22.38M (Peak 22.38M) | Time:00:00.08 | Mem:0.00M, Peak:0.00M | Scene, ViewLayer | Synchronizing object | Sleeve_Cuff.R
Fra:26 Mem:22.39M (Peak 22.39M) | Time:00:00.08 | Mem:0.00M, Peak:0.00M | Scene, ViewLayer | Synchronizing object | Hood_Cord.R
Fra:26 Mem:22.43M (Peak 22.43M) | Time:00:00.09 | Mem:0.00M, Peak:0.00M | Scene, ViewLayer | Synchronizing object | Palm.R
Fra:26 Mem:22.48M (Peak 22.48M) | Time:00:00.09 | Mem:0.00M, Peak:0.00M | Scene, ViewLayer | Synchronizing object | Index_Mesh.R
Fra:26 Mem:22.48M (Peak 22.48M) | Time:00:00.09 | Mem:0.00M, Peak:0.00M | Scene, ViewLayer | Synchronizing object | Middle_Mesh.R
Fra:26 Mem:22.49M (Peak 22.49M) | Time:00:00.09 | Mem:0.00M, Peak:0.00M | Scene, ViewLayer | Synchronizing object | Ring_Mesh.R
Fra:26 Mem:22.52M (Peak 22.52M) | Time:00:00.09 | Mem:0.00M, Peak:0.00M | Scene, ViewLayer | Synchronizing object | Pinky_Mesh.R
Fra:26 Mem:22.51M (Peak 22.52M) | Time:00:00.09 | Mem:0.00M, Peak:0.00M | Scene, ViewLayer | Synchronizing object | Thumb_Mesh.R
Fra:26 Mem:22.68M (Peak 22.68M) | Time:00:00.13 | Mem:0.00M, Peak:0.00M | Scene, ViewLayer | Synchronizing object | Trousers.R
Fra:26 Mem:22.96M (Peak 22.96M) | Time:00:00.13 | Mem:0.00M, Peak:0.00M | Scene, ViewLayer | Synchronizing object | Sneaker_Sole.R
Fra:26 Mem:22.97M (Peak 22.97M) | Time:00:00.13 | Mem:0.00M, Peak:0.00M | Scene, ViewLayer | Synchronizing object | Sneaker_Upper.R
Fra:26 Mem:22.99M (Peak 22.99M) | Time:00:00.13 | Mem:0.00M, Peak:0.00M | Scene, ViewLayer | Synchronizing object | Sock.R
Fra:26 Mem:23.09M (Peak 23.09M) | Time:00:00.13 | Mem:0.00M, Peak:0.00M | Scene, ViewLayer | Synchronizing object | Lace_0.R
Fra:26 Mem:23.09M (Peak 23.09M) | Time:00:00.13 | Mem:0.00M, Peak:0.00M | Scene, ViewLayer | Synchronizing object | Lace_1.R
Fra:26 Mem:23.02M (Peak 23.09M) | Time:00:00.13 | Mem:0.00M, Peak:0.00M | Scene, ViewLayer | Synchronizing object | Lace_2.R
Fra:26 Mem:23.02M (Peak 23.09M) | Time:00:00.13 | Mem:0.00M, Peak:0.00M | Scene, ViewLayer | Synchronizing object | Lace_3.R
Fra:26 Mem:23.03M (Peak 23.09M) | Time:00:00.13 | Mem:0.00M, Peak:0.00M | Scene, ViewLayer | Synchronizing object | Heel_Tab.R
Fra:26 Mem:23.57M (Peak 23.57M) | Time:00:00.17 | Mem:0.00M, Peak:0.00M | Scene, ViewLayer | Synchronizing object | Jacket_ContinuousShoulders
Fra:26 Mem:24.80M (Peak 24.80M) | Time:00:00.57 | Mem:0.00M, Peak:0.00M | Scene, ViewLayer | Synchronizing object | Face_Head
Fra:26 Mem:25.46M (Peak 25.46M) | Time:00:00.58 | Mem:0.00M, Peak:0.00M | Scene, ViewLayer | Synchronizing object | Ear.L
Fra:26 Mem:25.52M (Peak 25.52M) | Time:00:00.58 | Mem:0.00M, Peak:0.00M | Scene, ViewLayer | Synchronizing object | Ear_Fold.L
Fra:26 Mem:25.57M (Peak 25.57M) | Time:00:00.59 | Mem:0.00M, Peak:0.00M | Scene, ViewLayer | Synchronizing object | Ear.R
Fra:26 Mem:25.63M (Peak 25.63M) | Time:00:00.59 | Mem:0.00M, Peak:0.00M | Scene, ViewLayer | Synchronizing object | Ear_Fold.R
Fra:26 Mem:25.64M (Peak 25.64M) | Time:00:00.59 | Mem:0.00M, Peak:0.00M | Scene, ViewLayer | Synchronizing object | Eye_White.L
Fra:26 Mem:25.64M (Peak 25.64M) | Time:00:00.59 | Mem:0.00M, Peak:0.00M | Scene, ViewLayer | Synchronizing object | Iris_hair.L
Fra:26 Mem:25.65M (Peak 25.65M) | Time:00:00.59 | Mem:0.00M, Peak:0.00M | Scene, ViewLayer | Synchronizing object | Iris_ink.L
Fra:26 Mem:25.66M (Peak 25.66M) | Time:00:00.59 | Mem:0.00M, Peak:0.00M | Scene, ViewLayer | Synchronizing object | Eye_Glint.L
Fra:26 Mem:25.67M (Peak 25.67M) | Time:00:00.59 | Mem:0.00M, Peak:0.00M | Scene, ViewLayer | Synchronizing object | Upper_Lid.L
Fra:26 Mem:25.68M (Peak 25.68M) | Time:00:00.59 | Mem:0.00M, Peak:0.00M | Scene, ViewLayer | Synchronizing object | Lower_Lid.L
Fra:26 Mem:25.68M (Peak 25.68M) | Time:00:00.59 | Mem:0.00M, Peak:0.00M | Scene, ViewLayer | Synchronizing object | Eyebrow.L
Fra:26 Mem:25.69M (Peak 25.69M) | Time:00:00.59 | Mem:0.00M, Peak:0.00M | Scene, ViewLayer | Synchronizing object | Eye_White.R
Fra:26 Mem:25.69M (Peak 25.69M) | Time:00:00.59 | Mem:0.00M, Peak:0.00M | Scene, ViewLayer | Synchronizing object | Iris_hair.R
Fra:26 Mem:25.70M (Peak 25.70M) | Time:00:00.59 | Mem:0.00M, Peak:0.00M | Scene, ViewLayer | Synchronizing object | Iris_ink.R
Fra:26 Mem:25.71M (Peak 25.71M) | Time:00:00.59 | Mem:0.00M, Peak:0.00M | Scene, ViewLayer | Synchronizing object | Eye_Glint.R
Fra:26 Mem:25.72M (Peak 25.72M) | Time:00:00.59 | Mem:0.00M, Peak:0.00M | Scene, ViewLayer | Synchronizing object | Upper_Lid.R
Fra:26 Mem:25.73M (Peak 25.73M) | Time:00:00.59 | Mem:0.00M, Peak:0.00M | Scene, ViewLayer | Synchronizing object | Lower_Lid.R
Fra:26 Mem:25.73M (Peak 25.73M) | Time:00:00.59 | Mem:0.00M, Peak:0.00M | Scene, ViewLayer | Synchronizing object | Eyebrow.R
Fra:26 Mem:25.74M (Peak 25.74M) | Time:00:00.59 | Mem:0.00M, Peak:0.00M | Scene, ViewLayer | Synchronizing object | Mouth
Fra:26 Mem:25.75M (Peak 25.75M) | Time:00:00.59 | Mem:0.00M, Peak:0.00M | Scene, ViewLayer | Synchronizing object | Hair_Cap
Fra:26 Mem:27.33M (Peak 27.33M) | Time:00:00.65 | Mem:0.00M, Peak:0.00M | Scene, ViewLayer | Synchronizing object | Hair_CrownBase
Fra:26 Mem:27.44M (Peak 27.44M) | Time:00:00.65 | Mem:0.00M, Peak:0.00M | Scene, ViewLayer | Synchronizing object | Review_Rim
Fra:26 Mem:27.42M (Peak 27.44M) | Time:00:00.65 | Mem:0.00M, Peak:0.00M | Scene, ViewLayer | Synchronizing object | Bangs_00
Fra:26 Mem:27.43M (Peak 27.44M) | Time:00:00.65 | Mem:0.00M, Peak:0.00M | Scene, ViewLayer | Synchronizing object | Review_Fill
Fra:26 Mem:27.43M (Peak 27.44M) | Time:00:00.65 | Mem:0.00M, Peak:0.00M | Scene, ViewLayer | Synchronizing object | Review_Key
Fra:26 Mem:27.44M (Peak 27.44M) | Time:00:00.65 | Mem:0.00M, Peak:0.00M | Scene, ViewLayer | Synchronizing object | Review_Ground
Fra:26 Mem:27.44M (Peak 27.44M) | Time:00:00.65 | Mem:0.00M, Peak:0.00M | Scene, ViewLayer | Synchronizing object | Bangs_01
Fra:26 Mem:27.45M (Peak 27.45M) | Time:00:00.65 | Mem:0.00M, Peak:0.00M | Scene, ViewLayer | Synchronizing object | Tee_Bar
Fra:26 Mem:27.45M (Peak 27.45M) | Time:00:00.65 | Mem:0.00M, Peak:0.00M | Scene, ViewLayer | Synchronizing object | Bangs_02
Fra:26 Mem:27.45M (Peak 27.45M) | Time:00:00.65 | Mem:0.00M, Peak:0.00M | Scene, ViewLayer | Synchronizing object | Tee_Dot_1.246
Fra:26 Mem:27.48M (Peak 27.48M) | Time:00:00.65 | Mem:0.00M, Peak:0.00M | Scene, ViewLayer | Synchronizing object | Tee_Dot_1.275
Fra:26 Mem:27.48M (Peak 27.48M) | Time:00:00.65 | Mem:0.00M, Peak:0.00M | Scene, ViewLayer | Synchronizing object | Bangs_03
Fra:26 Mem:27.49M (Peak 27.49M) | Time:00:00.65 | Mem:0.00M, Peak:0.00M | Scene, ViewLayer | Synchronizing object | Crown_0.R
Fra:26 Mem:27.51M (Peak 27.51M) | Time:00:00.65 | Mem:0.00M, Peak:0.00M | Scene, ViewLayer | Synchronizing object | Bangs_04
Fra:26 Mem:27.53M (Peak 27.53M) | Time:00:00.65 | Mem:0.00M, Peak:0.00M | Scene, ViewLayer | Synchronizing object | Crown_0.L
Fra:26 Mem:27.55M (Peak 27.55M) | Time:00:00.65 | Mem:0.00M, Peak:0.00M | Scene, ViewLayer | Synchronizing object | Bangs_05
Fra:26 Mem:27.56M (Peak 27.56M) | Time:00:00.65 | Mem:0.00M, Peak:0.00M | Scene, ViewLayer | Synchronizing object | Temple_2.R
Fra:26 Mem:27.58M (Peak 27.58M) | Time:00:00.65 | Mem:0.00M, Peak:0.00M | Scene, ViewLayer | Synchronizing object | Temple_0.L
Fra:26 Mem:27.60M (Peak 27.60M) | Time:00:00.65 | Mem:0.00M, Peak:0.00M | Scene, ViewLayer | Synchronizing object | Temple_1.R
Fra:26 Mem:27.61M (Peak 27.61M) | Time:00:00.65 | Mem:0.00M, Peak:0.00M | Scene, ViewLayer | Synchronizing object | Temple_1.L
Fra:26 Mem:27.63M (Peak 27.63M) | Time:00:00.65 | Mem:0.00M, Peak:0.00M | Scene, ViewLayer | Synchronizing object | Temple_0.R
Fra:26 Mem:27.64M (Peak 27.64M) | Time:00:00.65 | Mem:0.00M, Peak:0.00M | Scene, ViewLayer | Synchronizing object | Temple_2.L
Fra:26 Mem:27.67M (Peak 27.67M) | Time:00:00.65 | Mem:0.00M, Peak:0.00M | Scene, ViewLayer | Initializing
Fra:26 Mem:22.20M (Peak 27.67M) | Time:00:00.65 | Mem:0.00M, Peak:0.00M | Scene, ViewLayer | Updating Images | Loading CHR001_GreyStudy_Normal
Fra:26 Mem:34.22M (Peak 38.22M) | Time:00:00.66 | Mem:4.00M, Peak:4.00M | Scene, ViewLayer | Updating Images | Loading CHR001_GreyStudy_Surface
Fra:26 Mem:31.51M (Peak 38.22M) | Time:00:00.67 | Mem:12.00M, Peak:12.00M | Scene, ViewLayer | Waiting for render to start
Fra:26 Mem:31.51M (Peak 38.22M) | Time:00:00.67 | Mem:12.00M, Peak:12.00M | Scene, ViewLayer | Updating Scene
Fra:26 Mem:31.51M (Peak 38.22M) | Time:00:00.67 | Mem:12.00M, Peak:12.00M | Scene, ViewLayer | Updating Shaders
Fra:26 Mem:31.51M (Peak 38.22M) | Time:00:00.67 | Mem:12.00M, Peak:12.00M | Scene, ViewLayer | Loading render kernels (may take a few minutes the first time)
Fra:26 Mem:31.60M (Peak 38.22M) | Time:00:00.67 | Mem:12.00M, Peak:12.00M | Scene, ViewLayer | Updating Procedurals
Fra:26 Mem:31.60M (Peak 38.22M) | Time:00:00.67 | Mem:12.00M, Peak:12.00M | Scene, ViewLayer | Updating Background
Fra:26 Mem:31.60M (Peak 38.22M) | Time:00:00.67 | Mem:12.00M, Peak:12.00M | Scene, ViewLayer | Updating Camera
Fra:26 Mem:31.60M (Peak 38.22M) | Time:00:00.67 | Mem:12.00M, Peak:12.00M | Scene, ViewLayer | Updating Meshes Flags
Fra:26 Mem:31.60M (Peak 38.22M) | Time:00:00.67 | Mem:12.00M, Peak:12.00M | Scene, ViewLayer | Updating Objects
Fra:26 Mem:31.60M (Peak 38.22M) | Time:00:00.67 | Mem:12.00M, Peak:12.00M | Scene, ViewLayer | Updating Objects | Copying Transformations to device
Fra:26 Mem:31.61M (Peak 38.22M) | Time:00:00.67 | Mem:12.02M, Peak:12.02M | Scene, ViewLayer | Updating Particle Systems
Fra:26 Mem:31.61M (Peak 38.22M) | Time:00:00.67 | Mem:12.02M, Peak:12.02M | Scene, ViewLayer | Updating Particle Systems | Copying Particles to device
Fra:26 Mem:31.61M (Peak 38.22M) | Time:00:00.67 | Mem:12.02M, Peak:12.02M | Scene, ViewLayer | Updating Meshes
Fra:26 Mem:34.31M (Peak 38.22M) | Time:00:00.69 | Mem:12.02M, Peak:12.02M | Scene, ViewLayer | Updating Objects | Applying Static Transformations
Fra:26 Mem:34.31M (Peak 38.22M) | Time:00:00.69 | Mem:12.02M, Peak:12.02M | Scene, ViewLayer | Updating Mesh | Computing attributes
Fra:26 Mem:37.86M (Peak 38.22M) | Time:00:00.69 | Mem:12.03M, Peak:12.03M | Scene, ViewLayer | Updating Mesh | Copying Attributes to device
Fra:26 Mem:37.84M (Peak 38.22M) | Time:00:00.69 | Mem:15.55M, Peak:15.55M | Scene, ViewLayer | Updating Scene BVH | Building
Fra:26 Mem:37.84M (Peak 38.22M) | Time:00:00.69 | Mem:15.55M, Peak:15.55M | Scene, ViewLayer | Updating Scene BVH | Building BVH
Fra:26 Mem:37.84M (Peak 38.22M) | Time:00:00.69 | Mem:16.99M, Peak:16.99M | Scene, ViewLayer | Updating Scene BVH | Building BVH 0%
Fra:26 Mem:37.84M (Peak 38.22M) | Time:00:00.69 | Mem:18.55M, Peak:19.99M | Scene, ViewLayer | Updating Scene BVH | Copying BVH to device
Fra:26 Mem:37.84M (Peak 38.22M) | Time:00:00.69 | Mem:18.55M, Peak:19.99M | Scene, ViewLayer | Updating Mesh | Computing normals
Fra:26 Mem:39.11M (Peak 39.11M) | Time:00:00.69 | Mem:18.55M, Peak:19.99M | Scene, ViewLayer | Updating Mesh | Copying Mesh to device
Fra:26 Mem:39.11M (Peak 39.11M) | Time:00:00.69 | Mem:19.82M, Peak:19.99M | Scene, ViewLayer | Updating Objects Flags
Fra:26 Mem:39.11M (Peak 39.11M) | Time:00:00.69 | Mem:19.82M, Peak:19.99M | Scene, ViewLayer | Updating Primitive Offsets
Fra:26 Mem:39.11M (Peak 39.11M) | Time:00:00.69 | Mem:19.82M, Peak:19.99M | Scene, ViewLayer | Updating Images
Fra:26 Mem:39.11M (Peak 39.11M) | Time:00:00.69 | Mem:19.82M, Peak:19.99M | Scene, ViewLayer | Updating Camera Volume
Fra:26 Mem:39.11M (Peak 39.11M) | Time:00:00.69 | Mem:19.82M, Peak:19.99M | Scene, ViewLayer | Updating Lookup Tables
Fra:26 Mem:39.11M (Peak 39.11M) | Time:00:00.69 | Mem:19.91M, Peak:19.99M | Scene, ViewLayer | Updating Lights
Fra:26 Mem:39.11M (Peak 39.11M) | Time:00:00.69 | Mem:19.91M, Peak:19.99M | Scene, ViewLayer | Updating Lights | Computing tree
Fra:26 Mem:39.11M (Peak 39.11M) | Time:00:00.69 | Mem:19.91M, Peak:19.99M | Scene, ViewLayer | Updating Integrator
Fra:26 Mem:39.11M (Peak 39.11M) | Time:00:00.69 | Mem:19.91M, Peak:19.99M | Scene, ViewLayer | Updating Film
Fra:26 Mem:39.12M (Peak 39.12M) | Time:00:00.69 | Mem:19.83M, Peak:19.99M | Scene, ViewLayer | Updating Lookup Tables
Fra:26 Mem:39.12M (Peak 39.12M) | Time:00:00.69 | Mem:19.91M, Peak:19.99M | Scene, ViewLayer | Updating Baking
Fra:26 Mem:39.12M (Peak 39.12M) | Time:00:00.69 | Mem:19.91M, Peak:19.99M | Scene, ViewLayer | Updating Device | Writing constant memory
Fra:26 Mem:39.12M (Peak 39.12M) | Time:00:00.69 | Mem:19.91M, Peak:19.99M | Scene, ViewLayer | Loading denoising kernels (may take a few minutes the first time)
Fra:26 Mem:39.12M (Peak 39.12M) | Time:00:00.69 | Mem:19.91M, Peak:19.99M | Scene, ViewLayer | Sample 0/12
Fra:26 Mem:61.41M (Peak 61.41M) | Time:00:00.94 | Remaining:00:02.71 | Mem:42.19M, Peak:42.19M | Scene, ViewLayer | Sample 1/12
Fra:26 Mem:70.78M (Peak 84.85M) | Time:00:06.75 | Mem:42.19M, Peak:42.19M | Scene, ViewLayer | Sample 12/12
Fra:26 Mem:70.78M (Peak 84.85M) | Time:00:06.75 | Mem:42.19M, Peak:42.19M | Scene, ViewLayer | Finished
Saved: '/home/lzzz/MyProjects/N-SIDE/output/yao-jacket-r11/candidate-run26.png'
Time: 00:06.77 (Saving: 00:00.02)

Fra:13 Mem:21.49M (Peak 22.36M) | Time:00:00.03 | Mem:0.00M, Peak:0.00M | Scene, ViewLayer | Synchronizing object | TShirt
Fra:13 Mem:21.64M (Peak 22.36M) | Time:00:00.03 | Mem:0.00M, Peak:0.00M | Scene, ViewLayer | Synchronizing object | TShirt_Collar
Fra:13 Mem:21.67M (Peak 22.36M) | Time:00:00.03 | Mem:0.00M, Peak:0.00M | Scene, ViewLayer | Synchronizing object | Hood
Fra:13 Mem:21.77M (Peak 22.36M) | Time:00:00.03 | Mem:0.00M, Peak:0.00M | Scene, ViewLayer | Synchronizing object | Sleeve_Cuff.L
Fra:13 Mem:21.77M (Peak 22.36M) | Time:00:00.03 | Mem:0.00M, Peak:0.00M | Scene, ViewLayer | Synchronizing object | Hood_Cord.L
Fra:13 Mem:21.81M (Peak 22.36M) | Time:00:00.05 | Mem:0.00M, Peak:0.00M | Scene, ViewLayer | Synchronizing object | Palm.L
Fra:13 Mem:21.86M (Peak 22.36M) | Time:00:00.05 | Mem:0.00M, Peak:0.00M | Scene, ViewLayer | Synchronizing object | Index_Mesh.L
Fra:13 Mem:21.87M (Peak 22.36M) | Time:00:00.05 | Mem:0.00M, Peak:0.00M | Scene, ViewLayer | Synchronizing object | Middle_Mesh.L
Fra:13 Mem:21.88M (Peak 22.36M) | Time:00:00.05 | Mem:0.00M, Peak:0.00M | Scene, ViewLayer | Synchronizing object | Ring_Mesh.L
Fra:13 Mem:21.91M (Peak 22.36M) | Time:00:00.05 | Mem:0.00M, Peak:0.00M | Scene, ViewLayer | Synchronizing object | Pinky_Mesh.L
Fra:13 Mem:21.89M (Peak 22.36M) | Time:00:00.05 | Mem:0.00M, Peak:0.00M | Scene, ViewLayer | Synchronizing object | Thumb_Mesh.L
Fra:13 Mem:22.07M (Peak 22.36M) | Time:00:00.08 | Mem:0.00M, Peak:0.00M | Scene, ViewLayer | Synchronizing object | Trousers.L
Fra:13 Mem:22.33M (Peak 22.36M) | Time:00:00.08 | Mem:0.00M, Peak:0.00M | Scene, ViewLayer | Synchronizing object | Sneaker_Sole.L
Fra:13 Mem:22.34M (Peak 22.36M) | Time:00:00.08 | Mem:0.00M, Peak:0.00M | Scene, ViewLayer | Synchronizing object | Sneaker_Upper.L
Fra:13 Mem:22.36M (Peak 22.36M) | Time:00:00.08 | Mem:0.00M, Peak:0.00M | Scene, ViewLayer | Synchronizing object | Sock.L
Fra:13 Mem:22.37M (Peak 22.37M) | Time:00:00.08 | Mem:0.00M, Peak:0.00M | Scene, ViewLayer | Synchronizing object | Lace_0.L
Fra:13 Mem:22.37M (Peak 22.37M) | Time:00:00.08 | Mem:0.00M, Peak:0.00M | Scene, ViewLayer | Synchronizing object | Lace_1.L
Fra:13 Mem:22.37M (Peak 22.37M) | Time:00:00.08 | Mem:0.00M, Peak:0.00M | Scene, ViewLayer | Synchronizing object | Lace_2.L
Fra:13 Mem:22.38M (Peak 22.38M) | Time:00:00.08 | Mem:0.00M, Peak:0.00M | Scene, ViewLayer | Synchronizing object | Lace_3.L
Fra:13 Mem:22.38M (Peak 22.38M) | Time:00:00.08 | Mem:0.00M, Peak:0.00M | Scene, ViewLayer | Synchronizing object | Heel_Tab.L
Fra:13 Mem:22.38M (Peak 22.38M) | Time:00:00.08 | Mem:0.00M, Peak:0.00M | Scene, ViewLayer | Synchronizing object | Sleeve_Cuff.R
Fra:13 Mem:22.39M (Peak 22.39M) | Time:00:00.08 | Mem:0.00M, Peak:0.00M | Scene, ViewLayer | Synchronizing object | Hood_Cord.R
Fra:13 Mem:22.43M (Peak 22.43M) | Time:00:00.09 | Mem:0.00M, Peak:0.00M | Scene, ViewLayer | Synchronizing object | Palm.R
Fra:13 Mem:22.48M (Peak 22.48M) | Time:00:00.09 | Mem:0.00M, Peak:0.00M | Scene, ViewLayer | Synchronizing object | Index_Mesh.R
Fra:13 Mem:22.48M (Peak 22.48M) | Time:00:00.09 | Mem:0.00M, Peak:0.00M | Scene, ViewLayer | Synchronizing object | Middle_Mesh.R
Fra:13 Mem:22.49M (Peak 22.49M) | Time:00:00.09 | Mem:0.00M, Peak:0.00M | Scene, ViewLayer | Synchronizing object | Ring_Mesh.R
Fra:13 Mem:22.53M (Peak 22.53M) | Time:00:00.09 | Mem:0.00M, Peak:0.00M | Scene, ViewLayer | Synchronizing object | Pinky_Mesh.R
Fra:13 Mem:22.51M (Peak 22.53M) | Time:00:00.09 | Mem:0.00M, Peak:0.00M | Scene, ViewLayer | Synchronizing object | Thumb_Mesh.R
Fra:13 Mem:22.68M (Peak 22.68M) | Time:00:00.13 | Mem:0.00M, Peak:0.00M | Scene, ViewLayer | Synchronizing object | Trousers.R
Fra:13 Mem:22.96M (Peak 22.96M) | Time:00:00.13 | Mem:0.00M, Peak:0.00M | Scene, ViewLayer | Synchronizing object | Sneaker_Sole.R
Fra:13 Mem:22.97M (Peak 22.97M) | Time:00:00.13 | Mem:0.00M, Peak:0.00M | Scene, ViewLayer | Synchronizing object | Sneaker_Upper.R
Fra:13 Mem:23.08M (Peak 23.08M) | Time:00:00.13 | Mem:0.00M, Peak:0.00M | Scene, ViewLayer | Synchronizing object | Sock.R
Fra:13 Mem:23.09M (Peak 23.09M) | Time:00:00.13 | Mem:0.00M, Peak:0.00M | Scene, ViewLayer | Synchronizing object | Lace_0.R
Fra:13 Mem:23.09M (Peak 23.09M) | Time:00:00.13 | Mem:0.00M, Peak:0.00M | Scene, ViewLayer | Synchronizing object | Lace_1.R
Fra:13 Mem:23.02M (Peak 23.09M) | Time:00:00.13 | Mem:0.00M, Peak:0.00M | Scene, ViewLayer | Synchronizing object | Lace_2.R
Fra:13 Mem:23.02M (Peak 23.09M) | Time:00:00.13 | Mem:0.00M, Peak:0.00M | Scene, ViewLayer | Synchronizing object | Lace_3.R
Fra:13 Mem:23.03M (Peak 23.09M) | Time:00:00.13 | Mem:0.00M, Peak:0.00M | Scene, ViewLayer | Synchronizing object | Heel_Tab.R
Fra:13 Mem:23.57M (Peak 23.57M) | Time:00:00.17 | Mem:0.00M, Peak:0.00M | Scene, ViewLayer | Synchronizing object | Jacket_ContinuousShoulders
Fra:13 Mem:24.80M (Peak 24.80M) | Time:00:00.57 | Mem:0.00M, Peak:0.00M | Scene, ViewLayer | Synchronizing object | Face_Head
Fra:13 Mem:25.46M (Peak 25.46M) | Time:00:00.58 | Mem:0.00M, Peak:0.00M | Scene, ViewLayer | Synchronizing object | Ear.L
Fra:13 Mem:25.52M (Peak 25.52M) | Time:00:00.58 | Mem:0.00M, Peak:0.00M | Scene, ViewLayer | Synchronizing object | Ear_Fold.L
Fra:13 Mem:25.57M (Peak 25.57M) | Time:00:00.59 | Mem:0.00M, Peak:0.00M | Scene, ViewLayer | Synchronizing object | Ear.R
Fra:13 Mem:25.63M (Peak 25.63M) | Time:00:00.59 | Mem:0.00M, Peak:0.00M | Scene, ViewLayer | Synchronizing object | Ear_Fold.R
Fra:13 Mem:25.64M (Peak 25.64M) | Time:00:00.59 | Mem:0.00M, Peak:0.00M | Scene, ViewLayer | Synchronizing object | Eye_White.L
Fra:13 Mem:25.64M (Peak 25.64M) | Time:00:00.59 | Mem:0.00M, Peak:0.00M | Scene, ViewLayer | Synchronizing object | Iris_hair.L
Fra:13 Mem:25.66M (Peak 25.66M) | Time:00:00.59 | Mem:0.00M, Peak:0.00M | Scene, ViewLayer | Synchronizing object | Iris_ink.L
Fra:13 Mem:25.66M (Peak 25.66M) | Time:00:00.59 | Mem:0.00M, Peak:0.00M | Scene, ViewLayer | Synchronizing object | Eye_Glint.L
Fra:13 Mem:25.67M (Peak 25.67M) | Time:00:00.59 | Mem:0.00M, Peak:0.00M | Scene, ViewLayer | Synchronizing object | Upper_Lid.L
Fra:13 Mem:25.68M (Peak 25.68M) | Time:00:00.59 | Mem:0.00M, Peak:0.00M | Scene, ViewLayer | Synchronizing object | Lower_Lid.L
Fra:13 Mem:25.68M (Peak 25.68M) | Time:00:00.59 | Mem:0.00M, Peak:0.00M | Scene, ViewLayer | Synchronizing object | Eyebrow.L
Fra:13 Mem:25.69M (Peak 25.69M) | Time:00:00.59 | Mem:0.00M, Peak:0.00M | Scene, ViewLayer | Synchronizing object | Eye_White.R
Fra:13 Mem:25.69M (Peak 25.69M) | Time:00:00.59 | Mem:0.00M, Peak:0.00M | Scene, ViewLayer | Synchronizing object | Iris_hair.R
Fra:13 Mem:25.70M (Peak 25.70M) | Time:00:00.59 | Mem:0.00M, Peak:0.00M | Scene, ViewLayer | Synchronizing object | Iris_ink.R
Fra:13 Mem:25.71M (Peak 25.71M) | Time:00:00.59 | Mem:0.00M, Peak:0.00M | Scene, ViewLayer | Synchronizing object | Eye_Glint.R
Fra:13 Mem:25.72M (Peak 25.72M) | Time:00:00.59 | Mem:0.00M, Peak:0.00M | Scene, ViewLayer | Synchronizing object | Upper_Lid.R
Fra:13 Mem:25.73M (Peak 25.73M) | Time:00:00.59 | Mem:0.00M, Peak:0.00M | Scene, ViewLayer | Synchronizing object | Lower_Lid.R
Fra:13 Mem:25.73M (Peak 25.73M) | Time:00:00.59 | Mem:0.00M, Peak:0.00M | Scene, ViewLayer | Synchronizing object | Eyebrow.R
Fra:13 Mem:25.74M (Peak 25.74M) | Time:00:00.59 | Mem:0.00M, Peak:0.00M | Scene, ViewLayer | Synchronizing object | Mouth
Fra:13 Mem:25.75M (Peak 25.75M) | Time:00:00.59 | Mem:0.00M, Peak:0.00M | Scene, ViewLayer | Synchronizing object | Hair_Cap
Fra:13 Mem:27.33M (Peak 27.33M) | Time:00:00.65 | Mem:0.00M, Peak:0.00M | Scene, ViewLayer | Synchronizing object | Hair_CrownBase
Fra:13 Mem:27.42M (Peak 27.42M) | Time:00:00.65 | Mem:0.00M, Peak:0.00M | Scene, ViewLayer | Synchronizing object | Bangs_00
Fra:13 Mem:27.43M (Peak 27.43M) | Time:00:00.65 | Mem:0.00M, Peak:0.00M | Scene, ViewLayer | Synchronizing object | Review_Rim
Fra:13 Mem:27.44M (Peak 27.44M) | Time:00:00.65 | Mem:0.00M, Peak:0.00M | Scene, ViewLayer | Synchronizing object | Review_Fill
Fra:13 Mem:27.43M (Peak 27.44M) | Time:00:00.65 | Mem:0.00M, Peak:0.00M | Scene, ViewLayer | Synchronizing object | Review_Key
Fra:13 Mem:27.44M (Peak 27.44M) | Time:00:00.65 | Mem:0.00M, Peak:0.00M | Scene, ViewLayer | Synchronizing object | Review_Ground
Fra:13 Mem:27.45M (Peak 27.45M) | Time:00:00.65 | Mem:0.00M, Peak:0.00M | Scene, ViewLayer | Synchronizing object | Tee_Bar
Fra:13 Mem:27.45M (Peak 27.45M) | Time:00:00.65 | Mem:0.00M, Peak:0.00M | Scene, ViewLayer | Synchronizing object | Bangs_02
Fra:13 Mem:27.46M (Peak 27.46M) | Time:00:00.65 | Mem:0.00M, Peak:0.00M | Scene, ViewLayer | Synchronizing object | Tee_Dot_1.246
Fra:13 Mem:27.48M (Peak 27.48M) | Time:00:00.65 | Mem:0.00M, Peak:0.00M | Scene, ViewLayer | Synchronizing object | Bangs_03
Fra:13 Mem:27.49M (Peak 27.49M) | Time:00:00.65 | Mem:0.00M, Peak:0.00M | Scene, ViewLayer | Synchronizing object | Tee_Dot_1.275
Fra:13 Mem:27.50M (Peak 27.50M) | Time:00:00.65 | Mem:0.00M, Peak:0.00M | Scene, ViewLayer | Synchronizing object | Bangs_04
Fra:13 Mem:27.51M (Peak 27.51M) | Time:00:00.65 | Mem:0.00M, Peak:0.00M | Scene, ViewLayer | Synchronizing object | Crown_0.R
Fra:13 Mem:27.53M (Peak 27.53M) | Time:00:00.65 | Mem:0.00M, Peak:0.00M | Scene, ViewLayer | Synchronizing object | Bangs_05
Fra:13 Mem:27.55M (Peak 27.55M) | Time:00:00.65 | Mem:0.00M, Peak:0.00M | Scene, ViewLayer | Synchronizing object | Crown_0.L
Fra:13 Mem:27.56M (Peak 27.56M) | Time:00:00.65 | Mem:0.00M, Peak:0.00M | Scene, ViewLayer | Synchronizing object | Temple_0.L
Fra:13 Mem:27.58M (Peak 27.58M) | Time:00:00.65 | Mem:0.00M, Peak:0.00M | Scene, ViewLayer | Synchronizing object | Temple_2.R
Fra:13 Mem:27.60M (Peak 27.60M) | Time:00:00.65 | Mem:0.00M, Peak:0.00M | Scene, ViewLayer | Synchronizing object | Temple_1.L
Fra:13 Mem:27.62M (Peak 27.62M) | Time:00:00.65 | Mem:0.00M, Peak:0.00M | Scene, ViewLayer | Synchronizing object | Temple_1.R
Fra:13 Mem:27.63M (Peak 27.63M) | Time:00:00.65 | Mem:0.00M, Peak:0.00M | Scene, ViewLayer | Synchronizing object | Temple_2.L
Fra:13 Mem:27.65M (Peak 27.65M) | Time:00:00.65 | Mem:0.00M, Peak:0.00M | Scene, ViewLayer | Synchronizing object | Temple_0.R
Fra:13 Mem:27.67M (Peak 27.67M) | Time:00:00.65 | Mem:0.00M, Peak:0.00M | Scene, ViewLayer | Initializing
Fra:13 Mem:22.20M (Peak 27.67M) | Time:00:00.65 | Mem:0.00M, Peak:0.00M | Scene, ViewLayer | Updating Images | Loading CHR001_GreyStudy_BaseColor
Fra:13 Mem:22.20M (Peak 27.67M) | Time:00:00.65 | Mem:0.00M, Peak:0.00M | Scene, ViewLayer | Updating Images | Loading CHR001_GreyStudy_Normal
Fra:13 Mem:30.21M (Peak 34.21M) | Time:00:00.66 | Mem:4.00M, Peak:4.00M | Scene, ViewLayer | Updating Images | Loading CHR001_GreyStudy_Surface
Fra:13 Mem:31.51M (Peak 38.22M) | Time:00:00.67 | Mem:12.00M, Peak:12.00M | Scene, ViewLayer | Waiting for render to start
Fra:13 Mem:31.51M (Peak 38.22M) | Time:00:00.67 | Mem:12.00M, Peak:12.00M | Scene, ViewLayer | Updating Scene
Fra:13 Mem:31.51M (Peak 38.22M) | Time:00:00.67 | Mem:12.00M, Peak:12.00M | Scene, ViewLayer | Updating Shaders
Fra:13 Mem:31.51M (Peak 38.22M) | Time:00:00.67 | Mem:12.00M, Peak:12.00M | Scene, ViewLayer | Loading render kernels (may take a few minutes the first time)
Fra:13 Mem:31.60M (Peak 38.22M) | Time:00:00.67 | Mem:12.00M, Peak:12.00M | Scene, ViewLayer | Updating Procedurals
Fra:13 Mem:31.60M (Peak 38.22M) | Time:00:00.67 | Mem:12.00M, Peak:12.00M | Scene, ViewLayer | Updating Background
Fra:13 Mem:31.60M (Peak 38.22M) | Time:00:00.67 | Mem:12.00M, Peak:12.00M | Scene, ViewLayer | Updating Camera
Fra:13 Mem:31.60M (Peak 38.22M) | Time:00:00.67 | Mem:12.00M, Peak:12.00M | Scene, ViewLayer | Updating Meshes Flags
Fra:13 Mem:31.60M (Peak 38.22M) | Time:00:00.67 | Mem:12.00M, Peak:12.00M | Scene, ViewLayer | Updating Objects
Fra:13 Mem:31.60M (Peak 38.22M) | Time:00:00.67 | Mem:12.00M, Peak:12.00M | Scene, ViewLayer | Updating Objects | Copying Transformations to device
Fra:13 Mem:31.61M (Peak 38.22M) | Time:00:00.67 | Mem:12.02M, Peak:12.02M | Scene, ViewLayer | Updating Particle Systems
Fra:13 Mem:31.61M (Peak 38.22M) | Time:00:00.67 | Mem:12.02M, Peak:12.02M | Scene, ViewLayer | Updating Particle Systems | Copying Particles to device
Fra:13 Mem:31.61M (Peak 38.22M) | Time:00:00.67 | Mem:12.02M, Peak:12.02M | Scene, ViewLayer | Updating Meshes
Fra:13 Mem:34.31M (Peak 38.22M) | Time:00:00.68 | Mem:12.02M, Peak:12.02M | Scene, ViewLayer | Updating Objects | Applying Static Transformations
Fra:13 Mem:34.31M (Peak 38.22M) | Time:00:00.68 | Mem:12.02M, Peak:12.02M | Scene, ViewLayer | Updating Mesh | Computing attributes
Fra:13 Mem:37.86M (Peak 38.22M) | Time:00:00.69 | Mem:12.03M, Peak:12.03M | Scene, ViewLayer | Updating Mesh | Copying Attributes to device
Fra:13 Mem:37.84M (Peak 38.22M) | Time:00:00.69 | Mem:15.55M, Peak:15.55M | Scene, ViewLayer | Updating Scene BVH | Building
Fra:13 Mem:37.84M (Peak 38.22M) | Time:00:00.69 | Mem:15.55M, Peak:15.55M | Scene, ViewLayer | Updating Scene BVH | Building BVH
Fra:13 Mem:37.84M (Peak 38.22M) | Time:00:00.69 | Mem:16.99M, Peak:16.99M | Scene, ViewLayer | Updating Scene BVH | Building BVH 0%
Fra:13 Mem:37.84M (Peak 38.22M) | Time:00:00.69 | Mem:18.55M, Peak:19.99M | Scene, ViewLayer | Updating Scene BVH | Copying BVH to device
Fra:13 Mem:37.84M (Peak 38.22M) | Time:00:00.69 | Mem:18.55M, Peak:19.99M | Scene, ViewLayer | Updating Mesh | Computing normals
Fra:13 Mem:39.11M (Peak 39.11M) | Time:00:00.69 | Mem:18.55M, Peak:19.99M | Scene, ViewLayer | Updating Mesh | Copying Mesh to device
Fra:13 Mem:39.11M (Peak 39.11M) | Time:00:00.69 | Mem:19.82M, Peak:19.99M | Scene, ViewLayer | Updating Objects Flags
Fra:13 Mem:39.11M (Peak 39.11M) | Time:00:00.69 | Mem:19.82M, Peak:19.99M | Scene, ViewLayer | Updating Primitive Offsets
Fra:13 Mem:39.11M (Peak 39.11M) | Time:00:00.69 | Mem:19.82M, Peak:19.99M | Scene, ViewLayer | Updating Images
Fra:13 Mem:39.11M (Peak 39.11M) | Time:00:00.69 | Mem:19.82M, Peak:19.99M | Scene, ViewLayer | Updating Camera Volume
Fra:13 Mem:39.11M (Peak 39.11M) | Time:00:00.69 | Mem:19.82M, Peak:19.99M | Scene, ViewLayer | Updating Lookup Tables
Fra:13 Mem:39.11M (Peak 39.11M) | Time:00:00.69 | Mem:19.91M, Peak:19.99M | Scene, ViewLayer | Updating Lights
Fra:13 Mem:39.11M (Peak 39.11M) | Time:00:00.69 | Mem:19.91M, Peak:19.99M | Scene, ViewLayer | Updating Lights | Computing tree
Fra:13 Mem:39.11M (Peak 39.11M) | Time:00:00.69 | Mem:19.91M, Peak:19.99M | Scene, ViewLayer | Updating Integrator
Fra:13 Mem:39.11M (Peak 39.11M) | Time:00:00.69 | Mem:19.91M, Peak:19.99M | Scene, ViewLayer | Updating Film
Fra:13 Mem:39.12M (Peak 39.12M) | Time:00:00.69 | Mem:19.83M, Peak:19.99M | Scene, ViewLayer | Updating Lookup Tables
Fra:13 Mem:39.12M (Peak 39.12M) | Time:00:00.69 | Mem:19.91M, Peak:19.99M | Scene, ViewLayer | Updating Baking
Fra:13 Mem:39.12M (Peak 39.12M) | Time:00:00.69 | Mem:19.91M, Peak:19.99M | Scene, ViewLayer | Updating Device | Writing constant memory
Fra:13 Mem:39.12M (Peak 39.12M) | Time:00:00.69 | Mem:19.91M, Peak:19.99M | Scene, ViewLayer | Loading denoising kernels (may take a few minutes the first time)
Fra:13 Mem:39.12M (Peak 39.12M) | Time:00:00.69 | Mem:19.91M, Peak:19.99M | Scene, ViewLayer | Sample 0/12
Fra:13 Mem:61.41M (Peak 61.41M) | Time:00:00.94 | Remaining:00:02.74 | Mem:42.19M, Peak:42.19M | Scene, ViewLayer | Sample 1/12
Fra:13 Mem:70.78M (Peak 84.85M) | Time:00:06.77 | Mem:42.19M, Peak:42.19M | Scene, ViewLayer | Sample 12/12
Fra:13 Mem:70.78M (Peak 84.85M) | Time:00:06.77 | Mem:42.19M, Peak:42.19M | Scene, ViewLayer | Finished
Saved: '/home/lzzz/MyProjects/N-SIDE/output/yao-jacket-r11/candidate-jump13.png'
Time: 00:06.80 (Saving: 00:00.02)

Fra:21 Mem:21.49M (Peak 22.36M) | Time:00:00.03 | Mem:0.00M, Peak:0.00M | Scene, ViewLayer | Synchronizing object | TShirt
Fra:21 Mem:21.64M (Peak 22.36M) | Time:00:00.03 | Mem:0.00M, Peak:0.00M | Scene, ViewLayer | Synchronizing object | TShirt_Collar
Fra:21 Mem:21.67M (Peak 22.36M) | Time:00:00.03 | Mem:0.00M, Peak:0.00M | Scene, ViewLayer | Synchronizing object | Hood
Fra:21 Mem:21.77M (Peak 22.36M) | Time:00:00.03 | Mem:0.00M, Peak:0.00M | Scene, ViewLayer | Synchronizing object | Sleeve_Cuff.L
Fra:21 Mem:21.77M (Peak 22.36M) | Time:00:00.03 | Mem:0.00M, Peak:0.00M | Scene, ViewLayer | Synchronizing object | Hood_Cord.L
Fra:21 Mem:21.81M (Peak 22.36M) | Time:00:00.05 | Mem:0.00M, Peak:0.00M | Scene, ViewLayer | Synchronizing object | Palm.L
Fra:21 Mem:21.86M (Peak 22.36M) | Time:00:00.05 | Mem:0.00M, Peak:0.00M | Scene, ViewLayer | Synchronizing object | Index_Mesh.L
Fra:21 Mem:21.87M (Peak 22.36M) | Time:00:00.05 | Mem:0.00M, Peak:0.00M | Scene, ViewLayer | Synchronizing object | Middle_Mesh.L
Fra:21 Mem:21.88M (Peak 22.36M) | Time:00:00.05 | Mem:0.00M, Peak:0.00M | Scene, ViewLayer | Synchronizing object | Ring_Mesh.L
Fra:21 Mem:21.91M (Peak 22.36M) | Time:00:00.05 | Mem:0.00M, Peak:0.00M | Scene, ViewLayer | Synchronizing object | Pinky_Mesh.L
Fra:21 Mem:21.88M (Peak 22.36M) | Time:00:00.05 | Mem:0.00M, Peak:0.00M | Scene, ViewLayer | Synchronizing object | Thumb_Mesh.L
Fra:21 Mem:22.07M (Peak 22.36M) | Time:00:00.08 | Mem:0.00M, Peak:0.00M | Scene, ViewLayer | Synchronizing object | Trousers.L
Fra:21 Mem:22.33M (Peak 22.36M) | Time:00:00.08 | Mem:0.00M, Peak:0.00M | Scene, ViewLayer | Synchronizing object | Sneaker_Sole.L
Fra:21 Mem:22.34M (Peak 22.36M) | Time:00:00.08 | Mem:0.00M, Peak:0.00M | Scene, ViewLayer | Synchronizing object | Sneaker_Upper.L
Fra:21 Mem:22.36M (Peak 22.36M) | Time:00:00.08 | Mem:0.00M, Peak:0.00M | Scene, ViewLayer | Synchronizing object | Sock.L
Fra:21 Mem:22.37M (Peak 22.37M) | Time:00:00.08 | Mem:0.00M, Peak:0.00M | Scene, ViewLayer | Synchronizing object | Lace_0.L
Fra:21 Mem:22.37M (Peak 22.37M) | Time:00:00.08 | Mem:0.00M, Peak:0.00M | Scene, ViewLayer | Synchronizing object | Lace_1.L
Fra:21 Mem:22.37M (Peak 22.37M) | Time:00:00.08 | Mem:0.00M, Peak:0.00M | Scene, ViewLayer | Synchronizing object | Lace_2.L
Fra:21 Mem:22.38M (Peak 22.38M) | Time:00:00.08 | Mem:0.00M, Peak:0.00M | Scene, ViewLayer | Synchronizing object | Lace_3.L
Fra:21 Mem:22.38M (Peak 22.38M) | Time:00:00.08 | Mem:0.00M, Peak:0.00M | Scene, ViewLayer | Synchronizing object | Heel_Tab.L
Fra:21 Mem:22.38M (Peak 22.38M) | Time:00:00.08 | Mem:0.00M, Peak:0.00M | Scene, ViewLayer | Synchronizing object | Sleeve_Cuff.R
Fra:21 Mem:22.39M (Peak 22.39M) | Time:00:00.08 | Mem:0.00M, Peak:0.00M | Scene, ViewLayer | Synchronizing object | Hood_Cord.R
Fra:21 Mem:22.43M (Peak 22.43M) | Time:00:00.09 | Mem:0.00M, Peak:0.00M | Scene, ViewLayer | Synchronizing object | Palm.R
Fra:21 Mem:22.48M (Peak 22.48M) | Time:00:00.09 | Mem:0.00M, Peak:0.00M | Scene, ViewLayer | Synchronizing object | Index_Mesh.R
Fra:21 Mem:22.48M (Peak 22.48M) | Time:00:00.09 | Mem:0.00M, Peak:0.00M | Scene, ViewLayer | Synchronizing object | Middle_Mesh.R
Fra:21 Mem:22.49M (Peak 22.49M) | Time:00:00.09 | Mem:0.00M, Peak:0.00M | Scene, ViewLayer | Synchronizing object | Ring_Mesh.R
Fra:21 Mem:22.53M (Peak 22.53M) | Time:00:00.09 | Mem:0.00M, Peak:0.00M | Scene, ViewLayer | Synchronizing object | Pinky_Mesh.R
Fra:21 Mem:22.51M (Peak 22.53M) | Time:00:00.09 | Mem:0.00M, Peak:0.00M | Scene, ViewLayer | Synchronizing object | Thumb_Mesh.R
Fra:21 Mem:22.68M (Peak 22.68M) | Time:00:00.13 | Mem:0.00M, Peak:0.00M | Scene, ViewLayer | Synchronizing object | Trousers.R
Fra:21 Mem:22.96M (Peak 22.96M) | Time:00:00.13 | Mem:0.00M, Peak:0.00M | Scene, ViewLayer | Synchronizing object | Sneaker_Sole.R
Fra:21 Mem:22.97M (Peak 22.97M) | Time:00:00.13 | Mem:0.00M, Peak:0.00M | Scene, ViewLayer | Synchronizing object | Sneaker_Upper.R
Fra:21 Mem:22.99M (Peak 22.99M) | Time:00:00.13 | Mem:0.00M, Peak:0.00M | Scene, ViewLayer | Synchronizing object | Sock.R
Fra:21 Mem:23.00M (Peak 23.00M) | Time:00:00.13 | Mem:0.00M, Peak:0.00M | Scene, ViewLayer | Synchronizing object | Lace_0.R
Fra:21 Mem:23.09M (Peak 23.09M) | Time:00:00.13 | Mem:0.00M, Peak:0.00M | Scene, ViewLayer | Synchronizing object | Lace_1.R
Fra:21 Mem:23.09M (Peak 23.09M) | Time:00:00.13 | Mem:0.00M, Peak:0.00M | Scene, ViewLayer | Synchronizing object | Lace_2.R
Fra:21 Mem:23.02M (Peak 23.09M) | Time:00:00.13 | Mem:0.00M, Peak:0.00M | Scene, ViewLayer | Synchronizing object | Lace_3.R
Fra:21 Mem:23.03M (Peak 23.09M) | Time:00:00.13 | Mem:0.00M, Peak:0.00M | Scene, ViewLayer | Synchronizing object | Heel_Tab.R
Fra:21 Mem:23.57M (Peak 23.57M) | Time:00:00.17 | Mem:0.00M, Peak:0.00M | Scene, ViewLayer | Synchronizing object | Jacket_ContinuousShoulders
Fra:21 Mem:24.80M (Peak 24.80M) | Time:00:00.57 | Mem:0.00M, Peak:0.00M | Scene, ViewLayer | Synchronizing object | Face_Head
Fra:21 Mem:25.46M (Peak 25.46M) | Time:00:00.58 | Mem:0.00M, Peak:0.00M | Scene, ViewLayer | Synchronizing object | Ear.L
Fra:21 Mem:25.52M (Peak 25.52M) | Time:00:00.58 | Mem:0.00M, Peak:0.00M | Scene, ViewLayer | Synchronizing object | Ear_Fold.L
Fra:21 Mem:25.57M (Peak 25.57M) | Time:00:00.59 | Mem:0.00M, Peak:0.00M | Scene, ViewLayer | Synchronizing object | Ear.R
Fra:21 Mem:25.63M (Peak 25.63M) | Time:00:00.59 | Mem:0.00M, Peak:0.00M | Scene, ViewLayer | Synchronizing object | Ear_Fold.R
Fra:21 Mem:25.64M (Peak 25.64M) | Time:00:00.59 | Mem:0.00M, Peak:0.00M | Scene, ViewLayer | Synchronizing object | Eye_White.L
Fra:21 Mem:25.65M (Peak 25.65M) | Time:00:00.59 | Mem:0.00M, Peak:0.00M | Scene, ViewLayer | Synchronizing object | Iris_hair.L
Fra:21 Mem:25.65M (Peak 25.65M) | Time:00:00.59 | Mem:0.00M, Peak:0.00M | Scene, ViewLayer | Synchronizing object | Iris_ink.L
Fra:21 Mem:25.66M (Peak 25.66M) | Time:00:00.59 | Mem:0.00M, Peak:0.00M | Scene, ViewLayer | Synchronizing object | Eye_Glint.L
Fra:21 Mem:25.67M (Peak 25.67M) | Time:00:00.59 | Mem:0.00M, Peak:0.00M | Scene, ViewLayer | Synchronizing object | Upper_Lid.L
Fra:21 Mem:25.68M (Peak 25.68M) | Time:00:00.59 | Mem:0.00M, Peak:0.00M | Scene, ViewLayer | Synchronizing object | Lower_Lid.L
Fra:21 Mem:25.68M (Peak 25.68M) | Time:00:00.59 | Mem:0.00M, Peak:0.00M | Scene, ViewLayer | Synchronizing object | Eyebrow.L
Fra:21 Mem:25.69M (Peak 25.69M) | Time:00:00.59 | Mem:0.00M, Peak:0.00M | Scene, ViewLayer | Synchronizing object | Eye_White.R
Fra:21 Mem:25.69M (Peak 25.69M) | Time:00:00.59 | Mem:0.00M, Peak:0.00M | Scene, ViewLayer | Synchronizing object | Iris_hair.R
Fra:21 Mem:25.70M (Peak 25.70M) | Time:00:00.59 | Mem:0.00M, Peak:0.00M | Scene, ViewLayer | Synchronizing object | Iris_ink.R
Fra:21 Mem:25.71M (Peak 25.71M) | Time:00:00.59 | Mem:0.00M, Peak:0.00M | Scene, ViewLayer | Synchronizing object | Eye_Glint.R
Fra:21 Mem:25.72M (Peak 25.72M) | Time:00:00.59 | Mem:0.00M, Peak:0.00M | Scene, ViewLayer | Synchronizing object | Upper_Lid.R
Fra:21 Mem:25.73M (Peak 25.73M) | Time:00:00.59 | Mem:0.00M, Peak:0.00M | Scene, ViewLayer | Synchronizing object | Lower_Lid.R
Fra:21 Mem:25.73M (Peak 25.73M) | Time:00:00.59 | Mem:0.00M, Peak:0.00M | Scene, ViewLayer | Synchronizing object | Eyebrow.R
Fra:21 Mem:25.74M (Peak 25.74M) | Time:00:00.59 | Mem:0.00M, Peak:0.00M | Scene, ViewLayer | Synchronizing object | Mouth
Fra:21 Mem:25.75M (Peak 25.75M) | Time:00:00.59 | Mem:0.00M, Peak:0.00M | Scene, ViewLayer | Synchronizing object | Hair_Cap
Fra:21 Mem:27.33M (Peak 27.33M) | Time:00:00.65 | Mem:0.00M, Peak:0.00M | Scene, ViewLayer | Synchronizing object | Hair_CrownBase
Fra:21 Mem:27.42M (Peak 27.42M) | Time:00:00.65 | Mem:0.00M, Peak:0.00M | Scene, ViewLayer | Synchronizing object | Review_Rim
Fra:21 Mem:27.42M (Peak 27.42M) | Time:00:00.65 | Mem:0.00M, Peak:0.00M | Scene, ViewLayer | Synchronizing object | Bangs_00
Fra:21 Mem:27.43M (Peak 27.43M) | Time:00:00.65 | Mem:0.00M, Peak:0.00M | Scene, ViewLayer | Synchronizing object | Review_Fill
Fra:21 Mem:27.43M (Peak 27.43M) | Time:00:00.65 | Mem:0.00M, Peak:0.00M | Scene, ViewLayer | Synchronizing object | Review_Key
Fra:21 Mem:27.44M (Peak 27.44M) | Time:00:00.65 | Mem:0.00M, Peak:0.00M | Scene, ViewLayer | Synchronizing object | Review_Ground
Fra:21 Mem:27.44M (Peak 27.44M) | Time:00:00.65 | Mem:0.00M, Peak:0.00M | Scene, ViewLayer | Synchronizing object | Bangs_01
Fra:21 Mem:27.44M (Peak 27.44M) | Time:00:00.65 | Mem:0.00M, Peak:0.00M | Scene, ViewLayer | Synchronizing object | Tee_Bar
Fra:21 Mem:27.45M (Peak 27.45M) | Time:00:00.65 | Mem:0.00M, Peak:0.00M | Scene, ViewLayer | Synchronizing object | Tee_Dot_1.246
Fra:21 Mem:27.45M (Peak 27.45M) | Time:00:00.65 | Mem:0.00M, Peak:0.00M | Scene, ViewLayer | Synchronizing object | Bangs_02
Fra:21 Mem:27.47M (Peak 27.47M) | Time:00:00.65 | Mem:0.00M, Peak:0.00M | Scene, ViewLayer | Synchronizing object | Tee_Dot_1.275
Fra:21 Mem:27.48M (Peak 27.48M) | Time:00:00.65 | Mem:0.00M, Peak:0.00M | Scene, ViewLayer | Synchronizing object | Bangs_03
Fra:21 Mem:27.48M (Peak 27.48M) | Time:00:00.65 | Mem:0.00M, Peak:0.00M | Scene, ViewLayer | Synchronizing object | Crown_0.R
Fra:21 Mem:27.51M (Peak 27.51M) | Time:00:00.65 | Mem:0.00M, Peak:0.00M | Scene, ViewLayer | Synchronizing object | Bangs_04
Fra:21 Mem:27.53M (Peak 27.53M) | Time:00:00.65 | Mem:0.00M, Peak:0.00M | Scene, ViewLayer | Synchronizing object | Crown_0.L
Fra:21 Mem:27.55M (Peak 27.55M) | Time:00:00.65 | Mem:0.00M, Peak:0.00M | Scene, ViewLayer | Synchronizing object | Bangs_05
Fra:21 Mem:27.56M (Peak 27.56M) | Time:00:00.65 | Mem:0.00M, Peak:0.00M | Scene, ViewLayer | Synchronizing object | Temple_2.R
Fra:21 Mem:27.58M (Peak 27.58M) | Time:00:00.65 | Mem:0.00M, Peak:0.00M | Scene, ViewLayer | Synchronizing object | Temple_0.L
Fra:21 Mem:27.60M (Peak 27.60M) | Time:00:00.65 | Mem:0.00M, Peak:0.00M | Scene, ViewLayer | Synchronizing object | Temple_1.R
Fra:21 Mem:27.62M (Peak 27.62M) | Time:00:00.65 | Mem:0.00M, Peak:0.00M | Scene, ViewLayer | Synchronizing object | Temple_1.L
Fra:21 Mem:27.63M (Peak 27.63M) | Time:00:00.65 | Mem:0.00M, Peak:0.00M | Scene, ViewLayer | Synchronizing object | Temple_0.R
Fra:21 Mem:27.65M (Peak 27.65M) | Time:00:00.65 | Mem:0.00M, Peak:0.00M | Scene, ViewLayer | Synchronizing object | Temple_2.L
Fra:21 Mem:27.67M (Peak 27.67M) | Time:00:00.65 | Mem:0.00M, Peak:0.00M | Scene, ViewLayer | Initializing
Fra:21 Mem:22.20M (Peak 27.67M) | Time:00:00.65 | Mem:0.00M, Peak:0.00M | Scene, ViewLayer | Updating Images | Loading CHR001_GreyStudy_Normal
Fra:21 Mem:34.22M (Peak 38.22M) | Time:00:00.66 | Mem:4.00M, Peak:4.00M | Scene, ViewLayer | Updating Images | Loading CHR001_GreyStudy_Surface
Fra:21 Mem:31.51M (Peak 38.22M) | Time:00:00.67 | Mem:12.00M, Peak:12.00M | Scene, ViewLayer | Waiting for render to start
Fra:21 Mem:31.51M (Peak 38.22M) | Time:00:00.67 | Mem:12.00M, Peak:12.00M | Scene, ViewLayer | Updating Scene
Fra:21 Mem:31.51M (Peak 38.22M) | Time:00:00.67 | Mem:12.00M, Peak:12.00M | Scene, ViewLayer | Updating Shaders
Fra:21 Mem:31.51M (Peak 38.22M) | Time:00:00.67 | Mem:12.00M, Peak:12.00M | Scene, ViewLayer | Loading render kernels (may take a few minutes the first time)
Fra:21 Mem:31.60M (Peak 38.22M) | Time:00:00.67 | Mem:12.00M, Peak:12.00M | Scene, ViewLayer | Updating Procedurals
Fra:21 Mem:31.60M (Peak 38.22M) | Time:00:00.67 | Mem:12.00M, Peak:12.00M | Scene, ViewLayer | Updating Background
Fra:21 Mem:31.60M (Peak 38.22M) | Time:00:00.67 | Mem:12.00M, Peak:12.00M | Scene, ViewLayer | Updating Camera
Fra:21 Mem:31.60M (Peak 38.22M) | Time:00:00.67 | Mem:12.00M, Peak:12.00M | Scene, ViewLayer | Updating Meshes Flags
Fra:21 Mem:31.60M (Peak 38.22M) | Time:00:00.67 | Mem:12.00M, Peak:12.00M | Scene, ViewLayer | Updating Objects
Fra:21 Mem:31.60M (Peak 38.22M) | Time:00:00.67 | Mem:12.00M, Peak:12.00M | Scene, ViewLayer | Updating Objects | Copying Transformations to device
Fra:21 Mem:31.61M (Peak 38.22M) | Time:00:00.67 | Mem:12.02M, Peak:12.02M | Scene, ViewLayer | Updating Particle Systems
Fra:21 Mem:31.61M (Peak 38.22M) | Time:00:00.67 | Mem:12.02M, Peak:12.02M | Scene, ViewLayer | Updating Particle Systems | Copying Particles to device
Fra:21 Mem:31.61M (Peak 38.22M) | Time:00:00.67 | Mem:12.02M, Peak:12.02M | Scene, ViewLayer | Updating Meshes
Fra:21 Mem:34.31M (Peak 38.22M) | Time:00:00.69 | Mem:12.02M, Peak:12.02M | Scene, ViewLayer | Updating Objects | Applying Static Transformations
Fra:21 Mem:34.31M (Peak 38.22M) | Time:00:00.69 | Mem:12.02M, Peak:12.02M | Scene, ViewLayer | Updating Mesh | Computing attributes
Fra:21 Mem:37.86M (Peak 38.22M) | Time:00:00.69 | Mem:12.03M, Peak:12.03M | Scene, ViewLayer | Updating Mesh | Copying Attributes to device
Fra:21 Mem:37.84M (Peak 38.22M) | Time:00:00.69 | Mem:15.55M, Peak:15.55M | Scene, ViewLayer | Updating Scene BVH | Building
Fra:21 Mem:37.84M (Peak 38.22M) | Time:00:00.69 | Mem:15.55M, Peak:15.55M | Scene, ViewLayer | Updating Scene BVH | Building BVH
Fra:21 Mem:37.84M (Peak 38.22M) | Time:00:00.69 | Mem:16.99M, Peak:16.99M | Scene, ViewLayer | Updating Scene BVH | Building BVH 0%
Fra:21 Mem:37.84M (Peak 38.22M) | Time:00:00.69 | Mem:18.55M, Peak:19.99M | Scene, ViewLayer | Updating Scene BVH | Copying BVH to device
Fra:21 Mem:37.84M (Peak 38.22M) | Time:00:00.69 | Mem:18.55M, Peak:19.99M | Scene, ViewLayer | Updating Mesh | Computing normals
Fra:21 Mem:39.11M (Peak 39.11M) | Time:00:00.69 | Mem:18.55M, Peak:19.99M | Scene, ViewLayer | Updating Mesh | Copying Mesh to device
Fra:21 Mem:39.11M (Peak 39.11M) | Time:00:00.69 | Mem:19.82M, Peak:19.99M | Scene, ViewLayer | Updating Objects Flags
Fra:21 Mem:39.11M (Peak 39.11M) | Time:00:00.69 | Mem:19.82M, Peak:19.99M | Scene, ViewLayer | Updating Primitive Offsets
Fra:21 Mem:39.11M (Peak 39.11M) | Time:00:00.69 | Mem:19.82M, Peak:19.99M | Scene, ViewLayer | Updating Images
Fra:21 Mem:39.11M (Peak 39.11M) | Time:00:00.69 | Mem:19.82M, Peak:19.99M | Scene, ViewLayer | Updating Camera Volume
Fra:21 Mem:39.11M (Peak 39.11M) | Time:00:00.69 | Mem:19.82M, Peak:19.99M | Scene, ViewLayer | Updating Lookup Tables
Fra:21 Mem:39.11M (Peak 39.11M) | Time:00:00.69 | Mem:19.91M, Peak:19.99M | Scene, ViewLayer | Updating Lights
Fra:21 Mem:39.11M (Peak 39.11M) | Time:00:00.69 | Mem:19.91M, Peak:19.99M | Scene, ViewLayer | Updating Lights | Computing tree
Fra:21 Mem:39.11M (Peak 39.11M) | Time:00:00.69 | Mem:19.91M, Peak:19.99M | Scene, ViewLayer | Updating Integrator
Fra:21 Mem:39.11M (Peak 39.11M) | Time:00:00.69 | Mem:19.91M, Peak:19.99M | Scene, ViewLayer | Updating Film
Fra:21 Mem:39.12M (Peak 39.12M) | Time:00:00.69 | Mem:19.83M, Peak:19.99M | Scene, ViewLayer | Updating Lookup Tables
Fra:21 Mem:39.12M (Peak 39.12M) | Time:00:00.69 | Mem:19.91M, Peak:19.99M | Scene, ViewLayer | Updating Baking
Fra:21 Mem:39.12M (Peak 39.12M) | Time:00:00.69 | Mem:19.91M, Peak:19.99M | Scene, ViewLayer | Updating Device | Writing constant memory
Fra:21 Mem:39.12M (Peak 39.12M) | Time:00:00.69 | Mem:19.91M, Peak:19.99M | Scene, ViewLayer | Loading denoising kernels (may take a few minutes the first time)
Fra:21 Mem:39.12M (Peak 39.12M) | Time:00:00.69 | Mem:19.91M, Peak:19.99M | Scene, ViewLayer | Sample 0/12
Fra:21 Mem:61.41M (Peak 61.41M) | Time:00:00.94 | Remaining:00:02.74 | Mem:42.19M, Peak:42.19M | Scene, ViewLayer | Sample 1/12
Fra:21 Mem:70.78M (Peak 84.85M) | Time:00:06.79 | Mem:42.19M, Peak:42.19M | Scene, ViewLayer | Sample 12/12
Fra:21 Mem:70.78M (Peak 84.85M) | Time:00:06.79 | Mem:42.19M, Peak:42.19M | Scene, ViewLayer | Finished
Saved: '/home/lzzz/MyProjects/N-SIDE/output/yao-jacket-r11/candidate-jump21.png'
Time: 00:06.82 (Saving: 00:00.02)


Blender quit
