INFO Draco mesh compression is available, use library at /home/lzzz/MyProjects/N-SIDE/output/tools/blender-4.5.14-linux-x64/4.5/scripts/addons_core/io_scene_gltf2/libextern_draco.so
04:04:14 | INFO: Starting glTF 2.0 export
04:04:14 | INFO: Extracting primitive: CourtyardShrub
04:04:14 | INFO: Primitives created: 1
04:04:14 | INFO: Finished glTF 2.0 export in 0.011885404586791992 s
Blender 4.5.14 LTS (hash 62c1db4208e8 built 2026-09-15 01:31:19)
Read blend: "/home/lzzz/MyProjects/N-SIDE/source-assets/environment-kit/vegetation/shrub-courtyard.blend"
Fra:1 Mem:10.19M (Peak 10.19M) | Time:00:00.00 | Mem:0.00M, Peak:0.00M | Scene, ViewLayer | Synchronizing object | CourtyardShrub
Fra:1 Mem:10.20M (Peak 10.20M) | Time:00:00.00 | Mem:0.00M, Peak:0.00M | Scene, ViewLayer | Synchronizing object | Plane
Fra:1 Mem:10.51M (Peak 10.51M) | Time:00:00.00 | Mem:0.00M, Peak:0.00M | Scene, ViewLayer | Synchronizing object | Area
Fra:1 Mem:10.97M (Peak 10.97M) | Time:00:00.00 | Mem:0.00M, Peak:0.00M | Scene, ViewLayer | Initializing
Fra:1 Mem:10.75M (Peak 10.97M) | Time:00:00.00 | Mem:0.00M, Peak:0.00M | Scene, ViewLayer | Waiting for render to start
Fra:1 Mem:10.75M (Peak 10.97M) | Time:00:00.00 | Mem:0.00M, Peak:0.00M | Scene, ViewLayer | Updating Scene
Fra:1 Mem:10.75M (Peak 10.97M) | Time:00:00.00 | Mem:0.00M, Peak:0.00M | Scene, ViewLayer | Updating Shaders
Fra:1 Mem:10.75M (Peak 10.97M) | Time:00:00.00 | Mem:0.00M, Peak:0.00M | Scene, ViewLayer | Loading render kernels (may take a few minutes the first time)
Fra:1 Mem:10.83M (Peak 10.97M) | Time:00:00.00 | Mem:0.00M, Peak:0.00M | Scene, ViewLayer | Updating Procedurals
Fra:1 Mem:10.83M (Peak 10.97M) | Time:00:00.00 | Mem:0.00M, Peak:0.00M | Scene, ViewLayer | Updating Background
Fra:1 Mem:10.83M (Peak 10.97M) | Time:00:00.00 | Mem:0.00M, Peak:0.00M | Scene, ViewLayer | Updating Camera
Fra:1 Mem:10.83M (Peak 10.97M) | Time:00:00.00 | Mem:0.00M, Peak:0.00M | Scene, ViewLayer | Updating Meshes Flags
Fra:1 Mem:10.83M (Peak 10.97M) | Time:00:00.00 | Mem:0.00M, Peak:0.00M | Scene, ViewLayer | Updating Objects
Fra:1 Mem:10.83M (Peak 10.97M) | Time:00:00.00 | Mem:0.00M, Peak:0.00M | Scene, ViewLayer | Updating Objects | Copying Transformations to device
Fra:1 Mem:10.84M (Peak 10.97M) | Time:00:00.00 | Mem:0.00M, Peak:0.00M | Scene, ViewLayer | Updating Particle Systems
Fra:1 Mem:10.84M (Peak 10.97M) | Time:00:00.00 | Mem:0.00M, Peak:0.00M | Scene, ViewLayer | Updating Particle Systems | Copying Particles to device
Fra:1 Mem:10.84M (Peak 10.97M) | Time:00:00.00 | Mem:0.00M, Peak:0.00M | Scene, ViewLayer | Updating Meshes
Fra:1 Mem:10.84M (Peak 10.97M) | Time:00:00.00 | Mem:0.00M, Peak:0.00M | Scene, ViewLayer | Updating Objects | Applying Static Transformations
Fra:1 Mem:10.84M (Peak 10.97M) | Time:00:00.00 | Mem:0.00M, Peak:0.00M | Scene, ViewLayer | Updating Mesh | Computing attributes
Fra:1 Mem:11.19M (Peak 11.19M) | Time:00:00.00 | Mem:0.00M, Peak:0.00M | Scene, ViewLayer | Updating Mesh | Copying Attributes to device
Fra:1 Mem:11.19M (Peak 11.19M) | Time:00:00.00 | Mem:0.35M, Peak:0.35M | Scene, ViewLayer | Updating Scene BVH | Building
Fra:1 Mem:11.19M (Peak 11.19M) | Time:00:00.00 | Mem:0.35M, Peak:0.35M | Scene, ViewLayer | Updating Scene BVH | Building BVH
Fra:1 Mem:11.19M (Peak 11.19M) | Time:00:00.00 | Mem:0.53M, Peak:0.53M | Scene, ViewLayer | Updating Scene BVH | Building BVH 0%
Fra:1 Mem:11.19M (Peak 11.19M) | Time:00:00.00 | Mem:0.77M, Peak:0.94M | Scene, ViewLayer | Updating Scene BVH | Copying BVH to device
Fra:1 Mem:11.19M (Peak 11.19M) | Time:00:00.00 | Mem:0.77M, Peak:0.94M | Scene, ViewLayer | Updating Mesh | Computing normals
Fra:1 Mem:11.44M (Peak 11.44M) | Time:00:00.00 | Mem:0.77M, Peak:0.94M | Scene, ViewLayer | Updating Mesh | Copying Mesh to device
Fra:1 Mem:11.44M (Peak 11.44M) | Time:00:00.00 | Mem:1.02M, Peak:1.02M | Scene, ViewLayer | Updating Objects Flags
Fra:1 Mem:11.44M (Peak 11.44M) | Time:00:00.00 | Mem:1.02M, Peak:1.02M | Scene, ViewLayer | Updating Primitive Offsets
Fra:1 Mem:11.44M (Peak 11.44M) | Time:00:00.00 | Mem:1.02M, Peak:1.02M | Scene, ViewLayer | Updating Images
Fra:1 Mem:11.44M (Peak 11.44M) | Time:00:00.00 | Mem:1.02M, Peak:1.02M | Scene, ViewLayer | Updating Camera Volume
Fra:1 Mem:11.44M (Peak 11.44M) | Time:00:00.00 | Mem:1.02M, Peak:1.02M | Scene, ViewLayer | Updating Lookup Tables
Fra:1 Mem:11.44M (Peak 11.44M) | Time:00:00.00 | Mem:1.10M, Peak:1.10M | Scene, ViewLayer | Updating Lights
Fra:1 Mem:11.44M (Peak 11.44M) | Time:00:00.00 | Mem:1.10M, Peak:1.10M | Scene, ViewLayer | Updating Lights | Computing tree
Fra:1 Mem:11.44M (Peak 11.44M) | Time:00:00.00 | Mem:1.10M, Peak:1.10M | Scene, ViewLayer | Updating Integrator
Fra:1 Mem:11.44M (Peak 11.44M) | Time:00:00.00 | Mem:1.10M, Peak:1.10M | Scene, ViewLayer | Updating Film
Fra:1 Mem:11.44M (Peak 11.44M) | Time:00:00.00 | Mem:1.02M, Peak:1.10M | Scene, ViewLayer | Updating Lookup Tables
Fra:1 Mem:11.44M (Peak 11.44M) | Time:00:00.00 | Mem:1.11M, Peak:1.11M | Scene, ViewLayer | Updating Baking
Fra:1 Mem:11.44M (Peak 11.44M) | Time:00:00.00 | Mem:1.11M, Peak:1.11M | Scene, ViewLayer | Updating Device | Writing constant memory
Fra:1 Mem:11.45M (Peak 11.45M) | Time:00:00.00 | Mem:1.11M, Peak:1.11M | Scene, ViewLayer | Loading denoising kernels (may take a few minutes the first time)
Fra:1 Mem:11.45M (Peak 11.45M) | Time:00:00.00 | Mem:1.11M, Peak:1.11M | Scene, ViewLayer | Sample 0/24
Fra:1 Mem:49.04M (Peak 49.04M) | Time:00:00.43 | Remaining:00:09.89 | Mem:38.68M, Peak:38.68M | Scene, ViewLayer | Sample 1/24
Fra:1 Mem:64.87M (Peak 88.60M) | Time:00:15.56 | Mem:38.68M, Peak:38.68M | Scene, ViewLayer | Sample 24/24
Fra:1 Mem:64.87M (Peak 88.60M) | Time:00:15.56 | Mem:38.68M, Peak:38.68M | Scene, ViewLayer | Finished
Saved: 'output/assets/task049-shrub-r1/r2/shrub-front.png'
Time: 00:15.69 (Saving: 00:00.12)

Fra:1 Mem:10.28M (Peak 10.28M) | Time:00:00.00 | Mem:0.00M, Peak:0.00M | Scene, ViewLayer | Synchronizing object | CourtyardShrub
Fra:1 Mem:10.28M (Peak 10.28M) | Time:00:00.00 | Mem:0.00M, Peak:0.00M | Scene, ViewLayer | Synchronizing object | Plane
Fra:1 Mem:10.59M (Peak 10.59M) | Time:00:00.00 | Mem:0.00M, Peak:0.00M | Scene, ViewLayer | Synchronizing object | Area
Fra:1 Mem:10.97M (Peak 10.97M) | Time:00:00.00 | Mem:0.00M, Peak:0.00M | Scene, ViewLayer | Initializing
Fra:1 Mem:10.75M (Peak 10.97M) | Time:00:00.00 | Mem:0.00M, Peak:0.00M | Scene, ViewLayer | Waiting for render to start
Fra:1 Mem:10.75M (Peak 10.97M) | Time:00:00.00 | Mem:0.00M, Peak:0.00M | Scene, ViewLayer | Updating Scene
Fra:1 Mem:10.75M (Peak 10.97M) | Time:00:00.00 | Mem:0.00M, Peak:0.00M | Scene, ViewLayer | Updating Shaders
Fra:1 Mem:10.75M (Peak 10.97M) | Time:00:00.00 | Mem:0.00M, Peak:0.00M | Scene, ViewLayer | Loading render kernels (may take a few minutes the first time)
Fra:1 Mem:10.83M (Peak 10.97M) | Time:00:00.00 | Mem:0.00M, Peak:0.00M | Scene, ViewLayer | Updating Procedurals
Fra:1 Mem:10.83M (Peak 10.97M) | Time:00:00.00 | Mem:0.00M, Peak:0.00M | Scene, ViewLayer | Updating Background
Fra:1 Mem:10.83M (Peak 10.97M) | Time:00:00.00 | Mem:0.00M, Peak:0.00M | Scene, ViewLayer | Updating Camera
Fra:1 Mem:10.83M (Peak 10.97M) | Time:00:00.00 | Mem:0.00M, Peak:0.00M | Scene, ViewLayer | Updating Meshes Flags
Fra:1 Mem:10.83M (Peak 10.97M) | Time:00:00.00 | Mem:0.00M, Peak:0.00M | Scene, ViewLayer | Updating Objects
Fra:1 Mem:10.83M (Peak 10.97M) | Time:00:00.00 | Mem:0.00M, Peak:0.00M | Scene, ViewLayer | Updating Objects | Copying Transformations to device
Fra:1 Mem:10.84M (Peak 10.97M) | Time:00:00.00 | Mem:0.00M, Peak:0.00M | Scene, ViewLayer | Updating Particle Systems
Fra:1 Mem:10.84M (Peak 10.97M) | Time:00:00.00 | Mem:0.00M, Peak:0.00M | Scene, ViewLayer | Updating Particle Systems | Copying Particles to device
Fra:1 Mem:10.84M (Peak 10.97M) | Time:00:00.00 | Mem:0.00M, Peak:0.00M | Scene, ViewLayer | Updating Meshes
Fra:1 Mem:10.84M (Peak 10.97M) | Time:00:00.00 | Mem:0.00M, Peak:0.00M | Scene, ViewLayer | Updating Objects | Applying Static Transformations
Fra:1 Mem:10.84M (Peak 10.97M) | Time:00:00.00 | Mem:0.00M, Peak:0.00M | Scene, ViewLayer | Updating Mesh | Computing attributes
Fra:1 Mem:11.19M (Peak 11.19M) | Time:00:00.00 | Mem:0.00M, Peak:0.00M | Scene, ViewLayer | Updating Mesh | Copying Attributes to device
Fra:1 Mem:11.19M (Peak 11.19M) | Time:00:00.00 | Mem:0.35M, Peak:0.35M | Scene, ViewLayer | Updating Scene BVH | Building
Fra:1 Mem:11.19M (Peak 11.19M) | Time:00:00.00 | Mem:0.35M, Peak:0.35M | Scene, ViewLayer | Updating Scene BVH | Building BVH
Fra:1 Mem:11.19M (Peak 11.19M) | Time:00:00.00 | Mem:0.53M, Peak:0.53M | Scene, ViewLayer | Updating Scene BVH | Building BVH 0%
Fra:1 Mem:11.19M (Peak 11.19M) | Time:00:00.00 | Mem:0.77M, Peak:0.94M | Scene, ViewLayer | Updating Scene BVH | Copying BVH to device
Fra:1 Mem:11.19M (Peak 11.19M) | Time:00:00.00 | Mem:0.77M, Peak:0.94M | Scene, ViewLayer | Updating Mesh | Computing normals
Fra:1 Mem:11.44M (Peak 11.44M) | Time:00:00.00 | Mem:0.77M, Peak:0.94M | Scene, ViewLayer | Updating Mesh | Copying Mesh to device
Fra:1 Mem:11.44M (Peak 11.44M) | Time:00:00.00 | Mem:1.02M, Peak:1.02M | Scene, ViewLayer | Updating Objects Flags
Fra:1 Mem:11.44M (Peak 11.44M) | Time:00:00.00 | Mem:1.02M, Peak:1.02M | Scene, ViewLayer | Updating Primitive Offsets
Fra:1 Mem:11.44M (Peak 11.44M) | Time:00:00.00 | Mem:1.02M, Peak:1.02M | Scene, ViewLayer | Updating Images
Fra:1 Mem:11.44M (Peak 11.44M) | Time:00:00.00 | Mem:1.02M, Peak:1.02M | Scene, ViewLayer | Updating Camera Volume
Fra:1 Mem:11.44M (Peak 11.44M) | Time:00:00.00 | Mem:1.02M, Peak:1.02M | Scene, ViewLayer | Updating Lookup Tables
Fra:1 Mem:11.44M (Peak 11.44M) | Time:00:00.00 | Mem:1.10M, Peak:1.10M | Scene, ViewLayer | Updating Lights
Fra:1 Mem:11.44M (Peak 11.44M) | Time:00:00.00 | Mem:1.10M, Peak:1.10M | Scene, ViewLayer | Updating Lights | Computing tree
Fra:1 Mem:11.44M (Peak 11.44M) | Time:00:00.00 | Mem:1.10M, Peak:1.10M | Scene, ViewLayer | Updating Integrator
Fra:1 Mem:11.44M (Peak 11.44M) | Time:00:00.00 | Mem:1.10M, Peak:1.10M | Scene, ViewLayer | Updating Film
Fra:1 Mem:11.44M (Peak 11.44M) | Time:00:00.00 | Mem:1.02M, Peak:1.10M | Scene, ViewLayer | Updating Lookup Tables
Fra:1 Mem:11.44M (Peak 11.44M) | Time:00:00.00 | Mem:1.11M, Peak:1.11M | Scene, ViewLayer | Updating Baking
Fra:1 Mem:11.44M (Peak 11.44M) | Time:00:00.00 | Mem:1.11M, Peak:1.11M | Scene, ViewLayer | Updating Device | Writing constant memory
Fra:1 Mem:11.45M (Peak 11.45M) | Time:00:00.00 | Mem:1.11M, Peak:1.11M | Scene, ViewLayer | Loading denoising kernels (may take a few minutes the first time)
Fra:1 Mem:11.45M (Peak 11.45M) | Time:00:00.00 | Mem:1.11M, Peak:1.11M | Scene, ViewLayer | Sample 0/24
Fra:1 Mem:49.04M (Peak 49.04M) | Time:00:00.43 | Remaining:00:09.99 | Mem:38.68M, Peak:38.68M | Scene, ViewLayer | Sample 1/24
Fra:1 Mem:64.87M (Peak 88.60M) | Time:00:15.55 | Mem:38.68M, Peak:38.68M | Scene, ViewLayer | Sample 24/24
Fra:1 Mem:64.87M (Peak 88.60M) | Time:00:15.55 | Mem:38.68M, Peak:38.68M | Scene, ViewLayer | Finished
Saved: 'output/assets/task049-shrub-r1/r2/shrub-side.png'
Time: 00:15.62 (Saving: 00:00.06)

Fra:1 Mem:10.28M (Peak 10.28M) | Time:00:00.00 | Mem:0.00M, Peak:0.00M | Scene, ViewLayer | Synchronizing object | CourtyardShrub
Fra:1 Mem:10.28M (Peak 10.28M) | Time:00:00.00 | Mem:0.00M, Peak:0.00M | Scene, ViewLayer | Synchronizing object | Plane
Fra:1 Mem:10.59M (Peak 10.59M) | Time:00:00.00 | Mem:0.00M, Peak:0.00M | Scene, ViewLayer | Synchronizing object | Area
Fra:1 Mem:10.97M (Peak 10.97M) | Time:00:00.00 | Mem:0.00M, Peak:0.00M | Scene, ViewLayer | Initializing
Fra:1 Mem:10.75M (Peak 10.97M) | Time:00:00.00 | Mem:0.00M, Peak:0.00M | Scene, ViewLayer | Waiting for render to start
Fra:1 Mem:10.75M (Peak 10.97M) | Time:00:00.00 | Mem:0.00M, Peak:0.00M | Scene, ViewLayer | Updating Scene
Fra:1 Mem:10.75M (Peak 10.97M) | Time:00:00.00 | Mem:0.00M, Peak:0.00M | Scene, ViewLayer | Updating Shaders
Fra:1 Mem:10.75M (Peak 10.97M) | Time:00:00.00 | Mem:0.00M, Peak:0.00M | Scene, ViewLayer | Loading render kernels (may take a few minutes the first time)
Fra:1 Mem:10.83M (Peak 10.97M) | Time:00:00.00 | Mem:0.00M, Peak:0.00M | Scene, ViewLayer | Updating Procedurals
Fra:1 Mem:10.83M (Peak 10.97M) | Time:00:00.00 | Mem:0.00M, Peak:0.00M | Scene, ViewLayer | Updating Background
Fra:1 Mem:10.83M (Peak 10.97M) | Time:00:00.00 | Mem:0.00M, Peak:0.00M | Scene, ViewLayer | Updating Camera
Fra:1 Mem:10.83M (Peak 10.97M) | Time:00:00.00 | Mem:0.00M, Peak:0.00M | Scene, ViewLayer | Updating Meshes Flags
Fra:1 Mem:10.83M (Peak 10.97M) | Time:00:00.00 | Mem:0.00M, Peak:0.00M | Scene, ViewLayer | Updating Objects
Fra:1 Mem:10.83M (Peak 10.97M) | Time:00:00.00 | Mem:0.00M, Peak:0.00M | Scene, ViewLayer | Updating Objects | Copying Transformations to device
Fra:1 Mem:10.84M (Peak 10.97M) | Time:00:00.00 | Mem:0.00M, Peak:0.00M | Scene, ViewLayer | Updating Particle Systems
Fra:1 Mem:10.84M (Peak 10.97M) | Time:00:00.00 | Mem:0.00M, Peak:0.00M | Scene, ViewLayer | Updating Particle Systems | Copying Particles to device
Fra:1 Mem:10.84M (Peak 10.97M) | Time:00:00.00 | Mem:0.00M, Peak:0.00M | Scene, ViewLayer | Updating Meshes
Fra:1 Mem:10.84M (Peak 10.97M) | Time:00:00.00 | Mem:0.00M, Peak:0.00M | Scene, ViewLayer | Updating Objects | Applying Static Transformations
Fra:1 Mem:10.84M (Peak 10.97M) | Time:00:00.00 | Mem:0.00M, Peak:0.00M | Scene, ViewLayer | Updating Mesh | Computing attributes
Fra:1 Mem:11.19M (Peak 11.19M) | Time:00:00.00 | Mem:0.00M, Peak:0.00M | Scene, ViewLayer | Updating Mesh | Copying Attributes to device
Fra:1 Mem:11.19M (Peak 11.19M) | Time:00:00.00 | Mem:0.35M, Peak:0.35M | Scene, ViewLayer | Updating Scene BVH | Building
Fra:1 Mem:11.19M (Peak 11.19M) | Time:00:00.00 | Mem:0.35M, Peak:0.35M | Scene, ViewLayer | Updating Scene BVH | Building BVH
Fra:1 Mem:11.19M (Peak 11.19M) | Time:00:00.00 | Mem:0.53M, Peak:0.53M | Scene, ViewLayer | Updating Scene BVH | Building BVH 0%
Fra:1 Mem:11.19M (Peak 11.19M) | Time:00:00.00 | Mem:0.77M, Peak:0.94M | Scene, ViewLayer | Updating Scene BVH | Copying BVH to device
Fra:1 Mem:11.19M (Peak 11.19M) | Time:00:00.00 | Mem:0.77M, Peak:0.94M | Scene, ViewLayer | Updating Mesh | Computing normals
Fra:1 Mem:11.44M (Peak 11.44M) | Time:00:00.00 | Mem:0.77M, Peak:0.94M | Scene, ViewLayer | Updating Mesh | Copying Mesh to device
Fra:1 Mem:11.44M (Peak 11.44M) | Time:00:00.00 | Mem:1.02M, Peak:1.02M | Scene, ViewLayer | Updating Objects Flags
Fra:1 Mem:11.44M (Peak 11.44M) | Time:00:00.00 | Mem:1.02M, Peak:1.02M | Scene, ViewLayer | Updating Primitive Offsets
Fra:1 Mem:11.44M (Peak 11.44M) | Time:00:00.00 | Mem:1.02M, Peak:1.02M | Scene, ViewLayer | Updating Images
Fra:1 Mem:11.44M (Peak 11.44M) | Time:00:00.00 | Mem:1.02M, Peak:1.02M | Scene, ViewLayer | Updating Camera Volume
Fra:1 Mem:11.44M (Peak 11.44M) | Time:00:00.00 | Mem:1.02M, Peak:1.02M | Scene, ViewLayer | Updating Lookup Tables
Fra:1 Mem:11.44M (Peak 11.44M) | Time:00:00.00 | Mem:1.10M, Peak:1.10M | Scene, ViewLayer | Updating Lights
Fra:1 Mem:11.44M (Peak 11.44M) | Time:00:00.00 | Mem:1.10M, Peak:1.10M | Scene, ViewLayer | Updating Lights | Computing tree
Fra:1 Mem:11.44M (Peak 11.44M) | Time:00:00.00 | Mem:1.10M, Peak:1.10M | Scene, ViewLayer | Updating Integrator
Fra:1 Mem:11.44M (Peak 11.44M) | Time:00:00.00 | Mem:1.10M, Peak:1.10M | Scene, ViewLayer | Updating Film
Fra:1 Mem:11.44M (Peak 11.44M) | Time:00:00.00 | Mem:1.02M, Peak:1.10M | Scene, ViewLayer | Updating Lookup Tables
Fra:1 Mem:11.44M (Peak 11.44M) | Time:00:00.00 | Mem:1.11M, Peak:1.11M | Scene, ViewLayer | Updating Baking
Fra:1 Mem:11.44M (Peak 11.44M) | Time:00:00.00 | Mem:1.11M, Peak:1.11M | Scene, ViewLayer | Updating Device | Writing constant memory
Fra:1 Mem:11.45M (Peak 11.45M) | Time:00:00.00 | Mem:1.11M, Peak:1.11M | Scene, ViewLayer | Loading denoising kernels (may take a few minutes the first time)
Fra:1 Mem:11.45M (Peak 11.45M) | Time:00:00.00 | Mem:1.11M, Peak:1.11M | Scene, ViewLayer | Sample 0/24
Fra:1 Mem:49.04M (Peak 49.04M) | Time:00:00.49 | Remaining:00:11.19 | Mem:38.68M, Peak:38.68M | Scene, ViewLayer | Sample 1/24
Fra:1 Mem:64.87M (Peak 88.60M) | Time:00:16.18 | Mem:38.68M, Peak:38.68M | Scene, ViewLayer | Sample 24/24
Fra:1 Mem:64.87M (Peak 88.60M) | Time:00:16.18 | Mem:38.68M, Peak:38.68M | Scene, ViewLayer | Finished
Saved: 'output/assets/task049-shrub-r1/r2/shrub-quarter.png'
Time: 00:16.24 (Saving: 00:00.05)

Fra:1 Mem:10.28M (Peak 10.28M) | Time:00:00.00 | Mem:0.00M, Peak:0.00M | Scene, ViewLayer | Synchronizing object | CourtyardShrub
Fra:1 Mem:10.28M (Peak 10.28M) | Time:00:00.00 | Mem:0.00M, Peak:0.00M | Scene, ViewLayer | Synchronizing object | Plane
Fra:1 Mem:10.59M (Peak 10.59M) | Time:00:00.00 | Mem:0.00M, Peak:0.00M | Scene, ViewLayer | Synchronizing object | Area
Fra:1 Mem:10.97M (Peak 10.97M) | Time:00:00.00 | Mem:0.00M, Peak:0.00M | Scene, ViewLayer | Initializing
Fra:1 Mem:10.75M (Peak 10.97M) | Time:00:00.00 | Mem:0.00M, Peak:0.00M | Scene, ViewLayer | Waiting for render to start
Fra:1 Mem:10.75M (Peak 10.97M) | Time:00:00.00 | Mem:0.00M, Peak:0.00M | Scene, ViewLayer | Updating Scene
Fra:1 Mem:10.75M (Peak 10.97M) | Time:00:00.00 | Mem:0.00M, Peak:0.00M | Scene, ViewLayer | Updating Shaders
Fra:1 Mem:10.75M (Peak 10.97M) | Time:00:00.00 | Mem:0.00M, Peak:0.00M | Scene, ViewLayer | Loading render kernels (may take a few minutes the first time)
Fra:1 Mem:10.83M (Peak 10.97M) | Time:00:00.00 | Mem:0.00M, Peak:0.00M | Scene, ViewLayer | Updating Procedurals
Fra:1 Mem:10.83M (Peak 10.97M) | Time:00:00.00 | Mem:0.00M, Peak:0.00M | Scene, ViewLayer | Updating Background
Fra:1 Mem:10.83M (Peak 10.97M) | Time:00:00.00 | Mem:0.00M, Peak:0.00M | Scene, ViewLayer | Updating Camera
Fra:1 Mem:10.83M (Peak 10.97M) | Time:00:00.00 | Mem:0.00M, Peak:0.00M | Scene, ViewLayer | Updating Meshes Flags
Fra:1 Mem:10.83M (Peak 10.97M) | Time:00:00.00 | Mem:0.00M, Peak:0.00M | Scene, ViewLayer | Updating Objects
Fra:1 Mem:10.83M (Peak 10.97M) | Time:00:00.00 | Mem:0.00M, Peak:0.00M | Scene, ViewLayer | Updating Objects | Copying Transformations to device
Fra:1 Mem:10.84M (Peak 10.97M) | Time:00:00.00 | Mem:0.00M, Peak:0.00M | Scene, ViewLayer | Updating Particle Systems
Fra:1 Mem:10.84M (Peak 10.97M) | Time:00:00.00 | Mem:0.00M, Peak:0.00M | Scene, ViewLayer | Updating Particle Systems | Copying Particles to device
Fra:1 Mem:10.84M (Peak 10.97M) | Time:00:00.00 | Mem:0.00M, Peak:0.00M | Scene, ViewLayer | Updating Meshes
Fra:1 Mem:10.84M (Peak 10.97M) | Time:00:00.00 | Mem:0.00M, Peak:0.00M | Scene, ViewLayer | Updating Objects | Applying Static Transformations
Fra:1 Mem:10.84M (Peak 10.97M) | Time:00:00.00 | Mem:0.00M, Peak:0.00M | Scene, ViewLayer | Updating Mesh | Computing attributes
Fra:1 Mem:11.19M (Peak 11.19M) | Time:00:00.00 | Mem:0.00M, Peak:0.00M | Scene, ViewLayer | Updating Mesh | Copying Attributes to device
Fra:1 Mem:11.19M (Peak 11.19M) | Time:00:00.00 | Mem:0.35M, Peak:0.35M | Scene, ViewLayer | Updating Scene BVH | Building
Fra:1 Mem:11.19M (Peak 11.19M) | Time:00:00.00 | Mem:0.35M, Peak:0.35M | Scene, ViewLayer | Updating Scene BVH | Building BVH
Fra:1 Mem:11.19M (Peak 11.19M) | Time:00:00.00 | Mem:0.53M, Peak:0.53M | Scene, ViewLayer | Updating Scene BVH | Building BVH 0%
Fra:1 Mem:11.19M (Peak 11.19M) | Time:00:00.00 | Mem:0.77M, Peak:0.94M | Scene, ViewLayer | Updating Scene BVH | Copying BVH to device
Fra:1 Mem:11.19M (Peak 11.19M) | Time:00:00.00 | Mem:0.77M, Peak:0.94M | Scene, ViewLayer | Updating Mesh | Computing normals
Fra:1 Mem:11.44M (Peak 11.44M) | Time:00:00.00 | Mem:0.77M, Peak:0.94M | Scene, ViewLayer | Updating Mesh | Copying Mesh to device
Fra:1 Mem:11.44M (Peak 11.44M) | Time:00:00.00 | Mem:1.02M, Peak:1.02M | Scene, ViewLayer | Updating Objects Flags
Fra:1 Mem:11.44M (Peak 11.44M) | Time:00:00.00 | Mem:1.02M, Peak:1.02M | Scene, ViewLayer | Updating Primitive Offsets
Fra:1 Mem:11.44M (Peak 11.44M) | Time:00:00.00 | Mem:1.02M, Peak:1.02M | Scene, ViewLayer | Updating Images
Fra:1 Mem:11.44M (Peak 11.44M) | Time:00:00.00 | Mem:1.02M, Peak:1.02M | Scene, ViewLayer | Updating Camera Volume
Fra:1 Mem:11.44M (Peak 11.44M) | Time:00:00.00 | Mem:1.02M, Peak:1.02M | Scene, ViewLayer | Updating Lookup Tables
Fra:1 Mem:11.44M (Peak 11.44M) | Time:00:00.00 | Mem:1.10M, Peak:1.10M | Scene, ViewLayer | Updating Lights
Fra:1 Mem:11.44M (Peak 11.44M) | Time:00:00.00 | Mem:1.10M, Peak:1.10M | Scene, ViewLayer | Updating Lights | Computing tree
Fra:1 Mem:11.44M (Peak 11.44M) | Time:00:00.00 | Mem:1.10M, Peak:1.10M | Scene, ViewLayer | Updating Integrator
Fra:1 Mem:11.44M (Peak 11.44M) | Time:00:00.00 | Mem:1.10M, Peak:1.10M | Scene, ViewLayer | Updating Film
Fra:1 Mem:11.44M (Peak 11.44M) | Time:00:00.00 | Mem:1.02M, Peak:1.10M | Scene, ViewLayer | Updating Lookup Tables
Fra:1 Mem:11.44M (Peak 11.44M) | Time:00:00.00 | Mem:1.11M, Peak:1.11M | Scene, ViewLayer | Updating Baking
Fra:1 Mem:11.44M (Peak 11.44M) | Time:00:00.00 | Mem:1.11M, Peak:1.11M | Scene, ViewLayer | Updating Device | Writing constant memory
Fra:1 Mem:11.45M (Peak 11.45M) | Time:00:00.00 | Mem:1.11M, Peak:1.11M | Scene, ViewLayer | Loading denoising kernels (may take a few minutes the first time)
Fra:1 Mem:11.45M (Peak 11.45M) | Time:00:00.00 | Mem:1.11M, Peak:1.11M | Scene, ViewLayer | Sample 0/24
Fra:1 Mem:49.04M (Peak 49.04M) | Time:00:00.53 | Remaining:00:12.18 | Mem:38.68M, Peak:38.68M | Scene, ViewLayer | Sample 1/24
Fra:1 Mem:64.87M (Peak 88.60M) | Time:00:17.83 | Mem:38.68M, Peak:38.68M | Scene, ViewLayer | Sample 24/24
Fra:1 Mem:64.87M (Peak 88.60M) | Time:00:17.83 | Mem:38.68M, Peak:38.68M | Scene, ViewLayer | Finished
Saved: 'output/assets/task049-shrub-r1/r2/shrub-top.png'
Time: 00:17.89 (Saving: 00:00.05)



Blender quit
