INFO Draco mesh compression is available, use library at /home/lzzz/MyProjects/N-SIDE/output/tools/blender-4.5.14-linux-x64/4.5/scripts/addons_core/io_scene_gltf2/libextern_draco.so
04:02:19 | INFO: Starting glTF 2.0 export
04:02:19 | INFO: Extracting primitive: CourtyardShrub
04:02:19 | INFO: Primitives created: 1
04:02:19 | INFO: Finished glTF 2.0 export in 0.009734392166137695 s
Blender 4.5.14 LTS (hash 62c1db4208e8 built 2026-09-15 01:31:19)
Read blend: "/home/lzzz/MyProjects/N-SIDE/source-assets/environment-kit/vegetation/shrub-courtyard.blend"
Fra:1 Mem:9.92M (Peak 9.92M) | Time:00:00.00 | Mem:0.00M, Peak:0.00M | Scene, ViewLayer | Synchronizing object | CourtyardShrub
Fra:1 Mem:9.92M (Peak 9.92M) | Time:00:00.00 | Mem:0.00M, Peak:0.00M | Scene, ViewLayer | Synchronizing object | Plane
Fra:1 Mem:10.19M (Peak 10.19M) | Time:00:00.00 | Mem:0.00M, Peak:0.00M | Scene, ViewLayer | Synchronizing object | Area
Fra:1 Mem:10.57M (Peak 10.57M) | Time:00:00.00 | Mem:0.00M, Peak:0.00M | Scene, ViewLayer | Initializing
Fra:1 Mem:10.35M (Peak 10.57M) | Time:00:00.00 | Mem:0.00M, Peak:0.00M | Scene, ViewLayer | Waiting for render to start
Fra:1 Mem:10.35M (Peak 10.57M) | Time:00:00.00 | Mem:0.00M, Peak:0.00M | Scene, ViewLayer | Updating Scene
Fra:1 Mem:10.35M (Peak 10.57M) | Time:00:00.00 | Mem:0.00M, Peak:0.00M | Scene, ViewLayer | Updating Shaders
Fra:1 Mem:10.35M (Peak 10.57M) | Time:00:00.00 | Mem:0.00M, Peak:0.00M | Scene, ViewLayer | Loading render kernels (may take a few minutes the first time)
Fra:1 Mem:10.44M (Peak 10.57M) | Time:00:00.00 | Mem:0.00M, Peak:0.00M | Scene, ViewLayer | Updating Procedurals
Fra:1 Mem:10.44M (Peak 10.57M) | Time:00:00.00 | Mem:0.00M, Peak:0.00M | Scene, ViewLayer | Updating Background
Fra:1 Mem:10.44M (Peak 10.57M) | Time:00:00.00 | Mem:0.00M, Peak:0.00M | Scene, ViewLayer | Updating Camera
Fra:1 Mem:10.44M (Peak 10.57M) | Time:00:00.00 | Mem:0.00M, Peak:0.00M | Scene, ViewLayer | Updating Meshes Flags
Fra:1 Mem:10.44M (Peak 10.57M) | Time:00:00.00 | Mem:0.00M, Peak:0.00M | Scene, ViewLayer | Updating Objects
Fra:1 Mem:10.44M (Peak 10.57M) | Time:00:00.00 | Mem:0.00M, Peak:0.00M | Scene, ViewLayer | Updating Objects | Copying Transformations to device
Fra:1 Mem:10.44M (Peak 10.57M) | Time:00:00.00 | Mem:0.00M, Peak:0.00M | Scene, ViewLayer | Updating Particle Systems
Fra:1 Mem:10.44M (Peak 10.57M) | Time:00:00.00 | Mem:0.00M, Peak:0.00M | Scene, ViewLayer | Updating Particle Systems | Copying Particles to device
Fra:1 Mem:10.44M (Peak 10.57M) | Time:00:00.00 | Mem:0.00M, Peak:0.00M | Scene, ViewLayer | Updating Meshes
Fra:1 Mem:10.44M (Peak 10.57M) | Time:00:00.00 | Mem:0.00M, Peak:0.00M | Scene, ViewLayer | Updating Objects | Applying Static Transformations
Fra:1 Mem:10.44M (Peak 10.57M) | Time:00:00.00 | Mem:0.00M, Peak:0.00M | Scene, ViewLayer | Updating Mesh | Computing attributes
Fra:1 Mem:10.73M (Peak 10.73M) | Time:00:00.00 | Mem:0.00M, Peak:0.00M | Scene, ViewLayer | Updating Mesh | Copying Attributes to device
Fra:1 Mem:10.73M (Peak 10.73M) | Time:00:00.00 | Mem:0.30M, Peak:0.30M | Scene, ViewLayer | Updating Scene BVH | Building
Fra:1 Mem:10.73M (Peak 10.73M) | Time:00:00.00 | Mem:0.30M, Peak:0.30M | Scene, ViewLayer | Updating Scene BVH | Building BVH
Fra:1 Mem:10.73M (Peak 10.73M) | Time:00:00.00 | Mem:0.45M, Peak:0.45M | Scene, ViewLayer | Updating Scene BVH | Building BVH 0%
Fra:1 Mem:10.73M (Peak 10.73M) | Time:00:00.00 | Mem:0.64M, Peak:0.79M | Scene, ViewLayer | Updating Scene BVH | Copying BVH to device
Fra:1 Mem:10.73M (Peak 10.73M) | Time:00:00.00 | Mem:0.64M, Peak:0.79M | Scene, ViewLayer | Updating Mesh | Computing normals
Fra:1 Mem:10.94M (Peak 10.94M) | Time:00:00.00 | Mem:0.64M, Peak:0.79M | Scene, ViewLayer | Updating Mesh | Copying Mesh to device
Fra:1 Mem:10.94M (Peak 10.94M) | Time:00:00.00 | Mem:0.85M, Peak:0.85M | Scene, ViewLayer | Updating Objects Flags
Fra:1 Mem:10.94M (Peak 10.94M) | Time:00:00.00 | Mem:0.85M, Peak:0.85M | Scene, ViewLayer | Updating Primitive Offsets
Fra:1 Mem:10.94M (Peak 10.94M) | Time:00:00.00 | Mem:0.85M, Peak:0.85M | Scene, ViewLayer | Updating Images
Fra:1 Mem:10.94M (Peak 10.94M) | Time:00:00.00 | Mem:0.85M, Peak:0.85M | Scene, ViewLayer | Updating Camera Volume
Fra:1 Mem:10.94M (Peak 10.94M) | Time:00:00.00 | Mem:0.85M, Peak:0.85M | Scene, ViewLayer | Updating Lookup Tables
Fra:1 Mem:10.94M (Peak 10.94M) | Time:00:00.00 | Mem:0.94M, Peak:0.94M | Scene, ViewLayer | Updating Lights
Fra:1 Mem:10.94M (Peak 10.94M) | Time:00:00.00 | Mem:0.94M, Peak:0.94M | Scene, ViewLayer | Updating Lights | Computing tree
Fra:1 Mem:10.94M (Peak 10.94M) | Time:00:00.00 | Mem:0.94M, Peak:0.94M | Scene, ViewLayer | Updating Integrator
Fra:1 Mem:10.94M (Peak 10.94M) | Time:00:00.00 | Mem:0.94M, Peak:0.94M | Scene, ViewLayer | Updating Film
Fra:1 Mem:10.95M (Peak 10.95M) | Time:00:00.00 | Mem:0.86M, Peak:0.94M | Scene, ViewLayer | Updating Lookup Tables
Fra:1 Mem:10.95M (Peak 10.95M) | Time:00:00.00 | Mem:0.94M, Peak:0.94M | Scene, ViewLayer | Updating Baking
Fra:1 Mem:10.95M (Peak 10.95M) | Time:00:00.00 | Mem:0.94M, Peak:0.94M | Scene, ViewLayer | Updating Device | Writing constant memory
Fra:1 Mem:10.95M (Peak 10.95M) | Time:00:00.00 | Mem:0.94M, Peak:0.94M | Scene, ViewLayer | Loading denoising kernels (may take a few minutes the first time)
Fra:1 Mem:10.95M (Peak 10.95M) | Time:00:00.00 | Mem:0.94M, Peak:0.94M | Scene, ViewLayer | Sample 0/24
Fra:1 Mem:48.55M (Peak 48.55M) | Time:00:00.42 | Remaining:00:09.67 | Mem:38.51M, Peak:38.51M | Scene, ViewLayer | Sample 1/24
Fra:1 Mem:64.37M (Peak 88.10M) | Time:00:17.76 | Mem:38.51M, Peak:38.51M | Scene, ViewLayer | Sample 24/24
Fra:1 Mem:64.37M (Peak 88.10M) | Time:00:17.76 | Mem:38.51M, Peak:38.51M | Scene, ViewLayer | Finished
Saved: 'output/assets/task049-shrub-r1/r1/shrub-front.png'
Time: 00:17.89 (Saving: 00:00.13)

Fra:1 Mem:9.99M (Peak 9.99M) | Time:00:00.00 | Mem:0.00M, Peak:0.00M | Scene, ViewLayer | Synchronizing object | CourtyardShrub
Fra:1 Mem:9.99M (Peak 9.99M) | Time:00:00.00 | Mem:0.00M, Peak:0.00M | Scene, ViewLayer | Synchronizing object | Plane
Fra:1 Mem:10.26M (Peak 10.26M) | Time:00:00.00 | Mem:0.00M, Peak:0.00M | Scene, ViewLayer | Synchronizing object | Area
Fra:1 Mem:10.57M (Peak 10.57M) | Time:00:00.00 | Mem:0.00M, Peak:0.00M | Scene, ViewLayer | Initializing
Fra:1 Mem:10.35M (Peak 10.57M) | Time:00:00.00 | Mem:0.00M, Peak:0.00M | Scene, ViewLayer | Waiting for render to start
Fra:1 Mem:10.35M (Peak 10.57M) | Time:00:00.00 | Mem:0.00M, Peak:0.00M | Scene, ViewLayer | Updating Scene
Fra:1 Mem:10.35M (Peak 10.57M) | Time:00:00.00 | Mem:0.00M, Peak:0.00M | Scene, ViewLayer | Updating Shaders
Fra:1 Mem:10.35M (Peak 10.57M) | Time:00:00.00 | Mem:0.00M, Peak:0.00M | Scene, ViewLayer | Loading render kernels (may take a few minutes the first time)
Fra:1 Mem:10.44M (Peak 10.57M) | Time:00:00.00 | Mem:0.00M, Peak:0.00M | Scene, ViewLayer | Updating Procedurals
Fra:1 Mem:10.44M (Peak 10.57M) | Time:00:00.00 | Mem:0.00M, Peak:0.00M | Scene, ViewLayer | Updating Background
Fra:1 Mem:10.44M (Peak 10.57M) | Time:00:00.00 | Mem:0.00M, Peak:0.00M | Scene, ViewLayer | Updating Camera
Fra:1 Mem:10.44M (Peak 10.57M) | Time:00:00.00 | Mem:0.00M, Peak:0.00M | Scene, ViewLayer | Updating Meshes Flags
Fra:1 Mem:10.44M (Peak 10.57M) | Time:00:00.00 | Mem:0.00M, Peak:0.00M | Scene, ViewLayer | Updating Objects
Fra:1 Mem:10.44M (Peak 10.57M) | Time:00:00.00 | Mem:0.00M, Peak:0.00M | Scene, ViewLayer | Updating Objects | Copying Transformations to device
Fra:1 Mem:10.44M (Peak 10.57M) | Time:00:00.00 | Mem:0.00M, Peak:0.00M | Scene, ViewLayer | Updating Particle Systems
Fra:1 Mem:10.44M (Peak 10.57M) | Time:00:00.00 | Mem:0.00M, Peak:0.00M | Scene, ViewLayer | Updating Particle Systems | Copying Particles to device
Fra:1 Mem:10.44M (Peak 10.57M) | Time:00:00.00 | Mem:0.00M, Peak:0.00M | Scene, ViewLayer | Updating Meshes
Fra:1 Mem:10.44M (Peak 10.57M) | Time:00:00.00 | Mem:0.00M, Peak:0.00M | Scene, ViewLayer | Updating Objects | Applying Static Transformations
Fra:1 Mem:10.44M (Peak 10.57M) | Time:00:00.00 | Mem:0.00M, Peak:0.00M | Scene, ViewLayer | Updating Mesh | Computing attributes
Fra:1 Mem:10.73M (Peak 10.73M) | Time:00:00.00 | Mem:0.00M, Peak:0.00M | Scene, ViewLayer | Updating Mesh | Copying Attributes to device
Fra:1 Mem:10.73M (Peak 10.73M) | Time:00:00.00 | Mem:0.30M, Peak:0.30M | Scene, ViewLayer | Updating Scene BVH | Building
Fra:1 Mem:10.73M (Peak 10.73M) | Time:00:00.00 | Mem:0.30M, Peak:0.30M | Scene, ViewLayer | Updating Scene BVH | Building BVH
Fra:1 Mem:10.73M (Peak 10.73M) | Time:00:00.00 | Mem:0.45M, Peak:0.45M | Scene, ViewLayer | Updating Scene BVH | Building BVH 0%
Fra:1 Mem:10.73M (Peak 10.73M) | Time:00:00.00 | Mem:0.64M, Peak:0.79M | Scene, ViewLayer | Updating Scene BVH | Copying BVH to device
Fra:1 Mem:10.73M (Peak 10.73M) | Time:00:00.00 | Mem:0.64M, Peak:0.79M | Scene, ViewLayer | Updating Mesh | Computing normals
Fra:1 Mem:10.94M (Peak 10.94M) | Time:00:00.00 | Mem:0.64M, Peak:0.79M | Scene, ViewLayer | Updating Mesh | Copying Mesh to device
Fra:1 Mem:10.94M (Peak 10.94M) | Time:00:00.00 | Mem:0.85M, Peak:0.85M | Scene, ViewLayer | Updating Objects Flags
Fra:1 Mem:10.94M (Peak 10.94M) | Time:00:00.00 | Mem:0.85M, Peak:0.85M | Scene, ViewLayer | Updating Primitive Offsets
Fra:1 Mem:10.94M (Peak 10.94M) | Time:00:00.00 | Mem:0.85M, Peak:0.85M | Scene, ViewLayer | Updating Images
Fra:1 Mem:10.94M (Peak 10.94M) | Time:00:00.00 | Mem:0.85M, Peak:0.85M | Scene, ViewLayer | Updating Camera Volume
Fra:1 Mem:10.94M (Peak 10.94M) | Time:00:00.00 | Mem:0.85M, Peak:0.85M | Scene, ViewLayer | Updating Lookup Tables
Fra:1 Mem:10.94M (Peak 10.94M) | Time:00:00.00 | Mem:0.94M, Peak:0.94M | Scene, ViewLayer | Updating Lights
Fra:1 Mem:10.94M (Peak 10.94M) | Time:00:00.00 | Mem:0.94M, Peak:0.94M | Scene, ViewLayer | Updating Lights | Computing tree
Fra:1 Mem:10.94M (Peak 10.94M) | Time:00:00.00 | Mem:0.94M, Peak:0.94M | Scene, ViewLayer | Updating Integrator
Fra:1 Mem:10.94M (Peak 10.94M) | Time:00:00.00 | Mem:0.94M, Peak:0.94M | Scene, ViewLayer | Updating Film
Fra:1 Mem:10.95M (Peak 10.95M) | Time:00:00.00 | Mem:0.86M, Peak:0.94M | Scene, ViewLayer | Updating Lookup Tables
Fra:1 Mem:10.95M (Peak 10.95M) | Time:00:00.00 | Mem:0.94M, Peak:0.94M | Scene, ViewLayer | Updating Baking
Fra:1 Mem:10.95M (Peak 10.95M) | Time:00:00.00 | Mem:0.94M, Peak:0.94M | Scene, ViewLayer | Updating Device | Writing constant memory
Fra:1 Mem:10.95M (Peak 10.95M) | Time:00:00.00 | Mem:0.94M, Peak:0.94M | Scene, ViewLayer | Loading denoising kernels (may take a few minutes the first time)
Fra:1 Mem:10.95M (Peak 10.95M) | Time:00:00.00 | Mem:0.94M, Peak:0.94M | Scene, ViewLayer | Sample 0/24
Fra:1 Mem:48.55M (Peak 48.55M) | Time:00:00.62 | Remaining:00:14.39 | Mem:38.51M, Peak:38.51M | Scene, ViewLayer | Sample 1/24
Fra:1 Mem:64.37M (Peak 88.10M) | Time:00:17.41 | Mem:38.51M, Peak:38.51M | Scene, ViewLayer | Sample 24/24
Fra:1 Mem:64.37M (Peak 88.10M) | Time:00:17.41 | Mem:38.51M, Peak:38.51M | Scene, ViewLayer | Finished
Saved: 'output/assets/task049-shrub-r1/r1/shrub-side.png'
Time: 00:17.47 (Saving: 00:00.05)

Fra:1 Mem:9.99M (Peak 9.99M) | Time:00:00.00 | Mem:0.00M, Peak:0.00M | Scene, ViewLayer | Synchronizing object | CourtyardShrub
Fra:1 Mem:9.99M (Peak 9.99M) | Time:00:00.00 | Mem:0.00M, Peak:0.00M | Scene, ViewLayer | Synchronizing object | Plane
Fra:1 Mem:10.26M (Peak 10.26M) | Time:00:00.00 | Mem:0.00M, Peak:0.00M | Scene, ViewLayer | Synchronizing object | Area
Fra:1 Mem:10.57M (Peak 10.57M) | Time:00:00.00 | Mem:0.00M, Peak:0.00M | Scene, ViewLayer | Initializing
Fra:1 Mem:10.35M (Peak 10.57M) | Time:00:00.00 | Mem:0.00M, Peak:0.00M | Scene, ViewLayer | Waiting for render to start
Fra:1 Mem:10.35M (Peak 10.57M) | Time:00:00.00 | Mem:0.00M, Peak:0.00M | Scene, ViewLayer | Updating Scene
Fra:1 Mem:10.35M (Peak 10.57M) | Time:00:00.00 | Mem:0.00M, Peak:0.00M | Scene, ViewLayer | Updating Shaders
Fra:1 Mem:10.35M (Peak 10.57M) | Time:00:00.00 | Mem:0.00M, Peak:0.00M | Scene, ViewLayer | Loading render kernels (may take a few minutes the first time)
Fra:1 Mem:10.44M (Peak 10.57M) | Time:00:00.00 | Mem:0.00M, Peak:0.00M | Scene, ViewLayer | Updating Procedurals
Fra:1 Mem:10.44M (Peak 10.57M) | Time:00:00.00 | Mem:0.00M, Peak:0.00M | Scene, ViewLayer | Updating Background
Fra:1 Mem:10.44M (Peak 10.57M) | Time:00:00.00 | Mem:0.00M, Peak:0.00M | Scene, ViewLayer | Updating Camera
Fra:1 Mem:10.44M (Peak 10.57M) | Time:00:00.00 | Mem:0.00M, Peak:0.00M | Scene, ViewLayer | Updating Meshes Flags
Fra:1 Mem:10.44M (Peak 10.57M) | Time:00:00.00 | Mem:0.00M, Peak:0.00M | Scene, ViewLayer | Updating Objects
Fra:1 Mem:10.44M (Peak 10.57M) | Time:00:00.00 | Mem:0.00M, Peak:0.00M | Scene, ViewLayer | Updating Objects | Copying Transformations to device
Fra:1 Mem:10.44M (Peak 10.57M) | Time:00:00.00 | Mem:0.00M, Peak:0.00M | Scene, ViewLayer | Updating Particle Systems
Fra:1 Mem:10.44M (Peak 10.57M) | Time:00:00.00 | Mem:0.00M, Peak:0.00M | Scene, ViewLayer | Updating Particle Systems | Copying Particles to device
Fra:1 Mem:10.44M (Peak 10.57M) | Time:00:00.00 | Mem:0.00M, Peak:0.00M | Scene, ViewLayer | Updating Meshes
Fra:1 Mem:10.44M (Peak 10.57M) | Time:00:00.00 | Mem:0.00M, Peak:0.00M | Scene, ViewLayer | Updating Objects | Applying Static Transformations
Fra:1 Mem:10.44M (Peak 10.57M) | Time:00:00.00 | Mem:0.00M, Peak:0.00M | Scene, ViewLayer | Updating Mesh | Computing attributes
Fra:1 Mem:10.73M (Peak 10.73M) | Time:00:00.00 | Mem:0.00M, Peak:0.00M | Scene, ViewLayer | Updating Mesh | Copying Attributes to device
Fra:1 Mem:10.73M (Peak 10.73M) | Time:00:00.00 | Mem:0.30M, Peak:0.30M | Scene, ViewLayer | Updating Scene BVH | Building
Fra:1 Mem:10.73M (Peak 10.73M) | Time:00:00.00 | Mem:0.30M, Peak:0.30M | Scene, ViewLayer | Updating Scene BVH | Building BVH
Fra:1 Mem:10.73M (Peak 10.73M) | Time:00:00.00 | Mem:0.45M, Peak:0.45M | Scene, ViewLayer | Updating Scene BVH | Building BVH 0%
Fra:1 Mem:10.73M (Peak 10.73M) | Time:00:00.00 | Mem:0.64M, Peak:0.79M | Scene, ViewLayer | Updating Scene BVH | Copying BVH to device
Fra:1 Mem:10.73M (Peak 10.73M) | Time:00:00.00 | Mem:0.64M, Peak:0.79M | Scene, ViewLayer | Updating Mesh | Computing normals
Fra:1 Mem:10.94M (Peak 10.94M) | Time:00:00.00 | Mem:0.64M, Peak:0.79M | Scene, ViewLayer | Updating Mesh | Copying Mesh to device
Fra:1 Mem:10.94M (Peak 10.94M) | Time:00:00.00 | Mem:0.85M, Peak:0.85M | Scene, ViewLayer | Updating Objects Flags
Fra:1 Mem:10.94M (Peak 10.94M) | Time:00:00.00 | Mem:0.85M, Peak:0.85M | Scene, ViewLayer | Updating Primitive Offsets
Fra:1 Mem:10.94M (Peak 10.94M) | Time:00:00.00 | Mem:0.85M, Peak:0.85M | Scene, ViewLayer | Updating Images
Fra:1 Mem:10.94M (Peak 10.94M) | Time:00:00.00 | Mem:0.85M, Peak:0.85M | Scene, ViewLayer | Updating Camera Volume
Fra:1 Mem:10.94M (Peak 10.94M) | Time:00:00.00 | Mem:0.85M, Peak:0.85M | Scene, ViewLayer | Updating Lookup Tables
Fra:1 Mem:10.94M (Peak 10.94M) | Time:00:00.00 | Mem:0.94M, Peak:0.94M | Scene, ViewLayer | Updating Lights
Fra:1 Mem:10.94M (Peak 10.94M) | Time:00:00.00 | Mem:0.94M, Peak:0.94M | Scene, ViewLayer | Updating Lights | Computing tree
Fra:1 Mem:10.94M (Peak 10.94M) | Time:00:00.00 | Mem:0.94M, Peak:0.94M | Scene, ViewLayer | Updating Integrator
Fra:1 Mem:10.94M (Peak 10.94M) | Time:00:00.00 | Mem:0.94M, Peak:0.94M | Scene, ViewLayer | Updating Film
Fra:1 Mem:10.95M (Peak 10.95M) | Time:00:00.00 | Mem:0.86M, Peak:0.94M | Scene, ViewLayer | Updating Lookup Tables
Fra:1 Mem:10.95M (Peak 10.95M) | Time:00:00.00 | Mem:0.94M, Peak:0.94M | Scene, ViewLayer | Updating Baking
Fra:1 Mem:10.95M (Peak 10.95M) | Time:00:00.00 | Mem:0.94M, Peak:0.94M | Scene, ViewLayer | Updating Device | Writing constant memory
Fra:1 Mem:10.95M (Peak 10.95M) | Time:00:00.00 | Mem:0.94M, Peak:0.94M | Scene, ViewLayer | Loading denoising kernels (may take a few minutes the first time)
Fra:1 Mem:10.95M (Peak 10.95M) | Time:00:00.00 | Mem:0.94M, Peak:0.94M | Scene, ViewLayer | Sample 0/24
Fra:1 Mem:48.55M (Peak 48.55M) | Time:00:00.45 | Remaining:00:10.44 | Mem:38.51M, Peak:38.51M | Scene, ViewLayer | Sample 1/24
Fra:1 Mem:64.37M (Peak 88.10M) | Time:00:15.99 | Mem:38.51M, Peak:38.51M | Scene, ViewLayer | Sample 24/24
Fra:1 Mem:64.37M (Peak 88.10M) | Time:00:15.99 | Mem:38.51M, Peak:38.51M | Scene, ViewLayer | Finished
Saved: 'output/assets/task049-shrub-r1/r1/shrub-quarter.png'
Time: 00:16.04 (Saving: 00:00.05)

Fra:1 Mem:9.99M (Peak 9.99M) | Time:00:00.00 | Mem:0.00M, Peak:0.00M | Scene, ViewLayer | Synchronizing object | CourtyardShrub
Fra:1 Mem:9.99M (Peak 9.99M) | Time:00:00.00 | Mem:0.00M, Peak:0.00M | Scene, ViewLayer | Synchronizing object | Plane
Fra:1 Mem:10.26M (Peak 10.26M) | Time:00:00.00 | Mem:0.00M, Peak:0.00M | Scene, ViewLayer | Synchronizing object | Area
Fra:1 Mem:10.57M (Peak 10.57M) | Time:00:00.00 | Mem:0.00M, Peak:0.00M | Scene, ViewLayer | Initializing
Fra:1 Mem:10.35M (Peak 10.57M) | Time:00:00.00 | Mem:0.00M, Peak:0.00M | Scene, ViewLayer | Waiting for render to start
Fra:1 Mem:10.35M (Peak 10.57M) | Time:00:00.00 | Mem:0.00M, Peak:0.00M | Scene, ViewLayer | Updating Scene
Fra:1 Mem:10.35M (Peak 10.57M) | Time:00:00.00 | Mem:0.00M, Peak:0.00M | Scene, ViewLayer | Updating Shaders
Fra:1 Mem:10.35M (Peak 10.57M) | Time:00:00.00 | Mem:0.00M, Peak:0.00M | Scene, ViewLayer | Loading render kernels (may take a few minutes the first time)
Fra:1 Mem:10.44M (Peak 10.57M) | Time:00:00.00 | Mem:0.00M, Peak:0.00M | Scene, ViewLayer | Updating Procedurals
Fra:1 Mem:10.44M (Peak 10.57M) | Time:00:00.00 | Mem:0.00M, Peak:0.00M | Scene, ViewLayer | Updating Background
Fra:1 Mem:10.44M (Peak 10.57M) | Time:00:00.00 | Mem:0.00M, Peak:0.00M | Scene, ViewLayer | Updating Camera
Fra:1 Mem:10.44M (Peak 10.57M) | Time:00:00.00 | Mem:0.00M, Peak:0.00M | Scene, ViewLayer | Updating Meshes Flags
Fra:1 Mem:10.44M (Peak 10.57M) | Time:00:00.00 | Mem:0.00M, Peak:0.00M | Scene, ViewLayer | Updating Objects
Fra:1 Mem:10.44M (Peak 10.57M) | Time:00:00.00 | Mem:0.00M, Peak:0.00M | Scene, ViewLayer | Updating Objects | Copying Transformations to device
Fra:1 Mem:10.44M (Peak 10.57M) | Time:00:00.00 | Mem:0.00M, Peak:0.00M | Scene, ViewLayer | Updating Particle Systems
Fra:1 Mem:10.44M (Peak 10.57M) | Time:00:00.00 | Mem:0.00M, Peak:0.00M | Scene, ViewLayer | Updating Particle Systems | Copying Particles to device
Fra:1 Mem:10.44M (Peak 10.57M) | Time:00:00.00 | Mem:0.00M, Peak:0.00M | Scene, ViewLayer | Updating Meshes
Fra:1 Mem:10.44M (Peak 10.57M) | Time:00:00.00 | Mem:0.00M, Peak:0.00M | Scene, ViewLayer | Updating Objects | Applying Static Transformations
Fra:1 Mem:10.44M (Peak 10.57M) | Time:00:00.00 | Mem:0.00M, Peak:0.00M | Scene, ViewLayer | Updating Mesh | Computing attributes
Fra:1 Mem:10.73M (Peak 10.73M) | Time:00:00.00 | Mem:0.00M, Peak:0.00M | Scene, ViewLayer | Updating Mesh | Copying Attributes to device
Fra:1 Mem:10.73M (Peak 10.73M) | Time:00:00.00 | Mem:0.30M, Peak:0.30M | Scene, ViewLayer | Updating Scene BVH | Building
Fra:1 Mem:10.73M (Peak 10.73M) | Time:00:00.00 | Mem:0.30M, Peak:0.30M | Scene, ViewLayer | Updating Scene BVH | Building BVH
Fra:1 Mem:10.73M (Peak 10.73M) | Time:00:00.00 | Mem:0.45M, Peak:0.45M | Scene, ViewLayer | Updating Scene BVH | Building BVH 0%
Fra:1 Mem:10.73M (Peak 10.73M) | Time:00:00.00 | Mem:0.64M, Peak:0.79M | Scene, ViewLayer | Updating Scene BVH | Copying BVH to device
Fra:1 Mem:10.73M (Peak 10.73M) | Time:00:00.00 | Mem:0.64M, Peak:0.79M | Scene, ViewLayer | Updating Mesh | Computing normals
Fra:1 Mem:10.94M (Peak 10.94M) | Time:00:00.00 | Mem:0.64M, Peak:0.79M | Scene, ViewLayer | Updating Mesh | Copying Mesh to device
Fra:1 Mem:10.94M (Peak 10.94M) | Time:00:00.00 | Mem:0.85M, Peak:0.85M | Scene, ViewLayer | Updating Objects Flags
Fra:1 Mem:10.94M (Peak 10.94M) | Time:00:00.00 | Mem:0.85M, Peak:0.85M | Scene, ViewLayer | Updating Primitive Offsets
Fra:1 Mem:10.94M (Peak 10.94M) | Time:00:00.00 | Mem:0.85M, Peak:0.85M | Scene, ViewLayer | Updating Images
Fra:1 Mem:10.94M (Peak 10.94M) | Time:00:00.00 | Mem:0.85M, Peak:0.85M | Scene, ViewLayer | Updating Camera Volume
Fra:1 Mem:10.94M (Peak 10.94M) | Time:00:00.00 | Mem:0.85M, Peak:0.85M | Scene, ViewLayer | Updating Lookup Tables
Fra:1 Mem:10.94M (Peak 10.94M) | Time:00:00.00 | Mem:0.94M, Peak:0.94M | Scene, ViewLayer | Updating Lights
Fra:1 Mem:10.94M (Peak 10.94M) | Time:00:00.00 | Mem:0.94M, Peak:0.94M | Scene, ViewLayer | Updating Lights | Computing tree
Fra:1 Mem:10.94M (Peak 10.94M) | Time:00:00.00 | Mem:0.94M, Peak:0.94M | Scene, ViewLayer | Updating Integrator
Fra:1 Mem:10.94M (Peak 10.94M) | Time:00:00.00 | Mem:0.94M, Peak:0.94M | Scene, ViewLayer | Updating Film
Fra:1 Mem:10.95M (Peak 10.95M) | Time:00:00.00 | Mem:0.86M, Peak:0.94M | Scene, ViewLayer | Updating Lookup Tables
Fra:1 Mem:10.95M (Peak 10.95M) | Time:00:00.00 | Mem:0.94M, Peak:0.94M | Scene, ViewLayer | Updating Baking
Fra:1 Mem:10.95M (Peak 10.95M) | Time:00:00.00 | Mem:0.94M, Peak:0.94M | Scene, ViewLayer | Updating Device | Writing constant memory
Fra:1 Mem:10.95M (Peak 10.95M) | Time:00:00.00 | Mem:0.94M, Peak:0.94M | Scene, ViewLayer | Loading denoising kernels (may take a few minutes the first time)
Fra:1 Mem:10.95M (Peak 10.95M) | Time:00:00.00 | Mem:0.94M, Peak:0.94M | Scene, ViewLayer | Sample 0/24
Fra:1 Mem:48.55M (Peak 48.55M) | Time:00:00.52 | Remaining:00:11.93 | Mem:38.51M, Peak:38.51M | Scene, ViewLayer | Sample 1/24
Fra:1 Mem:64.37M (Peak 88.10M) | Time:00:17.48 | Mem:38.51M, Peak:38.51M | Scene, ViewLayer | Sample 24/24
Fra:1 Mem:64.37M (Peak 88.10M) | Time:00:17.48 | Mem:38.51M, Peak:38.51M | Scene, ViewLayer | Finished
Saved: 'output/assets/task049-shrub-r1/r1/shrub-top.png'
Time: 00:17.54 (Saving: 00:00.05)



Blender quit
