Blender 4.5.14 LTS (hash 62c1db4208e8 built 2026-09-15 01:31:19)
Read blend: "/home/lzzz/MyProjects/N-SIDE/output/yao-drape-r13/candidate-b.blend"
Fra:1 Mem:22.92M (Peak 24.08M) | Time:00:00.03 | Mem:0.00M, Peak:0.00M | Scene, ViewLayer | Synchronizing object | TShirt
Fra:1 Mem:23.08M (Peak 24.08M) | Time:00:00.04 | Mem:0.00M, Peak:0.00M | Scene, ViewLayer | Synchronizing object | TShirt_Collar
Fra:1 Mem:23.11M (Peak 24.08M) | Time:00:00.04 | Mem:0.00M, Peak:0.00M | Scene, ViewLayer | Synchronizing object | Hood
Fra:1 Mem:23.20M (Peak 24.08M) | Time:00:00.04 | Mem:0.00M, Peak:0.00M | Scene, ViewLayer | Synchronizing object | Sleeve_Cuff.L
Fra:1 Mem:23.21M (Peak 24.08M) | Time:00:00.04 | Mem:0.00M, Peak:0.00M | Scene, ViewLayer | Synchronizing object | Hood_Cord.L
Fra:1 Mem:23.25M (Peak 24.08M) | Time:00:00.05 | Mem:0.00M, Peak:0.00M | Scene, ViewLayer | Synchronizing object | Palm.L
Fra:1 Mem:23.30M (Peak 24.08M) | Time:00:00.05 | Mem:0.00M, Peak:0.00M | Scene, ViewLayer | Synchronizing object | Index_Mesh.L
Fra:1 Mem:23.31M (Peak 24.08M) | Time:00:00.05 | Mem:0.00M, Peak:0.00M | Scene, ViewLayer | Synchronizing object | Middle_Mesh.L
Fra:1 Mem:23.32M (Peak 24.08M) | Time:00:00.05 | Mem:0.00M, Peak:0.00M | Scene, ViewLayer | Synchronizing object | Ring_Mesh.L
Fra:1 Mem:23.35M (Peak 24.08M) | Time:00:00.05 | Mem:0.00M, Peak:0.00M | Scene, ViewLayer | Synchronizing object | Pinky_Mesh.L
Fra:1 Mem:23.33M (Peak 24.08M) | Time:00:00.05 | Mem:0.00M, Peak:0.00M | Scene, ViewLayer | Synchronizing object | Thumb_Mesh.L
Fra:1 Mem:23.51M (Peak 24.08M) | Time:00:00.08 | Mem:0.00M, Peak:0.00M | Scene, ViewLayer | Synchronizing object | Trousers.L
Fra:1 Mem:23.77M (Peak 24.08M) | Time:00:00.08 | Mem:0.00M, Peak:0.00M | Scene, ViewLayer | Synchronizing object | Sneaker_Sole.L
Fra:1 Mem:23.79M (Peak 24.08M) | Time:00:00.08 | Mem:0.00M, Peak:0.00M | Scene, ViewLayer | Synchronizing object | Sneaker_Upper.L
Fra:1 Mem:23.81M (Peak 24.08M) | Time:00:00.08 | Mem:0.00M, Peak:0.00M | Scene, ViewLayer | Synchronizing object | Sock.L
Fra:1 Mem:23.82M (Peak 24.08M) | Time:00:00.08 | Mem:0.00M, Peak:0.00M | Scene, ViewLayer | Synchronizing object | Lace_0.L
Fra:1 Mem:23.82M (Peak 24.08M) | Time:00:00.08 | Mem:0.00M, Peak:0.00M | Scene, ViewLayer | Synchronizing object | Lace_1.L
Fra:1 Mem:23.82M (Peak 24.08M) | Time:00:00.08 | Mem:0.00M, Peak:0.00M | Scene, ViewLayer | Synchronizing object | Lace_2.L
Fra:1 Mem:23.83M (Peak 24.08M) | Time:00:00.08 | Mem:0.00M, Peak:0.00M | Scene, ViewLayer | Synchronizing object | Lace_3.L
Fra:1 Mem:23.83M (Peak 24.08M) | Time:00:00.08 | Mem:0.00M, Peak:0.00M | Scene, ViewLayer | Synchronizing object | Heel_Tab.L
Fra:1 Mem:23.83M (Peak 24.08M) | Time:00:00.08 | Mem:0.00M, Peak:0.00M | Scene, ViewLayer | Synchronizing object | Sleeve_Cuff.R
Fra:1 Mem:23.84M (Peak 24.08M) | Time:00:00.08 | Mem:0.00M, Peak:0.00M | Scene, ViewLayer | Synchronizing object | Hood_Cord.R
Fra:1 Mem:23.88M (Peak 24.08M) | Time:00:00.09 | Mem:0.00M, Peak:0.00M | Scene, ViewLayer | Synchronizing object | Palm.R
Fra:1 Mem:23.93M (Peak 24.08M) | Time:00:00.09 | Mem:0.00M, Peak:0.00M | Scene, ViewLayer | Synchronizing object | Index_Mesh.R
Fra:1 Mem:23.94M (Peak 24.08M) | Time:00:00.09 | Mem:0.00M, Peak:0.00M | Scene, ViewLayer | Synchronizing object | Middle_Mesh.R
Fra:1 Mem:23.94M (Peak 24.08M) | Time:00:00.09 | Mem:0.00M, Peak:0.00M | Scene, ViewLayer | Synchronizing object | Ring_Mesh.R
Fra:1 Mem:23.98M (Peak 24.08M) | Time:00:00.09 | Mem:0.00M, Peak:0.00M | Scene, ViewLayer | Synchronizing object | Pinky_Mesh.R
Fra:1 Mem:23.96M (Peak 24.08M) | Time:00:00.09 | Mem:0.00M, Peak:0.00M | Scene, ViewLayer | Synchronizing object | Thumb_Mesh.R
Fra:1 Mem:24.14M (Peak 24.14M) | Time:00:00.12 | Mem:0.00M, Peak:0.00M | Scene, ViewLayer | Synchronizing object | Trousers.R
Fra:1 Mem:24.42M (Peak 24.42M) | Time:00:00.12 | Mem:0.00M, Peak:0.00M | Scene, ViewLayer | Synchronizing object | Sneaker_Sole.R
Fra:1 Mem:24.43M (Peak 24.43M) | Time:00:00.12 | Mem:0.00M, Peak:0.00M | Scene, ViewLayer | Synchronizing object | Sneaker_Upper.R
Fra:1 Mem:24.46M (Peak 24.46M) | Time:00:00.12 | Mem:0.00M, Peak:0.00M | Scene, ViewLayer | Synchronizing object | Sock.R
Fra:1 Mem:24.57M (Peak 24.57M) | Time:00:00.12 | Mem:0.00M, Peak:0.00M | Scene, ViewLayer | Synchronizing object | Lace_0.R
Fra:1 Mem:24.57M (Peak 24.57M) | Time:00:00.12 | Mem:0.00M, Peak:0.00M | Scene, ViewLayer | Synchronizing object | Lace_1.R
Fra:1 Mem:24.57M (Peak 24.57M) | Time:00:00.12 | Mem:0.00M, Peak:0.00M | Scene, ViewLayer | Synchronizing object | Lace_2.R
Fra:1 Mem:24.49M (Peak 24.57M) | Time:00:00.12 | Mem:0.00M, Peak:0.00M | Scene, ViewLayer | Synchronizing object | Lace_3.R
Fra:1 Mem:24.50M (Peak 24.57M) | Time:00:00.12 | Mem:0.00M, Peak:0.00M | Scene, ViewLayer | Synchronizing object | Heel_Tab.R
Fra:1 Mem:25.16M (Peak 25.16M) | Time:00:00.16 | Mem:0.00M, Peak:0.00M | Scene, ViewLayer | Synchronizing object | Jacket_ContinuousShoulders
Fra:1 Mem:26.54M (Peak 26.54M) | Time:00:00.56 | Mem:0.00M, Peak:0.00M | Scene, ViewLayer | Synchronizing object | Face_Head
Fra:1 Mem:27.21M (Peak 27.21M) | Time:00:00.57 | Mem:0.00M, Peak:0.00M | Scene, ViewLayer | Synchronizing object | Ear.L
Fra:1 Mem:27.26M (Peak 27.26M) | Time:00:00.57 | Mem:0.00M, Peak:0.00M | Scene, ViewLayer | Synchronizing object | Ear_Fold.L
Fra:1 Mem:27.31M (Peak 27.31M) | Time:00:00.58 | Mem:0.00M, Peak:0.00M | Scene, ViewLayer | Synchronizing object | Ear.R
Fra:1 Mem:27.37M (Peak 27.37M) | Time:00:00.58 | Mem:0.00M, Peak:0.00M | Scene, ViewLayer | Synchronizing object | Ear_Fold.R
Fra:1 Mem:27.38M (Peak 27.38M) | Time:00:00.58 | Mem:0.00M, Peak:0.00M | Scene, ViewLayer | Synchronizing object | Eye_White.L
Fra:1 Mem:27.40M (Peak 27.40M) | Time:00:00.58 | Mem:0.00M, Peak:0.00M | Scene, ViewLayer | Synchronizing object | Iris_hair.L
Fra:1 Mem:27.40M (Peak 27.40M) | Time:00:00.58 | Mem:0.00M, Peak:0.00M | Scene, ViewLayer | Synchronizing object | Iris_ink.L
Fra:1 Mem:27.41M (Peak 27.41M) | Time:00:00.58 | Mem:0.00M, Peak:0.00M | Scene, ViewLayer | Synchronizing object | Eye_Glint.L
Fra:1 Mem:27.41M (Peak 27.41M) | Time:00:00.58 | Mem:0.00M, Peak:0.00M | Scene, ViewLayer | Synchronizing object | Upper_Lid.L
Fra:1 Mem:27.43M (Peak 27.43M) | Time:00:00.58 | Mem:0.00M, Peak:0.00M | Scene, ViewLayer | Synchronizing object | Lower_Lid.L
Fra:1 Mem:27.44M (Peak 27.44M) | Time:00:00.58 | Mem:0.00M, Peak:0.00M | Scene, ViewLayer | Synchronizing object | Eyebrow.L
Fra:1 Mem:27.44M (Peak 27.44M) | Time:00:00.58 | Mem:0.00M, Peak:0.00M | Scene, ViewLayer | Synchronizing object | Eye_White.R
Fra:1 Mem:27.45M (Peak 27.45M) | Time:00:00.58 | Mem:0.00M, Peak:0.00M | Scene, ViewLayer | Synchronizing object | Iris_hair.R
Fra:1 Mem:27.46M (Peak 27.46M) | Time:00:00.58 | Mem:0.00M, Peak:0.00M | Scene, ViewLayer | Synchronizing object | Iris_ink.R
Fra:1 Mem:27.47M (Peak 27.47M) | Time:00:00.58 | Mem:0.00M, Peak:0.00M | Scene, ViewLayer | Synchronizing object | Eye_Glint.R
Fra:1 Mem:27.47M (Peak 27.47M) | Time:00:00.58 | Mem:0.00M, Peak:0.00M | Scene, ViewLayer | Synchronizing object | Upper_Lid.R
Fra:1 Mem:27.49M (Peak 27.49M) | Time:00:00.58 | Mem:0.00M, Peak:0.00M | Scene, ViewLayer | Synchronizing object | Lower_Lid.R
Fra:1 Mem:27.49M (Peak 27.49M) | Time:00:00.58 | Mem:0.00M, Peak:0.00M | Scene, ViewLayer | Synchronizing object | Eyebrow.R
Fra:1 Mem:27.50M (Peak 27.50M) | Time:00:00.58 | Mem:0.00M, Peak:0.00M | Scene, ViewLayer | Synchronizing object | Mouth
Fra:1 Mem:27.51M (Peak 27.51M) | Time:00:00.58 | Mem:0.00M, Peak:0.00M | Scene, ViewLayer | Synchronizing object | Hair_Cap
Fra:1 Mem:29.09M (Peak 29.09M) | Time:00:00.64 | Mem:0.00M, Peak:0.00M | Scene, ViewLayer | Synchronizing object | Hair_CrownBase
Fra:1 Mem:29.18M (Peak 29.18M) | Time:00:00.64 | Mem:0.00M, Peak:0.00M | Scene, ViewLayer | Synchronizing object | Review_Rim
Fra:1 Mem:29.20M (Peak 29.20M) | Time:00:00.64 | Mem:0.00M, Peak:0.00M | Scene, ViewLayer | Synchronizing object | Review_Fill
Fra:1 Mem:29.18M (Peak 29.20M) | Time:00:00.64 | Mem:0.00M, Peak:0.00M | Scene, ViewLayer | Synchronizing object | Review_Key
Fra:1 Mem:29.18M (Peak 29.20M) | Time:00:00.64 | Mem:0.00M, Peak:0.00M | Scene, ViewLayer | Synchronizing object | Review_Ground
Fra:1 Mem:29.18M (Peak 29.20M) | Time:00:00.64 | Mem:0.00M, Peak:0.00M | Scene, ViewLayer | Synchronizing object | Tee_Bar
Fra:1 Mem:29.20M (Peak 29.20M) | Time:00:00.64 | Mem:0.00M, Peak:0.00M | Scene, ViewLayer | Synchronizing object | Tee_Dot_1.246
Fra:1 Mem:29.21M (Peak 29.21M) | Time:00:00.64 | Mem:0.00M, Peak:0.00M | Scene, ViewLayer | Synchronizing object | Bangs_01
Fra:1 Mem:29.21M (Peak 29.21M) | Time:00:00.64 | Mem:0.00M, Peak:0.00M | Scene, ViewLayer | Synchronizing object | Tee_Dot_1.275
Fra:1 Mem:29.23M (Peak 29.23M) | Time:00:00.64 | Mem:0.00M, Peak:0.00M | Scene, ViewLayer | Synchronizing object | Crown_0.R
Fra:1 Mem:29.24M (Peak 29.24M) | Time:00:00.64 | Mem:0.00M, Peak:0.00M | Scene, ViewLayer | Synchronizing object | Bangs_02
Fra:1 Mem:29.27M (Peak 29.27M) | Time:00:00.64 | Mem:0.00M, Peak:0.00M | Scene, ViewLayer | Synchronizing object | Crown_0.L
Fra:1 Mem:29.29M (Peak 29.29M) | Time:00:00.64 | Mem:0.00M, Peak:0.00M | Scene, ViewLayer | Synchronizing object | Bangs_03
Fra:1 Mem:29.31M (Peak 29.31M) | Time:00:00.64 | Mem:0.00M, Peak:0.00M | Scene, ViewLayer | Synchronizing object | Temple_2.R
Fra:1 Mem:29.32M (Peak 29.32M) | Time:00:00.64 | Mem:0.00M, Peak:0.00M | Scene, ViewLayer | Synchronizing object | Bangs_04
Fra:1 Mem:29.35M (Peak 29.35M) | Time:00:00.64 | Mem:0.00M, Peak:0.00M | Scene, ViewLayer | Synchronizing object | Temple_1.R
Fra:1 Mem:29.37M (Peak 29.37M) | Time:00:00.64 | Mem:0.00M, Peak:0.00M | Scene, ViewLayer | Synchronizing object | Bangs_05
Fra:1 Mem:29.39M (Peak 29.39M) | Time:00:00.64 | Mem:0.00M, Peak:0.00M | Scene, ViewLayer | Synchronizing object | Temple_0.R
Fra:1 Mem:29.41M (Peak 29.41M) | Time:00:00.64 | Mem:0.00M, Peak:0.00M | Scene, ViewLayer | Synchronizing object | Temple_0.L
Fra:1 Mem:29.43M (Peak 29.43M) | Time:00:00.64 | Mem:0.00M, Peak:0.00M | Scene, ViewLayer | Synchronizing object | Temple_2.L
Fra:1 Mem:29.45M (Peak 29.45M) | Time:00:00.64 | Mem:0.00M, Peak:0.00M | Scene, ViewLayer | Synchronizing object | Temple_1.L
Fra:1 Mem:29.48M (Peak 29.48M) | Time:00:00.64 | Mem:0.00M, Peak:0.00M | Scene, ViewLayer | Initializing
Fra:1 Mem:23.78M (Peak 29.48M) | Time:00:00.64 | Mem:0.00M, Peak:0.00M | Scene, ViewLayer | Updating Images | Loading CHR001_GreyStudy_Normal
Fra:1 Mem:31.80M (Peak 35.80M) | Time:00:00.66 | Mem:4.00M, Peak:4.00M | Scene, ViewLayer | Updating Images | Loading CHR001_GreyStudy_Surface
Fra:1 Mem:32.38M (Peak 39.81M) | Time:00:00.67 | Mem:12.00M, Peak:12.00M | Scene, ViewLayer | Waiting for render to start
Fra:1 Mem:32.38M (Peak 39.81M) | Time:00:00.67 | Mem:12.00M, Peak:12.00M | Scene, ViewLayer | Updating Scene
Fra:1 Mem:32.38M (Peak 39.81M) | Time:00:00.67 | Mem:12.00M, Peak:12.00M | Scene, ViewLayer | Updating Shaders
Fra:1 Mem:32.38M (Peak 39.81M) | Time:00:00.67 | Mem:12.00M, Peak:12.00M | Scene, ViewLayer | Loading render kernels (may take a few minutes the first time)
Fra:1 Mem:32.46M (Peak 39.81M) | Time:00:00.67 | Mem:12.00M, Peak:12.00M | Scene, ViewLayer | Updating Procedurals
Fra:1 Mem:32.46M (Peak 39.81M) | Time:00:00.67 | Mem:12.00M, Peak:12.00M | Scene, ViewLayer | Updating Background
Fra:1 Mem:32.46M (Peak 39.81M) | Time:00:00.67 | Mem:12.00M, Peak:12.00M | Scene, ViewLayer | Updating Camera
Fra:1 Mem:32.46M (Peak 39.81M) | Time:00:00.67 | Mem:12.00M, Peak:12.00M | Scene, ViewLayer | Updating Meshes Flags
Fra:1 Mem:32.46M (Peak 39.81M) | Time:00:00.67 | Mem:12.00M, Peak:12.00M | Scene, ViewLayer | Updating Objects
Fra:1 Mem:32.46M (Peak 39.81M) | Time:00:00.67 | Mem:12.00M, Peak:12.00M | Scene, ViewLayer | Updating Objects | Copying Transformations to device
Fra:1 Mem:32.48M (Peak 39.81M) | Time:00:00.67 | Mem:12.02M, Peak:12.02M | Scene, ViewLayer | Updating Particle Systems
Fra:1 Mem:32.48M (Peak 39.81M) | Time:00:00.67 | Mem:12.02M, Peak:12.02M | Scene, ViewLayer | Updating Particle Systems | Copying Particles to device
Fra:1 Mem:32.48M (Peak 39.81M) | Time:00:00.67 | Mem:12.02M, Peak:12.02M | Scene, ViewLayer | Updating Meshes
Fra:1 Mem:35.27M (Peak 39.81M) | Time:00:00.69 | Mem:12.02M, Peak:12.02M | Scene, ViewLayer | Updating Objects | Applying Static Transformations
Fra:1 Mem:35.27M (Peak 39.81M) | Time:00:00.69 | Mem:12.02M, Peak:12.02M | Scene, ViewLayer | Updating Mesh | Computing attributes
Fra:1 Mem:38.93M (Peak 39.81M) | Time:00:00.70 | Mem:12.03M, Peak:12.03M | Scene, ViewLayer | Updating Mesh | Copying Attributes to device
Fra:1 Mem:38.91M (Peak 39.81M) | Time:00:00.70 | Mem:15.66M, Peak:15.66M | Scene, ViewLayer | Updating Scene BVH | Building
Fra:1 Mem:38.92M (Peak 39.81M) | Time:00:00.70 | Mem:15.66M, Peak:15.66M | Scene, ViewLayer | Updating Scene BVH | Building BVH
Fra:1 Mem:38.92M (Peak 39.81M) | Time:00:00.70 | Mem:17.15M, Peak:17.15M | Scene, ViewLayer | Updating Scene BVH | Building BVH 0%
Fra:1 Mem:38.92M (Peak 39.81M) | Time:00:00.70 | Mem:18.77M, Peak:20.26M | Scene, ViewLayer | Updating Scene BVH | Copying BVH to device
Fra:1 Mem:38.92M (Peak 39.81M) | Time:00:00.70 | Mem:18.77M, Peak:20.26M | Scene, ViewLayer | Updating Mesh | Computing normals
Fra:1 Mem:40.23M (Peak 40.23M) | Time:00:00.70 | Mem:18.77M, Peak:20.26M | Scene, ViewLayer | Updating Mesh | Copying Mesh to device
Fra:1 Mem:40.23M (Peak 40.23M) | Time:00:00.70 | Mem:20.09M, Peak:20.26M | Scene, ViewLayer | Updating Objects Flags
Fra:1 Mem:40.23M (Peak 40.23M) | Time:00:00.70 | Mem:20.09M, Peak:20.26M | Scene, ViewLayer | Updating Primitive Offsets
Fra:1 Mem:40.23M (Peak 40.23M) | Time:00:00.70 | Mem:20.09M, Peak:20.26M | Scene, ViewLayer | Updating Images
Fra:1 Mem:40.23M (Peak 40.23M) | Time:00:00.70 | Mem:20.09M, Peak:20.26M | Scene, ViewLayer | Updating Camera Volume
Fra:1 Mem:40.23M (Peak 40.23M) | Time:00:00.70 | Mem:20.09M, Peak:20.26M | Scene, ViewLayer | Updating Lookup Tables
Fra:1 Mem:40.23M (Peak 40.23M) | Time:00:00.70 | Mem:20.17M, Peak:20.26M | Scene, ViewLayer | Updating Lights
Fra:1 Mem:40.23M (Peak 40.23M) | Time:00:00.70 | Mem:20.17M, Peak:20.26M | Scene, ViewLayer | Updating Lights | Computing tree
Fra:1 Mem:40.23M (Peak 40.23M) | Time:00:00.70 | Mem:20.17M, Peak:20.26M | Scene, ViewLayer | Updating Integrator
Fra:1 Mem:40.23M (Peak 40.23M) | Time:00:00.70 | Mem:20.17M, Peak:20.26M | Scene, ViewLayer | Updating Film
Fra:1 Mem:40.23M (Peak 40.23M) | Time:00:00.70 | Mem:20.09M, Peak:20.26M | Scene, ViewLayer | Updating Lookup Tables
Fra:1 Mem:40.23M (Peak 40.23M) | Time:00:00.70 | Mem:20.17M, Peak:20.26M | Scene, ViewLayer | Updating Baking
Fra:1 Mem:40.23M (Peak 40.23M) | Time:00:00.70 | Mem:20.17M, Peak:20.26M | Scene, ViewLayer | Updating Device | Writing constant memory
Fra:1 Mem:40.24M (Peak 40.24M) | Time:00:00.70 | Mem:20.17M, Peak:20.26M | Scene, ViewLayer | Loading denoising kernels (may take a few minutes the first time)
Fra:1 Mem:40.24M (Peak 40.24M) | Time:00:00.70 | Mem:20.17M, Peak:20.26M | Scene, ViewLayer | Sample 0/12
Fra:1 Mem:62.52M (Peak 62.52M) | Time:00:00.96 | Remaining:00:02.83 | Mem:42.45M, Peak:42.45M | Scene, ViewLayer | Sample 1/12
Fra:1 Mem:71.90M (Peak 85.97M) | Time:00:06.86 | Mem:42.45M, Peak:42.45M | Scene, ViewLayer | Sample 12/12
Fra:1 Mem:71.90M (Peak 85.97M) | Time:00:06.86 | Mem:42.45M, Peak:42.45M | Scene, ViewLayer | Finished
Saved: '/home/lzzz/MyProjects/N-SIDE/output/yao-drape-r13/candidate-b-back.png'
Time: 00:06.89 (Saving: 00:00.02)

Fra:1 Mem:23.01M (Peak 24.41M) | Time:00:00.04 | Mem:0.00M, Peak:0.00M | Scene, ViewLayer | Synchronizing object | TShirt
Fra:1 Mem:23.17M (Peak 24.41M) | Time:00:00.04 | Mem:0.00M, Peak:0.00M | Scene, ViewLayer | Synchronizing object | TShirt_Collar
Fra:1 Mem:23.19M (Peak 24.41M) | Time:00:00.04 | Mem:0.00M, Peak:0.00M | Scene, ViewLayer | Synchronizing object | Hood
Fra:1 Mem:23.29M (Peak 24.41M) | Time:00:00.04 | Mem:0.00M, Peak:0.00M | Scene, ViewLayer | Synchronizing object | Sleeve_Cuff.L
Fra:1 Mem:23.30M (Peak 24.41M) | Time:00:00.04 | Mem:0.00M, Peak:0.00M | Scene, ViewLayer | Synchronizing object | Hood_Cord.L
Fra:1 Mem:23.34M (Peak 24.41M) | Time:00:00.05 | Mem:0.00M, Peak:0.00M | Scene, ViewLayer | Synchronizing object | Palm.L
Fra:1 Mem:23.39M (Peak 24.41M) | Time:00:00.05 | Mem:0.00M, Peak:0.00M | Scene, ViewLayer | Synchronizing object | Index_Mesh.L
Fra:1 Mem:23.39M (Peak 24.41M) | Time:00:00.05 | Mem:0.00M, Peak:0.00M | Scene, ViewLayer | Synchronizing object | Middle_Mesh.L
Fra:1 Mem:23.43M (Peak 24.41M) | Time:00:00.05 | Mem:0.00M, Peak:0.00M | Scene, ViewLayer | Synchronizing object | Ring_Mesh.L
Fra:1 Mem:23.40M (Peak 24.41M) | Time:00:00.05 | Mem:0.00M, Peak:0.00M | Scene, ViewLayer | Synchronizing object | Pinky_Mesh.L
Fra:1 Mem:23.41M (Peak 24.41M) | Time:00:00.05 | Mem:0.00M, Peak:0.00M | Scene, ViewLayer | Synchronizing object | Thumb_Mesh.L
Fra:1 Mem:23.59M (Peak 24.41M) | Time:00:00.09 | Mem:0.00M, Peak:0.00M | Scene, ViewLayer | Synchronizing object | Trousers.L
Fra:1 Mem:23.85M (Peak 24.41M) | Time:00:00.09 | Mem:0.00M, Peak:0.00M | Scene, ViewLayer | Synchronizing object | Sneaker_Sole.L
Fra:1 Mem:23.87M (Peak 24.41M) | Time:00:00.09 | Mem:0.00M, Peak:0.00M | Scene, ViewLayer | Synchronizing object | Sneaker_Upper.L
Fra:1 Mem:23.89M (Peak 24.41M) | Time:00:00.09 | Mem:0.00M, Peak:0.00M | Scene, ViewLayer | Synchronizing object | Sock.L
Fra:1 Mem:23.89M (Peak 24.41M) | Time:00:00.09 | Mem:0.00M, Peak:0.00M | Scene, ViewLayer | Synchronizing object | Lace_0.L
Fra:1 Mem:23.90M (Peak 24.41M) | Time:00:00.09 | Mem:0.00M, Peak:0.00M | Scene, ViewLayer | Synchronizing object | Lace_1.L
Fra:1 Mem:23.90M (Peak 24.41M) | Time:00:00.09 | Mem:0.00M, Peak:0.00M | Scene, ViewLayer | Synchronizing object | Lace_2.L
Fra:1 Mem:23.90M (Peak 24.41M) | Time:00:00.09 | Mem:0.00M, Peak:0.00M | Scene, ViewLayer | Synchronizing object | Lace_3.L
Fra:1 Mem:23.90M (Peak 24.41M) | Time:00:00.09 | Mem:0.00M, Peak:0.00M | Scene, ViewLayer | Synchronizing object | Heel_Tab.L
Fra:1 Mem:23.91M (Peak 24.41M) | Time:00:00.09 | Mem:0.00M, Peak:0.00M | Scene, ViewLayer | Synchronizing object | Sleeve_Cuff.R
Fra:1 Mem:23.91M (Peak 24.41M) | Time:00:00.09 | Mem:0.00M, Peak:0.00M | Scene, ViewLayer | Synchronizing object | Hood_Cord.R
Fra:1 Mem:23.95M (Peak 24.41M) | Time:00:00.10 | Mem:0.00M, Peak:0.00M | Scene, ViewLayer | Synchronizing object | Palm.R
Fra:1 Mem:24.00M (Peak 24.41M) | Time:00:00.10 | Mem:0.00M, Peak:0.00M | Scene, ViewLayer | Synchronizing object | Index_Mesh.R
Fra:1 Mem:24.01M (Peak 24.41M) | Time:00:00.10 | Mem:0.00M, Peak:0.00M | Scene, ViewLayer | Synchronizing object | Middle_Mesh.R
Fra:1 Mem:24.02M (Peak 24.41M) | Time:00:00.10 | Mem:0.00M, Peak:0.00M | Scene, ViewLayer | Synchronizing object | Ring_Mesh.R
Fra:1 Mem:24.02M (Peak 24.41M) | Time:00:00.10 | Mem:0.00M, Peak:0.00M | Scene, ViewLayer | Synchronizing object | Pinky_Mesh.R
Fra:1 Mem:24.02M (Peak 24.41M) | Time:00:00.10 | Mem:0.00M, Peak:0.00M | Scene, ViewLayer | Synchronizing object | Thumb_Mesh.R
Fra:1 Mem:24.21M (Peak 24.41M) | Time:00:00.13 | Mem:0.00M, Peak:0.00M | Scene, ViewLayer | Synchronizing object | Trousers.R
Fra:1 Mem:24.48M (Peak 24.48M) | Time:00:00.13 | Mem:0.00M, Peak:0.00M | Scene, ViewLayer | Synchronizing object | Sneaker_Sole.R
Fra:1 Mem:24.50M (Peak 24.50M) | Time:00:00.13 | Mem:0.00M, Peak:0.00M | Scene, ViewLayer | Synchronizing object | Sneaker_Upper.R
Fra:1 Mem:24.62M (Peak 24.62M) | Time:00:00.13 | Mem:0.00M, Peak:0.00M | Scene, ViewLayer | Synchronizing object | Sock.R
Fra:1 Mem:24.63M (Peak 24.63M) | Time:00:00.13 | Mem:0.00M, Peak:0.00M | Scene, ViewLayer | Synchronizing object | Lace_0.R
Fra:1 Mem:24.55M (Peak 24.63M) | Time:00:00.13 | Mem:0.00M, Peak:0.00M | Scene, ViewLayer | Synchronizing object | Lace_1.R
Fra:1 Mem:24.55M (Peak 24.63M) | Time:00:00.13 | Mem:0.00M, Peak:0.00M | Scene, ViewLayer | Synchronizing object | Lace_2.R
Fra:1 Mem:24.55M (Peak 24.63M) | Time:00:00.13 | Mem:0.00M, Peak:0.00M | Scene, ViewLayer | Synchronizing object | Lace_3.R
Fra:1 Mem:24.56M (Peak 24.63M) | Time:00:00.13 | Mem:0.00M, Peak:0.00M | Scene, ViewLayer | Synchronizing object | Heel_Tab.R
Fra:1 Mem:25.22M (Peak 25.22M) | Time:00:00.17 | Mem:0.00M, Peak:0.00M | Scene, ViewLayer | Synchronizing object | Jacket_ContinuousShoulders
Fra:1 Mem:26.60M (Peak 26.60M) | Time:00:00.58 | Mem:0.00M, Peak:0.00M | Scene, ViewLayer | Synchronizing object | Face_Head
Fra:1 Mem:27.27M (Peak 27.27M) | Time:00:00.59 | Mem:0.00M, Peak:0.00M | Scene, ViewLayer | Synchronizing object | Ear.L
Fra:1 Mem:27.32M (Peak 27.32M) | Time:00:00.59 | Mem:0.00M, Peak:0.00M | Scene, ViewLayer | Synchronizing object | Ear_Fold.L
Fra:1 Mem:27.37M (Peak 27.37M) | Time:00:00.60 | Mem:0.00M, Peak:0.00M | Scene, ViewLayer | Synchronizing object | Ear.R
Fra:1 Mem:27.44M (Peak 27.44M) | Time:00:00.60 | Mem:0.00M, Peak:0.00M | Scene, ViewLayer | Synchronizing object | Ear_Fold.R
Fra:1 Mem:27.44M (Peak 27.44M) | Time:00:00.60 | Mem:0.00M, Peak:0.00M | Scene, ViewLayer | Synchronizing object | Eye_White.L
Fra:1 Mem:27.45M (Peak 27.45M) | Time:00:00.60 | Mem:0.00M, Peak:0.00M | Scene, ViewLayer | Synchronizing object | Iris_hair.L
Fra:1 Mem:27.45M (Peak 27.45M) | Time:00:00.60 | Mem:0.00M, Peak:0.00M | Scene, ViewLayer | Synchronizing object | Iris_ink.L
Fra:1 Mem:27.46M (Peak 27.46M) | Time:00:00.60 | Mem:0.00M, Peak:0.00M | Scene, ViewLayer | Synchronizing object | Eye_Glint.L
Fra:1 Mem:27.47M (Peak 27.47M) | Time:00:00.60 | Mem:0.00M, Peak:0.00M | Scene, ViewLayer | Synchronizing object | Upper_Lid.L
Fra:1 Mem:27.48M (Peak 27.48M) | Time:00:00.60 | Mem:0.00M, Peak:0.00M | Scene, ViewLayer | Synchronizing object | Lower_Lid.L
Fra:1 Mem:27.49M (Peak 27.49M) | Time:00:00.60 | Mem:0.00M, Peak:0.00M | Scene, ViewLayer | Synchronizing object | Eyebrow.L
Fra:1 Mem:27.49M (Peak 27.49M) | Time:00:00.60 | Mem:0.00M, Peak:0.00M | Scene, ViewLayer | Synchronizing object | Eye_White.R
Fra:1 Mem:27.50M (Peak 27.50M) | Time:00:00.60 | Mem:0.00M, Peak:0.00M | Scene, ViewLayer | Synchronizing object | Iris_hair.R
Fra:1 Mem:27.51M (Peak 27.51M) | Time:00:00.60 | Mem:0.00M, Peak:0.00M | Scene, ViewLayer | Synchronizing object | Iris_ink.R
Fra:1 Mem:27.52M (Peak 27.52M) | Time:00:00.60 | Mem:0.00M, Peak:0.00M | Scene, ViewLayer | Synchronizing object | Eye_Glint.R
Fra:1 Mem:27.52M (Peak 27.52M) | Time:00:00.60 | Mem:0.00M, Peak:0.00M | Scene, ViewLayer | Synchronizing object | Upper_Lid.R
Fra:1 Mem:27.53M (Peak 27.53M) | Time:00:00.60 | Mem:0.00M, Peak:0.00M | Scene, ViewLayer | Synchronizing object | Lower_Lid.R
Fra:1 Mem:27.54M (Peak 27.54M) | Time:00:00.60 | Mem:0.00M, Peak:0.00M | Scene, ViewLayer | Synchronizing object | Eyebrow.R
Fra:1 Mem:27.54M (Peak 27.54M) | Time:00:00.60 | Mem:0.00M, Peak:0.00M | Scene, ViewLayer | Synchronizing object | Mouth
Fra:1 Mem:27.55M (Peak 27.55M) | Time:00:00.60 | Mem:0.00M, Peak:0.00M | Scene, ViewLayer | Synchronizing object | Hair_Cap
Fra:1 Mem:29.13M (Peak 29.13M) | Time:00:00.66 | Mem:0.00M, Peak:0.00M | Scene, ViewLayer | Synchronizing object | Hair_CrownBase
Fra:1 Mem:29.22M (Peak 29.22M) | Time:00:00.66 | Mem:0.00M, Peak:0.00M | Scene, ViewLayer | Synchronizing object | Review_Rim
Fra:1 Mem:29.22M (Peak 29.22M) | Time:00:00.66 | Mem:0.00M, Peak:0.00M | Scene, ViewLayer | Synchronizing object | Bangs_00
Fra:1 Mem:29.23M (Peak 29.23M) | Time:00:00.66 | Mem:0.00M, Peak:0.00M | Scene, ViewLayer | Synchronizing object | Review_Fill
Fra:1 Mem:29.24M (Peak 29.24M) | Time:00:00.66 | Mem:0.00M, Peak:0.00M | Scene, ViewLayer | Synchronizing object | Review_Key
Fra:1 Mem:29.24M (Peak 29.24M) | Time:00:00.66 | Mem:0.00M, Peak:0.00M | Scene, ViewLayer | Synchronizing object | Review_Ground
Fra:1 Mem:29.24M (Peak 29.24M) | Time:00:00.66 | Mem:0.00M, Peak:0.00M | Scene, ViewLayer | Synchronizing object | Bangs_01
Fra:1 Mem:29.24M (Peak 29.24M) | Time:00:00.66 | Mem:0.00M, Peak:0.00M | Scene, ViewLayer | Synchronizing object | Tee_Bar
Fra:1 Mem:29.26M (Peak 29.26M) | Time:00:00.66 | Mem:0.00M, Peak:0.00M | Scene, ViewLayer | Synchronizing object | Tee_Dot_1.246
Fra:1 Mem:29.26M (Peak 29.26M) | Time:00:00.66 | Mem:0.00M, Peak:0.00M | Scene, ViewLayer | Synchronizing object | Bangs_02
Fra:1 Mem:29.27M (Peak 29.27M) | Time:00:00.66 | Mem:0.00M, Peak:0.00M | Scene, ViewLayer | Synchronizing object | Tee_Dot_1.275
Fra:1 Mem:29.29M (Peak 29.29M) | Time:00:00.66 | Mem:0.00M, Peak:0.00M | Scene, ViewLayer | Synchronizing object | Bangs_03
Fra:1 Mem:29.30M (Peak 29.30M) | Time:00:00.66 | Mem:0.00M, Peak:0.00M | Scene, ViewLayer | Synchronizing object | Crown_0.R
Fra:1 Mem:29.31M (Peak 29.31M) | Time:00:00.66 | Mem:0.00M, Peak:0.00M | Scene, ViewLayer | Synchronizing object | Bangs_04
Fra:1 Mem:29.33M (Peak 29.33M) | Time:00:00.66 | Mem:0.00M, Peak:0.00M | Scene, ViewLayer | Synchronizing object | Crown_0.L
Fra:1 Mem:29.34M (Peak 29.34M) | Time:00:00.66 | Mem:0.00M, Peak:0.00M | Scene, ViewLayer | Synchronizing object | Bangs_05
Fra:1 Mem:29.37M (Peak 29.37M) | Time:00:00.66 | Mem:0.00M, Peak:0.00M | Scene, ViewLayer | Synchronizing object | Temple_2.R
Fra:1 Mem:29.37M (Peak 29.37M) | Time:00:00.66 | Mem:0.00M, Peak:0.00M | Scene, ViewLayer | Synchronizing object | Temple_0.L
Fra:1 Mem:29.41M (Peak 29.41M) | Time:00:00.66 | Mem:0.00M, Peak:0.00M | Scene, ViewLayer | Synchronizing object | Temple_1.R
Fra:1 Mem:29.41M (Peak 29.41M) | Time:00:00.66 | Mem:0.00M, Peak:0.00M | Scene, ViewLayer | Synchronizing object | Temple_1.L
Fra:1 Mem:29.44M (Peak 29.44M) | Time:00:00.66 | Mem:0.00M, Peak:0.00M | Scene, ViewLayer | Synchronizing object | Temple_0.R
Fra:1 Mem:29.44M (Peak 29.44M) | Time:00:00.66 | Mem:0.00M, Peak:0.00M | Scene, ViewLayer | Synchronizing object | Temple_2.L
Fra:1 Mem:29.48M (Peak 29.48M) | Time:00:00.66 | Mem:0.00M, Peak:0.00M | Scene, ViewLayer | Initializing
Fra:1 Mem:23.78M (Peak 29.48M) | Time:00:00.66 | Mem:0.00M, Peak:0.00M | Scene, ViewLayer | Updating Images | Loading CHR001_GreyStudy_Normal
Fra:1 Mem:35.81M (Peak 39.81M) | Time:00:00.67 | Mem:4.00M, Peak:4.00M | Scene, ViewLayer | Updating Images | Loading CHR001_GreyStudy_Surface
Fra:1 Mem:32.38M (Peak 39.81M) | Time:00:00.68 | Mem:12.00M, Peak:12.00M | Scene, ViewLayer | Waiting for render to start
Fra:1 Mem:32.38M (Peak 39.81M) | Time:00:00.68 | Mem:12.00M, Peak:12.00M | Scene, ViewLayer | Updating Scene
Fra:1 Mem:32.38M (Peak 39.81M) | Time:00:00.68 | Mem:12.00M, Peak:12.00M | Scene, ViewLayer | Updating Shaders
Fra:1 Mem:32.38M (Peak 39.81M) | Time:00:00.68 | Mem:12.00M, Peak:12.00M | Scene, ViewLayer | Loading render kernels (may take a few minutes the first time)
Fra:1 Mem:32.46M (Peak 39.81M) | Time:00:00.68 | Mem:12.00M, Peak:12.00M | Scene, ViewLayer | Updating Procedurals
Fra:1 Mem:32.46M (Peak 39.81M) | Time:00:00.68 | Mem:12.00M, Peak:12.00M | Scene, ViewLayer | Updating Background
Fra:1 Mem:32.46M (Peak 39.81M) | Time:00:00.68 | Mem:12.00M, Peak:12.00M | Scene, ViewLayer | Updating Camera
Fra:1 Mem:32.46M (Peak 39.81M) | Time:00:00.68 | Mem:12.00M, Peak:12.00M | Scene, ViewLayer | Updating Meshes Flags
Fra:1 Mem:32.46M (Peak 39.81M) | Time:00:00.68 | Mem:12.00M, Peak:12.00M | Scene, ViewLayer | Updating Objects
Fra:1 Mem:32.46M (Peak 39.81M) | Time:00:00.68 | Mem:12.00M, Peak:12.00M | Scene, ViewLayer | Updating Objects | Copying Transformations to device
Fra:1 Mem:32.48M (Peak 39.81M) | Time:00:00.68 | Mem:12.02M, Peak:12.02M | Scene, ViewLayer | Updating Particle Systems
Fra:1 Mem:32.48M (Peak 39.81M) | Time:00:00.68 | Mem:12.02M, Peak:12.02M | Scene, ViewLayer | Updating Particle Systems | Copying Particles to device
Fra:1 Mem:32.48M (Peak 39.81M) | Time:00:00.68 | Mem:12.02M, Peak:12.02M | Scene, ViewLayer | Updating Meshes
Fra:1 Mem:35.27M (Peak 39.81M) | Time:00:00.70 | Mem:12.02M, Peak:12.02M | Scene, ViewLayer | Updating Objects | Applying Static Transformations
Fra:1 Mem:35.27M (Peak 39.81M) | Time:00:00.70 | Mem:12.02M, Peak:12.02M | Scene, ViewLayer | Updating Mesh | Computing attributes
Fra:1 Mem:38.93M (Peak 39.81M) | Time:00:00.70 | Mem:12.03M, Peak:12.03M | Scene, ViewLayer | Updating Mesh | Copying Attributes to device
Fra:1 Mem:38.91M (Peak 39.81M) | Time:00:00.70 | Mem:15.66M, Peak:15.66M | Scene, ViewLayer | Updating Scene BVH | Building
Fra:1 Mem:38.92M (Peak 39.81M) | Time:00:00.70 | Mem:15.66M, Peak:15.66M | Scene, ViewLayer | Updating Scene BVH | Building BVH
Fra:1 Mem:38.92M (Peak 39.81M) | Time:00:00.70 | Mem:17.15M, Peak:17.15M | Scene, ViewLayer | Updating Scene BVH | Building BVH 0%
Fra:1 Mem:38.92M (Peak 39.81M) | Time:00:00.71 | Mem:18.77M, Peak:20.26M | Scene, ViewLayer | Updating Scene BVH | Copying BVH to device
Fra:1 Mem:38.92M (Peak 39.81M) | Time:00:00.71 | Mem:18.77M, Peak:20.26M | Scene, ViewLayer | Updating Mesh | Computing normals
Fra:1 Mem:40.23M (Peak 40.23M) | Time:00:00.71 | Mem:18.77M, Peak:20.26M | Scene, ViewLayer | Updating Mesh | Copying Mesh to device
Fra:1 Mem:40.23M (Peak 40.23M) | Time:00:00.71 | Mem:20.09M, Peak:20.26M | Scene, ViewLayer | Updating Objects Flags
Fra:1 Mem:40.23M (Peak 40.23M) | Time:00:00.71 | Mem:20.09M, Peak:20.26M | Scene, ViewLayer | Updating Primitive Offsets
Fra:1 Mem:40.23M (Peak 40.23M) | Time:00:00.71 | Mem:20.09M, Peak:20.26M | Scene, ViewLayer | Updating Images
Fra:1 Mem:40.23M (Peak 40.23M) | Time:00:00.71 | Mem:20.09M, Peak:20.26M | Scene, ViewLayer | Updating Camera Volume
Fra:1 Mem:40.23M (Peak 40.23M) | Time:00:00.71 | Mem:20.09M, Peak:20.26M | Scene, ViewLayer | Updating Lookup Tables
Fra:1 Mem:40.23M (Peak 40.23M) | Time:00:00.71 | Mem:20.17M, Peak:20.26M | Scene, ViewLayer | Updating Lights
Fra:1 Mem:40.23M (Peak 40.23M) | Time:00:00.71 | Mem:20.17M, Peak:20.26M | Scene, ViewLayer | Updating Lights | Computing tree
Fra:1 Mem:40.23M (Peak 40.23M) | Time:00:00.71 | Mem:20.17M, Peak:20.26M | Scene, ViewLayer | Updating Integrator
Fra:1 Mem:40.23M (Peak 40.23M) | Time:00:00.71 | Mem:20.17M, Peak:20.26M | Scene, ViewLayer | Updating Film
Fra:1 Mem:40.23M (Peak 40.23M) | Time:00:00.71 | Mem:20.09M, Peak:20.26M | Scene, ViewLayer | Updating Lookup Tables
Fra:1 Mem:40.23M (Peak 40.23M) | Time:00:00.71 | Mem:20.17M, Peak:20.26M | Scene, ViewLayer | Updating Baking
Fra:1 Mem:40.23M (Peak 40.23M) | Time:00:00.71 | Mem:20.17M, Peak:20.26M | Scene, ViewLayer | Updating Device | Writing constant memory
Fra:1 Mem:40.24M (Peak 40.24M) | Time:00:00.71 | Mem:20.17M, Peak:20.26M | Scene, ViewLayer | Loading denoising kernels (may take a few minutes the first time)
Fra:1 Mem:40.24M (Peak 40.24M) | Time:00:00.71 | Mem:20.17M, Peak:20.26M | Scene, ViewLayer | Sample 0/12
Fra:1 Mem:62.52M (Peak 62.52M) | Time:00:00.96 | Remaining:00:02.78 | Mem:42.45M, Peak:42.45M | Scene, ViewLayer | Sample 1/12
Fra:1 Mem:71.90M (Peak 85.97M) | Time:00:06.87 | Mem:42.45M, Peak:42.45M | Scene, ViewLayer | Sample 12/12
Fra:1 Mem:71.90M (Peak 85.97M) | Time:00:06.87 | Mem:42.45M, Peak:42.45M | Scene, ViewLayer | Finished
Saved: '/home/lzzz/MyProjects/N-SIDE/output/yao-drape-r13/candidate-b-back-quarter.png'
Time: 00:06.90 (Saving: 00:00.02)

Fra:6 Mem:21.57M (Peak 22.44M) | Time:00:00.04 | Mem:0.00M, Peak:0.00M | Scene, ViewLayer | Synchronizing object | TShirt
Fra:6 Mem:21.73M (Peak 22.44M) | Time:00:00.04 | Mem:0.00M, Peak:0.00M | Scene, ViewLayer | Synchronizing object | TShirt_Collar
Fra:6 Mem:21.75M (Peak 22.44M) | Time:00:00.04 | Mem:0.00M, Peak:0.00M | Scene, ViewLayer | Synchronizing object | Hood
Fra:6 Mem:21.85M (Peak 22.44M) | Time:00:00.04 | Mem:0.00M, Peak:0.00M | Scene, ViewLayer | Synchronizing object | Sleeve_Cuff.L
Fra:6 Mem:21.86M (Peak 22.44M) | Time:00:00.04 | Mem:0.00M, Peak:0.00M | Scene, ViewLayer | Synchronizing object | Hood_Cord.L
Fra:6 Mem:21.90M (Peak 22.44M) | Time:00:00.05 | Mem:0.00M, Peak:0.00M | Scene, ViewLayer | Synchronizing object | Palm.L
Fra:6 Mem:21.95M (Peak 22.44M) | Time:00:00.05 | Mem:0.00M, Peak:0.00M | Scene, ViewLayer | Synchronizing object | Index_Mesh.L
Fra:6 Mem:21.95M (Peak 22.44M) | Time:00:00.05 | Mem:0.00M, Peak:0.00M | Scene, ViewLayer | Synchronizing object | Middle_Mesh.L
Fra:6 Mem:21.96M (Peak 22.44M) | Time:00:00.05 | Mem:0.00M, Peak:0.00M | Scene, ViewLayer | Synchronizing object | Ring_Mesh.L
Fra:6 Mem:22.00M (Peak 22.44M) | Time:00:00.05 | Mem:0.00M, Peak:0.00M | Scene, ViewLayer | Synchronizing object | Pinky_Mesh.L
Fra:6 Mem:21.98M (Peak 22.44M) | Time:00:00.05 | Mem:0.00M, Peak:0.00M | Scene, ViewLayer | Synchronizing object | Thumb_Mesh.L
Fra:6 Mem:22.15M (Peak 22.44M) | Time:00:00.08 | Mem:0.00M, Peak:0.00M | Scene, ViewLayer | Synchronizing object | Trousers.L
Fra:6 Mem:22.41M (Peak 22.44M) | Time:00:00.08 | Mem:0.00M, Peak:0.00M | Scene, ViewLayer | Synchronizing object | Sneaker_Sole.L
Fra:6 Mem:22.43M (Peak 22.44M) | Time:00:00.08 | Mem:0.00M, Peak:0.00M | Scene, ViewLayer | Synchronizing object | Sneaker_Upper.L
Fra:6 Mem:22.45M (Peak 22.45M) | Time:00:00.08 | Mem:0.00M, Peak:0.00M | Scene, ViewLayer | Synchronizing object | Sock.L
Fra:6 Mem:22.45M (Peak 22.45M) | Time:00:00.08 | Mem:0.00M, Peak:0.00M | Scene, ViewLayer | Synchronizing object | Lace_0.L
Fra:6 Mem:22.46M (Peak 22.46M) | Time:00:00.08 | Mem:0.00M, Peak:0.00M | Scene, ViewLayer | Synchronizing object | Lace_1.L
Fra:6 Mem:22.46M (Peak 22.46M) | Time:00:00.08 | Mem:0.00M, Peak:0.00M | Scene, ViewLayer | Synchronizing object | Lace_2.L
Fra:6 Mem:22.46M (Peak 22.46M) | Time:00:00.08 | Mem:0.00M, Peak:0.00M | Scene, ViewLayer | Synchronizing object | Lace_3.L
Fra:6 Mem:22.46M (Peak 22.46M) | Time:00:00.09 | Mem:0.00M, Peak:0.00M | Scene, ViewLayer | Synchronizing object | Heel_Tab.L
Fra:6 Mem:22.47M (Peak 22.47M) | Time:00:00.09 | Mem:0.00M, Peak:0.00M | Scene, ViewLayer | Synchronizing object | Sleeve_Cuff.R
Fra:6 Mem:22.47M (Peak 22.47M) | Time:00:00.09 | Mem:0.00M, Peak:0.00M | Scene, ViewLayer | Synchronizing object | Hood_Cord.R
Fra:6 Mem:22.51M (Peak 22.51M) | Time:00:00.10 | Mem:0.00M, Peak:0.00M | Scene, ViewLayer | Synchronizing object | Palm.R
Fra:6 Mem:22.56M (Peak 22.56M) | Time:00:00.10 | Mem:0.00M, Peak:0.00M | Scene, ViewLayer | Synchronizing object | Index_Mesh.R
Fra:6 Mem:22.57M (Peak 22.57M) | Time:00:00.10 | Mem:0.00M, Peak:0.00M | Scene, ViewLayer | Synchronizing object | Middle_Mesh.R
Fra:6 Mem:22.58M (Peak 22.58M) | Time:00:00.10 | Mem:0.00M, Peak:0.00M | Scene, ViewLayer | Synchronizing object | Ring_Mesh.R
Fra:6 Mem:22.59M (Peak 22.59M) | Time:00:00.10 | Mem:0.00M, Peak:0.00M | Scene, ViewLayer | Synchronizing object | Pinky_Mesh.R
Fra:6 Mem:22.58M (Peak 22.59M) | Time:00:00.10 | Mem:0.00M, Peak:0.00M | Scene, ViewLayer | Synchronizing object | Thumb_Mesh.R
Fra:6 Mem:22.77M (Peak 22.77M) | Time:00:00.13 | Mem:0.00M, Peak:0.00M | Scene, ViewLayer | Synchronizing object | Trousers.R
Fra:6 Mem:23.05M (Peak 23.05M) | Time:00:00.13 | Mem:0.00M, Peak:0.00M | Scene, ViewLayer | Synchronizing object | Sneaker_Sole.R
Fra:6 Mem:23.06M (Peak 23.06M) | Time:00:00.13 | Mem:0.00M, Peak:0.00M | Scene, ViewLayer | Synchronizing object | Sneaker_Upper.R
Fra:6 Mem:23.08M (Peak 23.08M) | Time:00:00.13 | Mem:0.00M, Peak:0.00M | Scene, ViewLayer | Synchronizing object | Sock.R
Fra:6 Mem:23.19M (Peak 23.19M) | Time:00:00.13 | Mem:0.00M, Peak:0.00M | Scene, ViewLayer | Synchronizing object | Lace_0.R
Fra:6 Mem:23.19M (Peak 23.19M) | Time:00:00.13 | Mem:0.00M, Peak:0.00M | Scene, ViewLayer | Synchronizing object | Lace_1.R
Fra:6 Mem:23.11M (Peak 23.19M) | Time:00:00.13 | Mem:0.00M, Peak:0.00M | Scene, ViewLayer | Synchronizing object | Lace_2.R
Fra:6 Mem:23.11M (Peak 23.19M) | Time:00:00.13 | Mem:0.00M, Peak:0.00M | Scene, ViewLayer | Synchronizing object | Lace_3.R
Fra:6 Mem:23.12M (Peak 23.19M) | Time:00:00.13 | Mem:0.00M, Peak:0.00M | Scene, ViewLayer | Synchronizing object | Heel_Tab.R
Fra:6 Mem:23.78M (Peak 23.78M) | Time:00:00.17 | Mem:0.00M, Peak:0.00M | Scene, ViewLayer | Synchronizing object | Jacket_ContinuousShoulders
Fra:6 Mem:25.16M (Peak 25.16M) | Time:00:00.57 | Mem:0.00M, Peak:0.00M | Scene, ViewLayer | Synchronizing object | Face_Head
Fra:6 Mem:25.83M (Peak 25.83M) | Time:00:00.59 | Mem:0.00M, Peak:0.00M | Scene, ViewLayer | Synchronizing object | Ear.L
Fra:6 Mem:25.88M (Peak 25.88M) | Time:00:00.59 | Mem:0.00M, Peak:0.00M | Scene, ViewLayer | Synchronizing object | Ear_Fold.L
Fra:6 Mem:25.93M (Peak 25.93M) | Time:00:00.60 | Mem:0.00M, Peak:0.00M | Scene, ViewLayer | Synchronizing object | Ear.R
Fra:6 Mem:25.99M (Peak 25.99M) | Time:00:00.60 | Mem:0.00M, Peak:0.00M | Scene, ViewLayer | Synchronizing object | Ear_Fold.R
Fra:6 Mem:26.00M (Peak 26.00M) | Time:00:00.60 | Mem:0.00M, Peak:0.00M | Scene, ViewLayer | Synchronizing object | Eye_White.L
Fra:6 Mem:26.02M (Peak 26.02M) | Time:00:00.60 | Mem:0.00M, Peak:0.00M | Scene, ViewLayer | Synchronizing object | Iris_hair.L
Fra:6 Mem:26.02M (Peak 26.02M) | Time:00:00.60 | Mem:0.00M, Peak:0.00M | Scene, ViewLayer | Synchronizing object | Iris_ink.L
Fra:6 Mem:26.03M (Peak 26.03M) | Time:00:00.60 | Mem:0.00M, Peak:0.00M | Scene, ViewLayer | Synchronizing object | Eye_Glint.L
Fra:6 Mem:26.03M (Peak 26.03M) | Time:00:00.60 | Mem:0.00M, Peak:0.00M | Scene, ViewLayer | Synchronizing object | Upper_Lid.L
Fra:6 Mem:26.04M (Peak 26.04M) | Time:00:00.60 | Mem:0.00M, Peak:0.00M | Scene, ViewLayer | Synchronizing object | Lower_Lid.L
Fra:6 Mem:26.05M (Peak 26.05M) | Time:00:00.60 | Mem:0.00M, Peak:0.00M | Scene, ViewLayer | Synchronizing object | Eyebrow.L
Fra:6 Mem:26.05M (Peak 26.05M) | Time:00:00.60 | Mem:0.00M, Peak:0.00M | Scene, ViewLayer | Synchronizing object | Eye_White.R
Fra:6 Mem:26.06M (Peak 26.06M) | Time:00:00.60 | Mem:0.00M, Peak:0.00M | Scene, ViewLayer | Synchronizing object | Iris_hair.R
Fra:6 Mem:26.07M (Peak 26.07M) | Time:00:00.60 | Mem:0.00M, Peak:0.00M | Scene, ViewLayer | Synchronizing object | Iris_ink.R
Fra:6 Mem:26.08M (Peak 26.08M) | Time:00:00.60 | Mem:0.00M, Peak:0.00M | Scene, ViewLayer | Synchronizing object | Eye_Glint.R
Fra:6 Mem:26.08M (Peak 26.08M) | Time:00:00.60 | Mem:0.00M, Peak:0.00M | Scene, ViewLayer | Synchronizing object | Upper_Lid.R
Fra:6 Mem:26.09M (Peak 26.09M) | Time:00:00.60 | Mem:0.00M, Peak:0.00M | Scene, ViewLayer | Synchronizing object | Lower_Lid.R
Fra:6 Mem:26.10M (Peak 26.10M) | Time:00:00.60 | Mem:0.00M, Peak:0.00M | Scene, ViewLayer | Synchronizing object | Eyebrow.R
Fra:6 Mem:26.10M (Peak 26.10M) | Time:00:00.60 | Mem:0.00M, Peak:0.00M | Scene, ViewLayer | Synchronizing object | Mouth
Fra:6 Mem:26.11M (Peak 26.11M) | Time:00:00.60 | Mem:0.00M, Peak:0.00M | Scene, ViewLayer | Synchronizing object | Hair_Cap
Fra:6 Mem:27.69M (Peak 27.69M) | Time:00:00.66 | Mem:0.00M, Peak:0.00M | Scene, ViewLayer | Synchronizing object | Hair_CrownBase
Fra:6 Mem:27.78M (Peak 27.78M) | Time:00:00.66 | Mem:0.00M, Peak:0.00M | Scene, ViewLayer | Synchronizing object | Review_Rim
Fra:6 Mem:27.78M (Peak 27.78M) | Time:00:00.66 | Mem:0.00M, Peak:0.00M | Scene, ViewLayer | Synchronizing object | Review_Fill
Fra:6 Mem:27.78M (Peak 27.78M) | Time:00:00.66 | Mem:0.00M, Peak:0.00M | Scene, ViewLayer | Synchronizing object | Review_Key
Fra:6 Mem:27.78M (Peak 27.78M) | Time:00:00.66 | Mem:0.00M, Peak:0.00M | Scene, ViewLayer | Synchronizing object | Review_Ground
Fra:6 Mem:27.78M (Peak 27.78M) | Time:00:00.66 | Mem:0.00M, Peak:0.00M | Scene, ViewLayer | Synchronizing object | Tee_Bar
Fra:6 Mem:27.79M (Peak 27.79M) | Time:00:00.66 | Mem:0.00M, Peak:0.00M | Scene, ViewLayer | Synchronizing object | Tee_Dot_1.246
Fra:6 Mem:27.81M (Peak 27.81M) | Time:00:00.66 | Mem:0.00M, Peak:0.00M | Scene, ViewLayer | Synchronizing object | Bangs_01
Fra:6 Mem:27.81M (Peak 27.81M) | Time:00:00.66 | Mem:0.00M, Peak:0.00M | Scene, ViewLayer | Synchronizing object | Tee_Dot_1.275
Fra:6 Mem:27.83M (Peak 27.83M) | Time:00:00.66 | Mem:0.00M, Peak:0.00M | Scene, ViewLayer | Synchronizing object | Crown_0.R
Fra:6 Mem:27.83M (Peak 27.83M) | Time:00:00.66 | Mem:0.00M, Peak:0.00M | Scene, ViewLayer | Synchronizing object | Bangs_02
Fra:6 Mem:27.86M (Peak 27.86M) | Time:00:00.66 | Mem:0.00M, Peak:0.00M | Scene, ViewLayer | Synchronizing object | Crown_0.L
Fra:6 Mem:27.88M (Peak 27.88M) | Time:00:00.66 | Mem:0.00M, Peak:0.00M | Scene, ViewLayer | Synchronizing object | Bangs_03
Fra:6 Mem:27.89M (Peak 27.89M) | Time:00:00.66 | Mem:0.00M, Peak:0.00M | Scene, ViewLayer | Synchronizing object | Temple_2.R
Fra:6 Mem:27.91M (Peak 27.91M) | Time:00:00.66 | Mem:0.00M, Peak:0.00M | Scene, ViewLayer | Synchronizing object | Bangs_04
Fra:6 Mem:27.93M (Peak 27.93M) | Time:00:00.66 | Mem:0.00M, Peak:0.00M | Scene, ViewLayer | Synchronizing object | Temple_1.R
Fra:6 Mem:27.94M (Peak 27.94M) | Time:00:00.66 | Mem:0.00M, Peak:0.00M | Scene, ViewLayer | Synchronizing object | Bangs_05
Fra:6 Mem:27.97M (Peak 27.97M) | Time:00:00.66 | Mem:0.00M, Peak:0.00M | Scene, ViewLayer | Synchronizing object | Temple_0.R
Fra:6 Mem:27.97M (Peak 27.97M) | Time:00:00.66 | Mem:0.00M, Peak:0.00M | Scene, ViewLayer | Synchronizing object | Temple_0.L
Fra:6 Mem:28.00M (Peak 28.00M) | Time:00:00.66 | Mem:0.00M, Peak:0.00M | Scene, ViewLayer | Synchronizing object | Temple_2.L
Fra:6 Mem:28.01M (Peak 28.01M) | Time:00:00.66 | Mem:0.00M, Peak:0.00M | Scene, ViewLayer | Synchronizing object | Temple_1.L
Fra:6 Mem:28.04M (Peak 28.04M) | Time:00:00.66 | Mem:0.00M, Peak:0.00M | Scene, ViewLayer | Initializing
Fra:6 Mem:22.35M (Peak 28.04M) | Time:00:00.66 | Mem:0.00M, Peak:0.00M | Scene, ViewLayer | Updating Images | Loading CHR001_GreyStudy_BaseColor
Fra:6 Mem:22.35M (Peak 28.04M) | Time:00:00.66 | Mem:0.00M, Peak:0.00M | Scene, ViewLayer | Updating Images | Loading CHR001_GreyStudy_Normal
Fra:6 Mem:34.37M (Peak 38.37M) | Time:00:00.67 | Mem:4.00M, Peak:4.00M | Scene, ViewLayer | Updating Images | Loading CHR001_GreyStudy_Surface
Fra:6 Mem:31.66M (Peak 38.37M) | Time:00:00.67 | Mem:12.00M, Peak:12.00M | Scene, ViewLayer | Waiting for render to start
Fra:6 Mem:31.66M (Peak 38.37M) | Time:00:00.67 | Mem:12.00M, Peak:12.00M | Scene, ViewLayer | Updating Scene
Fra:6 Mem:31.66M (Peak 38.37M) | Time:00:00.67 | Mem:12.00M, Peak:12.00M | Scene, ViewLayer | Updating Shaders
Fra:6 Mem:31.66M (Peak 38.37M) | Time:00:00.67 | Mem:12.00M, Peak:12.00M | Scene, ViewLayer | Loading render kernels (may take a few minutes the first time)
Fra:6 Mem:31.74M (Peak 38.37M) | Time:00:00.67 | Mem:12.00M, Peak:12.00M | Scene, ViewLayer | Updating Procedurals
Fra:6 Mem:31.74M (Peak 38.37M) | Time:00:00.67 | Mem:12.00M, Peak:12.00M | Scene, ViewLayer | Updating Background
Fra:6 Mem:31.74M (Peak 38.37M) | Time:00:00.67 | Mem:12.00M, Peak:12.00M | Scene, ViewLayer | Updating Camera
Fra:6 Mem:31.74M (Peak 38.37M) | Time:00:00.67 | Mem:12.00M, Peak:12.00M | Scene, ViewLayer | Updating Meshes Flags
Fra:6 Mem:31.74M (Peak 38.37M) | Time:00:00.67 | Mem:12.00M, Peak:12.00M | Scene, ViewLayer | Updating Objects
Fra:6 Mem:31.74M (Peak 38.37M) | Time:00:00.67 | Mem:12.00M, Peak:12.00M | Scene, ViewLayer | Updating Objects | Copying Transformations to device
Fra:6 Mem:31.76M (Peak 38.37M) | Time:00:00.67 | Mem:12.02M, Peak:12.02M | Scene, ViewLayer | Updating Particle Systems
Fra:6 Mem:31.76M (Peak 38.37M) | Time:00:00.67 | Mem:12.02M, Peak:12.02M | Scene, ViewLayer | Updating Particle Systems | Copying Particles to device
Fra:6 Mem:31.76M (Peak 38.37M) | Time:00:00.67 | Mem:12.02M, Peak:12.02M | Scene, ViewLayer | Updating Meshes
Fra:6 Mem:34.55M (Peak 38.37M) | Time:00:00.69 | Mem:12.02M, Peak:12.02M | Scene, ViewLayer | Updating Objects | Applying Static Transformations
Fra:6 Mem:34.55M (Peak 38.37M) | Time:00:00.69 | Mem:12.02M, Peak:12.02M | Scene, ViewLayer | Updating Mesh | Computing attributes
Fra:6 Mem:38.21M (Peak 38.37M) | Time:00:00.70 | Mem:12.03M, Peak:12.03M | Scene, ViewLayer | Updating Mesh | Copying Attributes to device
Fra:6 Mem:38.19M (Peak 38.37M) | Time:00:00.70 | Mem:15.66M, Peak:15.66M | Scene, ViewLayer | Updating Scene BVH | Building
Fra:6 Mem:38.20M (Peak 38.37M) | Time:00:00.70 | Mem:15.66M, Peak:15.66M | Scene, ViewLayer | Updating Scene BVH | Building BVH
Fra:6 Mem:38.20M (Peak 38.37M) | Time:00:00.70 | Mem:17.15M, Peak:17.15M | Scene, ViewLayer | Updating Scene BVH | Building BVH 0%
Fra:6 Mem:38.20M (Peak 38.37M) | Time:00:00.70 | Mem:18.77M, Peak:20.26M | Scene, ViewLayer | Updating Scene BVH | Copying BVH to device
Fra:6 Mem:38.20M (Peak 38.37M) | Time:00:00.70 | Mem:18.77M, Peak:20.26M | Scene, ViewLayer | Updating Mesh | Computing normals
Fra:6 Mem:39.51M (Peak 39.51M) | Time:00:00.70 | Mem:18.77M, Peak:20.26M | Scene, ViewLayer | Updating Mesh | Copying Mesh to device
Fra:6 Mem:39.51M (Peak 39.51M) | Time:00:00.70 | Mem:20.09M, Peak:20.26M | Scene, ViewLayer | Updating Objects Flags
Fra:6 Mem:39.51M (Peak 39.51M) | Time:00:00.70 | Mem:20.09M, Peak:20.26M | Scene, ViewLayer | Updating Primitive Offsets
Fra:6 Mem:39.51M (Peak 39.51M) | Time:00:00.70 | Mem:20.09M, Peak:20.26M | Scene, ViewLayer | Updating Images
Fra:6 Mem:39.51M (Peak 39.51M) | Time:00:00.70 | Mem:20.09M, Peak:20.26M | Scene, ViewLayer | Updating Camera Volume
Fra:6 Mem:39.51M (Peak 39.51M) | Time:00:00.70 | Mem:20.09M, Peak:20.26M | Scene, ViewLayer | Updating Lookup Tables
Fra:6 Mem:39.51M (Peak 39.51M) | Time:00:00.70 | Mem:20.17M, Peak:20.26M | Scene, ViewLayer | Updating Lights
Fra:6 Mem:39.51M (Peak 39.51M) | Time:00:00.70 | Mem:20.17M, Peak:20.26M | Scene, ViewLayer | Updating Lights | Computing tree
Fra:6 Mem:39.51M (Peak 39.51M) | Time:00:00.70 | Mem:20.17M, Peak:20.26M | Scene, ViewLayer | Updating Integrator
Fra:6 Mem:39.51M (Peak 39.51M) | Time:00:00.70 | Mem:20.17M, Peak:20.26M | Scene, ViewLayer | Updating Film
Fra:6 Mem:39.51M (Peak 39.51M) | Time:00:00.70 | Mem:20.09M, Peak:20.26M | Scene, ViewLayer | Updating Lookup Tables
Fra:6 Mem:39.51M (Peak 39.51M) | Time:00:00.70 | Mem:20.17M, Peak:20.26M | Scene, ViewLayer | Updating Baking
Fra:6 Mem:39.51M (Peak 39.51M) | Time:00:00.70 | Mem:20.17M, Peak:20.26M | Scene, ViewLayer | Updating Device | Writing constant memory
Fra:6 Mem:39.52M (Peak 39.52M) | Time:00:00.70 | Mem:20.17M, Peak:20.26M | Scene, ViewLayer | Loading denoising kernels (may take a few minutes the first time)
Fra:6 Mem:39.52M (Peak 39.52M) | Time:00:00.70 | Mem:20.17M, Peak:20.26M | Scene, ViewLayer | Sample 0/12
Fra:6 Mem:61.81M (Peak 61.81M) | Time:00:00.95 | Remaining:00:02.78 | Mem:42.45M, Peak:42.45M | Scene, ViewLayer | Sample 1/12
Fra:6 Mem:71.18M (Peak 85.25M) | Time:00:06.88 | Mem:42.45M, Peak:42.45M | Scene, ViewLayer | Sample 12/12
Fra:6 Mem:71.18M (Peak 85.25M) | Time:00:06.88 | Mem:42.45M, Peak:42.45M | Scene, ViewLayer | Finished
Saved: '/home/lzzz/MyProjects/N-SIDE/output/yao-drape-r13/candidate-b-run6.png'
Time: 00:06.91 (Saving: 00:00.02)


Blender quit
