Blender 4.5.14 LTS (hash 62c1db4208e8 built 2026-09-15 01:31:19)
Read blend: "/home/lzzz/MyProjects/N-SIDE/source-assets/characters/CHR-001/model/yao-grey-study.blend"
Fra:1 Mem:19.08M (Peak 19.08M) | Time:00:00.00 | Mem:0.00M, Peak:0.00M | Scene, ViewLayer | Synchronizing object | TShirt
Fra:1 Mem:19.24M (Peak 19.24M) | Time:00:00.01 | Mem:0.00M, Peak:0.00M | Scene, ViewLayer | Synchronizing object | TShirt_Collar
Fra:1 Mem:19.24M (Peak 19.24M) | Time:00:00.01 | Mem:0.00M, Peak:0.00M | Scene, ViewLayer | Synchronizing object | Hood
Fra:1 Mem:19.25M (Peak 19.25M) | Time:00:00.01 | Mem:0.00M, Peak:0.00M | Scene, ViewLayer | Synchronizing object | Hood_Cord.L
Fra:1 Mem:19.37M (Peak 19.37M) | Time:00:00.02 | Mem:0.00M, Peak:0.00M | Scene, ViewLayer | Synchronizing object | Palm.L
Fra:1 Mem:19.39M (Peak 19.39M) | Time:00:00.02 | Mem:0.00M, Peak:0.00M | Scene, ViewLayer | Synchronizing object | Index_Mesh.L
Fra:1 Mem:19.40M (Peak 19.40M) | Time:00:00.02 | Mem:0.00M, Peak:0.00M | Scene, ViewLayer | Synchronizing object | Ring_Mesh.L
Fra:1 Mem:19.41M (Peak 19.41M) | Time:00:00.02 | Mem:0.00M, Peak:0.00M | Scene, ViewLayer | Synchronizing object | Pinky_Mesh.L
Fra:1 Mem:19.45M (Peak 19.45M) | Time:00:00.02 | Mem:0.00M, Peak:0.00M | Scene, ViewLayer | Synchronizing object | Thumb_Mesh.L
Fra:1 Mem:19.63M (Peak 19.63M) | Time:00:00.05 | Mem:0.00M, Peak:0.00M | Scene, ViewLayer | Synchronizing object | Trousers.L
Fra:1 Mem:19.63M (Peak 19.63M) | Time:00:00.05 | Mem:0.00M, Peak:0.00M | Scene, ViewLayer | Synchronizing object | Sneaker_Upper.L
Fra:1 Mem:19.68M (Peak 19.68M) | Time:00:00.05 | Mem:0.00M, Peak:0.00M | Scene, ViewLayer | Synchronizing object | Sock.L
Fra:1 Mem:19.80M (Peak 19.80M) | Time:00:00.05 | Mem:0.00M, Peak:0.00M | Scene, ViewLayer | Synchronizing object | Lace_0.L
Fra:1 Mem:19.85M (Peak 19.85M) | Time:00:00.05 | Mem:0.00M, Peak:0.00M | Scene, ViewLayer | Synchronizing object | Lace_1.L
Fra:1 Mem:19.86M (Peak 19.86M) | Time:00:00.05 | Mem:0.00M, Peak:0.00M | Scene, ViewLayer | Synchronizing object | Lace_2.L
Fra:1 Mem:19.86M (Peak 19.86M) | Time:00:00.05 | Mem:0.00M, Peak:0.00M | Scene, ViewLayer | Synchronizing object | Lace_3.L
Fra:1 Mem:19.87M (Peak 19.87M) | Time:00:00.05 | Mem:0.00M, Peak:0.00M | Scene, ViewLayer | Synchronizing object | Sleeve_Cuff.R
Fra:1 Mem:19.87M (Peak 19.87M) | Time:00:00.05 | Mem:0.00M, Peak:0.00M | Scene, ViewLayer | Synchronizing object | Zip_Tape.R
Fra:1 Mem:19.87M (Peak 19.87M) | Time:00:00.05 | Mem:0.00M, Peak:0.00M | Scene, ViewLayer | Synchronizing object | Hood_Cord.R
Fra:1 Mem:20.00M (Peak 20.00M) | Time:00:00.06 | Mem:0.00M, Peak:0.00M | Scene, ViewLayer | Synchronizing object | Palm.R
Fra:1 Mem:20.01M (Peak 20.01M) | Time:00:00.06 | Mem:0.00M, Peak:0.00M | Scene, ViewLayer | Synchronizing object | Index_Mesh.R
Fra:1 Mem:20.03M (Peak 20.03M) | Time:00:00.06 | Mem:0.00M, Peak:0.00M | Scene, ViewLayer | Synchronizing object | Middle_Mesh.R
Fra:1 Mem:20.04M (Peak 20.04M) | Time:00:00.06 | Mem:0.00M, Peak:0.00M | Scene, ViewLayer | Synchronizing object | Ring_Mesh.R
Fra:1 Mem:20.07M (Peak 20.07M) | Time:00:00.06 | Mem:0.00M, Peak:0.00M | Scene, ViewLayer | Synchronizing object | Pinky_Mesh.R
Fra:1 Mem:20.07M (Peak 20.07M) | Time:00:00.06 | Mem:0.00M, Peak:0.00M | Scene, ViewLayer | Synchronizing object | Thumb_Mesh.R
Fra:1 Mem:20.26M (Peak 20.26M) | Time:00:00.09 | Mem:0.00M, Peak:0.00M | Scene, ViewLayer | Synchronizing object | Trousers.R
Fra:1 Mem:20.26M (Peak 20.26M) | Time:00:00.09 | Mem:0.00M, Peak:0.00M | Scene, ViewLayer | Synchronizing object | Sneaker_Sole.R
Fra:1 Mem:20.37M (Peak 20.37M) | Time:00:00.09 | Mem:0.00M, Peak:0.00M | Scene, ViewLayer | Synchronizing object | Sneaker_Upper.R
Fra:1 Mem:20.42M (Peak 20.42M) | Time:00:00.09 | Mem:0.00M, Peak:0.00M | Scene, ViewLayer | Synchronizing object | Sock.R
Fra:1 Mem:20.46M (Peak 20.47M) | Time:00:00.09 | Mem:0.00M, Peak:0.00M | Scene, ViewLayer | Synchronizing object | Lace_0.R
Fra:1 Mem:20.49M (Peak 20.49M) | Time:00:00.09 | Mem:0.00M, Peak:0.00M | Scene, ViewLayer | Synchronizing object | Lace_1.R
Fra:1 Mem:20.51M (Peak 20.51M) | Time:00:00.09 | Mem:0.00M, Peak:0.00M | Scene, ViewLayer | Synchronizing object | Lace_2.R
Fra:1 Mem:20.50M (Peak 20.51M) | Time:00:00.09 | Mem:0.00M, Peak:0.00M | Scene, ViewLayer | Synchronizing object | Heel_Tab.R
Fra:1 Mem:21.16M (Peak 21.16M) | Time:00:00.12 | Mem:0.00M, Peak:0.00M | Scene, ViewLayer | Synchronizing object | Jacket_ContinuousShoulders
Fra:1 Mem:22.31M (Peak 22.31M) | Time:00:00.52 | Mem:0.00M, Peak:0.00M | Scene, ViewLayer | Synchronizing object | Face_Head
Fra:1 Mem:22.86M (Peak 22.86M) | Time:00:00.53 | Mem:0.00M, Peak:0.00M | Scene, ViewLayer | Synchronizing object | Ear.L
Fra:1 Mem:22.86M (Peak 22.86M) | Time:00:00.53 | Mem:0.00M, Peak:0.00M | Scene, ViewLayer | Synchronizing object | Ear_Fold.L
Fra:1 Mem:22.97M (Peak 22.97M) | Time:00:00.55 | Mem:0.00M, Peak:0.00M | Scene, ViewLayer | Synchronizing object | Ear.R
Fra:1 Mem:22.97M (Peak 22.97M) | Time:00:00.55 | Mem:0.00M, Peak:0.00M | Scene, ViewLayer | Synchronizing object | Ear_Fold.R
Fra:1 Mem:23.00M (Peak 23.00M) | Time:00:00.55 | Mem:0.00M, Peak:0.00M | Scene, ViewLayer | Synchronizing object | Eye_White.L
Fra:1 Mem:23.01M (Peak 23.01M) | Time:00:00.55 | Mem:0.00M, Peak:0.00M | Scene, ViewLayer | Synchronizing object | Iris_ink.L
Fra:1 Mem:23.02M (Peak 23.02M) | Time:00:00.55 | Mem:0.00M, Peak:0.00M | Scene, ViewLayer | Synchronizing object | Eye_Glint.L
Fra:1 Mem:23.05M (Peak 23.05M) | Time:00:00.55 | Mem:0.00M, Peak:0.00M | Scene, ViewLayer | Synchronizing object | Upper_Lid.L
Fra:1 Mem:23.07M (Peak 23.07M) | Time:00:00.55 | Mem:0.00M, Peak:0.00M | Scene, ViewLayer | Synchronizing object | Lower_Lid.L
Fra:1 Mem:23.07M (Peak 23.07M) | Time:00:00.55 | Mem:0.00M, Peak:0.00M | Scene, ViewLayer | Synchronizing object | Eyebrow.L
Fra:1 Mem:23.08M (Peak 23.08M) | Time:00:00.55 | Mem:0.00M, Peak:0.00M | Scene, ViewLayer | Synchronizing object | Iris_hair.R
Fra:1 Mem:23.10M (Peak 23.10M) | Time:00:00.55 | Mem:0.00M, Peak:0.00M | Scene, ViewLayer | Synchronizing object | Iris_ink.R
Fra:1 Mem:23.10M (Peak 23.11M) | Time:00:00.55 | Mem:0.00M, Peak:0.00M | Scene, ViewLayer | Synchronizing object | Upper_Lid.R
Fra:1 Mem:23.12M (Peak 23.12M) | Time:00:00.55 | Mem:0.00M, Peak:0.00M | Scene, ViewLayer | Synchronizing object | Lower_Lid.R
Fra:1 Mem:23.13M (Peak 23.13M) | Time:00:00.55 | Mem:0.00M, Peak:0.00M | Scene, ViewLayer | Synchronizing object | Eyebrow.R
Fra:1 Mem:23.15M (Peak 23.15M) | Time:00:00.55 | Mem:0.00M, Peak:0.00M | Scene, ViewLayer | Synchronizing object | Nose
Fra:1 Mem:23.14M (Peak 23.15M) | Time:00:00.55 | Mem:0.00M, Peak:0.00M | Scene, ViewLayer | Synchronizing object | Mouth
Fra:1 Mem:23.27M (Peak 23.27M) | Time:00:00.77 | Mem:0.00M, Peak:0.00M | Scene, ViewLayer | Synchronizing object | Hair_Cap
Fra:1 Mem:23.27M (Peak 23.27M) | Time:00:00.77 | Mem:0.00M, Peak:0.00M | Scene, ViewLayer | Synchronizing object | Bangs_00
Fra:1 Mem:23.29M (Peak 23.29M) | Time:00:00.77 | Mem:0.00M, Peak:0.00M | Scene, ViewLayer | Synchronizing object | Bangs_01
Fra:1 Mem:23.36M (Peak 23.36M) | Time:00:00.77 | Mem:0.00M, Peak:0.00M | Scene, ViewLayer | Synchronizing object | Bangs_02
Fra:1 Mem:23.39M (Peak 23.39M) | Time:00:00.77 | Mem:0.00M, Peak:0.00M | Scene, ViewLayer | Synchronizing object | Bangs_03
Fra:1 Mem:23.45M (Peak 23.45M) | Time:00:00.77 | Mem:0.00M, Peak:0.00M | Scene, ViewLayer | Synchronizing object | Bangs_04
Fra:1 Mem:23.46M (Peak 23.46M) | Time:00:00.77 | Mem:0.00M, Peak:0.00M | Scene, ViewLayer | Synchronizing object | Bangs_05
Fra:1 Mem:23.48M (Peak 23.48M) | Time:00:00.77 | Mem:0.00M, Peak:0.00M | Scene, ViewLayer | Synchronizing object | Temple_0.L
Fra:1 Mem:23.51M (Peak 23.51M) | Time:00:00.77 | Mem:0.00M, Peak:0.00M | Scene, ViewLayer | Synchronizing object | Temple_1.L
Fra:1 Mem:23.53M (Peak 23.53M) | Time:00:00.77 | Mem:0.00M, Peak:0.00M | Scene, ViewLayer | Synchronizing object | Temple_2.L
Fra:1 Mem:23.55M (Peak 23.55M) | Time:00:00.77 | Mem:0.00M, Peak:0.00M | Scene, ViewLayer | Synchronizing object | Nape_0.L
Fra:1 Mem:23.57M (Peak 23.57M) | Time:00:00.77 | Mem:0.00M, Peak:0.00M | Scene, ViewLayer | Synchronizing object | Nape_1.L
Fra:1 Mem:23.66M (Peak 23.66M) | Time:00:00.77 | Mem:0.00M, Peak:0.00M | Scene, ViewLayer | Synchronizing object | Nape_2.L
Fra:1 Mem:23.72M (Peak 23.72M) | Time:00:00.77 | Mem:0.00M, Peak:0.00M | Scene, ViewLayer | Synchronizing object | Temple_0.R
Fra:1 Mem:23.68M (Peak 23.72M) | Time:00:00.77 | Mem:0.00M, Peak:0.00M | Scene, ViewLayer | Synchronizing object | Temple_2.R
Fra:1 Mem:23.69M (Peak 23.72M) | Time:00:00.77 | Mem:0.00M, Peak:0.00M | Scene, ViewLayer | Synchronizing object | Review_Fill
Fra:1 Mem:23.71M (Peak 23.72M) | Time:00:00.77 | Mem:0.00M, Peak:0.00M | Scene, ViewLayer | Synchronizing object | Review_Key
Fra:1 Mem:23.71M (Peak 23.72M) | Time:00:00.77 | Mem:0.00M, Peak:0.00M | Scene, ViewLayer | Synchronizing object | Review_Ground
Fra:1 Mem:23.71M (Peak 23.72M) | Time:00:00.77 | Mem:0.00M, Peak:0.00M | Scene, ViewLayer | Synchronizing object | Nape_2.R
Fra:1 Mem:23.72M (Peak 23.72M) | Time:00:00.77 | Mem:0.00M, Peak:0.00M | Scene, ViewLayer | Synchronizing object | Tee_Bar
Fra:1 Mem:23.80M (Peak 23.80M) | Time:00:00.77 | Mem:0.00M, Peak:0.00M | Scene, ViewLayer | Synchronizing object | Crown_0.L
Fra:1 Mem:23.81M (Peak 23.81M) | Time:00:00.77 | Mem:0.00M, Peak:0.00M | Scene, ViewLayer | Synchronizing object | Back_Lock_2
Fra:1 Mem:23.82M (Peak 23.82M) | Time:00:00.77 | Mem:0.00M, Peak:0.00M | Scene, ViewLayer | Synchronizing object | Back_Lock_3
Fra:1 Mem:23.85M (Peak 23.85M) | Time:00:00.77 | Mem:0.00M, Peak:0.00M | Scene, ViewLayer | Synchronizing object | Back_Lock_4
Fra:1 Mem:23.89M (Peak 23.89M) | Time:00:00.77 | Mem:0.00M, Peak:0.00M | Scene, ViewLayer | Synchronizing object | Tee_Dot_1.275
Fra:1 Mem:23.93M (Peak 23.93M) | Time:00:00.77 | Mem:0.00M, Peak:0.00M | Scene, ViewLayer | Initializing
Fra:1 Mem:19.99M (Peak 23.93M) | Time:00:00.77 | Mem:0.00M, Peak:0.00M | Scene, ViewLayer | Updating Images | Loading CHR001_GreyStudy_BaseColor
Fra:1 Mem:20.88M (Peak 28.00M) | Time:00:00.80 | Mem:4.00M, Peak:4.00M | Scene, ViewLayer | Waiting for render to start
Fra:1 Mem:20.88M (Peak 28.00M) | Time:00:00.80 | Mem:4.00M, Peak:4.00M | Scene, ViewLayer | Updating Scene
Fra:1 Mem:20.88M (Peak 28.00M) | Time:00:00.80 | Mem:4.00M, Peak:4.00M | Scene, ViewLayer | Updating Shaders
Fra:1 Mem:20.88M (Peak 28.00M) | Time:00:00.80 | Mem:4.00M, Peak:4.00M | Scene, ViewLayer | Loading render kernels (may take a few minutes the first time)
Fra:1 Mem:20.97M (Peak 28.00M) | Time:00:00.80 | Mem:4.00M, Peak:4.00M | Scene, ViewLayer | Updating Procedurals
Fra:1 Mem:20.97M (Peak 28.00M) | Time:00:00.80 | Mem:4.00M, Peak:4.00M | Scene, ViewLayer | Updating Background
Fra:1 Mem:20.97M (Peak 28.00M) | Time:00:00.80 | Mem:4.00M, Peak:4.00M | Scene, ViewLayer | Updating Camera
Fra:1 Mem:20.97M (Peak 28.00M) | Time:00:00.80 | Mem:4.00M, Peak:4.00M | Scene, ViewLayer | Updating Meshes Flags
Fra:1 Mem:20.97M (Peak 28.00M) | Time:00:00.80 | Mem:4.00M, Peak:4.00M | Scene, ViewLayer | Updating Objects
Fra:1 Mem:20.97M (Peak 28.00M) | Time:00:00.80 | Mem:4.00M, Peak:4.00M | Scene, ViewLayer | Updating Objects | Copying Transformations to device
Fra:1 Mem:20.99M (Peak 28.00M) | Time:00:00.80 | Mem:4.02M, Peak:4.02M | Scene, ViewLayer | Updating Particle Systems
Fra:1 Mem:20.99M (Peak 28.00M) | Time:00:00.80 | Mem:4.02M, Peak:4.02M | Scene, ViewLayer | Updating Particle Systems | Copying Particles to device
Fra:1 Mem:20.99M (Peak 28.00M) | Time:00:00.80 | Mem:4.02M, Peak:4.02M | Scene, ViewLayer | Updating Meshes
Fra:1 Mem:20.99M (Peak 28.00M) | Time:00:00.80 | Mem:4.02M, Peak:4.02M | Scene, ViewLayer | Updating Objects | Applying Static Transformations
Fra:1 Mem:20.99M (Peak 28.00M) | Time:00:00.80 | Mem:4.02M, Peak:4.02M | Scene, ViewLayer | Updating Mesh | Computing attributes
Fra:1 Mem:21.95M (Peak 28.00M) | Time:00:00.80 | Mem:4.03M, Peak:4.03M | Scene, ViewLayer | Updating Mesh | Copying Attributes to device
Fra:1 Mem:21.94M (Peak 28.00M) | Time:00:00.80 | Mem:4.97M, Peak:4.97M | Scene, ViewLayer | Updating Scene BVH | Building
Fra:1 Mem:21.94M (Peak 28.00M) | Time:00:00.80 | Mem:4.97M, Peak:4.97M | Scene, ViewLayer | Updating Scene BVH | Building BVH
Fra:1 Mem:21.94M (Peak 28.00M) | Time:00:00.80 | Mem:5.98M, Peak:5.98M | Scene, ViewLayer | Updating Scene BVH | Building BVH 0%
Fra:1 Mem:21.94M (Peak 28.00M) | Time:00:00.80 | Mem:7.07M, Peak:8.07M | Scene, ViewLayer | Updating Scene BVH | Copying BVH to device
Fra:1 Mem:21.94M (Peak 28.00M) | Time:00:00.80 | Mem:7.07M, Peak:8.07M | Scene, ViewLayer | Updating Mesh | Computing normals
Fra:1 Mem:22.83M (Peak 28.00M) | Time:00:00.80 | Mem:7.07M, Peak:8.07M | Scene, ViewLayer | Updating Mesh | Copying Mesh to device
Fra:1 Mem:22.83M (Peak 28.00M) | Time:00:00.80 | Mem:7.95M, Peak:8.07M | Scene, ViewLayer | Updating Objects Flags
Fra:1 Mem:22.83M (Peak 28.00M) | Time:00:00.80 | Mem:7.96M, Peak:8.07M | Scene, ViewLayer | Updating Primitive Offsets
Fra:1 Mem:22.83M (Peak 28.00M) | Time:00:00.80 | Mem:7.96M, Peak:8.07M | Scene, ViewLayer | Updating Images
Fra:1 Mem:22.83M (Peak 28.00M) | Time:00:00.80 | Mem:7.96M, Peak:8.07M | Scene, ViewLayer | Updating Camera Volume
Fra:1 Mem:22.83M (Peak 28.00M) | Time:00:00.80 | Mem:7.96M, Peak:8.07M | Scene, ViewLayer | Updating Lookup Tables
Fra:1 Mem:22.83M (Peak 28.00M) | Time:00:00.80 | Mem:8.04M, Peak:8.07M | Scene, ViewLayer | Updating Lights
Fra:1 Mem:22.83M (Peak 28.00M) | Time:00:00.80 | Mem:8.04M, Peak:8.07M | Scene, ViewLayer | Updating Lights | Computing tree
Fra:1 Mem:22.83M (Peak 28.00M) | Time:00:00.80 | Mem:8.04M, Peak:8.07M | Scene, ViewLayer | Updating Integrator
Fra:1 Mem:22.83M (Peak 28.00M) | Time:00:00.80 | Mem:8.04M, Peak:8.07M | Scene, ViewLayer | Updating Film
Fra:1 Mem:22.83M (Peak 28.00M) | Time:00:00.80 | Mem:7.96M, Peak:8.07M | Scene, ViewLayer | Updating Lookup Tables
Fra:1 Mem:22.83M (Peak 28.00M) | Time:00:00.80 | Mem:8.04M, Peak:8.07M | Scene, ViewLayer | Updating Baking
Fra:1 Mem:22.83M (Peak 28.00M) | Time:00:00.80 | Mem:8.04M, Peak:8.07M | Scene, ViewLayer | Updating Device | Writing constant memory
Fra:1 Mem:22.84M (Peak 28.00M) | Time:00:00.80 | Mem:8.04M, Peak:8.07M | Scene, ViewLayer | Loading denoising kernels (may take a few minutes the first time)
Fra:1 Mem:22.84M (Peak 28.00M) | Time:00:00.80 | Mem:8.04M, Peak:8.07M | Scene, ViewLayer | Sample 0/24
Fra:1 Mem:73.02M (Peak 73.02M) | Time:00:01.00 | Remaining:00:04.43 | Mem:58.15M, Peak:58.15M | Scene, ViewLayer | Sample 1/24
Fra:1 Mem:94.11M (Peak 125.76M) | Time:00:08.06 | Mem:58.15M, Peak:58.15M | Scene, ViewLayer | Sample 24/24
Fra:1 Mem:94.11M (Peak 125.76M) | Time:00:08.06 | Mem:58.15M, Peak:58.15M | Scene, ViewLayer | Finished
Saved: '/home/lzzz/MyProjects/N-SIDE/output/characters/CHR-001/model-r3/final/body-side.png'
Time: 00:08.11 (Saving: 00:00.04)

Fra:8 Mem:18.65M (Peak 18.65M) | Time:00:00.00 | Mem:0.00M, Peak:0.00M | Scene, ViewLayer | Synchronizing object | TShirt
Fra:8 Mem:18.81M (Peak 18.81M) | Time:00:00.00 | Mem:0.00M, Peak:0.00M | Scene, ViewLayer | Synchronizing object | TShirt_Collar
Fra:8 Mem:18.81M (Peak 18.81M) | Time:00:00.00 | Mem:0.00M, Peak:0.00M | Scene, ViewLayer | Synchronizing object | Sleeve_Cuff.L
Fra:8 Mem:18.83M (Peak 18.83M) | Time:00:00.00 | Mem:0.00M, Peak:0.00M | Scene, ViewLayer | Synchronizing object | Hood_Cord.L
Fra:8 Mem:18.94M (Peak 18.94M) | Time:00:00.02 | Mem:0.00M, Peak:0.00M | Scene, ViewLayer | Synchronizing object | Palm.L
Fra:8 Mem:18.96M (Peak 18.96M) | Time:00:00.02 | Mem:0.00M, Peak:0.00M | Scene, ViewLayer | Synchronizing object | Index_Mesh.L
Fra:8 Mem:18.97M (Peak 18.97M) | Time:00:00.02 | Mem:0.00M, Peak:0.00M | Scene, ViewLayer | Synchronizing object | Pinky_Mesh.L
Fra:8 Mem:19.01M (Peak 19.01M) | Time:00:00.02 | Mem:0.00M, Peak:0.00M | Scene, ViewLayer | Synchronizing object | Thumb_Mesh.L
Fra:8 Mem:19.19M (Peak 19.19M) | Time:00:00.05 | Mem:0.00M, Peak:0.00M | Scene, ViewLayer | Synchronizing object | Trousers.L
Fra:8 Mem:19.19M (Peak 19.19M) | Time:00:00.05 | Mem:0.00M, Peak:0.00M | Scene, ViewLayer | Synchronizing object | Sneaker_Sole.L
Fra:8 Mem:19.23M (Peak 19.23M) | Time:00:00.05 | Mem:0.00M, Peak:0.00M | Scene, ViewLayer | Synchronizing object | Sock.L
Fra:8 Mem:19.31M (Peak 19.31M) | Time:00:00.05 | Mem:0.00M, Peak:0.00M | Scene, ViewLayer | Synchronizing object | Lace_0.L
Fra:8 Mem:19.37M (Peak 19.37M) | Time:00:00.05 | Mem:0.00M, Peak:0.00M | Scene, ViewLayer | Synchronizing object | Lace_2.L
Fra:8 Mem:19.41M (Peak 19.41M) | Time:00:00.05 | Mem:0.00M, Peak:0.00M | Scene, ViewLayer | Synchronizing object | Lace_3.L
Fra:8 Mem:19.42M (Peak 19.42M) | Time:00:00.05 | Mem:0.00M, Peak:0.00M | Scene, ViewLayer | Synchronizing object | Sleeve_Cuff.R
Fra:8 Mem:19.42M (Peak 19.42M) | Time:00:00.05 | Mem:0.00M, Peak:0.00M | Scene, ViewLayer | Synchronizing object | Zip_Tape.R
Fra:8 Mem:19.43M (Peak 19.42M) | Time:00:00.05 | Mem:0.00M, Peak:0.00M | Scene, ViewLayer | Synchronizing object | Hood_Cord.R
Fra:8 Mem:19.56M (Peak 19.56M) | Time:00:00.06 | Mem:0.00M, Peak:0.00M | Scene, ViewLayer | Synchronizing object | Palm.R
Fra:8 Mem:19.56M (Peak 19.56M) | Time:00:00.06 | Mem:0.00M, Peak:0.00M | Scene, ViewLayer | Synchronizing object | Middle_Mesh.R
Fra:8 Mem:19.58M (Peak 19.58M) | Time:00:00.06 | Mem:0.00M, Peak:0.00M | Scene, ViewLayer | Synchronizing object | Ring_Mesh.R
Fra:8 Mem:19.60M (Peak 19.60M) | Time:00:00.06 | Mem:0.00M, Peak:0.00M | Scene, ViewLayer | Synchronizing object | Pinky_Mesh.R
Fra:8 Mem:19.60M (Peak 19.60M) | Time:00:00.06 | Mem:0.00M, Peak:0.00M | Scene, ViewLayer | Synchronizing object | Thumb_Mesh.R
Fra:8 Mem:19.81M (Peak 19.81M) | Time:00:00.10 | Mem:0.00M, Peak:0.00M | Scene, ViewLayer | Synchronizing object | Trousers.R
Fra:8 Mem:19.81M (Peak 19.81M) | Time:00:00.10 | Mem:0.00M, Peak:0.00M | Scene, ViewLayer | Synchronizing object | Sneaker_Sole.R
Fra:8 Mem:19.85M (Peak 19.85M) | Time:00:00.10 | Mem:0.00M, Peak:0.00M | Scene, ViewLayer | Synchronizing object | Sock.R
Fra:8 Mem:19.95M (Peak 19.95M) | Time:00:00.10 | Mem:0.00M, Peak:0.00M | Scene, ViewLayer | Synchronizing object | Lace_1.R
Fra:8 Mem:20.02M (Peak 20.02M) | Time:00:00.10 | Mem:0.00M, Peak:0.00M | Scene, ViewLayer | Synchronizing object | Lace_2.R
Fra:8 Mem:20.05M (Peak 20.05M) | Time:00:00.10 | Mem:0.00M, Peak:0.00M | Scene, ViewLayer | Synchronizing object | Lace_3.R
Fra:8 Mem:20.70M (Peak 20.70M) | Time:00:00.13 | Mem:0.00M, Peak:0.00M | Scene, ViewLayer | Synchronizing object | Jacket_ContinuousShoulders
Fra:8 Mem:21.85M (Peak 21.85M) | Time:00:00.53 | Mem:0.00M, Peak:0.00M | Scene, ViewLayer | Synchronizing object | Face_Head
Fra:8 Mem:22.40M (Peak 22.40M) | Time:00:00.54 | Mem:0.00M, Peak:0.00M | Scene, ViewLayer | Synchronizing object | Ear.L
Fra:8 Mem:22.41M (Peak 22.41M) | Time:00:00.54 | Mem:0.00M, Peak:0.00M | Scene, ViewLayer | Synchronizing object | Ear_Fold.L
Fra:8 Mem:22.51M (Peak 22.51M) | Time:00:00.56 | Mem:0.00M, Peak:0.00M | Scene, ViewLayer | Synchronizing object | Ear.R
Fra:8 Mem:22.51M (Peak 22.51M) | Time:00:00.56 | Mem:0.00M, Peak:0.00M | Scene, ViewLayer | Synchronizing object | Ear_Fold.R
Fra:8 Mem:22.55M (Peak 22.55M) | Time:00:00.56 | Mem:0.00M, Peak:0.00M | Scene, ViewLayer | Synchronizing object | Iris_hair.L
Fra:8 Mem:22.55M (Peak 22.55M) | Time:00:00.56 | Mem:0.00M, Peak:0.00M | Scene, ViewLayer | Synchronizing object | Iris_ink.L
Fra:8 Mem:22.56M (Peak 22.56M) | Time:00:00.56 | Mem:0.00M, Peak:0.00M | Scene, ViewLayer | Synchronizing object | Eye_Glint.L
Fra:8 Mem:22.61M (Peak 22.61M) | Time:00:00.56 | Mem:0.00M, Peak:0.00M | Scene, ViewLayer | Synchronizing object | Upper_Lid.L
Fra:8 Mem:22.61M (Peak 22.61M) | Time:00:00.56 | Mem:0.00M, Peak:0.00M | Scene, ViewLayer | Synchronizing object | Lower_Lid.L
Fra:8 Mem:22.61M (Peak 22.61M) | Time:00:00.56 | Mem:0.00M, Peak:0.00M | Scene, ViewLayer | Synchronizing object | Eye_White.R
Fra:8 Mem:22.62M (Peak 22.62M) | Time:00:00.56 | Mem:0.00M, Peak:0.00M | Scene, ViewLayer | Synchronizing object | Iris_hair.R
Fra:8 Mem:22.63M (Peak 22.63M) | Time:00:00.56 | Mem:0.00M, Peak:0.00M | Scene, ViewLayer | Synchronizing object | Iris_ink.R
Fra:8 Mem:22.64M (Peak 22.64M) | Time:00:00.56 | Mem:0.00M, Peak:0.00M | Scene, ViewLayer | Synchronizing object | Lower_Lid.R
Fra:8 Mem:22.64M (Peak 22.64M) | Time:00:00.56 | Mem:0.00M, Peak:0.00M | Scene, ViewLayer | Synchronizing object | Eyebrow.R
Fra:8 Mem:22.65M (Peak 22.65M) | Time:00:00.56 | Mem:0.00M, Peak:0.00M | Scene, ViewLayer | Synchronizing object | Nose
Fra:8 Mem:22.64M (Peak 22.65M) | Time:00:00.56 | Mem:0.00M, Peak:0.00M | Scene, ViewLayer | Synchronizing object | Mouth
Fra:8 Mem:22.79M (Peak 22.79M) | Time:00:00.78 | Mem:0.00M, Peak:0.00M | Scene, ViewLayer | Synchronizing object | Hair_Cap
Fra:8 Mem:22.79M (Peak 22.79M) | Time:00:00.78 | Mem:0.00M, Peak:0.00M | Scene, ViewLayer | Synchronizing object | Bangs_01
Fra:8 Mem:22.82M (Peak 22.82M) | Time:00:00.78 | Mem:0.00M, Peak:0.00M | Scene, ViewLayer | Synchronizing object | Bangs_02
Fra:8 Mem:22.91M (Peak 22.91M) | Time:00:00.78 | Mem:0.00M, Peak:0.00M | Scene, ViewLayer | Synchronizing object | Bangs_03
Fra:8 Mem:22.96M (Peak 22.96M) | Time:00:00.78 | Mem:0.00M, Peak:0.00M | Scene, ViewLayer | Synchronizing object | Bangs_04
Fra:8 Mem:22.97M (Peak 22.97M) | Time:00:00.78 | Mem:0.00M, Peak:0.00M | Scene, ViewLayer | Synchronizing object | Bangs_05
Fra:8 Mem:23.01M (Peak 23.01M) | Time:00:00.78 | Mem:0.00M, Peak:0.00M | Scene, ViewLayer | Synchronizing object | Temple_0.L
Fra:8 Mem:23.02M (Peak 23.02M) | Time:00:00.78 | Mem:0.00M, Peak:0.00M | Scene, ViewLayer | Synchronizing object | Temple_2.L
Fra:8 Mem:23.03M (Peak 23.03M) | Time:00:00.78 | Mem:0.00M, Peak:0.00M | Scene, ViewLayer | Synchronizing object | Nape_0.L
Fra:8 Mem:23.06M (Peak 23.06M) | Time:00:00.78 | Mem:0.00M, Peak:0.00M | Scene, ViewLayer | Synchronizing object | Nape_1.L
Fra:8 Mem:23.11M (Peak 23.11M) | Time:00:00.78 | Mem:0.00M, Peak:0.00M | Scene, ViewLayer | Synchronizing object | Review_Rim
Fra:8 Mem:23.13M (Peak 23.13M) | Time:00:00.78 | Mem:0.00M, Peak:0.00M | Scene, ViewLayer | Synchronizing object | Temple_0.R
Fra:8 Mem:23.17M (Peak 23.17M) | Time:00:00.78 | Mem:0.00M, Peak:0.00M | Scene, ViewLayer | Synchronizing object | Temple_2.R
Fra:8 Mem:23.19M (Peak 23.19M) | Time:00:00.78 | Mem:0.00M, Peak:0.00M | Scene, ViewLayer | Synchronizing object | Review_Key
Fra:8 Mem:23.20M (Peak 23.20M) | Time:00:00.78 | Mem:0.00M, Peak:0.00M | Scene, ViewLayer | Synchronizing object | Review_Ground
Fra:8 Mem:23.20M (Peak 23.20M) | Time:00:00.78 | Mem:0.00M, Peak:0.00M | Scene, ViewLayer | Synchronizing object | Nape_0.R
Fra:8 Mem:23.23M (Peak 23.23M) | Time:00:00.78 | Mem:0.00M, Peak:0.00M | Scene, ViewLayer | Synchronizing object | Tee_Bar
Fra:8 Mem:23.28M (Peak 23.28M) | Time:00:00.78 | Mem:0.00M, Peak:0.00M | Scene, ViewLayer | Synchronizing object | Tee_Dot_1.246
Fra:8 Mem:23.25M (Peak 23.28M) | Time:00:00.78 | Mem:0.00M, Peak:0.00M | Scene, ViewLayer | Synchronizing object | Nape_2.R
Fra:8 Mem:23.27M (Peak 23.28M) | Time:00:00.78 | Mem:0.00M, Peak:0.00M | Scene, ViewLayer | Synchronizing object | Crown_0.R
Fra:8 Mem:23.29M (Peak 23.29M) | Time:00:00.78 | Mem:0.00M, Peak:0.00M | Scene, ViewLayer | Synchronizing object | Tee_Dot_1.275
Fra:8 Mem:23.31M (Peak 23.31M) | Time:00:00.78 | Mem:0.00M, Peak:0.00M | Scene, ViewLayer | Synchronizing object | Back_Lock_2
Fra:8 Mem:23.33M (Peak 23.33M) | Time:00:00.78 | Mem:0.00M, Peak:0.00M | Scene, ViewLayer | Synchronizing object | Back_Lock_4
Fra:8 Mem:23.39M (Peak 23.39M) | Time:00:00.78 | Mem:0.00M, Peak:0.00M | Scene, ViewLayer | Initializing
Fra:8 Mem:19.45M (Peak 23.39M) | Time:00:00.78 | Mem:0.00M, Peak:0.00M | Scene, ViewLayer | Updating Images | Loading CHR001_GreyStudy_BaseColor
Fra:8 Mem:20.61M (Peak 27.46M) | Time:00:00.79 | Mem:4.00M, Peak:4.00M | Scene, ViewLayer | Waiting for render to start
Fra:8 Mem:20.61M (Peak 27.46M) | Time:00:00.79 | Mem:4.00M, Peak:4.00M | Scene, ViewLayer | Updating Scene
Fra:8 Mem:20.61M (Peak 27.46M) | Time:00:00.79 | Mem:4.00M, Peak:4.00M | Scene, ViewLayer | Updating Shaders
Fra:8 Mem:20.61M (Peak 27.46M) | Time:00:00.79 | Mem:4.00M, Peak:4.00M | Scene, ViewLayer | Loading render kernels (may take a few minutes the first time)
Fra:8 Mem:20.70M (Peak 27.46M) | Time:00:00.79 | Mem:4.00M, Peak:4.00M | Scene, ViewLayer | Updating Procedurals
Fra:8 Mem:20.70M (Peak 27.46M) | Time:00:00.79 | Mem:4.00M, Peak:4.00M | Scene, ViewLayer | Updating Background
Fra:8 Mem:20.70M (Peak 27.46M) | Time:00:00.79 | Mem:4.00M, Peak:4.00M | Scene, ViewLayer | Updating Camera
Fra:8 Mem:20.70M (Peak 27.46M) | Time:00:00.79 | Mem:4.00M, Peak:4.00M | Scene, ViewLayer | Updating Meshes Flags
Fra:8 Mem:20.70M (Peak 27.46M) | Time:00:00.79 | Mem:4.00M, Peak:4.00M | Scene, ViewLayer | Updating Objects
Fra:8 Mem:20.70M (Peak 27.46M) | Time:00:00.79 | Mem:4.00M, Peak:4.00M | Scene, ViewLayer | Updating Objects | Copying Transformations to device
Fra:8 Mem:20.72M (Peak 27.46M) | Time:00:00.79 | Mem:4.02M, Peak:4.02M | Scene, ViewLayer | Updating Particle Systems
Fra:8 Mem:20.72M (Peak 27.46M) | Time:00:00.79 | Mem:4.02M, Peak:4.02M | Scene, ViewLayer | Updating Particle Systems | Copying Particles to device
Fra:8 Mem:20.72M (Peak 27.46M) | Time:00:00.79 | Mem:4.02M, Peak:4.02M | Scene, ViewLayer | Updating Meshes
Fra:8 Mem:20.72M (Peak 27.46M) | Time:00:00.79 | Mem:4.02M, Peak:4.02M | Scene, ViewLayer | Updating Objects | Applying Static Transformations
Fra:8 Mem:20.72M (Peak 27.46M) | Time:00:00.79 | Mem:4.02M, Peak:4.02M | Scene, ViewLayer | Updating Mesh | Computing attributes
Fra:8 Mem:21.68M (Peak 27.46M) | Time:00:00.79 | Mem:4.03M, Peak:4.03M | Scene, ViewLayer | Updating Mesh | Copying Attributes to device
Fra:8 Mem:21.67M (Peak 27.46M) | Time:00:00.79 | Mem:4.97M, Peak:4.97M | Scene, ViewLayer | Updating Scene BVH | Building
Fra:8 Mem:21.67M (Peak 27.46M) | Time:00:00.79 | Mem:4.97M, Peak:4.97M | Scene, ViewLayer | Updating Scene BVH | Building BVH
Fra:8 Mem:21.67M (Peak 27.46M) | Time:00:00.79 | Mem:5.98M, Peak:5.98M | Scene, ViewLayer | Updating Scene BVH | Building BVH 0%
Fra:8 Mem:21.67M (Peak 27.46M) | Time:00:00.80 | Mem:7.07M, Peak:8.07M | Scene, ViewLayer | Updating Scene BVH | Copying BVH to device
Fra:8 Mem:21.67M (Peak 27.46M) | Time:00:00.80 | Mem:7.07M, Peak:8.07M | Scene, ViewLayer | Updating Mesh | Computing normals
Fra:8 Mem:22.56M (Peak 27.46M) | Time:00:00.80 | Mem:7.07M, Peak:8.07M | Scene, ViewLayer | Updating Mesh | Copying Mesh to device
Fra:8 Mem:22.56M (Peak 27.46M) | Time:00:00.80 | Mem:7.95M, Peak:8.07M | Scene, ViewLayer | Updating Objects Flags
Fra:8 Mem:22.56M (Peak 27.46M) | Time:00:00.80 | Mem:7.96M, Peak:8.07M | Scene, ViewLayer | Updating Primitive Offsets
Fra:8 Mem:22.56M (Peak 27.46M) | Time:00:00.80 | Mem:7.96M, Peak:8.07M | Scene, ViewLayer | Updating Images
Fra:8 Mem:22.56M (Peak 27.46M) | Time:00:00.80 | Mem:7.96M, Peak:8.07M | Scene, ViewLayer | Updating Camera Volume
Fra:8 Mem:22.56M (Peak 27.46M) | Time:00:00.80 | Mem:7.96M, Peak:8.07M | Scene, ViewLayer | Updating Lookup Tables
Fra:8 Mem:22.56M (Peak 27.46M) | Time:00:00.80 | Mem:8.04M, Peak:8.07M | Scene, ViewLayer | Updating Lights
Fra:8 Mem:22.56M (Peak 27.46M) | Time:00:00.80 | Mem:8.04M, Peak:8.07M | Scene, ViewLayer | Updating Lights | Computing tree
Fra:8 Mem:22.56M (Peak 27.46M) | Time:00:00.80 | Mem:8.04M, Peak:8.07M | Scene, ViewLayer | Updating Integrator
Fra:8 Mem:22.56M (Peak 27.46M) | Time:00:00.80 | Mem:8.04M, Peak:8.07M | Scene, ViewLayer | Updating Film
Fra:8 Mem:22.56M (Peak 27.46M) | Time:00:00.80 | Mem:7.96M, Peak:8.07M | Scene, ViewLayer | Updating Lookup Tables
Fra:8 Mem:22.56M (Peak 27.46M) | Time:00:00.80 | Mem:8.04M, Peak:8.07M | Scene, ViewLayer | Updating Baking
Fra:8 Mem:22.56M (Peak 27.46M) | Time:00:00.80 | Mem:8.04M, Peak:8.07M | Scene, ViewLayer | Updating Device | Writing constant memory
Fra:8 Mem:22.57M (Peak 27.46M) | Time:00:00.80 | Mem:8.04M, Peak:8.07M | Scene, ViewLayer | Loading denoising kernels (may take a few minutes the first time)
Fra:8 Mem:22.57M (Peak 27.46M) | Time:00:00.80 | Mem:8.04M, Peak:8.07M | Scene, ViewLayer | Sample 0/24
Fra:8 Mem:72.75M (Peak 72.75M) | Time:00:01.00 | Remaining:00:04.71 | Mem:58.15M, Peak:58.15M | Scene, ViewLayer | Sample 1/24
Fra:8 Mem:93.84M (Peak 125.49M) | Time:00:08.21 | Mem:58.15M, Peak:58.15M | Scene, ViewLayer | Sample 24/24
Fra:8 Mem:93.84M (Peak 125.49M) | Time:00:08.21 | Mem:58.15M, Peak:58.15M | Scene, ViewLayer | Finished
Saved: '/home/lzzz/MyProjects/N-SIDE/output/characters/CHR-001/model-r3/final/walk-quarter.png'
Time: 00:08.26 (Saving: 00:00.05)

Fra:6 Mem:18.47M (Peak 18.47M) | Time:00:00.00 | Mem:0.00M, Peak:0.00M | Scene, ViewLayer | Synchronizing object | TShirt
Fra:6 Mem:18.63M (Peak 18.63M) | Time:00:00.01 | Mem:0.00M, Peak:0.00M | Scene, ViewLayer | Synchronizing object | TShirt_Collar
Fra:6 Mem:18.63M (Peak 18.63M) | Time:00:00.01 | Mem:0.00M, Peak:0.00M | Scene, ViewLayer | Synchronizing object | Sleeve_Cuff.L
Fra:6 Mem:18.65M (Peak 18.65M) | Time:00:00.01 | Mem:0.00M, Peak:0.00M | Scene, ViewLayer | Synchronizing object | Zip_Tape.L
Fra:6 Mem:18.66M (Peak 18.66M) | Time:00:00.01 | Mem:0.00M, Peak:0.00M | Scene, ViewLayer | Synchronizing object | Hood_Cord.L
Fra:6 Mem:18.76M (Peak 18.76M) | Time:00:00.02 | Mem:0.00M, Peak:0.00M | Scene, ViewLayer | Synchronizing object | Palm.L
Fra:6 Mem:18.76M (Peak 18.76M) | Time:00:00.02 | Mem:0.00M, Peak:0.00M | Scene, ViewLayer | Synchronizing object | Index_Mesh.L
Fra:6 Mem:18.78M (Peak 18.78M) | Time:00:00.02 | Mem:0.00M, Peak:0.00M | Scene, ViewLayer | Synchronizing object | Ring_Mesh.L
Fra:6 Mem:18.80M (Peak 18.80M) | Time:00:00.02 | Mem:0.00M, Peak:0.00M | Scene, ViewLayer | Synchronizing object | Pinky_Mesh.L
Fra:6 Mem:18.81M (Peak 18.81M) | Time:00:00.02 | Mem:0.00M, Peak:0.00M | Scene, ViewLayer | Synchronizing object | Thumb_Mesh.L
Fra:6 Mem:19.01M (Peak 19.01M) | Time:00:00.05 | Mem:0.00M, Peak:0.00M | Scene, ViewLayer | Synchronizing object | Trousers.L
Fra:6 Mem:19.01M (Peak 19.01M) | Time:00:00.05 | Mem:0.00M, Peak:0.00M | Scene, ViewLayer | Synchronizing object | Sneaker_Sole.L
Fra:6 Mem:19.05M (Peak 19.05M) | Time:00:00.05 | Mem:0.00M, Peak:0.00M | Scene, ViewLayer | Synchronizing object | Sock.L
Fra:6 Mem:19.19M (Peak 19.19M) | Time:00:00.05 | Mem:0.00M, Peak:0.00M | Scene, ViewLayer | Synchronizing object | Lace_0.L
Fra:6 Mem:19.19M (Peak 19.19M) | Time:00:00.05 | Mem:0.00M, Peak:0.00M | Scene, ViewLayer | Synchronizing object | Lace_1.L
Fra:6 Mem:19.23M (Peak 19.23M) | Time:00:00.05 | Mem:0.00M, Peak:0.00M | Scene, ViewLayer | Synchronizing object | Lace_2.L
Fra:6 Mem:19.24M (Peak 19.24M) | Time:00:00.05 | Mem:0.00M, Peak:0.00M | Scene, ViewLayer | Synchronizing object | Lace_3.L
Fra:6 Mem:19.24M (Peak 19.24M) | Time:00:00.05 | Mem:0.00M, Peak:0.00M | Scene, ViewLayer | Synchronizing object | Sleeve_Cuff.R
Fra:6 Mem:19.24M (Peak 19.24M) | Time:00:00.05 | Mem:0.00M, Peak:0.00M | Scene, ViewLayer | Synchronizing object | Zip_Tape.R
Fra:6 Mem:19.25M (Peak 19.25M) | Time:00:00.05 | Mem:0.00M, Peak:0.00M | Scene, ViewLayer | Synchronizing object | Hood_Cord.R
Fra:6 Mem:19.38M (Peak 19.38M) | Time:00:00.07 | Mem:0.00M, Peak:0.00M | Scene, ViewLayer | Synchronizing object | Palm.R
Fra:6 Mem:19.38M (Peak 19.38M) | Time:00:00.07 | Mem:0.00M, Peak:0.00M | Scene, ViewLayer | Synchronizing object | Index_Mesh.R
Fra:6 Mem:19.40M (Peak 19.40M) | Time:00:00.07 | Mem:0.00M, Peak:0.00M | Scene, ViewLayer | Synchronizing object | Middle_Mesh.R
Fra:6 Mem:19.42M (Peak 19.42M) | Time:00:00.07 | Mem:0.00M, Peak:0.00M | Scene, ViewLayer | Synchronizing object | Pinky_Mesh.R
Fra:6 Mem:19.44M (Peak 19.44M) | Time:00:00.07 | Mem:0.00M, Peak:0.00M | Scene, ViewLayer | Synchronizing object | Thumb_Mesh.R
Fra:6 Mem:19.63M (Peak 19.63M) | Time:00:00.10 | Mem:0.00M, Peak:0.00M | Scene, ViewLayer | Synchronizing object | Trousers.R
Fra:6 Mem:19.63M (Peak 19.63M) | Time:00:00.10 | Mem:0.00M, Peak:0.00M | Scene, ViewLayer | Synchronizing object | Sneaker_Upper.R
Fra:6 Mem:19.77M (Peak 19.77M) | Time:00:00.10 | Mem:0.00M, Peak:0.00M | Scene, ViewLayer | Synchronizing object | Sock.R
Fra:6 Mem:19.80M (Peak 19.80M) | Time:00:00.10 | Mem:0.00M, Peak:0.00M | Scene, ViewLayer | Synchronizing object | Lace_0.R
Fra:6 Mem:19.86M (Peak 19.86M) | Time:00:00.10 | Mem:0.00M, Peak:0.00M | Scene, ViewLayer | Synchronizing object | Lace_1.R
Fra:6 Mem:19.88M (Peak 19.88M) | Time:00:00.10 | Mem:0.00M, Peak:0.00M | Scene, ViewLayer | Synchronizing object | Lace_2.R
Fra:6 Mem:19.87M (Peak 19.88M) | Time:00:00.10 | Mem:0.00M, Peak:0.00M | Scene, ViewLayer | Synchronizing object | Lace_3.R
Fra:6 Mem:19.87M (Peak 19.88M) | Time:00:00.10 | Mem:0.00M, Peak:0.00M | Scene, ViewLayer | Synchronizing object | Heel_Tab.R
Fra:6 Mem:20.52M (Peak 20.52M) | Time:00:00.13 | Mem:0.00M, Peak:0.00M | Scene, ViewLayer | Synchronizing object | Jacket_ContinuousShoulders
Fra:6 Mem:21.67M (Peak 21.67M) | Time:00:00.54 | Mem:0.00M, Peak:0.00M | Scene, ViewLayer | Synchronizing object | Face_Head
Fra:6 Mem:22.22M (Peak 22.22M) | Time:00:00.55 | Mem:0.00M, Peak:0.00M | Scene, ViewLayer | Synchronizing object | Ear.L
Fra:6 Mem:22.23M (Peak 22.23M) | Time:00:00.55 | Mem:0.00M, Peak:0.00M | Scene, ViewLayer | Synchronizing object | Ear_Fold.L
Fra:6 Mem:22.33M (Peak 22.33M) | Time:00:00.56 | Mem:0.00M, Peak:0.00M | Scene, ViewLayer | Synchronizing object | Ear.R
Fra:6 Mem:22.33M (Peak 22.33M) | Time:00:00.56 | Mem:0.00M, Peak:0.00M | Scene, ViewLayer | Synchronizing object | Ear_Fold.R
Fra:6 Mem:22.36M (Peak 22.36M) | Time:00:00.56 | Mem:0.00M, Peak:0.00M | Scene, ViewLayer | Synchronizing object | Iris_hair.L
Fra:6 Mem:22.37M (Peak 22.37M) | Time:00:00.56 | Mem:0.00M, Peak:0.00M | Scene, ViewLayer | Synchronizing object | Iris_ink.L
Fra:6 Mem:22.39M (Peak 22.39M) | Time:00:00.56 | Mem:0.00M, Peak:0.00M | Scene, ViewLayer | Synchronizing object | Eye_Glint.L
Fra:6 Mem:22.42M (Peak 22.42M) | Time:00:00.56 | Mem:0.00M, Peak:0.00M | Scene, ViewLayer | Synchronizing object | Upper_Lid.L
Fra:6 Mem:22.43M (Peak 22.43M) | Time:00:00.56 | Mem:0.00M, Peak:0.00M | Scene, ViewLayer | Synchronizing object | Lower_Lid.L
Fra:6 Mem:22.43M (Peak 22.43M) | Time:00:00.56 | Mem:0.00M, Peak:0.00M | Scene, ViewLayer | Synchronizing object | Eye_White.R
Fra:6 Mem:22.44M (Peak 22.44M) | Time:00:00.56 | Mem:0.00M, Peak:0.00M | Scene, ViewLayer | Synchronizing object | Iris_hair.R
Fra:6 Mem:22.45M (Peak 22.45M) | Time:00:00.56 | Mem:0.00M, Peak:0.00M | Scene, ViewLayer | Synchronizing object | Eye_Glint.R
Fra:6 Mem:22.45M (Peak 22.45M) | Time:00:00.56 | Mem:0.00M, Peak:0.00M | Scene, ViewLayer | Synchronizing object | Upper_Lid.R
Fra:6 Mem:22.47M (Peak 22.47M) | Time:00:00.56 | Mem:0.00M, Peak:0.00M | Scene, ViewLayer | Synchronizing object | Lower_Lid.R
Fra:6 Mem:22.47M (Peak 22.47M) | Time:00:00.56 | Mem:0.00M, Peak:0.00M | Scene, ViewLayer | Synchronizing object | Eyebrow.R
Fra:6 Mem:22.49M (Peak 22.49M) | Time:00:00.56 | Mem:0.00M, Peak:0.00M | Scene, ViewLayer | Synchronizing object | Nose
Fra:6 Mem:22.51M (Peak 22.51M) | Time:00:00.56 | Mem:0.00M, Peak:0.00M | Scene, ViewLayer | Synchronizing object | Mouth
Fra:6 Mem:22.61M (Peak 22.61M) | Time:00:00.78 | Mem:0.00M, Peak:0.00M | Scene, ViewLayer | Synchronizing object | Hair_Cap
Fra:6 Mem:22.61M (Peak 22.61M) | Time:00:00.78 | Mem:0.00M, Peak:0.00M | Scene, ViewLayer | Synchronizing object | Bangs_00
Fra:6 Mem:22.68M (Peak 22.68M) | Time:00:00.78 | Mem:0.00M, Peak:0.00M | Scene, ViewLayer | Synchronizing object | Bangs_03
Fra:6 Mem:22.79M (Peak 22.79M) | Time:00:00.78 | Mem:0.00M, Peak:0.00M | Scene, ViewLayer | Synchronizing object | Bangs_04
Fra:6 Mem:22.80M (Peak 22.80M) | Time:00:00.78 | Mem:0.00M, Peak:0.00M | Scene, ViewLayer | Synchronizing object | Bangs_05
Fra:6 Mem:22.83M (Peak 22.83M) | Time:00:00.78 | Mem:0.00M, Peak:0.00M | Scene, ViewLayer | Synchronizing object | Temple_0.L
Fra:6 Mem:22.83M (Peak 22.83M) | Time:00:00.78 | Mem:0.00M, Peak:0.00M | Scene, ViewLayer | Synchronizing object | Temple_1.L
Fra:6 Mem:22.85M (Peak 22.85M) | Time:00:00.78 | Mem:0.00M, Peak:0.00M | Scene, ViewLayer | Synchronizing object | Temple_2.L
Fra:6 Mem:22.88M (Peak 22.88M) | Time:00:00.78 | Mem:0.00M, Peak:0.00M | Scene, ViewLayer | Synchronizing object | Nape_0.L
Fra:6 Mem:22.90M (Peak 22.90M) | Time:00:00.78 | Mem:0.00M, Peak:0.00M | Scene, ViewLayer | Synchronizing object | Nape_1.L
Fra:6 Mem:22.96M (Peak 22.96M) | Time:00:00.78 | Mem:0.00M, Peak:0.00M | Scene, ViewLayer | Synchronizing object | Review_Rim
Fra:6 Mem:22.98M (Peak 22.98M) | Time:00:00.78 | Mem:0.00M, Peak:0.00M | Scene, ViewLayer | Synchronizing object | Temple_0.R
Fra:6 Mem:23.04M (Peak 23.04M) | Time:00:00.78 | Mem:0.00M, Peak:0.00M | Scene, ViewLayer | Synchronizing object | Temple_1.R
Fra:6 Mem:23.05M (Peak 23.05M) | Time:00:00.78 | Mem:0.00M, Peak:0.00M | Scene, ViewLayer | Synchronizing object | Temple_2.R
Fra:6 Mem:23.02M (Peak 23.05M) | Time:00:00.78 | Mem:0.00M, Peak:0.00M | Scene, ViewLayer | Synchronizing object | Nape_0.R
Fra:6 Mem:23.04M (Peak 23.05M) | Time:00:00.78 | Mem:0.00M, Peak:0.00M | Scene, ViewLayer | Synchronizing object | Nape_1.R
Fra:6 Mem:23.05M (Peak 23.05M) | Time:00:00.78 | Mem:0.00M, Peak:0.00M | Scene, ViewLayer | Synchronizing object | Review_Ground
Fra:6 Mem:23.05M (Peak 23.05M) | Time:00:00.78 | Mem:0.00M, Peak:0.00M | Scene, ViewLayer | Synchronizing object | Crown_0.L
Fra:6 Mem:23.07M (Peak 23.07M) | Time:00:00.78 | Mem:0.00M, Peak:0.00M | Scene, ViewLayer | Synchronizing object | Tee_Bar
Fra:6 Mem:23.08M (Peak 23.08M) | Time:00:00.78 | Mem:0.00M, Peak:0.00M | Scene, ViewLayer | Synchronizing object | Crown_0.R
Fra:6 Mem:23.10M (Peak 23.10M) | Time:00:00.78 | Mem:0.00M, Peak:0.00M | Scene, ViewLayer | Synchronizing object | Tee_Dot_1.246
Fra:6 Mem:23.12M (Peak 23.12M) | Time:00:00.78 | Mem:0.00M, Peak:0.00M | Scene, ViewLayer | Synchronizing object | Back_Lock_3
Fra:6 Mem:23.16M (Peak 23.16M) | Time:00:00.78 | Mem:0.00M, Peak:0.00M | Scene, ViewLayer | Synchronizing object | Tee_Dot_1.275
Fra:6 Mem:23.21M (Peak 23.21M) | Time:00:00.78 | Mem:0.00M, Peak:0.00M | Scene, ViewLayer | Initializing
Fra:6 Mem:19.27M (Peak 23.21M) | Time:00:00.78 | Mem:0.00M, Peak:0.00M | Scene, ViewLayer | Updating Images | Loading CHR001_GreyStudy_BaseColor
Fra:6 Mem:20.52M (Peak 27.28M) | Time:00:00.79 | Mem:4.00M, Peak:4.00M | Scene, ViewLayer | Waiting for render to start
Fra:6 Mem:20.52M (Peak 27.28M) | Time:00:00.79 | Mem:4.00M, Peak:4.00M | Scene, ViewLayer | Updating Scene
Fra:6 Mem:20.52M (Peak 27.28M) | Time:00:00.79 | Mem:4.00M, Peak:4.00M | Scene, ViewLayer | Updating Shaders
Fra:6 Mem:20.52M (Peak 27.28M) | Time:00:00.79 | Mem:4.00M, Peak:4.00M | Scene, ViewLayer | Loading render kernels (may take a few minutes the first time)
Fra:6 Mem:20.61M (Peak 27.28M) | Time:00:00.79 | Mem:4.00M, Peak:4.00M | Scene, ViewLayer | Updating Procedurals
Fra:6 Mem:20.61M (Peak 27.28M) | Time:00:00.79 | Mem:4.00M, Peak:4.00M | Scene, ViewLayer | Updating Background
Fra:6 Mem:20.61M (Peak 27.28M) | Time:00:00.79 | Mem:4.00M, Peak:4.00M | Scene, ViewLayer | Updating Camera
Fra:6 Mem:20.61M (Peak 27.28M) | Time:00:00.79 | Mem:4.00M, Peak:4.00M | Scene, ViewLayer | Updating Meshes Flags
Fra:6 Mem:20.61M (Peak 27.28M) | Time:00:00.79 | Mem:4.00M, Peak:4.00M | Scene, ViewLayer | Updating Objects
Fra:6 Mem:20.61M (Peak 27.28M) | Time:00:00.79 | Mem:4.00M, Peak:4.00M | Scene, ViewLayer | Updating Objects | Copying Transformations to device
Fra:6 Mem:20.63M (Peak 27.28M) | Time:00:00.79 | Mem:4.02M, Peak:4.02M | Scene, ViewLayer | Updating Particle Systems
Fra:6 Mem:20.63M (Peak 27.28M) | Time:00:00.79 | Mem:4.02M, Peak:4.02M | Scene, ViewLayer | Updating Particle Systems | Copying Particles to device
Fra:6 Mem:20.63M (Peak 27.28M) | Time:00:00.79 | Mem:4.02M, Peak:4.02M | Scene, ViewLayer | Updating Meshes
Fra:6 Mem:20.63M (Peak 27.28M) | Time:00:00.79 | Mem:4.02M, Peak:4.02M | Scene, ViewLayer | Updating Objects | Applying Static Transformations
Fra:6 Mem:20.63M (Peak 27.28M) | Time:00:00.79 | Mem:4.02M, Peak:4.02M | Scene, ViewLayer | Updating Mesh | Computing attributes
Fra:6 Mem:21.59M (Peak 27.28M) | Time:00:00.79 | Mem:4.03M, Peak:4.03M | Scene, ViewLayer | Updating Mesh | Copying Attributes to device
Fra:6 Mem:21.58M (Peak 27.28M) | Time:00:00.79 | Mem:4.97M, Peak:4.97M | Scene, ViewLayer | Updating Scene BVH | Building
Fra:6 Mem:21.58M (Peak 27.28M) | Time:00:00.79 | Mem:4.97M, Peak:4.97M | Scene, ViewLayer | Updating Scene BVH | Building BVH
Fra:6 Mem:21.58M (Peak 27.28M) | Time:00:00.79 | Mem:5.98M, Peak:5.98M | Scene, ViewLayer | Updating Scene BVH | Building BVH 0%
Fra:6 Mem:21.58M (Peak 27.28M) | Time:00:00.80 | Mem:7.07M, Peak:8.07M | Scene, ViewLayer | Updating Scene BVH | Copying BVH to device
Fra:6 Mem:21.58M (Peak 27.28M) | Time:00:00.80 | Mem:7.07M, Peak:8.07M | Scene, ViewLayer | Updating Mesh | Computing normals
Fra:6 Mem:22.47M (Peak 27.28M) | Time:00:00.80 | Mem:7.07M, Peak:8.07M | Scene, ViewLayer | Updating Mesh | Copying Mesh to device
Fra:6 Mem:22.47M (Peak 27.28M) | Time:00:00.80 | Mem:7.95M, Peak:8.07M | Scene, ViewLayer | Updating Objects Flags
Fra:6 Mem:22.47M (Peak 27.28M) | Time:00:00.80 | Mem:7.96M, Peak:8.07M | Scene, ViewLayer | Updating Primitive Offsets
Fra:6 Mem:22.47M (Peak 27.28M) | Time:00:00.80 | Mem:7.96M, Peak:8.07M | Scene, ViewLayer | Updating Images
Fra:6 Mem:22.47M (Peak 27.28M) | Time:00:00.80 | Mem:7.96M, Peak:8.07M | Scene, ViewLayer | Updating Camera Volume
Fra:6 Mem:22.47M (Peak 27.28M) | Time:00:00.80 | Mem:7.96M, Peak:8.07M | Scene, ViewLayer | Updating Lookup Tables
Fra:6 Mem:22.47M (Peak 27.28M) | Time:00:00.80 | Mem:8.04M, Peak:8.07M | Scene, ViewLayer | Updating Lights
Fra:6 Mem:22.47M (Peak 27.28M) | Time:00:00.80 | Mem:8.04M, Peak:8.07M | Scene, ViewLayer | Updating Lights | Computing tree
Fra:6 Mem:22.47M (Peak 27.28M) | Time:00:00.80 | Mem:8.04M, Peak:8.07M | Scene, ViewLayer | Updating Integrator
Fra:6 Mem:22.47M (Peak 27.28M) | Time:00:00.80 | Mem:8.04M, Peak:8.07M | Scene, ViewLayer | Updating Film
Fra:6 Mem:22.47M (Peak 27.28M) | Time:00:00.80 | Mem:7.96M, Peak:8.07M | Scene, ViewLayer | Updating Lookup Tables
Fra:6 Mem:22.47M (Peak 27.28M) | Time:00:00.80 | Mem:8.04M, Peak:8.07M | Scene, ViewLayer | Updating Baking
Fra:6 Mem:22.47M (Peak 27.28M) | Time:00:00.80 | Mem:8.04M, Peak:8.07M | Scene, ViewLayer | Updating Device | Writing constant memory
Fra:6 Mem:22.48M (Peak 27.28M) | Time:00:00.80 | Mem:8.04M, Peak:8.07M | Scene, ViewLayer | Loading denoising kernels (may take a few minutes the first time)
Fra:6 Mem:22.48M (Peak 27.28M) | Time:00:00.80 | Mem:8.04M, Peak:8.07M | Scene, ViewLayer | Sample 0/24
Fra:6 Mem:72.66M (Peak 72.66M) | Time:00:01.01 | Remaining:00:04.76 | Mem:58.15M, Peak:58.15M | Scene, ViewLayer | Sample 1/24
Fra:6 Mem:93.75M (Peak 125.40M) | Time:00:10.88 | Mem:58.15M, Peak:58.15M | Scene, ViewLayer | Sample 24/24
Fra:6 Mem:93.75M (Peak 125.40M) | Time:00:10.88 | Mem:58.15M, Peak:58.15M | Scene, ViewLayer | Finished
Saved: '/home/lzzz/MyProjects/N-SIDE/output/characters/CHR-001/model-r3/final/run-quarter.png'
Time: 00:10.95 (Saving: 00:00.07)


Blender quit
