Blender 4.5.14 LTS (hash 62c1db4208e8 built 2026-09-15 01:31:19)
Read blend: "/home/lzzz/MyProjects/N-SIDE/source-assets/characters/CHR-001/model/yao-grey-study.blend"
Fra:1 Mem:19.08M (Peak 19.08M) | Time:00:00.00 | Mem:0.00M, Peak:0.00M | Scene, ViewLayer | Synchronizing object | TShirt
Fra:1 Mem:19.24M (Peak 19.24M) | Time:00:00.01 | Mem:0.00M, Peak:0.00M | Scene, ViewLayer | Synchronizing object | TShirt_Collar
Fra:1 Mem:19.25M (Peak 19.25M) | Time:00:00.01 | Mem:0.00M, Peak:0.00M | Scene, ViewLayer | Synchronizing object | Hood
Fra:1 Mem:19.26M (Peak 19.26M) | Time:00:00.01 | Mem:0.00M, Peak:0.00M | Scene, ViewLayer | Synchronizing object | Hood_Cord.L
Fra:1 Mem:19.37M (Peak 19.37M) | Time:00:00.02 | Mem:0.00M, Peak:0.00M | Scene, ViewLayer | Synchronizing object | Palm.L
Fra:1 Mem:19.37M (Peak 19.37M) | Time:00:00.02 | Mem:0.00M, Peak:0.00M | Scene, ViewLayer | Synchronizing object | Middle_Mesh.L
Fra:1 Mem:19.39M (Peak 19.39M) | Time:00:00.02 | Mem:0.00M, Peak:0.00M | Scene, ViewLayer | Synchronizing object | Pinky_Mesh.L
Fra:1 Mem:19.42M (Peak 19.42M) | Time:00:00.02 | Mem:0.00M, Peak:0.00M | Scene, ViewLayer | Synchronizing object | Thumb_Mesh.L
Fra:1 Mem:19.63M (Peak 19.63M) | Time:00:00.05 | Mem:0.00M, Peak:0.00M | Scene, ViewLayer | Synchronizing object | Trousers.L
Fra:1 Mem:19.63M (Peak 19.63M) | Time:00:00.05 | Mem:0.00M, Peak:0.00M | Scene, ViewLayer | Synchronizing object | Sock.L
Fra:1 Mem:19.68M (Peak 19.68M) | Time:00:00.05 | Mem:0.00M, Peak:0.00M | Scene, ViewLayer | Synchronizing object | Lace_0.L
Fra:1 Mem:19.83M (Peak 19.83M) | Time:00:00.05 | Mem:0.00M, Peak:0.00M | Scene, ViewLayer | Synchronizing object | Lace_1.L
Fra:1 Mem:19.85M (Peak 19.85M) | Time:00:00.05 | Mem:0.00M, Peak:0.00M | Scene, ViewLayer | Synchronizing object | Lace_3.L
Fra:1 Mem:19.86M (Peak 19.86M) | Time:00:00.05 | Mem:0.00M, Peak:0.00M | Scene, ViewLayer | Synchronizing object | Heel_Tab.L
Fra:1 Mem:19.86M (Peak 19.86M) | Time:00:00.05 | Mem:0.00M, Peak:0.00M | Scene, ViewLayer | Synchronizing object | Sleeve_Cuff.R
Fra:1 Mem:19.86M (Peak 19.86M) | Time:00:00.05 | Mem:0.00M, Peak:0.00M | Scene, ViewLayer | Synchronizing object | Zip_Tape.R
Fra:1 Mem:19.88M (Peak 19.88M) | Time:00:00.05 | Mem:0.00M, Peak:0.00M | Scene, ViewLayer | Synchronizing object | Hood_Cord.R
Fra:1 Mem:20.00M (Peak 20.00M) | Time:00:00.06 | Mem:0.00M, Peak:0.00M | Scene, ViewLayer | Synchronizing object | Palm.R
Fra:1 Mem:20.00M (Peak 20.00M) | Time:00:00.06 | Mem:0.00M, Peak:0.00M | Scene, ViewLayer | Synchronizing object | Middle_Mesh.R
Fra:1 Mem:20.02M (Peak 20.02M) | Time:00:00.06 | Mem:0.00M, Peak:0.00M | Scene, ViewLayer | Synchronizing object | Ring_Mesh.R
Fra:1 Mem:20.04M (Peak 20.04M) | Time:00:00.06 | Mem:0.00M, Peak:0.00M | Scene, ViewLayer | Synchronizing object | Pinky_Mesh.R
Fra:1 Mem:20.06M (Peak 20.06M) | Time:00:00.06 | Mem:0.00M, Peak:0.00M | Scene, ViewLayer | Synchronizing object | Thumb_Mesh.R
Fra:1 Mem:20.26M (Peak 20.26M) | Time:00:00.10 | Mem:0.00M, Peak:0.00M | Scene, ViewLayer | Synchronizing object | Trousers.R
Fra:1 Mem:20.26M (Peak 20.26M) | Time:00:00.10 | Mem:0.00M, Peak:0.00M | Scene, ViewLayer | Synchronizing object | Sneaker_Sole.R
Fra:1 Mem:20.36M (Peak 20.36M) | Time:00:00.10 | Mem:0.00M, Peak:0.00M | Scene, ViewLayer | Synchronizing object | Sneaker_Upper.R
Fra:1 Mem:20.42M (Peak 20.42M) | Time:00:00.10 | Mem:0.00M, Peak:0.00M | Scene, ViewLayer | Synchronizing object | Lace_0.R
Fra:1 Mem:20.50M (Peak 20.50M) | Time:00:00.10 | Mem:0.00M, Peak:0.00M | Scene, ViewLayer | Synchronizing object | Lace_1.R
Fra:1 Mem:20.50M (Peak 20.50M) | Time:00:00.10 | Mem:0.00M, Peak:0.00M | Scene, ViewLayer | Synchronizing object | Lace_3.R
Fra:1 Mem:20.51M (Peak 20.51M) | Time:00:00.10 | Mem:0.00M, Peak:0.00M | Scene, ViewLayer | Synchronizing object | Heel_Tab.R
Fra:1 Mem:21.16M (Peak 21.16M) | Time:00:00.13 | Mem:0.00M, Peak:0.00M | Scene, ViewLayer | Synchronizing object | Jacket_ContinuousShoulders
Fra:1 Mem:22.31M (Peak 22.31M) | Time:00:00.53 | Mem:0.00M, Peak:0.00M | Scene, ViewLayer | Synchronizing object | Face_Head
Fra:1 Mem:22.86M (Peak 22.86M) | Time:00:00.54 | Mem:0.00M, Peak:0.00M | Scene, ViewLayer | Synchronizing object | Ear.L
Fra:1 Mem:22.86M (Peak 22.86M) | Time:00:00.54 | Mem:0.00M, Peak:0.00M | Scene, ViewLayer | Synchronizing object | Ear_Fold.L
Fra:1 Mem:22.97M (Peak 22.97M) | Time:00:00.55 | Mem:0.00M, Peak:0.00M | Scene, ViewLayer | Synchronizing object | Ear.R
Fra:1 Mem:22.97M (Peak 22.97M) | Time:00:00.55 | Mem:0.00M, Peak:0.00M | Scene, ViewLayer | Synchronizing object | Ear_Fold.R
Fra:1 Mem:23.00M (Peak 23.00M) | Time:00:00.55 | Mem:0.00M, Peak:0.00M | Scene, ViewLayer | Synchronizing object | Iris_hair.L
Fra:1 Mem:23.02M (Peak 23.02M) | Time:00:00.55 | Mem:0.00M, Peak:0.00M | Scene, ViewLayer | Synchronizing object | Iris_ink.L
Fra:1 Mem:23.03M (Peak 23.03M) | Time:00:00.55 | Mem:0.00M, Peak:0.00M | Scene, ViewLayer | Synchronizing object | Upper_Lid.L
Fra:1 Mem:23.07M (Peak 23.07M) | Time:00:00.55 | Mem:0.00M, Peak:0.00M | Scene, ViewLayer | Synchronizing object | Lower_Lid.L
Fra:1 Mem:23.08M (Peak 23.08M) | Time:00:00.55 | Mem:0.00M, Peak:0.00M | Scene, ViewLayer | Synchronizing object | Eyebrow.L
Fra:1 Mem:23.10M (Peak 23.10M) | Time:00:00.55 | Mem:0.00M, Peak:0.00M | Scene, ViewLayer | Synchronizing object | Eye_White.R
Fra:1 Mem:23.09M (Peak 23.10M) | Time:00:00.55 | Mem:0.00M, Peak:0.00M | Scene, ViewLayer | Synchronizing object | Iris_hair.R
Fra:1 Mem:23.10M (Peak 23.10M) | Time:00:00.55 | Mem:0.00M, Peak:0.00M | Scene, ViewLayer | Synchronizing object | Eye_Glint.R
Fra:1 Mem:23.11M (Peak 23.11M) | Time:00:00.55 | Mem:0.00M, Peak:0.00M | Scene, ViewLayer | Synchronizing object | Upper_Lid.R
Fra:1 Mem:23.12M (Peak 23.12M) | Time:00:00.55 | Mem:0.00M, Peak:0.00M | Scene, ViewLayer | Synchronizing object | Lower_Lid.R
Fra:1 Mem:23.12M (Peak 23.12M) | Time:00:00.55 | Mem:0.00M, Peak:0.00M | Scene, ViewLayer | Synchronizing object | Nose
Fra:1 Mem:23.16M (Peak 23.16M) | Time:00:00.55 | Mem:0.00M, Peak:0.00M | Scene, ViewLayer | Synchronizing object | Mouth
Fra:1 Mem:23.27M (Peak 23.27M) | Time:00:00.78 | Mem:0.00M, Peak:0.00M | Scene, ViewLayer | Synchronizing object | Hair_Cap
Fra:1 Mem:23.27M (Peak 23.27M) | Time:00:00.78 | Mem:0.00M, Peak:0.00M | Scene, ViewLayer | Synchronizing object | Bangs_01
Fra:1 Mem:23.29M (Peak 23.29M) | Time:00:00.78 | Mem:0.00M, Peak:0.00M | Scene, ViewLayer | Synchronizing object | Bangs_02
Fra:1 Mem:23.39M (Peak 23.39M) | Time:00:00.78 | Mem:0.00M, Peak:0.00M | Scene, ViewLayer | Synchronizing object | Bangs_03
Fra:1 Mem:23.46M (Peak 23.46M) | Time:00:00.78 | Mem:0.00M, Peak:0.00M | Scene, ViewLayer | Synchronizing object | Bangs_04
Fra:1 Mem:23.46M (Peak 23.46M) | Time:00:00.78 | Mem:0.00M, Peak:0.00M | Scene, ViewLayer | Synchronizing object | Bangs_05
Fra:1 Mem:23.50M (Peak 23.50M) | Time:00:00.78 | Mem:0.00M, Peak:0.00M | Scene, ViewLayer | Synchronizing object | Temple_0.L
Fra:1 Mem:23.53M (Peak 23.53M) | Time:00:00.78 | Mem:0.00M, Peak:0.00M | Scene, ViewLayer | Synchronizing object | Temple_1.L
Fra:1 Mem:23.53M (Peak 23.53M) | Time:00:00.78 | Mem:0.00M, Peak:0.00M | Scene, ViewLayer | Synchronizing object | Nape_0.L
Fra:1 Mem:23.58M (Peak 23.58M) | Time:00:00.78 | Mem:0.00M, Peak:0.00M | Scene, ViewLayer | Synchronizing object | Review_Rim
Fra:1 Mem:23.66M (Peak 23.66M) | Time:00:00.78 | Mem:0.00M, Peak:0.00M | Scene, ViewLayer | Synchronizing object | Nape_1.L
Fra:1 Mem:23.69M (Peak 23.69M) | Time:00:00.78 | Mem:0.00M, Peak:0.00M | Scene, ViewLayer | Synchronizing object | Review_Fill
Fra:1 Mem:23.66M (Peak 23.69M) | Time:00:00.78 | Mem:0.00M, Peak:0.00M | Scene, ViewLayer | Synchronizing object | Temple_1.R
Fra:1 Mem:23.68M (Peak 23.69M) | Time:00:00.78 | Mem:0.00M, Peak:0.00M | Scene, ViewLayer | Synchronizing object | Temple_2.R
Fra:1 Mem:23.71M (Peak 23.71M) | Time:00:00.78 | Mem:0.00M, Peak:0.00M | Scene, ViewLayer | Synchronizing object | Review_Key
Fra:1 Mem:23.71M (Peak 23.71M) | Time:00:00.78 | Mem:0.00M, Peak:0.00M | Scene, ViewLayer | Synchronizing object | Review_Ground
Fra:1 Mem:23.72M (Peak 23.72M) | Time:00:00.78 | Mem:0.00M, Peak:0.00M | Scene, ViewLayer | Synchronizing object | Nape_1.R
Fra:1 Mem:23.71M (Peak 23.72M) | Time:00:00.78 | Mem:0.00M, Peak:0.00M | Scene, ViewLayer | Synchronizing object | Tee_Bar
Fra:1 Mem:23.74M (Peak 23.74M) | Time:00:00.78 | Mem:0.00M, Peak:0.00M | Scene, ViewLayer | Synchronizing object | Tee_Dot_1.246
Fra:1 Mem:23.76M (Peak 23.76M) | Time:00:00.78 | Mem:0.00M, Peak:0.00M | Scene, ViewLayer | Synchronizing object | Crown_0.L
Fra:1 Mem:23.79M (Peak 23.79M) | Time:00:00.78 | Mem:0.00M, Peak:0.00M | Scene, ViewLayer | Synchronizing object | Crown_0.R
Fra:1 Mem:23.82M (Peak 23.82M) | Time:00:00.78 | Mem:0.00M, Peak:0.00M | Scene, ViewLayer | Synchronizing object | Tee_Dot_1.275
Fra:1 Mem:23.83M (Peak 23.83M) | Time:00:00.78 | Mem:0.00M, Peak:0.00M | Scene, ViewLayer | Synchronizing object | Back_Lock_2
Fra:1 Mem:23.85M (Peak 23.85M) | Time:00:00.78 | Mem:0.00M, Peak:0.00M | Scene, ViewLayer | Synchronizing object | Back_Lock_3
Fra:1 Mem:23.86M (Peak 23.86M) | Time:00:00.78 | Mem:0.00M, Peak:0.00M | Scene, ViewLayer | Synchronizing object | Back_Lock_4
Fra:1 Mem:23.93M (Peak 23.93M) | Time:00:00.78 | Mem:0.00M, Peak:0.00M | Scene, ViewLayer | Initializing
Fra:1 Mem:19.99M (Peak 23.93M) | Time:00:00.78 | Mem:0.00M, Peak:0.00M | Scene, ViewLayer | Updating Images | Loading CHR001_GreyStudy_BaseColor
Fra:1 Mem:20.88M (Peak 28.00M) | Time:00:00.81 | Mem:4.00M, Peak:4.00M | Scene, ViewLayer | Waiting for render to start
Fra:1 Mem:20.88M (Peak 28.00M) | Time:00:00.81 | Mem:4.00M, Peak:4.00M | Scene, ViewLayer | Updating Scene
Fra:1 Mem:20.88M (Peak 28.00M) | Time:00:00.81 | Mem:4.00M, Peak:4.00M | Scene, ViewLayer | Updating Shaders
Fra:1 Mem:20.88M (Peak 28.00M) | Time:00:00.81 | Mem:4.00M, Peak:4.00M | Scene, ViewLayer | Loading render kernels (may take a few minutes the first time)
Fra:1 Mem:20.97M (Peak 28.00M) | Time:00:00.81 | Mem:4.00M, Peak:4.00M | Scene, ViewLayer | Updating Procedurals
Fra:1 Mem:20.97M (Peak 28.00M) | Time:00:00.81 | Mem:4.00M, Peak:4.00M | Scene, ViewLayer | Updating Background
Fra:1 Mem:20.97M (Peak 28.00M) | Time:00:00.81 | Mem:4.00M, Peak:4.00M | Scene, ViewLayer | Updating Camera
Fra:1 Mem:20.97M (Peak 28.00M) | Time:00:00.81 | Mem:4.00M, Peak:4.00M | Scene, ViewLayer | Updating Meshes Flags
Fra:1 Mem:20.97M (Peak 28.00M) | Time:00:00.81 | Mem:4.00M, Peak:4.00M | Scene, ViewLayer | Updating Objects
Fra:1 Mem:20.97M (Peak 28.00M) | Time:00:00.81 | Mem:4.00M, Peak:4.00M | Scene, ViewLayer | Updating Objects | Copying Transformations to device
Fra:1 Mem:20.99M (Peak 28.00M) | Time:00:00.81 | Mem:4.02M, Peak:4.02M | Scene, ViewLayer | Updating Particle Systems
Fra:1 Mem:20.99M (Peak 28.00M) | Time:00:00.81 | Mem:4.02M, Peak:4.02M | Scene, ViewLayer | Updating Particle Systems | Copying Particles to device
Fra:1 Mem:20.99M (Peak 28.00M) | Time:00:00.81 | Mem:4.02M, Peak:4.02M | Scene, ViewLayer | Updating Meshes
Fra:1 Mem:20.99M (Peak 28.00M) | Time:00:00.81 | Mem:4.02M, Peak:4.02M | Scene, ViewLayer | Updating Objects | Applying Static Transformations
Fra:1 Mem:20.99M (Peak 28.00M) | Time:00:00.81 | Mem:4.02M, Peak:4.02M | Scene, ViewLayer | Updating Mesh | Computing attributes
Fra:1 Mem:21.95M (Peak 28.00M) | Time:00:00.81 | Mem:4.03M, Peak:4.03M | Scene, ViewLayer | Updating Mesh | Copying Attributes to device
Fra:1 Mem:21.94M (Peak 28.00M) | Time:00:00.81 | Mem:4.97M, Peak:4.97M | Scene, ViewLayer | Updating Scene BVH | Building
Fra:1 Mem:21.94M (Peak 28.00M) | Time:00:00.81 | Mem:4.97M, Peak:4.97M | Scene, ViewLayer | Updating Scene BVH | Building BVH
Fra:1 Mem:21.94M (Peak 28.00M) | Time:00:00.82 | Mem:5.98M, Peak:5.98M | Scene, ViewLayer | Updating Scene BVH | Building BVH 0%
Fra:1 Mem:21.94M (Peak 28.00M) | Time:00:00.82 | Mem:7.07M, Peak:8.07M | Scene, ViewLayer | Updating Scene BVH | Copying BVH to device
Fra:1 Mem:21.94M (Peak 28.00M) | Time:00:00.82 | Mem:7.07M, Peak:8.07M | Scene, ViewLayer | Updating Mesh | Computing normals
Fra:1 Mem:22.83M (Peak 28.00M) | Time:00:00.82 | Mem:7.07M, Peak:8.07M | Scene, ViewLayer | Updating Mesh | Copying Mesh to device
Fra:1 Mem:22.83M (Peak 28.00M) | Time:00:00.82 | Mem:7.95M, Peak:8.07M | Scene, ViewLayer | Updating Objects Flags
Fra:1 Mem:22.83M (Peak 28.00M) | Time:00:00.82 | Mem:7.96M, Peak:8.07M | Scene, ViewLayer | Updating Primitive Offsets
Fra:1 Mem:22.83M (Peak 28.00M) | Time:00:00.82 | Mem:7.96M, Peak:8.07M | Scene, ViewLayer | Updating Images
Fra:1 Mem:22.83M (Peak 28.00M) | Time:00:00.82 | Mem:7.96M, Peak:8.07M | Scene, ViewLayer | Updating Camera Volume
Fra:1 Mem:22.83M (Peak 28.00M) | Time:00:00.82 | Mem:7.96M, Peak:8.07M | Scene, ViewLayer | Updating Lookup Tables
Fra:1 Mem:22.83M (Peak 28.00M) | Time:00:00.82 | Mem:8.04M, Peak:8.07M | Scene, ViewLayer | Updating Lights
Fra:1 Mem:22.83M (Peak 28.00M) | Time:00:00.82 | Mem:8.04M, Peak:8.07M | Scene, ViewLayer | Updating Lights | Computing tree
Fra:1 Mem:22.83M (Peak 28.00M) | Time:00:00.82 | Mem:8.04M, Peak:8.07M | Scene, ViewLayer | Updating Integrator
Fra:1 Mem:22.83M (Peak 28.00M) | Time:00:00.82 | Mem:8.04M, Peak:8.07M | Scene, ViewLayer | Updating Film
Fra:1 Mem:22.83M (Peak 28.00M) | Time:00:00.82 | Mem:7.96M, Peak:8.07M | Scene, ViewLayer | Updating Lookup Tables
Fra:1 Mem:22.83M (Peak 28.00M) | Time:00:00.82 | Mem:8.04M, Peak:8.07M | Scene, ViewLayer | Updating Baking
Fra:1 Mem:22.83M (Peak 28.00M) | Time:00:00.82 | Mem:8.04M, Peak:8.07M | Scene, ViewLayer | Updating Device | Writing constant memory
Fra:1 Mem:22.84M (Peak 28.00M) | Time:00:00.82 | Mem:8.04M, Peak:8.07M | Scene, ViewLayer | Loading denoising kernels (may take a few minutes the first time)
Fra:1 Mem:22.84M (Peak 28.00M) | Time:00:00.82 | Mem:8.04M, Peak:8.07M | Scene, ViewLayer | Sample 0/24
Fra:1 Mem:73.02M (Peak 73.02M) | Time:00:01.05 | Remaining:00:05.16 | Mem:58.15M, Peak:58.15M | Scene, ViewLayer | Sample 1/24
Fra:1 Mem:94.11M (Peak 125.76M) | Time:00:08.14 | Mem:58.15M, Peak:58.15M | Scene, ViewLayer | Sample 24/24
Fra:1 Mem:94.11M (Peak 125.76M) | Time:00:08.14 | Mem:58.15M, Peak:58.15M | Scene, ViewLayer | Finished
Saved: '/home/lzzz/MyProjects/N-SIDE/output/characters/CHR-001/model-r3/final/face-front.png'
Time: 00:08.19 (Saving: 00:00.05)

Fra:1 Mem:19.19M (Peak 19.19M) | Time:00:00.00 | Mem:0.00M, Peak:0.00M | Scene, ViewLayer | Synchronizing object | TShirt
Fra:1 Mem:19.35M (Peak 19.35M) | Time:00:00.01 | Mem:0.00M, Peak:0.00M | Scene, ViewLayer | Synchronizing object | TShirt_Collar
Fra:1 Mem:19.36M (Peak 19.36M) | Time:00:00.01 | Mem:0.00M, Peak:0.00M | Scene, ViewLayer | Synchronizing object | Hood
Fra:1 Mem:19.37M (Peak 19.37M) | Time:00:00.01 | Mem:0.00M, Peak:0.00M | Scene, ViewLayer | Synchronizing object | Zip_Tape.L
Fra:1 Mem:19.41M (Peak 19.41M) | Time:00:00.01 | Mem:0.00M, Peak:0.00M | Scene, ViewLayer | Synchronizing object | Hood_Cord.L
Fra:1 Mem:19.48M (Peak 19.48M) | Time:00:00.02 | Mem:0.00M, Peak:0.00M | Scene, ViewLayer | Synchronizing object | Palm.L
Fra:1 Mem:19.48M (Peak 19.48M) | Time:00:00.02 | Mem:0.00M, Peak:0.00M | Scene, ViewLayer | Synchronizing object | Middle_Mesh.L
Fra:1 Mem:19.51M (Peak 19.51M) | Time:00:00.02 | Mem:0.00M, Peak:0.00M | Scene, ViewLayer | Synchronizing object | Pinky_Mesh.L
Fra:1 Mem:19.54M (Peak 19.54M) | Time:00:00.02 | Mem:0.00M, Peak:0.00M | Scene, ViewLayer | Synchronizing object | Thumb_Mesh.L
Fra:1 Mem:19.73M (Peak 19.73M) | Time:00:00.05 | Mem:0.00M, Peak:0.00M | Scene, ViewLayer | Synchronizing object | Trousers.L
Fra:1 Mem:19.73M (Peak 19.73M) | Time:00:00.05 | Mem:0.00M, Peak:0.00M | Scene, ViewLayer | Synchronizing object | Sneaker_Sole.L
Fra:1 Mem:19.76M (Peak 19.76M) | Time:00:00.05 | Mem:0.00M, Peak:0.00M | Scene, ViewLayer | Synchronizing object | Sneaker_Upper.L
Fra:1 Mem:19.86M (Peak 19.86M) | Time:00:00.05 | Mem:0.00M, Peak:0.00M | Scene, ViewLayer | Synchronizing object | Sock.L
Fra:1 Mem:19.92M (Peak 19.92M) | Time:00:00.05 | Mem:0.00M, Peak:0.00M | Scene, ViewLayer | Synchronizing object | Lace_0.L
Fra:1 Mem:19.95M (Peak 19.95M) | Time:00:00.05 | Mem:0.00M, Peak:0.00M | Scene, ViewLayer | Synchronizing object | Lace_2.L
Fra:1 Mem:19.95M (Peak 19.95M) | Time:00:00.05 | Mem:0.00M, Peak:0.00M | Scene, ViewLayer | Synchronizing object | Lace_3.L
Fra:1 Mem:19.95M (Peak 19.95M) | Time:00:00.05 | Mem:0.00M, Peak:0.00M | Scene, ViewLayer | Synchronizing object | Sleeve_Cuff.R
Fra:1 Mem:19.96M (Peak 19.96M) | Time:00:00.05 | Mem:0.00M, Peak:0.00M | Scene, ViewLayer | Synchronizing object | Zip_Tape.R
Fra:1 Mem:19.96M (Peak 19.96M) | Time:00:00.05 | Mem:0.00M, Peak:0.00M | Scene, ViewLayer | Synchronizing object | Hood_Cord.R
Fra:1 Mem:20.10M (Peak 20.10M) | Time:00:00.06 | Mem:0.00M, Peak:0.00M | Scene, ViewLayer | Synchronizing object | Palm.R
Fra:1 Mem:20.10M (Peak 20.10M) | Time:00:00.06 | Mem:0.00M, Peak:0.00M | Scene, ViewLayer | Synchronizing object | Index_Mesh.R
Fra:1 Mem:20.13M (Peak 20.14M) | Time:00:00.06 | Mem:0.00M, Peak:0.00M | Scene, ViewLayer | Synchronizing object | Ring_Mesh.R
Fra:1 Mem:20.14M (Peak 20.14M) | Time:00:00.06 | Mem:0.00M, Peak:0.00M | Scene, ViewLayer | Synchronizing object | Pinky_Mesh.R
Fra:1 Mem:20.14M (Peak 20.14M) | Time:00:00.06 | Mem:0.00M, Peak:0.00M | Scene, ViewLayer | Synchronizing object | Thumb_Mesh.R
Fra:1 Mem:20.35M (Peak 20.35M) | Time:00:00.10 | Mem:0.00M, Peak:0.00M | Scene, ViewLayer | Synchronizing object | Trousers.R
Fra:1 Mem:20.35M (Peak 20.35M) | Time:00:00.10 | Mem:0.00M, Peak:0.00M | Scene, ViewLayer | Synchronizing object | Sneaker_Sole.R
Fra:1 Mem:20.38M (Peak 20.38M) | Time:00:00.10 | Mem:0.00M, Peak:0.00M | Scene, ViewLayer | Synchronizing object | Sneaker_Upper.R
Fra:1 Mem:20.48M (Peak 20.48M) | Time:00:00.10 | Mem:0.00M, Peak:0.00M | Scene, ViewLayer | Synchronizing object | Lace_0.R
Fra:1 Mem:20.55M (Peak 20.55M) | Time:00:00.10 | Mem:0.00M, Peak:0.00M | Scene, ViewLayer | Synchronizing object | Lace_1.R
Fra:1 Mem:20.59M (Peak 20.59M) | Time:00:00.10 | Mem:0.00M, Peak:0.00M | Scene, ViewLayer | Synchronizing object | Lace_2.R
Fra:1 Mem:20.59M (Peak 20.59M) | Time:00:00.10 | Mem:0.00M, Peak:0.00M | Scene, ViewLayer | Synchronizing object | Lace_3.R
Fra:1 Mem:20.59M (Peak 20.59M) | Time:00:00.10 | Mem:0.00M, Peak:0.00M | Scene, ViewLayer | Synchronizing object | Heel_Tab.R
Fra:1 Mem:21.24M (Peak 21.24M) | Time:00:00.13 | Mem:0.00M, Peak:0.00M | Scene, ViewLayer | Synchronizing object | Jacket_ContinuousShoulders
Fra:1 Mem:22.39M (Peak 22.39M) | Time:00:00.54 | Mem:0.00M, Peak:0.00M | Scene, ViewLayer | Synchronizing object | Face_Head
Fra:1 Mem:22.94M (Peak 22.94M) | Time:00:00.55 | Mem:0.00M, Peak:0.00M | Scene, ViewLayer | Synchronizing object | Ear.L
Fra:1 Mem:22.95M (Peak 22.95M) | Time:00:00.55 | Mem:0.00M, Peak:0.00M | Scene, ViewLayer | Synchronizing object | Ear_Fold.L
Fra:1 Mem:23.05M (Peak 23.05M) | Time:00:00.56 | Mem:0.00M, Peak:0.00M | Scene, ViewLayer | Synchronizing object | Ear.R
Fra:1 Mem:23.06M (Peak 23.06M) | Time:00:00.56 | Mem:0.00M, Peak:0.00M | Scene, ViewLayer | Synchronizing object | Eye_White.L
Fra:1 Mem:23.09M (Peak 23.09M) | Time:00:00.56 | Mem:0.00M, Peak:0.00M | Scene, ViewLayer | Synchronizing object | Iris_ink.L
Fra:1 Mem:23.10M (Peak 23.10M) | Time:00:00.56 | Mem:0.00M, Peak:0.00M | Scene, ViewLayer | Synchronizing object | Eye_Glint.L
Fra:1 Mem:23.14M (Peak 23.14M) | Time:00:00.56 | Mem:0.00M, Peak:0.00M | Scene, ViewLayer | Synchronizing object | Upper_Lid.L
Fra:1 Mem:23.14M (Peak 23.14M) | Time:00:00.56 | Mem:0.00M, Peak:0.00M | Scene, ViewLayer | Synchronizing object | Lower_Lid.L
Fra:1 Mem:23.15M (Peak 23.15M) | Time:00:00.56 | Mem:0.00M, Peak:0.00M | Scene, ViewLayer | Synchronizing object | Iris_hair.R
Fra:1 Mem:23.17M (Peak 23.17M) | Time:00:00.56 | Mem:0.00M, Peak:0.00M | Scene, ViewLayer | Synchronizing object | Iris_ink.R
Fra:1 Mem:23.17M (Peak 23.17M) | Time:00:00.56 | Mem:0.00M, Peak:0.00M | Scene, ViewLayer | Synchronizing object | Eye_Glint.R
Fra:1 Mem:23.18M (Peak 23.18M) | Time:00:00.56 | Mem:0.00M, Peak:0.00M | Scene, ViewLayer | Synchronizing object | Lower_Lid.R
Fra:1 Mem:23.20M (Peak 23.20M) | Time:00:00.56 | Mem:0.00M, Peak:0.00M | Scene, ViewLayer | Synchronizing object | Eyebrow.R
Fra:1 Mem:23.19M (Peak 23.20M) | Time:00:00.56 | Mem:0.00M, Peak:0.00M | Scene, ViewLayer | Synchronizing object | Nose
Fra:1 Mem:23.22M (Peak 23.22M) | Time:00:00.56 | Mem:0.00M, Peak:0.00M | Scene, ViewLayer | Synchronizing object | Mouth
Fra:1 Mem:23.33M (Peak 23.33M) | Time:00:00.78 | Mem:0.00M, Peak:0.00M | Scene, ViewLayer | Synchronizing object | Hair_Cap
Fra:1 Mem:23.33M (Peak 23.33M) | Time:00:00.78 | Mem:0.00M, Peak:0.00M | Scene, ViewLayer | Synchronizing object | Bangs_01
Fra:1 Mem:23.36M (Peak 23.36M) | Time:00:00.78 | Mem:0.00M, Peak:0.00M | Scene, ViewLayer | Synchronizing object | Bangs_03
Fra:1 Mem:23.51M (Peak 23.51M) | Time:00:00.78 | Mem:0.00M, Peak:0.00M | Scene, ViewLayer | Synchronizing object | Bangs_04
Fra:1 Mem:23.52M (Peak 23.52M) | Time:00:00.78 | Mem:0.00M, Peak:0.00M | Scene, ViewLayer | Synchronizing object | Bangs_05
Fra:1 Mem:23.53M (Peak 23.53M) | Time:00:00.78 | Mem:0.00M, Peak:0.00M | Scene, ViewLayer | Synchronizing object | Temple_0.L
Fra:1 Mem:23.56M (Peak 23.56M) | Time:00:00.78 | Mem:0.00M, Peak:0.00M | Scene, ViewLayer | Synchronizing object | Temple_1.L
Fra:1 Mem:23.57M (Peak 23.57M) | Time:00:00.78 | Mem:0.00M, Peak:0.00M | Scene, ViewLayer | Synchronizing object | Nape_0.L
Fra:1 Mem:23.59M (Peak 23.59M) | Time:00:00.78 | Mem:0.00M, Peak:0.00M | Scene, ViewLayer | Synchronizing object | Nape_1.L
Fra:1 Mem:23.64M (Peak 23.64M) | Time:00:00.78 | Mem:0.00M, Peak:0.00M | Scene, ViewLayer | Synchronizing object | Review_Rim
Fra:1 Mem:23.71M (Peak 23.71M) | Time:00:00.78 | Mem:0.00M, Peak:0.00M | Scene, ViewLayer | Synchronizing object | Nape_2.L
Fra:1 Mem:23.72M (Peak 23.72M) | Time:00:00.78 | Mem:0.00M, Peak:0.00M | Scene, ViewLayer | Synchronizing object | Temple_0.R
Fra:1 Mem:23.78M (Peak 23.78M) | Time:00:00.78 | Mem:0.00M, Peak:0.00M | Scene, ViewLayer | Synchronizing object | Temple_1.R
Fra:1 Mem:23.74M (Peak 23.78M) | Time:00:00.78 | Mem:0.00M, Peak:0.00M | Scene, ViewLayer | Synchronizing object | Review_Key
Fra:1 Mem:23.74M (Peak 23.78M) | Time:00:00.78 | Mem:0.00M, Peak:0.00M | Scene, ViewLayer | Synchronizing object | Nape_0.R
Fra:1 Mem:23.74M (Peak 23.78M) | Time:00:00.78 | Mem:0.00M, Peak:0.00M | Scene, ViewLayer | Synchronizing object | Nape_1.R
Fra:1 Mem:23.75M (Peak 23.78M) | Time:00:00.78 | Mem:0.00M, Peak:0.00M | Scene, ViewLayer | Synchronizing object | Nape_2.R
Fra:1 Mem:23.81M (Peak 23.81M) | Time:00:00.78 | Mem:0.00M, Peak:0.00M | Scene, ViewLayer | Synchronizing object | Crown_0.L
Fra:1 Mem:23.82M (Peak 23.82M) | Time:00:00.78 | Mem:0.00M, Peak:0.00M | Scene, ViewLayer | Synchronizing object | Crown_0.R
Fra:1 Mem:23.85M (Peak 23.85M) | Time:00:00.78 | Mem:0.00M, Peak:0.00M | Scene, ViewLayer | Synchronizing object | Tee_Bar
Fra:1 Mem:23.86M (Peak 23.86M) | Time:00:00.78 | Mem:0.00M, Peak:0.00M | Scene, ViewLayer | Synchronizing object | Back_Lock_3
Fra:1 Mem:23.87M (Peak 23.87M) | Time:00:00.78 | Mem:0.00M, Peak:0.00M | Scene, ViewLayer | Synchronizing object | Back_Lock_4
Fra:1 Mem:23.89M (Peak 23.89M) | Time:00:00.78 | Mem:0.00M, Peak:0.00M | Scene, ViewLayer | Synchronizing object | Tee_Dot_1.275
Fra:1 Mem:23.93M (Peak 23.93M) | Time:00:00.78 | Mem:0.00M, Peak:0.00M | Scene, ViewLayer | Initializing
Fra:1 Mem:19.99M (Peak 23.93M) | Time:00:00.78 | Mem:0.00M, Peak:0.00M | Scene, ViewLayer | Updating Images | Loading CHR001_GreyStudy_BaseColor
Fra:1 Mem:20.88M (Peak 28.00M) | Time:00:00.79 | Mem:4.00M, Peak:4.00M | Scene, ViewLayer | Waiting for render to start
Fra:1 Mem:20.88M (Peak 28.00M) | Time:00:00.79 | Mem:4.00M, Peak:4.00M | Scene, ViewLayer | Updating Scene
Fra:1 Mem:20.88M (Peak 28.00M) | Time:00:00.79 | Mem:4.00M, Peak:4.00M | Scene, ViewLayer | Updating Shaders
Fra:1 Mem:20.88M (Peak 28.00M) | Time:00:00.79 | Mem:4.00M, Peak:4.00M | Scene, ViewLayer | Loading render kernels (may take a few minutes the first time)
Fra:1 Mem:20.97M (Peak 28.00M) | Time:00:00.79 | Mem:4.00M, Peak:4.00M | Scene, ViewLayer | Updating Procedurals
Fra:1 Mem:20.97M (Peak 28.00M) | Time:00:00.79 | Mem:4.00M, Peak:4.00M | Scene, ViewLayer | Updating Background
Fra:1 Mem:20.97M (Peak 28.00M) | Time:00:00.79 | Mem:4.00M, Peak:4.00M | Scene, ViewLayer | Updating Camera
Fra:1 Mem:20.97M (Peak 28.00M) | Time:00:00.79 | Mem:4.00M, Peak:4.00M | Scene, ViewLayer | Updating Meshes Flags
Fra:1 Mem:20.97M (Peak 28.00M) | Time:00:00.79 | Mem:4.00M, Peak:4.00M | Scene, ViewLayer | Updating Objects
Fra:1 Mem:20.97M (Peak 28.00M) | Time:00:00.79 | Mem:4.00M, Peak:4.00M | Scene, ViewLayer | Updating Objects | Copying Transformations to device
Fra:1 Mem:20.99M (Peak 28.00M) | Time:00:00.79 | Mem:4.02M, Peak:4.02M | Scene, ViewLayer | Updating Particle Systems
Fra:1 Mem:20.99M (Peak 28.00M) | Time:00:00.79 | Mem:4.02M, Peak:4.02M | Scene, ViewLayer | Updating Particle Systems | Copying Particles to device
Fra:1 Mem:20.99M (Peak 28.00M) | Time:00:00.79 | Mem:4.02M, Peak:4.02M | Scene, ViewLayer | Updating Meshes
Fra:1 Mem:20.99M (Peak 28.00M) | Time:00:00.79 | Mem:4.02M, Peak:4.02M | Scene, ViewLayer | Updating Objects | Applying Static Transformations
Fra:1 Mem:20.99M (Peak 28.00M) | Time:00:00.79 | Mem:4.02M, Peak:4.02M | Scene, ViewLayer | Updating Mesh | Computing attributes
Fra:1 Mem:21.95M (Peak 28.00M) | Time:00:00.79 | Mem:4.03M, Peak:4.03M | Scene, ViewLayer | Updating Mesh | Copying Attributes to device
Fra:1 Mem:21.94M (Peak 28.00M) | Time:00:00.79 | Mem:4.97M, Peak:4.97M | Scene, ViewLayer | Updating Scene BVH | Building
Fra:1 Mem:21.94M (Peak 28.00M) | Time:00:00.79 | Mem:4.97M, Peak:4.97M | Scene, ViewLayer | Updating Scene BVH | Building BVH
Fra:1 Mem:21.94M (Peak 28.00M) | Time:00:00.79 | Mem:5.98M, Peak:5.98M | Scene, ViewLayer | Updating Scene BVH | Building BVH 0%
Fra:1 Mem:21.94M (Peak 28.00M) | Time:00:00.80 | Mem:7.07M, Peak:8.07M | Scene, ViewLayer | Updating Scene BVH | Copying BVH to device
Fra:1 Mem:21.94M (Peak 28.00M) | Time:00:00.80 | Mem:7.07M, Peak:8.07M | Scene, ViewLayer | Updating Mesh | Computing normals
Fra:1 Mem:22.83M (Peak 28.00M) | Time:00:00.80 | Mem:7.07M, Peak:8.07M | Scene, ViewLayer | Updating Mesh | Copying Mesh to device
Fra:1 Mem:22.83M (Peak 28.00M) | Time:00:00.80 | Mem:7.95M, Peak:8.07M | Scene, ViewLayer | Updating Objects Flags
Fra:1 Mem:22.83M (Peak 28.00M) | Time:00:00.80 | Mem:7.96M, Peak:8.07M | Scene, ViewLayer | Updating Primitive Offsets
Fra:1 Mem:22.83M (Peak 28.00M) | Time:00:00.80 | Mem:7.96M, Peak:8.07M | Scene, ViewLayer | Updating Images
Fra:1 Mem:22.83M (Peak 28.00M) | Time:00:00.80 | Mem:7.96M, Peak:8.07M | Scene, ViewLayer | Updating Camera Volume
Fra:1 Mem:22.83M (Peak 28.00M) | Time:00:00.80 | Mem:7.96M, Peak:8.07M | Scene, ViewLayer | Updating Lookup Tables
Fra:1 Mem:22.83M (Peak 28.00M) | Time:00:00.80 | Mem:8.04M, Peak:8.07M | Scene, ViewLayer | Updating Lights
Fra:1 Mem:22.83M (Peak 28.00M) | Time:00:00.80 | Mem:8.04M, Peak:8.07M | Scene, ViewLayer | Updating Lights | Computing tree
Fra:1 Mem:22.83M (Peak 28.00M) | Time:00:00.80 | Mem:8.04M, Peak:8.07M | Scene, ViewLayer | Updating Integrator
Fra:1 Mem:22.83M (Peak 28.00M) | Time:00:00.80 | Mem:8.04M, Peak:8.07M | Scene, ViewLayer | Updating Film
Fra:1 Mem:22.83M (Peak 28.00M) | Time:00:00.80 | Mem:7.96M, Peak:8.07M | Scene, ViewLayer | Updating Lookup Tables
Fra:1 Mem:22.83M (Peak 28.00M) | Time:00:00.80 | Mem:8.04M, Peak:8.07M | Scene, ViewLayer | Updating Baking
Fra:1 Mem:22.83M (Peak 28.00M) | Time:00:00.80 | Mem:8.04M, Peak:8.07M | Scene, ViewLayer | Updating Device | Writing constant memory
Fra:1 Mem:22.84M (Peak 28.00M) | Time:00:00.80 | Mem:8.04M, Peak:8.07M | Scene, ViewLayer | Loading denoising kernels (may take a few minutes the first time)
Fra:1 Mem:22.84M (Peak 28.00M) | Time:00:00.80 | Mem:8.04M, Peak:8.07M | Scene, ViewLayer | Sample 0/24
Fra:1 Mem:73.02M (Peak 73.02M) | Time:00:01.01 | Remaining:00:04.79 | Mem:58.15M, Peak:58.15M | Scene, ViewLayer | Sample 1/24
Fra:1 Mem:94.11M (Peak 125.76M) | Time:00:08.09 | Mem:58.15M, Peak:58.15M | Scene, ViewLayer | Sample 24/24
Fra:1 Mem:94.11M (Peak 125.76M) | Time:00:08.09 | Mem:58.15M, Peak:58.15M | Scene, ViewLayer | Finished
Saved: '/home/lzzz/MyProjects/N-SIDE/output/characters/CHR-001/model-r3/final/face-quarter.png'
Time: 00:08.15 (Saving: 00:00.05)

Fra:1 Mem:19.19M (Peak 19.19M) | Time:00:00.00 | Mem:0.00M, Peak:0.00M | Scene, ViewLayer | Synchronizing object | TShirt
Fra:1 Mem:19.35M (Peak 19.35M) | Time:00:00.01 | Mem:0.00M, Peak:0.00M | Scene, ViewLayer | Synchronizing object | TShirt_Collar
Fra:1 Mem:19.36M (Peak 19.36M) | Time:00:00.01 | Mem:0.00M, Peak:0.00M | Scene, ViewLayer | Synchronizing object | Hood
Fra:1 Mem:19.37M (Peak 19.37M) | Time:00:00.01 | Mem:0.00M, Peak:0.00M | Scene, ViewLayer | Synchronizing object | Zip_Tape.L
Fra:1 Mem:19.41M (Peak 19.41M) | Time:00:00.01 | Mem:0.00M, Peak:0.00M | Scene, ViewLayer | Synchronizing object | Hood_Cord.L
Fra:1 Mem:19.48M (Peak 19.48M) | Time:00:00.02 | Mem:0.00M, Peak:0.00M | Scene, ViewLayer | Synchronizing object | Palm.L
Fra:1 Mem:19.48M (Peak 19.48M) | Time:00:00.02 | Mem:0.00M, Peak:0.00M | Scene, ViewLayer | Synchronizing object | Middle_Mesh.L
Fra:1 Mem:19.49M (Peak 19.49M) | Time:00:00.02 | Mem:0.00M, Peak:0.00M | Scene, ViewLayer | Synchronizing object | Pinky_Mesh.L
Fra:1 Mem:19.53M (Peak 19.53M) | Time:00:00.02 | Mem:0.00M, Peak:0.00M | Scene, ViewLayer | Synchronizing object | Thumb_Mesh.L
Fra:1 Mem:19.73M (Peak 19.73M) | Time:00:00.05 | Mem:0.00M, Peak:0.00M | Scene, ViewLayer | Synchronizing object | Trousers.L
Fra:1 Mem:19.73M (Peak 19.73M) | Time:00:00.05 | Mem:0.00M, Peak:0.00M | Scene, ViewLayer | Synchronizing object | Sneaker_Upper.L
Fra:1 Mem:19.77M (Peak 19.77M) | Time:00:00.05 | Mem:0.00M, Peak:0.00M | Scene, ViewLayer | Synchronizing object | Sock.L
Fra:1 Mem:19.89M (Peak 19.89M) | Time:00:00.05 | Mem:0.00M, Peak:0.00M | Scene, ViewLayer | Synchronizing object | Lace_0.L
Fra:1 Mem:19.95M (Peak 19.95M) | Time:00:00.05 | Mem:0.00M, Peak:0.00M | Scene, ViewLayer | Synchronizing object | Lace_1.L
Fra:1 Mem:19.95M (Peak 19.95M) | Time:00:00.05 | Mem:0.00M, Peak:0.00M | Scene, ViewLayer | Synchronizing object | Lace_2.L
Fra:1 Mem:19.97M (Peak 19.97M) | Time:00:00.05 | Mem:0.00M, Peak:0.00M | Scene, ViewLayer | Synchronizing object | Lace_3.L
Fra:1 Mem:19.95M (Peak 19.97M) | Time:00:00.05 | Mem:0.00M, Peak:0.00M | Scene, ViewLayer | Synchronizing object | Heel_Tab.L
Fra:1 Mem:19.96M (Peak 19.97M) | Time:00:00.05 | Mem:0.00M, Peak:0.00M | Scene, ViewLayer | Synchronizing object | Sleeve_Cuff.R
Fra:1 Mem:19.97M (Peak 19.97M) | Time:00:00.05 | Mem:0.00M, Peak:0.00M | Scene, ViewLayer | Synchronizing object | Zip_Tape.R
Fra:1 Mem:19.98M (Peak 19.98M) | Time:00:00.05 | Mem:0.00M, Peak:0.00M | Scene, ViewLayer | Synchronizing object | Hood_Cord.R
Fra:1 Mem:20.10M (Peak 20.10M) | Time:00:00.06 | Mem:0.00M, Peak:0.00M | Scene, ViewLayer | Synchronizing object | Palm.R
Fra:1 Mem:20.10M (Peak 20.10M) | Time:00:00.07 | Mem:0.00M, Peak:0.00M | Scene, ViewLayer | Synchronizing object | Middle_Mesh.R
Fra:1 Mem:20.13M (Peak 20.13M) | Time:00:00.07 | Mem:0.00M, Peak:0.00M | Scene, ViewLayer | Synchronizing object | Pinky_Mesh.R
Fra:1 Mem:20.15M (Peak 20.15M) | Time:00:00.07 | Mem:0.00M, Peak:0.00M | Scene, ViewLayer | Synchronizing object | Thumb_Mesh.R
Fra:1 Mem:20.35M (Peak 20.35M) | Time:00:00.10 | Mem:0.00M, Peak:0.00M | Scene, ViewLayer | Synchronizing object | Trousers.R
Fra:1 Mem:20.35M (Peak 20.35M) | Time:00:00.10 | Mem:0.00M, Peak:0.00M | Scene, ViewLayer | Synchronizing object | Sneaker_Upper.R
Fra:1 Mem:20.38M (Peak 20.38M) | Time:00:00.10 | Mem:0.00M, Peak:0.00M | Scene, ViewLayer | Synchronizing object | Sock.R
Fra:1 Mem:20.55M (Peak 20.55M) | Time:00:00.10 | Mem:0.00M, Peak:0.00M | Scene, ViewLayer | Synchronizing object | Lace_0.R
Fra:1 Mem:20.58M (Peak 20.58M) | Time:00:00.10 | Mem:0.00M, Peak:0.00M | Scene, ViewLayer | Synchronizing object | Lace_1.R
Fra:1 Mem:20.59M (Peak 20.59M) | Time:00:00.10 | Mem:0.00M, Peak:0.00M | Scene, ViewLayer | Synchronizing object | Lace_2.R
Fra:1 Mem:20.59M (Peak 20.59M) | Time:00:00.10 | Mem:0.00M, Peak:0.00M | Scene, ViewLayer | Synchronizing object | Heel_Tab.R
Fra:1 Mem:21.24M (Peak 21.24M) | Time:00:00.14 | Mem:0.00M, Peak:0.00M | Scene, ViewLayer | Synchronizing object | Jacket_ContinuousShoulders
Fra:1 Mem:22.39M (Peak 22.39M) | Time:00:00.54 | Mem:0.00M, Peak:0.00M | Scene, ViewLayer | Synchronizing object | Face_Head
Fra:1 Mem:22.94M (Peak 22.94M) | Time:00:00.55 | Mem:0.00M, Peak:0.00M | Scene, ViewLayer | Synchronizing object | Ear.L
Fra:1 Mem:22.95M (Peak 22.95M) | Time:00:00.55 | Mem:0.00M, Peak:0.00M | Scene, ViewLayer | Synchronizing object | Ear_Fold.L
Fra:1 Mem:23.05M (Peak 23.05M) | Time:00:00.57 | Mem:0.00M, Peak:0.00M | Scene, ViewLayer | Synchronizing object | Ear.R
Fra:1 Mem:23.05M (Peak 23.05M) | Time:00:00.57 | Mem:0.00M, Peak:0.00M | Scene, ViewLayer | Synchronizing object | Eye_White.L
Fra:1 Mem:23.08M (Peak 23.08M) | Time:00:00.57 | Mem:0.00M, Peak:0.00M | Scene, ViewLayer | Synchronizing object | Iris_ink.L
Fra:1 Mem:23.11M (Peak 23.11M) | Time:00:00.57 | Mem:0.00M, Peak:0.00M | Scene, ViewLayer | Synchronizing object | Eye_Glint.L
Fra:1 Mem:23.12M (Peak 23.12M) | Time:00:00.57 | Mem:0.00M, Peak:0.00M | Scene, ViewLayer | Synchronizing object | Upper_Lid.L
Fra:1 Mem:23.14M (Peak 23.14M) | Time:00:00.57 | Mem:0.00M, Peak:0.00M | Scene, ViewLayer | Synchronizing object | Lower_Lid.L
Fra:1 Mem:23.15M (Peak 23.15M) | Time:00:00.57 | Mem:0.00M, Peak:0.00M | Scene, ViewLayer | Synchronizing object | Iris_hair.R
Fra:1 Mem:23.17M (Peak 23.17M) | Time:00:00.57 | Mem:0.00M, Peak:0.00M | Scene, ViewLayer | Synchronizing object | Iris_ink.R
Fra:1 Mem:23.18M (Peak 23.18M) | Time:00:00.57 | Mem:0.00M, Peak:0.00M | Scene, ViewLayer | Synchronizing object | Eye_Glint.R
Fra:1 Mem:23.19M (Peak 23.19M) | Time:00:00.57 | Mem:0.00M, Peak:0.00M | Scene, ViewLayer | Synchronizing object | Lower_Lid.R
Fra:1 Mem:23.19M (Peak 23.19M) | Time:00:00.57 | Mem:0.00M, Peak:0.00M | Scene, ViewLayer | Synchronizing object | Eyebrow.R
Fra:1 Mem:23.20M (Peak 23.20M) | Time:00:00.57 | Mem:0.00M, Peak:0.00M | Scene, ViewLayer | Synchronizing object | Mouth
Fra:1 Mem:23.33M (Peak 23.33M) | Time:00:00.79 | Mem:0.00M, Peak:0.00M | Scene, ViewLayer | Synchronizing object | Hair_Cap
Fra:1 Mem:23.33M (Peak 23.33M) | Time:00:00.79 | Mem:0.00M, Peak:0.00M | Scene, ViewLayer | Synchronizing object | Bangs_00
Fra:1 Mem:23.36M (Peak 23.36M) | Time:00:00.79 | Mem:0.00M, Peak:0.00M | Scene, ViewLayer | Synchronizing object | Bangs_02
Fra:1 Mem:23.45M (Peak 23.45M) | Time:00:00.79 | Mem:0.00M, Peak:0.00M | Scene, ViewLayer | Synchronizing object | Bangs_03
Fra:1 Mem:23.52M (Peak 23.52M) | Time:00:00.79 | Mem:0.00M, Peak:0.00M | Scene, ViewLayer | Synchronizing object | Bangs_04
Fra:1 Mem:23.51M (Peak 23.52M) | Time:00:00.79 | Mem:0.00M, Peak:0.00M | Scene, ViewLayer | Synchronizing object | Temple_0.L
Fra:1 Mem:23.54M (Peak 23.54M) | Time:00:00.79 | Mem:0.00M, Peak:0.00M | Scene, ViewLayer | Synchronizing object | Temple_1.L
Fra:1 Mem:23.57M (Peak 23.57M) | Time:00:00.79 | Mem:0.00M, Peak:0.00M | Scene, ViewLayer | Synchronizing object | Temple_2.L
Fra:1 Mem:23.60M (Peak 23.60M) | Time:00:00.79 | Mem:0.00M, Peak:0.00M | Scene, ViewLayer | Synchronizing object | Nape_0.L
Fra:1 Mem:23.61M (Peak 23.61M) | Time:00:00.79 | Mem:0.00M, Peak:0.00M | Scene, ViewLayer | Synchronizing object | Nape_1.L
Fra:1 Mem:23.65M (Peak 23.64M) | Time:00:00.79 | Mem:0.00M, Peak:0.00M | Scene, ViewLayer | Synchronizing object | Nape_2.L
Fra:1 Mem:23.70M (Peak 23.71M) | Time:00:00.79 | Mem:0.00M, Peak:0.00M | Scene, ViewLayer | Synchronizing object | Temple_0.R
Fra:1 Mem:23.71M (Peak 23.71M) | Time:00:00.79 | Mem:0.00M, Peak:0.00M | Scene, ViewLayer | Synchronizing object | Temple_1.R
Fra:1 Mem:23.76M (Peak 23.76M) | Time:00:00.79 | Mem:0.00M, Peak:0.00M | Scene, ViewLayer | Synchronizing object | Nape_0.R
Fra:1 Mem:23.79M (Peak 23.79M) | Time:00:00.79 | Mem:0.00M, Peak:0.00M | Scene, ViewLayer | Synchronizing object | Review_Fill
Fra:1 Mem:23.77M (Peak 23.79M) | Time:00:00.79 | Mem:0.00M, Peak:0.00M | Scene, ViewLayer | Synchronizing object | Nape_2.R
Fra:1 Mem:23.78M (Peak 23.79M) | Time:00:00.79 | Mem:0.00M, Peak:0.00M | Scene, ViewLayer | Synchronizing object | Review_Key
Fra:1 Mem:23.79M (Peak 23.79M) | Time:00:00.79 | Mem:0.00M, Peak:0.00M | Scene, ViewLayer | Synchronizing object | Crown_0.R
Fra:1 Mem:23.81M (Peak 23.81M) | Time:00:00.79 | Mem:0.00M, Peak:0.00M | Scene, ViewLayer | Synchronizing object | Review_Ground
Fra:1 Mem:23.82M (Peak 23.82M) | Time:00:00.79 | Mem:0.00M, Peak:0.00M | Scene, ViewLayer | Synchronizing object | Back_Lock_2
Fra:1 Mem:23.83M (Peak 23.83M) | Time:00:00.79 | Mem:0.00M, Peak:0.00M | Scene, ViewLayer | Synchronizing object | Tee_Bar
Fra:1 Mem:23.84M (Peak 23.84M) | Time:00:00.79 | Mem:0.00M, Peak:0.00M | Scene, ViewLayer | Synchronizing object | Back_Lock_4
Fra:1 Mem:23.86M (Peak 23.86M) | Time:00:00.79 | Mem:0.00M, Peak:0.00M | Scene, ViewLayer | Synchronizing object | Tee_Dot_1.275
Fra:1 Mem:23.93M (Peak 23.93M) | Time:00:00.79 | Mem:0.00M, Peak:0.00M | Scene, ViewLayer | Initializing
Fra:1 Mem:19.99M (Peak 23.93M) | Time:00:00.79 | Mem:0.00M, Peak:0.00M | Scene, ViewLayer | Updating Images | Loading CHR001_GreyStudy_BaseColor
Fra:1 Mem:20.88M (Peak 28.00M) | Time:00:00.80 | Mem:4.00M, Peak:4.00M | Scene, ViewLayer | Waiting for render to start
Fra:1 Mem:20.88M (Peak 28.00M) | Time:00:00.80 | Mem:4.00M, Peak:4.00M | Scene, ViewLayer | Updating Scene
Fra:1 Mem:20.88M (Peak 28.00M) | Time:00:00.80 | Mem:4.00M, Peak:4.00M | Scene, ViewLayer | Updating Shaders
Fra:1 Mem:20.88M (Peak 28.00M) | Time:00:00.80 | Mem:4.00M, Peak:4.00M | Scene, ViewLayer | Loading render kernels (may take a few minutes the first time)
Fra:1 Mem:20.97M (Peak 28.00M) | Time:00:00.80 | Mem:4.00M, Peak:4.00M | Scene, ViewLayer | Updating Procedurals
Fra:1 Mem:20.97M (Peak 28.00M) | Time:00:00.80 | Mem:4.00M, Peak:4.00M | Scene, ViewLayer | Updating Background
Fra:1 Mem:20.97M (Peak 28.00M) | Time:00:00.80 | Mem:4.00M, Peak:4.00M | Scene, ViewLayer | Updating Camera
Fra:1 Mem:20.97M (Peak 28.00M) | Time:00:00.80 | Mem:4.00M, Peak:4.00M | Scene, ViewLayer | Updating Meshes Flags
Fra:1 Mem:20.97M (Peak 28.00M) | Time:00:00.80 | Mem:4.00M, Peak:4.00M | Scene, ViewLayer | Updating Objects
Fra:1 Mem:20.97M (Peak 28.00M) | Time:00:00.80 | Mem:4.00M, Peak:4.00M | Scene, ViewLayer | Updating Objects | Copying Transformations to device
Fra:1 Mem:20.99M (Peak 28.00M) | Time:00:00.80 | Mem:4.02M, Peak:4.02M | Scene, ViewLayer | Updating Particle Systems
Fra:1 Mem:20.99M (Peak 28.00M) | Time:00:00.80 | Mem:4.02M, Peak:4.02M | Scene, ViewLayer | Updating Particle Systems | Copying Particles to device
Fra:1 Mem:20.99M (Peak 28.00M) | Time:00:00.80 | Mem:4.02M, Peak:4.02M | Scene, ViewLayer | Updating Meshes
Fra:1 Mem:20.99M (Peak 28.00M) | Time:00:00.80 | Mem:4.02M, Peak:4.02M | Scene, ViewLayer | Updating Objects | Applying Static Transformations
Fra:1 Mem:20.99M (Peak 28.00M) | Time:00:00.80 | Mem:4.02M, Peak:4.02M | Scene, ViewLayer | Updating Mesh | Computing attributes
Fra:1 Mem:21.95M (Peak 28.00M) | Time:00:00.80 | Mem:4.03M, Peak:4.03M | Scene, ViewLayer | Updating Mesh | Copying Attributes to device
Fra:1 Mem:21.94M (Peak 28.00M) | Time:00:00.80 | Mem:4.97M, Peak:4.97M | Scene, ViewLayer | Updating Scene BVH | Building
Fra:1 Mem:21.94M (Peak 28.00M) | Time:00:00.80 | Mem:4.97M, Peak:4.97M | Scene, ViewLayer | Updating Scene BVH | Building BVH
Fra:1 Mem:21.94M (Peak 28.00M) | Time:00:00.80 | Mem:5.98M, Peak:5.98M | Scene, ViewLayer | Updating Scene BVH | Building BVH 0%
Fra:1 Mem:21.94M (Peak 28.00M) | Time:00:00.81 | Mem:7.07M, Peak:8.07M | Scene, ViewLayer | Updating Scene BVH | Copying BVH to device
Fra:1 Mem:21.94M (Peak 28.00M) | Time:00:00.81 | Mem:7.07M, Peak:8.07M | Scene, ViewLayer | Updating Mesh | Computing normals
Fra:1 Mem:22.83M (Peak 28.00M) | Time:00:00.81 | Mem:7.07M, Peak:8.07M | Scene, ViewLayer | Updating Mesh | Copying Mesh to device
Fra:1 Mem:22.83M (Peak 28.00M) | Time:00:00.81 | Mem:7.95M, Peak:8.07M | Scene, ViewLayer | Updating Objects Flags
Fra:1 Mem:22.83M (Peak 28.00M) | Time:00:00.81 | Mem:7.96M, Peak:8.07M | Scene, ViewLayer | Updating Primitive Offsets
Fra:1 Mem:22.83M (Peak 28.00M) | Time:00:00.81 | Mem:7.96M, Peak:8.07M | Scene, ViewLayer | Updating Images
Fra:1 Mem:22.83M (Peak 28.00M) | Time:00:00.81 | Mem:7.96M, Peak:8.07M | Scene, ViewLayer | Updating Camera Volume
Fra:1 Mem:22.83M (Peak 28.00M) | Time:00:00.81 | Mem:7.96M, Peak:8.07M | Scene, ViewLayer | Updating Lookup Tables
Fra:1 Mem:22.83M (Peak 28.00M) | Time:00:00.81 | Mem:8.04M, Peak:8.07M | Scene, ViewLayer | Updating Lights
Fra:1 Mem:22.83M (Peak 28.00M) | Time:00:00.81 | Mem:8.04M, Peak:8.07M | Scene, ViewLayer | Updating Lights | Computing tree
Fra:1 Mem:22.83M (Peak 28.00M) | Time:00:00.81 | Mem:8.04M, Peak:8.07M | Scene, ViewLayer | Updating Integrator
Fra:1 Mem:22.83M (Peak 28.00M) | Time:00:00.81 | Mem:8.04M, Peak:8.07M | Scene, ViewLayer | Updating Film
Fra:1 Mem:22.83M (Peak 28.00M) | Time:00:00.81 | Mem:7.96M, Peak:8.07M | Scene, ViewLayer | Updating Lookup Tables
Fra:1 Mem:22.83M (Peak 28.00M) | Time:00:00.81 | Mem:8.04M, Peak:8.07M | Scene, ViewLayer | Updating Baking
Fra:1 Mem:22.83M (Peak 28.00M) | Time:00:00.81 | Mem:8.04M, Peak:8.07M | Scene, ViewLayer | Updating Device | Writing constant memory
Fra:1 Mem:22.84M (Peak 28.00M) | Time:00:00.81 | Mem:8.04M, Peak:8.07M | Scene, ViewLayer | Loading denoising kernels (may take a few minutes the first time)
Fra:1 Mem:22.84M (Peak 28.00M) | Time:00:00.81 | Mem:8.04M, Peak:8.07M | Scene, ViewLayer | Sample 0/24
Fra:1 Mem:73.02M (Peak 73.02M) | Time:00:01.01 | Remaining:00:04.59 | Mem:58.15M, Peak:58.15M | Scene, ViewLayer | Sample 1/24
Fra:1 Mem:94.11M (Peak 125.76M) | Time:00:07.77 | Mem:58.15M, Peak:58.15M | Scene, ViewLayer | Sample 24/24
Fra:1 Mem:94.11M (Peak 125.76M) | Time:00:07.77 | Mem:58.15M, Peak:58.15M | Scene, ViewLayer | Finished
Saved: '/home/lzzz/MyProjects/N-SIDE/output/characters/CHR-001/model-r3/final/face-side.png'
Time: 00:07.82 (Saving: 00:00.05)

Fra:1 Mem:19.19M (Peak 19.19M) | Time:00:00.00 | Mem:0.00M, Peak:0.00M | Scene, ViewLayer | Synchronizing object | TShirt
Fra:1 Mem:19.35M (Peak 19.35M) | Time:00:00.01 | Mem:0.00M, Peak:0.00M | Scene, ViewLayer | Synchronizing object | TShirt_Collar
Fra:1 Mem:19.35M (Peak 19.35M) | Time:00:00.01 | Mem:0.00M, Peak:0.00M | Scene, ViewLayer | Synchronizing object | Sleeve_Cuff.L
Fra:1 Mem:19.36M (Peak 19.36M) | Time:00:00.01 | Mem:0.00M, Peak:0.00M | Scene, ViewLayer | Synchronizing object | Zip_Tape.L
Fra:1 Mem:19.38M (Peak 19.38M) | Time:00:00.01 | Mem:0.00M, Peak:0.00M | Scene, ViewLayer | Synchronizing object | Hood_Cord.L
Fra:1 Mem:19.48M (Peak 19.48M) | Time:00:00.02 | Mem:0.00M, Peak:0.00M | Scene, ViewLayer | Synchronizing object | Palm.L
Fra:1 Mem:19.48M (Peak 19.48M) | Time:00:00.02 | Mem:0.00M, Peak:0.00M | Scene, ViewLayer | Synchronizing object | Middle_Mesh.L
Fra:1 Mem:19.51M (Peak 19.51M) | Time:00:00.02 | Mem:0.00M, Peak:0.00M | Scene, ViewLayer | Synchronizing object | Ring_Mesh.L
Fra:1 Mem:19.52M (Peak 19.52M) | Time:00:00.02 | Mem:0.00M, Peak:0.00M | Scene, ViewLayer | Synchronizing object | Pinky_Mesh.L
Fra:1 Mem:19.54M (Peak 19.54M) | Time:00:00.02 | Mem:0.00M, Peak:0.00M | Scene, ViewLayer | Synchronizing object | Thumb_Mesh.L
Fra:1 Mem:19.73M (Peak 19.73M) | Time:00:00.05 | Mem:0.00M, Peak:0.00M | Scene, ViewLayer | Synchronizing object | Trousers.L
Fra:1 Mem:19.76M (Peak 19.76M) | Time:00:00.05 | Mem:0.00M, Peak:0.00M | Scene, ViewLayer | Synchronizing object | Sneaker_Sole.L
Fra:1 Mem:19.82M (Peak 19.83M) | Time:00:00.05 | Mem:0.00M, Peak:0.00M | Scene, ViewLayer | Synchronizing object | Sock.L
Fra:1 Mem:19.89M (Peak 19.90M) | Time:00:00.05 | Mem:0.00M, Peak:0.00M | Scene, ViewLayer | Synchronizing object | Lace_0.L
Fra:1 Mem:19.91M (Peak 19.91M) | Time:00:00.05 | Mem:0.00M, Peak:0.00M | Scene, ViewLayer | Synchronizing object | Lace_1.L
Fra:1 Mem:19.95M (Peak 19.95M) | Time:00:00.05 | Mem:0.00M, Peak:0.00M | Scene, ViewLayer | Synchronizing object | Lace_2.L
Fra:1 Mem:19.97M (Peak 19.97M) | Time:00:00.05 | Mem:0.00M, Peak:0.00M | Scene, ViewLayer | Synchronizing object | Heel_Tab.L
Fra:1 Mem:19.95M (Peak 19.97M) | Time:00:00.05 | Mem:0.00M, Peak:0.00M | Scene, ViewLayer | Synchronizing object | Sleeve_Cuff.R
Fra:1 Mem:19.96M (Peak 19.97M) | Time:00:00.05 | Mem:0.00M, Peak:0.00M | Scene, ViewLayer | Synchronizing object | Zip_Tape.R
Fra:1 Mem:19.97M (Peak 19.97M) | Time:00:00.05 | Mem:0.00M, Peak:0.00M | Scene, ViewLayer | Synchronizing object | Hood_Cord.R
Fra:1 Mem:20.10M (Peak 20.10M) | Time:00:00.06 | Mem:0.00M, Peak:0.00M | Scene, ViewLayer | Synchronizing object | Palm.R
Fra:1 Mem:20.10M (Peak 20.10M) | Time:00:00.06 | Mem:0.00M, Peak:0.00M | Scene, ViewLayer | Synchronizing object | Index_Mesh.R
Fra:1 Mem:20.13M (Peak 20.13M) | Time:00:00.06 | Mem:0.00M, Peak:0.00M | Scene, ViewLayer | Synchronizing object | Ring_Mesh.R
Fra:1 Mem:20.14M (Peak 20.14M) | Time:00:00.06 | Mem:0.00M, Peak:0.00M | Scene, ViewLayer | Synchronizing object | Pinky_Mesh.R
Fra:1 Mem:20.16M (Peak 20.16M) | Time:00:00.06 | Mem:0.00M, Peak:0.00M | Scene, ViewLayer | Synchronizing object | Thumb_Mesh.R
Fra:1 Mem:20.35M (Peak 20.35M) | Time:00:00.10 | Mem:0.00M, Peak:0.00M | Scene, ViewLayer | Synchronizing object | Trousers.R
Fra:1 Mem:20.35M (Peak 20.35M) | Time:00:00.10 | Mem:0.00M, Peak:0.00M | Scene, ViewLayer | Synchronizing object | Sneaker_Sole.R
Fra:1 Mem:20.38M (Peak 20.38M) | Time:00:00.10 | Mem:0.00M, Peak:0.00M | Scene, ViewLayer | Synchronizing object | Sneaker_Upper.R
Fra:1 Mem:20.48M (Peak 20.48M) | Time:00:00.10 | Mem:0.00M, Peak:0.00M | Scene, ViewLayer | Synchronizing object | Sock.R
Fra:1 Mem:20.53M (Peak 20.53M) | Time:00:00.10 | Mem:0.00M, Peak:0.00M | Scene, ViewLayer | Synchronizing object | Lace_0.R
Fra:1 Mem:20.56M (Peak 20.56M) | Time:00:00.10 | Mem:0.00M, Peak:0.00M | Scene, ViewLayer | Synchronizing object | Lace_1.R
Fra:1 Mem:20.59M (Peak 20.59M) | Time:00:00.10 | Mem:0.00M, Peak:0.00M | Scene, ViewLayer | Synchronizing object | Lace_2.R
Fra:1 Mem:20.59M (Peak 20.59M) | Time:00:00.10 | Mem:0.00M, Peak:0.00M | Scene, ViewLayer | Synchronizing object | Heel_Tab.R
Fra:1 Mem:21.24M (Peak 21.24M) | Time:00:00.14 | Mem:0.00M, Peak:0.00M | Scene, ViewLayer | Synchronizing object | Jacket_ContinuousShoulders
Fra:1 Mem:22.39M (Peak 22.39M) | Time:00:00.54 | Mem:0.00M, Peak:0.00M | Scene, ViewLayer | Synchronizing object | Face_Head
Fra:1 Mem:22.94M (Peak 22.94M) | Time:00:00.55 | Mem:0.00M, Peak:0.00M | Scene, ViewLayer | Synchronizing object | Ear.L
Fra:1 Mem:22.95M (Peak 22.95M) | Time:00:00.55 | Mem:0.00M, Peak:0.00M | Scene, ViewLayer | Synchronizing object | Ear_Fold.L
Fra:1 Mem:23.05M (Peak 23.05M) | Time:00:00.57 | Mem:0.00M, Peak:0.00M | Scene, ViewLayer | Synchronizing object | Ear.R
Fra:1 Mem:23.05M (Peak 23.05M) | Time:00:00.57 | Mem:0.00M, Peak:0.00M | Scene, ViewLayer | Synchronizing object | Ear_Fold.R
Fra:1 Mem:23.08M (Peak 23.08M) | Time:00:00.57 | Mem:0.00M, Peak:0.00M | Scene, ViewLayer | Synchronizing object | Iris_ink.L
Fra:1 Mem:23.11M (Peak 23.11M) | Time:00:00.57 | Mem:0.00M, Peak:0.00M | Scene, ViewLayer | Synchronizing object | Eye_Glint.L
Fra:1 Mem:23.12M (Peak 23.12M) | Time:00:00.57 | Mem:0.00M, Peak:0.00M | Scene, ViewLayer | Synchronizing object | Upper_Lid.L
Fra:1 Mem:23.16M (Peak 23.16M) | Time:00:00.57 | Mem:0.00M, Peak:0.00M | Scene, ViewLayer | Synchronizing object | Eyebrow.L
Fra:1 Mem:23.16M (Peak 23.16M) | Time:00:00.57 | Mem:0.00M, Peak:0.00M | Scene, ViewLayer | Synchronizing object | Eye_White.R
Fra:1 Mem:23.16M (Peak 23.16M) | Time:00:00.57 | Mem:0.00M, Peak:0.00M | Scene, ViewLayer | Synchronizing object | Iris_ink.R
Fra:1 Mem:23.17M (Peak 23.17M) | Time:00:00.57 | Mem:0.00M, Peak:0.00M | Scene, ViewLayer | Synchronizing object | Eye_Glint.R
Fra:1 Mem:23.18M (Peak 23.18M) | Time:00:00.57 | Mem:0.00M, Peak:0.00M | Scene, ViewLayer | Synchronizing object | Upper_Lid.R
Fra:1 Mem:23.19M (Peak 23.19M) | Time:00:00.57 | Mem:0.00M, Peak:0.00M | Scene, ViewLayer | Synchronizing object | Eyebrow.R
Fra:1 Mem:23.20M (Peak 23.20M) | Time:00:00.57 | Mem:0.00M, Peak:0.00M | Scene, ViewLayer | Synchronizing object | Nose
Fra:1 Mem:23.23M (Peak 23.23M) | Time:00:00.57 | Mem:0.00M, Peak:0.00M | Scene, ViewLayer | Synchronizing object | Mouth
Fra:1 Mem:23.33M (Peak 23.33M) | Time:00:00.79 | Mem:0.00M, Peak:0.00M | Scene, ViewLayer | Synchronizing object | Hair_Cap
Fra:1 Mem:23.33M (Peak 23.33M) | Time:00:00.79 | Mem:0.00M, Peak:0.00M | Scene, ViewLayer | Synchronizing object | Bangs_01
Fra:1 Mem:23.36M (Peak 23.36M) | Time:00:00.79 | Mem:0.00M, Peak:0.00M | Scene, ViewLayer | Synchronizing object | Bangs_02
Fra:1 Mem:23.46M (Peak 23.46M) | Time:00:00.79 | Mem:0.00M, Peak:0.00M | Scene, ViewLayer | Synchronizing object | Bangs_03
Fra:1 Mem:23.51M (Peak 23.51M) | Time:00:00.79 | Mem:0.00M, Peak:0.00M | Scene, ViewLayer | Synchronizing object | Bangs_04
Fra:1 Mem:23.52M (Peak 23.52M) | Time:00:00.79 | Mem:0.00M, Peak:0.00M | Scene, ViewLayer | Synchronizing object | Bangs_05
Fra:1 Mem:23.53M (Peak 23.53M) | Time:00:00.79 | Mem:0.00M, Peak:0.00M | Scene, ViewLayer | Synchronizing object | Temple_0.L
Fra:1 Mem:23.57M (Peak 23.57M) | Time:00:00.79 | Mem:0.00M, Peak:0.00M | Scene, ViewLayer | Synchronizing object | Temple_1.L
Fra:1 Mem:23.59M (Peak 23.59M) | Time:00:00.79 | Mem:0.00M, Peak:0.00M | Scene, ViewLayer | Synchronizing object | Nape_0.L
Fra:1 Mem:23.62M (Peak 23.62M) | Time:00:00.79 | Mem:0.00M, Peak:0.00M | Scene, ViewLayer | Synchronizing object | Nape_1.L
Fra:1 Mem:23.69M (Peak 23.69M) | Time:00:00.79 | Mem:0.00M, Peak:0.00M | Scene, ViewLayer | Synchronizing object | Nape_2.L
Fra:1 Mem:23.73M (Peak 23.73M) | Time:00:00.79 | Mem:0.00M, Peak:0.00M | Scene, ViewLayer | Synchronizing object | Temple_0.R
Fra:1 Mem:23.73M (Peak 23.73M) | Time:00:00.79 | Mem:0.00M, Peak:0.00M | Scene, ViewLayer | Synchronizing object | Temple_2.R
Fra:1 Mem:23.72M (Peak 23.73M) | Time:00:00.79 | Mem:0.00M, Peak:0.00M | Scene, ViewLayer | Synchronizing object | Nape_0.R
Fra:1 Mem:23.74M (Peak 23.74M) | Time:00:00.79 | Mem:0.00M, Peak:0.00M | Scene, ViewLayer | Synchronizing object | Nape_1.R
Fra:1 Mem:23.76M (Peak 23.76M) | Time:00:00.79 | Mem:0.00M, Peak:0.00M | Scene, ViewLayer | Synchronizing object | Nape_2.R
Fra:1 Mem:23.78M (Peak 23.78M) | Time:00:00.79 | Mem:0.00M, Peak:0.00M | Scene, ViewLayer | Synchronizing object | Crown_0.L
Fra:1 Mem:23.81M (Peak 23.81M) | Time:00:00.79 | Mem:0.00M, Peak:0.00M | Scene, ViewLayer | Synchronizing object | Crown_0.R
Fra:1 Mem:23.84M (Peak 23.84M) | Time:00:00.79 | Mem:0.00M, Peak:0.00M | Scene, ViewLayer | Synchronizing object | Back_Lock_2
Fra:1 Mem:23.86M (Peak 23.86M) | Time:00:00.79 | Mem:0.00M, Peak:0.00M | Scene, ViewLayer | Synchronizing object | Review_Ground
Fra:1 Mem:23.86M (Peak 23.86M) | Time:00:00.79 | Mem:0.00M, Peak:0.00M | Scene, ViewLayer | Synchronizing object | Tee_Dot_1.275
Fra:1 Mem:23.87M (Peak 23.87M) | Time:00:00.79 | Mem:0.00M, Peak:0.00M | Scene, ViewLayer | Synchronizing object | Tee_Bar
Fra:1 Mem:23.93M (Peak 23.93M) | Time:00:00.79 | Mem:0.00M, Peak:0.00M | Scene, ViewLayer | Initializing
Fra:1 Mem:19.99M (Peak 23.93M) | Time:00:00.80 | Mem:0.00M, Peak:0.00M | Scene, ViewLayer | Updating Images | Loading CHR001_GreyStudy_BaseColor
Fra:1 Mem:20.88M (Peak 28.00M) | Time:00:00.80 | Mem:4.00M, Peak:4.00M | Scene, ViewLayer | Waiting for render to start
Fra:1 Mem:20.88M (Peak 28.00M) | Time:00:00.80 | Mem:4.00M, Peak:4.00M | Scene, ViewLayer | Updating Scene
Fra:1 Mem:20.88M (Peak 28.00M) | Time:00:00.80 | Mem:4.00M, Peak:4.00M | Scene, ViewLayer | Updating Shaders
Fra:1 Mem:20.88M (Peak 28.00M) | Time:00:00.80 | Mem:4.00M, Peak:4.00M | Scene, ViewLayer | Loading render kernels (may take a few minutes the first time)
Fra:1 Mem:20.97M (Peak 28.00M) | Time:00:00.81 | Mem:4.00M, Peak:4.00M | Scene, ViewLayer | Updating Procedurals
Fra:1 Mem:20.97M (Peak 28.00M) | Time:00:00.81 | Mem:4.00M, Peak:4.00M | Scene, ViewLayer | Updating Background
Fra:1 Mem:20.97M (Peak 28.00M) | Time:00:00.81 | Mem:4.00M, Peak:4.00M | Scene, ViewLayer | Updating Camera
Fra:1 Mem:20.97M (Peak 28.00M) | Time:00:00.81 | Mem:4.00M, Peak:4.00M | Scene, ViewLayer | Updating Meshes Flags
Fra:1 Mem:20.97M (Peak 28.00M) | Time:00:00.81 | Mem:4.00M, Peak:4.00M | Scene, ViewLayer | Updating Objects
Fra:1 Mem:20.97M (Peak 28.00M) | Time:00:00.81 | Mem:4.00M, Peak:4.00M | Scene, ViewLayer | Updating Objects | Copying Transformations to device
Fra:1 Mem:20.99M (Peak 28.00M) | Time:00:00.81 | Mem:4.02M, Peak:4.02M | Scene, ViewLayer | Updating Particle Systems
Fra:1 Mem:20.99M (Peak 28.00M) | Time:00:00.81 | Mem:4.02M, Peak:4.02M | Scene, ViewLayer | Updating Particle Systems | Copying Particles to device
Fra:1 Mem:20.99M (Peak 28.00M) | Time:00:00.81 | Mem:4.02M, Peak:4.02M | Scene, ViewLayer | Updating Meshes
Fra:1 Mem:20.99M (Peak 28.00M) | Time:00:00.81 | Mem:4.02M, Peak:4.02M | Scene, ViewLayer | Updating Objects | Applying Static Transformations
Fra:1 Mem:20.99M (Peak 28.00M) | Time:00:00.81 | Mem:4.02M, Peak:4.02M | Scene, ViewLayer | Updating Mesh | Computing attributes
Fra:1 Mem:21.95M (Peak 28.00M) | Time:00:00.81 | Mem:4.03M, Peak:4.03M | Scene, ViewLayer | Updating Mesh | Copying Attributes to device
Fra:1 Mem:21.94M (Peak 28.00M) | Time:00:00.81 | Mem:4.97M, Peak:4.97M | Scene, ViewLayer | Updating Scene BVH | Building
Fra:1 Mem:21.94M (Peak 28.00M) | Time:00:00.81 | Mem:4.97M, Peak:4.97M | Scene, ViewLayer | Updating Scene BVH | Building BVH
Fra:1 Mem:21.94M (Peak 28.00M) | Time:00:00.81 | Mem:5.98M, Peak:5.98M | Scene, ViewLayer | Updating Scene BVH | Building BVH 0%
Fra:1 Mem:21.94M (Peak 28.00M) | Time:00:00.81 | Mem:7.07M, Peak:8.07M | Scene, ViewLayer | Updating Scene BVH | Copying BVH to device
Fra:1 Mem:21.94M (Peak 28.00M) | Time:00:00.81 | Mem:7.07M, Peak:8.07M | Scene, ViewLayer | Updating Mesh | Computing normals
Fra:1 Mem:22.83M (Peak 28.00M) | Time:00:00.81 | Mem:7.07M, Peak:8.07M | Scene, ViewLayer | Updating Mesh | Copying Mesh to device
Fra:1 Mem:22.83M (Peak 28.00M) | Time:00:00.81 | Mem:7.95M, Peak:8.07M | Scene, ViewLayer | Updating Objects Flags
Fra:1 Mem:22.83M (Peak 28.00M) | Time:00:00.81 | Mem:7.96M, Peak:8.07M | Scene, ViewLayer | Updating Primitive Offsets
Fra:1 Mem:22.83M (Peak 28.00M) | Time:00:00.81 | Mem:7.96M, Peak:8.07M | Scene, ViewLayer | Updating Images
Fra:1 Mem:22.83M (Peak 28.00M) | Time:00:00.81 | Mem:7.96M, Peak:8.07M | Scene, ViewLayer | Updating Camera Volume
Fra:1 Mem:22.83M (Peak 28.00M) | Time:00:00.81 | Mem:7.96M, Peak:8.07M | Scene, ViewLayer | Updating Lookup Tables
Fra:1 Mem:22.83M (Peak 28.00M) | Time:00:00.81 | Mem:8.04M, Peak:8.07M | Scene, ViewLayer | Updating Lights
Fra:1 Mem:22.83M (Peak 28.00M) | Time:00:00.81 | Mem:8.04M, Peak:8.07M | Scene, ViewLayer | Updating Lights | Computing tree
Fra:1 Mem:22.83M (Peak 28.00M) | Time:00:00.81 | Mem:8.04M, Peak:8.07M | Scene, ViewLayer | Updating Integrator
Fra:1 Mem:22.83M (Peak 28.00M) | Time:00:00.81 | Mem:8.04M, Peak:8.07M | Scene, ViewLayer | Updating Film
Fra:1 Mem:22.83M (Peak 28.00M) | Time:00:00.81 | Mem:7.96M, Peak:8.07M | Scene, ViewLayer | Updating Lookup Tables
Fra:1 Mem:22.83M (Peak 28.00M) | Time:00:00.81 | Mem:8.04M, Peak:8.07M | Scene, ViewLayer | Updating Baking
Fra:1 Mem:22.83M (Peak 28.00M) | Time:00:00.81 | Mem:8.04M, Peak:8.07M | Scene, ViewLayer | Updating Device | Writing constant memory
Fra:1 Mem:22.84M (Peak 28.00M) | Time:00:00.81 | Mem:8.04M, Peak:8.07M | Scene, ViewLayer | Loading denoising kernels (may take a few minutes the first time)
Fra:1 Mem:22.84M (Peak 28.00M) | Time:00:00.81 | Mem:8.04M, Peak:8.07M | Scene, ViewLayer | Sample 0/24
Fra:1 Mem:73.02M (Peak 73.02M) | Time:00:01.01 | Remaining:00:04.62 | Mem:58.15M, Peak:58.15M | Scene, ViewLayer | Sample 1/24
Fra:1 Mem:94.11M (Peak 125.76M) | Time:00:08.06 | Mem:58.15M, Peak:58.15M | Scene, ViewLayer | Sample 24/24
Fra:1 Mem:94.11M (Peak 125.76M) | Time:00:08.06 | Mem:58.15M, Peak:58.15M | Scene, ViewLayer | Finished
Saved: '/home/lzzz/MyProjects/N-SIDE/output/characters/CHR-001/model-r3/final/full-body.png'
Time: 00:08.12 (Saving: 00:00.06)


Blender quit
