Blender 4.5.14 LTS (hash 62c1db4208e8 built 2026-09-15 01:31:19)
Read blend: "/home/lzzz/MyProjects/N-SIDE/source-assets/characters/CHR-001/model/yao-grey-study.blend"
Fra:1 Mem:19.07M (Peak 19.07M) | Time:00:00.01 | Mem:0.00M, Peak:0.00M | Scene, ViewLayer | Synchronizing object | TShirt
Fra:1 Mem:19.23M (Peak 19.23M) | Time:00:00.02 | Mem:0.00M, Peak:0.00M | Scene, ViewLayer | Synchronizing object | TShirt_Collar
Fra:1 Mem:19.23M (Peak 19.23M) | Time:00:00.02 | Mem:0.00M, Peak:0.00M | Scene, ViewLayer | Synchronizing object | Sleeve_Cuff.L
Fra:1 Mem:19.24M (Peak 19.24M) | Time:00:00.02 | Mem:0.00M, Peak:0.00M | Scene, ViewLayer | Synchronizing object | Hood_Cord.L
Fra:1 Mem:19.36M (Peak 19.36M) | Time:00:00.04 | Mem:0.00M, Peak:0.00M | Scene, ViewLayer | Synchronizing object | Palm.L
Fra:1 Mem:19.36M (Peak 19.36M) | Time:00:00.04 | Mem:0.00M, Peak:0.00M | Scene, ViewLayer | Synchronizing object | Middle_Mesh.L
Fra:1 Mem:19.36M (Peak 19.36M) | Time:00:00.04 | Mem:0.00M, Peak:0.00M | Scene, ViewLayer | Synchronizing object | Ring_Mesh.L
Fra:1 Mem:19.37M (Peak 19.37M) | Time:00:00.04 | Mem:0.00M, Peak:0.00M | Scene, ViewLayer | Synchronizing object | Pinky_Mesh.L
Fra:1 Mem:19.41M (Peak 19.41M) | Time:00:00.04 | Mem:0.00M, Peak:0.00M | Scene, ViewLayer | Synchronizing object | Thumb_Mesh.L
Fra:1 Mem:19.62M (Peak 19.62M) | Time:00:00.10 | Mem:0.00M, Peak:0.00M | Scene, ViewLayer | Synchronizing object | Trousers.L
Fra:1 Mem:19.62M (Peak 19.62M) | Time:00:00.10 | Mem:0.00M, Peak:0.00M | Scene, ViewLayer | Synchronizing object | Sneaker_Sole.L
Fra:1 Mem:19.65M (Peak 19.65M) | Time:00:00.10 | Mem:0.00M, Peak:0.00M | Scene, ViewLayer | Synchronizing object | Sock.L
Fra:1 Mem:19.72M (Peak 19.72M) | Time:00:00.10 | Mem:0.00M, Peak:0.00M | Scene, ViewLayer | Synchronizing object | Lace_0.L
Fra:1 Mem:19.81M (Peak 19.81M) | Time:00:00.10 | Mem:0.00M, Peak:0.00M | Scene, ViewLayer | Synchronizing object | Lace_1.L
Fra:1 Mem:19.86M (Peak 19.86M) | Time:00:00.10 | Mem:0.00M, Peak:0.00M | Scene, ViewLayer | Synchronizing object | Heel_Tab.L
Fra:1 Mem:19.85M (Peak 19.86M) | Time:00:00.10 | Mem:0.00M, Peak:0.00M | Scene, ViewLayer | Synchronizing object | Sleeve_Cuff.R
Fra:1 Mem:19.86M (Peak 19.86M) | Time:00:00.10 | Mem:0.00M, Peak:0.00M | Scene, ViewLayer | Synchronizing object | Zip_Tape.R
Fra:1 Mem:19.86M (Peak 19.86M) | Time:00:00.10 | Mem:0.00M, Peak:0.00M | Scene, ViewLayer | Synchronizing object | Hood_Cord.R
Fra:1 Mem:19.99M (Peak 19.99M) | Time:00:00.12 | Mem:0.00M, Peak:0.00M | Scene, ViewLayer | Synchronizing object | Palm.R
Fra:1 Mem:20.00M (Peak 20.00M) | Time:00:00.12 | Mem:0.00M, Peak:0.00M | Scene, ViewLayer | Synchronizing object | Index_Mesh.R
Fra:1 Mem:20.01M (Peak 20.01M) | Time:00:00.12 | Mem:0.00M, Peak:0.00M | Scene, ViewLayer | Synchronizing object | Middle_Mesh.R
Fra:1 Mem:20.03M (Peak 20.03M) | Time:00:00.12 | Mem:0.00M, Peak:0.00M | Scene, ViewLayer | Synchronizing object | Ring_Mesh.R
Fra:1 Mem:20.04M (Peak 20.04M) | Time:00:00.12 | Mem:0.00M, Peak:0.00M | Scene, ViewLayer | Synchronizing object | Pinky_Mesh.R
Fra:1 Mem:20.06M (Peak 20.06M) | Time:00:00.12 | Mem:0.00M, Peak:0.00M | Scene, ViewLayer | Synchronizing object | Thumb_Mesh.R
Fra:1 Mem:20.25M (Peak 20.25M) | Time:00:00.19 | Mem:0.00M, Peak:0.00M | Scene, ViewLayer | Synchronizing object | Trousers.R
Fra:1 Mem:20.25M (Peak 20.25M) | Time:00:00.19 | Mem:0.00M, Peak:0.00M | Scene, ViewLayer | Synchronizing object | Sneaker_Sole.R
Fra:1 Mem:20.28M (Peak 20.28M) | Time:00:00.19 | Mem:0.00M, Peak:0.00M | Scene, ViewLayer | Synchronizing object | Sock.R
Fra:1 Mem:20.44M (Peak 20.44M) | Time:00:00.19 | Mem:0.00M, Peak:0.00M | Scene, ViewLayer | Synchronizing object | Lace_0.R
Fra:1 Mem:20.46M (Peak 20.46M) | Time:00:00.19 | Mem:0.00M, Peak:0.00M | Scene, ViewLayer | Synchronizing object | Lace_1.R
Fra:1 Mem:20.49M (Peak 20.49M) | Time:00:00.19 | Mem:0.00M, Peak:0.00M | Scene, ViewLayer | Synchronizing object | Lace_3.R
Fra:1 Mem:20.50M (Peak 20.50M) | Time:00:00.19 | Mem:0.00M, Peak:0.00M | Scene, ViewLayer | Synchronizing object | Heel_Tab.R
Fra:1 Mem:21.15M (Peak 21.15M) | Time:00:00.25 | Mem:0.00M, Peak:0.00M | Scene, ViewLayer | Synchronizing object | Jacket_ContinuousShoulders
Fra:1 Mem:22.30M (Peak 22.30M) | Time:00:00.72 | Mem:0.00M, Peak:0.00M | Scene, ViewLayer | Synchronizing object | Face_Head
Fra:1 Mem:22.84M (Peak 22.84M) | Time:00:00.73 | Mem:0.00M, Peak:0.00M | Scene, ViewLayer | Synchronizing object | Ear.L
Fra:1 Mem:22.84M (Peak 22.84M) | Time:00:00.73 | Mem:0.00M, Peak:0.00M | Scene, ViewLayer | Synchronizing object | Ear_Fold.L
Fra:1 Mem:22.92M (Peak 22.92M) | Time:00:00.74 | Mem:0.00M, Peak:0.00M | Scene, ViewLayer | Synchronizing object | Ear.R
Fra:1 Mem:22.93M (Peak 22.93M) | Time:00:00.74 | Mem:0.00M, Peak:0.00M | Scene, ViewLayer | Synchronizing object | Eye_White.L
Fra:1 Mem:22.95M (Peak 22.95M) | Time:00:00.74 | Mem:0.00M, Peak:0.00M | Scene, ViewLayer | Synchronizing object | Iris_hair.L
Fra:1 Mem:22.98M (Peak 22.98M) | Time:00:00.74 | Mem:0.00M, Peak:0.00M | Scene, ViewLayer | Synchronizing object | Iris_ink.L
Fra:1 Mem:23.00M (Peak 23.00M) | Time:00:00.74 | Mem:0.00M, Peak:0.00M | Scene, ViewLayer | Synchronizing object | Eye_Glint.L
Fra:1 Mem:23.00M (Peak 23.00M) | Time:00:00.74 | Mem:0.00M, Peak:0.00M | Scene, ViewLayer | Synchronizing object | Upper_Lid.L
Fra:1 Mem:23.00M (Peak 23.00M) | Time:00:00.74 | Mem:0.00M, Peak:0.00M | Scene, ViewLayer | Synchronizing object | Eye_White.R
Fra:1 Mem:23.03M (Peak 23.03M) | Time:00:00.74 | Mem:0.00M, Peak:0.00M | Scene, ViewLayer | Synchronizing object | Iris_hair.R
Fra:1 Mem:23.04M (Peak 23.04M) | Time:00:00.74 | Mem:0.00M, Peak:0.00M | Scene, ViewLayer | Synchronizing object | Iris_ink.R
Fra:1 Mem:23.05M (Peak 23.05M) | Time:00:00.74 | Mem:0.00M, Peak:0.00M | Scene, ViewLayer | Synchronizing object | Eye_Glint.R
Fra:1 Mem:23.05M (Peak 23.05M) | Time:00:00.74 | Mem:0.00M, Peak:0.00M | Scene, ViewLayer | Synchronizing object | Upper_Lid.R
Fra:1 Mem:23.06M (Peak 23.06M) | Time:00:00.74 | Mem:0.00M, Peak:0.00M | Scene, ViewLayer | Synchronizing object | Lower_Lid.R
Fra:1 Mem:23.07M (Peak 23.07M) | Time:00:00.74 | Mem:0.00M, Peak:0.00M | Scene, ViewLayer | Synchronizing object | Eyebrow.R
Fra:1 Mem:23.07M (Peak 23.07M) | Time:00:00.74 | Mem:0.00M, Peak:0.00M | Scene, ViewLayer | Synchronizing object | Nose
Fra:1 Mem:23.09M (Peak 23.09M) | Time:00:00.74 | Mem:0.00M, Peak:0.00M | Scene, ViewLayer | Synchronizing object | Mouth
Fra:1 Mem:23.21M (Peak 23.21M) | Time:00:01.17 | Mem:0.00M, Peak:0.00M | Scene, ViewLayer | Synchronizing object | Review_Rim
Fra:1 Mem:23.21M (Peak 23.21M) | Time:00:01.17 | Mem:0.00M, Peak:0.00M | Scene, ViewLayer | Synchronizing object | Review_Fill
Fra:1 Mem:23.21M (Peak 23.21M) | Time:00:01.17 | Mem:0.00M, Peak:0.00M | Scene, ViewLayer | Synchronizing object | Review_Key
Fra:1 Mem:23.21M (Peak 23.21M) | Time:00:01.17 | Mem:0.00M, Peak:0.00M | Scene, ViewLayer | Synchronizing object | Review_Ground
Fra:1 Mem:23.22M (Peak 23.22M) | Time:00:01.17 | Mem:0.00M, Peak:0.00M | Scene, ViewLayer | Synchronizing object | Tee_Bar
Fra:1 Mem:23.22M (Peak 23.22M) | Time:00:01.17 | Mem:0.00M, Peak:0.00M | Scene, ViewLayer | Synchronizing object | Tee_Dot_1.246
Fra:1 Mem:23.22M (Peak 23.22M) | Time:00:01.17 | Mem:0.00M, Peak:0.00M | Scene, ViewLayer | Synchronizing object | Tee_Dot_1.275
Fra:1 Mem:23.23M (Peak 23.23M) | Time:00:01.17 | Mem:0.00M, Peak:0.00M | Scene, ViewLayer | Synchronizing object | Back_Lock_4
Fra:1 Mem:23.25M (Peak 23.25M) | Time:00:01.17 | Mem:0.00M, Peak:0.00M | Scene, ViewLayer | Synchronizing object | Back_Lock_3
Fra:1 Mem:23.26M (Peak 23.26M) | Time:00:01.17 | Mem:0.00M, Peak:0.00M | Scene, ViewLayer | Synchronizing object | Hair_Cap
Fra:1 Mem:23.27M (Peak 23.27M) | Time:00:01.17 | Mem:0.00M, Peak:0.00M | Scene, ViewLayer | Synchronizing object | Back_Lock_2
Fra:1 Mem:23.37M (Peak 23.37M) | Time:00:01.17 | Mem:0.00M, Peak:0.00M | Scene, ViewLayer | Synchronizing object | Crown_0.R
Fra:1 Mem:23.43M (Peak 23.43M) | Time:00:01.17 | Mem:0.00M, Peak:0.00M | Scene, ViewLayer | Synchronizing object | Crown_0.L
Fra:1 Mem:23.44M (Peak 23.44M) | Time:00:01.17 | Mem:0.00M, Peak:0.00M | Scene, ViewLayer | Synchronizing object | Nape_2.R
Fra:1 Mem:23.46M (Peak 23.46M) | Time:00:01.17 | Mem:0.00M, Peak:0.00M | Scene, ViewLayer | Synchronizing object | Nape_1.R
Fra:1 Mem:23.54M (Peak 23.54M) | Time:00:01.18 | Mem:0.00M, Peak:0.00M | Scene, ViewLayer | Synchronizing object | Nape_0.R
Fra:1 Mem:23.60M (Peak 23.60M) | Time:00:01.18 | Mem:0.00M, Peak:0.00M | Scene, ViewLayer | Synchronizing object | Temple_2.R
Fra:1 Mem:23.58M (Peak 23.60M) | Time:00:01.18 | Mem:0.00M, Peak:0.00M | Scene, ViewLayer | Synchronizing object | Bangs_00
Fra:1 Mem:23.58M (Peak 23.60M) | Time:00:01.18 | Mem:0.00M, Peak:0.00M | Scene, ViewLayer | Synchronizing object | Temple_1.R
Fra:1 Mem:23.62M (Peak 23.62M) | Time:00:01.18 | Mem:0.00M, Peak:0.00M | Scene, ViewLayer | Synchronizing object | Temple_0.R
Fra:1 Mem:23.63M (Peak 23.63M) | Time:00:01.18 | Mem:0.00M, Peak:0.00M | Scene, ViewLayer | Synchronizing object | Bangs_01
Fra:1 Mem:23.66M (Peak 23.66M) | Time:00:01.18 | Mem:0.00M, Peak:0.00M | Scene, ViewLayer | Synchronizing object | Nape_2.L
Fra:1 Mem:23.67M (Peak 23.67M) | Time:00:01.18 | Mem:0.00M, Peak:0.00M | Scene, ViewLayer | Synchronizing object | Bangs_02
Fra:1 Mem:23.70M (Peak 23.70M) | Time:00:01.18 | Mem:0.00M, Peak:0.00M | Scene, ViewLayer | Synchronizing object | Nape_1.L
Fra:1 Mem:23.72M (Peak 23.72M) | Time:00:01.18 | Mem:0.00M, Peak:0.00M | Scene, ViewLayer | Synchronizing object | Nape_0.L
Fra:1 Mem:23.74M (Peak 23.74M) | Time:00:01.18 | Mem:0.00M, Peak:0.00M | Scene, ViewLayer | Synchronizing object | Temple_2.L
Fra:1 Mem:23.76M (Peak 23.76M) | Time:00:01.18 | Mem:0.00M, Peak:0.00M | Scene, ViewLayer | Synchronizing object | Bangs_03
Fra:1 Mem:23.76M (Peak 23.76M) | Time:00:01.18 | Mem:0.00M, Peak:0.00M | Scene, ViewLayer | Synchronizing object | Temple_1.L
Fra:1 Mem:23.80M (Peak 23.80M) | Time:00:01.18 | Mem:0.00M, Peak:0.00M | Scene, ViewLayer | Synchronizing object | Temple_0.L
Fra:1 Mem:23.82M (Peak 23.82M) | Time:00:01.18 | Mem:0.00M, Peak:0.00M | Scene, ViewLayer | Synchronizing object | Bangs_05
Fra:1 Mem:23.84M (Peak 23.84M) | Time:00:01.18 | Mem:0.00M, Peak:0.00M | Scene, ViewLayer | Synchronizing object | Bangs_04
Fra:1 Mem:23.86M (Peak 23.86M) | Time:00:01.18 | Mem:0.00M, Peak:0.00M | Scene, ViewLayer | Initializing
Fra:1 Mem:19.96M (Peak 23.86M) | Time:00:01.18 | Mem:0.00M, Peak:0.00M | Scene, ViewLayer | Updating Images | Loading CHR001_GreyStudy_BaseColor
Fra:1 Mem:20.85M (Peak 27.97M) | Time:00:01.22 | Mem:4.00M, Peak:4.00M | Scene, ViewLayer | Waiting for render to start
Fra:1 Mem:20.85M (Peak 27.97M) | Time:00:01.22 | Mem:4.00M, Peak:4.00M | Scene, ViewLayer | Updating Scene
Fra:1 Mem:20.85M (Peak 27.97M) | Time:00:01.22 | Mem:4.00M, Peak:4.00M | Scene, ViewLayer | Updating Shaders
Fra:1 Mem:20.85M (Peak 27.97M) | Time:00:01.22 | Mem:4.00M, Peak:4.00M | Scene, ViewLayer | Loading render kernels (may take a few minutes the first time)
Fra:1 Mem:20.94M (Peak 27.97M) | Time:00:01.22 | Mem:4.00M, Peak:4.00M | Scene, ViewLayer | Updating Procedurals
Fra:1 Mem:20.94M (Peak 27.97M) | Time:00:01.22 | Mem:4.00M, Peak:4.00M | Scene, ViewLayer | Updating Background
Fra:1 Mem:20.94M (Peak 27.97M) | Time:00:01.22 | Mem:4.00M, Peak:4.00M | Scene, ViewLayer | Updating Camera
Fra:1 Mem:20.94M (Peak 27.97M) | Time:00:01.22 | Mem:4.00M, Peak:4.00M | Scene, ViewLayer | Updating Meshes Flags
Fra:1 Mem:20.94M (Peak 27.97M) | Time:00:01.22 | Mem:4.00M, Peak:4.00M | Scene, ViewLayer | Updating Objects
Fra:1 Mem:20.94M (Peak 27.97M) | Time:00:01.22 | Mem:4.00M, Peak:4.00M | Scene, ViewLayer | Updating Objects | Copying Transformations to device
Fra:1 Mem:20.96M (Peak 27.97M) | Time:00:01.22 | Mem:4.02M, Peak:4.02M | Scene, ViewLayer | Updating Particle Systems
Fra:1 Mem:20.96M (Peak 27.97M) | Time:00:01.22 | Mem:4.02M, Peak:4.02M | Scene, ViewLayer | Updating Particle Systems | Copying Particles to device
Fra:1 Mem:20.96M (Peak 27.97M) | Time:00:01.22 | Mem:4.02M, Peak:4.02M | Scene, ViewLayer | Updating Meshes
Fra:1 Mem:20.96M (Peak 27.97M) | Time:00:01.22 | Mem:4.02M, Peak:4.02M | Scene, ViewLayer | Updating Objects | Applying Static Transformations
Fra:1 Mem:20.96M (Peak 27.97M) | Time:00:01.22 | Mem:4.02M, Peak:4.02M | Scene, ViewLayer | Updating Mesh | Computing attributes
Fra:1 Mem:21.91M (Peak 27.97M) | Time:00:01.22 | Mem:4.03M, Peak:4.03M | Scene, ViewLayer | Updating Mesh | Copying Attributes to device
Fra:1 Mem:21.90M (Peak 27.97M) | Time:00:01.22 | Mem:4.96M, Peak:4.96M | Scene, ViewLayer | Updating Scene BVH | Building
Fra:1 Mem:21.90M (Peak 27.97M) | Time:00:01.22 | Mem:4.96M, Peak:4.96M | Scene, ViewLayer | Updating Scene BVH | Building BVH
Fra:1 Mem:21.90M (Peak 27.97M) | Time:00:01.22 | Mem:5.96M, Peak:5.96M | Scene, ViewLayer | Updating Scene BVH | Building BVH 0%
Fra:1 Mem:21.90M (Peak 27.97M) | Time:00:01.23 | Mem:7.04M, Peak:8.03M | Scene, ViewLayer | Updating Scene BVH | Copying BVH to device
Fra:1 Mem:21.90M (Peak 27.97M) | Time:00:01.23 | Mem:7.04M, Peak:8.03M | Scene, ViewLayer | Updating Mesh | Computing normals
Fra:1 Mem:22.78M (Peak 27.97M) | Time:00:01.23 | Mem:7.04M, Peak:8.03M | Scene, ViewLayer | Updating Mesh | Copying Mesh to device
Fra:1 Mem:22.78M (Peak 27.97M) | Time:00:01.23 | Mem:7.91M, Peak:8.03M | Scene, ViewLayer | Updating Objects Flags
Fra:1 Mem:22.78M (Peak 27.97M) | Time:00:01.23 | Mem:7.91M, Peak:8.03M | Scene, ViewLayer | Updating Primitive Offsets
Fra:1 Mem:22.78M (Peak 27.97M) | Time:00:01.23 | Mem:7.91M, Peak:8.03M | Scene, ViewLayer | Updating Images
Fra:1 Mem:22.78M (Peak 27.97M) | Time:00:01.23 | Mem:7.91M, Peak:8.03M | Scene, ViewLayer | Updating Camera Volume
Fra:1 Mem:22.78M (Peak 27.97M) | Time:00:01.23 | Mem:7.91M, Peak:8.03M | Scene, ViewLayer | Updating Lookup Tables
Fra:1 Mem:22.78M (Peak 27.97M) | Time:00:01.23 | Mem:8.00M, Peak:8.03M | Scene, ViewLayer | Updating Lights
Fra:1 Mem:22.78M (Peak 27.97M) | Time:00:01.23 | Mem:8.00M, Peak:8.03M | Scene, ViewLayer | Updating Lights | Computing tree
Fra:1 Mem:22.78M (Peak 27.97M) | Time:00:01.23 | Mem:8.00M, Peak:8.03M | Scene, ViewLayer | Updating Integrator
Fra:1 Mem:22.78M (Peak 27.97M) | Time:00:01.23 | Mem:8.00M, Peak:8.03M | Scene, ViewLayer | Updating Film
Fra:1 Mem:22.78M (Peak 27.97M) | Time:00:01.23 | Mem:7.92M, Peak:8.03M | Scene, ViewLayer | Updating Lookup Tables
Fra:1 Mem:22.78M (Peak 27.97M) | Time:00:01.23 | Mem:8.00M, Peak:8.03M | Scene, ViewLayer | Updating Baking
Fra:1 Mem:22.78M (Peak 27.97M) | Time:00:01.23 | Mem:8.00M, Peak:8.03M | Scene, ViewLayer | Updating Device | Writing constant memory
Fra:1 Mem:22.79M (Peak 27.97M) | Time:00:01.23 | Mem:8.00M, Peak:8.03M | Scene, ViewLayer | Loading denoising kernels (may take a few minutes the first time)
Fra:1 Mem:22.79M (Peak 27.97M) | Time:00:01.23 | Mem:8.00M, Peak:8.03M | Scene, ViewLayer | Sample 0/24
Fra:1 Mem:72.97M (Peak 72.97M) | Time:00:01.59 | Remaining:00:08.32 | Mem:58.11M, Peak:58.11M | Scene, ViewLayer | Sample 1/24
Fra:1 Mem:94.06M (Peak 125.71M) | Time:00:10.34 | Mem:58.11M, Peak:58.11M | Scene, ViewLayer | Sample 24/24
Fra:1 Mem:94.06M (Peak 125.71M) | Time:00:10.34 | Mem:58.11M, Peak:58.11M | Scene, ViewLayer | Finished
Saved: '/home/lzzz/MyProjects/N-SIDE/output/characters/CHR-001/model-r3/first/face-front.png'
Time: 00:10.39 (Saving: 00:00.05)

Fra:1 Mem:19.18M (Peak 19.18M) | Time:00:00.00 | Mem:0.00M, Peak:0.00M | Scene, ViewLayer | Synchronizing object | TShirt
Fra:1 Mem:19.34M (Peak 19.34M) | Time:00:00.01 | Mem:0.00M, Peak:0.00M | Scene, ViewLayer | Synchronizing object | TShirt_Collar
Fra:1 Mem:19.34M (Peak 19.34M) | Time:00:00.01 | Mem:0.00M, Peak:0.00M | Scene, ViewLayer | Synchronizing object | Hood
Fra:1 Mem:19.35M (Peak 19.35M) | Time:00:00.01 | Mem:0.00M, Peak:0.00M | Scene, ViewLayer | Synchronizing object | Zip_Tape.L
Fra:1 Mem:19.36M (Peak 19.36M) | Time:00:00.01 | Mem:0.00M, Peak:0.00M | Scene, ViewLayer | Synchronizing object | Hood_Cord.L
Fra:1 Mem:19.47M (Peak 19.47M) | Time:00:00.02 | Mem:0.00M, Peak:0.00M | Scene, ViewLayer | Synchronizing object | Palm.L
Fra:1 Mem:19.47M (Peak 19.47M) | Time:00:00.02 | Mem:0.00M, Peak:0.00M | Scene, ViewLayer | Synchronizing object | Ring_Mesh.L
Fra:1 Mem:19.52M (Peak 19.52M) | Time:00:00.02 | Mem:0.00M, Peak:0.00M | Scene, ViewLayer | Synchronizing object | Pinky_Mesh.L
Fra:1 Mem:19.52M (Peak 19.52M) | Time:00:00.02 | Mem:0.00M, Peak:0.00M | Scene, ViewLayer | Synchronizing object | Thumb_Mesh.L
Fra:1 Mem:19.72M (Peak 19.72M) | Time:00:00.05 | Mem:0.00M, Peak:0.00M | Scene, ViewLayer | Synchronizing object | Trousers.L
Fra:1 Mem:19.72M (Peak 19.72M) | Time:00:00.05 | Mem:0.00M, Peak:0.00M | Scene, ViewLayer | Synchronizing object | Sock.L
Fra:1 Mem:19.75M (Peak 19.75M) | Time:00:00.05 | Mem:0.00M, Peak:0.00M | Scene, ViewLayer | Synchronizing object | Lace_0.L
Fra:1 Mem:19.92M (Peak 19.92M) | Time:00:00.05 | Mem:0.00M, Peak:0.00M | Scene, ViewLayer | Synchronizing object | Lace_1.L
Fra:1 Mem:19.94M (Peak 19.94M) | Time:00:00.05 | Mem:0.00M, Peak:0.00M | Scene, ViewLayer | Synchronizing object | Lace_3.L
Fra:1 Mem:19.94M (Peak 19.94M) | Time:00:00.05 | Mem:0.00M, Peak:0.00M | Scene, ViewLayer | Synchronizing object | Heel_Tab.L
Fra:1 Mem:19.94M (Peak 19.94M) | Time:00:00.05 | Mem:0.00M, Peak:0.00M | Scene, ViewLayer | Synchronizing object | Sleeve_Cuff.R
Fra:1 Mem:19.95M (Peak 19.95M) | Time:00:00.05 | Mem:0.00M, Peak:0.00M | Scene, ViewLayer | Synchronizing object | Zip_Tape.R
Fra:1 Mem:19.96M (Peak 19.96M) | Time:00:00.05 | Mem:0.00M, Peak:0.00M | Scene, ViewLayer | Synchronizing object | Hood_Cord.R
Fra:1 Mem:20.08M (Peak 20.08M) | Time:00:00.07 | Mem:0.00M, Peak:0.00M | Scene, ViewLayer | Synchronizing object | Palm.R
Fra:1 Mem:20.09M (Peak 20.09M) | Time:00:00.07 | Mem:0.00M, Peak:0.00M | Scene, ViewLayer | Synchronizing object | Middle_Mesh.R
Fra:1 Mem:20.11M (Peak 20.11M) | Time:00:00.07 | Mem:0.00M, Peak:0.00M | Scene, ViewLayer | Synchronizing object | Pinky_Mesh.R
Fra:1 Mem:20.14M (Peak 20.14M) | Time:00:00.07 | Mem:0.00M, Peak:0.00M | Scene, ViewLayer | Synchronizing object | Thumb_Mesh.R
Fra:1 Mem:20.34M (Peak 20.34M) | Time:00:00.10 | Mem:0.00M, Peak:0.00M | Scene, ViewLayer | Synchronizing object | Trousers.R
Fra:1 Mem:20.34M (Peak 20.34M) | Time:00:00.10 | Mem:0.00M, Peak:0.00M | Scene, ViewLayer | Synchronizing object | Sneaker_Sole.R
Fra:1 Mem:20.37M (Peak 20.37M) | Time:00:00.10 | Mem:0.00M, Peak:0.00M | Scene, ViewLayer | Synchronizing object | Sneaker_Upper.R
Fra:1 Mem:20.46M (Peak 20.46M) | Time:00:00.10 | Mem:0.00M, Peak:0.00M | Scene, ViewLayer | Synchronizing object | Sock.R
Fra:1 Mem:20.52M (Peak 20.52M) | Time:00:00.10 | Mem:0.00M, Peak:0.00M | Scene, ViewLayer | Synchronizing object | Lace_0.R
Fra:1 Mem:20.55M (Peak 20.55M) | Time:00:00.10 | Mem:0.00M, Peak:0.00M | Scene, ViewLayer | Synchronizing object | Lace_1.R
Fra:1 Mem:20.55M (Peak 20.55M) | Time:00:00.10 | Mem:0.00M, Peak:0.00M | Scene, ViewLayer | Synchronizing object | Lace_3.R
Fra:1 Mem:20.58M (Peak 20.58M) | Time:00:00.10 | Mem:0.00M, Peak:0.00M | Scene, ViewLayer | Synchronizing object | Heel_Tab.R
Fra:1 Mem:21.23M (Peak 21.23M) | Time:00:00.14 | Mem:0.00M, Peak:0.00M | Scene, ViewLayer | Synchronizing object | Jacket_ContinuousShoulders
Fra:1 Mem:22.38M (Peak 22.38M) | Time:00:00.54 | Mem:0.00M, Peak:0.00M | Scene, ViewLayer | Synchronizing object | Face_Head
Fra:1 Mem:22.92M (Peak 22.92M) | Time:00:00.55 | Mem:0.00M, Peak:0.00M | Scene, ViewLayer | Synchronizing object | Ear.L
Fra:1 Mem:22.93M (Peak 22.93M) | Time:00:00.55 | Mem:0.00M, Peak:0.00M | Scene, ViewLayer | Synchronizing object | Ear_Fold.L
Fra:1 Mem:23.00M (Peak 23.00M) | Time:00:00.56 | Mem:0.00M, Peak:0.00M | Scene, ViewLayer | Synchronizing object | Ear.R
Fra:1 Mem:23.00M (Peak 23.00M) | Time:00:00.56 | Mem:0.00M, Peak:0.00M | Scene, ViewLayer | Synchronizing object | Eye_White.L
Fra:1 Mem:23.01M (Peak 23.01M) | Time:00:00.56 | Mem:0.00M, Peak:0.00M | Scene, ViewLayer | Synchronizing object | Iris_hair.L
Fra:1 Mem:23.04M (Peak 23.04M) | Time:00:00.56 | Mem:0.00M, Peak:0.00M | Scene, ViewLayer | Synchronizing object | Iris_ink.L
Fra:1 Mem:23.04M (Peak 23.04M) | Time:00:00.56 | Mem:0.00M, Peak:0.00M | Scene, ViewLayer | Synchronizing object | Eye_Glint.L
Fra:1 Mem:23.05M (Peak 23.05M) | Time:00:00.56 | Mem:0.00M, Peak:0.00M | Scene, ViewLayer | Synchronizing object | Upper_Lid.L
Fra:1 Mem:23.09M (Peak 23.09M) | Time:00:00.56 | Mem:0.00M, Peak:0.00M | Scene, ViewLayer | Synchronizing object | Lower_Lid.L
Fra:1 Mem:23.09M (Peak 23.09M) | Time:00:00.56 | Mem:0.00M, Peak:0.00M | Scene, ViewLayer | Synchronizing object | Iris_hair.R
Fra:1 Mem:23.10M (Peak 23.10M) | Time:00:00.56 | Mem:0.00M, Peak:0.00M | Scene, ViewLayer | Synchronizing object | Iris_ink.R
Fra:1 Mem:23.11M (Peak 23.11M) | Time:00:00.56 | Mem:0.00M, Peak:0.00M | Scene, ViewLayer | Synchronizing object | Eye_Glint.R
Fra:1 Mem:23.13M (Peak 23.13M) | Time:00:00.56 | Mem:0.00M, Peak:0.00M | Scene, ViewLayer | Synchronizing object | Lower_Lid.R
Fra:1 Mem:23.13M (Peak 23.13M) | Time:00:00.56 | Mem:0.00M, Peak:0.00M | Scene, ViewLayer | Synchronizing object | Eyebrow.R
Fra:1 Mem:23.14M (Peak 23.14M) | Time:00:00.56 | Mem:0.00M, Peak:0.00M | Scene, ViewLayer | Synchronizing object | Nose
Fra:1 Mem:23.14M (Peak 23.14M) | Time:00:00.56 | Mem:0.00M, Peak:0.00M | Scene, ViewLayer | Synchronizing object | Mouth
Fra:1 Mem:23.27M (Peak 23.27M) | Time:00:00.79 | Mem:0.00M, Peak:0.00M | Scene, ViewLayer | Synchronizing object | Hair_Cap
Fra:1 Mem:23.27M (Peak 23.27M) | Time:00:00.79 | Mem:0.00M, Peak:0.00M | Scene, ViewLayer | Synchronizing object | Bangs_02
Fra:1 Mem:23.29M (Peak 23.29M) | Time:00:00.79 | Mem:0.00M, Peak:0.00M | Scene, ViewLayer | Synchronizing object | Bangs_03
Fra:1 Mem:23.43M (Peak 23.43M) | Time:00:00.79 | Mem:0.00M, Peak:0.00M | Scene, ViewLayer | Synchronizing object | Bangs_04
Fra:1 Mem:23.47M (Peak 23.47M) | Time:00:00.79 | Mem:0.00M, Peak:0.00M | Scene, ViewLayer | Synchronizing object | Bangs_05
Fra:1 Mem:23.48M (Peak 23.48M) | Time:00:00.79 | Mem:0.00M, Peak:0.00M | Scene, ViewLayer | Synchronizing object | Temple_0.L
Fra:1 Mem:23.49M (Peak 23.49M) | Time:00:00.79 | Mem:0.00M, Peak:0.00M | Scene, ViewLayer | Synchronizing object | Temple_1.L
Fra:1 Mem:23.51M (Peak 23.51M) | Time:00:00.79 | Mem:0.00M, Peak:0.00M | Scene, ViewLayer | Synchronizing object | Review_Rim
Fra:1 Mem:23.53M (Peak 23.53M) | Time:00:00.79 | Mem:0.00M, Peak:0.00M | Scene, ViewLayer | Synchronizing object | Nape_0.L
Fra:1 Mem:23.54M (Peak 23.54M) | Time:00:00.79 | Mem:0.00M, Peak:0.00M | Scene, ViewLayer | Synchronizing object | Review_Fill
Fra:1 Mem:23.55M (Peak 23.55M) | Time:00:00.79 | Mem:0.00M, Peak:0.00M | Scene, ViewLayer | Synchronizing object | Review_Key
Fra:1 Mem:23.56M (Peak 23.56M) | Time:00:00.79 | Mem:0.00M, Peak:0.00M | Scene, ViewLayer | Synchronizing object | Review_Ground
Fra:1 Mem:23.58M (Peak 23.58M) | Time:00:00.79 | Mem:0.00M, Peak:0.00M | Scene, ViewLayer | Synchronizing object | Temple_0.R
Fra:1 Mem:23.59M (Peak 23.59M) | Time:00:00.79 | Mem:0.00M, Peak:0.00M | Scene, ViewLayer | Synchronizing object | Temple_1.R
Fra:1 Mem:23.67M (Peak 23.67M) | Time:00:00.79 | Mem:0.00M, Peak:0.00M | Scene, ViewLayer | Synchronizing object | Tee_Dot_1.246
Fra:1 Mem:23.69M (Peak 23.69M) | Time:00:00.79 | Mem:0.00M, Peak:0.00M | Scene, ViewLayer | Synchronizing object | Temple_2.R
Fra:1 Mem:23.70M (Peak 23.70M) | Time:00:00.79 | Mem:0.00M, Peak:0.00M | Scene, ViewLayer | Synchronizing object | Nape_0.R
Fra:1 Mem:23.72M (Peak 23.72M) | Time:00:00.79 | Mem:0.00M, Peak:0.00M | Scene, ViewLayer | Synchronizing object | Tee_Dot_1.275
Fra:1 Mem:23.79M (Peak 23.79M) | Time:00:00.79 | Mem:0.00M, Peak:0.00M | Scene, ViewLayer | Synchronizing object | Nape_2.R
Fra:1 Mem:23.79M (Peak 23.79M) | Time:00:00.79 | Mem:0.00M, Peak:0.00M | Scene, ViewLayer | Synchronizing object | Back_Lock_4
Fra:1 Mem:23.81M (Peak 23.81M) | Time:00:00.79 | Mem:0.00M, Peak:0.00M | Scene, ViewLayer | Synchronizing object | Crown_0.L
Fra:1 Mem:23.82M (Peak 23.82M) | Time:00:00.79 | Mem:0.00M, Peak:0.00M | Scene, ViewLayer | Synchronizing object | Crown_0.R
Fra:1 Mem:23.79M (Peak 23.82M) | Time:00:00.79 | Mem:0.00M, Peak:0.00M | Scene, ViewLayer | Synchronizing object | Back_Lock_3
Fra:1 Mem:23.86M (Peak 23.86M) | Time:00:00.79 | Mem:0.00M, Peak:0.00M | Scene, ViewLayer | Initializing
Fra:1 Mem:19.96M (Peak 23.86M) | Time:00:00.79 | Mem:0.00M, Peak:0.00M | Scene, ViewLayer | Updating Images | Loading CHR001_GreyStudy_BaseColor
Fra:1 Mem:20.85M (Peak 27.97M) | Time:00:00.80 | Mem:4.00M, Peak:4.00M | Scene, ViewLayer | Waiting for render to start
Fra:1 Mem:20.85M (Peak 27.97M) | Time:00:00.80 | Mem:4.00M, Peak:4.00M | Scene, ViewLayer | Updating Scene
Fra:1 Mem:20.85M (Peak 27.97M) | Time:00:00.80 | Mem:4.00M, Peak:4.00M | Scene, ViewLayer | Updating Shaders
Fra:1 Mem:20.85M (Peak 27.97M) | Time:00:00.80 | Mem:4.00M, Peak:4.00M | Scene, ViewLayer | Loading render kernels (may take a few minutes the first time)
Fra:1 Mem:20.94M (Peak 27.97M) | Time:00:00.80 | Mem:4.00M, Peak:4.00M | Scene, ViewLayer | Updating Procedurals
Fra:1 Mem:20.94M (Peak 27.97M) | Time:00:00.80 | Mem:4.00M, Peak:4.00M | Scene, ViewLayer | Updating Background
Fra:1 Mem:20.94M (Peak 27.97M) | Time:00:00.80 | Mem:4.00M, Peak:4.00M | Scene, ViewLayer | Updating Camera
Fra:1 Mem:20.94M (Peak 27.97M) | Time:00:00.80 | Mem:4.00M, Peak:4.00M | Scene, ViewLayer | Updating Meshes Flags
Fra:1 Mem:20.94M (Peak 27.97M) | Time:00:00.80 | Mem:4.00M, Peak:4.00M | Scene, ViewLayer | Updating Objects
Fra:1 Mem:20.94M (Peak 27.97M) | Time:00:00.80 | Mem:4.00M, Peak:4.00M | Scene, ViewLayer | Updating Objects | Copying Transformations to device
Fra:1 Mem:20.96M (Peak 27.97M) | Time:00:00.80 | Mem:4.02M, Peak:4.02M | Scene, ViewLayer | Updating Particle Systems
Fra:1 Mem:20.96M (Peak 27.97M) | Time:00:00.80 | Mem:4.02M, Peak:4.02M | Scene, ViewLayer | Updating Particle Systems | Copying Particles to device
Fra:1 Mem:20.96M (Peak 27.97M) | Time:00:00.80 | Mem:4.02M, Peak:4.02M | Scene, ViewLayer | Updating Meshes
Fra:1 Mem:20.96M (Peak 27.97M) | Time:00:00.80 | Mem:4.02M, Peak:4.02M | Scene, ViewLayer | Updating Objects | Applying Static Transformations
Fra:1 Mem:20.96M (Peak 27.97M) | Time:00:00.80 | Mem:4.02M, Peak:4.02M | Scene, ViewLayer | Updating Mesh | Computing attributes
Fra:1 Mem:21.91M (Peak 27.97M) | Time:00:00.80 | Mem:4.03M, Peak:4.03M | Scene, ViewLayer | Updating Mesh | Copying Attributes to device
Fra:1 Mem:21.90M (Peak 27.97M) | Time:00:00.80 | Mem:4.96M, Peak:4.96M | Scene, ViewLayer | Updating Scene BVH | Building
Fra:1 Mem:21.90M (Peak 27.97M) | Time:00:00.80 | Mem:4.96M, Peak:4.96M | Scene, ViewLayer | Updating Scene BVH | Building BVH
Fra:1 Mem:21.90M (Peak 27.97M) | Time:00:00.80 | Mem:5.96M, Peak:5.96M | Scene, ViewLayer | Updating Scene BVH | Building BVH 0%
Fra:1 Mem:21.90M (Peak 27.97M) | Time:00:00.80 | Mem:7.04M, Peak:8.03M | Scene, ViewLayer | Updating Scene BVH | Copying BVH to device
Fra:1 Mem:21.90M (Peak 27.97M) | Time:00:00.80 | Mem:7.04M, Peak:8.03M | Scene, ViewLayer | Updating Mesh | Computing normals
Fra:1 Mem:22.78M (Peak 27.97M) | Time:00:00.80 | Mem:7.04M, Peak:8.03M | Scene, ViewLayer | Updating Mesh | Copying Mesh to device
Fra:1 Mem:22.78M (Peak 27.97M) | Time:00:00.80 | Mem:7.91M, Peak:8.03M | Scene, ViewLayer | Updating Objects Flags
Fra:1 Mem:22.78M (Peak 27.97M) | Time:00:00.80 | Mem:7.91M, Peak:8.03M | Scene, ViewLayer | Updating Primitive Offsets
Fra:1 Mem:22.78M (Peak 27.97M) | Time:00:00.80 | Mem:7.91M, Peak:8.03M | Scene, ViewLayer | Updating Images
Fra:1 Mem:22.78M (Peak 27.97M) | Time:00:00.80 | Mem:7.91M, Peak:8.03M | Scene, ViewLayer | Updating Camera Volume
Fra:1 Mem:22.78M (Peak 27.97M) | Time:00:00.80 | Mem:7.91M, Peak:8.03M | Scene, ViewLayer | Updating Lookup Tables
Fra:1 Mem:22.78M (Peak 27.97M) | Time:00:00.80 | Mem:8.00M, Peak:8.03M | Scene, ViewLayer | Updating Lights
Fra:1 Mem:22.78M (Peak 27.97M) | Time:00:00.80 | Mem:8.00M, Peak:8.03M | Scene, ViewLayer | Updating Lights | Computing tree
Fra:1 Mem:22.78M (Peak 27.97M) | Time:00:00.80 | Mem:8.00M, Peak:8.03M | Scene, ViewLayer | Updating Integrator
Fra:1 Mem:22.78M (Peak 27.97M) | Time:00:00.80 | Mem:8.00M, Peak:8.03M | Scene, ViewLayer | Updating Film
Fra:1 Mem:22.78M (Peak 27.97M) | Time:00:00.80 | Mem:7.92M, Peak:8.03M | Scene, ViewLayer | Updating Lookup Tables
Fra:1 Mem:22.78M (Peak 27.97M) | Time:00:00.80 | Mem:8.00M, Peak:8.03M | Scene, ViewLayer | Updating Baking
Fra:1 Mem:22.78M (Peak 27.97M) | Time:00:00.80 | Mem:8.00M, Peak:8.03M | Scene, ViewLayer | Updating Device | Writing constant memory
Fra:1 Mem:22.79M (Peak 27.97M) | Time:00:00.80 | Mem:8.00M, Peak:8.03M | Scene, ViewLayer | Loading denoising kernels (may take a few minutes the first time)
Fra:1 Mem:22.79M (Peak 27.97M) | Time:00:00.80 | Mem:8.00M, Peak:8.03M | Scene, ViewLayer | Sample 0/24
Fra:1 Mem:72.97M (Peak 72.97M) | Time:00:01.07 | Remaining:00:06.06 | Mem:58.11M, Peak:58.11M | Scene, ViewLayer | Sample 1/24
Fra:1 Mem:94.06M (Peak 125.71M) | Time:00:09.38 | Mem:58.11M, Peak:58.11M | Scene, ViewLayer | Sample 24/24
Fra:1 Mem:94.06M (Peak 125.71M) | Time:00:09.38 | Mem:58.11M, Peak:58.11M | Scene, ViewLayer | Finished
Saved: '/home/lzzz/MyProjects/N-SIDE/output/characters/CHR-001/model-r3/first/face-quarter.png'
Time: 00:09.44 (Saving: 00:00.05)

Fra:1 Mem:19.18M (Peak 19.18M) | Time:00:00.00 | Mem:0.00M, Peak:0.00M | Scene, ViewLayer | Synchronizing object | TShirt
Fra:1 Mem:19.34M (Peak 19.34M) | Time:00:00.01 | Mem:0.00M, Peak:0.00M | Scene, ViewLayer | Synchronizing object | TShirt_Collar
Fra:1 Mem:19.34M (Peak 19.34M) | Time:00:00.01 | Mem:0.00M, Peak:0.00M | Scene, ViewLayer | Synchronizing object | Hood
Fra:1 Mem:19.36M (Peak 19.36M) | Time:00:00.01 | Mem:0.00M, Peak:0.00M | Scene, ViewLayer | Synchronizing object | Zip_Tape.L
Fra:1 Mem:19.38M (Peak 19.38M) | Time:00:00.01 | Mem:0.00M, Peak:0.00M | Scene, ViewLayer | Synchronizing object | Hood_Cord.L
Fra:1 Mem:19.47M (Peak 19.47M) | Time:00:00.02 | Mem:0.00M, Peak:0.00M | Scene, ViewLayer | Synchronizing object | Palm.L
Fra:1 Mem:19.47M (Peak 19.47M) | Time:00:00.02 | Mem:0.00M, Peak:0.00M | Scene, ViewLayer | Synchronizing object | Ring_Mesh.L
Fra:1 Mem:19.47M (Peak 19.47M) | Time:00:00.02 | Mem:0.00M, Peak:0.00M | Scene, ViewLayer | Synchronizing object | Pinky_Mesh.L
Fra:1 Mem:19.56M (Peak 19.56M) | Time:00:00.02 | Mem:0.00M, Peak:0.00M | Scene, ViewLayer | Synchronizing object | Thumb_Mesh.L
Fra:1 Mem:19.72M (Peak 19.72M) | Time:00:00.05 | Mem:0.00M, Peak:0.00M | Scene, ViewLayer | Synchronizing object | Trousers.L
Fra:1 Mem:19.72M (Peak 19.72M) | Time:00:00.05 | Mem:0.00M, Peak:0.00M | Scene, ViewLayer | Synchronizing object | Sneaker_Sole.L
Fra:1 Mem:19.75M (Peak 19.75M) | Time:00:00.05 | Mem:0.00M, Peak:0.00M | Scene, ViewLayer | Synchronizing object | Sock.L
Fra:1 Mem:19.81M (Peak 19.81M) | Time:00:00.05 | Mem:0.00M, Peak:0.00M | Scene, ViewLayer | Synchronizing object | Lace_0.L
Fra:1 Mem:19.92M (Peak 19.91M) | Time:00:00.05 | Mem:0.00M, Peak:0.00M | Scene, ViewLayer | Synchronizing object | Lace_1.L
Fra:1 Mem:19.92M (Peak 19.93M) | Time:00:00.05 | Mem:0.00M, Peak:0.00M | Scene, ViewLayer | Synchronizing object | Lace_2.L
Fra:1 Mem:19.96M (Peak 19.96M) | Time:00:00.05 | Mem:0.00M, Peak:0.00M | Scene, ViewLayer | Synchronizing object | Sleeve_Cuff.R
Fra:1 Mem:19.96M (Peak 19.96M) | Time:00:00.05 | Mem:0.00M, Peak:0.00M | Scene, ViewLayer | Synchronizing object | Zip_Tape.R
Fra:1 Mem:19.96M (Peak 19.96M) | Time:00:00.05 | Mem:0.00M, Peak:0.00M | Scene, ViewLayer | Synchronizing object | Hood_Cord.R
Fra:1 Mem:20.08M (Peak 20.08M) | Time:00:00.07 | Mem:0.00M, Peak:0.00M | Scene, ViewLayer | Synchronizing object | Palm.R
Fra:1 Mem:20.09M (Peak 20.09M) | Time:00:00.07 | Mem:0.00M, Peak:0.00M | Scene, ViewLayer | Synchronizing object | Ring_Mesh.R
Fra:1 Mem:20.10M (Peak 20.10M) | Time:00:00.07 | Mem:0.00M, Peak:0.00M | Scene, ViewLayer | Synchronizing object | Pinky_Mesh.R
Fra:1 Mem:20.16M (Peak 20.16M) | Time:00:00.07 | Mem:0.00M, Peak:0.00M | Scene, ViewLayer | Synchronizing object | Thumb_Mesh.R
Fra:1 Mem:20.34M (Peak 20.34M) | Time:00:00.11 | Mem:0.00M, Peak:0.00M | Scene, ViewLayer | Synchronizing object | Trousers.R
Fra:1 Mem:20.34M (Peak 20.34M) | Time:00:00.11 | Mem:0.00M, Peak:0.00M | Scene, ViewLayer | Synchronizing object | Sneaker_Upper.R
Fra:1 Mem:20.37M (Peak 20.37M) | Time:00:00.11 | Mem:0.00M, Peak:0.00M | Scene, ViewLayer | Synchronizing object | Lace_0.R
Fra:1 Mem:20.51M (Peak 20.51M) | Time:00:00.11 | Mem:0.00M, Peak:0.00M | Scene, ViewLayer | Synchronizing object | Lace_1.R
Fra:1 Mem:20.55M (Peak 20.55M) | Time:00:00.11 | Mem:0.00M, Peak:0.00M | Scene, ViewLayer | Synchronizing object | Lace_3.R
Fra:1 Mem:20.55M (Peak 20.55M) | Time:00:00.11 | Mem:0.00M, Peak:0.00M | Scene, ViewLayer | Synchronizing object | Heel_Tab.R
Fra:1 Mem:21.23M (Peak 21.23M) | Time:00:00.15 | Mem:0.00M, Peak:0.00M | Scene, ViewLayer | Synchronizing object | Jacket_ContinuousShoulders
Fra:1 Mem:22.38M (Peak 22.38M) | Time:00:00.57 | Mem:0.00M, Peak:0.00M | Scene, ViewLayer | Synchronizing object | Face_Head
Fra:1 Mem:22.92M (Peak 22.92M) | Time:00:00.57 | Mem:0.00M, Peak:0.00M | Scene, ViewLayer | Synchronizing object | Ear.L
Fra:1 Mem:22.94M (Peak 22.94M) | Time:00:00.57 | Mem:0.00M, Peak:0.00M | Scene, ViewLayer | Synchronizing object | Ear_Fold.L
Fra:1 Mem:23.00M (Peak 23.00M) | Time:00:00.58 | Mem:0.00M, Peak:0.00M | Scene, ViewLayer | Synchronizing object | Ear.R
Fra:1 Mem:23.03M (Peak 23.03M) | Time:00:00.58 | Mem:0.00M, Peak:0.00M | Scene, ViewLayer | Synchronizing object | Ear_Fold.R
Fra:1 Mem:23.03M (Peak 23.03M) | Time:00:00.58 | Mem:0.00M, Peak:0.00M | Scene, ViewLayer | Synchronizing object | Iris_ink.L
Fra:1 Mem:23.04M (Peak 23.04M) | Time:00:00.58 | Mem:0.00M, Peak:0.00M | Scene, ViewLayer | Synchronizing object | Eye_Glint.L
Fra:1 Mem:23.07M (Peak 23.07M) | Time:00:00.58 | Mem:0.00M, Peak:0.00M | Scene, ViewLayer | Synchronizing object | Upper_Lid.L
Fra:1 Mem:23.07M (Peak 23.07M) | Time:00:00.58 | Mem:0.00M, Peak:0.00M | Scene, ViewLayer | Synchronizing object | Eyebrow.L
Fra:1 Mem:23.09M (Peak 23.09M) | Time:00:00.58 | Mem:0.00M, Peak:0.00M | Scene, ViewLayer | Synchronizing object | Eye_White.R
Fra:1 Mem:23.11M (Peak 23.11M) | Time:00:00.58 | Mem:0.00M, Peak:0.00M | Scene, ViewLayer | Synchronizing object | Iris_ink.R
Fra:1 Mem:23.12M (Peak 23.12M) | Time:00:00.58 | Mem:0.00M, Peak:0.00M | Scene, ViewLayer | Synchronizing object | Upper_Lid.R
Fra:1 Mem:23.14M (Peak 23.14M) | Time:00:00.58 | Mem:0.00M, Peak:0.00M | Scene, ViewLayer | Synchronizing object | Eyebrow.R
Fra:1 Mem:23.13M (Peak 23.14M) | Time:00:00.58 | Mem:0.00M, Peak:0.00M | Scene, ViewLayer | Synchronizing object | Lower_Lid.R
Fra:1 Mem:23.13M (Peak 23.14M) | Time:00:00.58 | Mem:0.00M, Peak:0.00M | Scene, ViewLayer | Synchronizing object | Mouth
Fra:1 Mem:23.27M (Peak 23.27M) | Time:00:00.81 | Mem:0.00M, Peak:0.00M | Scene, ViewLayer | Synchronizing object | Hair_Cap
Fra:1 Mem:23.28M (Peak 23.28M) | Time:00:00.81 | Mem:0.00M, Peak:0.00M | Scene, ViewLayer | Synchronizing object | Review_Rim
Fra:1 Mem:23.46M (Peak 23.46M) | Time:00:00.81 | Mem:0.00M, Peak:0.00M | Scene, ViewLayer | Synchronizing object | Review_Fill
Fra:1 Mem:23.46M (Peak 23.46M) | Time:00:00.81 | Mem:0.00M, Peak:0.00M | Scene, ViewLayer | Synchronizing object | Bangs_05
Fra:1 Mem:23.46M (Peak 23.46M) | Time:00:00.81 | Mem:0.00M, Peak:0.00M | Scene, ViewLayer | Synchronizing object | Temple_0.L
Fra:1 Mem:23.47M (Peak 23.47M) | Time:00:00.81 | Mem:0.00M, Peak:0.00M | Scene, ViewLayer | Synchronizing object | Temple_1.L
Fra:1 Mem:23.48M (Peak 23.48M) | Time:00:00.81 | Mem:0.00M, Peak:0.00M | Scene, ViewLayer | Synchronizing object | Temple_2.L
Fra:1 Mem:23.54M (Peak 23.54M) | Time:00:00.81 | Mem:0.00M, Peak:0.00M | Scene, ViewLayer | Synchronizing object | Tee_Bar
Fra:1 Mem:23.61M (Peak 23.61M) | Time:00:00.81 | Mem:0.00M, Peak:0.00M | Scene, ViewLayer | Synchronizing object | Tee_Dot_1.246
Fra:1 Mem:23.65M (Peak 23.65M) | Time:00:00.81 | Mem:0.00M, Peak:0.00M | Scene, ViewLayer | Synchronizing object | Nape_2.L
Fra:1 Mem:23.62M (Peak 23.65M) | Time:00:00.81 | Mem:0.00M, Peak:0.00M | Scene, ViewLayer | Synchronizing object | Temple_0.R
Fra:1 Mem:23.63M (Peak 23.65M) | Time:00:00.81 | Mem:0.00M, Peak:0.00M | Scene, ViewLayer | Synchronizing object | Tee_Dot_1.275
Fra:1 Mem:23.67M (Peak 23.67M) | Time:00:00.81 | Mem:0.00M, Peak:0.00M | Scene, ViewLayer | Synchronizing object | Temple_2.R
Fra:1 Mem:23.68M (Peak 23.68M) | Time:00:00.81 | Mem:0.00M, Peak:0.00M | Scene, ViewLayer | Synchronizing object | Nape_0.R
Fra:1 Mem:23.73M (Peak 23.73M) | Time:00:00.81 | Mem:0.00M, Peak:0.00M | Scene, ViewLayer | Synchronizing object | Nape_1.R
Fra:1 Mem:23.74M (Peak 23.74M) | Time:00:00.81 | Mem:0.00M, Peak:0.00M | Scene, ViewLayer | Synchronizing object | Back_Lock_4
Fra:1 Mem:23.76M (Peak 23.76M) | Time:00:00.81 | Mem:0.00M, Peak:0.00M | Scene, ViewLayer | Synchronizing object | Crown_0.L
Fra:1 Mem:23.77M (Peak 23.77M) | Time:00:00.81 | Mem:0.00M, Peak:0.00M | Scene, ViewLayer | Synchronizing object | Back_Lock_2
Fra:1 Mem:23.79M (Peak 23.79M) | Time:00:00.81 | Mem:0.00M, Peak:0.00M | Scene, ViewLayer | Synchronizing object | Back_Lock_3
Fra:1 Mem:23.86M (Peak 23.86M) | Time:00:00.81 | Mem:0.00M, Peak:0.00M | Scene, ViewLayer | Initializing
Fra:1 Mem:19.96M (Peak 23.86M) | Time:00:00.81 | Mem:0.00M, Peak:0.00M | Scene, ViewLayer | Updating Images | Loading CHR001_GreyStudy_BaseColor
Fra:1 Mem:20.85M (Peak 27.97M) | Time:00:00.82 | Mem:4.00M, Peak:4.00M | Scene, ViewLayer | Waiting for render to start
Fra:1 Mem:20.85M (Peak 27.97M) | Time:00:00.82 | Mem:4.00M, Peak:4.00M | Scene, ViewLayer | Updating Scene
Fra:1 Mem:20.85M (Peak 27.97M) | Time:00:00.82 | Mem:4.00M, Peak:4.00M | Scene, ViewLayer | Updating Shaders
Fra:1 Mem:20.85M (Peak 27.97M) | Time:00:00.82 | Mem:4.00M, Peak:4.00M | Scene, ViewLayer | Loading render kernels (may take a few minutes the first time)
Fra:1 Mem:20.94M (Peak 27.97M) | Time:00:00.83 | Mem:4.00M, Peak:4.00M | Scene, ViewLayer | Updating Procedurals
Fra:1 Mem:20.94M (Peak 27.97M) | Time:00:00.83 | Mem:4.00M, Peak:4.00M | Scene, ViewLayer | Updating Background
Fra:1 Mem:20.94M (Peak 27.97M) | Time:00:00.83 | Mem:4.00M, Peak:4.00M | Scene, ViewLayer | Updating Camera
Fra:1 Mem:20.94M (Peak 27.97M) | Time:00:00.83 | Mem:4.00M, Peak:4.00M | Scene, ViewLayer | Updating Meshes Flags
Fra:1 Mem:20.94M (Peak 27.97M) | Time:00:00.83 | Mem:4.00M, Peak:4.00M | Scene, ViewLayer | Updating Objects
Fra:1 Mem:20.94M (Peak 27.97M) | Time:00:00.83 | Mem:4.00M, Peak:4.00M | Scene, ViewLayer | Updating Objects | Copying Transformations to device
Fra:1 Mem:20.96M (Peak 27.97M) | Time:00:00.83 | Mem:4.02M, Peak:4.02M | Scene, ViewLayer | Updating Particle Systems
Fra:1 Mem:20.96M (Peak 27.97M) | Time:00:00.83 | Mem:4.02M, Peak:4.02M | Scene, ViewLayer | Updating Particle Systems | Copying Particles to device
Fra:1 Mem:20.96M (Peak 27.97M) | Time:00:00.83 | Mem:4.02M, Peak:4.02M | Scene, ViewLayer | Updating Meshes
Fra:1 Mem:20.96M (Peak 27.97M) | Time:00:00.83 | Mem:4.02M, Peak:4.02M | Scene, ViewLayer | Updating Objects | Applying Static Transformations
Fra:1 Mem:20.96M (Peak 27.97M) | Time:00:00.83 | Mem:4.02M, Peak:4.02M | Scene, ViewLayer | Updating Mesh | Computing attributes
Fra:1 Mem:21.91M (Peak 27.97M) | Time:00:00.83 | Mem:4.03M, Peak:4.03M | Scene, ViewLayer | Updating Mesh | Copying Attributes to device
Fra:1 Mem:21.90M (Peak 27.97M) | Time:00:00.83 | Mem:4.96M, Peak:4.96M | Scene, ViewLayer | Updating Scene BVH | Building
Fra:1 Mem:21.90M (Peak 27.97M) | Time:00:00.83 | Mem:4.96M, Peak:4.96M | Scene, ViewLayer | Updating Scene BVH | Building BVH
Fra:1 Mem:21.90M (Peak 27.97M) | Time:00:00.83 | Mem:5.96M, Peak:5.96M | Scene, ViewLayer | Updating Scene BVH | Building BVH 0%
Fra:1 Mem:21.90M (Peak 27.97M) | Time:00:00.83 | Mem:7.04M, Peak:8.03M | Scene, ViewLayer | Updating Scene BVH | Copying BVH to device
Fra:1 Mem:21.90M (Peak 27.97M) | Time:00:00.83 | Mem:7.04M, Peak:8.03M | Scene, ViewLayer | Updating Mesh | Computing normals
Fra:1 Mem:22.78M (Peak 27.97M) | Time:00:00.83 | Mem:7.04M, Peak:8.03M | Scene, ViewLayer | Updating Mesh | Copying Mesh to device
Fra:1 Mem:22.78M (Peak 27.97M) | Time:00:00.83 | Mem:7.91M, Peak:8.03M | Scene, ViewLayer | Updating Objects Flags
Fra:1 Mem:22.78M (Peak 27.97M) | Time:00:00.83 | Mem:7.91M, Peak:8.03M | Scene, ViewLayer | Updating Primitive Offsets
Fra:1 Mem:22.78M (Peak 27.97M) | Time:00:00.83 | Mem:7.91M, Peak:8.03M | Scene, ViewLayer | Updating Images
Fra:1 Mem:22.78M (Peak 27.97M) | Time:00:00.83 | Mem:7.91M, Peak:8.03M | Scene, ViewLayer | Updating Camera Volume
Fra:1 Mem:22.78M (Peak 27.97M) | Time:00:00.83 | Mem:7.91M, Peak:8.03M | Scene, ViewLayer | Updating Lookup Tables
Fra:1 Mem:22.78M (Peak 27.97M) | Time:00:00.83 | Mem:8.00M, Peak:8.03M | Scene, ViewLayer | Updating Lights
Fra:1 Mem:22.78M (Peak 27.97M) | Time:00:00.83 | Mem:8.00M, Peak:8.03M | Scene, ViewLayer | Updating Lights | Computing tree
Fra:1 Mem:22.78M (Peak 27.97M) | Time:00:00.83 | Mem:8.00M, Peak:8.03M | Scene, ViewLayer | Updating Integrator
Fra:1 Mem:22.78M (Peak 27.97M) | Time:00:00.83 | Mem:8.00M, Peak:8.03M | Scene, ViewLayer | Updating Film
Fra:1 Mem:22.78M (Peak 27.97M) | Time:00:00.83 | Mem:7.92M, Peak:8.03M | Scene, ViewLayer | Updating Lookup Tables
Fra:1 Mem:22.78M (Peak 27.97M) | Time:00:00.83 | Mem:8.00M, Peak:8.03M | Scene, ViewLayer | Updating Baking
Fra:1 Mem:22.78M (Peak 27.97M) | Time:00:00.83 | Mem:8.00M, Peak:8.03M | Scene, ViewLayer | Updating Device | Writing constant memory
Fra:1 Mem:22.79M (Peak 27.97M) | Time:00:00.83 | Mem:8.00M, Peak:8.03M | Scene, ViewLayer | Loading denoising kernels (may take a few minutes the first time)
Fra:1 Mem:22.79M (Peak 27.97M) | Time:00:00.83 | Mem:8.00M, Peak:8.03M | Scene, ViewLayer | Sample 0/24
Fra:1 Mem:72.97M (Peak 72.97M) | Time:00:01.06 | Remaining:00:05.20 | Mem:58.11M, Peak:58.11M | Scene, ViewLayer | Sample 1/24
Fra:1 Mem:94.06M (Peak 125.71M) | Time:00:08.56 | Mem:58.11M, Peak:58.11M | Scene, ViewLayer | Sample 24/24
Fra:1 Mem:94.06M (Peak 125.71M) | Time:00:08.56 | Mem:58.11M, Peak:58.11M | Scene, ViewLayer | Finished
Saved: '/home/lzzz/MyProjects/N-SIDE/output/characters/CHR-001/model-r3/first/face-side.png'
Time: 00:08.62 (Saving: 00:00.05)

Fra:1 Mem:19.18M (Peak 19.18M) | Time:00:00.00 | Mem:0.00M, Peak:0.00M | Scene, ViewLayer | Synchronizing object | TShirt
Fra:1 Mem:19.34M (Peak 19.34M) | Time:00:00.01 | Mem:0.00M, Peak:0.00M | Scene, ViewLayer | Synchronizing object | TShirt_Collar
Fra:1 Mem:19.34M (Peak 19.34M) | Time:00:00.01 | Mem:0.00M, Peak:0.00M | Scene, ViewLayer | Synchronizing object | Hood
Fra:1 Mem:19.37M (Peak 19.37M) | Time:00:00.01 | Mem:0.00M, Peak:0.00M | Scene, ViewLayer | Synchronizing object | Sleeve_Cuff.L
Fra:1 Mem:19.40M (Peak 19.40M) | Time:00:00.01 | Mem:0.00M, Peak:0.00M | Scene, ViewLayer | Synchronizing object | Zip_Tape.L
Fra:1 Mem:19.41M (Peak 19.41M) | Time:00:00.01 | Mem:0.00M, Peak:0.00M | Scene, ViewLayer | Synchronizing object | Hood_Cord.L
Fra:1 Mem:19.46M (Peak 19.46M) | Time:00:00.02 | Mem:0.00M, Peak:0.00M | Scene, ViewLayer | Synchronizing object | Palm.L
Fra:1 Mem:19.49M (Peak 19.49M) | Time:00:00.02 | Mem:0.00M, Peak:0.00M | Scene, ViewLayer | Synchronizing object | Index_Mesh.L
Fra:1 Mem:19.50M (Peak 19.50M) | Time:00:00.02 | Mem:0.00M, Peak:0.00M | Scene, ViewLayer | Synchronizing object | Middle_Mesh.L
Fra:1 Mem:19.51M (Peak 19.51M) | Time:00:00.02 | Mem:0.00M, Peak:0.00M | Scene, ViewLayer | Synchronizing object | Ring_Mesh.L
Fra:1 Mem:19.52M (Peak 19.52M) | Time:00:00.02 | Mem:0.00M, Peak:0.00M | Scene, ViewLayer | Synchronizing object | Pinky_Mesh.L
Fra:1 Mem:19.54M (Peak 19.54M) | Time:00:00.02 | Mem:0.00M, Peak:0.00M | Scene, ViewLayer | Synchronizing object | Thumb_Mesh.L
Fra:1 Mem:19.72M (Peak 19.72M) | Time:00:00.05 | Mem:0.00M, Peak:0.00M | Scene, ViewLayer | Synchronizing object | Trousers.L
Fra:1 Mem:19.72M (Peak 19.72M) | Time:00:00.05 | Mem:0.00M, Peak:0.00M | Scene, ViewLayer | Synchronizing object | Sneaker_Upper.L
Fra:1 Mem:19.75M (Peak 19.75M) | Time:00:00.05 | Mem:0.00M, Peak:0.00M | Scene, ViewLayer | Synchronizing object | Sock.L
Fra:1 Mem:19.88M (Peak 19.88M) | Time:00:00.05 | Mem:0.00M, Peak:0.00M | Scene, ViewLayer | Synchronizing object | Lace_0.L
Fra:1 Mem:19.95M (Peak 19.95M) | Time:00:00.05 | Mem:0.00M, Peak:0.00M | Scene, ViewLayer | Synchronizing object | Lace_1.L
Fra:1 Mem:19.94M (Peak 19.95M) | Time:00:00.05 | Mem:0.00M, Peak:0.00M | Scene, ViewLayer | Synchronizing object | Heel_Tab.L
Fra:1 Mem:19.94M (Peak 19.95M) | Time:00:00.05 | Mem:0.00M, Peak:0.00M | Scene, ViewLayer | Synchronizing object | Sleeve_Cuff.R
Fra:1 Mem:19.96M (Peak 19.95M) | Time:00:00.05 | Mem:0.00M, Peak:0.00M | Scene, ViewLayer | Synchronizing object | Zip_Tape.R
Fra:1 Mem:19.95M (Peak 19.95M) | Time:00:00.05 | Mem:0.00M, Peak:0.00M | Scene, ViewLayer | Synchronizing object | Hood_Cord.R
Fra:1 Mem:20.08M (Peak 20.08M) | Time:00:00.07 | Mem:0.00M, Peak:0.00M | Scene, ViewLayer | Synchronizing object | Palm.R
Fra:1 Mem:20.09M (Peak 20.09M) | Time:00:00.07 | Mem:0.00M, Peak:0.00M | Scene, ViewLayer | Synchronizing object | Middle_Mesh.R
Fra:1 Mem:20.12M (Peak 20.12M) | Time:00:00.07 | Mem:0.00M, Peak:0.00M | Scene, ViewLayer | Synchronizing object | Pinky_Mesh.R
Fra:1 Mem:20.16M (Peak 20.16M) | Time:00:00.07 | Mem:0.00M, Peak:0.00M | Scene, ViewLayer | Synchronizing object | Thumb_Mesh.R
Fra:1 Mem:20.34M (Peak 20.34M) | Time:00:00.10 | Mem:0.00M, Peak:0.00M | Scene, ViewLayer | Synchronizing object | Trousers.R
Fra:1 Mem:20.34M (Peak 20.34M) | Time:00:00.10 | Mem:0.00M, Peak:0.00M | Scene, ViewLayer | Synchronizing object | Sneaker_Upper.R
Fra:1 Mem:20.43M (Peak 20.43M) | Time:00:00.10 | Mem:0.00M, Peak:0.00M | Scene, ViewLayer | Synchronizing object | Lace_0.R
Fra:1 Mem:20.54M (Peak 20.54M) | Time:00:00.10 | Mem:0.00M, Peak:0.00M | Scene, ViewLayer | Synchronizing object | Lace_1.R
Fra:1 Mem:20.55M (Peak 20.55M) | Time:00:00.10 | Mem:0.00M, Peak:0.00M | Scene, ViewLayer | Synchronizing object | Lace_2.R
Fra:1 Mem:20.57M (Peak 20.55M) | Time:00:00.10 | Mem:0.00M, Peak:0.00M | Scene, ViewLayer | Synchronizing object | Lace_3.R
Fra:1 Mem:20.58M (Peak 20.58M) | Time:00:00.10 | Mem:0.00M, Peak:0.00M | Scene, ViewLayer | Synchronizing object | Heel_Tab.R
Fra:1 Mem:21.24M (Peak 21.24M) | Time:00:00.14 | Mem:0.00M, Peak:0.00M | Scene, ViewLayer | Synchronizing object | Jacket_ContinuousShoulders
Fra:1 Mem:22.38M (Peak 22.38M) | Time:00:00.54 | Mem:0.00M, Peak:0.00M | Scene, ViewLayer | Synchronizing object | Face_Head
Fra:1 Mem:22.92M (Peak 22.92M) | Time:00:00.55 | Mem:0.00M, Peak:0.00M | Scene, ViewLayer | Synchronizing object | Ear.L
Fra:1 Mem:22.92M (Peak 22.92M) | Time:00:00.55 | Mem:0.00M, Peak:0.00M | Scene, ViewLayer | Synchronizing object | Ear_Fold.L
Fra:1 Mem:23.00M (Peak 23.00M) | Time:00:00.55 | Mem:0.00M, Peak:0.00M | Scene, ViewLayer | Synchronizing object | Ear.R
Fra:1 Mem:23.01M (Peak 23.01M) | Time:00:00.55 | Mem:0.00M, Peak:0.00M | Scene, ViewLayer | Synchronizing object | Ear_Fold.R
Fra:1 Mem:23.03M (Peak 23.03M) | Time:00:00.55 | Mem:0.00M, Peak:0.00M | Scene, ViewLayer | Synchronizing object | Iris_ink.L
Fra:1 Mem:23.05M (Peak 23.05M) | Time:00:00.55 | Mem:0.00M, Peak:0.00M | Scene, ViewLayer | Synchronizing object | Eye_Glint.L
Fra:1 Mem:23.08M (Peak 23.08M) | Time:00:00.55 | Mem:0.00M, Peak:0.00M | Scene, ViewLayer | Synchronizing object | Upper_Lid.L
Fra:1 Mem:23.08M (Peak 23.08M) | Time:00:00.55 | Mem:0.00M, Peak:0.00M | Scene, ViewLayer | Synchronizing object | Eyebrow.L
Fra:1 Mem:23.09M (Peak 23.09M) | Time:00:00.55 | Mem:0.00M, Peak:0.00M | Scene, ViewLayer | Synchronizing object | Eye_White.R
Fra:1 Mem:23.10M (Peak 23.10M) | Time:00:00.55 | Mem:0.00M, Peak:0.00M | Scene, ViewLayer | Synchronizing object | Iris_hair.R
Fra:1 Mem:23.11M (Peak 23.11M) | Time:00:00.55 | Mem:0.00M, Peak:0.00M | Scene, ViewLayer | Synchronizing object | Iris_ink.R
Fra:1 Mem:23.11M (Peak 23.11M) | Time:00:00.55 | Mem:0.00M, Peak:0.00M | Scene, ViewLayer | Synchronizing object | Upper_Lid.R
Fra:1 Mem:23.12M (Peak 23.12M) | Time:00:00.55 | Mem:0.00M, Peak:0.00M | Scene, ViewLayer | Synchronizing object | Lower_Lid.R
Fra:1 Mem:23.15M (Peak 23.15M) | Time:00:00.55 | Mem:0.00M, Peak:0.00M | Scene, ViewLayer | Synchronizing object | Eyebrow.R
Fra:1 Mem:23.14M (Peak 23.15M) | Time:00:00.55 | Mem:0.00M, Peak:0.00M | Scene, ViewLayer | Synchronizing object | Nose
Fra:1 Mem:23.14M (Peak 23.15M) | Time:00:00.55 | Mem:0.00M, Peak:0.00M | Scene, ViewLayer | Synchronizing object | Mouth
Fra:1 Mem:23.27M (Peak 23.27M) | Time:00:00.78 | Mem:0.00M, Peak:0.00M | Scene, ViewLayer | Synchronizing object | Hair_Cap
Fra:1 Mem:23.27M (Peak 23.27M) | Time:00:00.78 | Mem:0.00M, Peak:0.00M | Scene, ViewLayer | Synchronizing object | Bangs_00
Fra:1 Mem:23.29M (Peak 23.29M) | Time:00:00.78 | Mem:0.00M, Peak:0.00M | Scene, ViewLayer | Synchronizing object | Bangs_03
Fra:1 Mem:23.45M (Peak 23.45M) | Time:00:00.78 | Mem:0.00M, Peak:0.00M | Scene, ViewLayer | Synchronizing object | Bangs_04
Fra:1 Mem:23.46M (Peak 23.46M) | Time:00:00.78 | Mem:0.00M, Peak:0.00M | Scene, ViewLayer | Synchronizing object | Bangs_05
Fra:1 Mem:23.47M (Peak 23.47M) | Time:00:00.78 | Mem:0.00M, Peak:0.00M | Scene, ViewLayer | Synchronizing object | Temple_1.L
Fra:1 Mem:23.54M (Peak 23.54M) | Time:00:00.78 | Mem:0.00M, Peak:0.00M | Scene, ViewLayer | Synchronizing object | Temple_2.L
Fra:1 Mem:23.56M (Peak 23.56M) | Time:00:00.78 | Mem:0.00M, Peak:0.00M | Scene, ViewLayer | Synchronizing object | Review_Rim
Fra:1 Mem:23.60M (Peak 23.60M) | Time:00:00.78 | Mem:0.00M, Peak:0.00M | Scene, ViewLayer | Synchronizing object | Nape_0.L
Fra:1 Mem:23.61M (Peak 23.61M) | Time:00:00.78 | Mem:0.00M, Peak:0.00M | Scene, ViewLayer | Synchronizing object | Nape_2.L
Fra:1 Mem:23.62M (Peak 23.62M) | Time:00:00.78 | Mem:0.00M, Peak:0.00M | Scene, ViewLayer | Synchronizing object | Review_Key
Fra:1 Mem:23.62M (Peak 23.62M) | Time:00:00.78 | Mem:0.00M, Peak:0.00M | Scene, ViewLayer | Synchronizing object | Review_Ground
Fra:1 Mem:23.63M (Peak 23.63M) | Time:00:00.78 | Mem:0.00M, Peak:0.00M | Scene, ViewLayer | Synchronizing object | Temple_1.R
Fra:1 Mem:23.66M (Peak 23.66M) | Time:00:00.78 | Mem:0.00M, Peak:0.00M | Scene, ViewLayer | Synchronizing object | Tee_Bar
Fra:1 Mem:23.69M (Peak 23.69M) | Time:00:00.78 | Mem:0.00M, Peak:0.00M | Scene, ViewLayer | Synchronizing object | Temple_2.R
Fra:1 Mem:23.69M (Peak 23.69M) | Time:00:00.78 | Mem:0.00M, Peak:0.00M | Scene, ViewLayer | Synchronizing object | Tee_Dot_1.246
Fra:1 Mem:23.72M (Peak 23.72M) | Time:00:00.78 | Mem:0.00M, Peak:0.00M | Scene, ViewLayer | Synchronizing object | Crown_0.L
Fra:1 Mem:23.75M (Peak 23.75M) | Time:00:00.78 | Mem:0.00M, Peak:0.00M | Scene, ViewLayer | Synchronizing object | Crown_0.R
Fra:1 Mem:23.76M (Peak 23.76M) | Time:00:00.78 | Mem:0.00M, Peak:0.00M | Scene, ViewLayer | Synchronizing object | Back_Lock_2
Fra:1 Mem:23.78M (Peak 23.78M) | Time:00:00.78 | Mem:0.00M, Peak:0.00M | Scene, ViewLayer | Synchronizing object | Tee_Dot_1.275
Fra:1 Mem:23.82M (Peak 23.82M) | Time:00:00.78 | Mem:0.00M, Peak:0.00M | Scene, ViewLayer | Synchronizing object | Back_Lock_4
Fra:1 Mem:23.86M (Peak 23.86M) | Time:00:00.78 | Mem:0.00M, Peak:0.00M | Scene, ViewLayer | Initializing
Fra:1 Mem:19.96M (Peak 23.86M) | Time:00:00.78 | Mem:0.00M, Peak:0.00M | Scene, ViewLayer | Updating Images | Loading CHR001_GreyStudy_BaseColor
Fra:1 Mem:20.85M (Peak 27.97M) | Time:00:00.79 | Mem:4.00M, Peak:4.00M | Scene, ViewLayer | Waiting for render to start
Fra:1 Mem:20.85M (Peak 27.97M) | Time:00:00.79 | Mem:4.00M, Peak:4.00M | Scene, ViewLayer | Updating Scene
Fra:1 Mem:20.85M (Peak 27.97M) | Time:00:00.79 | Mem:4.00M, Peak:4.00M | Scene, ViewLayer | Updating Shaders
Fra:1 Mem:20.85M (Peak 27.97M) | Time:00:00.79 | Mem:4.00M, Peak:4.00M | Scene, ViewLayer | Loading render kernels (may take a few minutes the first time)
Fra:1 Mem:20.94M (Peak 27.97M) | Time:00:00.79 | Mem:4.00M, Peak:4.00M | Scene, ViewLayer | Updating Procedurals
Fra:1 Mem:20.94M (Peak 27.97M) | Time:00:00.79 | Mem:4.00M, Peak:4.00M | Scene, ViewLayer | Updating Background
Fra:1 Mem:20.94M (Peak 27.97M) | Time:00:00.79 | Mem:4.00M, Peak:4.00M | Scene, ViewLayer | Updating Camera
Fra:1 Mem:20.94M (Peak 27.97M) | Time:00:00.79 | Mem:4.00M, Peak:4.00M | Scene, ViewLayer | Updating Meshes Flags
Fra:1 Mem:20.94M (Peak 27.97M) | Time:00:00.79 | Mem:4.00M, Peak:4.00M | Scene, ViewLayer | Updating Objects
Fra:1 Mem:20.94M (Peak 27.97M) | Time:00:00.79 | Mem:4.00M, Peak:4.00M | Scene, ViewLayer | Updating Objects | Copying Transformations to device
Fra:1 Mem:20.96M (Peak 27.97M) | Time:00:00.79 | Mem:4.02M, Peak:4.02M | Scene, ViewLayer | Updating Particle Systems
Fra:1 Mem:20.96M (Peak 27.97M) | Time:00:00.79 | Mem:4.02M, Peak:4.02M | Scene, ViewLayer | Updating Particle Systems | Copying Particles to device
Fra:1 Mem:20.96M (Peak 27.97M) | Time:00:00.79 | Mem:4.02M, Peak:4.02M | Scene, ViewLayer | Updating Meshes
Fra:1 Mem:20.96M (Peak 27.97M) | Time:00:00.79 | Mem:4.02M, Peak:4.02M | Scene, ViewLayer | Updating Objects | Applying Static Transformations
Fra:1 Mem:20.96M (Peak 27.97M) | Time:00:00.79 | Mem:4.02M, Peak:4.02M | Scene, ViewLayer | Updating Mesh | Computing attributes
Fra:1 Mem:21.91M (Peak 27.97M) | Time:00:00.79 | Mem:4.03M, Peak:4.03M | Scene, ViewLayer | Updating Mesh | Copying Attributes to device
Fra:1 Mem:21.90M (Peak 27.97M) | Time:00:00.79 | Mem:4.96M, Peak:4.96M | Scene, ViewLayer | Updating Scene BVH | Building
Fra:1 Mem:21.90M (Peak 27.97M) | Time:00:00.79 | Mem:4.96M, Peak:4.96M | Scene, ViewLayer | Updating Scene BVH | Building BVH
Fra:1 Mem:21.90M (Peak 27.97M) | Time:00:00.79 | Mem:5.96M, Peak:5.96M | Scene, ViewLayer | Updating Scene BVH | Building BVH 0%
Fra:1 Mem:21.90M (Peak 27.97M) | Time:00:00.80 | Mem:7.04M, Peak:8.03M | Scene, ViewLayer | Updating Scene BVH | Copying BVH to device
Fra:1 Mem:21.90M (Peak 27.97M) | Time:00:00.80 | Mem:7.04M, Peak:8.03M | Scene, ViewLayer | Updating Mesh | Computing normals
Fra:1 Mem:22.78M (Peak 27.97M) | Time:00:00.80 | Mem:7.04M, Peak:8.03M | Scene, ViewLayer | Updating Mesh | Copying Mesh to device
Fra:1 Mem:22.78M (Peak 27.97M) | Time:00:00.80 | Mem:7.91M, Peak:8.03M | Scene, ViewLayer | Updating Objects Flags
Fra:1 Mem:22.78M (Peak 27.97M) | Time:00:00.80 | Mem:7.91M, Peak:8.03M | Scene, ViewLayer | Updating Primitive Offsets
Fra:1 Mem:22.78M (Peak 27.97M) | Time:00:00.80 | Mem:7.91M, Peak:8.03M | Scene, ViewLayer | Updating Images
Fra:1 Mem:22.78M (Peak 27.97M) | Time:00:00.80 | Mem:7.91M, Peak:8.03M | Scene, ViewLayer | Updating Camera Volume
Fra:1 Mem:22.78M (Peak 27.97M) | Time:00:00.80 | Mem:7.91M, Peak:8.03M | Scene, ViewLayer | Updating Lookup Tables
Fra:1 Mem:22.78M (Peak 27.97M) | Time:00:00.80 | Mem:8.00M, Peak:8.03M | Scene, ViewLayer | Updating Lights
Fra:1 Mem:22.78M (Peak 27.97M) | Time:00:00.80 | Mem:8.00M, Peak:8.03M | Scene, ViewLayer | Updating Lights | Computing tree
Fra:1 Mem:22.78M (Peak 27.97M) | Time:00:00.80 | Mem:8.00M, Peak:8.03M | Scene, ViewLayer | Updating Integrator
Fra:1 Mem:22.78M (Peak 27.97M) | Time:00:00.80 | Mem:8.00M, Peak:8.03M | Scene, ViewLayer | Updating Film
Fra:1 Mem:22.78M (Peak 27.97M) | Time:00:00.80 | Mem:7.92M, Peak:8.03M | Scene, ViewLayer | Updating Lookup Tables
Fra:1 Mem:22.78M (Peak 27.97M) | Time:00:00.80 | Mem:8.00M, Peak:8.03M | Scene, ViewLayer | Updating Baking
Fra:1 Mem:22.78M (Peak 27.97M) | Time:00:00.80 | Mem:8.00M, Peak:8.03M | Scene, ViewLayer | Updating Device | Writing constant memory
Fra:1 Mem:22.79M (Peak 27.97M) | Time:00:00.80 | Mem:8.00M, Peak:8.03M | Scene, ViewLayer | Loading denoising kernels (may take a few minutes the first time)
Fra:1 Mem:22.79M (Peak 27.97M) | Time:00:00.80 | Mem:8.00M, Peak:8.03M | Scene, ViewLayer | Sample 0/24
Fra:1 Mem:72.97M (Peak 72.97M) | Time:00:01.06 | Remaining:00:06.09 | Mem:58.11M, Peak:58.11M | Scene, ViewLayer | Sample 1/24
Fra:1 Mem:94.06M (Peak 125.71M) | Time:00:09.06 | Mem:58.11M, Peak:58.11M | Scene, ViewLayer | Sample 24/24
Fra:1 Mem:94.06M (Peak 125.71M) | Time:00:09.06 | Mem:58.11M, Peak:58.11M | Scene, ViewLayer | Finished
Saved: '/home/lzzz/MyProjects/N-SIDE/output/characters/CHR-001/model-r3/first/full-body.png'
Time: 00:09.11 (Saving: 00:00.04)


Blender quit
