Blender 4.5.14 LTS (hash 62c1db4208e8 built 2026-09-15 01:31:19)
Read blend: "/home/lzzz/MyProjects/N-SIDE/source-assets/characters/CHR-001/model/yao-grey-study.blend"
Fra:1 Mem:19.55M (Peak 19.55M) | Time:00:00.00 | Mem:0.00M, Peak:0.00M | Scene, ViewLayer | Synchronizing object | TShirt
Fra:1 Mem:19.71M (Peak 19.71M) | Time:00:00.01 | Mem:0.00M, Peak:0.00M | Scene, ViewLayer | Synchronizing object | TShirt_Collar
Fra:1 Mem:19.71M (Peak 19.71M) | Time:00:00.01 | Mem:0.00M, Peak:0.00M | Scene, ViewLayer | Synchronizing object | Hood
Fra:1 Mem:19.72M (Peak 19.72M) | Time:00:00.01 | Mem:0.00M, Peak:0.00M | Scene, ViewLayer | Synchronizing object | Hood_Cord.L
Fra:1 Mem:19.84M (Peak 19.84M) | Time:00:00.02 | Mem:0.00M, Peak:0.00M | Scene, ViewLayer | Synchronizing object | Palm.L
Fra:1 Mem:19.84M (Peak 19.84M) | Time:00:00.02 | Mem:0.00M, Peak:0.00M | Scene, ViewLayer | Synchronizing object | Index_Mesh.L
Fra:1 Mem:19.86M (Peak 19.86M) | Time:00:00.02 | Mem:0.00M, Peak:0.00M | Scene, ViewLayer | Synchronizing object | Ring_Mesh.L
Fra:1 Mem:19.88M (Peak 19.88M) | Time:00:00.02 | Mem:0.00M, Peak:0.00M | Scene, ViewLayer | Synchronizing object | Pinky_Mesh.L
Fra:1 Mem:19.89M (Peak 19.90M) | Time:00:00.02 | Mem:0.00M, Peak:0.00M | Scene, ViewLayer | Synchronizing object | Thumb_Mesh.L
Fra:1 Mem:20.07M (Peak 20.07M) | Time:00:00.05 | Mem:0.00M, Peak:0.00M | Scene, ViewLayer | Synchronizing object | Trousers.L
Fra:1 Mem:20.07M (Peak 20.07M) | Time:00:00.05 | Mem:0.00M, Peak:0.00M | Scene, ViewLayer | Synchronizing object | Sneaker_Sole.L
Fra:1 Mem:20.16M (Peak 20.16M) | Time:00:00.05 | Mem:0.00M, Peak:0.00M | Scene, ViewLayer | Synchronizing object | Sneaker_Upper.L
Fra:1 Mem:20.21M (Peak 20.21M) | Time:00:00.05 | Mem:0.00M, Peak:0.00M | Scene, ViewLayer | Synchronizing object | Sock.L
Fra:1 Mem:20.24M (Peak 20.24M) | Time:00:00.05 | Mem:0.00M, Peak:0.00M | Scene, ViewLayer | Synchronizing object | Lace_0.L
Fra:1 Mem:20.27M (Peak 20.27M) | Time:00:00.05 | Mem:0.00M, Peak:0.00M | Scene, ViewLayer | Synchronizing object | Lace_1.L
Fra:1 Mem:20.28M (Peak 20.28M) | Time:00:00.05 | Mem:0.00M, Peak:0.00M | Scene, ViewLayer | Synchronizing object | Lace_2.L
Fra:1 Mem:20.27M (Peak 20.28M) | Time:00:00.05 | Mem:0.00M, Peak:0.00M | Scene, ViewLayer | Synchronizing object | Heel_Tab.L
Fra:1 Mem:20.28M (Peak 20.28M) | Time:00:00.05 | Mem:0.00M, Peak:0.00M | Scene, ViewLayer | Synchronizing object | Sleeve_Cuff.R
Fra:1 Mem:20.28M (Peak 20.28M) | Time:00:00.05 | Mem:0.00M, Peak:0.00M | Scene, ViewLayer | Synchronizing object | Zip_Tape.R
Fra:1 Mem:20.29M (Peak 20.29M) | Time:00:00.05 | Mem:0.00M, Peak:0.00M | Scene, ViewLayer | Synchronizing object | Hood_Cord.R
Fra:1 Mem:20.41M (Peak 20.41M) | Time:00:00.06 | Mem:0.00M, Peak:0.00M | Scene, ViewLayer | Synchronizing object | Palm.R
Fra:1 Mem:20.41M (Peak 20.41M) | Time:00:00.06 | Mem:0.00M, Peak:0.00M | Scene, ViewLayer | Synchronizing object | Index_Mesh.R
Fra:1 Mem:20.44M (Peak 20.44M) | Time:00:00.06 | Mem:0.00M, Peak:0.00M | Scene, ViewLayer | Synchronizing object | Ring_Mesh.R
Fra:1 Mem:20.46M (Peak 20.46M) | Time:00:00.06 | Mem:0.00M, Peak:0.00M | Scene, ViewLayer | Synchronizing object | Pinky_Mesh.R
Fra:1 Mem:20.49M (Peak 20.49M) | Time:00:00.06 | Mem:0.00M, Peak:0.00M | Scene, ViewLayer | Synchronizing object | Thumb_Mesh.R
Fra:1 Mem:20.65M (Peak 20.65M) | Time:00:00.09 | Mem:0.00M, Peak:0.00M | Scene, ViewLayer | Synchronizing object | Trousers.R
Fra:1 Mem:20.65M (Peak 20.65M) | Time:00:00.09 | Mem:0.00M, Peak:0.00M | Scene, ViewLayer | Synchronizing object | Sneaker_Upper.R
Fra:1 Mem:20.69M (Peak 20.69M) | Time:00:00.09 | Mem:0.00M, Peak:0.00M | Scene, ViewLayer | Synchronizing object | Sock.R
Fra:1 Mem:20.79M (Peak 20.79M) | Time:00:00.09 | Mem:0.00M, Peak:0.00M | Scene, ViewLayer | Synchronizing object | Lace_0.R
Fra:1 Mem:20.86M (Peak 20.86M) | Time:00:00.09 | Mem:0.00M, Peak:0.00M | Scene, ViewLayer | Synchronizing object | Lace_1.R
Fra:1 Mem:20.86M (Peak 20.86M) | Time:00:00.09 | Mem:0.00M, Peak:0.00M | Scene, ViewLayer | Synchronizing object | Lace_3.R
Fra:1 Mem:20.86M (Peak 20.86M) | Time:00:00.09 | Mem:0.00M, Peak:0.00M | Scene, ViewLayer | Synchronizing object | Heel_Tab.R
Fra:1 Mem:21.44M (Peak 21.44M) | Time:00:00.13 | Mem:0.00M, Peak:0.00M | Scene, ViewLayer | Synchronizing object | Jacket_ContinuousShoulders
Fra:1 Mem:22.48M (Peak 22.48M) | Time:00:00.53 | Mem:0.00M, Peak:0.00M | Scene, ViewLayer | Synchronizing object | Face_Head
Fra:1 Mem:23.03M (Peak 23.03M) | Time:00:00.54 | Mem:0.00M, Peak:0.00M | Scene, ViewLayer | Synchronizing object | Ear.L
Fra:1 Mem:23.03M (Peak 23.03M) | Time:00:00.54 | Mem:0.00M, Peak:0.00M | Scene, ViewLayer | Synchronizing object | Ear_Fold.L
Fra:1 Mem:23.11M (Peak 23.11M) | Time:00:00.55 | Mem:0.00M, Peak:0.00M | Scene, ViewLayer | Synchronizing object | Ear.R
Fra:1 Mem:23.11M (Peak 23.11M) | Time:00:00.55 | Mem:0.00M, Peak:0.00M | Scene, ViewLayer | Synchronizing object | Ear_Fold.R
Fra:1 Mem:23.14M (Peak 23.14M) | Time:00:00.55 | Mem:0.00M, Peak:0.00M | Scene, ViewLayer | Synchronizing object | Iris_hair.L
Fra:1 Mem:23.14M (Peak 23.14M) | Time:00:00.55 | Mem:0.00M, Peak:0.00M | Scene, ViewLayer | Synchronizing object | Iris_ink.L
Fra:1 Mem:23.15M (Peak 23.15M) | Time:00:00.55 | Mem:0.00M, Peak:0.00M | Scene, ViewLayer | Synchronizing object | Eye_Glint.L
Fra:1 Mem:23.18M (Peak 23.18M) | Time:00:00.55 | Mem:0.00M, Peak:0.00M | Scene, ViewLayer | Synchronizing object | Upper_Lid.L
Fra:1 Mem:23.19M (Peak 23.19M) | Time:00:00.55 | Mem:0.00M, Peak:0.00M | Scene, ViewLayer | Synchronizing object | Lower_Lid.L
Fra:1 Mem:23.19M (Peak 23.19M) | Time:00:00.55 | Mem:0.00M, Peak:0.00M | Scene, ViewLayer | Synchronizing object | Eyebrow.L
Fra:1 Mem:23.21M (Peak 23.21M) | Time:00:00.55 | Mem:0.00M, Peak:0.00M | Scene, ViewLayer | Synchronizing object | Iris_hair.R
Fra:1 Mem:23.22M (Peak 23.22M) | Time:00:00.55 | Mem:0.00M, Peak:0.00M | Scene, ViewLayer | Synchronizing object | Iris_ink.R
Fra:1 Mem:23.22M (Peak 23.22M) | Time:00:00.55 | Mem:0.00M, Peak:0.00M | Scene, ViewLayer | Synchronizing object | Upper_Lid.R
Fra:1 Mem:23.24M (Peak 23.24M) | Time:00:00.55 | Mem:0.00M, Peak:0.00M | Scene, ViewLayer | Synchronizing object | Lower_Lid.R
Fra:1 Mem:23.25M (Peak 23.25M) | Time:00:00.55 | Mem:0.00M, Peak:0.00M | Scene, ViewLayer | Synchronizing object | Eyebrow.R
Fra:1 Mem:23.27M (Peak 23.27M) | Time:00:00.55 | Mem:0.00M, Peak:0.00M | Scene, ViewLayer | Synchronizing object | Nose
Fra:1 Mem:23.28M (Peak 23.28M) | Time:00:00.55 | Mem:0.00M, Peak:0.00M | Scene, ViewLayer | Synchronizing object | Hair_Cap
Fra:1 Mem:23.30M (Peak 23.30M) | Time:00:00.55 | Mem:0.00M, Peak:0.00M | Scene, ViewLayer | Synchronizing object | Bangs_01
Fra:1 Mem:23.29M (Peak 23.30M) | Time:00:00.55 | Mem:0.00M, Peak:0.00M | Scene, ViewLayer | Synchronizing object | Bangs_02
Fra:1 Mem:23.34M (Peak 23.34M) | Time:00:00.55 | Mem:0.00M, Peak:0.00M | Scene, ViewLayer | Synchronizing object | Bangs_03
Fra:1 Mem:23.37M (Peak 23.37M) | Time:00:00.55 | Mem:0.00M, Peak:0.00M | Scene, ViewLayer | Synchronizing object | Bangs_04
Fra:1 Mem:23.39M (Peak 23.39M) | Time:00:00.55 | Mem:0.00M, Peak:0.00M | Scene, ViewLayer | Synchronizing object | Temple_1.L
Fra:1 Mem:23.41M (Peak 23.41M) | Time:00:00.55 | Mem:0.00M, Peak:0.00M | Scene, ViewLayer | Synchronizing object | Temple_2.L
Fra:1 Mem:23.43M (Peak 23.43M) | Time:00:00.55 | Mem:0.00M, Peak:0.00M | Scene, ViewLayer | Synchronizing object | Temple_3.L
Fra:1 Mem:23.44M (Peak 23.44M) | Time:00:00.55 | Mem:0.00M, Peak:0.00M | Scene, ViewLayer | Synchronizing object | Temple_4.L
Fra:1 Mem:23.46M (Peak 23.46M) | Time:00:00.55 | Mem:0.00M, Peak:0.00M | Scene, ViewLayer | Synchronizing object | Crown_1.L
Fra:1 Mem:23.47M (Peak 23.47M) | Time:00:00.55 | Mem:0.00M, Peak:0.00M | Scene, ViewLayer | Synchronizing object | Nape_0.L
Fra:1 Mem:23.49M (Peak 23.49M) | Time:00:00.55 | Mem:0.00M, Peak:0.00M | Scene, ViewLayer | Synchronizing object | Nape_1.L
Fra:1 Mem:23.52M (Peak 23.52M) | Time:00:00.55 | Mem:0.00M, Peak:0.00M | Scene, ViewLayer | Synchronizing object | Nape_2.L
Fra:1 Mem:23.53M (Peak 23.53M) | Time:00:00.55 | Mem:0.00M, Peak:0.00M | Scene, ViewLayer | Synchronizing object | Review_Rim
Fra:1 Mem:23.55M (Peak 23.55M) | Time:00:00.55 | Mem:0.00M, Peak:0.00M | Scene, ViewLayer | Synchronizing object | Temple_3.R
Fra:1 Mem:23.55M (Peak 23.55M) | Time:00:00.55 | Mem:0.00M, Peak:0.00M | Scene, ViewLayer | Synchronizing object | Review_Fill
Fra:1 Mem:23.56M (Peak 23.56M) | Time:00:00.55 | Mem:0.00M, Peak:0.00M | Scene, ViewLayer | Synchronizing object | Review_Key
Fra:1 Mem:23.56M (Peak 23.56M) | Time:00:00.55 | Mem:0.00M, Peak:0.00M | Scene, ViewLayer | Synchronizing object | Review_Ground
Fra:1 Mem:23.56M (Peak 23.56M) | Time:00:00.55 | Mem:0.00M, Peak:0.00M | Scene, ViewLayer | Synchronizing object | Temple_4.R
Fra:1 Mem:23.57M (Peak 23.57M) | Time:00:00.55 | Mem:0.00M, Peak:0.00M | Scene, ViewLayer | Synchronizing object | Tee_Bar
Fra:1 Mem:23.59M (Peak 23.60M) | Time:00:00.55 | Mem:0.00M, Peak:0.00M | Scene, ViewLayer | Synchronizing object | Crown_0.R
Fra:1 Mem:23.61M (Peak 23.61M) | Time:00:00.55 | Mem:0.00M, Peak:0.00M | Scene, ViewLayer | Synchronizing object | Tee_Dot_1.246
Fra:1 Mem:23.63M (Peak 23.63M) | Time:00:00.55 | Mem:0.00M, Peak:0.00M | Scene, ViewLayer | Synchronizing object | Nape_0.R
Fra:1 Mem:23.65M (Peak 23.65M) | Time:00:00.55 | Mem:0.00M, Peak:0.00M | Scene, ViewLayer | Synchronizing object | Nape_1.R
Fra:1 Mem:23.68M (Peak 23.68M) | Time:00:00.55 | Mem:0.00M, Peak:0.00M | Scene, ViewLayer | Synchronizing object | Nape_2.R
Fra:1 Mem:23.69M (Peak 23.69M) | Time:00:00.55 | Mem:0.00M, Peak:0.00M | Scene, ViewLayer | Synchronizing object | Nape_3.R
Fra:1 Mem:23.70M (Peak 23.70M) | Time:00:00.55 | Mem:0.00M, Peak:0.00M | Scene, ViewLayer | Synchronizing object | Back_Lock_4
Fra:1 Mem:23.72M (Peak 23.72M) | Time:00:00.55 | Mem:0.00M, Peak:0.00M | Scene, ViewLayer | Synchronizing object | Back_Lock_5
Fra:1 Mem:23.73M (Peak 23.73M) | Time:00:00.55 | Mem:0.00M, Peak:0.00M | Scene, ViewLayer | Synchronizing object | Back_Lock_6
Fra:1 Mem:23.78M (Peak 23.78M) | Time:00:00.55 | Mem:0.00M, Peak:0.00M | Scene, ViewLayer | Initializing
Fra:1 Mem:20.20M (Peak 23.78M) | Time:00:00.55 | Mem:0.00M, Peak:0.00M | Scene, ViewLayer | Updating Images | Loading CHR001_GreyStudy_BaseColor
Fra:1 Mem:20.90M (Peak 28.21M) | Time:00:00.57 | Mem:4.00M, Peak:4.00M | Scene, ViewLayer | Waiting for render to start
Fra:1 Mem:20.90M (Peak 28.21M) | Time:00:00.57 | Mem:4.00M, Peak:4.00M | Scene, ViewLayer | Updating Scene
Fra:1 Mem:20.90M (Peak 28.21M) | Time:00:00.57 | Mem:4.00M, Peak:4.00M | Scene, ViewLayer | Updating Shaders
Fra:1 Mem:20.90M (Peak 28.21M) | Time:00:00.57 | Mem:4.00M, Peak:4.00M | Scene, ViewLayer | Loading render kernels (may take a few minutes the first time)
Fra:1 Mem:20.98M (Peak 28.21M) | Time:00:00.58 | Mem:4.00M, Peak:4.00M | Scene, ViewLayer | Updating Procedurals
Fra:1 Mem:20.98M (Peak 28.21M) | Time:00:00.58 | Mem:4.00M, Peak:4.00M | Scene, ViewLayer | Updating Background
Fra:1 Mem:20.98M (Peak 28.21M) | Time:00:00.58 | Mem:4.00M, Peak:4.00M | Scene, ViewLayer | Updating Camera
Fra:1 Mem:20.98M (Peak 28.21M) | Time:00:00.58 | Mem:4.00M, Peak:4.00M | Scene, ViewLayer | Updating Meshes Flags
Fra:1 Mem:20.98M (Peak 28.21M) | Time:00:00.58 | Mem:4.00M, Peak:4.00M | Scene, ViewLayer | Updating Objects
Fra:1 Mem:20.98M (Peak 28.21M) | Time:00:00.58 | Mem:4.00M, Peak:4.00M | Scene, ViewLayer | Updating Objects | Copying Transformations to device
Fra:1 Mem:21.01M (Peak 28.21M) | Time:00:00.58 | Mem:4.02M, Peak:4.02M | Scene, ViewLayer | Updating Particle Systems
Fra:1 Mem:21.01M (Peak 28.21M) | Time:00:00.58 | Mem:4.02M, Peak:4.02M | Scene, ViewLayer | Updating Particle Systems | Copying Particles to device
Fra:1 Mem:21.01M (Peak 28.21M) | Time:00:00.58 | Mem:4.03M, Peak:4.03M | Scene, ViewLayer | Updating Meshes
Fra:1 Mem:21.01M (Peak 28.21M) | Time:00:00.58 | Mem:4.03M, Peak:4.03M | Scene, ViewLayer | Updating Objects | Applying Static Transformations
Fra:1 Mem:21.01M (Peak 28.21M) | Time:00:00.58 | Mem:4.03M, Peak:4.03M | Scene, ViewLayer | Updating Mesh | Computing attributes
Fra:1 Mem:21.87M (Peak 28.21M) | Time:00:00.58 | Mem:4.03M, Peak:4.03M | Scene, ViewLayer | Updating Mesh | Copying Attributes to device
Fra:1 Mem:21.85M (Peak 28.21M) | Time:00:00.58 | Mem:4.87M, Peak:4.87M | Scene, ViewLayer | Updating Scene BVH | Building
Fra:1 Mem:21.86M (Peak 28.21M) | Time:00:00.58 | Mem:4.87M, Peak:4.87M | Scene, ViewLayer | Updating Scene BVH | Building BVH
Fra:1 Mem:21.86M (Peak 28.21M) | Time:00:00.58 | Mem:5.76M, Peak:5.76M | Scene, ViewLayer | Updating Scene BVH | Building BVH 0%
Fra:1 Mem:21.86M (Peak 28.21M) | Time:00:00.59 | Mem:6.74M, Peak:7.63M | Scene, ViewLayer | Updating Scene BVH | Copying BVH to device
Fra:1 Mem:21.86M (Peak 28.21M) | Time:00:00.59 | Mem:6.74M, Peak:7.63M | Scene, ViewLayer | Updating Mesh | Computing normals
Fra:1 Mem:22.64M (Peak 28.21M) | Time:00:00.59 | Mem:6.74M, Peak:7.63M | Scene, ViewLayer | Updating Mesh | Copying Mesh to device
Fra:1 Mem:22.64M (Peak 28.21M) | Time:00:00.59 | Mem:7.52M, Peak:7.63M | Scene, ViewLayer | Updating Objects Flags
Fra:1 Mem:22.64M (Peak 28.21M) | Time:00:00.59 | Mem:7.53M, Peak:7.63M | Scene, ViewLayer | Updating Primitive Offsets
Fra:1 Mem:22.65M (Peak 28.21M) | Time:00:00.59 | Mem:7.53M, Peak:7.63M | Scene, ViewLayer | Updating Images
Fra:1 Mem:22.65M (Peak 28.21M) | Time:00:00.59 | Mem:7.53M, Peak:7.63M | Scene, ViewLayer | Updating Camera Volume
Fra:1 Mem:22.65M (Peak 28.21M) | Time:00:00.59 | Mem:7.53M, Peak:7.63M | Scene, ViewLayer | Updating Lookup Tables
Fra:1 Mem:22.65M (Peak 28.21M) | Time:00:00.59 | Mem:7.61M, Peak:7.63M | Scene, ViewLayer | Updating Lights
Fra:1 Mem:22.65M (Peak 28.21M) | Time:00:00.59 | Mem:7.61M, Peak:7.63M | Scene, ViewLayer | Updating Lights | Computing tree
Fra:1 Mem:22.65M (Peak 28.21M) | Time:00:00.59 | Mem:7.61M, Peak:7.63M | Scene, ViewLayer | Updating Integrator
Fra:1 Mem:22.65M (Peak 28.21M) | Time:00:00.59 | Mem:7.61M, Peak:7.63M | Scene, ViewLayer | Updating Film
Fra:1 Mem:22.65M (Peak 28.21M) | Time:00:00.59 | Mem:7.53M, Peak:7.63M | Scene, ViewLayer | Updating Lookup Tables
Fra:1 Mem:22.65M (Peak 28.21M) | Time:00:00.59 | Mem:7.61M, Peak:7.63M | Scene, ViewLayer | Updating Baking
Fra:1 Mem:22.65M (Peak 28.21M) | Time:00:00.59 | Mem:7.61M, Peak:7.63M | Scene, ViewLayer | Updating Device | Writing constant memory
Fra:1 Mem:22.65M (Peak 28.21M) | Time:00:00.59 | Mem:7.61M, Peak:7.63M | Scene, ViewLayer | Loading denoising kernels (may take a few minutes the first time)
Fra:1 Mem:22.65M (Peak 28.21M) | Time:00:00.59 | Mem:7.61M, Peak:7.63M | Scene, ViewLayer | Sample 0/24
Fra:1 Mem:72.83M (Peak 72.83M) | Time:00:00.84 | Remaining:00:05.86 | Mem:57.72M, Peak:57.72M | Scene, ViewLayer | Sample 1/24
Fra:1 Mem:93.93M (Peak 125.57M) | Time:00:08.47 | Mem:57.72M, Peak:57.72M | Scene, ViewLayer | Sample 24/24
Fra:1 Mem:93.93M (Peak 125.57M) | Time:00:08.47 | Mem:57.72M, Peak:57.72M | Scene, ViewLayer | Finished
Saved: '/home/lzzz/MyProjects/N-SIDE/output/characters/CHR-001/model-r3/before/face-front.png'
Time: 00:08.52 (Saving: 00:00.05)

Fra:1 Mem:19.67M (Peak 19.67M) | Time:00:00.00 | Mem:0.00M, Peak:0.00M | Scene, ViewLayer | Synchronizing object | TShirt
Fra:1 Mem:19.82M (Peak 19.82M) | Time:00:00.01 | Mem:0.00M, Peak:0.00M | Scene, ViewLayer | Synchronizing object | TShirt_Collar
Fra:1 Mem:19.82M (Peak 19.82M) | Time:00:00.01 | Mem:0.00M, Peak:0.00M | Scene, ViewLayer | Synchronizing object | Sleeve_Cuff.L
Fra:1 Mem:19.84M (Peak 19.84M) | Time:00:00.01 | Mem:0.00M, Peak:0.00M | Scene, ViewLayer | Synchronizing object | Hood_Cord.L
Fra:1 Mem:19.95M (Peak 19.95M) | Time:00:00.02 | Mem:0.00M, Peak:0.00M | Scene, ViewLayer | Synchronizing object | Palm.L
Fra:1 Mem:19.95M (Peak 19.95M) | Time:00:00.02 | Mem:0.00M, Peak:0.00M | Scene, ViewLayer | Synchronizing object | Middle_Mesh.L
Fra:1 Mem:19.96M (Peak 19.96M) | Time:00:00.02 | Mem:0.00M, Peak:0.00M | Scene, ViewLayer | Synchronizing object | Pinky_Mesh.L
Fra:1 Mem:19.99M (Peak 19.99M) | Time:00:00.02 | Mem:0.00M, Peak:0.00M | Scene, ViewLayer | Synchronizing object | Thumb_Mesh.L
Fra:1 Mem:20.18M (Peak 20.18M) | Time:00:00.05 | Mem:0.00M, Peak:0.00M | Scene, ViewLayer | Synchronizing object | Trousers.L
Fra:1 Mem:20.18M (Peak 20.18M) | Time:00:00.05 | Mem:0.00M, Peak:0.00M | Scene, ViewLayer | Synchronizing object | Sneaker_Sole.L
Fra:1 Mem:20.28M (Peak 20.28M) | Time:00:00.05 | Mem:0.00M, Peak:0.00M | Scene, ViewLayer | Synchronizing object | Sock.L
Fra:1 Mem:20.35M (Peak 20.35M) | Time:00:00.05 | Mem:0.00M, Peak:0.00M | Scene, ViewLayer | Synchronizing object | Lace_0.L
Fra:1 Mem:20.38M (Peak 20.38M) | Time:00:00.05 | Mem:0.00M, Peak:0.00M | Scene, ViewLayer | Synchronizing object | Lace_1.L
Fra:1 Mem:20.37M (Peak 20.38M) | Time:00:00.05 | Mem:0.00M, Peak:0.00M | Scene, ViewLayer | Synchronizing object | Lace_2.L
Fra:1 Mem:20.37M (Peak 20.38M) | Time:00:00.05 | Mem:0.00M, Peak:0.00M | Scene, ViewLayer | Synchronizing object | Lace_3.L
Fra:1 Mem:20.37M (Peak 20.38M) | Time:00:00.05 | Mem:0.00M, Peak:0.00M | Scene, ViewLayer | Synchronizing object | Heel_Tab.L
Fra:1 Mem:20.38M (Peak 20.38M) | Time:00:00.05 | Mem:0.00M, Peak:0.00M | Scene, ViewLayer | Synchronizing object | Sleeve_Cuff.R
Fra:1 Mem:20.38M (Peak 20.38M) | Time:00:00.05 | Mem:0.00M, Peak:0.00M | Scene, ViewLayer | Synchronizing object | Zip_Tape.R
Fra:1 Mem:20.41M (Peak 20.41M) | Time:00:00.05 | Mem:0.00M, Peak:0.00M | Scene, ViewLayer | Synchronizing object | Hood_Cord.R
Fra:1 Mem:20.51M (Peak 20.51M) | Time:00:00.06 | Mem:0.00M, Peak:0.00M | Scene, ViewLayer | Synchronizing object | Palm.R
Fra:1 Mem:20.51M (Peak 20.51M) | Time:00:00.06 | Mem:0.00M, Peak:0.00M | Scene, ViewLayer | Synchronizing object | Index_Mesh.R
Fra:1 Mem:20.53M (Peak 20.53M) | Time:00:00.06 | Mem:0.00M, Peak:0.00M | Scene, ViewLayer | Synchronizing object | Middle_Mesh.R
Fra:1 Mem:20.54M (Peak 20.54M) | Time:00:00.06 | Mem:0.00M, Peak:0.00M | Scene, ViewLayer | Synchronizing object | Ring_Mesh.R
Fra:1 Mem:20.55M (Peak 20.55M) | Time:00:00.06 | Mem:0.00M, Peak:0.00M | Scene, ViewLayer | Synchronizing object | Pinky_Mesh.R
Fra:1 Mem:20.57M (Peak 20.57M) | Time:00:00.06 | Mem:0.00M, Peak:0.00M | Scene, ViewLayer | Synchronizing object | Thumb_Mesh.R
Fra:1 Mem:20.74M (Peak 20.74M) | Time:00:00.10 | Mem:0.00M, Peak:0.00M | Scene, ViewLayer | Synchronizing object | Trousers.R
Fra:1 Mem:20.74M (Peak 20.74M) | Time:00:00.10 | Mem:0.00M, Peak:0.00M | Scene, ViewLayer | Synchronizing object | Sneaker_Sole.R
Fra:1 Mem:20.76M (Peak 20.76M) | Time:00:00.10 | Mem:0.00M, Peak:0.00M | Scene, ViewLayer | Synchronizing object | Sock.R
Fra:1 Mem:20.87M (Peak 20.87M) | Time:00:00.10 | Mem:0.00M, Peak:0.00M | Scene, ViewLayer | Synchronizing object | Lace_0.R
Fra:1 Mem:20.94M (Peak 20.94M) | Time:00:00.10 | Mem:0.00M, Peak:0.00M | Scene, ViewLayer | Synchronizing object | Lace_1.R
Fra:1 Mem:20.94M (Peak 20.94M) | Time:00:00.10 | Mem:0.00M, Peak:0.00M | Scene, ViewLayer | Synchronizing object | Lace_3.R
Fra:1 Mem:20.94M (Peak 20.94M) | Time:00:00.10 | Mem:0.00M, Peak:0.00M | Scene, ViewLayer | Synchronizing object | Heel_Tab.R
Fra:1 Mem:21.53M (Peak 21.53M) | Time:00:00.13 | Mem:0.00M, Peak:0.00M | Scene, ViewLayer | Synchronizing object | Jacket_ContinuousShoulders
Fra:1 Mem:22.57M (Peak 22.57M) | Time:00:00.54 | Mem:0.00M, Peak:0.00M | Scene, ViewLayer | Synchronizing object | Face_Head
Fra:1 Mem:23.11M (Peak 23.11M) | Time:00:00.54 | Mem:0.00M, Peak:0.00M | Scene, ViewLayer | Synchronizing object | Ear.L
Fra:1 Mem:23.11M (Peak 23.11M) | Time:00:00.54 | Mem:0.00M, Peak:0.00M | Scene, ViewLayer | Synchronizing object | Ear_Fold.L
Fra:1 Mem:23.19M (Peak 23.19M) | Time:00:00.55 | Mem:0.00M, Peak:0.00M | Scene, ViewLayer | Synchronizing object | Ear.R
Fra:1 Mem:23.19M (Peak 23.19M) | Time:00:00.55 | Mem:0.00M, Peak:0.00M | Scene, ViewLayer | Synchronizing object | Eye_White.L
Fra:1 Mem:23.21M (Peak 23.21M) | Time:00:00.55 | Mem:0.00M, Peak:0.00M | Scene, ViewLayer | Synchronizing object | Iris_ink.L
Fra:1 Mem:23.24M (Peak 23.24M) | Time:00:00.55 | Mem:0.00M, Peak:0.00M | Scene, ViewLayer | Synchronizing object | Eye_Glint.L
Fra:1 Mem:23.26M (Peak 23.26M) | Time:00:00.55 | Mem:0.00M, Peak:0.00M | Scene, ViewLayer | Synchronizing object | Upper_Lid.L
Fra:1 Mem:23.26M (Peak 23.26M) | Time:00:00.55 | Mem:0.00M, Peak:0.00M | Scene, ViewLayer | Synchronizing object | Lower_Lid.L
Fra:1 Mem:23.27M (Peak 23.27M) | Time:00:00.55 | Mem:0.00M, Peak:0.00M | Scene, ViewLayer | Synchronizing object | Iris_hair.R
Fra:1 Mem:23.28M (Peak 23.28M) | Time:00:00.55 | Mem:0.00M, Peak:0.00M | Scene, ViewLayer | Synchronizing object | Iris_ink.R
Fra:1 Mem:23.30M (Peak 23.30M) | Time:00:00.55 | Mem:0.00M, Peak:0.00M | Scene, ViewLayer | Synchronizing object | Eye_Glint.R
Fra:1 Mem:23.31M (Peak 23.31M) | Time:00:00.55 | Mem:0.00M, Peak:0.00M | Scene, ViewLayer | Synchronizing object | Upper_Lid.R
Fra:1 Mem:23.32M (Peak 23.32M) | Time:00:00.55 | Mem:0.00M, Peak:0.00M | Scene, ViewLayer | Synchronizing object | Eyebrow.R
Fra:1 Mem:23.33M (Peak 23.33M) | Time:00:00.55 | Mem:0.00M, Peak:0.00M | Scene, ViewLayer | Synchronizing object | Nose
Fra:1 Mem:23.33M (Peak 23.33M) | Time:00:00.55 | Mem:0.00M, Peak:0.00M | Scene, ViewLayer | Synchronizing object | Mouth
Fra:1 Mem:23.34M (Peak 23.34M) | Time:00:00.55 | Mem:0.00M, Peak:0.00M | Scene, ViewLayer | Synchronizing object | Hair_Cap
Fra:1 Mem:23.38M (Peak 23.38M) | Time:00:00.55 | Mem:0.00M, Peak:0.00M | Scene, ViewLayer | Synchronizing object | Bangs_00
Fra:1 Mem:23.39M (Peak 23.39M) | Time:00:00.55 | Mem:0.00M, Peak:0.00M | Scene, ViewLayer | Synchronizing object | Bangs_01
Fra:1 Mem:23.39M (Peak 23.39M) | Time:00:00.55 | Mem:0.00M, Peak:0.00M | Scene, ViewLayer | Synchronizing object | Bangs_02
Fra:1 Mem:23.43M (Peak 23.43M) | Time:00:00.55 | Mem:0.00M, Peak:0.00M | Scene, ViewLayer | Synchronizing object | Bangs_03
Fra:1 Mem:23.43M (Peak 23.43M) | Time:00:00.55 | Mem:0.00M, Peak:0.00M | Scene, ViewLayer | Synchronizing object | Temple_1.L
Fra:1 Mem:23.45M (Peak 23.45M) | Time:00:00.55 | Mem:0.00M, Peak:0.00M | Scene, ViewLayer | Synchronizing object | Temple_2.L
Fra:1 Mem:23.47M (Peak 23.47M) | Time:00:00.55 | Mem:0.00M, Peak:0.00M | Scene, ViewLayer | Synchronizing object | Temple_3.L
Fra:1 Mem:23.49M (Peak 23.49M) | Time:00:00.55 | Mem:0.00M, Peak:0.00M | Scene, ViewLayer | Synchronizing object | Temple_4.L
Fra:1 Mem:23.50M (Peak 23.50M) | Time:00:00.55 | Mem:0.00M, Peak:0.00M | Scene, ViewLayer | Synchronizing object | Crown_0.L
Fra:1 Mem:23.52M (Peak 23.52M) | Time:00:00.55 | Mem:0.00M, Peak:0.00M | Scene, ViewLayer | Synchronizing object | Nape_0.L
Fra:1 Mem:23.53M (Peak 23.53M) | Time:00:00.55 | Mem:0.00M, Peak:0.00M | Scene, ViewLayer | Synchronizing object | Review_Rim
Fra:1 Mem:23.55M (Peak 23.55M) | Time:00:00.55 | Mem:0.00M, Peak:0.00M | Scene, ViewLayer | Synchronizing object | Nape_2.L
Fra:1 Mem:23.54M (Peak 23.55M) | Time:00:00.55 | Mem:0.00M, Peak:0.00M | Scene, ViewLayer | Synchronizing object | Temple_0.R
Fra:1 Mem:23.57M (Peak 23.57M) | Time:00:00.55 | Mem:0.00M, Peak:0.00M | Scene, ViewLayer | Synchronizing object | Temple_1.R
Fra:1 Mem:23.58M (Peak 23.58M) | Time:00:00.55 | Mem:0.00M, Peak:0.00M | Scene, ViewLayer | Synchronizing object | Temple_2.R
Fra:1 Mem:23.60M (Peak 23.61M) | Time:00:00.55 | Mem:0.00M, Peak:0.00M | Scene, ViewLayer | Synchronizing object | Temple_3.R
Fra:1 Mem:23.61M (Peak 23.61M) | Time:00:00.55 | Mem:0.00M, Peak:0.00M | Scene, ViewLayer | Synchronizing object | Temple_4.R
Fra:1 Mem:23.62M (Peak 23.62M) | Time:00:00.55 | Mem:0.00M, Peak:0.00M | Scene, ViewLayer | Synchronizing object | Review_Ground
Fra:1 Mem:23.62M (Peak 23.62M) | Time:00:00.55 | Mem:0.00M, Peak:0.00M | Scene, ViewLayer | Synchronizing object | Crown_1.R
Fra:1 Mem:23.66M (Peak 23.66M) | Time:00:00.55 | Mem:0.00M, Peak:0.00M | Scene, ViewLayer | Synchronizing object | Nape_0.R
Fra:1 Mem:23.65M (Peak 23.66M) | Time:00:00.55 | Mem:0.00M, Peak:0.00M | Scene, ViewLayer | Synchronizing object | Nape_1.R
Fra:1 Mem:23.68M (Peak 23.68M) | Time:00:00.55 | Mem:0.00M, Peak:0.00M | Scene, ViewLayer | Synchronizing object | Nape_2.R
Fra:1 Mem:23.69M (Peak 23.69M) | Time:00:00.55 | Mem:0.00M, Peak:0.00M | Scene, ViewLayer | Synchronizing object | Nape_3.R
Fra:1 Mem:23.69M (Peak 23.69M) | Time:00:00.55 | Mem:0.00M, Peak:0.00M | Scene, ViewLayer | Synchronizing object | Back_Lock_3
Fra:1 Mem:23.70M (Peak 23.70M) | Time:00:00.55 | Mem:0.00M, Peak:0.00M | Scene, ViewLayer | Synchronizing object | Back_Lock_4
Fra:1 Mem:23.72M (Peak 23.72M) | Time:00:00.55 | Mem:0.00M, Peak:0.00M | Scene, ViewLayer | Synchronizing object | Back_Lock_5
Fra:1 Mem:23.73M (Peak 23.73M) | Time:00:00.55 | Mem:0.00M, Peak:0.00M | Scene, ViewLayer | Synchronizing object | Tee_Dot_1.275
Fra:1 Mem:23.78M (Peak 23.78M) | Time:00:00.55 | Mem:0.00M, Peak:0.00M | Scene, ViewLayer | Initializing
Fra:1 Mem:20.20M (Peak 23.78M) | Time:00:00.55 | Mem:0.00M, Peak:0.00M | Scene, ViewLayer | Updating Images | Loading CHR001_GreyStudy_BaseColor
Fra:1 Mem:20.90M (Peak 28.21M) | Time:00:00.56 | Mem:4.00M, Peak:4.00M | Scene, ViewLayer | Waiting for render to start
Fra:1 Mem:20.90M (Peak 28.21M) | Time:00:00.56 | Mem:4.00M, Peak:4.00M | Scene, ViewLayer | Updating Scene
Fra:1 Mem:20.90M (Peak 28.21M) | Time:00:00.56 | Mem:4.00M, Peak:4.00M | Scene, ViewLayer | Updating Shaders
Fra:1 Mem:20.90M (Peak 28.21M) | Time:00:00.56 | Mem:4.00M, Peak:4.00M | Scene, ViewLayer | Loading render kernels (may take a few minutes the first time)
Fra:1 Mem:20.98M (Peak 28.21M) | Time:00:00.56 | Mem:4.00M, Peak:4.00M | Scene, ViewLayer | Updating Procedurals
Fra:1 Mem:20.98M (Peak 28.21M) | Time:00:00.56 | Mem:4.00M, Peak:4.00M | Scene, ViewLayer | Updating Background
Fra:1 Mem:20.98M (Peak 28.21M) | Time:00:00.56 | Mem:4.00M, Peak:4.00M | Scene, ViewLayer | Updating Camera
Fra:1 Mem:20.98M (Peak 28.21M) | Time:00:00.56 | Mem:4.00M, Peak:4.00M | Scene, ViewLayer | Updating Meshes Flags
Fra:1 Mem:20.98M (Peak 28.21M) | Time:00:00.56 | Mem:4.00M, Peak:4.00M | Scene, ViewLayer | Updating Objects
Fra:1 Mem:20.98M (Peak 28.21M) | Time:00:00.56 | Mem:4.00M, Peak:4.00M | Scene, ViewLayer | Updating Objects | Copying Transformations to device
Fra:1 Mem:21.01M (Peak 28.21M) | Time:00:00.56 | Mem:4.02M, Peak:4.02M | Scene, ViewLayer | Updating Particle Systems
Fra:1 Mem:21.01M (Peak 28.21M) | Time:00:00.56 | Mem:4.02M, Peak:4.02M | Scene, ViewLayer | Updating Particle Systems | Copying Particles to device
Fra:1 Mem:21.01M (Peak 28.21M) | Time:00:00.56 | Mem:4.03M, Peak:4.03M | Scene, ViewLayer | Updating Meshes
Fra:1 Mem:21.01M (Peak 28.21M) | Time:00:00.56 | Mem:4.03M, Peak:4.03M | Scene, ViewLayer | Updating Objects | Applying Static Transformations
Fra:1 Mem:21.01M (Peak 28.21M) | Time:00:00.56 | Mem:4.03M, Peak:4.03M | Scene, ViewLayer | Updating Mesh | Computing attributes
Fra:1 Mem:21.87M (Peak 28.21M) | Time:00:00.56 | Mem:4.03M, Peak:4.03M | Scene, ViewLayer | Updating Mesh | Copying Attributes to device
Fra:1 Mem:21.85M (Peak 28.21M) | Time:00:00.56 | Mem:4.87M, Peak:4.87M | Scene, ViewLayer | Updating Scene BVH | Building
Fra:1 Mem:21.86M (Peak 28.21M) | Time:00:00.56 | Mem:4.87M, Peak:4.87M | Scene, ViewLayer | Updating Scene BVH | Building BVH
Fra:1 Mem:21.86M (Peak 28.21M) | Time:00:00.56 | Mem:5.76M, Peak:5.76M | Scene, ViewLayer | Updating Scene BVH | Building BVH 0%
Fra:1 Mem:21.86M (Peak 28.21M) | Time:00:00.56 | Mem:6.74M, Peak:7.63M | Scene, ViewLayer | Updating Scene BVH | Copying BVH to device
Fra:1 Mem:21.86M (Peak 28.21M) | Time:00:00.56 | Mem:6.74M, Peak:7.63M | Scene, ViewLayer | Updating Mesh | Computing normals
Fra:1 Mem:22.64M (Peak 28.21M) | Time:00:00.56 | Mem:6.74M, Peak:7.63M | Scene, ViewLayer | Updating Mesh | Copying Mesh to device
Fra:1 Mem:22.64M (Peak 28.21M) | Time:00:00.56 | Mem:7.52M, Peak:7.63M | Scene, ViewLayer | Updating Objects Flags
Fra:1 Mem:22.64M (Peak 28.21M) | Time:00:00.56 | Mem:7.53M, Peak:7.63M | Scene, ViewLayer | Updating Primitive Offsets
Fra:1 Mem:22.65M (Peak 28.21M) | Time:00:00.56 | Mem:7.53M, Peak:7.63M | Scene, ViewLayer | Updating Images
Fra:1 Mem:22.65M (Peak 28.21M) | Time:00:00.56 | Mem:7.53M, Peak:7.63M | Scene, ViewLayer | Updating Camera Volume
Fra:1 Mem:22.65M (Peak 28.21M) | Time:00:00.56 | Mem:7.53M, Peak:7.63M | Scene, ViewLayer | Updating Lookup Tables
Fra:1 Mem:22.65M (Peak 28.21M) | Time:00:00.56 | Mem:7.61M, Peak:7.63M | Scene, ViewLayer | Updating Lights
Fra:1 Mem:22.65M (Peak 28.21M) | Time:00:00.56 | Mem:7.61M, Peak:7.63M | Scene, ViewLayer | Updating Lights | Computing tree
Fra:1 Mem:22.65M (Peak 28.21M) | Time:00:00.56 | Mem:7.61M, Peak:7.63M | Scene, ViewLayer | Updating Integrator
Fra:1 Mem:22.65M (Peak 28.21M) | Time:00:00.56 | Mem:7.61M, Peak:7.63M | Scene, ViewLayer | Updating Film
Fra:1 Mem:22.65M (Peak 28.21M) | Time:00:00.56 | Mem:7.53M, Peak:7.63M | Scene, ViewLayer | Updating Lookup Tables
Fra:1 Mem:22.65M (Peak 28.21M) | Time:00:00.56 | Mem:7.61M, Peak:7.63M | Scene, ViewLayer | Updating Baking
Fra:1 Mem:22.65M (Peak 28.21M) | Time:00:00.56 | Mem:7.61M, Peak:7.63M | Scene, ViewLayer | Updating Device | Writing constant memory
Fra:1 Mem:22.65M (Peak 28.21M) | Time:00:00.56 | Mem:7.61M, Peak:7.63M | Scene, ViewLayer | Loading denoising kernels (may take a few minutes the first time)
Fra:1 Mem:22.65M (Peak 28.21M) | Time:00:00.56 | Mem:7.61M, Peak:7.63M | Scene, ViewLayer | Sample 0/24
Fra:1 Mem:72.83M (Peak 72.83M) | Time:00:00.80 | Remaining:00:05.37 | Mem:57.72M, Peak:57.72M | Scene, ViewLayer | Sample 1/24
Fra:1 Mem:93.93M (Peak 125.57M) | Time:00:08.37 | Mem:57.72M, Peak:57.72M | Scene, ViewLayer | Sample 24/24
Fra:1 Mem:93.93M (Peak 125.57M) | Time:00:08.37 | Mem:57.72M, Peak:57.72M | Scene, ViewLayer | Finished
Saved: '/home/lzzz/MyProjects/N-SIDE/output/characters/CHR-001/model-r3/before/face-quarter.png'
Time: 00:08.42 (Saving: 00:00.05)

Fra:1 Mem:19.66M (Peak 19.66M) | Time:00:00.00 | Mem:0.00M, Peak:0.00M | Scene, ViewLayer | Synchronizing object | TShirt
Fra:1 Mem:19.82M (Peak 19.82M) | Time:00:00.01 | Mem:0.00M, Peak:0.00M | Scene, ViewLayer | Synchronizing object | TShirt_Collar
Fra:1 Mem:19.82M (Peak 19.82M) | Time:00:00.01 | Mem:0.00M, Peak:0.00M | Scene, ViewLayer | Synchronizing object | Sleeve_Cuff.L
Fra:1 Mem:19.84M (Peak 19.84M) | Time:00:00.01 | Mem:0.00M, Peak:0.00M | Scene, ViewLayer | Synchronizing object | Hood_Cord.L
Fra:1 Mem:19.95M (Peak 19.95M) | Time:00:00.02 | Mem:0.00M, Peak:0.00M | Scene, ViewLayer | Synchronizing object | Palm.L
Fra:1 Mem:19.95M (Peak 19.95M) | Time:00:00.02 | Mem:0.00M, Peak:0.00M | Scene, ViewLayer | Synchronizing object | Middle_Mesh.L
Fra:1 Mem:20.00M (Peak 20.00M) | Time:00:00.02 | Mem:0.00M, Peak:0.00M | Scene, ViewLayer | Synchronizing object | Pinky_Mesh.L
Fra:1 Mem:20.01M (Peak 20.01M) | Time:00:00.02 | Mem:0.00M, Peak:0.00M | Scene, ViewLayer | Synchronizing object | Thumb_Mesh.L
Fra:1 Mem:20.18M (Peak 20.18M) | Time:00:00.05 | Mem:0.00M, Peak:0.00M | Scene, ViewLayer | Synchronizing object | Trousers.L
Fra:1 Mem:20.18M (Peak 20.18M) | Time:00:00.05 | Mem:0.00M, Peak:0.00M | Scene, ViewLayer | Synchronizing object | Sneaker_Sole.L
Fra:1 Mem:20.28M (Peak 20.28M) | Time:00:00.05 | Mem:0.00M, Peak:0.00M | Scene, ViewLayer | Synchronizing object | Sock.L
Fra:1 Mem:20.32M (Peak 20.32M) | Time:00:00.05 | Mem:0.00M, Peak:0.00M | Scene, ViewLayer | Synchronizing object | Lace_0.L
Fra:1 Mem:20.36M (Peak 20.36M) | Time:00:00.05 | Mem:0.00M, Peak:0.00M | Scene, ViewLayer | Synchronizing object | Lace_1.L
Fra:1 Mem:20.38M (Peak 20.38M) | Time:00:00.05 | Mem:0.00M, Peak:0.00M | Scene, ViewLayer | Synchronizing object | Lace_2.L
Fra:1 Mem:20.37M (Peak 20.38M) | Time:00:00.05 | Mem:0.00M, Peak:0.00M | Scene, ViewLayer | Synchronizing object | Lace_3.L
Fra:1 Mem:20.38M (Peak 20.38M) | Time:00:00.05 | Mem:0.00M, Peak:0.00M | Scene, ViewLayer | Synchronizing object | Heel_Tab.L
Fra:1 Mem:20.39M (Peak 20.39M) | Time:00:00.05 | Mem:0.00M, Peak:0.00M | Scene, ViewLayer | Synchronizing object | Sleeve_Cuff.R
Fra:1 Mem:20.38M (Peak 20.39M) | Time:00:00.05 | Mem:0.00M, Peak:0.00M | Scene, ViewLayer | Synchronizing object | Zip_Tape.R
Fra:1 Mem:20.40M (Peak 20.40M) | Time:00:00.05 | Mem:0.00M, Peak:0.00M | Scene, ViewLayer | Synchronizing object | Hood_Cord.R
Fra:1 Mem:20.51M (Peak 20.51M) | Time:00:00.07 | Mem:0.00M, Peak:0.00M | Scene, ViewLayer | Synchronizing object | Palm.R
Fra:1 Mem:20.51M (Peak 20.51M) | Time:00:00.07 | Mem:0.00M, Peak:0.00M | Scene, ViewLayer | Synchronizing object | Middle_Mesh.R
Fra:1 Mem:20.52M (Peak 20.52M) | Time:00:00.07 | Mem:0.00M, Peak:0.00M | Scene, ViewLayer | Synchronizing object | Ring_Mesh.R
Fra:1 Mem:20.56M (Peak 20.56M) | Time:00:00.07 | Mem:0.00M, Peak:0.00M | Scene, ViewLayer | Synchronizing object | Pinky_Mesh.R
Fra:1 Mem:20.56M (Peak 20.56M) | Time:00:00.07 | Mem:0.00M, Peak:0.00M | Scene, ViewLayer | Synchronizing object | Thumb_Mesh.R
Fra:1 Mem:20.74M (Peak 20.74M) | Time:00:00.10 | Mem:0.00M, Peak:0.00M | Scene, ViewLayer | Synchronizing object | Trousers.R
Fra:1 Mem:20.76M (Peak 20.76M) | Time:00:00.10 | Mem:0.00M, Peak:0.00M | Scene, ViewLayer | Synchronizing object | Sneaker_Sole.R
Fra:1 Mem:20.83M (Peak 20.83M) | Time:00:00.10 | Mem:0.00M, Peak:0.00M | Scene, ViewLayer | Synchronizing object | Sock.R
Fra:1 Mem:20.87M (Peak 20.87M) | Time:00:00.10 | Mem:0.00M, Peak:0.00M | Scene, ViewLayer | Synchronizing object | Lace_0.R
Fra:1 Mem:20.91M (Peak 20.91M) | Time:00:00.10 | Mem:0.00M, Peak:0.00M | Scene, ViewLayer | Synchronizing object | Lace_1.R
Fra:1 Mem:20.94M (Peak 20.94M) | Time:00:00.10 | Mem:0.00M, Peak:0.00M | Scene, ViewLayer | Synchronizing object | Lace_2.R
Fra:1 Mem:20.95M (Peak 20.95M) | Time:00:00.10 | Mem:0.00M, Peak:0.00M | Scene, ViewLayer | Synchronizing object | Lace_3.R
Fra:1 Mem:20.96M (Peak 20.96M) | Time:00:00.10 | Mem:0.00M, Peak:0.00M | Scene, ViewLayer | Synchronizing object | Heel_Tab.R
Fra:1 Mem:21.52M (Peak 21.52M) | Time:00:00.14 | Mem:0.00M, Peak:0.00M | Scene, ViewLayer | Synchronizing object | Jacket_ContinuousShoulders
Fra:1 Mem:22.57M (Peak 22.57M) | Time:00:00.54 | Mem:0.00M, Peak:0.00M | Scene, ViewLayer | Synchronizing object | Face_Head
Fra:1 Mem:23.11M (Peak 23.11M) | Time:00:00.55 | Mem:0.00M, Peak:0.00M | Scene, ViewLayer | Synchronizing object | Ear.L
Fra:1 Mem:23.11M (Peak 23.11M) | Time:00:00.55 | Mem:0.00M, Peak:0.00M | Scene, ViewLayer | Synchronizing object | Ear_Fold.L
Fra:1 Mem:23.19M (Peak 23.19M) | Time:00:00.55 | Mem:0.00M, Peak:0.00M | Scene, ViewLayer | Synchronizing object | Ear.R
Fra:1 Mem:23.20M (Peak 23.20M) | Time:00:00.55 | Mem:0.00M, Peak:0.00M | Scene, ViewLayer | Synchronizing object | Eye_White.L
Fra:1 Mem:23.22M (Peak 23.22M) | Time:00:00.55 | Mem:0.00M, Peak:0.00M | Scene, ViewLayer | Synchronizing object | Iris_ink.L
Fra:1 Mem:23.23M (Peak 23.23M) | Time:00:00.55 | Mem:0.00M, Peak:0.00M | Scene, ViewLayer | Synchronizing object | Eye_Glint.L
Fra:1 Mem:23.27M (Peak 23.27M) | Time:00:00.55 | Mem:0.00M, Peak:0.00M | Scene, ViewLayer | Synchronizing object | Upper_Lid.L
Fra:1 Mem:23.27M (Peak 23.27M) | Time:00:00.55 | Mem:0.00M, Peak:0.00M | Scene, ViewLayer | Synchronizing object | Eyebrow.L
Fra:1 Mem:23.28M (Peak 23.28M) | Time:00:00.55 | Mem:0.00M, Peak:0.00M | Scene, ViewLayer | Synchronizing object | Iris_hair.R
Fra:1 Mem:23.28M (Peak 23.28M) | Time:00:00.55 | Mem:0.00M, Peak:0.00M | Scene, ViewLayer | Synchronizing object | Iris_ink.R
Fra:1 Mem:23.31M (Peak 23.31M) | Time:00:00.55 | Mem:0.00M, Peak:0.00M | Scene, ViewLayer | Synchronizing object | Eye_Glint.R
Fra:1 Mem:23.31M (Peak 23.31M) | Time:00:00.55 | Mem:0.00M, Peak:0.00M | Scene, ViewLayer | Synchronizing object | Upper_Lid.R
Fra:1 Mem:23.32M (Peak 23.32M) | Time:00:00.55 | Mem:0.00M, Peak:0.00M | Scene, ViewLayer | Synchronizing object | Eyebrow.R
Fra:1 Mem:23.33M (Peak 23.33M) | Time:00:00.55 | Mem:0.00M, Peak:0.00M | Scene, ViewLayer | Synchronizing object | Nose
Fra:1 Mem:23.34M (Peak 23.34M) | Time:00:00.55 | Mem:0.00M, Peak:0.00M | Scene, ViewLayer | Synchronizing object | Mouth
Fra:1 Mem:23.35M (Peak 23.35M) | Time:00:00.55 | Mem:0.00M, Peak:0.00M | Scene, ViewLayer | Synchronizing object | Hair_Cap
Fra:1 Mem:23.35M (Peak 23.35M) | Time:00:00.55 | Mem:0.00M, Peak:0.00M | Scene, ViewLayer | Synchronizing object | Bangs_01
Fra:1 Mem:23.38M (Peak 23.38M) | Time:00:00.55 | Mem:0.00M, Peak:0.00M | Scene, ViewLayer | Synchronizing object | Bangs_02
Fra:1 Mem:23.39M (Peak 23.39M) | Time:00:00.55 | Mem:0.00M, Peak:0.00M | Scene, ViewLayer | Synchronizing object | Bangs_03
Fra:1 Mem:23.41M (Peak 23.41M) | Time:00:00.55 | Mem:0.00M, Peak:0.00M | Scene, ViewLayer | Synchronizing object | Bangs_04
Fra:1 Mem:23.45M (Peak 23.45M) | Time:00:00.55 | Mem:0.00M, Peak:0.00M | Scene, ViewLayer | Synchronizing object | Temple_0.L
Fra:1 Mem:23.46M (Peak 23.46M) | Time:00:00.55 | Mem:0.00M, Peak:0.00M | Scene, ViewLayer | Synchronizing object | Temple_3.L
Fra:1 Mem:23.48M (Peak 23.48M) | Time:00:00.55 | Mem:0.00M, Peak:0.00M | Scene, ViewLayer | Synchronizing object | Temple_4.L
Fra:1 Mem:23.48M (Peak 23.48M) | Time:00:00.55 | Mem:0.00M, Peak:0.00M | Scene, ViewLayer | Synchronizing object | Crown_0.L
Fra:1 Mem:23.50M (Peak 23.50M) | Time:00:00.55 | Mem:0.00M, Peak:0.00M | Scene, ViewLayer | Synchronizing object | Crown_1.L
Fra:1 Mem:23.50M (Peak 23.50M) | Time:00:00.55 | Mem:0.00M, Peak:0.00M | Scene, ViewLayer | Synchronizing object | Nape_0.L
Fra:1 Mem:23.53M (Peak 23.53M) | Time:00:00.55 | Mem:0.00M, Peak:0.00M | Scene, ViewLayer | Synchronizing object | Nape_1.L
Fra:1 Mem:23.54M (Peak 23.54M) | Time:00:00.55 | Mem:0.00M, Peak:0.00M | Scene, ViewLayer | Synchronizing object | Review_Key
Fra:1 Mem:23.55M (Peak 23.55M) | Time:00:00.55 | Mem:0.00M, Peak:0.00M | Scene, ViewLayer | Synchronizing object | Review_Ground
Fra:1 Mem:23.55M (Peak 23.55M) | Time:00:00.55 | Mem:0.00M, Peak:0.00M | Scene, ViewLayer | Synchronizing object | Temple_0.R
Fra:1 Mem:23.55M (Peak 23.55M) | Time:00:00.55 | Mem:0.00M, Peak:0.00M | Scene, ViewLayer | Synchronizing object | Temple_1.R
Fra:1 Mem:23.58M (Peak 23.58M) | Time:00:00.55 | Mem:0.00M, Peak:0.00M | Scene, ViewLayer | Synchronizing object | Tee_Bar
Fra:1 Mem:23.59M (Peak 23.59M) | Time:00:00.55 | Mem:0.00M, Peak:0.00M | Scene, ViewLayer | Synchronizing object | Temple_3.R
Fra:1 Mem:23.62M (Peak 23.62M) | Time:00:00.55 | Mem:0.00M, Peak:0.00M | Scene, ViewLayer | Synchronizing object | Temple_4.R
Fra:1 Mem:23.63M (Peak 23.63M) | Time:00:00.55 | Mem:0.00M, Peak:0.00M | Scene, ViewLayer | Synchronizing object | Crown_0.R
Fra:1 Mem:23.65M (Peak 23.65M) | Time:00:00.55 | Mem:0.00M, Peak:0.00M | Scene, ViewLayer | Synchronizing object | Crown_1.R
Fra:1 Mem:23.65M (Peak 23.65M) | Time:00:00.55 | Mem:0.00M, Peak:0.00M | Scene, ViewLayer | Synchronizing object | Nape_1.R
Fra:1 Mem:23.67M (Peak 23.67M) | Time:00:00.55 | Mem:0.00M, Peak:0.00M | Scene, ViewLayer | Synchronizing object | Tee_Dot_1.275
Fra:1 Mem:23.68M (Peak 23.68M) | Time:00:00.55 | Mem:0.00M, Peak:0.00M | Scene, ViewLayer | Synchronizing object | Nape_2.R
Fra:1 Mem:23.70M (Peak 23.70M) | Time:00:00.55 | Mem:0.00M, Peak:0.00M | Scene, ViewLayer | Synchronizing object | Nape_3.R
Fra:1 Mem:23.71M (Peak 23.71M) | Time:00:00.55 | Mem:0.00M, Peak:0.00M | Scene, ViewLayer | Synchronizing object | Back_Lock_6
Fra:1 Mem:23.72M (Peak 23.72M) | Time:00:00.55 | Mem:0.00M, Peak:0.00M | Scene, ViewLayer | Synchronizing object | Back_Lock_4
Fra:1 Mem:23.73M (Peak 23.73M) | Time:00:00.55 | Mem:0.00M, Peak:0.00M | Scene, ViewLayer | Synchronizing object | Back_Lock_5
Fra:1 Mem:23.78M (Peak 23.78M) | Time:00:00.55 | Mem:0.00M, Peak:0.00M | Scene, ViewLayer | Initializing
Fra:1 Mem:20.20M (Peak 23.78M) | Time:00:00.55 | Mem:0.00M, Peak:0.00M | Scene, ViewLayer | Updating Images | Loading CHR001_GreyStudy_BaseColor
Fra:1 Mem:20.90M (Peak 28.21M) | Time:00:00.56 | Mem:4.00M, Peak:4.00M | Scene, ViewLayer | Waiting for render to start
Fra:1 Mem:20.90M (Peak 28.21M) | Time:00:00.56 | Mem:4.00M, Peak:4.00M | Scene, ViewLayer | Updating Scene
Fra:1 Mem:20.90M (Peak 28.21M) | Time:00:00.56 | Mem:4.00M, Peak:4.00M | Scene, ViewLayer | Updating Shaders
Fra:1 Mem:20.90M (Peak 28.21M) | Time:00:00.56 | Mem:4.00M, Peak:4.00M | Scene, ViewLayer | Loading render kernels (may take a few minutes the first time)
Fra:1 Mem:20.98M (Peak 28.21M) | Time:00:00.56 | Mem:4.00M, Peak:4.00M | Scene, ViewLayer | Updating Procedurals
Fra:1 Mem:20.98M (Peak 28.21M) | Time:00:00.56 | Mem:4.00M, Peak:4.00M | Scene, ViewLayer | Updating Background
Fra:1 Mem:20.98M (Peak 28.21M) | Time:00:00.56 | Mem:4.00M, Peak:4.00M | Scene, ViewLayer | Updating Camera
Fra:1 Mem:20.98M (Peak 28.21M) | Time:00:00.56 | Mem:4.00M, Peak:4.00M | Scene, ViewLayer | Updating Meshes Flags
Fra:1 Mem:20.98M (Peak 28.21M) | Time:00:00.56 | Mem:4.00M, Peak:4.00M | Scene, ViewLayer | Updating Objects
Fra:1 Mem:20.98M (Peak 28.21M) | Time:00:00.56 | Mem:4.00M, Peak:4.00M | Scene, ViewLayer | Updating Objects | Copying Transformations to device
Fra:1 Mem:21.01M (Peak 28.21M) | Time:00:00.56 | Mem:4.02M, Peak:4.02M | Scene, ViewLayer | Updating Particle Systems
Fra:1 Mem:21.01M (Peak 28.21M) | Time:00:00.56 | Mem:4.02M, Peak:4.02M | Scene, ViewLayer | Updating Particle Systems | Copying Particles to device
Fra:1 Mem:21.01M (Peak 28.21M) | Time:00:00.56 | Mem:4.03M, Peak:4.03M | Scene, ViewLayer | Updating Meshes
Fra:1 Mem:21.01M (Peak 28.21M) | Time:00:00.56 | Mem:4.03M, Peak:4.03M | Scene, ViewLayer | Updating Objects | Applying Static Transformations
Fra:1 Mem:21.01M (Peak 28.21M) | Time:00:00.56 | Mem:4.03M, Peak:4.03M | Scene, ViewLayer | Updating Mesh | Computing attributes
Fra:1 Mem:21.87M (Peak 28.21M) | Time:00:00.56 | Mem:4.03M, Peak:4.03M | Scene, ViewLayer | Updating Mesh | Copying Attributes to device
Fra:1 Mem:21.85M (Peak 28.21M) | Time:00:00.56 | Mem:4.87M, Peak:4.87M | Scene, ViewLayer | Updating Scene BVH | Building
Fra:1 Mem:21.86M (Peak 28.21M) | Time:00:00.56 | Mem:4.87M, Peak:4.87M | Scene, ViewLayer | Updating Scene BVH | Building BVH
Fra:1 Mem:21.86M (Peak 28.21M) | Time:00:00.56 | Mem:5.76M, Peak:5.76M | Scene, ViewLayer | Updating Scene BVH | Building BVH 0%
Fra:1 Mem:21.86M (Peak 28.21M) | Time:00:00.57 | Mem:6.74M, Peak:7.63M | Scene, ViewLayer | Updating Scene BVH | Copying BVH to device
Fra:1 Mem:21.86M (Peak 28.21M) | Time:00:00.57 | Mem:6.74M, Peak:7.63M | Scene, ViewLayer | Updating Mesh | Computing normals
Fra:1 Mem:22.64M (Peak 28.21M) | Time:00:00.57 | Mem:6.74M, Peak:7.63M | Scene, ViewLayer | Updating Mesh | Copying Mesh to device
Fra:1 Mem:22.64M (Peak 28.21M) | Time:00:00.57 | Mem:7.52M, Peak:7.63M | Scene, ViewLayer | Updating Objects Flags
Fra:1 Mem:22.64M (Peak 28.21M) | Time:00:00.57 | Mem:7.53M, Peak:7.63M | Scene, ViewLayer | Updating Primitive Offsets
Fra:1 Mem:22.65M (Peak 28.21M) | Time:00:00.57 | Mem:7.53M, Peak:7.63M | Scene, ViewLayer | Updating Images
Fra:1 Mem:22.65M (Peak 28.21M) | Time:00:00.57 | Mem:7.53M, Peak:7.63M | Scene, ViewLayer | Updating Camera Volume
Fra:1 Mem:22.65M (Peak 28.21M) | Time:00:00.57 | Mem:7.53M, Peak:7.63M | Scene, ViewLayer | Updating Lookup Tables
Fra:1 Mem:22.65M (Peak 28.21M) | Time:00:00.57 | Mem:7.61M, Peak:7.63M | Scene, ViewLayer | Updating Lights
Fra:1 Mem:22.65M (Peak 28.21M) | Time:00:00.57 | Mem:7.61M, Peak:7.63M | Scene, ViewLayer | Updating Lights | Computing tree
Fra:1 Mem:22.65M (Peak 28.21M) | Time:00:00.57 | Mem:7.61M, Peak:7.63M | Scene, ViewLayer | Updating Integrator
Fra:1 Mem:22.65M (Peak 28.21M) | Time:00:00.57 | Mem:7.61M, Peak:7.63M | Scene, ViewLayer | Updating Film
Fra:1 Mem:22.65M (Peak 28.21M) | Time:00:00.57 | Mem:7.53M, Peak:7.63M | Scene, ViewLayer | Updating Lookup Tables
Fra:1 Mem:22.65M (Peak 28.21M) | Time:00:00.57 | Mem:7.61M, Peak:7.63M | Scene, ViewLayer | Updating Baking
Fra:1 Mem:22.65M (Peak 28.21M) | Time:00:00.57 | Mem:7.61M, Peak:7.63M | Scene, ViewLayer | Updating Device | Writing constant memory
Fra:1 Mem:22.65M (Peak 28.21M) | Time:00:00.57 | Mem:7.61M, Peak:7.63M | Scene, ViewLayer | Loading denoising kernels (may take a few minutes the first time)
Fra:1 Mem:22.65M (Peak 28.21M) | Time:00:00.57 | Mem:7.61M, Peak:7.63M | Scene, ViewLayer | Sample 0/24
Fra:1 Mem:72.83M (Peak 72.83M) | Time:00:00.76 | Remaining:00:04.55 | Mem:57.72M, Peak:57.72M | Scene, ViewLayer | Sample 1/24
Fra:1 Mem:93.93M (Peak 125.57M) | Time:00:07.67 | Mem:57.72M, Peak:57.72M | Scene, ViewLayer | Sample 24/24
Fra:1 Mem:93.93M (Peak 125.57M) | Time:00:07.67 | Mem:57.72M, Peak:57.72M | Scene, ViewLayer | Finished
Saved: '/home/lzzz/MyProjects/N-SIDE/output/characters/CHR-001/model-r3/before/face-side.png'
Time: 00:07.72 (Saving: 00:00.05)

Fra:1 Mem:19.67M (Peak 19.67M) | Time:00:00.00 | Mem:0.00M, Peak:0.00M | Scene, ViewLayer | Synchronizing object | TShirt
Fra:1 Mem:19.82M (Peak 19.82M) | Time:00:00.01 | Mem:0.00M, Peak:0.00M | Scene, ViewLayer | Synchronizing object | TShirt_Collar
Fra:1 Mem:19.83M (Peak 19.83M) | Time:00:00.01 | Mem:0.00M, Peak:0.00M | Scene, ViewLayer | Synchronizing object | Hood
Fra:1 Mem:19.86M (Peak 19.86M) | Time:00:00.01 | Mem:0.00M, Peak:0.00M | Scene, ViewLayer | Synchronizing object | Sleeve_Cuff.L
Fra:1 Mem:19.88M (Peak 19.88M) | Time:00:00.01 | Mem:0.00M, Peak:0.00M | Scene, ViewLayer | Synchronizing object | Hood_Cord.L
Fra:1 Mem:19.95M (Peak 19.95M) | Time:00:00.02 | Mem:0.00M, Peak:0.00M | Scene, ViewLayer | Synchronizing object | Palm.L
Fra:1 Mem:19.95M (Peak 19.95M) | Time:00:00.02 | Mem:0.00M, Peak:0.00M | Scene, ViewLayer | Synchronizing object | Middle_Mesh.L
Fra:1 Mem:19.96M (Peak 19.96M) | Time:00:00.02 | Mem:0.00M, Peak:0.00M | Scene, ViewLayer | Synchronizing object | Ring_Mesh.L
Fra:1 Mem:20.00M (Peak 20.00M) | Time:00:00.02 | Mem:0.00M, Peak:0.00M | Scene, ViewLayer | Synchronizing object | Thumb_Mesh.L
Fra:1 Mem:20.18M (Peak 20.18M) | Time:00:00.05 | Mem:0.00M, Peak:0.00M | Scene, ViewLayer | Synchronizing object | Trousers.L
Fra:1 Mem:20.18M (Peak 20.18M) | Time:00:00.05 | Mem:0.00M, Peak:0.00M | Scene, ViewLayer | Synchronizing object | Sneaker_Sole.L
Fra:1 Mem:20.23M (Peak 20.25M) | Time:00:00.05 | Mem:0.00M, Peak:0.00M | Scene, ViewLayer | Synchronizing object | Sock.L
Fra:1 Mem:20.31M (Peak 20.31M) | Time:00:00.05 | Mem:0.00M, Peak:0.00M | Scene, ViewLayer | Synchronizing object | Lace_0.L
Fra:1 Mem:20.36M (Peak 20.36M) | Time:00:00.05 | Mem:0.00M, Peak:0.00M | Scene, ViewLayer | Synchronizing object | Lace_1.L
Fra:1 Mem:20.37M (Peak 20.37M) | Time:00:00.05 | Mem:0.00M, Peak:0.00M | Scene, ViewLayer | Synchronizing object | Lace_2.L
Fra:1 Mem:20.38M (Peak 20.38M) | Time:00:00.05 | Mem:0.00M, Peak:0.00M | Scene, ViewLayer | Synchronizing object | Lace_3.L
Fra:1 Mem:20.37M (Peak 20.38M) | Time:00:00.05 | Mem:0.00M, Peak:0.00M | Scene, ViewLayer | Synchronizing object | Heel_Tab.L
Fra:1 Mem:20.38M (Peak 20.38M) | Time:00:00.05 | Mem:0.00M, Peak:0.00M | Scene, ViewLayer | Synchronizing object | Sleeve_Cuff.R
Fra:1 Mem:20.38M (Peak 20.38M) | Time:00:00.05 | Mem:0.00M, Peak:0.00M | Scene, ViewLayer | Synchronizing object | Zip_Tape.R
Fra:1 Mem:20.40M (Peak 20.40M) | Time:00:00.05 | Mem:0.00M, Peak:0.00M | Scene, ViewLayer | Synchronizing object | Hood_Cord.R
Fra:1 Mem:20.51M (Peak 20.51M) | Time:00:00.06 | Mem:0.00M, Peak:0.00M | Scene, ViewLayer | Synchronizing object | Palm.R
Fra:1 Mem:20.51M (Peak 20.51M) | Time:00:00.06 | Mem:0.00M, Peak:0.00M | Scene, ViewLayer | Synchronizing object | Index_Mesh.R
Fra:1 Mem:20.53M (Peak 20.53M) | Time:00:00.06 | Mem:0.00M, Peak:0.00M | Scene, ViewLayer | Synchronizing object | Middle_Mesh.R
Fra:1 Mem:20.55M (Peak 20.55M) | Time:00:00.06 | Mem:0.00M, Peak:0.00M | Scene, ViewLayer | Synchronizing object | Pinky_Mesh.R
Fra:1 Mem:20.55M (Peak 20.55M) | Time:00:00.06 | Mem:0.00M, Peak:0.00M | Scene, ViewLayer | Synchronizing object | Thumb_Mesh.R
Fra:1 Mem:20.74M (Peak 20.74M) | Time:00:00.10 | Mem:0.00M, Peak:0.00M | Scene, ViewLayer | Synchronizing object | Trousers.R
Fra:1 Mem:20.74M (Peak 20.74M) | Time:00:00.10 | Mem:0.00M, Peak:0.00M | Scene, ViewLayer | Synchronizing object | Sneaker_Sole.R
Fra:1 Mem:20.84M (Peak 20.84M) | Time:00:00.10 | Mem:0.00M, Peak:0.00M | Scene, ViewLayer | Synchronizing object | Sneaker_Upper.R
Fra:1 Mem:20.87M (Peak 20.87M) | Time:00:00.10 | Mem:0.00M, Peak:0.00M | Scene, ViewLayer | Synchronizing object | Lace_0.R
Fra:1 Mem:20.93M (Peak 20.93M) | Time:00:00.10 | Mem:0.00M, Peak:0.00M | Scene, ViewLayer | Synchronizing object | Lace_1.R
Fra:1 Mem:20.95M (Peak 20.95M) | Time:00:00.10 | Mem:0.00M, Peak:0.00M | Scene, ViewLayer | Synchronizing object | Lace_2.R
Fra:1 Mem:20.94M (Peak 20.95M) | Time:00:00.10 | Mem:0.00M, Peak:0.00M | Scene, ViewLayer | Synchronizing object | Heel_Tab.R
Fra:1 Mem:21.52M (Peak 21.52M) | Time:00:00.13 | Mem:0.00M, Peak:0.00M | Scene, ViewLayer | Synchronizing object | Jacket_ContinuousShoulders
Fra:1 Mem:22.57M (Peak 22.57M) | Time:00:00.54 | Mem:0.00M, Peak:0.00M | Scene, ViewLayer | Synchronizing object | Face_Head
Fra:1 Mem:23.11M (Peak 23.11M) | Time:00:00.54 | Mem:0.00M, Peak:0.00M | Scene, ViewLayer | Synchronizing object | Ear.L
Fra:1 Mem:23.12M (Peak 23.12M) | Time:00:00.54 | Mem:0.00M, Peak:0.00M | Scene, ViewLayer | Synchronizing object | Ear_Fold.L
Fra:1 Mem:23.19M (Peak 23.19M) | Time:00:00.55 | Mem:0.00M, Peak:0.00M | Scene, ViewLayer | Synchronizing object | Ear.R
Fra:1 Mem:23.19M (Peak 23.19M) | Time:00:00.55 | Mem:0.00M, Peak:0.00M | Scene, ViewLayer | Synchronizing object | Eye_White.L
Fra:1 Mem:23.22M (Peak 23.22M) | Time:00:00.55 | Mem:0.00M, Peak:0.00M | Scene, ViewLayer | Synchronizing object | Iris_ink.L
Fra:1 Mem:23.24M (Peak 23.24M) | Time:00:00.55 | Mem:0.00M, Peak:0.00M | Scene, ViewLayer | Synchronizing object | Eye_Glint.L
Fra:1 Mem:23.27M (Peak 23.27M) | Time:00:00.55 | Mem:0.00M, Peak:0.00M | Scene, ViewLayer | Synchronizing object | Upper_Lid.L
Fra:1 Mem:23.26M (Peak 23.27M) | Time:00:00.55 | Mem:0.00M, Peak:0.00M | Scene, ViewLayer | Synchronizing object | Iris_hair.R
Fra:1 Mem:23.29M (Peak 23.29M) | Time:00:00.55 | Mem:0.00M, Peak:0.00M | Scene, ViewLayer | Synchronizing object | Iris_ink.R
Fra:1 Mem:23.30M (Peak 23.30M) | Time:00:00.55 | Mem:0.00M, Peak:0.00M | Scene, ViewLayer | Synchronizing object | Eye_Glint.R
Fra:1 Mem:23.31M (Peak 23.31M) | Time:00:00.55 | Mem:0.00M, Peak:0.00M | Scene, ViewLayer | Synchronizing object | Lower_Lid.R
Fra:1 Mem:23.32M (Peak 23.32M) | Time:00:00.55 | Mem:0.00M, Peak:0.00M | Scene, ViewLayer | Synchronizing object | Eyebrow.R
Fra:1 Mem:23.34M (Peak 23.34M) | Time:00:00.55 | Mem:0.00M, Peak:0.00M | Scene, ViewLayer | Synchronizing object | Nose
Fra:1 Mem:23.35M (Peak 23.35M) | Time:00:00.55 | Mem:0.00M, Peak:0.00M | Scene, ViewLayer | Synchronizing object | Mouth
Fra:1 Mem:23.35M (Peak 23.35M) | Time:00:00.55 | Mem:0.00M, Peak:0.00M | Scene, ViewLayer | Synchronizing object | Bangs_02
Fra:1 Mem:23.38M (Peak 23.38M) | Time:00:00.55 | Mem:0.00M, Peak:0.00M | Scene, ViewLayer | Synchronizing object | Bangs_03
Fra:1 Mem:23.42M (Peak 23.42M) | Time:00:00.55 | Mem:0.00M, Peak:0.00M | Scene, ViewLayer | Synchronizing object | Bangs_04
Fra:1 Mem:23.42M (Peak 23.42M) | Time:00:00.55 | Mem:0.00M, Peak:0.00M | Scene, ViewLayer | Synchronizing object | Temple_1.L
Fra:1 Mem:23.44M (Peak 23.44M) | Time:00:00.55 | Mem:0.00M, Peak:0.00M | Scene, ViewLayer | Synchronizing object | Temple_2.L
Fra:1 Mem:23.48M (Peak 23.48M) | Time:00:00.55 | Mem:0.00M, Peak:0.00M | Scene, ViewLayer | Synchronizing object | Temple_3.L
Fra:1 Mem:23.50M (Peak 23.50M) | Time:00:00.55 | Mem:0.00M, Peak:0.00M | Scene, ViewLayer | Synchronizing object | Temple_4.L
Fra:1 Mem:23.50M (Peak 23.50M) | Time:00:00.55 | Mem:0.00M, Peak:0.00M | Scene, ViewLayer | Synchronizing object | Crown_1.L
Fra:1 Mem:23.52M (Peak 23.52M) | Time:00:00.55 | Mem:0.00M, Peak:0.00M | Scene, ViewLayer | Synchronizing object | Nape_0.L
Fra:1 Mem:23.55M (Peak 23.55M) | Time:00:00.55 | Mem:0.00M, Peak:0.00M | Scene, ViewLayer | Synchronizing object | Nape_1.L
Fra:1 Mem:23.54M (Peak 23.55M) | Time:00:00.55 | Mem:0.00M, Peak:0.00M | Scene, ViewLayer | Synchronizing object | Nape_2.L
Fra:1 Mem:23.58M (Peak 23.58M) | Time:00:00.55 | Mem:0.00M, Peak:0.00M | Scene, ViewLayer | Synchronizing object | Review_Rim
Fra:1 Mem:23.58M (Peak 23.58M) | Time:00:00.55 | Mem:0.00M, Peak:0.00M | Scene, ViewLayer | Synchronizing object | Temple_3.R
Fra:1 Mem:23.58M (Peak 23.58M) | Time:00:00.55 | Mem:0.00M, Peak:0.00M | Scene, ViewLayer | Synchronizing object | Review_Fill
Fra:1 Mem:23.59M (Peak 23.59M) | Time:00:00.55 | Mem:0.00M, Peak:0.00M | Scene, ViewLayer | Synchronizing object | Review_Key
Fra:1 Mem:23.59M (Peak 23.59M) | Time:00:00.55 | Mem:0.00M, Peak:0.00M | Scene, ViewLayer | Synchronizing object | Review_Ground
Fra:1 Mem:23.59M (Peak 23.59M) | Time:00:00.55 | Mem:0.00M, Peak:0.00M | Scene, ViewLayer | Synchronizing object | Temple_4.R
Fra:1 Mem:23.60M (Peak 23.60M) | Time:00:00.55 | Mem:0.00M, Peak:0.00M | Scene, ViewLayer | Synchronizing object | Tee_Bar
Fra:1 Mem:23.63M (Peak 23.63M) | Time:00:00.55 | Mem:0.00M, Peak:0.00M | Scene, ViewLayer | Synchronizing object | Crown_0.R
Fra:1 Mem:23.65M (Peak 23.65M) | Time:00:00.55 | Mem:0.00M, Peak:0.00M | Scene, ViewLayer | Synchronizing object | Crown_1.R
Fra:1 Mem:23.66M (Peak 23.66M) | Time:00:00.55 | Mem:0.00M, Peak:0.00M | Scene, ViewLayer | Synchronizing object | Nape_2.R
Fra:1 Mem:23.67M (Peak 23.67M) | Time:00:00.55 | Mem:0.00M, Peak:0.00M | Scene, ViewLayer | Synchronizing object | Nape_3.R
Fra:1 Mem:23.68M (Peak 23.68M) | Time:00:00.55 | Mem:0.00M, Peak:0.00M | Scene, ViewLayer | Synchronizing object | Tee_Dot_1.275
Fra:1 Mem:23.71M (Peak 23.71M) | Time:00:00.55 | Mem:0.00M, Peak:0.00M | Scene, ViewLayer | Synchronizing object | Back_Lock_3
Fra:1 Mem:23.71M (Peak 23.71M) | Time:00:00.55 | Mem:0.00M, Peak:0.00M | Scene, ViewLayer | Synchronizing object | Back_Lock_6
Fra:1 Mem:23.73M (Peak 23.73M) | Time:00:00.55 | Mem:0.00M, Peak:0.00M | Scene, ViewLayer | Synchronizing object | Back_Lock_4
Fra:1 Mem:23.74M (Peak 23.74M) | Time:00:00.55 | Mem:0.00M, Peak:0.00M | Scene, ViewLayer | Synchronizing object | Back_Lock_5
Fra:1 Mem:23.78M (Peak 23.78M) | Time:00:00.55 | Mem:0.00M, Peak:0.00M | Scene, ViewLayer | Initializing
Fra:1 Mem:20.20M (Peak 23.78M) | Time:00:00.55 | Mem:0.00M, Peak:0.00M | Scene, ViewLayer | Updating Images | Loading CHR001_GreyStudy_BaseColor
Fra:1 Mem:20.90M (Peak 28.21M) | Time:00:00.56 | Mem:4.00M, Peak:4.00M | Scene, ViewLayer | Waiting for render to start
Fra:1 Mem:20.90M (Peak 28.21M) | Time:00:00.56 | Mem:4.00M, Peak:4.00M | Scene, ViewLayer | Updating Scene
Fra:1 Mem:20.90M (Peak 28.21M) | Time:00:00.56 | Mem:4.00M, Peak:4.00M | Scene, ViewLayer | Updating Shaders
Fra:1 Mem:20.90M (Peak 28.21M) | Time:00:00.56 | Mem:4.00M, Peak:4.00M | Scene, ViewLayer | Loading render kernels (may take a few minutes the first time)
Fra:1 Mem:20.98M (Peak 28.21M) | Time:00:00.56 | Mem:4.00M, Peak:4.00M | Scene, ViewLayer | Updating Procedurals
Fra:1 Mem:20.98M (Peak 28.21M) | Time:00:00.56 | Mem:4.00M, Peak:4.00M | Scene, ViewLayer | Updating Background
Fra:1 Mem:20.98M (Peak 28.21M) | Time:00:00.56 | Mem:4.00M, Peak:4.00M | Scene, ViewLayer | Updating Camera
Fra:1 Mem:20.98M (Peak 28.21M) | Time:00:00.56 | Mem:4.00M, Peak:4.00M | Scene, ViewLayer | Updating Meshes Flags
Fra:1 Mem:20.98M (Peak 28.21M) | Time:00:00.56 | Mem:4.00M, Peak:4.00M | Scene, ViewLayer | Updating Objects
Fra:1 Mem:20.98M (Peak 28.21M) | Time:00:00.56 | Mem:4.00M, Peak:4.00M | Scene, ViewLayer | Updating Objects | Copying Transformations to device
Fra:1 Mem:21.01M (Peak 28.21M) | Time:00:00.56 | Mem:4.02M, Peak:4.02M | Scene, ViewLayer | Updating Particle Systems
Fra:1 Mem:21.01M (Peak 28.21M) | Time:00:00.56 | Mem:4.02M, Peak:4.02M | Scene, ViewLayer | Updating Particle Systems | Copying Particles to device
Fra:1 Mem:21.01M (Peak 28.21M) | Time:00:00.56 | Mem:4.03M, Peak:4.03M | Scene, ViewLayer | Updating Meshes
Fra:1 Mem:21.01M (Peak 28.21M) | Time:00:00.56 | Mem:4.03M, Peak:4.03M | Scene, ViewLayer | Updating Objects | Applying Static Transformations
Fra:1 Mem:21.01M (Peak 28.21M) | Time:00:00.56 | Mem:4.03M, Peak:4.03M | Scene, ViewLayer | Updating Mesh | Computing attributes
Fra:1 Mem:21.87M (Peak 28.21M) | Time:00:00.56 | Mem:4.03M, Peak:4.03M | Scene, ViewLayer | Updating Mesh | Copying Attributes to device
Fra:1 Mem:21.85M (Peak 28.21M) | Time:00:00.56 | Mem:4.87M, Peak:4.87M | Scene, ViewLayer | Updating Scene BVH | Building
Fra:1 Mem:21.86M (Peak 28.21M) | Time:00:00.56 | Mem:4.87M, Peak:4.87M | Scene, ViewLayer | Updating Scene BVH | Building BVH
Fra:1 Mem:21.86M (Peak 28.21M) | Time:00:00.56 | Mem:5.76M, Peak:5.76M | Scene, ViewLayer | Updating Scene BVH | Building BVH 0%
Fra:1 Mem:21.86M (Peak 28.21M) | Time:00:00.56 | Mem:6.74M, Peak:7.63M | Scene, ViewLayer | Updating Scene BVH | Copying BVH to device
Fra:1 Mem:21.86M (Peak 28.21M) | Time:00:00.56 | Mem:6.74M, Peak:7.63M | Scene, ViewLayer | Updating Mesh | Computing normals
Fra:1 Mem:22.64M (Peak 28.21M) | Time:00:00.56 | Mem:6.74M, Peak:7.63M | Scene, ViewLayer | Updating Mesh | Copying Mesh to device
Fra:1 Mem:22.64M (Peak 28.21M) | Time:00:00.56 | Mem:7.52M, Peak:7.63M | Scene, ViewLayer | Updating Objects Flags
Fra:1 Mem:22.64M (Peak 28.21M) | Time:00:00.56 | Mem:7.53M, Peak:7.63M | Scene, ViewLayer | Updating Primitive Offsets
Fra:1 Mem:22.65M (Peak 28.21M) | Time:00:00.56 | Mem:7.53M, Peak:7.63M | Scene, ViewLayer | Updating Images
Fra:1 Mem:22.65M (Peak 28.21M) | Time:00:00.56 | Mem:7.53M, Peak:7.63M | Scene, ViewLayer | Updating Camera Volume
Fra:1 Mem:22.65M (Peak 28.21M) | Time:00:00.56 | Mem:7.53M, Peak:7.63M | Scene, ViewLayer | Updating Lookup Tables
Fra:1 Mem:22.65M (Peak 28.21M) | Time:00:00.56 | Mem:7.61M, Peak:7.63M | Scene, ViewLayer | Updating Lights
Fra:1 Mem:22.65M (Peak 28.21M) | Time:00:00.56 | Mem:7.61M, Peak:7.63M | Scene, ViewLayer | Updating Lights | Computing tree
Fra:1 Mem:22.65M (Peak 28.21M) | Time:00:00.56 | Mem:7.61M, Peak:7.63M | Scene, ViewLayer | Updating Integrator
Fra:1 Mem:22.65M (Peak 28.21M) | Time:00:00.56 | Mem:7.61M, Peak:7.63M | Scene, ViewLayer | Updating Film
Fra:1 Mem:22.65M (Peak 28.21M) | Time:00:00.56 | Mem:7.53M, Peak:7.63M | Scene, ViewLayer | Updating Lookup Tables
Fra:1 Mem:22.65M (Peak 28.21M) | Time:00:00.56 | Mem:7.61M, Peak:7.63M | Scene, ViewLayer | Updating Baking
Fra:1 Mem:22.65M (Peak 28.21M) | Time:00:00.56 | Mem:7.61M, Peak:7.63M | Scene, ViewLayer | Updating Device | Writing constant memory
Fra:1 Mem:22.65M (Peak 28.21M) | Time:00:00.56 | Mem:7.61M, Peak:7.63M | Scene, ViewLayer | Loading denoising kernels (may take a few minutes the first time)
Fra:1 Mem:22.65M (Peak 28.21M) | Time:00:00.56 | Mem:7.61M, Peak:7.63M | Scene, ViewLayer | Sample 0/24
Fra:1 Mem:72.83M (Peak 72.83M) | Time:00:00.77 | Remaining:00:04.74 | Mem:57.72M, Peak:57.72M | Scene, ViewLayer | Sample 1/24
Fra:1 Mem:93.93M (Peak 125.57M) | Time:00:07.97 | Mem:57.72M, Peak:57.72M | Scene, ViewLayer | Sample 24/24
Fra:1 Mem:93.93M (Peak 125.57M) | Time:00:07.97 | Mem:57.72M, Peak:57.72M | Scene, ViewLayer | Finished
Saved: '/home/lzzz/MyProjects/N-SIDE/output/characters/CHR-001/model-r3/before/full-body.png'
Time: 00:08.02 (Saving: 00:00.04)


Blender quit
