2026-09-27T16:36:34.093350Z  INFO bevy_diagnostic::system_information_diagnostics_plugin::internal: SystemInfo { os: "Linux (CachyOS Linux rolling)", kernel: "7.2.6-1-cachyos", cpu: "AMD Ryzen 7 5700X 8-Core Processor", core_count: "8", memory: "15.5 GiB" }
2026-09-27T16:36:34.111771Z  INFO bevy_render::renderer: AdapterInfo { name: "AMD Radeon RX 6650 XT (RADV NAVI23)", vendor: 4098, device: 29679, device_type: DiscreteGpu, device_pci_bus_id: "0000:2d:00.0", driver: "radv", driver_info: "Mesa 26.2.3-arch3.1", backend: Vulkan, subgroup_min_size: 32, subgroup_max_size: 64, transient_saves_memory: false }
2026-09-27T16:36:34.186825Z  INFO bevy_pbr::cluster: GPU clustering is supported on this device.
2026-09-27T16:36:34.186849Z  INFO bevy_render::batching::gpu_preprocessing: GPU preprocessing is fully supported on this device.
2026-09-27T16:36:34.187385Z  INFO n_side::app: [game/state] title
ICU4X data error: No segmentation model for complex script: Chinese/Japanese
ICU4X data error: No segmentation model for complex script: Chinese/Japanese
ICU4X data error: No segmentation model for complex script: Chinese/Japanese
ICU4X data error: No segmentation model for complex script: Chinese/Japanese
ICU4X data error: No segmentation model for complex script: Chinese/Japanese
ICU4X data error: No segmentation model for complex script: Chinese/Japanese
2026-09-27T16:36:35.055150Z  INFO n_side::app: [game/state] loading
2026-09-27T16:36:35.055203Z ERROR n_side::app: /home/lzzz/MyProjects/N-SIDE/output/game-entry/2026-09-28/r1/missing-map-root/source-assets/district-map/district.json#: cannot read map: No such file or directory (os error 2); actual=<unread>
2026-09-27T16:36:35.055689Z  INFO n_side::capture: [capture/check] {"name":"required_assets_ready","passed":false}
2026-09-27T16:36:35.055695Z  INFO n_side::capture: [capture/check] {"expected":540,"name":"all_frames_saved","passed":false,"saved":60}
2026-09-27T16:36:35.055700Z  INFO n_side::capture: [capture/check] {"checked_frames":61,"name":"finite_transforms","passed":false}
2026-09-27T16:36:35.055703Z  INFO n_side::capture: [capture/check] {"distance":0.0,"enabled":false,"expected":{"enabled":false,"from":0,"game_page":"title","max_distance":null,"max_ui_scroll":null,"max_world_entities":0,"min_distance":null,"min_rotation":null,"min_ui_scroll":null,"min_world_entities":null,"name":"title_starts_without_world","same_world_entities":null,"to":59,"ui_device":null,"ui_focus":null,"ui_page":null,"ui_record":null,"ui_reduced_motion":null,"ui_scale":null,"world_ready":false},"name":"title_starts_without_world","passed":true,"rotation_radians":0.0}
2026-09-27T16:36:35.055711Z  INFO n_side::capture: [capture/check] {"distance":null,"enabled":null,"expected":{"enabled":false,"from":64,"game_page":"world","max_distance":0.00009999999747378752,"max_ui_scroll":null,"max_world_entities":null,"min_distance":null,"min_rotation":null,"min_ui_scroll":null,"min_world_entities":1,"name":"enter_loads_real_world","same_world_entities":null,"to":179,"ui_device":null,"ui_focus":null,"ui_page":null,"ui_record":null,"ui_reduced_motion":null,"ui_scale":null,"world_ready":true},"name":"enter_loads_real_world","passed":false,"rotation_radians":null}
2026-09-27T16:36:35.055717Z  INFO n_side::capture: [capture/check] {"distance":null,"enabled":null,"expected":{"enabled":null,"from":181,"game_page":"title","max_distance":null,"max_ui_scroll":null,"max_world_entities":0,"min_distance":null,"min_rotation":null,"min_ui_scroll":null,"min_world_entities":null,"name":"escape_clears_world","same_world_entities":null,"to":239,"ui_device":null,"ui_focus":null,"ui_page":null,"ui_record":null,"ui_reduced_motion":null,"ui_scale":null,"world_ready":false},"name":"escape_clears_world","passed":false,"rotation_radians":null}
2026-09-27T16:36:35.055724Z  INFO n_side::capture: [capture/check] {"distance":null,"enabled":null,"expected":{"enabled":null,"from":119,"game_page":"world","max_distance":null,"max_ui_scroll":null,"max_world_entities":null,"min_distance":null,"min_rotation":null,"min_ui_scroll":null,"min_world_entities":1,"name":"reentry_keeps_world_entity_count","same_world_entities":true,"to":329,"ui_device":null,"ui_focus":null,"ui_page":null,"ui_record":null,"ui_reduced_motion":null,"ui_scale":null,"world_ready":true},"name":"reentry_keeps_world_entity_count","passed":false,"rotation_radians":null}
2026-09-27T16:36:35.055733Z  INFO n_side::capture: [capture/check] {"distance":null,"enabled":null,"expected":{"enabled":false,"from":274,"game_page":"world","max_distance":0.00009999999747378752,"max_ui_scroll":null,"max_world_entities":null,"min_distance":null,"min_rotation":null,"min_ui_scroll":null,"min_world_entities":1,"name":"second_world_remains_stable","same_world_entities":null,"to":449,"ui_device":null,"ui_focus":null,"ui_page":null,"ui_record":null,"ui_reduced_motion":null,"ui_scale":null,"world_ready":true},"name":"second_world_remains_stable","passed":false,"rotation_radians":null}
2026-09-27T16:36:35.055742Z  INFO n_side::capture: [capture/check] {"distance":null,"enabled":null,"expected":{"enabled":null,"from":451,"game_page":"title","max_distance":null,"max_ui_scroll":null,"max_world_entities":0,"min_distance":null,"min_rotation":null,"min_ui_scroll":null,"min_world_entities":null,"name":"second_escape_clears_world","same_world_entities":true,"to":539,"ui_device":null,"ui_focus":null,"ui_page":null,"ui_record":null,"ui_reduced_motion":null,"ui_scale":null,"world_ready":false},"name":"second_escape_clears_world","passed":false,"rotation_radians":null}
2026-09-27T16:36:35.055749Z  INFO n_side::capture: [capture/check] {"distance":null,"enabled":null,"expected":{"enabled":null,"from":481,"game_page":"loading","max_distance":null,"max_ui_scroll":null,"max_world_entities":0,"min_distance":null,"min_rotation":null,"min_ui_scroll":null,"min_world_entities":null,"name":"third_entry_is_still_preparing_when_cancelled","same_world_entities":null,"to":481,"ui_device":null,"ui_focus":null,"ui_page":null,"ui_record":null,"ui_reduced_motion":null,"ui_scale":null,"world_ready":false},"name":"third_entry_is_still_preparing_when_cancelled","passed":false,"rotation_radians":null}
2026-09-27T16:36:35.055755Z  INFO n_side::capture: [capture/check] {"distance":null,"enabled":null,"expected":{"enabled":null,"from":485,"game_page":"title","max_distance":null,"max_ui_scroll":null,"max_world_entities":0,"min_distance":null,"min_rotation":null,"min_ui_scroll":null,"min_world_entities":null,"name":"cancel_returns_to_empty_title","same_world_entities":null,"to":539,"ui_device":null,"ui_focus":null,"ui_page":null,"ui_record":null,"ui_reduced_motion":null,"ui_scale":null,"world_ready":false},"name":"cancel_returns_to_empty_title","passed":false,"rotation_radians":null}
2026-09-27T16:36:35.055762Z ERROR n_side::capture: [capture/failed] game loading: /home/lzzz/MyProjects/N-SIDE/output/game-entry/2026-09-28/r1/missing-map-root/source-assets/district-map/district.json#: cannot read map: No such file or directory (os error 2); actual=<unread>
2026-09-27T16:36:35.055766Z  INFO n_side::capture: [capture/finished] status=FAIL saved=60 report=/home/lzzz/MyProjects/N-SIDE/output/game-entry/2026-09-28/r1/missing-map/state.json
ICU4X data error: No segmentation model for complex script: Chinese/Japanese
ICU4X data error: No segmentation model for complex script: Chinese/Japanese
ICU4X data error: No segmentation model for complex script: Chinese/Japanese
ICU4X data error: No segmentation model for complex script: Chinese/Japanese
2026-09-27T16:36:35.059539Z ERROR bevy_render::view::window::screenshot: Failed to send screenshot: sending on a closed channel
