2026-09-29T22:16:38.421247Z  INFO bevy_diagnostic::system_information_diagnostics_plugin::internal: SystemInfo { os: "Linux (CachyOS Linux rolling)", kernel: "7.2.8-1-cachyos", cpu: "AMD Ryzen 7 5700X 8-Core Processor", core_count: "8", memory: "15.5 GiB" }
2026-09-29T22:16:38.449693Z  INFO bevy_render::renderer: AdapterInfo { name: "AMD Radeon RX 6650 XT (RADV NAVI23)", vendor: 4098, device: 29679, device_type: DiscreteGpu, device_pci_bus_id: "0000:2d:00.0", driver: "radv", driver_info: "Mesa 26.2.3-arch3.1", backend: Vulkan, subgroup_min_size: 32, subgroup_max_size: 64, transient_saves_memory: false }
2026-09-29T22:16:38.551523Z  INFO bevy_pbr::cluster: GPU clustering is supported on this device.
2026-09-29T22:16:38.551553Z  INFO bevy_render::batching::gpu_preprocessing: GPU preprocessing is fully supported on this device.
2026-09-29T22:16:38.552348Z  INFO n_side::app: [game/state] title
ICU4X data error: No segmentation model for complex script: Chinese/Japanese
ICU4X data error: No segmentation model for complex script: Chinese/Japanese
ICU4X data error: No segmentation model for complex script: Chinese/Japanese
ICU4X data error: No segmentation model for complex script: Chinese/Japanese
ICU4X data error: No segmentation model for complex script: Chinese/Japanese
ICU4X data error: No segmentation model for complex script: Chinese/Japanese
ICU4X data error: No segmentation model for complex script: Chinese/Japanese
ICU4X data error: No segmentation model for complex script: Chinese/Japanese
2026-09-29T22:16:39.256148Z  INFO n_side::app: [game/state] loading
ICU4X data error: No segmentation model for complex script: Chinese/Japanese
ICU4X data error: No segmentation model for complex script: Chinese/Japanese
ICU4X data error: No segmentation model for complex script: Chinese/Japanese
ICU4X data error: No segmentation model for complex script: Chinese/Japanese
2026-09-29T22:16:52.717388Z  INFO n_side::app: [player/collision] triangles=606337 sources=3356
2026-09-29T22:16:52.801770Z  INFO n_side::world::scene: [world/ready] meshes=3363 model_instances=370 dependencies=40 failed=0 degraded=0 startup_seconds=0.079
2026-09-29T22:16:52.856259Z  INFO n_side::character: [character/load] characters/CHR-001/yao-grey-study.glb
ICU4X data error: No segmentation model for complex script: Chinese/Japanese
ICU4X data error: No segmentation model for complex script: Chinese/Japanese
ICU4X data error: No segmentation model for complex script: Chinese/Japanese
ICU4X data error: No segmentation model for complex script: Chinese/Japanese
ICU4X data error: No segmentation model for complex script: Chinese/Japanese
ICU4X data error: No segmentation model for complex script: Chinese/Japanese
ICU4X data error: No segmentation model for complex script: Chinese/Japanese
ICU4X data error: No segmentation model for complex script: Chinese/Japanese
ICU4X data error: No segmentation model for complex script: Chinese/Japanese
ICU4X data error: No segmentation model for complex script: Chinese/Japanese
ICU4X data error: No segmentation model for complex script: Chinese/Japanese
ICU4X data error: No segmentation model for complex script: Chinese/Japanese
ICU4X data error: No segmentation model for complex script: Chinese/Japanese
ICU4X data error: No segmentation model for complex script: Chinese/Japanese
ICU4X data error: No segmentation model for complex script: Chinese/Japanese
ICU4X data error: No segmentation model for complex script: Chinese/Japanese
2026-09-29T22:16:53.114235Z  INFO n_side::character: [character/ready] Some("CHR-001"): 1 skins with ink material, 34 targets, clips ["Idle", "Walk", "Run"]
2026-09-29T22:17:00.335527Z  INFO n_side::capture: [capture/check] {"name":"required_assets_ready","passed":true}
2026-09-29T22:17:00.335541Z  INFO n_side::capture: [capture/check] {"expected":240,"name":"all_frames_saved","passed":true,"saved":240}
2026-09-29T22:17:00.335546Z  INFO n_side::capture: [capture/check] {"checked_frames":240,"name":"finite_transforms","passed":true}
2026-09-29T22:17:00.335550Z  INFO n_side::capture: [capture/check] {"distance":0.0,"enabled":false,"expected":{"camera_sensitivity":null,"character":{"clip":"Idle","max_drift":null,"min_advance":0.2800000011920929,"min_clip_elapsed":null,"min_transitions":null,"paused":false,"ready":true},"configured_borderless":null,"configured_resolution":null,"display_pending":null,"enabled":null,"entry_device":null,"entry_focus":null,"from":50,"game_page":"world","gamepad_connected":null,"graphics":null,"graphics_page":null,"graphics_tab":null,"handoff":null,"inside_room":null,"max_distance":null,"max_player_camera_distance":null,"max_player_distance":null,"max_player_height":null,"max_player_jumps":null,"max_player_resets":null,"max_rotation":null,"max_ui_scroll":null,"max_world_entities":null,"min_distance":null,"min_player_camera_distance":null,"min_player_distance":null,"min_player_height":null,"min_player_jumps":null,"min_rotation":null,"min_ui_scroll":null,"min_world_entities":null,"name":"real world and idle character ready before orbit","observation_open":null,"observation_selected":null,"observation_target":null,"observation_visible":null,"place_gamepad":null,"place_id":null,"place_known":null,"place_name":null,"place_room":null,"place_visible":null,"player_blocked":null,"player_grounded":true,"player_sprinting":null,"pointer_locked":true,"progress_status":null,"restart_pending":null,"same_world_entities":null,"settings_open":null,"text_scale":null,"to":59,"ui_device":null,"ui_focus":null,"ui_page":null,"ui_record":null,"ui_reduced_motion":null,"ui_scale":null,"world_ready":true},"name":"real world and idle character ready before orbit","passed":true,"peak_rotation_radians":0.0,"rotation_radians":0.0}
2026-09-29T22:17:00.335571Z  INFO n_side::capture: [capture/check] {"distance":5.244481563568115,"enabled":false,"expected":{"camera_sensitivity":null,"character":null,"configured_borderless":null,"configured_resolution":null,"display_pending":null,"enabled":null,"entry_device":null,"entry_focus":null,"from":59,"game_page":null,"gamepad_connected":null,"graphics":null,"graphics_page":null,"graphics_tab":null,"handoff":null,"inside_room":null,"max_distance":null,"max_player_camera_distance":null,"max_player_distance":0.0010000000474974513,"max_player_height":null,"max_player_jumps":null,"max_player_resets":null,"max_rotation":1.649999976158142,"max_ui_scroll":null,"max_world_entities":null,"min_distance":null,"min_player_camera_distance":null,"min_player_distance":null,"min_player_height":null,"min_player_jumps":null,"min_rotation":1.5,"min_ui_scroll":null,"min_world_entities":null,"name":"locked mouse rotates from front to profile","observation_open":null,"observation_selected":null,"observation_target":null,"observation_visible":null,"place_gamepad":null,"place_id":null,"place_known":null,"place_name":null,"place_room":null,"place_visible":null,"player_blocked":null,"player_grounded":null,"player_sprinting":null,"pointer_locked":true,"progress_status":null,"restart_pending":null,"same_world_entities":null,"settings_open":null,"text_scale":null,"to":89,"ui_device":null,"ui_focus":null,"ui_page":null,"ui_record":null,"ui_reduced_motion":null,"ui_scale":null,"world_ready":null},"name":"locked mouse rotates from front to profile","passed":true,"peak_rotation_radians":1.5707963705062866,"rotation_radians":1.5707963705062866}
2026-09-29T22:17:00.335587Z  INFO n_side::capture: [capture/check] {"distance":7.41680908203125,"enabled":false,"expected":{"camera_sensitivity":null,"character":null,"configured_borderless":null,"configured_resolution":null,"display_pending":null,"enabled":null,"entry_device":null,"entry_focus":null,"from":59,"game_page":null,"gamepad_connected":null,"graphics":null,"graphics_page":null,"graphics_tab":null,"handoff":null,"inside_room":null,"max_distance":null,"max_player_camera_distance":null,"max_player_distance":0.0010000000474974513,"max_player_height":null,"max_player_jumps":null,"max_player_resets":null,"max_rotation":3.1500000953674316,"max_ui_scroll":null,"max_world_entities":null,"min_distance":null,"min_player_camera_distance":null,"min_player_distance":null,"min_player_height":null,"min_player_jumps":null,"min_rotation":3.049999952316284,"min_ui_scroll":null,"min_world_entities":null,"name":"locked mouse reaches the back after half a turn","observation_open":null,"observation_selected":null,"observation_target":null,"observation_visible":null,"place_gamepad":null,"place_id":null,"place_known":null,"place_name":null,"place_room":null,"place_visible":null,"player_blocked":null,"player_grounded":null,"player_sprinting":null,"pointer_locked":true,"progress_status":null,"restart_pending":null,"same_world_entities":null,"settings_open":null,"text_scale":null,"to":139,"ui_device":null,"ui_focus":null,"ui_page":null,"ui_record":null,"ui_reduced_motion":null,"ui_scale":null,"world_ready":null},"name":"locked mouse reaches the back after half a turn","passed":true,"peak_rotation_radians":3.1415905952453613,"rotation_radians":3.1415905952453613}
2026-09-29T22:17:00.335606Z  INFO n_side::capture: [capture/check] {"distance":6.852235794067383,"enabled":false,"expected":{"camera_sensitivity":null,"character":null,"configured_borderless":null,"configured_resolution":null,"display_pending":null,"enabled":null,"entry_device":null,"entry_focus":null,"from":159,"game_page":null,"gamepad_connected":null,"graphics":null,"graphics_page":null,"graphics_tab":null,"handoff":null,"inside_room":null,"max_distance":null,"max_player_camera_distance":null,"max_player_distance":0.0010000000474974513,"max_player_height":null,"max_player_jumps":null,"max_player_resets":null,"max_rotation":2.4000000953674316,"max_ui_scroll":null,"max_world_entities":null,"min_distance":null,"min_player_camera_distance":null,"min_player_distance":null,"min_player_height":null,"min_player_jumps":null,"min_rotation":2.299999952316284,"min_ui_scroll":null,"min_world_entities":null,"name":"return orbit exposes the front three-quarter view","observation_open":null,"observation_selected":null,"observation_target":null,"observation_visible":null,"place_gamepad":null,"place_id":null,"place_known":null,"place_name":null,"place_room":null,"place_visible":null,"player_blocked":null,"player_grounded":null,"player_sprinting":null,"pointer_locked":true,"progress_status":null,"restart_pending":null,"same_world_entities":null,"settings_open":null,"text_scale":null,"to":204,"ui_device":null,"ui_focus":null,"ui_page":null,"ui_record":null,"ui_reduced_motion":null,"ui_scale":null,"world_ready":null},"name":"return orbit exposes the front three-quarter view","passed":true,"peak_rotation_radians":2.3561923503875732,"rotation_radians":2.3561923503875732}
2026-09-29T22:17:00.335622Z  INFO n_side::capture: [capture/check] {"distance":2.838289976119995,"enabled":false,"expected":{"camera_sensitivity":null,"character":{"clip":"Idle","max_drift":null,"min_advance":6.25,"min_clip_elapsed":null,"min_transitions":null,"paused":false,"ready":true},"configured_borderless":null,"configured_resolution":null,"display_pending":null,"enabled":null,"entry_device":null,"entry_focus":null,"from":50,"game_page":"world","gamepad_connected":null,"graphics":null,"graphics_page":null,"graphics_tab":null,"handoff":null,"inside_room":null,"max_distance":null,"max_player_camera_distance":null,"max_player_distance":0.0010000000474974513,"max_player_height":null,"max_player_jumps":0,"max_player_resets":0,"max_rotation":null,"max_ui_scroll":null,"max_world_entities":null,"min_distance":null,"min_player_camera_distance":0.800000011920929,"min_player_distance":null,"min_player_height":null,"min_player_jumps":null,"min_rotation":null,"min_ui_scroll":null,"min_world_entities":null,"name":"idle animation advances while the grounded actor stays put","observation_open":null,"observation_selected":null,"observation_target":null,"observation_visible":null,"place_gamepad":null,"place_id":null,"place_known":null,"place_name":null,"place_room":null,"place_visible":null,"player_blocked":null,"player_grounded":true,"player_sprinting":null,"pointer_locked":null,"progress_status":null,"restart_pending":null,"same_world_entities":null,"settings_open":null,"text_scale":null,"to":239,"ui_device":null,"ui_focus":null,"ui_page":null,"ui_record":null,"ui_reduced_motion":null,"ui_scale":null,"world_ready":null},"name":"idle animation advances while the grounded actor stays put","passed":true,"peak_rotation_radians":3.1415905952453613,"rotation_radians":0.7853981852531433}
2026-09-29T22:17:00.335643Z  INFO n_side::capture: [capture/check] {"distance":0.0,"enabled":false,"expected":{"camera_sensitivity":null,"character":null,"configured_borderless":null,"configured_resolution":null,"display_pending":null,"enabled":null,"entry_device":null,"entry_focus":null,"from":219,"game_page":null,"gamepad_connected":null,"graphics":null,"graphics_page":null,"graphics_tab":null,"handoff":null,"inside_room":null,"max_distance":0.00009999999747378752,"max_player_camera_distance":null,"max_player_distance":0.0010000000474974513,"max_player_height":null,"max_player_jumps":null,"max_player_resets":null,"max_rotation":0.00009999999747378752,"max_ui_scroll":null,"max_world_entities":null,"min_distance":null,"min_player_camera_distance":null,"min_player_distance":null,"min_player_height":null,"min_player_jumps":null,"min_rotation":null,"min_ui_scroll":null,"min_world_entities":null,"name":"final idle view is stable after releasing mouse input","observation_open":null,"observation_selected":null,"observation_target":null,"observation_visible":null,"place_gamepad":null,"place_id":null,"place_known":null,"place_name":null,"place_room":null,"place_visible":null,"player_blocked":null,"player_grounded":null,"player_sprinting":null,"pointer_locked":true,"progress_status":null,"restart_pending":null,"same_world_entities":null,"settings_open":null,"text_scale":null,"to":239,"ui_device":null,"ui_focus":null,"ui_page":null,"ui_record":null,"ui_reduced_motion":null,"ui_scale":null,"world_ready":null},"name":"final idle view is stable after releasing mouse input","passed":true,"peak_rotation_radians":0.0,"rotation_radians":0.0}
2026-09-29T22:17:00.335660Z  INFO n_side::capture: [capture/finished] status=PASS saved=240 report=/home/lzzz/MyProjects/N-SIDE/output/capture/task047-material-after-r1/state.json
