   Compiling n-side v0.1.0 (/home/lzzz/MyProjects/N-SIDE/game)
    Finished `test` profile [optimized + debuginfo] target(s) in 32.81s
     Running unittests src/lib.rs (target/debug/deps/n_side-5e961ca7daca702b)

running 9 tests
test app::tests::focus_events_preserve_menu_loading_and_windowless_world ... ok
test app::tests::focus_loss_freezes_falling_session_and_requires_explicit_release_to_resume ... [focus/open] ticks=1 before=Vec3(101.400085, 27.512169, -255.0) after=Vec3(101.400085, 27.512169, -255.0) resets=0 next=PendingIfNeq(Paused)
[focus/open] ticks=0 before=Vec3(101.400085, 27.512169, -255.0) after=Vec3(101.400085, 27.512169, -255.0) resets=0 next=PendingIfNeq(Paused)
[focus/open] ticks=3 before=Vec3(101.400085, 27.512169, -255.0) after=Vec3(101.400085, 27.512169, -255.0) resets=0 next=PendingIfNeq(Paused)
ok
test app::tests::focus_round_trip_rejects_same_frame_actions_and_late_keyboard_repeats ... [focus/repeat] key=Enter phase=Paused next=Unchanged
[focus/repeat] key=Escape phase=Paused next=Unchanged
[focus/repeat] key=Tab phase=Paused next=Unchanged
ok
test app::tests::focus_round_trip_without_input_still_pauses ... ok
test app::tests::keyboard_gamepad_and_mouse_use_the_real_entry_actions ... ok
test app::tests::pause_actions_resume_one_body_and_title_cleans_reentry ... ok
test app::tests::pause_blocks_same_frame_and_held_gameplay_input_until_release ... ok
test app::tests::real_preparation_failure_can_return_and_retry ... ok
test app::tests::returning_to_title_cancels_pending_preparation_without_removing_the_camera ... ok

test result: ok. 9 passed; 0 failed; 0 ignored; 0 measured; 42 filtered out; finished in 0.31s
