Info: Saved as "pine-street.blend"
PINE vertices=16207 triangles=6510 seed=49031
INFO Draco mesh compression is available, use library at /home/lzzz/MyProjects/N-SIDE/output/tools/blender-4.5.14-linux-x64/4.5/scripts/addons_core/io_scene_gltf2/libextern_draco.so
04:02:22 | INFO: Starting glTF 2.0 export
04:02:22 | INFO: Extracting primitive: PineStreet
04:02:22 | WARNING: The active Vertex Color will not be exported, as it is not used in the node tree of the material
04:02:22 | INFO: Primitives created: 2
04:02:22 | INFO: Finished glTF 2.0 export in 0.016706228256225586 s
Blender 4.5.14 LTS (hash 62c1db4208e8 built 2026-09-15 01:31:19)
Fra:1 Mem:11.51M (Peak 11.51M) | Time:00:00.00 | Mem:0.00M, Peak:0.00M | Scene, ViewLayer | Synchronizing object | PineStreet
Fra:1 Mem:11.51M (Peak 11.51M) | Time:00:00.00 | Mem:0.00M, Peak:0.00M | Scene, ViewLayer | Synchronizing object | Plane
Fra:1 Mem:12.99M (Peak 12.99M) | Time:00:00.00 | Mem:0.00M, Peak:0.00M | Scene, ViewLayer | Initializing
Fra:1 Mem:12.98M (Peak 12.99M) | Time:00:00.00 | Mem:0.00M, Peak:0.00M | Scene, ViewLayer | Updating Images | Loading bark-color.png
Fra:1 Mem:13.23M (Peak 13.23M) | Time:00:00.00 | Mem:0.50M, Peak:0.50M | Scene, ViewLayer | Waiting for render to start
Fra:1 Mem:13.23M (Peak 13.23M) | Time:00:00.00 | Mem:0.50M, Peak:0.50M | Scene, ViewLayer | Updating Scene
Fra:1 Mem:13.23M (Peak 13.23M) | Time:00:00.00 | Mem:0.50M, Peak:0.50M | Scene, ViewLayer | Updating Shaders
Fra:1 Mem:13.23M (Peak 13.23M) | Time:00:00.00 | Mem:0.50M, Peak:0.50M | Scene, ViewLayer | Loading render kernels (may take a few minutes the first time)
Fra:1 Mem:13.31M (Peak 13.31M) | Time:00:00.00 | Mem:0.50M, Peak:0.50M | Scene, ViewLayer | Updating Procedurals
Fra:1 Mem:13.31M (Peak 13.31M) | Time:00:00.00 | Mem:0.50M, Peak:0.50M | Scene, ViewLayer | Updating Background
Fra:1 Mem:13.31M (Peak 13.31M) | Time:00:00.00 | Mem:0.50M, Peak:0.50M | Scene, ViewLayer | Updating Camera
Fra:1 Mem:13.31M (Peak 13.31M) | Time:00:00.00 | Mem:0.50M, Peak:0.50M | Scene, ViewLayer | Updating Meshes Flags
Fra:1 Mem:13.31M (Peak 13.31M) | Time:00:00.00 | Mem:0.50M, Peak:0.50M | Scene, ViewLayer | Updating Objects
Fra:1 Mem:13.31M (Peak 13.31M) | Time:00:00.00 | Mem:0.50M, Peak:0.50M | Scene, ViewLayer | Updating Objects | Copying Transformations to device
Fra:1 Mem:13.31M (Peak 13.31M) | Time:00:00.00 | Mem:0.50M, Peak:0.50M | Scene, ViewLayer | Updating Particle Systems
Fra:1 Mem:13.31M (Peak 13.31M) | Time:00:00.00 | Mem:0.50M, Peak:0.50M | Scene, ViewLayer | Updating Particle Systems | Copying Particles to device
Fra:1 Mem:13.31M (Peak 13.31M) | Time:00:00.00 | Mem:0.50M, Peak:0.50M | Scene, ViewLayer | Updating Meshes
Fra:1 Mem:13.31M (Peak 13.31M) | Time:00:00.00 | Mem:0.50M, Peak:0.50M | Scene, ViewLayer | Updating Objects | Applying Static Transformations
Fra:1 Mem:13.31M (Peak 13.31M) | Time:00:00.00 | Mem:0.50M, Peak:0.50M | Scene, ViewLayer | Updating Mesh | Computing attributes
Fra:1 Mem:13.95M (Peak 13.95M) | Time:00:00.00 | Mem:0.50M, Peak:0.50M | Scene, ViewLayer | Updating Mesh | Copying Attributes to device
Fra:1 Mem:13.95M (Peak 13.95M) | Time:00:00.00 | Mem:1.14M, Peak:1.14M | Scene, ViewLayer | Updating Scene BVH | Building
Fra:1 Mem:13.95M (Peak 13.95M) | Time:00:00.00 | Mem:1.14M, Peak:1.14M | Scene, ViewLayer | Updating Scene BVH | Building BVH
Fra:1 Mem:13.95M (Peak 13.95M) | Time:00:00.00 | Mem:1.33M, Peak:1.33M | Scene, ViewLayer | Updating Scene BVH | Building BVH 0%
Fra:1 Mem:13.95M (Peak 13.95M) | Time:00:00.00 | Mem:1.55M, Peak:1.75M | Scene, ViewLayer | Updating Scene BVH | Copying BVH to device
Fra:1 Mem:13.95M (Peak 13.95M) | Time:00:00.00 | Mem:1.55M, Peak:1.75M | Scene, ViewLayer | Updating Mesh | Computing normals
Fra:1 Mem:14.42M (Peak 14.42M) | Time:00:00.00 | Mem:1.55M, Peak:1.75M | Scene, ViewLayer | Updating Mesh | Copying Mesh to device
Fra:1 Mem:14.42M (Peak 14.42M) | Time:00:00.00 | Mem:2.02M, Peak:2.02M | Scene, ViewLayer | Updating Objects Flags
Fra:1 Mem:14.42M (Peak 14.42M) | Time:00:00.00 | Mem:2.02M, Peak:2.02M | Scene, ViewLayer | Updating Primitive Offsets
Fra:1 Mem:14.42M (Peak 14.42M) | Time:00:00.00 | Mem:2.02M, Peak:2.02M | Scene, ViewLayer | Updating Images
Fra:1 Mem:14.42M (Peak 14.42M) | Time:00:00.00 | Mem:2.02M, Peak:2.02M | Scene, ViewLayer | Updating Camera Volume
Fra:1 Mem:14.42M (Peak 14.42M) | Time:00:00.00 | Mem:2.02M, Peak:2.02M | Scene, ViewLayer | Updating Lookup Tables
Fra:1 Mem:14.42M (Peak 14.42M) | Time:00:00.00 | Mem:2.10M, Peak:2.10M | Scene, ViewLayer | Updating Lights
Fra:1 Mem:14.42M (Peak 14.42M) | Time:00:00.00 | Mem:2.11M, Peak:2.11M | Scene, ViewLayer | Updating Lights | Computing tree
Fra:1 Mem:14.42M (Peak 14.42M) | Time:00:00.00 | Mem:2.11M, Peak:2.11M | Scene, ViewLayer | Updating Integrator
Fra:1 Mem:14.42M (Peak 14.42M) | Time:00:00.00 | Mem:2.11M, Peak:2.11M | Scene, ViewLayer | Updating Film
Fra:1 Mem:14.42M (Peak 14.42M) | Time:00:00.00 | Mem:2.02M, Peak:2.11M | Scene, ViewLayer | Updating Lookup Tables
Fra:1 Mem:14.42M (Peak 14.42M) | Time:00:00.00 | Mem:2.11M, Peak:2.11M | Scene, ViewLayer | Updating Baking
Fra:1 Mem:14.42M (Peak 14.42M) | Time:00:00.00 | Mem:2.11M, Peak:2.11M | Scene, ViewLayer | Updating Device | Writing constant memory
Fra:1 Mem:14.42M (Peak 14.42M) | Time:00:00.00 | Mem:2.11M, Peak:2.11M | Scene, ViewLayer | Loading denoising kernels (may take a few minutes the first time)
Fra:1 Mem:14.42M (Peak 14.42M) | Time:00:00.00 | Mem:2.11M, Peak:2.11M | Scene, ViewLayer | Sample 0/24
Fra:1 Mem:58.30M (Peak 58.30M) | Time:00:00.28 | Remaining:00:06.45 | Mem:45.96M, Peak:45.96M | Scene, ViewLayer | Sample 1/24
Fra:1 Mem:76.76M (Peak 104.45M) | Time:00:10.17 | Mem:45.96M, Peak:45.96M | Scene, ViewLayer | Sample 24/24
Fra:1 Mem:76.76M (Peak 104.45M) | Time:00:10.17 | Mem:45.96M, Peak:45.96M | Scene, ViewLayer | Finished
Saved: 'output/assets/task049-pine-r1/after/pine-0.png'
Time: 00:10.29 (Saving: 00:00.12)

Fra:1 Mem:11.69M (Peak 11.69M) | Time:00:00.00 | Mem:0.00M, Peak:0.00M | Scene, ViewLayer | Synchronizing object | PineStreet
Fra:1 Mem:11.69M (Peak 11.69M) | Time:00:00.00 | Mem:0.00M, Peak:0.00M | Scene, ViewLayer | Synchronizing object | Plane
Fra:1 Mem:12.99M (Peak 12.99M) | Time:00:00.00 | Mem:0.00M, Peak:0.00M | Scene, ViewLayer | Initializing
Fra:1 Mem:12.98M (Peak 12.99M) | Time:00:00.00 | Mem:0.00M, Peak:0.00M | Scene, ViewLayer | Updating Images | Loading bark-color.png
Fra:1 Mem:13.23M (Peak 13.23M) | Time:00:00.00 | Mem:0.50M, Peak:0.50M | Scene, ViewLayer | Waiting for render to start
Fra:1 Mem:13.23M (Peak 13.23M) | Time:00:00.00 | Mem:0.50M, Peak:0.50M | Scene, ViewLayer | Updating Scene
Fra:1 Mem:13.23M (Peak 13.23M) | Time:00:00.00 | Mem:0.50M, Peak:0.50M | Scene, ViewLayer | Updating Shaders
Fra:1 Mem:13.23M (Peak 13.23M) | Time:00:00.00 | Mem:0.50M, Peak:0.50M | Scene, ViewLayer | Loading render kernels (may take a few minutes the first time)
Fra:1 Mem:13.31M (Peak 13.31M) | Time:00:00.00 | Mem:0.50M, Peak:0.50M | Scene, ViewLayer | Updating Procedurals
Fra:1 Mem:13.31M (Peak 13.31M) | Time:00:00.00 | Mem:0.50M, Peak:0.50M | Scene, ViewLayer | Updating Background
Fra:1 Mem:13.31M (Peak 13.31M) | Time:00:00.00 | Mem:0.50M, Peak:0.50M | Scene, ViewLayer | Updating Camera
Fra:1 Mem:13.31M (Peak 13.31M) | Time:00:00.00 | Mem:0.50M, Peak:0.50M | Scene, ViewLayer | Updating Meshes Flags
Fra:1 Mem:13.31M (Peak 13.31M) | Time:00:00.00 | Mem:0.50M, Peak:0.50M | Scene, ViewLayer | Updating Objects
Fra:1 Mem:13.31M (Peak 13.31M) | Time:00:00.00 | Mem:0.50M, Peak:0.50M | Scene, ViewLayer | Updating Objects | Copying Transformations to device
Fra:1 Mem:13.31M (Peak 13.31M) | Time:00:00.00 | Mem:0.50M, Peak:0.50M | Scene, ViewLayer | Updating Particle Systems
Fra:1 Mem:13.31M (Peak 13.31M) | Time:00:00.00 | Mem:0.50M, Peak:0.50M | Scene, ViewLayer | Updating Particle Systems | Copying Particles to device
Fra:1 Mem:13.31M (Peak 13.31M) | Time:00:00.00 | Mem:0.50M, Peak:0.50M | Scene, ViewLayer | Updating Meshes
Fra:1 Mem:13.31M (Peak 13.31M) | Time:00:00.00 | Mem:0.50M, Peak:0.50M | Scene, ViewLayer | Updating Objects | Applying Static Transformations
Fra:1 Mem:13.31M (Peak 13.31M) | Time:00:00.00 | Mem:0.50M, Peak:0.50M | Scene, ViewLayer | Updating Mesh | Computing attributes
Fra:1 Mem:13.95M (Peak 13.95M) | Time:00:00.00 | Mem:0.50M, Peak:0.50M | Scene, ViewLayer | Updating Mesh | Copying Attributes to device
Fra:1 Mem:13.95M (Peak 13.95M) | Time:00:00.00 | Mem:1.14M, Peak:1.14M | Scene, ViewLayer | Updating Scene BVH | Building
Fra:1 Mem:13.95M (Peak 13.95M) | Time:00:00.00 | Mem:1.14M, Peak:1.14M | Scene, ViewLayer | Updating Scene BVH | Building BVH
Fra:1 Mem:13.95M (Peak 13.95M) | Time:00:00.00 | Mem:1.33M, Peak:1.33M | Scene, ViewLayer | Updating Scene BVH | Building BVH 0%
Fra:1 Mem:13.95M (Peak 13.95M) | Time:00:00.00 | Mem:1.55M, Peak:1.75M | Scene, ViewLayer | Updating Scene BVH | Copying BVH to device
Fra:1 Mem:13.95M (Peak 13.95M) | Time:00:00.00 | Mem:1.55M, Peak:1.75M | Scene, ViewLayer | Updating Mesh | Computing normals
Fra:1 Mem:14.42M (Peak 14.42M) | Time:00:00.00 | Mem:1.55M, Peak:1.75M | Scene, ViewLayer | Updating Mesh | Copying Mesh to device
Fra:1 Mem:14.42M (Peak 14.42M) | Time:00:00.00 | Mem:2.02M, Peak:2.02M | Scene, ViewLayer | Updating Objects Flags
Fra:1 Mem:14.42M (Peak 14.42M) | Time:00:00.00 | Mem:2.02M, Peak:2.02M | Scene, ViewLayer | Updating Primitive Offsets
Fra:1 Mem:14.42M (Peak 14.42M) | Time:00:00.00 | Mem:2.02M, Peak:2.02M | Scene, ViewLayer | Updating Images
Fra:1 Mem:14.42M (Peak 14.42M) | Time:00:00.00 | Mem:2.02M, Peak:2.02M | Scene, ViewLayer | Updating Camera Volume
Fra:1 Mem:14.42M (Peak 14.42M) | Time:00:00.00 | Mem:2.02M, Peak:2.02M | Scene, ViewLayer | Updating Lookup Tables
Fra:1 Mem:14.42M (Peak 14.42M) | Time:00:00.00 | Mem:2.10M, Peak:2.10M | Scene, ViewLayer | Updating Lights
Fra:1 Mem:14.42M (Peak 14.42M) | Time:00:00.00 | Mem:2.11M, Peak:2.11M | Scene, ViewLayer | Updating Lights | Computing tree
Fra:1 Mem:14.42M (Peak 14.42M) | Time:00:00.00 | Mem:2.11M, Peak:2.11M | Scene, ViewLayer | Updating Integrator
Fra:1 Mem:14.42M (Peak 14.42M) | Time:00:00.00 | Mem:2.11M, Peak:2.11M | Scene, ViewLayer | Updating Film
Fra:1 Mem:14.42M (Peak 14.42M) | Time:00:00.00 | Mem:2.02M, Peak:2.11M | Scene, ViewLayer | Updating Lookup Tables
Fra:1 Mem:14.42M (Peak 14.42M) | Time:00:00.00 | Mem:2.11M, Peak:2.11M | Scene, ViewLayer | Updating Baking
Fra:1 Mem:14.42M (Peak 14.42M) | Time:00:00.00 | Mem:2.11M, Peak:2.11M | Scene, ViewLayer | Updating Device | Writing constant memory
Fra:1 Mem:14.42M (Peak 14.42M) | Time:00:00.00 | Mem:2.11M, Peak:2.11M | Scene, ViewLayer | Loading denoising kernels (may take a few minutes the first time)
Fra:1 Mem:14.42M (Peak 14.42M) | Time:00:00.00 | Mem:2.11M, Peak:2.11M | Scene, ViewLayer | Sample 0/24
Fra:1 Mem:58.30M (Peak 58.30M) | Time:00:00.29 | Remaining:00:06.75 | Mem:45.96M, Peak:45.96M | Scene, ViewLayer | Sample 1/24
Fra:1 Mem:76.76M (Peak 104.45M) | Time:00:09.64 | Mem:45.96M, Peak:45.96M | Scene, ViewLayer | Sample 24/24
Fra:1 Mem:76.76M (Peak 104.45M) | Time:00:09.64 | Mem:45.96M, Peak:45.96M | Scene, ViewLayer | Finished
Saved: 'output/assets/task049-pine-r1/after/pine-1.png'
Time: 00:09.70 (Saving: 00:00.06)

Fra:1 Mem:11.69M (Peak 11.69M) | Time:00:00.00 | Mem:0.00M, Peak:0.00M | Scene, ViewLayer | Synchronizing object | PineStreet
Fra:1 Mem:11.69M (Peak 11.69M) | Time:00:00.00 | Mem:0.00M, Peak:0.00M | Scene, ViewLayer | Synchronizing object | Area
Fra:1 Mem:12.05M (Peak 12.05M) | Time:00:00.00 | Mem:0.00M, Peak:0.00M | Scene, ViewLayer | Synchronizing object | Plane
Fra:1 Mem:12.99M (Peak 13.24M) | Time:00:00.00 | Mem:0.00M, Peak:0.00M | Scene, ViewLayer | Initializing
Fra:1 Mem:12.98M (Peak 13.24M) | Time:00:00.00 | Mem:0.00M, Peak:0.00M | Scene, ViewLayer | Updating Images | Loading bark-color.png
Fra:1 Mem:13.23M (Peak 13.24M) | Time:00:00.00 | Mem:0.50M, Peak:0.50M | Scene, ViewLayer | Waiting for render to start
Fra:1 Mem:13.23M (Peak 13.24M) | Time:00:00.00 | Mem:0.50M, Peak:0.50M | Scene, ViewLayer | Updating Scene
Fra:1 Mem:13.23M (Peak 13.24M) | Time:00:00.00 | Mem:0.50M, Peak:0.50M | Scene, ViewLayer | Updating Shaders
Fra:1 Mem:13.23M (Peak 13.24M) | Time:00:00.00 | Mem:0.50M, Peak:0.50M | Scene, ViewLayer | Loading render kernels (may take a few minutes the first time)
Fra:1 Mem:13.31M (Peak 13.31M) | Time:00:00.00 | Mem:0.50M, Peak:0.50M | Scene, ViewLayer | Updating Procedurals
Fra:1 Mem:13.31M (Peak 13.31M) | Time:00:00.00 | Mem:0.50M, Peak:0.50M | Scene, ViewLayer | Updating Background
Fra:1 Mem:13.31M (Peak 13.31M) | Time:00:00.00 | Mem:0.50M, Peak:0.50M | Scene, ViewLayer | Updating Camera
Fra:1 Mem:13.31M (Peak 13.31M) | Time:00:00.00 | Mem:0.50M, Peak:0.50M | Scene, ViewLayer | Updating Meshes Flags
Fra:1 Mem:13.31M (Peak 13.31M) | Time:00:00.00 | Mem:0.50M, Peak:0.50M | Scene, ViewLayer | Updating Objects
Fra:1 Mem:13.31M (Peak 13.31M) | Time:00:00.00 | Mem:0.50M, Peak:0.50M | Scene, ViewLayer | Updating Objects | Copying Transformations to device
Fra:1 Mem:13.31M (Peak 13.31M) | Time:00:00.00 | Mem:0.50M, Peak:0.50M | Scene, ViewLayer | Updating Particle Systems
Fra:1 Mem:13.31M (Peak 13.31M) | Time:00:00.00 | Mem:0.50M, Peak:0.50M | Scene, ViewLayer | Updating Particle Systems | Copying Particles to device
Fra:1 Mem:13.31M (Peak 13.31M) | Time:00:00.00 | Mem:0.50M, Peak:0.50M | Scene, ViewLayer | Updating Meshes
Fra:1 Mem:13.31M (Peak 13.31M) | Time:00:00.00 | Mem:0.50M, Peak:0.50M | Scene, ViewLayer | Updating Objects | Applying Static Transformations
Fra:1 Mem:13.31M (Peak 13.31M) | Time:00:00.00 | Mem:0.50M, Peak:0.50M | Scene, ViewLayer | Updating Mesh | Computing attributes
Fra:1 Mem:13.95M (Peak 13.95M) | Time:00:00.00 | Mem:0.50M, Peak:0.50M | Scene, ViewLayer | Updating Mesh | Copying Attributes to device
Fra:1 Mem:13.95M (Peak 13.95M) | Time:00:00.00 | Mem:1.14M, Peak:1.14M | Scene, ViewLayer | Updating Scene BVH | Building
Fra:1 Mem:13.95M (Peak 13.95M) | Time:00:00.00 | Mem:1.14M, Peak:1.14M | Scene, ViewLayer | Updating Scene BVH | Building BVH
Fra:1 Mem:13.95M (Peak 13.95M) | Time:00:00.00 | Mem:1.33M, Peak:1.33M | Scene, ViewLayer | Updating Scene BVH | Building BVH 0%
Fra:1 Mem:13.95M (Peak 13.95M) | Time:00:00.00 | Mem:1.55M, Peak:1.75M | Scene, ViewLayer | Updating Scene BVH | Copying BVH to device
Fra:1 Mem:13.95M (Peak 13.95M) | Time:00:00.00 | Mem:1.55M, Peak:1.75M | Scene, ViewLayer | Updating Mesh | Computing normals
Fra:1 Mem:14.42M (Peak 14.42M) | Time:00:00.00 | Mem:1.55M, Peak:1.75M | Scene, ViewLayer | Updating Mesh | Copying Mesh to device
Fra:1 Mem:14.42M (Peak 14.42M) | Time:00:00.00 | Mem:2.02M, Peak:2.02M | Scene, ViewLayer | Updating Objects Flags
Fra:1 Mem:14.42M (Peak 14.42M) | Time:00:00.00 | Mem:2.02M, Peak:2.02M | Scene, ViewLayer | Updating Primitive Offsets
Fra:1 Mem:14.42M (Peak 14.42M) | Time:00:00.00 | Mem:2.02M, Peak:2.02M | Scene, ViewLayer | Updating Images
Fra:1 Mem:14.42M (Peak 14.42M) | Time:00:00.00 | Mem:2.02M, Peak:2.02M | Scene, ViewLayer | Updating Camera Volume
Fra:1 Mem:14.42M (Peak 14.42M) | Time:00:00.00 | Mem:2.02M, Peak:2.02M | Scene, ViewLayer | Updating Lookup Tables
Fra:1 Mem:14.42M (Peak 14.42M) | Time:00:00.00 | Mem:2.10M, Peak:2.10M | Scene, ViewLayer | Updating Lights
Fra:1 Mem:14.42M (Peak 14.42M) | Time:00:00.00 | Mem:2.11M, Peak:2.11M | Scene, ViewLayer | Updating Lights | Computing tree
Fra:1 Mem:14.42M (Peak 14.42M) | Time:00:00.00 | Mem:2.11M, Peak:2.11M | Scene, ViewLayer | Updating Integrator
Fra:1 Mem:14.42M (Peak 14.42M) | Time:00:00.00 | Mem:2.11M, Peak:2.11M | Scene, ViewLayer | Updating Film
Fra:1 Mem:14.42M (Peak 14.42M) | Time:00:00.00 | Mem:2.02M, Peak:2.11M | Scene, ViewLayer | Updating Lookup Tables
Fra:1 Mem:14.42M (Peak 14.42M) | Time:00:00.00 | Mem:2.11M, Peak:2.11M | Scene, ViewLayer | Updating Baking
Fra:1 Mem:14.42M (Peak 14.42M) | Time:00:00.00 | Mem:2.11M, Peak:2.11M | Scene, ViewLayer | Updating Device | Writing constant memory
Fra:1 Mem:14.42M (Peak 14.42M) | Time:00:00.00 | Mem:2.11M, Peak:2.11M | Scene, ViewLayer | Loading denoising kernels (may take a few minutes the first time)
Fra:1 Mem:14.42M (Peak 14.42M) | Time:00:00.00 | Mem:2.11M, Peak:2.11M | Scene, ViewLayer | Sample 0/24
Fra:1 Mem:58.30M (Peak 58.30M) | Time:00:00.24 | Remaining:00:05.48 | Mem:45.96M, Peak:45.96M | Scene, ViewLayer | Sample 1/24
Fra:1 Mem:76.76M (Peak 104.45M) | Time:00:08.74 | Mem:45.96M, Peak:45.96M | Scene, ViewLayer | Sample 24/24
Fra:1 Mem:76.76M (Peak 104.45M) | Time:00:08.74 | Mem:45.96M, Peak:45.96M | Scene, ViewLayer | Finished
Saved: 'output/assets/task049-pine-r1/after/pine-2.png'
Time: 00:08.80 (Saving: 00:00.05)



Blender quit
