2026-09-27T17:21:33.619436Z  INFO bevy_diagnostic::system_information_diagnostics_plugin::internal: SystemInfo { os: "Linux (CachyOS Linux rolling)", kernel: "7.2.6-1-cachyos", cpu: "AMD Ryzen 7 5700X 8-Core Processor", core_count: "8", memory: "15.5 GiB" }
2026-09-27T17:21:33.664402Z  INFO bevy_render::renderer: AdapterInfo { name: "AMD Radeon RX 6650 XT (RADV NAVI23)", vendor: 4098, device: 29679, device_type: DiscreteGpu, device_pci_bus_id: "0000:2d:00.0", driver: "radv", driver_info: "Mesa 26.2.3-arch3.1", backend: Vulkan, subgroup_min_size: 32, subgroup_max_size: 64, transient_saves_memory: false }
2026-09-27T17:21:33.746543Z  INFO bevy_pbr::cluster: GPU clustering is supported on this device.
2026-09-27T17:21:33.746574Z  INFO bevy_render::batching::gpu_preprocessing: GPU preprocessing is fully supported on this device.
2026-09-27T17:21:33.747312Z  INFO n_side::app: [game/state] title
ICU4X data error: No segmentation model for complex script: Chinese/Japanese
ICU4X data error: No segmentation model for complex script: Chinese/Japanese
ICU4X data error: No segmentation model for complex script: Chinese/Japanese
ICU4X data error: No segmentation model for complex script: Chinese/Japanese
ICU4X data error: No segmentation model for complex script: Chinese/Japanese
ICU4X data error: No segmentation model for complex script: Chinese/Japanese
2026-09-27T17:21:34.494037Z  INFO n_side::app: [game/state] loading
ICU4X data error: No segmentation model for complex script: Chinese/Japanese
ICU4X data error: No segmentation model for complex script: Chinese/Japanese
ICU4X data error: No segmentation model for complex script: Chinese/Japanese
ICU4X data error: No segmentation model for complex script: Chinese/Japanese
2026-09-27T17:21:45.366476Z  INFO n_side::app: [player/collision] triangles=557496 sources=3301
2026-09-27T17:21:45.432941Z  INFO n_side::world::scene: [world/ready] meshes=3302 model_instances=263 dependencies=25 failed=0 degraded=0 startup_seconds=0.061
ICU4X data error: No segmentation model for complex script: Chinese/Japanese
ICU4X data error: No segmentation model for complex script: Chinese/Japanese
ICU4X data error: No segmentation model for complex script: Chinese/Japanese
ICU4X data error: No segmentation model for complex script: Chinese/Japanese
ICU4X data error: No segmentation model for complex script: Chinese/Japanese
ICU4X data error: No segmentation model for complex script: Chinese/Japanese
ICU4X data error: No segmentation model for complex script: Chinese/Japanese
ICU4X data error: No segmentation model for complex script: Chinese/Japanese
ICU4X data error: No segmentation model for complex script: Chinese/Japanese
ICU4X data error: No segmentation model for complex script: Chinese/Japanese
ICU4X data error: No segmentation model for complex script: Chinese/Japanese
ICU4X data error: No segmentation model for complex script: Chinese/Japanese
ICU4X data error: No segmentation model for complex script: Chinese/Japanese
ICU4X data error: No segmentation model for complex script: Chinese/Japanese
ICU4X data error: No segmentation model for complex script: Chinese/Japanese
ICU4X data error: No segmentation model for complex script: Chinese/Japanese
ICU4X data error: No segmentation model for complex script: Chinese/Japanese
ICU4X data error: No segmentation model for complex script: Chinese/Japanese
ICU4X data error: No segmentation model for complex script: Chinese/Japanese
ICU4X data error: No segmentation model for complex script: Chinese/Japanese
ICU4X data error: No segmentation model for complex script: Chinese/Japanese
ICU4X data error: No segmentation model for complex script: Chinese/Japanese
ICU4X data error: No segmentation model for complex script: Chinese/Japanese
ICU4X data error: No segmentation model for complex script: Chinese/Japanese
ICU4X data error: No segmentation model for complex script: Chinese/Japanese
ICU4X data error: No segmentation model for complex script: Chinese/Japanese
ICU4X data error: No segmentation model for complex script: Chinese/Japanese
ICU4X data error: No segmentation model for complex script: Chinese/Japanese
ICU4X data error: No segmentation model for complex script: Chinese/Japanese
ICU4X data error: No segmentation model for complex script: Chinese/Japanese
ICU4X data error: No segmentation model for complex script: Chinese/Japanese
ICU4X data error: No segmentation model for complex script: Chinese/Japanese
ICU4X data error: No segmentation model for complex script: Chinese/Japanese
ICU4X data error: No segmentation model for complex script: Chinese/Japanese
ICU4X data error: No segmentation model for complex script: Chinese/Japanese
ICU4X data error: No segmentation model for complex script: Chinese/Japanese
ICU4X data error: No segmentation model for complex script: Chinese/Japanese
ICU4X data error: No segmentation model for complex script: Chinese/Japanese
ICU4X data error: No segmentation model for complex script: Chinese/Japanese
ICU4X data error: No segmentation model for complex script: Chinese/Japanese
ICU4X data error: No segmentation model for complex script: Chinese/Japanese
ICU4X data error: No segmentation model for complex script: Chinese/Japanese
ICU4X data error: No segmentation model for complex script: Chinese/Japanese
ICU4X data error: No segmentation model for complex script: Chinese/Japanese
ICU4X data error: No segmentation model for complex script: Chinese/Japanese
ICU4X data error: No segmentation model for complex script: Chinese/Japanese
ICU4X data error: No segmentation model for complex script: Chinese/Japanese
ICU4X data error: No segmentation model for complex script: Chinese/Japanese
ICU4X data error: No segmentation model for complex script: Chinese/Japanese
ICU4X data error: No segmentation model for complex script: Chinese/Japanese
ICU4X data error: No segmentation model for complex script: Chinese/Japanese
ICU4X data error: No segmentation model for complex script: Chinese/Japanese
ICU4X data error: No segmentation model for complex script: Chinese/Japanese
ICU4X data error: No segmentation model for complex script: Chinese/Japanese
ICU4X data error: No segmentation model for complex script: Chinese/Japanese
ICU4X data error: No segmentation model for complex script: Chinese/Japanese
ICU4X data error: No segmentation model for complex script: Chinese/Japanese
ICU4X data error: No segmentation model for complex script: Chinese/Japanese
ICU4X data error: No segmentation model for complex script: Chinese/Japanese
ICU4X data error: No segmentation model for complex script: Chinese/Japanese
ICU4X data error: No segmentation model for complex script: Chinese/Japanese
ICU4X data error: No segmentation model for complex script: Chinese/Japanese
ICU4X data error: No segmentation model for complex script: Chinese/Japanese
ICU4X data error: No segmentation model for complex script: Chinese/Japanese
ICU4X data error: No segmentation model for complex script: Chinese/Japanese
ICU4X data error: No segmentation model for complex script: Chinese/Japanese
ICU4X data error: No segmentation model for complex script: Chinese/Japanese
ICU4X data error: No segmentation model for complex script: Chinese/Japanese
ICU4X data error: No segmentation model for complex script: Chinese/Japanese
ICU4X data error: No segmentation model for complex script: Chinese/Japanese
ICU4X data error: No segmentation model for complex script: Chinese/Japanese
ICU4X data error: No segmentation model for complex script: Chinese/Japanese
ICU4X data error: No segmentation model for complex script: Chinese/Japanese
ICU4X data error: No segmentation model for complex script: Chinese/Japanese
ICU4X data error: No segmentation model for complex script: Chinese/Japanese
ICU4X data error: No segmentation model for complex script: Chinese/Japanese
2026-09-27T17:22:16.452435Z  INFO n_side::app: [game/state] title
ICU4X data error: No segmentation model for complex script: Chinese/Japanese
ICU4X data error: No segmentation model for complex script: Chinese/Japanese
ICU4X data error: No segmentation model for complex script: Chinese/Japanese
ICU4X data error: No segmentation model for complex script: Chinese/Japanese
ICU4X data error: No segmentation model for complex script: Chinese/Japanese
ICU4X data error: No segmentation model for complex script: Chinese/Japanese
2026-09-27T17:22:17.265524Z  INFO n_side::capture: [capture/check] {"name":"required_assets_ready","passed":true}
2026-09-27T17:22:17.265543Z  INFO n_side::capture: [capture/check] {"expected":650,"name":"all_frames_saved","passed":true,"saved":650}
2026-09-27T17:22:17.265547Z  INFO n_side::capture: [capture/check] {"checked_frames":650,"name":"finite_transforms","passed":true}
2026-09-27T17:22:17.265552Z  INFO n_side::capture: [capture/check] {"distance":0.0,"enabled":false,"expected":{"enabled":null,"from":0,"game_page":"title","max_distance":null,"max_player_camera_distance":null,"max_player_distance":null,"max_player_height":null,"max_player_resets":null,"max_ui_scroll":null,"max_world_entities":0,"min_distance":null,"min_player_camera_distance":null,"min_player_distance":null,"min_player_height":null,"min_rotation":null,"min_ui_scroll":null,"min_world_entities":null,"name":"title_has_no_world","player_blocked":null,"player_grounded":null,"same_world_entities":null,"to":29,"ui_device":null,"ui_focus":null,"ui_page":null,"ui_record":null,"ui_reduced_motion":null,"ui_scale":null,"world_ready":null},"name":"title_has_no_world","passed":true,"rotation_radians":0.0}
2026-09-27T17:22:17.265570Z  INFO n_side::capture: [capture/check] {"distance":0.0,"enabled":false,"expected":{"enabled":null,"from":59,"game_page":"world","max_distance":null,"max_player_camera_distance":null,"max_player_distance":null,"max_player_height":null,"max_player_resets":0,"max_ui_scroll":null,"max_world_entities":null,"min_distance":null,"min_player_camera_distance":null,"min_player_distance":null,"min_player_height":null,"min_rotation":null,"min_ui_scroll":null,"min_world_entities":1,"name":"walker_starts_grounded","player_blocked":null,"player_grounded":true,"same_world_entities":null,"to":59,"ui_device":null,"ui_focus":null,"ui_page":null,"ui_record":null,"ui_reduced_motion":null,"ui_scale":null,"world_ready":true},"name":"walker_starts_grounded","passed":true,"rotation_radians":0.0006905339541845024}
2026-09-27T17:22:17.265582Z  INFO n_side::capture: [capture/check] {"distance":18.86895179748535,"enabled":false,"expected":{"enabled":null,"from":59,"game_page":null,"max_distance":null,"max_player_camera_distance":null,"max_player_distance":null,"max_player_height":30.200000762939453,"max_player_resets":0,"max_ui_scroll":null,"max_world_entities":null,"min_distance":null,"min_player_camera_distance":null,"min_player_distance":16.0,"min_player_height":28.0,"min_rotation":null,"min_ui_scroll":null,"min_world_entities":null,"name":"stick_walk_reaches_real_stairs","player_blocked":null,"player_grounded":true,"same_world_entities":null,"to":239,"ui_device":null,"ui_focus":null,"ui_page":null,"ui_record":null,"ui_reduced_motion":null,"ui_scale":null,"world_ready":null},"name":"stick_walk_reaches_real_stairs","passed":true,"rotation_radians":0.0006905339541845024}
2026-09-27T17:22:17.265596Z  INFO n_side::capture: [capture/check] {"distance":0.0,"enabled":false,"expected":{"enabled":null,"from":239,"game_page":null,"max_distance":null,"max_player_camera_distance":null,"max_player_distance":null,"max_player_height":30.200000762939453,"max_player_resets":null,"max_ui_scroll":null,"max_world_entities":null,"min_distance":null,"min_player_camera_distance":null,"min_player_distance":null,"min_player_height":29.200000762939453,"min_rotation":null,"min_ui_scroll":null,"min_world_entities":null,"name":"stairs_raise_capsule_feet","player_blocked":null,"player_grounded":true,"same_world_entities":null,"to":239,"ui_device":null,"ui_focus":null,"ui_page":null,"ui_record":null,"ui_reduced_motion":null,"ui_scale":null,"world_ready":null},"name":"stairs_raise_capsule_feet","passed":true,"rotation_radians":0.0006905339541845024}
2026-09-27T17:22:17.265608Z  INFO n_side::capture: [capture/check] {"distance":0.0,"enabled":false,"expected":{"enabled":null,"from":269,"game_page":null,"max_distance":null,"max_player_camera_distance":null,"max_player_distance":null,"max_player_height":28.149999618530273,"max_player_resets":1,"max_ui_scroll":null,"max_world_entities":null,"min_distance":null,"min_player_camera_distance":null,"min_player_distance":null,"min_player_height":28.0,"min_rotation":null,"min_ui_scroll":null,"min_world_entities":null,"name":"keyboard_reset_recovers_grounding","player_blocked":null,"player_grounded":true,"same_world_entities":null,"to":269,"ui_device":null,"ui_focus":null,"ui_page":null,"ui_record":null,"ui_reduced_motion":null,"ui_scale":null,"world_ready":null},"name":"keyboard_reset_recovers_grounding","passed":true,"rotation_radians":0.0006905339541845024}
2026-09-27T17:22:17.265624Z  INFO n_side::capture: [capture/check] {"distance":12.0952730178833,"enabled":false,"expected":{"enabled":null,"from":269,"game_page":null,"max_distance":null,"max_player_camera_distance":null,"max_player_distance":11.800000190734863,"max_player_height":null,"max_player_resets":1,"max_ui_scroll":null,"max_world_entities":null,"min_distance":null,"min_player_camera_distance":null,"min_player_distance":11.0,"min_player_height":null,"min_rotation":null,"min_ui_scroll":null,"min_world_entities":null,"name":"keyboard_walk_reaches_shop_wall","player_blocked":"V-04","player_grounded":true,"same_world_entities":null,"to":389,"ui_device":null,"ui_focus":null,"ui_page":null,"ui_record":null,"ui_reduced_motion":null,"ui_scale":null,"world_ready":null},"name":"keyboard_walk_reaches_shop_wall","passed":true,"rotation_radians":0.0006905339541845024}
2026-09-27T17:22:17.265639Z  INFO n_side::capture: [capture/check] {"distance":0.0,"enabled":false,"expected":{"enabled":null,"from":390,"game_page":null,"max_distance":null,"max_player_camera_distance":null,"max_player_distance":0.009999999776482582,"max_player_height":null,"max_player_resets":1,"max_ui_scroll":null,"max_world_entities":null,"min_distance":null,"min_player_camera_distance":null,"min_player_distance":null,"min_player_height":null,"min_rotation":null,"min_ui_scroll":null,"min_world_entities":null,"name":"held_stick_cannot_cross_wall","player_blocked":"V-04","player_grounded":true,"same_world_entities":null,"to":419,"ui_device":null,"ui_focus":null,"ui_page":null,"ui_record":null,"ui_reduced_motion":null,"ui_scale":null,"world_ready":null},"name":"held_stick_cannot_cross_wall","passed":true,"rotation_radians":0.0}
2026-09-27T17:22:17.265647Z  INFO n_side::capture: [capture/check] {"distance":4.627928733825684,"enabled":false,"expected":{"enabled":null,"from":419,"game_page":null,"max_distance":null,"max_player_camera_distance":null,"max_player_distance":null,"max_player_height":null,"max_player_resets":1,"max_ui_scroll":null,"max_world_entities":null,"min_distance":null,"min_player_camera_distance":null,"min_player_distance":3.0,"min_player_height":null,"min_rotation":null,"min_ui_scroll":null,"min_world_entities":null,"name":"keyboard_can_move_away_from_wall","player_blocked":null,"player_grounded":true,"same_world_entities":null,"to":449,"ui_device":null,"ui_focus":null,"ui_page":null,"ui_record":null,"ui_reduced_motion":null,"ui_scale":null,"world_ready":null},"name":"keyboard_can_move_away_from_wall","passed":true,"rotation_radians":0.0006905339541845024}
2026-09-27T17:22:17.265655Z  INFO n_side::capture: [capture/check] {"distance":0.0,"enabled":false,"expected":{"enabled":null,"from":479,"game_page":null,"max_distance":null,"max_player_camera_distance":null,"max_player_distance":null,"max_player_height":28.149999618530273,"max_player_resets":2,"max_ui_scroll":null,"max_world_entities":null,"min_distance":null,"min_player_camera_distance":null,"min_player_distance":null,"min_player_height":28.0,"min_rotation":null,"min_ui_scroll":null,"min_world_entities":null,"name":"gamepad_reset_recovers_grounding","player_blocked":null,"player_grounded":true,"same_world_entities":null,"to":479,"ui_device":null,"ui_focus":null,"ui_page":null,"ui_record":null,"ui_reduced_motion":null,"ui_scale":null,"world_ready":null},"name":"gamepad_reset_recovers_grounding","passed":true,"rotation_radians":0.0006905339541845024}
2026-09-27T17:22:17.265671Z  INFO n_side::capture: [capture/check] {"distance":5.320489406585693,"enabled":false,"expected":{"enabled":null,"from":479,"game_page":null,"max_distance":null,"max_player_camera_distance":null,"max_player_distance":0.009999999776482582,"max_player_height":null,"max_player_resets":null,"max_ui_scroll":null,"max_world_entities":null,"min_distance":null,"min_player_camera_distance":null,"min_player_distance":null,"min_player_height":null,"min_rotation":0.30000001192092896,"min_ui_scroll":null,"min_world_entities":null,"name":"gamepad_look_turns_camera","player_blocked":null,"player_grounded":null,"same_world_entities":null,"to":509,"ui_device":null,"ui_focus":null,"ui_page":null,"ui_record":null,"ui_reduced_motion":null,"ui_scale":null,"world_ready":null},"name":"gamepad_look_turns_camera","passed":true,"rotation_radians":1.5999979972839355}
2026-09-27T17:22:17.265683Z  INFO n_side::capture: [capture/check] {"distance":5.320489406585693,"enabled":false,"expected":{"enabled":null,"from":509,"game_page":null,"max_distance":null,"max_player_camera_distance":null,"max_player_distance":0.009999999776482582,"max_player_height":null,"max_player_resets":null,"max_ui_scroll":null,"max_world_entities":null,"min_distance":null,"min_player_camera_distance":null,"min_player_distance":null,"min_player_height":null,"min_rotation":0.30000001192092896,"min_ui_scroll":null,"min_world_entities":null,"name":"keyboard_yaw_turns_camera","player_blocked":null,"player_grounded":null,"same_world_entities":null,"to":539,"ui_device":null,"ui_focus":null,"ui_page":null,"ui_record":null,"ui_reduced_motion":null,"ui_scale":null,"world_ready":null},"name":"keyboard_yaw_turns_camera","passed":true,"rotation_radians":1.5999979972839355}
2026-09-27T17:22:17.265694Z  INFO n_side::capture: [capture/check] {"distance":0.0,"enabled":false,"expected":{"enabled":null,"from":580,"game_page":null,"max_distance":null,"max_player_camera_distance":null,"max_player_distance":0.0010000000474974513,"max_player_height":null,"max_player_resets":2,"max_ui_scroll":null,"max_world_entities":null,"min_distance":null,"min_player_camera_distance":null,"min_player_distance":null,"min_player_height":null,"min_rotation":null,"min_ui_scroll":null,"min_world_entities":null,"name":"released_walk_stays_still","player_blocked":null,"player_grounded":true,"same_world_entities":null,"to":599,"ui_device":null,"ui_focus":null,"ui_page":null,"ui_record":null,"ui_reduced_motion":null,"ui_scale":null,"world_ready":null},"name":"released_walk_stays_still","passed":true,"rotation_radians":0.0}
2026-09-27T17:22:17.265706Z  INFO n_side::capture: [capture/check] {"distance":0.0,"enabled":false,"expected":{"enabled":null,"from":612,"game_page":"title","max_distance":null,"max_player_camera_distance":null,"max_player_distance":null,"max_player_height":null,"max_player_resets":null,"max_ui_scroll":null,"max_world_entities":0,"min_distance":null,"min_player_camera_distance":null,"min_player_distance":null,"min_player_height":null,"min_rotation":null,"min_ui_scroll":null,"min_world_entities":null,"name":"return_clears_world","player_blocked":null,"player_grounded":null,"same_world_entities":null,"to":649,"ui_device":null,"ui_focus":null,"ui_page":null,"ui_record":null,"ui_reduced_motion":null,"ui_scale":null,"world_ready":false},"name":"return_clears_world","passed":true,"rotation_radians":0.0}
2026-09-27T17:22:17.265717Z  INFO n_side::capture: [capture/finished] status=PASS saved=650 report=/home/lzzz/MyProjects/N-SIDE/output/player/2026-09-28/r1/walk-final/state.json
