Info: Saved as "street-tree.blend"
INFO Draco mesh compression is available, use library at /home/lzzz/MyProjects/N-SIDE/output/tools/blender-4.5.14-linux-x64/4.5/scripts/addons_core/io_scene_gltf2/libextern_draco.so
00:27:09 | INFO: Starting glTF 2.0 export
00:27:09 | INFO: Extracting primitive: StreetTreeEarlyAutumn
00:27:09 | INFO: Primitives created: 5
00:27:09 | INFO: Finished glTF 2.0 export in 0.015254735946655273 s
Blender 4.5.14 LTS (hash 62c1db4208e8 built 2026-09-15 01:31:19)
Fra:1 Mem:11.03M (Peak 11.03M) | Time:00:00.00 | Mem:0.00M, Peak:0.00M | Scene, ViewLayer | Synchronizing object | StreetTreeEarlyAutumn
Fra:1 Mem:11.03M (Peak 11.03M) | Time:00:00.00 | Mem:0.00M, Peak:0.00M | Scene, ViewLayer | Synchronizing object | Area
Fra:1 Mem:11.35M (Peak 11.35M) | Time:00:00.00 | Mem:0.00M, Peak:0.00M | Scene, ViewLayer | Synchronizing object | Plane
Fra:1 Mem:11.79M (Peak 11.79M) | Time:00:00.00 | Mem:0.00M, Peak:0.00M | Scene, ViewLayer | Initializing
Fra:1 Mem:11.41M (Peak 11.79M) | Time:00:00.00 | Mem:0.00M, Peak:0.00M | Scene, ViewLayer | Waiting for render to start
Fra:1 Mem:11.41M (Peak 11.79M) | Time:00:00.00 | Mem:0.00M, Peak:0.00M | Scene, ViewLayer | Updating Scene
Fra:1 Mem:11.41M (Peak 11.79M) | Time:00:00.00 | Mem:0.00M, Peak:0.00M | Scene, ViewLayer | Updating Shaders
Fra:1 Mem:11.41M (Peak 11.79M) | Time:00:00.00 | Mem:0.00M, Peak:0.00M | Scene, ViewLayer | Loading render kernels (may take a few minutes the first time)
Fra:1 Mem:11.49M (Peak 11.79M) | Time:00:00.00 | Mem:0.00M, Peak:0.00M | Scene, ViewLayer | Updating Procedurals
Fra:1 Mem:11.49M (Peak 11.79M) | Time:00:00.00 | Mem:0.00M, Peak:0.00M | Scene, ViewLayer | Updating Background
Fra:1 Mem:11.49M (Peak 11.79M) | Time:00:00.00 | Mem:0.00M, Peak:0.00M | Scene, ViewLayer | Updating Camera
Fra:1 Mem:11.49M (Peak 11.79M) | Time:00:00.00 | Mem:0.00M, Peak:0.00M | Scene, ViewLayer | Updating Meshes Flags
Fra:1 Mem:11.49M (Peak 11.79M) | Time:00:00.00 | Mem:0.00M, Peak:0.00M | Scene, ViewLayer | Updating Objects
Fra:1 Mem:11.49M (Peak 11.79M) | Time:00:00.00 | Mem:0.00M, Peak:0.00M | Scene, ViewLayer | Updating Objects | Copying Transformations to device
Fra:1 Mem:11.49M (Peak 11.79M) | Time:00:00.00 | Mem:0.01M, Peak:0.01M | Scene, ViewLayer | Updating Particle Systems
Fra:1 Mem:11.49M (Peak 11.79M) | Time:00:00.00 | Mem:0.01M, Peak:0.01M | Scene, ViewLayer | Updating Particle Systems | Copying Particles to device
Fra:1 Mem:11.49M (Peak 11.79M) | Time:00:00.00 | Mem:0.01M, Peak:0.01M | Scene, ViewLayer | Updating Meshes
Fra:1 Mem:11.49M (Peak 11.79M) | Time:00:00.00 | Mem:0.01M, Peak:0.01M | Scene, ViewLayer | Updating Objects | Applying Static Transformations
Fra:1 Mem:11.49M (Peak 11.79M) | Time:00:00.00 | Mem:0.01M, Peak:0.01M | Scene, ViewLayer | Updating Mesh | Computing attributes
Fra:1 Mem:11.61M (Peak 11.79M) | Time:00:00.00 | Mem:0.01M, Peak:0.01M | Scene, ViewLayer | Updating Mesh | Copying Attributes to device
Fra:1 Mem:11.61M (Peak 11.79M) | Time:00:00.00 | Mem:0.12M, Peak:0.12M | Scene, ViewLayer | Updating Scene BVH | Building
Fra:1 Mem:11.61M (Peak 11.79M) | Time:00:00.00 | Mem:0.12M, Peak:0.12M | Scene, ViewLayer | Updating Scene BVH | Building BVH
Fra:1 Mem:11.61M (Peak 11.79M) | Time:00:00.00 | Mem:0.45M, Peak:0.45M | Scene, ViewLayer | Updating Scene BVH | Building BVH 0%
Fra:1 Mem:11.61M (Peak 11.79M) | Time:00:00.01 | Mem:0.80M, Peak:1.12M | Scene, ViewLayer | Updating Scene BVH | Copying BVH to device
Fra:1 Mem:11.61M (Peak 11.79M) | Time:00:00.01 | Mem:0.80M, Peak:1.12M | Scene, ViewLayer | Updating Mesh | Computing normals
Fra:1 Mem:12.01M (Peak 12.01M) | Time:00:00.01 | Mem:0.80M, Peak:1.12M | Scene, ViewLayer | Updating Mesh | Copying Mesh to device
Fra:1 Mem:12.01M (Peak 12.01M) | Time:00:00.01 | Mem:1.20M, Peak:1.20M | Scene, ViewLayer | Updating Objects Flags
Fra:1 Mem:12.01M (Peak 12.01M) | Time:00:00.01 | Mem:1.20M, Peak:1.20M | Scene, ViewLayer | Updating Primitive Offsets
Fra:1 Mem:12.01M (Peak 12.01M) | Time:00:00.01 | Mem:1.20M, Peak:1.20M | Scene, ViewLayer | Updating Images
Fra:1 Mem:12.01M (Peak 12.01M) | Time:00:00.01 | Mem:1.20M, Peak:1.20M | Scene, ViewLayer | Updating Camera Volume
Fra:1 Mem:12.01M (Peak 12.01M) | Time:00:00.01 | Mem:1.20M, Peak:1.20M | Scene, ViewLayer | Updating Lookup Tables
Fra:1 Mem:12.01M (Peak 12.01M) | Time:00:00.01 | Mem:1.28M, Peak:1.28M | Scene, ViewLayer | Updating Lights
Fra:1 Mem:12.01M (Peak 12.01M) | Time:00:00.01 | Mem:1.28M, Peak:1.28M | Scene, ViewLayer | Updating Lights | Computing tree
Fra:1 Mem:12.01M (Peak 12.01M) | Time:00:00.01 | Mem:1.28M, Peak:1.28M | Scene, ViewLayer | Updating Integrator
Fra:1 Mem:12.01M (Peak 12.01M) | Time:00:00.01 | Mem:1.28M, Peak:1.28M | Scene, ViewLayer | Updating Film
Fra:1 Mem:12.01M (Peak 12.01M) | Time:00:00.01 | Mem:1.20M, Peak:1.28M | Scene, ViewLayer | Updating Lookup Tables
Fra:1 Mem:12.01M (Peak 12.01M) | Time:00:00.01 | Mem:1.28M, Peak:1.28M | Scene, ViewLayer | Updating Baking
Fra:1 Mem:12.01M (Peak 12.01M) | Time:00:00.01 | Mem:1.28M, Peak:1.28M | Scene, ViewLayer | Updating Device | Writing constant memory
Fra:1 Mem:12.02M (Peak 12.02M) | Time:00:00.01 | Mem:1.28M, Peak:1.28M | Scene, ViewLayer | Loading denoising kernels (may take a few minutes the first time)
Fra:1 Mem:12.02M (Peak 12.02M) | Time:00:00.01 | Mem:1.28M, Peak:1.28M | Scene, ViewLayer | Sample 0/24
Fra:1 Mem:55.89M (Peak 55.89M) | Time:00:00.23 | Remaining:00:05.18 | Mem:45.12M, Peak:45.12M | Scene, ViewLayer | Sample 1/24
Fra:1 Mem:74.35M (Peak 102.04M) | Time:00:07.83 | Mem:45.12M, Peak:45.12M | Scene, ViewLayer | Sample 24/24
Fra:1 Mem:74.35M (Peak 102.04M) | Time:00:07.83 | Mem:45.12M, Peak:45.12M | Scene, ViewLayer | Finished
Saved: '/home/lzzz/MyProjects/N-SIDE/output/assets/task045-vegetation-r1/tree-0.png'
Time: 00:07.93 (Saving: 00:00.10)

Fra:1 Mem:11.15M (Peak 11.15M) | Time:00:00.00 | Mem:0.00M, Peak:0.00M | Scene, ViewLayer | Synchronizing object | StreetTreeEarlyAutumn
Fra:1 Mem:11.15M (Peak 11.15M) | Time:00:00.00 | Mem:0.00M, Peak:0.00M | Scene, ViewLayer | Synchronizing object | Plane
Fra:1 Mem:11.79M (Peak 11.79M) | Time:00:00.00 | Mem:0.00M, Peak:0.00M | Scene, ViewLayer | Initializing
Fra:1 Mem:11.41M (Peak 11.79M) | Time:00:00.00 | Mem:0.00M, Peak:0.00M | Scene, ViewLayer | Waiting for render to start
Fra:1 Mem:11.41M (Peak 11.79M) | Time:00:00.00 | Mem:0.00M, Peak:0.00M | Scene, ViewLayer | Updating Scene
Fra:1 Mem:11.41M (Peak 11.79M) | Time:00:00.00 | Mem:0.00M, Peak:0.00M | Scene, ViewLayer | Updating Shaders
Fra:1 Mem:11.41M (Peak 11.79M) | Time:00:00.00 | Mem:0.00M, Peak:0.00M | Scene, ViewLayer | Loading render kernels (may take a few minutes the first time)
Fra:1 Mem:11.49M (Peak 11.79M) | Time:00:00.00 | Mem:0.00M, Peak:0.00M | Scene, ViewLayer | Updating Procedurals
Fra:1 Mem:11.49M (Peak 11.79M) | Time:00:00.00 | Mem:0.00M, Peak:0.00M | Scene, ViewLayer | Updating Background
Fra:1 Mem:11.49M (Peak 11.79M) | Time:00:00.00 | Mem:0.00M, Peak:0.00M | Scene, ViewLayer | Updating Camera
Fra:1 Mem:11.49M (Peak 11.79M) | Time:00:00.00 | Mem:0.00M, Peak:0.00M | Scene, ViewLayer | Updating Meshes Flags
Fra:1 Mem:11.49M (Peak 11.79M) | Time:00:00.00 | Mem:0.00M, Peak:0.00M | Scene, ViewLayer | Updating Objects
Fra:1 Mem:11.49M (Peak 11.79M) | Time:00:00.00 | Mem:0.00M, Peak:0.00M | Scene, ViewLayer | Updating Objects | Copying Transformations to device
Fra:1 Mem:11.49M (Peak 11.79M) | Time:00:00.00 | Mem:0.01M, Peak:0.01M | Scene, ViewLayer | Updating Particle Systems
Fra:1 Mem:11.49M (Peak 11.79M) | Time:00:00.00 | Mem:0.01M, Peak:0.01M | Scene, ViewLayer | Updating Particle Systems | Copying Particles to device
Fra:1 Mem:11.49M (Peak 11.79M) | Time:00:00.00 | Mem:0.01M, Peak:0.01M | Scene, ViewLayer | Updating Meshes
Fra:1 Mem:11.49M (Peak 11.79M) | Time:00:00.00 | Mem:0.01M, Peak:0.01M | Scene, ViewLayer | Updating Objects | Applying Static Transformations
Fra:1 Mem:11.49M (Peak 11.79M) | Time:00:00.00 | Mem:0.01M, Peak:0.01M | Scene, ViewLayer | Updating Mesh | Computing attributes
Fra:1 Mem:11.61M (Peak 11.79M) | Time:00:00.00 | Mem:0.01M, Peak:0.01M | Scene, ViewLayer | Updating Mesh | Copying Attributes to device
Fra:1 Mem:11.61M (Peak 11.79M) | Time:00:00.00 | Mem:0.12M, Peak:0.12M | Scene, ViewLayer | Updating Scene BVH | Building
Fra:1 Mem:11.61M (Peak 11.79M) | Time:00:00.00 | Mem:0.12M, Peak:0.12M | Scene, ViewLayer | Updating Scene BVH | Building BVH
Fra:1 Mem:11.61M (Peak 11.79M) | Time:00:00.00 | Mem:0.45M, Peak:0.45M | Scene, ViewLayer | Updating Scene BVH | Building BVH 0%
Fra:1 Mem:11.61M (Peak 11.79M) | Time:00:00.00 | Mem:0.80M, Peak:1.12M | Scene, ViewLayer | Updating Scene BVH | Copying BVH to device
Fra:1 Mem:11.61M (Peak 11.79M) | Time:00:00.00 | Mem:0.80M, Peak:1.12M | Scene, ViewLayer | Updating Mesh | Computing normals
Fra:1 Mem:12.01M (Peak 12.01M) | Time:00:00.00 | Mem:0.80M, Peak:1.12M | Scene, ViewLayer | Updating Mesh | Copying Mesh to device
Fra:1 Mem:12.01M (Peak 12.01M) | Time:00:00.00 | Mem:1.20M, Peak:1.20M | Scene, ViewLayer | Updating Objects Flags
Fra:1 Mem:12.01M (Peak 12.01M) | Time:00:00.00 | Mem:1.20M, Peak:1.20M | Scene, ViewLayer | Updating Primitive Offsets
Fra:1 Mem:12.01M (Peak 12.01M) | Time:00:00.00 | Mem:1.20M, Peak:1.20M | Scene, ViewLayer | Updating Images
Fra:1 Mem:12.01M (Peak 12.01M) | Time:00:00.00 | Mem:1.20M, Peak:1.20M | Scene, ViewLayer | Updating Camera Volume
Fra:1 Mem:12.01M (Peak 12.01M) | Time:00:00.00 | Mem:1.20M, Peak:1.20M | Scene, ViewLayer | Updating Lookup Tables
Fra:1 Mem:12.01M (Peak 12.01M) | Time:00:00.00 | Mem:1.28M, Peak:1.28M | Scene, ViewLayer | Updating Lights
Fra:1 Mem:12.01M (Peak 12.01M) | Time:00:00.00 | Mem:1.28M, Peak:1.28M | Scene, ViewLayer | Updating Lights | Computing tree
Fra:1 Mem:12.01M (Peak 12.01M) | Time:00:00.00 | Mem:1.28M, Peak:1.28M | Scene, ViewLayer | Updating Integrator
Fra:1 Mem:12.01M (Peak 12.01M) | Time:00:00.00 | Mem:1.28M, Peak:1.28M | Scene, ViewLayer | Updating Film
Fra:1 Mem:12.01M (Peak 12.01M) | Time:00:00.00 | Mem:1.20M, Peak:1.28M | Scene, ViewLayer | Updating Lookup Tables
Fra:1 Mem:12.01M (Peak 12.01M) | Time:00:00.00 | Mem:1.28M, Peak:1.28M | Scene, ViewLayer | Updating Baking
Fra:1 Mem:12.01M (Peak 12.01M) | Time:00:00.00 | Mem:1.28M, Peak:1.28M | Scene, ViewLayer | Updating Device | Writing constant memory
Fra:1 Mem:12.02M (Peak 12.02M) | Time:00:00.00 | Mem:1.28M, Peak:1.28M | Scene, ViewLayer | Loading denoising kernels (may take a few minutes the first time)
Fra:1 Mem:12.02M (Peak 12.02M) | Time:00:00.00 | Mem:1.28M, Peak:1.28M | Scene, ViewLayer | Sample 0/24
Fra:1 Mem:55.89M (Peak 55.89M) | Time:00:00.22 | Remaining:00:05.17 | Mem:45.12M, Peak:45.12M | Scene, ViewLayer | Sample 1/24
Fra:1 Mem:74.35M (Peak 102.04M) | Time:00:07.90 | Mem:45.12M, Peak:45.12M | Scene, ViewLayer | Sample 24/24
Fra:1 Mem:74.35M (Peak 102.04M) | Time:00:07.90 | Mem:45.12M, Peak:45.12M | Scene, ViewLayer | Finished
Saved: '/home/lzzz/MyProjects/N-SIDE/output/assets/task045-vegetation-r1/tree-1.png'
Time: 00:07.94 (Saving: 00:00.04)

Fra:1 Mem:11.15M (Peak 11.15M) | Time:00:00.00 | Mem:0.00M, Peak:0.00M | Scene, ViewLayer | Synchronizing object | StreetTreeEarlyAutumn
Fra:1 Mem:11.15M (Peak 11.15M) | Time:00:00.00 | Mem:0.00M, Peak:0.00M | Scene, ViewLayer | Synchronizing object | Plane
Fra:1 Mem:11.79M (Peak 11.79M) | Time:00:00.00 | Mem:0.00M, Peak:0.00M | Scene, ViewLayer | Initializing
Fra:1 Mem:11.41M (Peak 11.79M) | Time:00:00.00 | Mem:0.00M, Peak:0.00M | Scene, ViewLayer | Waiting for render to start
Fra:1 Mem:11.41M (Peak 11.79M) | Time:00:00.00 | Mem:0.00M, Peak:0.00M | Scene, ViewLayer | Updating Scene
Fra:1 Mem:11.41M (Peak 11.79M) | Time:00:00.00 | Mem:0.00M, Peak:0.00M | Scene, ViewLayer | Updating Shaders
Fra:1 Mem:11.41M (Peak 11.79M) | Time:00:00.00 | Mem:0.00M, Peak:0.00M | Scene, ViewLayer | Loading render kernels (may take a few minutes the first time)
Fra:1 Mem:11.49M (Peak 11.79M) | Time:00:00.00 | Mem:0.00M, Peak:0.00M | Scene, ViewLayer | Updating Procedurals
Fra:1 Mem:11.49M (Peak 11.79M) | Time:00:00.00 | Mem:0.00M, Peak:0.00M | Scene, ViewLayer | Updating Background
Fra:1 Mem:11.49M (Peak 11.79M) | Time:00:00.00 | Mem:0.00M, Peak:0.00M | Scene, ViewLayer | Updating Camera
Fra:1 Mem:11.49M (Peak 11.79M) | Time:00:00.00 | Mem:0.00M, Peak:0.00M | Scene, ViewLayer | Updating Meshes Flags
Fra:1 Mem:11.49M (Peak 11.79M) | Time:00:00.00 | Mem:0.00M, Peak:0.00M | Scene, ViewLayer | Updating Objects
Fra:1 Mem:11.49M (Peak 11.79M) | Time:00:00.00 | Mem:0.00M, Peak:0.00M | Scene, ViewLayer | Updating Objects | Copying Transformations to device
Fra:1 Mem:11.49M (Peak 11.79M) | Time:00:00.00 | Mem:0.01M, Peak:0.01M | Scene, ViewLayer | Updating Particle Systems
Fra:1 Mem:11.49M (Peak 11.79M) | Time:00:00.00 | Mem:0.01M, Peak:0.01M | Scene, ViewLayer | Updating Particle Systems | Copying Particles to device
Fra:1 Mem:11.49M (Peak 11.79M) | Time:00:00.00 | Mem:0.01M, Peak:0.01M | Scene, ViewLayer | Updating Meshes
Fra:1 Mem:11.49M (Peak 11.79M) | Time:00:00.00 | Mem:0.01M, Peak:0.01M | Scene, ViewLayer | Updating Objects | Applying Static Transformations
Fra:1 Mem:11.49M (Peak 11.79M) | Time:00:00.00 | Mem:0.01M, Peak:0.01M | Scene, ViewLayer | Updating Mesh | Computing attributes
Fra:1 Mem:11.61M (Peak 11.79M) | Time:00:00.00 | Mem:0.01M, Peak:0.01M | Scene, ViewLayer | Updating Mesh | Copying Attributes to device
Fra:1 Mem:11.61M (Peak 11.79M) | Time:00:00.00 | Mem:0.12M, Peak:0.12M | Scene, ViewLayer | Updating Scene BVH | Building
Fra:1 Mem:11.61M (Peak 11.79M) | Time:00:00.00 | Mem:0.12M, Peak:0.12M | Scene, ViewLayer | Updating Scene BVH | Building BVH
Fra:1 Mem:11.61M (Peak 11.79M) | Time:00:00.00 | Mem:0.45M, Peak:0.45M | Scene, ViewLayer | Updating Scene BVH | Building BVH 0%
Fra:1 Mem:11.61M (Peak 11.79M) | Time:00:00.00 | Mem:0.80M, Peak:1.12M | Scene, ViewLayer | Updating Scene BVH | Copying BVH to device
Fra:1 Mem:11.61M (Peak 11.79M) | Time:00:00.00 | Mem:0.80M, Peak:1.12M | Scene, ViewLayer | Updating Mesh | Computing normals
Fra:1 Mem:12.01M (Peak 12.01M) | Time:00:00.00 | Mem:0.80M, Peak:1.12M | Scene, ViewLayer | Updating Mesh | Copying Mesh to device
Fra:1 Mem:12.01M (Peak 12.01M) | Time:00:00.00 | Mem:1.20M, Peak:1.20M | Scene, ViewLayer | Updating Objects Flags
Fra:1 Mem:12.01M (Peak 12.01M) | Time:00:00.00 | Mem:1.20M, Peak:1.20M | Scene, ViewLayer | Updating Primitive Offsets
Fra:1 Mem:12.01M (Peak 12.01M) | Time:00:00.00 | Mem:1.20M, Peak:1.20M | Scene, ViewLayer | Updating Images
Fra:1 Mem:12.01M (Peak 12.01M) | Time:00:00.00 | Mem:1.20M, Peak:1.20M | Scene, ViewLayer | Updating Camera Volume
Fra:1 Mem:12.01M (Peak 12.01M) | Time:00:00.00 | Mem:1.20M, Peak:1.20M | Scene, ViewLayer | Updating Lookup Tables
Fra:1 Mem:12.01M (Peak 12.01M) | Time:00:00.00 | Mem:1.28M, Peak:1.28M | Scene, ViewLayer | Updating Lights
Fra:1 Mem:12.01M (Peak 12.01M) | Time:00:00.00 | Mem:1.28M, Peak:1.28M | Scene, ViewLayer | Updating Lights | Computing tree
Fra:1 Mem:12.01M (Peak 12.01M) | Time:00:00.00 | Mem:1.28M, Peak:1.28M | Scene, ViewLayer | Updating Integrator
Fra:1 Mem:12.01M (Peak 12.01M) | Time:00:00.00 | Mem:1.28M, Peak:1.28M | Scene, ViewLayer | Updating Film
Fra:1 Mem:12.01M (Peak 12.01M) | Time:00:00.00 | Mem:1.20M, Peak:1.28M | Scene, ViewLayer | Updating Lookup Tables
Fra:1 Mem:12.01M (Peak 12.01M) | Time:00:00.00 | Mem:1.28M, Peak:1.28M | Scene, ViewLayer | Updating Baking
Fra:1 Mem:12.01M (Peak 12.01M) | Time:00:00.00 | Mem:1.28M, Peak:1.28M | Scene, ViewLayer | Updating Device | Writing constant memory
Fra:1 Mem:12.02M (Peak 12.02M) | Time:00:00.00 | Mem:1.28M, Peak:1.28M | Scene, ViewLayer | Loading denoising kernels (may take a few minutes the first time)
Fra:1 Mem:12.02M (Peak 12.02M) | Time:00:00.00 | Mem:1.28M, Peak:1.28M | Scene, ViewLayer | Sample 0/24
Fra:1 Mem:55.89M (Peak 55.89M) | Time:00:00.18 | Remaining:00:04.21 | Mem:45.12M, Peak:45.12M | Scene, ViewLayer | Sample 1/24
Fra:1 Mem:74.35M (Peak 102.04M) | Time:00:06.76 | Mem:45.12M, Peak:45.12M | Scene, ViewLayer | Sample 24/24
Fra:1 Mem:74.35M (Peak 102.04M) | Time:00:06.76 | Mem:45.12M, Peak:45.12M | Scene, ViewLayer | Finished
Saved: '/home/lzzz/MyProjects/N-SIDE/output/assets/task045-vegetation-r1/tree-2.png'
Time: 00:06.80 (Saving: 00:00.04)


TREE vertices=10311 triangles=10564 height_m=6 seed=45019

Blender quit
