INFO Draco mesh compression is available, use library at /home/lzzz/MyProjects/N-SIDE/output/tools/blender-4.5.14-linux-x64/4.5/scripts/addons_core/io_scene_gltf2/libextern_draco.so
00:32:20 | INFO: Starting glTF 2.0 export
00:32:20 | INFO: Extracting primitive: StreetTreeEarlyAutumn
00:32:20 | WARNING: The active Vertex Color will not be exported, as it is not used in the node tree of the material
00:32:20 | INFO: Primitives created: 2
00:32:20 | INFO: Finished glTF 2.0 export in 0.010340452194213867 s
Blender 4.5.14 LTS (hash 62c1db4208e8 built 2026-09-15 01:31:19)
Read blend: "/home/lzzz/MyProjects/N-SIDE/source-assets/environment-kit/vegetation/street-tree.blend"
Fra:1 Mem:11.04M (Peak 11.04M) | Time:00:00.00 | Mem:0.00M, Peak:0.00M | Scene, ViewLayer | Synchronizing object | StreetTreeEarlyAutumn
Fra:1 Mem:11.04M (Peak 11.04M) | Time:00:00.00 | Mem:0.00M, Peak:0.00M | Scene, ViewLayer | Synchronizing object | Plane
Fra:1 Mem:11.96M (Peak 12.08M) | Time:00:00.00 | Mem:0.00M, Peak:0.00M | Scene, ViewLayer | Initializing
Fra:1 Mem:11.70M (Peak 12.08M) | Time:00:00.00 | Mem:0.00M, Peak:0.00M | Scene, ViewLayer | Waiting for render to start
Fra:1 Mem:11.70M (Peak 12.08M) | Time:00:00.00 | Mem:0.00M, Peak:0.00M | Scene, ViewLayer | Updating Scene
Fra:1 Mem:11.70M (Peak 12.08M) | Time:00:00.00 | Mem:0.00M, Peak:0.00M | Scene, ViewLayer | Updating Shaders
Fra:1 Mem:11.70M (Peak 12.08M) | Time:00:00.00 | Mem:0.00M, Peak:0.00M | Scene, ViewLayer | Loading render kernels (may take a few minutes the first time)
Fra:1 Mem:11.78M (Peak 12.08M) | Time:00:00.00 | Mem:0.00M, Peak:0.00M | Scene, ViewLayer | Updating Procedurals
Fra:1 Mem:11.78M (Peak 12.08M) | Time:00:00.00 | Mem:0.00M, Peak:0.00M | Scene, ViewLayer | Updating Background
Fra:1 Mem:11.78M (Peak 12.08M) | Time:00:00.00 | Mem:0.00M, Peak:0.00M | Scene, ViewLayer | Updating Camera
Fra:1 Mem:11.78M (Peak 12.08M) | Time:00:00.00 | Mem:0.00M, Peak:0.00M | Scene, ViewLayer | Updating Meshes Flags
Fra:1 Mem:11.78M (Peak 12.08M) | Time:00:00.00 | Mem:0.00M, Peak:0.00M | Scene, ViewLayer | Updating Objects
Fra:1 Mem:11.78M (Peak 12.08M) | Time:00:00.00 | Mem:0.00M, Peak:0.00M | Scene, ViewLayer | Updating Objects | Copying Transformations to device
Fra:1 Mem:11.78M (Peak 12.08M) | Time:00:00.00 | Mem:0.00M, Peak:0.00M | Scene, ViewLayer | Updating Particle Systems
Fra:1 Mem:11.78M (Peak 12.08M) | Time:00:00.00 | Mem:0.00M, Peak:0.00M | Scene, ViewLayer | Updating Particle Systems | Copying Particles to device
Fra:1 Mem:11.78M (Peak 12.08M) | Time:00:00.00 | Mem:0.00M, Peak:0.00M | Scene, ViewLayer | Updating Meshes
Fra:1 Mem:11.78M (Peak 12.08M) | Time:00:00.00 | Mem:0.00M, Peak:0.00M | Scene, ViewLayer | Updating Objects | Applying Static Transformations
Fra:1 Mem:11.78M (Peak 12.08M) | Time:00:00.00 | Mem:0.00M, Peak:0.00M | Scene, ViewLayer | Updating Mesh | Computing attributes
Fra:1 Mem:12.28M (Peak 12.28M) | Time:00:00.00 | Mem:0.00M, Peak:0.00M | Scene, ViewLayer | Updating Mesh | Copying Attributes to device
Fra:1 Mem:12.28M (Peak 12.28M) | Time:00:00.00 | Mem:0.50M, Peak:0.50M | Scene, ViewLayer | Updating Scene BVH | Building
Fra:1 Mem:12.28M (Peak 12.28M) | Time:00:00.00 | Mem:0.50M, Peak:0.50M | Scene, ViewLayer | Updating Scene BVH | Building BVH
Fra:1 Mem:12.28M (Peak 12.28M) | Time:00:00.00 | Mem:0.77M, Peak:0.77M | Scene, ViewLayer | Updating Scene BVH | Building BVH 0%
Fra:1 Mem:12.28M (Peak 12.28M) | Time:00:00.00 | Mem:1.09M, Peak:1.36M | Scene, ViewLayer | Updating Scene BVH | Copying BVH to device
Fra:1 Mem:12.28M (Peak 12.28M) | Time:00:00.00 | Mem:1.09M, Peak:1.36M | Scene, ViewLayer | Updating Mesh | Computing normals
Fra:1 Mem:12.59M (Peak 12.59M) | Time:00:00.00 | Mem:1.09M, Peak:1.36M | Scene, ViewLayer | Updating Mesh | Copying Mesh to device
Fra:1 Mem:12.59M (Peak 12.59M) | Time:00:00.00 | Mem:1.41M, Peak:1.41M | Scene, ViewLayer | Updating Objects Flags
Fra:1 Mem:12.59M (Peak 12.59M) | Time:00:00.00 | Mem:1.41M, Peak:1.41M | Scene, ViewLayer | Updating Primitive Offsets
Fra:1 Mem:12.59M (Peak 12.59M) | Time:00:00.00 | Mem:1.41M, Peak:1.41M | Scene, ViewLayer | Updating Images
Fra:1 Mem:12.59M (Peak 12.59M) | Time:00:00.00 | Mem:1.41M, Peak:1.41M | Scene, ViewLayer | Updating Camera Volume
Fra:1 Mem:12.59M (Peak 12.59M) | Time:00:00.00 | Mem:1.41M, Peak:1.41M | Scene, ViewLayer | Updating Lookup Tables
Fra:1 Mem:12.59M (Peak 12.59M) | Time:00:00.00 | Mem:1.49M, Peak:1.49M | Scene, ViewLayer | Updating Lights
Fra:1 Mem:12.59M (Peak 12.59M) | Time:00:00.00 | Mem:1.49M, Peak:1.49M | Scene, ViewLayer | Updating Lights | Computing tree
Fra:1 Mem:12.59M (Peak 12.59M) | Time:00:00.00 | Mem:1.49M, Peak:1.49M | Scene, ViewLayer | Updating Integrator
Fra:1 Mem:12.59M (Peak 12.59M) | Time:00:00.00 | Mem:1.49M, Peak:1.49M | Scene, ViewLayer | Updating Film
Fra:1 Mem:12.60M (Peak 12.60M) | Time:00:00.00 | Mem:1.41M, Peak:1.49M | Scene, ViewLayer | Updating Lookup Tables
Fra:1 Mem:12.60M (Peak 12.60M) | Time:00:00.00 | Mem:1.49M, Peak:1.49M | Scene, ViewLayer | Updating Baking
Fra:1 Mem:12.60M (Peak 12.60M) | Time:00:00.00 | Mem:1.49M, Peak:1.49M | Scene, ViewLayer | Updating Device | Writing constant memory
Fra:1 Mem:12.60M (Peak 12.60M) | Time:00:00.00 | Mem:1.49M, Peak:1.49M | Scene, ViewLayer | Loading denoising kernels (may take a few minutes the first time)
Fra:1 Mem:12.60M (Peak 12.60M) | Time:00:00.00 | Mem:1.49M, Peak:1.49M | Scene, ViewLayer | Sample 0/24
Fra:1 Mem:56.48M (Peak 56.48M) | Time:00:00.19 | Remaining:00:04.47 | Mem:45.33M, Peak:45.33M | Scene, ViewLayer | Sample 1/24
Fra:1 Mem:74.94M (Peak 102.63M) | Time:00:06.86 | Mem:45.33M, Peak:45.33M | Scene, ViewLayer | Sample 24/24
Fra:1 Mem:74.94M (Peak 102.63M) | Time:00:06.86 | Mem:45.33M, Peak:45.33M | Scene, ViewLayer | Finished
Saved: '/home/lzzz/MyProjects/N-SIDE/output/assets/task045-vegetation-r1/tree-0.png'
Time: 00:06.96 (Saving: 00:00.10)

Fra:1 Mem:11.04M (Peak 11.04M) | Time:00:00.00 | Mem:0.00M, Peak:0.00M | Scene, ViewLayer | Synchronizing object | StreetTreeEarlyAutumn
Fra:1 Mem:11.04M (Peak 11.04M) | Time:00:00.00 | Mem:0.00M, Peak:0.00M | Scene, ViewLayer | Synchronizing object | Plane
Fra:1 Mem:11.96M (Peak 12.08M) | Time:00:00.00 | Mem:0.00M, Peak:0.00M | Scene, ViewLayer | Initializing
Fra:1 Mem:11.70M (Peak 12.08M) | Time:00:00.00 | Mem:0.00M, Peak:0.00M | Scene, ViewLayer | Waiting for render to start
Fra:1 Mem:11.70M (Peak 12.08M) | Time:00:00.00 | Mem:0.00M, Peak:0.00M | Scene, ViewLayer | Updating Scene
Fra:1 Mem:11.70M (Peak 12.08M) | Time:00:00.00 | Mem:0.00M, Peak:0.00M | Scene, ViewLayer | Updating Shaders
Fra:1 Mem:11.70M (Peak 12.08M) | Time:00:00.00 | Mem:0.00M, Peak:0.00M | Scene, ViewLayer | Loading render kernels (may take a few minutes the first time)
Fra:1 Mem:11.78M (Peak 12.08M) | Time:00:00.00 | Mem:0.00M, Peak:0.00M | Scene, ViewLayer | Updating Procedurals
Fra:1 Mem:11.78M (Peak 12.08M) | Time:00:00.00 | Mem:0.00M, Peak:0.00M | Scene, ViewLayer | Updating Background
Fra:1 Mem:11.78M (Peak 12.08M) | Time:00:00.00 | Mem:0.00M, Peak:0.00M | Scene, ViewLayer | Updating Camera
Fra:1 Mem:11.78M (Peak 12.08M) | Time:00:00.00 | Mem:0.00M, Peak:0.00M | Scene, ViewLayer | Updating Meshes Flags
Fra:1 Mem:11.78M (Peak 12.08M) | Time:00:00.00 | Mem:0.00M, Peak:0.00M | Scene, ViewLayer | Updating Objects
Fra:1 Mem:11.78M (Peak 12.08M) | Time:00:00.00 | Mem:0.00M, Peak:0.00M | Scene, ViewLayer | Updating Objects | Copying Transformations to device
Fra:1 Mem:11.78M (Peak 12.08M) | Time:00:00.00 | Mem:0.00M, Peak:0.00M | Scene, ViewLayer | Updating Particle Systems
Fra:1 Mem:11.78M (Peak 12.08M) | Time:00:00.00 | Mem:0.00M, Peak:0.00M | Scene, ViewLayer | Updating Particle Systems | Copying Particles to device
Fra:1 Mem:11.78M (Peak 12.08M) | Time:00:00.00 | Mem:0.00M, Peak:0.00M | Scene, ViewLayer | Updating Meshes
Fra:1 Mem:11.78M (Peak 12.08M) | Time:00:00.00 | Mem:0.00M, Peak:0.00M | Scene, ViewLayer | Updating Objects | Applying Static Transformations
Fra:1 Mem:11.78M (Peak 12.08M) | Time:00:00.00 | Mem:0.00M, Peak:0.00M | Scene, ViewLayer | Updating Mesh | Computing attributes
Fra:1 Mem:12.28M (Peak 12.28M) | Time:00:00.00 | Mem:0.00M, Peak:0.00M | Scene, ViewLayer | Updating Mesh | Copying Attributes to device
Fra:1 Mem:12.28M (Peak 12.28M) | Time:00:00.00 | Mem:0.50M, Peak:0.50M | Scene, ViewLayer | Updating Scene BVH | Building
Fra:1 Mem:12.28M (Peak 12.28M) | Time:00:00.00 | Mem:0.50M, Peak:0.50M | Scene, ViewLayer | Updating Scene BVH | Building BVH
Fra:1 Mem:12.28M (Peak 12.28M) | Time:00:00.00 | Mem:0.77M, Peak:0.77M | Scene, ViewLayer | Updating Scene BVH | Building BVH 0%
Fra:1 Mem:12.28M (Peak 12.28M) | Time:00:00.00 | Mem:1.09M, Peak:1.36M | Scene, ViewLayer | Updating Scene BVH | Copying BVH to device
Fra:1 Mem:12.28M (Peak 12.28M) | Time:00:00.00 | Mem:1.09M, Peak:1.36M | Scene, ViewLayer | Updating Mesh | Computing normals
Fra:1 Mem:12.59M (Peak 12.59M) | Time:00:00.00 | Mem:1.09M, Peak:1.36M | Scene, ViewLayer | Updating Mesh | Copying Mesh to device
Fra:1 Mem:12.59M (Peak 12.59M) | Time:00:00.00 | Mem:1.41M, Peak:1.41M | Scene, ViewLayer | Updating Objects Flags
Fra:1 Mem:12.59M (Peak 12.59M) | Time:00:00.00 | Mem:1.41M, Peak:1.41M | Scene, ViewLayer | Updating Primitive Offsets
Fra:1 Mem:12.59M (Peak 12.59M) | Time:00:00.00 | Mem:1.41M, Peak:1.41M | Scene, ViewLayer | Updating Images
Fra:1 Mem:12.59M (Peak 12.59M) | Time:00:00.00 | Mem:1.41M, Peak:1.41M | Scene, ViewLayer | Updating Camera Volume
Fra:1 Mem:12.59M (Peak 12.59M) | Time:00:00.00 | Mem:1.41M, Peak:1.41M | Scene, ViewLayer | Updating Lookup Tables
Fra:1 Mem:12.59M (Peak 12.59M) | Time:00:00.00 | Mem:1.49M, Peak:1.49M | Scene, ViewLayer | Updating Lights
Fra:1 Mem:12.59M (Peak 12.59M) | Time:00:00.00 | Mem:1.49M, Peak:1.49M | Scene, ViewLayer | Updating Lights | Computing tree
Fra:1 Mem:12.59M (Peak 12.59M) | Time:00:00.00 | Mem:1.49M, Peak:1.49M | Scene, ViewLayer | Updating Integrator
Fra:1 Mem:12.59M (Peak 12.59M) | Time:00:00.00 | Mem:1.49M, Peak:1.49M | Scene, ViewLayer | Updating Film
Fra:1 Mem:12.60M (Peak 12.60M) | Time:00:00.00 | Mem:1.41M, Peak:1.49M | Scene, ViewLayer | Updating Lookup Tables
Fra:1 Mem:12.60M (Peak 12.60M) | Time:00:00.00 | Mem:1.49M, Peak:1.49M | Scene, ViewLayer | Updating Baking
Fra:1 Mem:12.60M (Peak 12.60M) | Time:00:00.00 | Mem:1.49M, Peak:1.49M | Scene, ViewLayer | Updating Device | Writing constant memory
Fra:1 Mem:12.60M (Peak 12.60M) | Time:00:00.00 | Mem:1.49M, Peak:1.49M | Scene, ViewLayer | Loading denoising kernels (may take a few minutes the first time)
Fra:1 Mem:12.60M (Peak 12.60M) | Time:00:00.00 | Mem:1.49M, Peak:1.49M | Scene, ViewLayer | Sample 0/24
Fra:1 Mem:56.48M (Peak 56.48M) | Time:00:00.19 | Remaining:00:04.37 | Mem:45.33M, Peak:45.33M | Scene, ViewLayer | Sample 1/24
Fra:1 Mem:74.94M (Peak 102.63M) | Time:00:07.16 | Mem:45.33M, Peak:45.33M | Scene, ViewLayer | Sample 24/24
Fra:1 Mem:74.94M (Peak 102.63M) | Time:00:07.16 | Mem:45.33M, Peak:45.33M | Scene, ViewLayer | Finished
Saved: '/home/lzzz/MyProjects/N-SIDE/output/assets/task045-vegetation-r1/tree-1.png'
Time: 00:07.21 (Saving: 00:00.04)

Fra:1 Mem:11.04M (Peak 11.04M) | Time:00:00.00 | Mem:0.00M, Peak:0.00M | Scene, ViewLayer | Synchronizing object | StreetTreeEarlyAutumn
Fra:1 Mem:11.04M (Peak 11.04M) | Time:00:00.00 | Mem:0.00M, Peak:0.00M | Scene, ViewLayer | Synchronizing object | Plane
Fra:1 Mem:11.96M (Peak 12.08M) | Time:00:00.00 | Mem:0.00M, Peak:0.00M | Scene, ViewLayer | Initializing
Fra:1 Mem:11.70M (Peak 12.08M) | Time:00:00.00 | Mem:0.00M, Peak:0.00M | Scene, ViewLayer | Waiting for render to start
Fra:1 Mem:11.70M (Peak 12.08M) | Time:00:00.00 | Mem:0.00M, Peak:0.00M | Scene, ViewLayer | Updating Scene
Fra:1 Mem:11.70M (Peak 12.08M) | Time:00:00.00 | Mem:0.00M, Peak:0.00M | Scene, ViewLayer | Updating Shaders
Fra:1 Mem:11.70M (Peak 12.08M) | Time:00:00.00 | Mem:0.00M, Peak:0.00M | Scene, ViewLayer | Loading render kernels (may take a few minutes the first time)
Fra:1 Mem:11.78M (Peak 12.08M) | Time:00:00.00 | Mem:0.00M, Peak:0.00M | Scene, ViewLayer | Updating Procedurals
Fra:1 Mem:11.78M (Peak 12.08M) | Time:00:00.00 | Mem:0.00M, Peak:0.00M | Scene, ViewLayer | Updating Background
Fra:1 Mem:11.78M (Peak 12.08M) | Time:00:00.00 | Mem:0.00M, Peak:0.00M | Scene, ViewLayer | Updating Camera
Fra:1 Mem:11.78M (Peak 12.08M) | Time:00:00.00 | Mem:0.00M, Peak:0.00M | Scene, ViewLayer | Updating Meshes Flags
Fra:1 Mem:11.78M (Peak 12.08M) | Time:00:00.00 | Mem:0.00M, Peak:0.00M | Scene, ViewLayer | Updating Objects
Fra:1 Mem:11.78M (Peak 12.08M) | Time:00:00.00 | Mem:0.00M, Peak:0.00M | Scene, ViewLayer | Updating Objects | Copying Transformations to device
Fra:1 Mem:11.78M (Peak 12.08M) | Time:00:00.00 | Mem:0.00M, Peak:0.00M | Scene, ViewLayer | Updating Particle Systems
Fra:1 Mem:11.78M (Peak 12.08M) | Time:00:00.00 | Mem:0.00M, Peak:0.00M | Scene, ViewLayer | Updating Particle Systems | Copying Particles to device
Fra:1 Mem:11.78M (Peak 12.08M) | Time:00:00.00 | Mem:0.00M, Peak:0.00M | Scene, ViewLayer | Updating Meshes
Fra:1 Mem:11.78M (Peak 12.08M) | Time:00:00.00 | Mem:0.00M, Peak:0.00M | Scene, ViewLayer | Updating Objects | Applying Static Transformations
Fra:1 Mem:11.78M (Peak 12.08M) | Time:00:00.00 | Mem:0.00M, Peak:0.00M | Scene, ViewLayer | Updating Mesh | Computing attributes
Fra:1 Mem:12.28M (Peak 12.28M) | Time:00:00.00 | Mem:0.00M, Peak:0.00M | Scene, ViewLayer | Updating Mesh | Copying Attributes to device
Fra:1 Mem:12.28M (Peak 12.28M) | Time:00:00.00 | Mem:0.50M, Peak:0.50M | Scene, ViewLayer | Updating Scene BVH | Building
Fra:1 Mem:12.28M (Peak 12.28M) | Time:00:00.00 | Mem:0.50M, Peak:0.50M | Scene, ViewLayer | Updating Scene BVH | Building BVH
Fra:1 Mem:12.28M (Peak 12.28M) | Time:00:00.00 | Mem:0.77M, Peak:0.77M | Scene, ViewLayer | Updating Scene BVH | Building BVH 0%
Fra:1 Mem:12.28M (Peak 12.28M) | Time:00:00.00 | Mem:1.09M, Peak:1.36M | Scene, ViewLayer | Updating Scene BVH | Copying BVH to device
Fra:1 Mem:12.28M (Peak 12.28M) | Time:00:00.00 | Mem:1.09M, Peak:1.36M | Scene, ViewLayer | Updating Mesh | Computing normals
Fra:1 Mem:12.59M (Peak 12.59M) | Time:00:00.00 | Mem:1.09M, Peak:1.36M | Scene, ViewLayer | Updating Mesh | Copying Mesh to device
Fra:1 Mem:12.59M (Peak 12.59M) | Time:00:00.00 | Mem:1.41M, Peak:1.41M | Scene, ViewLayer | Updating Objects Flags
Fra:1 Mem:12.59M (Peak 12.59M) | Time:00:00.00 | Mem:1.41M, Peak:1.41M | Scene, ViewLayer | Updating Primitive Offsets
Fra:1 Mem:12.59M (Peak 12.59M) | Time:00:00.00 | Mem:1.41M, Peak:1.41M | Scene, ViewLayer | Updating Images
Fra:1 Mem:12.59M (Peak 12.59M) | Time:00:00.00 | Mem:1.41M, Peak:1.41M | Scene, ViewLayer | Updating Camera Volume
Fra:1 Mem:12.59M (Peak 12.59M) | Time:00:00.00 | Mem:1.41M, Peak:1.41M | Scene, ViewLayer | Updating Lookup Tables
Fra:1 Mem:12.59M (Peak 12.59M) | Time:00:00.00 | Mem:1.49M, Peak:1.49M | Scene, ViewLayer | Updating Lights
Fra:1 Mem:12.59M (Peak 12.59M) | Time:00:00.00 | Mem:1.49M, Peak:1.49M | Scene, ViewLayer | Updating Lights | Computing tree
Fra:1 Mem:12.59M (Peak 12.59M) | Time:00:00.00 | Mem:1.49M, Peak:1.49M | Scene, ViewLayer | Updating Integrator
Fra:1 Mem:12.59M (Peak 12.59M) | Time:00:00.00 | Mem:1.49M, Peak:1.49M | Scene, ViewLayer | Updating Film
Fra:1 Mem:12.60M (Peak 12.60M) | Time:00:00.00 | Mem:1.41M, Peak:1.49M | Scene, ViewLayer | Updating Lookup Tables
Fra:1 Mem:12.60M (Peak 12.60M) | Time:00:00.00 | Mem:1.49M, Peak:1.49M | Scene, ViewLayer | Updating Baking
Fra:1 Mem:12.60M (Peak 12.60M) | Time:00:00.00 | Mem:1.49M, Peak:1.49M | Scene, ViewLayer | Updating Device | Writing constant memory
Fra:1 Mem:12.60M (Peak 12.60M) | Time:00:00.00 | Mem:1.49M, Peak:1.49M | Scene, ViewLayer | Loading denoising kernels (may take a few minutes the first time)
Fra:1 Mem:12.60M (Peak 12.60M) | Time:00:00.00 | Mem:1.49M, Peak:1.49M | Scene, ViewLayer | Sample 0/24
Fra:1 Mem:56.48M (Peak 56.48M) | Time:00:00.27 | Remaining:00:06.13 | Mem:45.33M, Peak:45.33M | Scene, ViewLayer | Sample 1/24
Fra:1 Mem:74.94M (Peak 102.63M) | Time:00:08.27 | Mem:45.33M, Peak:45.33M | Scene, ViewLayer | Sample 24/24
Fra:1 Mem:74.94M (Peak 102.63M) | Time:00:08.27 | Mem:45.33M, Peak:45.33M | Scene, ViewLayer | Finished
Saved: '/home/lzzz/MyProjects/N-SIDE/output/assets/task045-vegetation-r1/tree-2.png'
Time: 00:08.31 (Saving: 00:00.04)



Blender quit
