$ bun run check:map && bun run docs:build:player && bun run docs:build:dev
$ bun test tools/tests/district-map.test.ts
bun test v1.4.2 (744846f84)

tools/tests/district-map.test.ts:
(pass) map places and roads have valid shared references [2.38ms]
(pass) terrain colors follow ground elevation [0.13ms]
(pass) map overview fits extended terrain on wide and narrow screens [188.29ms]
(pass) mountain cross section uses sampled ground up to the stargazing summit [47.22ms]
(pass) mountain city keeps metre scale and usable graded route alternatives [4.90ms]
(pass) overview terrain retains source controls and excludes elevated connections [3851.45ms]
(pass) authored exterior sightlines clear intervening building volumes [3.25ms]
(pass) shopping stays local and public hillside routes remain connected [1.80ms]
(pass) orthographic projection preserves parallel edges and separates elevation from depth [0.30ms]
(pass) scene keeps platforms below volumes and geometry is finite [140.02ms]
(pass) expanded plan counts destinations separately and keeps parcel attachments valid [7.28ms]
(pass) sections follow connected routes and distinguish a lift from a slope [13.42ms]
(pass) geometry handles concave boundaries, shared walls, road width and local elevation [1.06ms]
(pass) tree positions stay outside building footprints [6.87ms]
(pass) all streets clear building volumes at their actual widths and elevations [387.54ms]
(pass) district ground-road crossings share a junction and its elevation [316.29ms]
(pass) city framework records every building and reaches its same-level facade entrances [14.79ms]
(pass) city stairs retain short flights, level rests and full-size treads [1.08ms]
(pass) ordinary streets keep their design grade and deliveries avoid stair-only approaches [1.93ms]
(pass) public streets stay outside same-level resident and service courts [4.79ms]
(pass) building volumes share boundaries without occupying the same space [30.02ms]
(pass) detailed places connect street access to separate public and service entrances [15.11ms]
(pass) cinema roof and exterior platform have distinct footprints and supported paths [1.57ms]
(pass) lifestyle routes visit actual arrival endpoints in the stated order [3.72ms]
(pass) housing estimates use residential floor area rather than the volume count [0.41ms]
(pass) architectural segments reference complete buildings and derive type counts from the same data [1.10ms]
(pass) representative buildings have consistent floors, room areas and facade entrances [57.12ms]
(pass) public, residents, students and service users have separate access rights [11.13ms]
(pass) shop supply starts on the city road and changes to a level trolley route at unloading [0.57ms]
(pass) interest equipment deliveries reach a level backstage route from a gentle city-road approach [0.93ms]
(pass) drawn room openings join actual walls and each occupied room has an access [0.84ms]
(pass) station mixed-use and interest samples connect customer and backstage rooms through their own entrances [0.49ms]
(pass) shared stairs and separate apartments connect through shared circulation [1.10ms]

 33 pass
 0 fail
Ran 33 tests across 1 file. [5.17s]
$ bun tools/wiki.ts build player

  vitepress v1.6.4

- building client + server bundles...
[32m✓[0m building client + server bundles...
- rendering pages...
[32m✓[0m rendering pages...
build complete in 3.10s.
{"profile":"player","pages":95,"files":547,"result":"PASS"}
$ bun tools/wiki.ts build dev

  vitepress v1.6.4

- building client + server bundles...

(!) Some chunks are larger than 500 kB after minification. Consider:
- Using dynamic import() to code-split the application
- Use build.rollupOptions.output.manualChunks to improve chunking: https://rollupjs.org/configuration-options/#output-manualchunks
- Adjust chunk size limit for this warning via build.chunkSizeWarningLimit.
[32m✓[0m building client + server bundles...
- rendering pages...
[32m✓[0m rendering pages...
build complete in 5.19s.
{"profile":"dev","pages":157,"files":788,"result":"PASS"}
