2026-09-28T01:37:42.802390Z  INFO bevy_diagnostic::system_information_diagnostics_plugin::internal: SystemInfo { os: "Linux (CachyOS Linux rolling)", kernel: "7.2.6-1-cachyos", cpu: "AMD Ryzen 7 5700X 8-Core Processor", core_count: "8", memory: "15.5 GiB" }
2026-09-28T01:37:42.838037Z  INFO bevy_render::renderer: AdapterInfo { name: "AMD Radeon RX 6650 XT (RADV NAVI23)", vendor: 4098, device: 29679, device_type: DiscreteGpu, device_pci_bus_id: "0000:2d:00.0", driver: "radv", driver_info: "Mesa 26.2.3-arch3.1", backend: Vulkan, subgroup_min_size: 32, subgroup_max_size: 64, transient_saves_memory: false }
2026-09-28T01:37:42.915880Z  INFO bevy_pbr::cluster: GPU clustering is supported on this device.
2026-09-28T01:37:42.915904Z  INFO bevy_render::batching::gpu_preprocessing: GPU preprocessing is fully supported on this device.
2026-09-28T01:37:42.916467Z  INFO n_side::app: [game/state] title
ICU4X data error: No segmentation model for complex script: Chinese/Japanese
ICU4X data error: No segmentation model for complex script: Chinese/Japanese
ICU4X data error: No segmentation model for complex script: Chinese/Japanese
ICU4X data error: No segmentation model for complex script: Chinese/Japanese
ICU4X data error: No segmentation model for complex script: Chinese/Japanese
ICU4X data error: No segmentation model for complex script: Chinese/Japanese
2026-09-28T01:37:43.452049Z  INFO n_side::app: [game/state] loading
ICU4X data error: No segmentation model for complex script: Chinese/Japanese
ICU4X data error: No segmentation model for complex script: Chinese/Japanese
ICU4X data error: No segmentation model for complex script: Chinese/Japanese
ICU4X data error: No segmentation model for complex script: Chinese/Japanese
2026-09-28T01:37:54.915750Z  INFO n_side::app: [player/collision] triangles=557434 sources=3301
2026-09-28T01:37:54.951466Z  INFO n_side::world::scene: [world/ready] meshes=3302 model_instances=263 dependencies=25 failed=0 degraded=0 startup_seconds=0.034
ICU4X data error: No segmentation model for complex script: Chinese/Japanese
ICU4X data error: No segmentation model for complex script: Chinese/Japanese
ICU4X data error: No segmentation model for complex script: Chinese/Japanese
ICU4X data error: No segmentation model for complex script: Chinese/Japanese
ICU4X data error: No segmentation model for complex script: Chinese/Japanese
ICU4X data error: No segmentation model for complex script: Chinese/Japanese
ICU4X data error: No segmentation model for complex script: Chinese/Japanese
ICU4X data error: No segmentation model for complex script: Chinese/Japanese
ICU4X data error: No segmentation model for complex script: Chinese/Japanese
ICU4X data error: No segmentation model for complex script: Chinese/Japanese
ICU4X data error: No segmentation model for complex script: Chinese/Japanese
ICU4X data error: No segmentation model for complex script: Chinese/Japanese
ICU4X data error: No segmentation model for complex script: Chinese/Japanese
ICU4X data error: No segmentation model for complex script: Chinese/Japanese
ICU4X data error: No segmentation model for complex script: Chinese/Japanese
ICU4X data error: No segmentation model for complex script: Chinese/Japanese
ICU4X data error: No segmentation model for complex script: Chinese/Japanese
ICU4X data error: No segmentation model for complex script: Chinese/Japanese
ICU4X data error: No segmentation model for complex script: Chinese/Japanese
ICU4X data error: No segmentation model for complex script: Chinese/Japanese
ICU4X data error: No segmentation model for complex script: Chinese/Japanese
ICU4X data error: No segmentation model for complex script: Chinese/Japanese
ICU4X data error: No segmentation model for complex script: Chinese/Japanese
ICU4X data error: No segmentation model for complex script: Chinese/Japanese
ICU4X data error: No segmentation model for complex script: Chinese/Japanese
ICU4X data error: No segmentation model for complex script: Chinese/Japanese
ICU4X data error: No segmentation model for complex script: Chinese/Japanese
ICU4X data error: No segmentation model for complex script: Chinese/Japanese
ICU4X data error: No segmentation model for complex script: Chinese/Japanese
ICU4X data error: No segmentation model for complex script: Chinese/Japanese
ICU4X data error: No segmentation model for complex script: Chinese/Japanese
ICU4X data error: No segmentation model for complex script: Chinese/Japanese
ICU4X data error: No segmentation model for complex script: Chinese/Japanese
ICU4X data error: No segmentation model for complex script: Chinese/Japanese
ICU4X data error: No segmentation model for complex script: Chinese/Japanese
ICU4X data error: No segmentation model for complex script: Chinese/Japanese
ICU4X data error: No segmentation model for complex script: Chinese/Japanese
ICU4X data error: No segmentation model for complex script: Chinese/Japanese
ICU4X data error: No segmentation model for complex script: Chinese/Japanese
ICU4X data error: No segmentation model for complex script: Chinese/Japanese
ICU4X data error: No segmentation model for complex script: Chinese/Japanese
ICU4X data error: No segmentation model for complex script: Chinese/Japanese
ICU4X data error: No segmentation model for complex script: Chinese/Japanese
ICU4X data error: No segmentation model for complex script: Chinese/Japanese
ICU4X data error: No segmentation model for complex script: Chinese/Japanese
ICU4X data error: No segmentation model for complex script: Chinese/Japanese
ICU4X data error: No segmentation model for complex script: Chinese/Japanese
ICU4X data error: No segmentation model for complex script: Chinese/Japanese
ICU4X data error: No segmentation model for complex script: Chinese/Japanese
ICU4X data error: No segmentation model for complex script: Chinese/Japanese
ICU4X data error: No segmentation model for complex script: Chinese/Japanese
ICU4X data error: No segmentation model for complex script: Chinese/Japanese
ICU4X data error: No segmentation model for complex script: Chinese/Japanese
ICU4X data error: No segmentation model for complex script: Chinese/Japanese
ICU4X data error: No segmentation model for complex script: Chinese/Japanese
ICU4X data error: No segmentation model for complex script: Chinese/Japanese
ICU4X data error: No segmentation model for complex script: Chinese/Japanese
ICU4X data error: No segmentation model for complex script: Chinese/Japanese
ICU4X data error: No segmentation model for complex script: Chinese/Japanese
ICU4X data error: No segmentation model for complex script: Chinese/Japanese
ICU4X data error: No segmentation model for complex script: Chinese/Japanese
ICU4X data error: No segmentation model for complex script: Chinese/Japanese
ICU4X data error: No segmentation model for complex script: Chinese/Japanese
ICU4X data error: No segmentation model for complex script: Chinese/Japanese
ICU4X data error: No segmentation model for complex script: Chinese/Japanese
ICU4X data error: No segmentation model for complex script: Chinese/Japanese
ICU4X data error: No segmentation model for complex script: Chinese/Japanese
ICU4X data error: No segmentation model for complex script: Chinese/Japanese
ICU4X data error: No segmentation model for complex script: Chinese/Japanese
2026-09-28T01:38:09.060135Z  INFO n_side::app: [game/state] title
ICU4X data error: No segmentation model for complex script: Chinese/Japanese
ICU4X data error: No segmentation model for complex script: Chinese/Japanese
ICU4X data error: No segmentation model for complex script: Chinese/Japanese
ICU4X data error: No segmentation model for complex script: Chinese/Japanese
ICU4X data error: No segmentation model for complex script: Chinese/Japanese
ICU4X data error: No segmentation model for complex script: Chinese/Japanese
2026-09-28T01:38:09.483589Z  INFO n_side::app: [game/state] loading
ICU4X data error: No segmentation model for complex script: Chinese/Japanese
ICU4X data error: No segmentation model for complex script: Chinese/Japanese
ICU4X data error: No segmentation model for complex script: Chinese/Japanese
ICU4X data error: No segmentation model for complex script: Chinese/Japanese
2026-09-28T01:38:18.627374Z  INFO n_side::app: [player/collision] triangles=557434 sources=3301
2026-09-28T01:38:18.693938Z  INFO n_side::world::scene: [world/ready] meshes=3302 model_instances=263 dependencies=25 failed=0 degraded=0 startup_seconds=0.064
ICU4X data error: No segmentation model for complex script: Chinese/Japanese
ICU4X data error: No segmentation model for complex script: Chinese/Japanese
ICU4X data error: No segmentation model for complex script: Chinese/Japanese
ICU4X data error: No segmentation model for complex script: Chinese/Japanese
2026-09-28T01:38:21.599017Z  INFO n_side::capture: [capture/check] {"name":"required_assets_ready","passed":true}
2026-09-28T01:38:21.599028Z  INFO n_side::capture: [capture/check] {"expected":600,"name":"all_frames_saved","passed":true,"saved":600}
2026-09-28T01:38:21.599032Z  INFO n_side::capture: [capture/check] {"checked_frames":600,"name":"finite_transforms","passed":true}
2026-09-28T01:38:21.599036Z  INFO n_side::capture: [capture/check] {"distance":0.0,"enabled":false,"expected":{"enabled":null,"from":34,"game_page":"paused","max_distance":0.0010000000474974513,"max_player_camera_distance":null,"max_player_distance":0.0010000000474974513,"max_player_height":null,"max_player_resets":0,"max_rotation":0.0020000000949949026,"max_ui_scroll":null,"max_world_entities":null,"min_distance":null,"min_player_camera_distance":null,"min_player_distance":null,"min_player_height":null,"min_rotation":null,"min_ui_scroll":null,"min_world_entities":null,"name":"loading_finishes_paused_while_unfocused","player_blocked":null,"player_grounded":true,"same_world_entities":true,"to":69,"ui_device":null,"ui_focus":null,"ui_page":null,"ui_record":null,"ui_reduced_motion":null,"ui_scale":null,"world_ready":true},"name":"loading_finishes_paused_while_unfocused","passed":true,"peak_rotation_radians":0.0,"rotation_radians":0.0}
2026-09-28T01:38:21.599045Z  INFO n_side::capture: [capture/check] {"distance":0.0,"enabled":false,"expected":{"enabled":null,"from":34,"game_page":"paused","max_distance":0.0010000000474974513,"max_player_camera_distance":null,"max_player_distance":0.0010000000474974513,"max_player_height":null,"max_player_resets":0,"max_rotation":0.0020000000949949026,"max_ui_scroll":null,"max_world_entities":null,"min_distance":null,"min_player_camera_distance":null,"min_player_distance":null,"min_player_height":null,"min_rotation":null,"min_ui_scroll":null,"min_world_entities":null,"name":"held_confirm_on_refocus_does_not_resume","player_blocked":null,"player_grounded":true,"same_world_entities":true,"to":109,"ui_device":null,"ui_focus":null,"ui_page":null,"ui_record":null,"ui_reduced_motion":null,"ui_scale":null,"world_ready":true},"name":"held_confirm_on_refocus_does_not_resume","passed":true,"peak_rotation_radians":0.0,"rotation_radians":0.0}
2026-09-28T01:38:21.599053Z  INFO n_side::capture: [capture/check] {"distance":5.321810245513916,"enabled":false,"expected":{"enabled":null,"from":129,"game_page":null,"max_distance":null,"max_player_camera_distance":null,"max_player_distance":null,"max_player_height":null,"max_player_resets":0,"max_rotation":null,"max_ui_scroll":null,"max_world_entities":null,"min_distance":null,"min_player_camera_distance":null,"min_player_distance":5.0,"min_player_height":null,"min_rotation":null,"min_ui_scroll":null,"min_world_entities":null,"name":"explicit_continue_enables_movement","player_blocked":null,"player_grounded":true,"same_world_entities":null,"to":179,"ui_device":null,"ui_focus":null,"ui_page":null,"ui_record":null,"ui_reduced_motion":null,"ui_scale":null,"world_ready":null},"name":"explicit_continue_enables_movement","passed":true,"peak_rotation_radians":0.0006905339541845024,"rotation_radians":0.0006905339541845024}
2026-09-28T01:38:21.599062Z  INFO n_side::capture: [capture/check] {"distance":0.0,"enabled":false,"expected":{"enabled":null,"from":179,"game_page":"paused","max_distance":0.0010000000474974513,"max_player_camera_distance":null,"max_player_distance":0.0010000000474974513,"max_player_height":null,"max_player_resets":0,"max_rotation":0.0020000000949949026,"max_ui_scroll":null,"max_world_entities":null,"min_distance":null,"min_player_camera_distance":null,"min_player_distance":null,"min_player_height":null,"min_rotation":null,"min_ui_scroll":null,"min_world_entities":null,"name":"focus_loss_blocks_same_frame_motion_look_reset","player_blocked":null,"player_grounded":true,"same_world_entities":true,"to":209,"ui_device":null,"ui_focus":null,"ui_page":null,"ui_record":null,"ui_reduced_motion":null,"ui_scale":null,"world_ready":true},"name":"focus_loss_blocks_same_frame_motion_look_reset","passed":true,"peak_rotation_radians":0.0006905339541845024,"rotation_radians":0.0006905339541845024}
2026-09-28T01:38:21.599072Z  INFO n_side::capture: [capture/check] {"distance":0.0,"enabled":false,"expected":{"enabled":null,"from":179,"game_page":"paused","max_distance":0.0010000000474974513,"max_player_camera_distance":null,"max_player_distance":0.0010000000474974513,"max_player_height":null,"max_player_resets":0,"max_rotation":0.0020000000949949026,"max_ui_scroll":null,"max_world_entities":null,"min_distance":null,"min_player_camera_distance":null,"min_player_distance":null,"min_player_height":null,"min_rotation":null,"min_ui_scroll":null,"min_world_entities":null,"name":"held_gamepad_on_refocus_does_not_resume","player_blocked":null,"player_grounded":true,"same_world_entities":true,"to":249,"ui_device":null,"ui_focus":null,"ui_page":null,"ui_record":null,"ui_reduced_motion":null,"ui_scale":null,"world_ready":true},"name":"held_gamepad_on_refocus_does_not_resume","passed":true,"peak_rotation_radians":0.0006905339541845024,"rotation_radians":0.0006905339541845024}
2026-09-28T01:38:21.599083Z  INFO n_side::capture: [capture/check] {"distance":3.2100627422332764,"enabled":false,"expected":{"enabled":null,"from":269,"game_page":null,"max_distance":null,"max_player_camera_distance":null,"max_player_distance":null,"max_player_height":null,"max_player_resets":0,"max_rotation":null,"max_ui_scroll":null,"max_world_entities":null,"min_distance":null,"min_player_camera_distance":null,"min_player_distance":3.0,"min_player_height":null,"min_rotation":null,"min_ui_scroll":null,"min_world_entities":null,"name":"fresh_gamepad_continue_enables_movement","player_blocked":null,"player_grounded":true,"same_world_entities":null,"to":299,"ui_device":null,"ui_focus":null,"ui_page":null,"ui_record":null,"ui_reduced_motion":null,"ui_scale":null,"world_ready":null},"name":"fresh_gamepad_continue_enables_movement","passed":true,"peak_rotation_radians":0.0006905339541845024,"rotation_radians":0.0006905339541845024}
2026-09-28T01:38:21.599091Z  INFO n_side::capture: [capture/check] {"distance":0.0,"enabled":false,"expected":{"enabled":null,"from":299,"game_page":"paused","max_distance":0.0010000000474974513,"max_player_camera_distance":null,"max_player_distance":0.0010000000474974513,"max_player_height":null,"max_player_resets":0,"max_rotation":0.0020000000949949026,"max_ui_scroll":null,"max_world_entities":null,"min_distance":null,"min_player_camera_distance":null,"min_player_distance":null,"min_player_height":null,"min_rotation":null,"min_ui_scroll":null,"min_world_entities":null,"name":"refocus_without_input_stays_paused","player_blocked":null,"player_grounded":true,"same_world_entities":true,"to":339,"ui_device":null,"ui_focus":null,"ui_page":null,"ui_record":null,"ui_reduced_motion":null,"ui_scale":null,"world_ready":true},"name":"refocus_without_input_stays_paused","passed":true,"peak_rotation_radians":0.0006905339541845024,"rotation_radians":0.0006905339541845024}
2026-09-28T01:38:21.599099Z  INFO n_side::capture: [capture/check] {"distance":3.1999969482421875,"enabled":false,"expected":{"enabled":null,"from":359,"game_page":null,"max_distance":null,"max_player_camera_distance":null,"max_player_distance":null,"max_player_height":null,"max_player_resets":0,"max_rotation":null,"max_ui_scroll":null,"max_world_entities":null,"min_distance":null,"min_player_camera_distance":null,"min_player_distance":3.0,"min_player_height":null,"min_rotation":null,"min_ui_scroll":null,"min_world_entities":null,"name":"fresh_escape_continue_enables_movement","player_blocked":null,"player_grounded":true,"same_world_entities":null,"to":409,"ui_device":null,"ui_focus":null,"ui_page":null,"ui_record":null,"ui_reduced_motion":null,"ui_scale":null,"world_ready":null},"name":"fresh_escape_continue_enables_movement","passed":true,"peak_rotation_radians":0.0006905339541845024,"rotation_radians":0.0006905339541845024}
2026-09-28T01:38:21.599109Z  INFO n_side::capture: [capture/check] {"distance":0.0,"enabled":false,"expected":{"enabled":null,"from":452,"game_page":"title","max_distance":null,"max_player_camera_distance":null,"max_player_distance":null,"max_player_height":null,"max_player_resets":null,"max_rotation":null,"max_ui_scroll":null,"max_world_entities":0,"min_distance":null,"min_player_camera_distance":null,"min_player_distance":null,"min_player_height":null,"min_rotation":null,"min_ui_scroll":null,"min_world_entities":null,"name":"title_clears_world","player_blocked":null,"player_grounded":null,"same_world_entities":null,"to":459,"ui_device":null,"ui_focus":null,"ui_page":null,"ui_record":null,"ui_reduced_motion":null,"ui_scale":null,"world_ready":false},"name":"title_clears_world","passed":true,"peak_rotation_radians":0.0006905339541845024,"rotation_radians":0.0006905339541845024}
2026-09-28T01:38:21.599119Z  INFO n_side::capture: [capture/check] {"distance":16.863143920898438,"enabled":false,"expected":{"enabled":null,"from":34,"game_page":"world","max_distance":null,"max_player_camera_distance":null,"max_player_distance":null,"max_player_height":null,"max_player_resets":null,"max_rotation":null,"max_ui_scroll":null,"max_world_entities":null,"min_distance":null,"min_player_camera_distance":null,"min_player_distance":null,"min_player_height":null,"min_rotation":null,"min_ui_scroll":null,"min_world_entities":null,"name":"reentry_restores_one_world","player_blocked":null,"player_grounded":null,"same_world_entities":true,"to":529,"ui_device":null,"ui_focus":null,"ui_page":null,"ui_record":null,"ui_reduced_motion":null,"ui_scale":null,"world_ready":true},"name":"reentry_restores_one_world","passed":true,"peak_rotation_radians":0.8659040927886963,"rotation_radians":0.8659040927886963}
2026-09-28T01:38:21.599127Z  INFO n_side::capture: [capture/check] {"distance":3.2000083923339844,"enabled":false,"expected":{"enabled":null,"from":529,"game_page":null,"max_distance":null,"max_player_camera_distance":null,"max_player_distance":null,"max_player_height":null,"max_player_resets":0,"max_rotation":null,"max_ui_scroll":null,"max_world_entities":null,"min_distance":null,"min_player_camera_distance":null,"min_player_distance":3.0,"min_player_height":null,"min_rotation":null,"min_ui_scroll":null,"min_world_entities":null,"name":"reentry_accepts_new_input","player_blocked":null,"player_grounded":true,"same_world_entities":null,"to":559,"ui_device":null,"ui_focus":null,"ui_page":null,"ui_record":null,"ui_reduced_motion":null,"ui_scale":null,"world_ready":null},"name":"reentry_accepts_new_input","passed":true,"peak_rotation_radians":0.0006905339541845024,"rotation_radians":0.0006905339541845024}
2026-09-28T01:38:21.599136Z  INFO n_side::capture: [capture/finished] status=PASS saved=600 report=/home/lzzz/MyProjects/N-SIDE/output/focus/2026-09-28/r1/focus-final/state.json
