[visual/config] file=/home/lzzz/MyProjects/N-SIDE/source-assets/district-scene/daylight.json aa=Msaa4 frame_metric=cpu_frame_interval pacing=uncapped
[map/validated] schema=7 nodes=1518 roads=858 buildings=231 surfaces=82 trees=72 meshes=3215 elapsed_seconds=8.120
[geometry/coverage] interior roads omitted=2 (exterior scope); derived features retain source paths
[visual/view] name=eye-shop anchor=home eye=[100.0, 255.0, 29.7] target=[88.0, 255.0, 29.7] fov=55
[visual/view] name=eye-corner anchor=market_turn eye=[15.0, 155.0, 21.7] target=[-7.0, 145.0, 21.7] fov=55
[visual/view] name=eye-shade anchor=service_shared eye=[55.0, 257.0, 29.7] target=[70.0, 257.0, 29.7] fov=55
[visual/view] name=eye-slope-support anchor=upper eye=[280.0, 365.0, 74.015789] target=[270.0, 385.0, 80.015789] fov=55
[visual/view] name=eye-transfer-support eye=[350.0, 323.75, 38.7] target=[350.0, 345.0, 72.315789] fov=55
[visual/view] name=inspect-cinema-bearing eye=[352.0, 238.0, 34.5] target=[340.0, 245.0, 36.2] fov=55
[visual/view] name=eye-shop-uphill eye=[100.0, 255.0, 29.7] target=[230.0, 950.0, 287.0465176392323] pitch_deg=20 fov=55
[visual/view] name=eye-station anchor=station eye=[0.0, 0.0, 9.7] target=[230.0, 950.0, 9.7] peak=[230.0, 950.0, 450.0] horizontal_distance_m=977.4 peak_angle_deg=24.25 fov=55
[visual/view] name=eye-cinema anchor=fw_w_cinema_s eye=[315.0, 167.5, 24.7] target=[230.0, 950.0, 24.7] peak=[230.0, 950.0, 450.0] horizontal_distance_m=787.1 peak_angle_deg=28.38 fov=55
[visual/view] name=eye-shop-mountain anchor=home eye=[100.0, 255.0, 29.7] target=[230.0, 950.0, 29.7] peak=[230.0, 950.0, 450.0] horizontal_distance_m=707.1 peak_angle_deg=30.73 fov=55
[visual/view] name=mountain-profile eye=[2868.0, 730.0, 926.0] target=[250.0, 730.0, 225.0] terrain_peak=[230.0, 950.0, 450.0] fov=55
[visual/view] name=block-B01 buildings=21 eye=Vec3(109.37891, 205.38152, 218.50868) fov=55
[visual/view] name=block-B02 buildings=16 eye=Vec3(-238.51382, 144.79863, -15.808502) fov=55
[visual/view] name=block-B03 buildings=19 eye=Vec3(-20.154419, 164.4718, -27.787598) fov=55
[visual/view] name=block-B04 buildings=17 eye=Vec3(195.21655, 156.99428, 40.092346) fov=55
[visual/view] name=block-B05 buildings=22 eye=Vec3(211.44635, 163.23117, -93.785904) fov=55
[visual/view] name=block-B06 buildings=26 eye=Vec3(160.44174, 270.73196, -216.40724) fov=55
[visual/view] name=block-B07 buildings=12 eye=Vec3(547.25946, 195.39911, -64.53453) fov=55
[visual/view] name=block-B08 buildings=30 eye=Vec3(797.5102, 209.68365, -59.4218) fov=55
[visual/view] name=block-B09 buildings=13 eye=Vec3(505.67453, 234.47366, 33.94342) fov=55
[visual/view] name=block-B10 buildings=15 eye=Vec3(763.9505, 149.11752, 108.94559) fov=55
[visual/view] name=block-B11 buildings=13 eye=Vec3(417.24933, 362.81552, 479.2207) fov=55
[visual/view] name=block-B12 buildings=20 eye=Vec3(483.612, 471.5756, -329.5349) fov=55
[visual/view] name=fixture-P3-A1-01 eye=Vec3(54.58169, 27.569489, -215.12401) occlusion_check=sampled-building-centerline step_m=0.25
[visual/view] name=fixture-P3-A1-02 eye=Vec3(127.52593, 43.946255, -305.72015) occlusion_check=sampled-building-centerline step_m=0.25
[visual/view] name=fixture-P3-A1-03 eye=Vec3(93.206375, 31.610628, -258.1525) occlusion_check=sampled-building-centerline step_m=0.25
[visual/view] name=fixture-P3-A1-04 eye=Vec3(277.20215, 81.00269, -391.38412) occlusion_check=sampled-building-centerline step_m=0.25
[visual/view] name=fixture-P3-A1-05 eye=Vec3(279.0118, 82.76882, -383.0293) occlusion_check=sampled-building-centerline step_m=0.25
[visual/view] name=fixture-P3-A1-06 eye=Vec3(95.39278, 40.921288, -241.23828) occlusion_check=sampled-building-centerline step_m=0.25
[visual/view] name=fixture-P3-A1-07 eye=Vec3(62.31803, 41.06995, -241.04007) occlusion_check=sampled-building-centerline step_m=0.25
[visual/view] name=fixture-P3-A1-08 eye=Vec3(37.202145, 27.318487, -217.38412) occlusion_check=sampled-building-centerline step_m=0.25
[visual/view] name=fixture-P3-A1-09 eye=Vec3(198.35109, 27.171593, -192.49756) occlusion_check=sampled-building-centerline step_m=0.25
[visual/view] name=fixture-P3-A2-01 eye=Vec3(-135.63318, 15.211366, -48.51818) occlusion_check=sampled-building-centerline step_m=0.25
[visual/view] name=fixture-P3-A2-02 eye=Vec3(-64.53777, 10.636145, 23.638283) occlusion_check=sampled-building-centerline step_m=0.25
[visual/view] name=fixture-P3-A2-03 eye=Vec3(-385.63782, 17.036976, -166.2507) occlusion_check=sampled-building-centerline step_m=0.25
[visual/view] name=fixture-P3-A2-04 eye=Vec3(-288.94995, 15.683403, -138.05547) occlusion_check=sampled-building-centerline step_m=0.25
[visual/view] name=fixture-P3-A2-05 eye=Vec3(-301.06583, 17.954678, -237.02036) occlusion_check=sampled-building-centerline step_m=0.25
[visual/view] name=fixture-P3-A2-06 eye=Vec3(28.462227, 10.703713, -41.361717) occlusion_check=sampled-building-centerline step_m=0.25
[visual/view] name=fixture-P3-A2-07 eye=Vec3(-379.6489, 15.351832, -106.49756) occlusion_check=sampled-building-centerline step_m=0.25
[visual/view] name=fixture-P3-A2-08 eye=Vec3(-328.17563, 26.862333, -260.66525) occlusion_check=sampled-building-centerline step_m=0.25
2026-09-27T06:21:08.241965Z  INFO bevy_diagnostic::system_information_diagnostics_plugin::internal: SystemInfo { os: "Linux (CachyOS Linux rolling)", kernel: "7.2.6-1-cachyos", cpu: "AMD Ryzen 7 5700X 8-Core Processor", core_count: "8", memory: "15.5 GiB" }
2026-09-27T06:21:08.271584Z  INFO bevy_render::renderer: AdapterInfo { name: "AMD Radeon RX 6650 XT (RADV NAVI23)", vendor: 4098, device: 29679, device_type: DiscreteGpu, device_pci_bus_id: "0000:2d:00.0", driver: "radv", driver_info: "Mesa 26.2.3-arch3.1", backend: Vulkan, subgroup_min_size: 32, subgroup_max_size: 64, transient_saves_memory: false }
2026-09-27T06:21:08.344022Z  INFO bevy_pbr::cluster: GPU clustering is supported on this device.
2026-09-27T06:21:08.344044Z  INFO bevy_render::batching::gpu_preprocessing: GPU preprocessing is fully supported on this device.
2026-09-27T06:21:08.352492Z  INFO bevy_camera_controller::free_camera:
Freecamera Controls:
    Mouse	- Move camera orientation
    Scroll	- Adjust movement speed
    Right	- Hold to grab cursor
    KeyM	- Toggle cursor grab
    KeyW & KeyS	- Fly forward & backwards
    KeyA & KeyD	- Fly sideways left & right
    KeyE & KeyQ	- Fly up & down
    ShiftLeft	- Fly faster while held
    [ControlLeft + ]Numpad7	- Snap to Up (+Y)/Down (-Y)
    [ControlLeft + ]Numpad3	- Snap to Right (+X)/Left (-X)
    [ControlLeft + ]Numpad1	- Snap to Front (-Z)/Back (+Z)
2026-09-27T06:21:08.391630Z  INFO n_side::world::scene: [world/ready] meshes=3215 model_instances=260 dependencies=25 failed=0 degraded=0 startup_seconds=0.057
ICU4X data error: No segmentation model for complex script: Chinese/Japanese
ICU4X data error: No segmentation model for complex script: Chinese/Japanese
ICU4X data error: No segmentation model for complex script: Chinese/Japanese
ICU4X data error: No segmentation model for complex script: Chinese/Japanese
ICU4X data error: No segmentation model for complex script: Chinese/Japanese
ICU4X data error: No segmentation model for complex script: Chinese/Japanese
ICU4X data error: No segmentation model for complex script: Chinese/Japanese
ICU4X data error: No segmentation model for complex script: Chinese/Japanese
ICU4X data error: No segmentation model for complex script: Chinese/Japanese
ICU4X data error: No segmentation model for complex script: Chinese/Japanese
ICU4X data error: No segmentation model for complex script: Chinese/Japanese
ICU4X data error: No segmentation model for complex script: Chinese/Japanese
ICU4X data error: No segmentation model for complex script: Chinese/Japanese
ICU4X data error: No segmentation model for complex script: Chinese/Japanese
ICU4X data error: No segmentation model for complex script: Chinese/Japanese
ICU4X data error: No segmentation model for complex script: Chinese/Japanese
ICU4X data error: No segmentation model for complex script: Chinese/Japanese
ICU4X data error: No segmentation model for complex script: Chinese/Japanese
ICU4X data error: No segmentation model for complex script: Chinese/Japanese
ICU4X data error: No segmentation model for complex script: Chinese/Japanese
ICU4X data error: No segmentation model for complex script: Chinese/Japanese
ICU4X data error: No segmentation model for complex script: Chinese/Japanese
ICU4X data error: No segmentation model for complex script: Chinese/Japanese
ICU4X data error: No segmentation model for complex script: Chinese/Japanese
ICU4X data error: No segmentation model for complex script: Chinese/Japanese
ICU4X data error: No segmentation model for complex script: Chinese/Japanese
ICU4X data error: No segmentation model for complex script: Chinese/Japanese
ICU4X data error: No segmentation model for complex script: Chinese/Japanese
ICU4X data error: No segmentation model for complex script: Chinese/Japanese
ICU4X data error: No segmentation model for complex script: Chinese/Japanese
ICU4X data error: No segmentation model for complex script: Chinese/Japanese
ICU4X data error: No segmentation model for complex script: Chinese/Japanese
ICU4X data error: No segmentation model for complex script: Chinese/Japanese
ICU4X data error: No segmentation model for complex script: Chinese/Japanese
ICU4X data error: No segmentation model for complex script: Chinese/Japanese
ICU4X data error: No segmentation model for complex script: Chinese/Japanese
ICU4X data error: No segmentation model for complex script: Chinese/Japanese
ICU4X data error: No segmentation model for complex script: Chinese/Japanese
ICU4X data error: No segmentation model for complex script: Chinese/Japanese
ICU4X data error: No segmentation model for complex script: Chinese/Japanese
ICU4X data error: No segmentation model for complex script: Chinese/Japanese
ICU4X data error: No segmentation model for complex script: Chinese/Japanese
ICU4X data error: No segmentation model for complex script: Chinese/Japanese
ICU4X data error: No segmentation model for complex script: Chinese/Japanese
ICU4X data error: No segmentation model for complex script: Chinese/Japanese
ICU4X data error: No segmentation model for complex script: Chinese/Japanese
ICU4X data error: No segmentation model for complex script: Chinese/Japanese
ICU4X data error: No segmentation model for complex script: Chinese/Japanese
ICU4X data error: No segmentation model for complex script: Chinese/Japanese
ICU4X data error: No segmentation model for complex script: Chinese/Japanese
ICU4X data error: No segmentation model for complex script: Chinese/Japanese
ICU4X data error: No segmentation model for complex script: Chinese/Japanese
ICU4X data error: No segmentation model for complex script: Chinese/Japanese
ICU4X data error: No segmentation model for complex script: Chinese/Japanese
ICU4X data error: No segmentation model for complex script: Chinese/Japanese
ICU4X data error: No segmentation model for complex script: Chinese/Japanese
ICU4X data error: No segmentation model for complex script: Chinese/Japanese
ICU4X data error: No segmentation model for complex script: Chinese/Japanese
ICU4X data error: No segmentation model for complex script: Chinese/Japanese
ICU4X data error: No segmentation model for complex script: Chinese/Japanese
ICU4X data error: No segmentation model for complex script: Chinese/Japanese
ICU4X data error: No segmentation model for complex script: Chinese/Japanese
ICU4X data error: No segmentation model for complex script: Chinese/Japanese
ICU4X data error: No segmentation model for complex script: Chinese/Japanese
ICU4X data error: No segmentation model for complex script: Chinese/Japanese
ICU4X data error: No segmentation model for complex script: Chinese/Japanese
ICU4X data error: No segmentation model for complex script: Chinese/Japanese
ICU4X data error: No segmentation model for complex script: Chinese/Japanese
ICU4X data error: No segmentation model for complex script: Chinese/Japanese
ICU4X data error: No segmentation model for complex script: Chinese/Japanese
ICU4X data error: No segmentation model for complex script: Chinese/Japanese
ICU4X data error: No segmentation model for complex script: Chinese/Japanese
ICU4X data error: No segmentation model for complex script: Chinese/Japanese
ICU4X data error: No segmentation model for complex script: Chinese/Japanese
ICU4X data error: No segmentation model for complex script: Chinese/Japanese
ICU4X data error: No segmentation model for complex script: Chinese/Japanese
ICU4X data error: No segmentation model for complex script: Chinese/Japanese
ICU4X data error: No segmentation model for complex script: Chinese/Japanese
ICU4X data error: No segmentation model for complex script: Chinese/Japanese
ICU4X data error: No segmentation model for complex script: Chinese/Japanese
ICU4X data error: No segmentation model for complex script: Chinese/Japanese
ICU4X data error: No segmentation model for complex script: Chinese/Japanese
ICU4X data error: No segmentation model for complex script: Chinese/Japanese
ICU4X data error: No segmentation model for complex script: Chinese/Japanese
ICU4X data error: No segmentation model for complex script: Chinese/Japanese
ICU4X data error: No segmentation model for complex script: Chinese/Japanese
ICU4X data error: No segmentation model for complex script: Chinese/Japanese
ICU4X data error: No segmentation model for complex script: Chinese/Japanese
ICU4X data error: No segmentation model for complex script: Chinese/Japanese
ICU4X data error: No segmentation model for complex script: Chinese/Japanese
ICU4X data error: No segmentation model for complex script: Chinese/Japanese
ICU4X data error: No segmentation model for complex script: Chinese/Japanese
ICU4X data error: No segmentation model for complex script: Chinese/Japanese
ICU4X data error: No segmentation model for complex script: Chinese/Japanese
ICU4X data error: No segmentation model for complex script: Chinese/Japanese
ICU4X data error: No segmentation model for complex script: Chinese/Japanese
ICU4X data error: No segmentation model for complex script: Chinese/Japanese
ICU4X data error: No segmentation model for complex script: Chinese/Japanese
ICU4X data error: No segmentation model for complex script: Chinese/Japanese
ICU4X data error: No segmentation model for complex script: Chinese/Japanese
ICU4X data error: No segmentation model for complex script: Chinese/Japanese
ICU4X data error: No segmentation model for complex script: Chinese/Japanese
ICU4X data error: No segmentation model for complex script: Chinese/Japanese
ICU4X data error: No segmentation model for complex script: Chinese/Japanese
ICU4X data error: No segmentation model for complex script: Chinese/Japanese
ICU4X data error: No segmentation model for complex script: Chinese/Japanese
ICU4X data error: No segmentation model for complex script: Chinese/Japanese
ICU4X data error: No segmentation model for complex script: Chinese/Japanese
ICU4X data error: No segmentation model for complex script: Chinese/Japanese
ICU4X data error: No segmentation model for complex script: Chinese/Japanese
ICU4X data error: No segmentation model for complex script: Chinese/Japanese
ICU4X data error: No segmentation model for complex script: Chinese/Japanese
ICU4X data error: No segmentation model for complex script: Chinese/Japanese
ICU4X data error: No segmentation model for complex script: Chinese/Japanese
ICU4X data error: No segmentation model for complex script: Chinese/Japanese
ICU4X data error: No segmentation model for complex script: Chinese/Japanese
ICU4X data error: No segmentation model for complex script: Chinese/Japanese
ICU4X data error: No segmentation model for complex script: Chinese/Japanese
ICU4X data error: No segmentation model for complex script: Chinese/Japanese
ICU4X data error: No segmentation model for complex script: Chinese/Japanese
ICU4X data error: No segmentation model for complex script: Chinese/Japanese
ICU4X data error: No segmentation model for complex script: Chinese/Japanese
ICU4X data error: No segmentation model for complex script: Chinese/Japanese
ICU4X data error: No segmentation model for complex script: Chinese/Japanese
ICU4X data error: No segmentation model for complex script: Chinese/Japanese
ICU4X data error: No segmentation model for complex script: Chinese/Japanese
ICU4X data error: No segmentation model for complex script: Chinese/Japanese
ICU4X data error: No segmentation model for complex script: Chinese/Japanese
ICU4X data error: No segmentation model for complex script: Chinese/Japanese
ICU4X data error: No segmentation model for complex script: Chinese/Japanese
ICU4X data error: No segmentation model for complex script: Chinese/Japanese
ICU4X data error: No segmentation model for complex script: Chinese/Japanese
ICU4X data error: No segmentation model for complex script: Chinese/Japanese
ICU4X data error: No segmentation model for complex script: Chinese/Japanese
ICU4X data error: No segmentation model for complex script: Chinese/Japanese
ICU4X data error: No segmentation model for complex script: Chinese/Japanese
ICU4X data error: No segmentation model for complex script: Chinese/Japanese
ICU4X data error: No segmentation model for complex script: Chinese/Japanese
ICU4X data error: No segmentation model for complex script: Chinese/Japanese
ICU4X data error: No segmentation model for complex script: Chinese/Japanese
ICU4X data error: No segmentation model for complex script: Chinese/Japanese
ICU4X data error: No segmentation model for complex script: Chinese/Japanese
ICU4X data error: No segmentation model for complex script: Chinese/Japanese
ICU4X data error: No segmentation model for complex script: Chinese/Japanese
ICU4X data error: No segmentation model for complex script: Chinese/Japanese
ICU4X data error: No segmentation model for complex script: Chinese/Japanese
ICU4X data error: No segmentation model for complex script: Chinese/Japanese
ICU4X data error: No segmentation model for complex script: Chinese/Japanese
ICU4X data error: No segmentation model for complex script: Chinese/Japanese
ICU4X data error: No segmentation model for complex script: Chinese/Japanese
ICU4X data error: No segmentation model for complex script: Chinese/Japanese
ICU4X data error: No segmentation model for complex script: Chinese/Japanese
ICU4X data error: No segmentation model for complex script: Chinese/Japanese
ICU4X data error: No segmentation model for complex script: Chinese/Japanese
ICU4X data error: No segmentation model for complex script: Chinese/Japanese
ICU4X data error: No segmentation model for complex script: Chinese/Japanese
ICU4X data error: No segmentation model for complex script: Chinese/Japanese
ICU4X data error: No segmentation model for complex script: Chinese/Japanese
ICU4X data error: No segmentation model for complex script: Chinese/Japanese
ICU4X data error: No segmentation model for complex script: Chinese/Japanese
ICU4X data error: No segmentation model for complex script: Chinese/Japanese
ICU4X data error: No segmentation model for complex script: Chinese/Japanese
ICU4X data error: No segmentation model for complex script: Chinese/Japanese
ICU4X data error: No segmentation model for complex script: Chinese/Japanese
ICU4X data error: No segmentation model for complex script: Chinese/Japanese
ICU4X data error: No segmentation model for complex script: Chinese/Japanese
ICU4X data error: No segmentation model for complex script: Chinese/Japanese
ICU4X data error: No segmentation model for complex script: Chinese/Japanese
ICU4X data error: No segmentation model for complex script: Chinese/Japanese
ICU4X data error: No segmentation model for complex script: Chinese/Japanese
ICU4X data error: No segmentation model for complex script: Chinese/Japanese
ICU4X data error: No segmentation model for complex script: Chinese/Japanese
ICU4X data error: No segmentation model for complex script: Chinese/Japanese
ICU4X data error: No segmentation model for complex script: Chinese/Japanese
ICU4X data error: No segmentation model for complex script: Chinese/Japanese
ICU4X data error: No segmentation model for complex script: Chinese/Japanese
ICU4X data error: No segmentation model for complex script: Chinese/Japanese
ICU4X data error: No segmentation model for complex script: Chinese/Japanese
ICU4X data error: No segmentation model for complex script: Chinese/Japanese
ICU4X data error: No segmentation model for complex script: Chinese/Japanese
ICU4X data error: No segmentation model for complex script: Chinese/Japanese
ICU4X data error: No segmentation model for complex script: Chinese/Japanese
ICU4X data error: No segmentation model for complex script: Chinese/Japanese
ICU4X data error: No segmentation model for complex script: Chinese/Japanese
ICU4X data error: No segmentation model for complex script: Chinese/Japanese
ICU4X data error: No segmentation model for complex script: Chinese/Japanese
ICU4X data error: No segmentation model for complex script: Chinese/Japanese
ICU4X data error: No segmentation model for complex script: Chinese/Japanese
ICU4X data error: No segmentation model for complex script: Chinese/Japanese
ICU4X data error: No segmentation model for complex script: Chinese/Japanese
ICU4X data error: No segmentation model for complex script: Chinese/Japanese
ICU4X data error: No segmentation model for complex script: Chinese/Japanese
ICU4X data error: No segmentation model for complex script: Chinese/Japanese
ICU4X data error: No segmentation model for complex script: Chinese/Japanese
ICU4X data error: No segmentation model for complex script: Chinese/Japanese
ICU4X data error: No segmentation model for complex script: Chinese/Japanese
ICU4X data error: No segmentation model for complex script: Chinese/Japanese
ICU4X data error: No segmentation model for complex script: Chinese/Japanese
ICU4X data error: No segmentation model for complex script: Chinese/Japanese
ICU4X data error: No segmentation model for complex script: Chinese/Japanese
ICU4X data error: No segmentation model for complex script: Chinese/Japanese
ICU4X data error: No segmentation model for complex script: Chinese/Japanese
ICU4X data error: No segmentation model for complex script: Chinese/Japanese
ICU4X data error: No segmentation model for complex script: Chinese/Japanese
ICU4X data error: No segmentation model for complex script: Chinese/Japanese
ICU4X data error: No segmentation model for complex script: Chinese/Japanese
ICU4X data error: No segmentation model for complex script: Chinese/Japanese
ICU4X data error: No segmentation model for complex script: Chinese/Japanese
ICU4X data error: No segmentation model for complex script: Chinese/Japanese
ICU4X data error: No segmentation model for complex script: Chinese/Japanese
ICU4X data error: No segmentation model for complex script: Chinese/Japanese
ICU4X data error: No segmentation model for complex script: Chinese/Japanese
ICU4X data error: No segmentation model for complex script: Chinese/Japanese
ICU4X data error: No segmentation model for complex script: Chinese/Japanese
ICU4X data error: No segmentation model for complex script: Chinese/Japanese
ICU4X data error: No segmentation model for complex script: Chinese/Japanese
ICU4X data error: No segmentation model for complex script: Chinese/Japanese
ICU4X data error: No segmentation model for complex script: Chinese/Japanese
ICU4X data error: No segmentation model for complex script: Chinese/Japanese
ICU4X data error: No segmentation model for complex script: Chinese/Japanese
ICU4X data error: No segmentation model for complex script: Chinese/Japanese
ICU4X data error: No segmentation model for complex script: Chinese/Japanese
ICU4X data error: No segmentation model for complex script: Chinese/Japanese
ICU4X data error: No segmentation model for complex script: Chinese/Japanese
ICU4X data error: No segmentation model for complex script: Chinese/Japanese
ICU4X data error: No segmentation model for complex script: Chinese/Japanese
ICU4X data error: No segmentation model for complex script: Chinese/Japanese
ICU4X data error: No segmentation model for complex script: Chinese/Japanese
ICU4X data error: No segmentation model for complex script: Chinese/Japanese
ICU4X data error: No segmentation model for complex script: Chinese/Japanese
ICU4X data error: No segmentation model for complex script: Chinese/Japanese
ICU4X data error: No segmentation model for complex script: Chinese/Japanese
ICU4X data error: No segmentation model for complex script: Chinese/Japanese
ICU4X data error: No segmentation model for complex script: Chinese/Japanese
ICU4X data error: No segmentation model for complex script: Chinese/Japanese
ICU4X data error: No segmentation model for complex script: Chinese/Japanese
ICU4X data error: No segmentation model for complex script: Chinese/Japanese
ICU4X data error: No segmentation model for complex script: Chinese/Japanese
ICU4X data error: No segmentation model for complex script: Chinese/Japanese
ICU4X data error: No segmentation model for complex script: Chinese/Japanese
ICU4X data error: No segmentation model for complex script: Chinese/Japanese
ICU4X data error: No segmentation model for complex script: Chinese/Japanese
ICU4X data error: No segmentation model for complex script: Chinese/Japanese
ICU4X data error: No segmentation model for complex script: Chinese/Japanese
ICU4X data error: No segmentation model for complex script: Chinese/Japanese
ICU4X data error: No segmentation model for complex script: Chinese/Japanese
ICU4X data error: No segmentation model for complex script: Chinese/Japanese
ICU4X data error: No segmentation model for complex script: Chinese/Japanese
ICU4X data error: No segmentation model for complex script: Chinese/Japanese
ICU4X data error: No segmentation model for complex script: Chinese/Japanese
ICU4X data error: No segmentation model for complex script: Chinese/Japanese
ICU4X data error: No segmentation model for complex script: Chinese/Japanese
ICU4X data error: No segmentation model for complex script: Chinese/Japanese
ICU4X data error: No segmentation model for complex script: Chinese/Japanese
ICU4X data error: No segmentation model for complex script: Chinese/Japanese
ICU4X data error: No segmentation model for complex script: Chinese/Japanese
ICU4X data error: No segmentation model for complex script: Chinese/Japanese
ICU4X data error: No segmentation model for complex script: Chinese/Japanese
ICU4X data error: No segmentation model for complex script: Chinese/Japanese
ICU4X data error: No segmentation model for complex script: Chinese/Japanese
ICU4X data error: No segmentation model for complex script: Chinese/Japanese
ICU4X data error: No segmentation model for complex script: Chinese/Japanese
ICU4X data error: No segmentation model for complex script: Chinese/Japanese
ICU4X data error: No segmentation model for complex script: Chinese/Japanese
ICU4X data error: No segmentation model for complex script: Chinese/Japanese
ICU4X data error: No segmentation model for complex script: Chinese/Japanese
ICU4X data error: No segmentation model for complex script: Chinese/Japanese
ICU4X data error: No segmentation model for complex script: Chinese/Japanese
ICU4X data error: No segmentation model for complex script: Chinese/Japanese
ICU4X data error: No segmentation model for complex script: Chinese/Japanese
ICU4X data error: No segmentation model for complex script: Chinese/Japanese
ICU4X data error: No segmentation model for complex script: Chinese/Japanese
ICU4X data error: No segmentation model for complex script: Chinese/Japanese
ICU4X data error: No segmentation model for complex script: Chinese/Japanese
ICU4X data error: No segmentation model for complex script: Chinese/Japanese
ICU4X data error: No segmentation model for complex script: Chinese/Japanese
ICU4X data error: No segmentation model for complex script: Chinese/Japanese
ICU4X data error: No segmentation model for complex script: Chinese/Japanese
ICU4X data error: No segmentation model for complex script: Chinese/Japanese
ICU4X data error: No segmentation model for complex script: Chinese/Japanese
ICU4X data error: No segmentation model for complex script: Chinese/Japanese
ICU4X data error: No segmentation model for complex script: Chinese/Japanese
ICU4X data error: No segmentation model for complex script: Chinese/Japanese
ICU4X data error: No segmentation model for complex script: Chinese/Japanese
ICU4X data error: No segmentation model for complex script: Chinese/Japanese
ICU4X data error: No segmentation model for complex script: Chinese/Japanese
ICU4X data error: No segmentation model for complex script: Chinese/Japanese
ICU4X data error: No segmentation model for complex script: Chinese/Japanese
ICU4X data error: No segmentation model for complex script: Chinese/Japanese
ICU4X data error: No segmentation model for complex script: Chinese/Japanese
ICU4X data error: No segmentation model for complex script: Chinese/Japanese
ICU4X data error: No segmentation model for complex script: Chinese/Japanese
ICU4X data error: No segmentation model for complex script: Chinese/Japanese
ICU4X data error: No segmentation model for complex script: Chinese/Japanese
ICU4X data error: No segmentation model for complex script: Chinese/Japanese
ICU4X data error: No segmentation model for complex script: Chinese/Japanese
ICU4X data error: No segmentation model for complex script: Chinese/Japanese
ICU4X data error: No segmentation model for complex script: Chinese/Japanese
ICU4X data error: No segmentation model for complex script: Chinese/Japanese
ICU4X data error: No segmentation model for complex script: Chinese/Japanese
ICU4X data error: No segmentation model for complex script: Chinese/Japanese
ICU4X data error: No segmentation model for complex script: Chinese/Japanese
ICU4X data error: No segmentation model for complex script: Chinese/Japanese
ICU4X data error: No segmentation model for complex script: Chinese/Japanese
ICU4X data error: No segmentation model for complex script: Chinese/Japanese
ICU4X data error: No segmentation model for complex script: Chinese/Japanese
ICU4X data error: No segmentation model for complex script: Chinese/Japanese
ICU4X data error: No segmentation model for complex script: Chinese/Japanese
ICU4X data error: No segmentation model for complex script: Chinese/Japanese
ICU4X data error: No segmentation model for complex script: Chinese/Japanese
ICU4X data error: No segmentation model for complex script: Chinese/Japanese
ICU4X data error: No segmentation model for complex script: Chinese/Japanese
ICU4X data error: No segmentation model for complex script: Chinese/Japanese
ICU4X data error: No segmentation model for complex script: Chinese/Japanese
2026-09-27T06:21:28.499778Z  INFO map_viewer::capture: [capture/check] {"name":"required_assets_ready","passed":true}
2026-09-27T06:21:28.499790Z  INFO map_viewer::capture: [capture/check] {"expected":600,"name":"all_frames_saved","passed":true,"saved":600}
2026-09-27T06:21:28.499794Z  INFO map_viewer::capture: [capture/check] {"checked_frames":600,"name":"finite_transforms","passed":true}
2026-09-27T06:21:28.499797Z  INFO map_viewer::capture: [capture/check] {"distance":0.0,"enabled":false,"expected":{"enabled":false,"from":29,"max_distance":null,"max_ui_scroll":null,"min_distance":null,"min_rotation":null,"min_ui_scroll":null,"name":"main_menu_starts_with_focus","to":29,"ui_device":null,"ui_focus":0,"ui_page":"menu","ui_record":null,"ui_reduced_motion":null,"ui_scale":null},"name":"main_menu_starts_with_focus","passed":true,"rotation_radians":0.0}
2026-09-27T06:21:28.499803Z  INFO map_viewer::capture: [capture/check] {"distance":0.0,"enabled":false,"expected":{"enabled":null,"from":100,"max_distance":null,"max_ui_scroll":null,"min_distance":null,"min_rotation":null,"min_ui_scroll":null,"name":"unavailable_quest_does_not_open","to":100,"ui_device":null,"ui_focus":1,"ui_page":"menu","ui_record":null,"ui_reduced_motion":null,"ui_scale":null},"name":"unavailable_quest_does_not_open","passed":true,"rotation_radians":0.0}
2026-09-27T06:21:28.499808Z  INFO map_viewer::capture: [capture/check] {"distance":0.0,"enabled":false,"expected":{"enabled":null,"from":150,"max_distance":null,"max_ui_scroll":0.0,"min_distance":null,"min_rotation":null,"min_ui_scroll":null,"name":"keyboard_opens_record_sample","to":150,"ui_device":"keyboard_mouse","ui_focus":null,"ui_page":"records","ui_record":0,"ui_reduced_motion":null,"ui_scale":null},"name":"keyboard_opens_record_sample","passed":true,"rotation_radians":0.0}
2026-09-27T06:21:28.499814Z  INFO map_viewer::capture: [capture/check] {"distance":0.0,"enabled":false,"expected":{"enabled":null,"from":200,"max_distance":null,"max_ui_scroll":null,"min_distance":null,"min_rotation":null,"min_ui_scroll":100.0,"name":"long_chinese_scrolls","to":200,"ui_device":null,"ui_focus":null,"ui_page":null,"ui_record":null,"ui_reduced_motion":null,"ui_scale":null},"name":"long_chinese_scrolls","passed":true,"rotation_radians":0.0}
2026-09-27T06:21:28.499822Z  INFO map_viewer::capture: [capture/check] {"distance":0.0,"enabled":false,"expected":{"enabled":null,"from":259,"max_distance":null,"max_ui_scroll":null,"min_distance":null,"min_rotation":null,"min_ui_scroll":null,"name":"gamepad_selects_empty_record","to":259,"ui_device":"gamepad","ui_focus":null,"ui_page":"records","ui_record":1,"ui_reduced_motion":null,"ui_scale":null},"name":"gamepad_selects_empty_record","passed":true,"rotation_radians":0.0}
2026-09-27T06:21:28.499830Z  INFO map_viewer::capture: [capture/check] {"distance":0.0,"enabled":false,"expected":{"enabled":null,"from":289,"max_distance":null,"max_ui_scroll":null,"min_distance":null,"min_rotation":null,"min_ui_scroll":null,"name":"back_restores_work_menu_focus","to":289,"ui_device":null,"ui_focus":2,"ui_page":"menu","ui_record":null,"ui_reduced_motion":null,"ui_scale":null},"name":"back_restores_work_menu_focus","passed":true,"rotation_radians":0.0}
2026-09-27T06:21:28.499835Z  INFO map_viewer::capture: [capture/check] {"distance":0.0,"enabled":false,"expected":{"enabled":null,"from":379,"max_distance":null,"max_ui_scroll":null,"min_distance":null,"min_rotation":null,"min_ui_scroll":null,"name":"gamepad_opens_settings","to":379,"ui_device":null,"ui_focus":0,"ui_page":"settings","ui_record":null,"ui_reduced_motion":null,"ui_scale":null},"name":"gamepad_opens_settings","passed":true,"rotation_radians":0.0}
2026-09-27T06:21:28.499841Z  INFO map_viewer::capture: [capture/check] {"distance":0.0,"enabled":false,"expected":{"enabled":null,"from":409,"max_distance":null,"max_ui_scroll":null,"min_distance":null,"min_rotation":null,"min_ui_scroll":null,"name":"scale_setting_takes_effect","to":409,"ui_device":null,"ui_focus":null,"ui_page":"settings","ui_record":null,"ui_reduced_motion":null,"ui_scale":1.25},"name":"scale_setting_takes_effect","passed":true,"rotation_radians":0.0}
2026-09-27T06:21:28.499846Z  INFO map_viewer::capture: [capture/check] {"distance":0.0,"enabled":false,"expected":{"enabled":null,"from":439,"max_distance":null,"max_ui_scroll":null,"min_distance":null,"min_rotation":null,"min_ui_scroll":null,"name":"reduced_motion_takes_effect","to":439,"ui_device":null,"ui_focus":null,"ui_page":null,"ui_record":null,"ui_reduced_motion":true,"ui_scale":null},"name":"reduced_motion_takes_effect","passed":true,"rotation_radians":0.0}
2026-09-27T06:21:28.499851Z  INFO map_viewer::capture: [capture/check] {"distance":0.0,"enabled":false,"expected":{"enabled":null,"from":479,"max_distance":null,"max_ui_scroll":null,"min_distance":null,"min_rotation":null,"min_ui_scroll":null,"name":"settings_return_keeps_focus","to":479,"ui_device":null,"ui_focus":4,"ui_page":"menu","ui_record":null,"ui_reduced_motion":null,"ui_scale":null},"name":"settings_return_keeps_focus","passed":true,"rotation_radians":0.0}
2026-09-27T06:21:28.499856Z  INFO map_viewer::capture: [capture/check] {"distance":0.0,"enabled":false,"expected":{"enabled":false,"from":0,"max_distance":0.00009999999747378752,"max_ui_scroll":null,"min_distance":null,"min_rotation":null,"min_ui_scroll":null,"name":"menu_blocks_camera_input","to":479,"ui_device":null,"ui_focus":null,"ui_page":null,"ui_record":null,"ui_reduced_motion":null,"ui_scale":null},"name":"menu_blocks_camera_input","passed":true,"rotation_radians":0.0}
2026-09-27T06:21:28.499861Z  INFO map_viewer::capture: [capture/check] {"distance":9.600104331970215,"enabled":true,"expected":{"enabled":true,"from":495,"max_distance":null,"max_ui_scroll":null,"min_distance":8.0,"min_rotation":null,"min_ui_scroll":null,"name":"return_to_world_allows_real_camera","to":519,"ui_device":null,"ui_focus":null,"ui_page":"world","ui_record":null,"ui_reduced_motion":null,"ui_scale":null},"name":"return_to_world_allows_real_camera","passed":true,"rotation_radians":0.0}
2026-09-27T06:21:28.499870Z  INFO map_viewer::capture: [capture/check] {"distance":0.0,"enabled":false,"expected":{"enabled":false,"from":599,"max_distance":null,"max_ui_scroll":null,"min_distance":null,"min_rotation":null,"min_ui_scroll":null,"name":"reopen_restores_focus_and_settings","to":599,"ui_device":"keyboard_mouse","ui_focus":4,"ui_page":"menu","ui_record":null,"ui_reduced_motion":true,"ui_scale":1.25},"name":"reopen_restores_focus_and_settings","passed":true,"rotation_radians":0.0}
2026-09-27T06:21:28.499877Z  INFO map_viewer::capture: [capture/check] {"distance":0.0,"enabled":false,"expected":{"enabled":false,"from":479,"max_distance":0.00009999999747378752,"max_ui_scroll":null,"min_distance":null,"min_rotation":null,"min_ui_scroll":null,"name":"closing_menu_consumes_simultaneous_world_input","to":490,"ui_device":null,"ui_focus":null,"ui_page":"world","ui_record":null,"ui_reduced_motion":null,"ui_scale":null},"name":"closing_menu_consumes_simultaneous_world_input","passed":true,"rotation_radians":0.0}
2026-09-27T06:21:28.499883Z  INFO map_viewer::capture: [capture/check] {"distance":0.0,"enabled":false,"expected":{"enabled":null,"from":229,"max_distance":null,"max_ui_scroll":null,"min_distance":null,"min_rotation":null,"min_ui_scroll":100.0,"name":"device_switch_preserves_reading_position","to":229,"ui_device":"gamepad","ui_focus":null,"ui_page":"records","ui_record":0,"ui_reduced_motion":null,"ui_scale":null},"name":"device_switch_preserves_reading_position","passed":true,"rotation_radians":0.0}
2026-09-27T06:21:28.499889Z  INFO map_viewer::capture: [capture/finished] status=PASS saved=600 report=/home/lzzz/MyProjects/N-SIDE/output/ui-signal/2026-09-27/r2/main/state.json
