Blender 4.5.14 LTS (hash 62c1db4208e8 built 2026-09-15 01:31:19)
Read blend: "/home/lzzz/MyProjects/N-SIDE/source-assets/characters/CHR-001/model/yao-grey-study.blend"
Fra:1 Mem:21.71M (Peak 21.71M) | Time:00:00.02 | Mem:0.00M, Peak:0.00M | Scene, ViewLayer | Synchronizing object | TShirt
Fra:1 Mem:21.87M (Peak 21.87M) | Time:00:00.02 | Mem:0.00M, Peak:0.00M | Scene, ViewLayer | Synchronizing object | TShirt_Collar
Fra:1 Mem:21.89M (Peak 21.89M) | Time:00:00.02 | Mem:0.00M, Peak:0.00M | Scene, ViewLayer | Synchronizing object | Hood
Fra:1 Mem:21.95M (Peak 21.95M) | Time:00:00.02 | Mem:0.00M, Peak:0.00M | Scene, ViewLayer | Synchronizing object | Sleeve_Cuff.L
Fra:1 Mem:21.95M (Peak 21.95M) | Time:00:00.02 | Mem:0.00M, Peak:0.00M | Scene, ViewLayer | Synchronizing object | Hood_Cord.L
Fra:1 Mem:21.99M (Peak 21.99M) | Time:00:00.03 | Mem:0.00M, Peak:0.00M | Scene, ViewLayer | Synchronizing object | Palm.L
Fra:1 Mem:22.04M (Peak 22.04M) | Time:00:00.03 | Mem:0.00M, Peak:0.00M | Scene, ViewLayer | Synchronizing object | Index_Mesh.L
Fra:1 Mem:22.06M (Peak 22.06M) | Time:00:00.03 | Mem:0.00M, Peak:0.00M | Scene, ViewLayer | Synchronizing object | Middle_Mesh.L
Fra:1 Mem:22.05M (Peak 22.06M) | Time:00:00.03 | Mem:0.00M, Peak:0.00M | Scene, ViewLayer | Synchronizing object | Ring_Mesh.L
Fra:1 Mem:22.06M (Peak 22.06M) | Time:00:00.03 | Mem:0.00M, Peak:0.00M | Scene, ViewLayer | Synchronizing object | Pinky_Mesh.L
Fra:1 Mem:22.07M (Peak 22.07M) | Time:00:00.03 | Mem:0.00M, Peak:0.00M | Scene, ViewLayer | Synchronizing object | Thumb_Mesh.L
Fra:1 Mem:22.25M (Peak 22.25M) | Time:00:00.05 | Mem:0.00M, Peak:0.00M | Scene, ViewLayer | Synchronizing object | Trousers.L
Fra:1 Mem:22.51M (Peak 22.51M) | Time:00:00.05 | Mem:0.00M, Peak:0.00M | Scene, ViewLayer | Synchronizing object | Sneaker_Sole.L
Fra:1 Mem:22.53M (Peak 22.53M) | Time:00:00.05 | Mem:0.00M, Peak:0.00M | Scene, ViewLayer | Synchronizing object | Sneaker_Upper.L
Fra:1 Mem:22.55M (Peak 22.55M) | Time:00:00.05 | Mem:0.00M, Peak:0.00M | Scene, ViewLayer | Synchronizing object | Sock.L
Fra:1 Mem:22.56M (Peak 22.56M) | Time:00:00.05 | Mem:0.00M, Peak:0.00M | Scene, ViewLayer | Synchronizing object | Lace_0.L
Fra:1 Mem:22.56M (Peak 22.56M) | Time:00:00.05 | Mem:0.00M, Peak:0.00M | Scene, ViewLayer | Synchronizing object | Lace_1.L
Fra:1 Mem:22.57M (Peak 22.57M) | Time:00:00.05 | Mem:0.00M, Peak:0.00M | Scene, ViewLayer | Synchronizing object | Lace_2.L
Fra:1 Mem:22.57M (Peak 22.57M) | Time:00:00.05 | Mem:0.00M, Peak:0.00M | Scene, ViewLayer | Synchronizing object | Lace_3.L
Fra:1 Mem:22.57M (Peak 22.57M) | Time:00:00.05 | Mem:0.00M, Peak:0.00M | Scene, ViewLayer | Synchronizing object | Heel_Tab.L
Fra:1 Mem:22.58M (Peak 22.58M) | Time:00:00.05 | Mem:0.00M, Peak:0.00M | Scene, ViewLayer | Synchronizing object | Sleeve_Cuff.R
Fra:1 Mem:22.58M (Peak 22.58M) | Time:00:00.05 | Mem:0.00M, Peak:0.00M | Scene, ViewLayer | Synchronizing object | Hood_Cord.R
Fra:1 Mem:22.62M (Peak 22.62M) | Time:00:00.06 | Mem:0.00M, Peak:0.00M | Scene, ViewLayer | Synchronizing object | Palm.R
Fra:1 Mem:22.67M (Peak 22.67M) | Time:00:00.06 | Mem:0.00M, Peak:0.00M | Scene, ViewLayer | Synchronizing object | Index_Mesh.R
Fra:1 Mem:22.68M (Peak 22.68M) | Time:00:00.06 | Mem:0.00M, Peak:0.00M | Scene, ViewLayer | Synchronizing object | Middle_Mesh.R
Fra:1 Mem:22.68M (Peak 22.68M) | Time:00:00.06 | Mem:0.00M, Peak:0.00M | Scene, ViewLayer | Synchronizing object | Ring_Mesh.R
Fra:1 Mem:22.69M (Peak 22.69M) | Time:00:00.06 | Mem:0.00M, Peak:0.00M | Scene, ViewLayer | Synchronizing object | Pinky_Mesh.R
Fra:1 Mem:22.70M (Peak 22.70M) | Time:00:00.06 | Mem:0.00M, Peak:0.00M | Scene, ViewLayer | Synchronizing object | Thumb_Mesh.R
Fra:1 Mem:22.88M (Peak 22.88M) | Time:00:00.09 | Mem:0.00M, Peak:0.00M | Scene, ViewLayer | Synchronizing object | Trousers.R
Fra:1 Mem:23.24M (Peak 23.24M) | Time:00:00.09 | Mem:0.00M, Peak:0.00M | Scene, ViewLayer | Synchronizing object | Sneaker_Sole.R
Fra:1 Mem:23.19M (Peak 23.24M) | Time:00:00.09 | Mem:0.00M, Peak:0.00M | Scene, ViewLayer | Synchronizing object | Sneaker_Upper.R
Fra:1 Mem:23.18M (Peak 23.24M) | Time:00:00.09 | Mem:0.00M, Peak:0.00M | Scene, ViewLayer | Synchronizing object | Sock.R
Fra:1 Mem:23.19M (Peak 23.24M) | Time:00:00.09 | Mem:0.00M, Peak:0.00M | Scene, ViewLayer | Synchronizing object | Lace_0.R
Fra:1 Mem:23.19M (Peak 23.24M) | Time:00:00.09 | Mem:0.00M, Peak:0.00M | Scene, ViewLayer | Synchronizing object | Lace_1.R
Fra:1 Mem:23.19M (Peak 23.24M) | Time:00:00.09 | Mem:0.00M, Peak:0.00M | Scene, ViewLayer | Synchronizing object | Lace_2.R
Fra:1 Mem:23.20M (Peak 23.24M) | Time:00:00.09 | Mem:0.00M, Peak:0.00M | Scene, ViewLayer | Synchronizing object | Lace_3.R
Fra:1 Mem:23.20M (Peak 23.24M) | Time:00:00.09 | Mem:0.00M, Peak:0.00M | Scene, ViewLayer | Synchronizing object | Heel_Tab.R
Fra:1 Mem:23.78M (Peak 23.78M) | Time:00:00.12 | Mem:0.00M, Peak:0.00M | Scene, ViewLayer | Synchronizing object | Jacket_ContinuousShoulders
Fra:1 Mem:25.01M (Peak 25.01M) | Time:00:00.41 | Mem:0.00M, Peak:0.00M | Scene, ViewLayer | Synchronizing object | Face_Head
Fra:1 Mem:25.67M (Peak 25.67M) | Time:00:00.42 | Mem:0.00M, Peak:0.00M | Scene, ViewLayer | Synchronizing object | Ear.L
Fra:1 Mem:25.73M (Peak 25.73M) | Time:00:00.42 | Mem:0.00M, Peak:0.00M | Scene, ViewLayer | Synchronizing object | Ear_Fold.L
Fra:1 Mem:25.78M (Peak 25.78M) | Time:00:00.43 | Mem:0.00M, Peak:0.00M | Scene, ViewLayer | Synchronizing object | Ear.R
Fra:1 Mem:25.84M (Peak 25.84M) | Time:00:00.43 | Mem:0.00M, Peak:0.00M | Scene, ViewLayer | Synchronizing object | Ear_Fold.R
Fra:1 Mem:25.85M (Peak 25.85M) | Time:00:00.43 | Mem:0.00M, Peak:0.00M | Scene, ViewLayer | Synchronizing object | Eye_White.L
Fra:1 Mem:25.85M (Peak 25.85M) | Time:00:00.43 | Mem:0.00M, Peak:0.00M | Scene, ViewLayer | Synchronizing object | Iris_hair.L
Fra:1 Mem:25.86M (Peak 25.86M) | Time:00:00.43 | Mem:0.00M, Peak:0.00M | Scene, ViewLayer | Synchronizing object | Iris_ink.L
Fra:1 Mem:25.87M (Peak 25.87M) | Time:00:00.43 | Mem:0.00M, Peak:0.00M | Scene, ViewLayer | Synchronizing object | Eye_Glint.L
Fra:1 Mem:25.88M (Peak 25.88M) | Time:00:00.43 | Mem:0.00M, Peak:0.00M | Scene, ViewLayer | Synchronizing object | Upper_Lid.L
Fra:1 Mem:25.89M (Peak 25.89M) | Time:00:00.43 | Mem:0.00M, Peak:0.00M | Scene, ViewLayer | Synchronizing object | Lower_Lid.L
Fra:1 Mem:25.90M (Peak 25.90M) | Time:00:00.43 | Mem:0.00M, Peak:0.00M | Scene, ViewLayer | Synchronizing object | Eyebrow.L
Fra:1 Mem:25.90M (Peak 25.90M) | Time:00:00.43 | Mem:0.00M, Peak:0.00M | Scene, ViewLayer | Synchronizing object | Eye_White.R
Fra:1 Mem:25.91M (Peak 25.91M) | Time:00:00.43 | Mem:0.00M, Peak:0.00M | Scene, ViewLayer | Synchronizing object | Iris_hair.R
Fra:1 Mem:25.92M (Peak 25.92M) | Time:00:00.43 | Mem:0.00M, Peak:0.00M | Scene, ViewLayer | Synchronizing object | Iris_ink.R
Fra:1 Mem:25.93M (Peak 25.93M) | Time:00:00.43 | Mem:0.00M, Peak:0.00M | Scene, ViewLayer | Synchronizing object | Eye_Glint.R
Fra:1 Mem:25.94M (Peak 25.94M) | Time:00:00.43 | Mem:0.00M, Peak:0.00M | Scene, ViewLayer | Synchronizing object | Upper_Lid.R
Fra:1 Mem:25.95M (Peak 25.95M) | Time:00:00.43 | Mem:0.00M, Peak:0.00M | Scene, ViewLayer | Synchronizing object | Lower_Lid.R
Fra:1 Mem:25.96M (Peak 25.96M) | Time:00:00.43 | Mem:0.00M, Peak:0.00M | Scene, ViewLayer | Synchronizing object | Eyebrow.R
Fra:1 Mem:25.96M (Peak 25.96M) | Time:00:00.43 | Mem:0.00M, Peak:0.00M | Scene, ViewLayer | Synchronizing object | Mouth
Fra:1 Mem:25.98M (Peak 25.98M) | Time:00:00.43 | Mem:0.00M, Peak:0.00M | Scene, ViewLayer | Synchronizing object | Hair_Cap
Fra:1 Mem:26.82M (Peak 26.82M) | Time:00:00.48 | Mem:0.00M, Peak:0.00M | Scene, ViewLayer | Synchronizing object | Hair_CrownBase
Fra:1 Mem:26.91M (Peak 26.91M) | Time:00:00.48 | Mem:0.00M, Peak:0.00M | Scene, ViewLayer | Synchronizing object | Review_Rim
Fra:1 Mem:26.93M (Peak 26.93M) | Time:00:00.48 | Mem:0.00M, Peak:0.00M | Scene, ViewLayer | Synchronizing object | Review_Fill
Fra:1 Mem:26.91M (Peak 26.93M) | Time:00:00.48 | Mem:0.00M, Peak:0.00M | Scene, ViewLayer | Synchronizing object | Review_Key
Fra:1 Mem:26.91M (Peak 26.93M) | Time:00:00.48 | Mem:0.00M, Peak:0.00M | Scene, ViewLayer | Synchronizing object | Review_Ground
Fra:1 Mem:26.92M (Peak 26.93M) | Time:00:00.48 | Mem:0.00M, Peak:0.00M | Scene, ViewLayer | Synchronizing object | Tee_Bar
Fra:1 Mem:26.93M (Peak 26.93M) | Time:00:00.48 | Mem:0.00M, Peak:0.00M | Scene, ViewLayer | Synchronizing object | Tee_Dot_1.246
Fra:1 Mem:26.94M (Peak 26.94M) | Time:00:00.48 | Mem:0.00M, Peak:0.00M | Scene, ViewLayer | Synchronizing object | Bangs_01
Fra:1 Mem:26.94M (Peak 26.94M) | Time:00:00.48 | Mem:0.00M, Peak:0.00M | Scene, ViewLayer | Synchronizing object | Tee_Dot_1.275
Fra:1 Mem:26.96M (Peak 26.96M) | Time:00:00.48 | Mem:0.00M, Peak:0.00M | Scene, ViewLayer | Synchronizing object | Crown_0.R
Fra:1 Mem:26.98M (Peak 26.98M) | Time:00:00.48 | Mem:0.00M, Peak:0.00M | Scene, ViewLayer | Synchronizing object | Bangs_02
Fra:1 Mem:27.00M (Peak 27.00M) | Time:00:00.48 | Mem:0.00M, Peak:0.00M | Scene, ViewLayer | Synchronizing object | Crown_0.L
Fra:1 Mem:27.01M (Peak 27.01M) | Time:00:00.48 | Mem:0.00M, Peak:0.00M | Scene, ViewLayer | Synchronizing object | Bangs_03
Fra:1 Mem:27.04M (Peak 27.04M) | Time:00:00.48 | Mem:0.00M, Peak:0.00M | Scene, ViewLayer | Synchronizing object | Temple_2.R
Fra:1 Mem:27.05M (Peak 27.05M) | Time:00:00.48 | Mem:0.00M, Peak:0.00M | Scene, ViewLayer | Synchronizing object | Bangs_04
Fra:1 Mem:27.08M (Peak 27.08M) | Time:00:00.48 | Mem:0.00M, Peak:0.00M | Scene, ViewLayer | Synchronizing object | Temple_1.R
Fra:1 Mem:27.10M (Peak 27.10M) | Time:00:00.48 | Mem:0.00M, Peak:0.00M | Scene, ViewLayer | Synchronizing object | Bangs_05
Fra:1 Mem:27.12M (Peak 27.12M) | Time:00:00.48 | Mem:0.00M, Peak:0.00M | Scene, ViewLayer | Synchronizing object | Temple_0.R
Fra:1 Mem:27.14M (Peak 27.14M) | Time:00:00.48 | Mem:0.00M, Peak:0.00M | Scene, ViewLayer | Synchronizing object | Temple_0.L
Fra:1 Mem:27.16M (Peak 27.16M) | Time:00:00.48 | Mem:0.00M, Peak:0.00M | Scene, ViewLayer | Synchronizing object | Temple_2.L
Fra:1 Mem:27.18M (Peak 27.18M) | Time:00:00.48 | Mem:0.00M, Peak:0.00M | Scene, ViewLayer | Synchronizing object | Temple_1.L
Fra:1 Mem:27.21M (Peak 27.21M) | Time:00:00.48 | Mem:0.00M, Peak:0.00M | Scene, ViewLayer | Initializing
Fra:1 Mem:22.57M (Peak 27.21M) | Time:00:00.48 | Mem:0.00M, Peak:0.00M | Scene, ViewLayer | Updating Images | Loading CHR001_GreyStudy_BaseColor
Fra:1 Mem:22.57M (Peak 27.21M) | Time:00:00.48 | Mem:0.00M, Peak:0.00M | Scene, ViewLayer | Updating Images | Loading CHR001_GreyStudy_Normal
Fra:1 Mem:34.59M (Peak 38.59M) | Time:00:00.50 | Mem:4.00M, Peak:4.00M | Scene, ViewLayer | Updating Images | Loading CHR001_GreyStudy_Surface
Fra:1 Mem:31.17M (Peak 38.59M) | Time:00:00.51 | Mem:12.00M, Peak:12.00M | Scene, ViewLayer | Waiting for render to start
Fra:1 Mem:31.17M (Peak 38.59M) | Time:00:00.51 | Mem:12.00M, Peak:12.00M | Scene, ViewLayer | Updating Scene
Fra:1 Mem:31.17M (Peak 38.59M) | Time:00:00.51 | Mem:12.00M, Peak:12.00M | Scene, ViewLayer | Updating Shaders
Fra:1 Mem:31.17M (Peak 38.59M) | Time:00:00.51 | Mem:12.00M, Peak:12.00M | Scene, ViewLayer | Loading render kernels (may take a few minutes the first time)
Fra:1 Mem:31.25M (Peak 38.59M) | Time:00:00.51 | Mem:12.00M, Peak:12.00M | Scene, ViewLayer | Updating Procedurals
Fra:1 Mem:31.25M (Peak 38.59M) | Time:00:00.51 | Mem:12.00M, Peak:12.00M | Scene, ViewLayer | Updating Background
Fra:1 Mem:31.25M (Peak 38.59M) | Time:00:00.51 | Mem:12.00M, Peak:12.00M | Scene, ViewLayer | Updating Camera
Fra:1 Mem:31.25M (Peak 38.59M) | Time:00:00.51 | Mem:12.00M, Peak:12.00M | Scene, ViewLayer | Updating Meshes Flags
Fra:1 Mem:31.25M (Peak 38.59M) | Time:00:00.51 | Mem:12.00M, Peak:12.00M | Scene, ViewLayer | Updating Objects
Fra:1 Mem:31.25M (Peak 38.59M) | Time:00:00.51 | Mem:12.00M, Peak:12.00M | Scene, ViewLayer | Updating Objects | Copying Transformations to device
Fra:1 Mem:31.27M (Peak 38.59M) | Time:00:00.51 | Mem:12.02M, Peak:12.02M | Scene, ViewLayer | Updating Particle Systems
Fra:1 Mem:31.27M (Peak 38.59M) | Time:00:00.51 | Mem:12.02M, Peak:12.02M | Scene, ViewLayer | Updating Particle Systems | Copying Particles to device
Fra:1 Mem:31.27M (Peak 38.59M) | Time:00:00.51 | Mem:12.02M, Peak:12.02M | Scene, ViewLayer | Updating Meshes
Fra:1 Mem:33.51M (Peak 38.59M) | Time:00:00.52 | Mem:12.02M, Peak:12.02M | Scene, ViewLayer | Updating Objects | Applying Static Transformations
Fra:1 Mem:33.51M (Peak 38.59M) | Time:00:00.52 | Mem:12.02M, Peak:12.02M | Scene, ViewLayer | Updating Mesh | Computing attributes
Fra:1 Mem:36.46M (Peak 38.59M) | Time:00:00.52 | Mem:12.03M, Peak:12.03M | Scene, ViewLayer | Updating Mesh | Copying Attributes to device
Fra:1 Mem:36.45M (Peak 38.59M) | Time:00:00.52 | Mem:14.95M, Peak:14.95M | Scene, ViewLayer | Updating Scene BVH | Building
Fra:1 Mem:36.45M (Peak 38.59M) | Time:00:00.52 | Mem:14.95M, Peak:14.95M | Scene, ViewLayer | Updating Scene BVH | Building BVH
Fra:1 Mem:36.45M (Peak 38.59M) | Time:00:00.53 | Mem:16.15M, Peak:16.15M | Scene, ViewLayer | Updating Scene BVH | Building BVH 0%
Fra:1 Mem:36.45M (Peak 38.59M) | Time:00:00.54 | Mem:17.46M, Peak:18.65M | Scene, ViewLayer | Updating Scene BVH | Copying BVH to device
Fra:1 Mem:36.45M (Peak 38.59M) | Time:00:00.54 | Mem:17.46M, Peak:18.65M | Scene, ViewLayer | Updating Mesh | Computing normals
Fra:1 Mem:37.51M (Peak 38.59M) | Time:00:00.54 | Mem:17.46M, Peak:18.65M | Scene, ViewLayer | Updating Mesh | Copying Mesh to device
Fra:1 Mem:37.51M (Peak 38.59M) | Time:00:00.54 | Mem:18.51M, Peak:18.65M | Scene, ViewLayer | Updating Objects Flags
Fra:1 Mem:37.51M (Peak 38.59M) | Time:00:00.54 | Mem:18.51M, Peak:18.65M | Scene, ViewLayer | Updating Primitive Offsets
Fra:1 Mem:37.51M (Peak 38.59M) | Time:00:00.54 | Mem:18.52M, Peak:18.65M | Scene, ViewLayer | Updating Images
Fra:1 Mem:37.51M (Peak 38.59M) | Time:00:00.54 | Mem:18.52M, Peak:18.65M | Scene, ViewLayer | Updating Camera Volume
Fra:1 Mem:37.51M (Peak 38.59M) | Time:00:00.54 | Mem:18.52M, Peak:18.65M | Scene, ViewLayer | Updating Lookup Tables
Fra:1 Mem:37.51M (Peak 38.59M) | Time:00:00.54 | Mem:18.60M, Peak:18.65M | Scene, ViewLayer | Updating Lights
Fra:1 Mem:37.51M (Peak 38.59M) | Time:00:00.54 | Mem:18.60M, Peak:18.65M | Scene, ViewLayer | Updating Lights | Computing tree
Fra:1 Mem:37.51M (Peak 38.59M) | Time:00:00.54 | Mem:18.60M, Peak:18.65M | Scene, ViewLayer | Updating Integrator
Fra:1 Mem:37.51M (Peak 38.59M) | Time:00:00.54 | Mem:18.60M, Peak:18.65M | Scene, ViewLayer | Updating Film
Fra:1 Mem:37.51M (Peak 38.59M) | Time:00:00.54 | Mem:18.52M, Peak:18.65M | Scene, ViewLayer | Updating Lookup Tables
Fra:1 Mem:37.51M (Peak 38.59M) | Time:00:00.54 | Mem:18.60M, Peak:18.65M | Scene, ViewLayer | Updating Baking
Fra:1 Mem:37.51M (Peak 38.59M) | Time:00:00.54 | Mem:18.60M, Peak:18.65M | Scene, ViewLayer | Updating Device | Writing constant memory
Fra:1 Mem:37.51M (Peak 38.59M) | Time:00:00.54 | Mem:18.60M, Peak:18.65M | Scene, ViewLayer | Loading denoising kernels (may take a few minutes the first time)
Fra:1 Mem:37.51M (Peak 38.59M) | Time:00:00.54 | Mem:18.60M, Peak:18.65M | Scene, ViewLayer | Sample 0/24
Fra:1 Mem:87.63M (Peak 87.63M) | Time:00:01.04 | Remaining:00:11.41 | Mem:68.71M, Peak:68.71M | Scene, ViewLayer | Sample 1/24
Fra:1 Mem:108.73M (Peak 140.37M) | Time:00:17.01 | Mem:68.71M, Peak:68.71M | Scene, ViewLayer | Sample 24/24
Fra:1 Mem:108.73M (Peak 140.37M) | Time:00:17.01 | Mem:68.71M, Peak:68.71M | Scene, ViewLayer | Finished
Saved: '/home/lzzz/MyProjects/N-SIDE/output/character-hair-r9/after-offset/head-front.png'
Time: 00:17.07 (Saving: 00:00.05)

Fra:1 Mem:21.80M (Peak 22.48M) | Time:00:00.01 | Mem:0.00M, Peak:0.00M | Scene, ViewLayer | Synchronizing object | TShirt
Fra:1 Mem:21.96M (Peak 22.48M) | Time:00:00.02 | Mem:0.00M, Peak:0.00M | Scene, ViewLayer | Synchronizing object | TShirt_Collar
Fra:1 Mem:21.98M (Peak 22.48M) | Time:00:00.02 | Mem:0.00M, Peak:0.00M | Scene, ViewLayer | Synchronizing object | Hood
Fra:1 Mem:22.04M (Peak 22.48M) | Time:00:00.02 | Mem:0.00M, Peak:0.00M | Scene, ViewLayer | Synchronizing object | Sleeve_Cuff.L
Fra:1 Mem:22.04M (Peak 22.48M) | Time:00:00.02 | Mem:0.00M, Peak:0.00M | Scene, ViewLayer | Synchronizing object | Hood_Cord.L
Fra:1 Mem:22.08M (Peak 22.48M) | Time:00:00.03 | Mem:0.00M, Peak:0.00M | Scene, ViewLayer | Synchronizing object | Palm.L
Fra:1 Mem:22.13M (Peak 22.48M) | Time:00:00.03 | Mem:0.00M, Peak:0.00M | Scene, ViewLayer | Synchronizing object | Index_Mesh.L
Fra:1 Mem:22.14M (Peak 22.48M) | Time:00:00.03 | Mem:0.00M, Peak:0.00M | Scene, ViewLayer | Synchronizing object | Middle_Mesh.L
Fra:1 Mem:22.14M (Peak 22.48M) | Time:00:00.03 | Mem:0.00M, Peak:0.00M | Scene, ViewLayer | Synchronizing object | Ring_Mesh.L
Fra:1 Mem:22.15M (Peak 22.48M) | Time:00:00.03 | Mem:0.00M, Peak:0.00M | Scene, ViewLayer | Synchronizing object | Pinky_Mesh.L
Fra:1 Mem:22.15M (Peak 22.48M) | Time:00:00.03 | Mem:0.00M, Peak:0.00M | Scene, ViewLayer | Synchronizing object | Thumb_Mesh.L
Fra:1 Mem:22.34M (Peak 22.48M) | Time:00:00.05 | Mem:0.00M, Peak:0.00M | Scene, ViewLayer | Synchronizing object | Trousers.L
Fra:1 Mem:22.60M (Peak 22.60M) | Time:00:00.05 | Mem:0.00M, Peak:0.00M | Scene, ViewLayer | Synchronizing object | Sneaker_Sole.L
Fra:1 Mem:22.61M (Peak 22.61M) | Time:00:00.05 | Mem:0.00M, Peak:0.00M | Scene, ViewLayer | Synchronizing object | Sneaker_Upper.L
Fra:1 Mem:22.63M (Peak 22.63M) | Time:00:00.05 | Mem:0.00M, Peak:0.00M | Scene, ViewLayer | Synchronizing object | Sock.L
Fra:1 Mem:22.64M (Peak 22.64M) | Time:00:00.05 | Mem:0.00M, Peak:0.00M | Scene, ViewLayer | Synchronizing object | Lace_0.L
Fra:1 Mem:22.64M (Peak 22.64M) | Time:00:00.05 | Mem:0.00M, Peak:0.00M | Scene, ViewLayer | Synchronizing object | Lace_1.L
Fra:1 Mem:22.64M (Peak 22.64M) | Time:00:00.05 | Mem:0.00M, Peak:0.00M | Scene, ViewLayer | Synchronizing object | Lace_2.L
Fra:1 Mem:22.64M (Peak 22.64M) | Time:00:00.05 | Mem:0.00M, Peak:0.00M | Scene, ViewLayer | Synchronizing object | Lace_3.L
Fra:1 Mem:22.65M (Peak 22.65M) | Time:00:00.05 | Mem:0.00M, Peak:0.00M | Scene, ViewLayer | Synchronizing object | Heel_Tab.L
Fra:1 Mem:22.65M (Peak 22.65M) | Time:00:00.05 | Mem:0.00M, Peak:0.00M | Scene, ViewLayer | Synchronizing object | Sleeve_Cuff.R
Fra:1 Mem:22.66M (Peak 22.66M) | Time:00:00.05 | Mem:0.00M, Peak:0.00M | Scene, ViewLayer | Synchronizing object | Hood_Cord.R
Fra:1 Mem:22.69M (Peak 22.69M) | Time:00:00.06 | Mem:0.00M, Peak:0.00M | Scene, ViewLayer | Synchronizing object | Palm.R
Fra:1 Mem:22.74M (Peak 22.74M) | Time:00:00.06 | Mem:0.00M, Peak:0.00M | Scene, ViewLayer | Synchronizing object | Index_Mesh.R
Fra:1 Mem:22.78M (Peak 22.78M) | Time:00:00.06 | Mem:0.00M, Peak:0.00M | Scene, ViewLayer | Synchronizing object | Middle_Mesh.R
Fra:1 Mem:22.76M (Peak 22.78M) | Time:00:00.06 | Mem:0.00M, Peak:0.00M | Scene, ViewLayer | Synchronizing object | Ring_Mesh.R
Fra:1 Mem:22.76M (Peak 22.78M) | Time:00:00.06 | Mem:0.00M, Peak:0.00M | Scene, ViewLayer | Synchronizing object | Pinky_Mesh.R
Fra:1 Mem:22.77M (Peak 22.78M) | Time:00:00.06 | Mem:0.00M, Peak:0.00M | Scene, ViewLayer | Synchronizing object | Thumb_Mesh.R
Fra:1 Mem:22.95M (Peak 22.95M) | Time:00:00.08 | Mem:0.00M, Peak:0.00M | Scene, ViewLayer | Synchronizing object | Trousers.R
Fra:1 Mem:23.31M (Peak 23.31M) | Time:00:00.08 | Mem:0.00M, Peak:0.00M | Scene, ViewLayer | Synchronizing object | Sneaker_Sole.R
Fra:1 Mem:23.26M (Peak 23.31M) | Time:00:00.08 | Mem:0.00M, Peak:0.00M | Scene, ViewLayer | Synchronizing object | Sneaker_Upper.R
Fra:1 Mem:23.26M (Peak 23.31M) | Time:00:00.08 | Mem:0.00M, Peak:0.00M | Scene, ViewLayer | Synchronizing object | Sock.R
Fra:1 Mem:23.25M (Peak 23.31M) | Time:00:00.08 | Mem:0.00M, Peak:0.00M | Scene, ViewLayer | Synchronizing object | Lace_0.R
Fra:1 Mem:23.25M (Peak 23.31M) | Time:00:00.08 | Mem:0.00M, Peak:0.00M | Scene, ViewLayer | Synchronizing object | Lace_1.R
Fra:1 Mem:23.26M (Peak 23.31M) | Time:00:00.08 | Mem:0.00M, Peak:0.00M | Scene, ViewLayer | Synchronizing object | Lace_2.R
Fra:1 Mem:23.26M (Peak 23.31M) | Time:00:00.09 | Mem:0.00M, Peak:0.00M | Scene, ViewLayer | Synchronizing object | Lace_3.R
Fra:1 Mem:23.26M (Peak 23.31M) | Time:00:00.09 | Mem:0.00M, Peak:0.00M | Scene, ViewLayer | Synchronizing object | Heel_Tab.R
Fra:1 Mem:23.84M (Peak 23.84M) | Time:00:00.11 | Mem:0.00M, Peak:0.00M | Scene, ViewLayer | Synchronizing object | Jacket_ContinuousShoulders
Fra:1 Mem:25.07M (Peak 25.07M) | Time:00:00.41 | Mem:0.00M, Peak:0.00M | Scene, ViewLayer | Synchronizing object | Face_Head
Fra:1 Mem:25.73M (Peak 25.73M) | Time:00:00.42 | Mem:0.00M, Peak:0.00M | Scene, ViewLayer | Synchronizing object | Ear.L
Fra:1 Mem:25.79M (Peak 25.79M) | Time:00:00.42 | Mem:0.00M, Peak:0.00M | Scene, ViewLayer | Synchronizing object | Ear_Fold.L
Fra:1 Mem:25.84M (Peak 25.84M) | Time:00:00.43 | Mem:0.00M, Peak:0.00M | Scene, ViewLayer | Synchronizing object | Ear.R
Fra:1 Mem:25.90M (Peak 25.90M) | Time:00:00.43 | Mem:0.00M, Peak:0.00M | Scene, ViewLayer | Synchronizing object | Ear_Fold.R
Fra:1 Mem:25.90M (Peak 25.90M) | Time:00:00.43 | Mem:0.00M, Peak:0.00M | Scene, ViewLayer | Synchronizing object | Eye_White.L
Fra:1 Mem:25.91M (Peak 25.91M) | Time:00:00.43 | Mem:0.00M, Peak:0.00M | Scene, ViewLayer | Synchronizing object | Iris_hair.L
Fra:1 Mem:25.92M (Peak 25.92M) | Time:00:00.43 | Mem:0.00M, Peak:0.00M | Scene, ViewLayer | Synchronizing object | Iris_ink.L
Fra:1 Mem:25.93M (Peak 25.93M) | Time:00:00.43 | Mem:0.00M, Peak:0.00M | Scene, ViewLayer | Synchronizing object | Eye_Glint.L
Fra:1 Mem:25.93M (Peak 25.93M) | Time:00:00.43 | Mem:0.00M, Peak:0.00M | Scene, ViewLayer | Synchronizing object | Upper_Lid.L
Fra:1 Mem:25.94M (Peak 25.94M) | Time:00:00.43 | Mem:0.00M, Peak:0.00M | Scene, ViewLayer | Synchronizing object | Lower_Lid.L
Fra:1 Mem:25.95M (Peak 25.95M) | Time:00:00.43 | Mem:0.00M, Peak:0.00M | Scene, ViewLayer | Synchronizing object | Eyebrow.L
Fra:1 Mem:25.95M (Peak 25.95M) | Time:00:00.43 | Mem:0.00M, Peak:0.00M | Scene, ViewLayer | Synchronizing object | Eye_White.R
Fra:1 Mem:25.96M (Peak 25.96M) | Time:00:00.43 | Mem:0.00M, Peak:0.00M | Scene, ViewLayer | Synchronizing object | Iris_hair.R
Fra:1 Mem:25.97M (Peak 25.97M) | Time:00:00.43 | Mem:0.00M, Peak:0.00M | Scene, ViewLayer | Synchronizing object | Iris_ink.R
Fra:1 Mem:25.98M (Peak 25.98M) | Time:00:00.43 | Mem:0.00M, Peak:0.00M | Scene, ViewLayer | Synchronizing object | Eye_Glint.R
Fra:1 Mem:25.98M (Peak 25.98M) | Time:00:00.43 | Mem:0.00M, Peak:0.00M | Scene, ViewLayer | Synchronizing object | Upper_Lid.R
Fra:1 Mem:26.00M (Peak 26.00M) | Time:00:00.43 | Mem:0.00M, Peak:0.00M | Scene, ViewLayer | Synchronizing object | Lower_Lid.R
Fra:1 Mem:26.00M (Peak 26.00M) | Time:00:00.43 | Mem:0.00M, Peak:0.00M | Scene, ViewLayer | Synchronizing object | Eyebrow.R
Fra:1 Mem:26.00M (Peak 26.00M) | Time:00:00.43 | Mem:0.00M, Peak:0.00M | Scene, ViewLayer | Synchronizing object | Mouth
Fra:1 Mem:26.02M (Peak 26.02M) | Time:00:00.43 | Mem:0.00M, Peak:0.00M | Scene, ViewLayer | Synchronizing object | Hair_Cap
Fra:1 Mem:26.86M (Peak 26.86M) | Time:00:00.47 | Mem:0.00M, Peak:0.00M | Scene, ViewLayer | Synchronizing object | Hair_CrownBase
Fra:1 Mem:26.87M (Peak 26.87M) | Time:00:00.47 | Mem:0.00M, Peak:0.00M | Scene, ViewLayer | Synchronizing object | Review_Rim
Fra:1 Mem:26.87M (Peak 26.87M) | Time:00:00.47 | Mem:0.00M, Peak:0.00M | Scene, ViewLayer | Synchronizing object | Review_Fill
Fra:1 Mem:26.87M (Peak 26.87M) | Time:00:00.47 | Mem:0.00M, Peak:0.00M | Scene, ViewLayer | Synchronizing object | Review_Key
Fra:1 Mem:26.87M (Peak 26.87M) | Time:00:00.47 | Mem:0.00M, Peak:0.00M | Scene, ViewLayer | Synchronizing object | Review_Ground
Fra:1 Mem:26.87M (Peak 26.87M) | Time:00:00.47 | Mem:0.00M, Peak:0.00M | Scene, ViewLayer | Synchronizing object | Tee_Bar
Fra:1 Mem:26.88M (Peak 26.88M) | Time:00:00.47 | Mem:0.00M, Peak:0.00M | Scene, ViewLayer | Synchronizing object | Tee_Dot_1.246
Fra:1 Mem:26.91M (Peak 26.91M) | Time:00:00.47 | Mem:0.00M, Peak:0.00M | Scene, ViewLayer | Synchronizing object | Tee_Dot_1.275
Fra:1 Mem:26.93M (Peak 26.93M) | Time:00:00.47 | Mem:0.00M, Peak:0.00M | Scene, ViewLayer | Synchronizing object | Crown_0.R
Fra:1 Mem:26.95M (Peak 26.95M) | Time:00:00.47 | Mem:0.00M, Peak:0.00M | Scene, ViewLayer | Synchronizing object | Crown_0.L
Fra:1 Mem:27.00M (Peak 27.00M) | Time:00:00.47 | Mem:0.00M, Peak:0.00M | Scene, ViewLayer | Synchronizing object | Temple_2.R
Fra:1 Mem:27.02M (Peak 27.02M) | Time:00:00.47 | Mem:0.00M, Peak:0.00M | Scene, ViewLayer | Synchronizing object | Bangs_00
Fra:1 Mem:27.02M (Peak 27.02M) | Time:00:00.47 | Mem:0.00M, Peak:0.00M | Scene, ViewLayer | Synchronizing object | Temple_1.R
Fra:1 Mem:27.05M (Peak 27.05M) | Time:00:00.47 | Mem:0.00M, Peak:0.00M | Scene, ViewLayer | Synchronizing object | Bangs_01
Fra:1 Mem:27.05M (Peak 27.05M) | Time:00:00.47 | Mem:0.00M, Peak:0.00M | Scene, ViewLayer | Synchronizing object | Temple_0.R
Fra:1 Mem:27.08M (Peak 27.08M) | Time:00:00.47 | Mem:0.00M, Peak:0.00M | Scene, ViewLayer | Synchronizing object | Bangs_02
Fra:1 Mem:27.09M (Peak 27.09M) | Time:00:00.47 | Mem:0.00M, Peak:0.00M | Scene, ViewLayer | Synchronizing object | Temple_2.L
Fra:1 Mem:27.12M (Peak 27.12M) | Time:00:00.47 | Mem:0.00M, Peak:0.00M | Scene, ViewLayer | Synchronizing object | Bangs_03
Fra:1 Mem:27.12M (Peak 27.12M) | Time:00:00.47 | Mem:0.00M, Peak:0.00M | Scene, ViewLayer | Synchronizing object | Temple_1.L
Fra:1 Mem:27.16M (Peak 27.16M) | Time:00:00.47 | Mem:0.00M, Peak:0.00M | Scene, ViewLayer | Synchronizing object | Bangs_04
Fra:1 Mem:27.16M (Peak 27.16M) | Time:00:00.47 | Mem:0.00M, Peak:0.00M | Scene, ViewLayer | Synchronizing object | Temple_0.L
Fra:1 Mem:27.18M (Peak 27.18M) | Time:00:00.47 | Mem:0.00M, Peak:0.00M | Scene, ViewLayer | Synchronizing object | Bangs_05
Fra:1 Mem:27.21M (Peak 27.21M) | Time:00:00.47 | Mem:0.00M, Peak:0.00M | Scene, ViewLayer | Initializing
Fra:1 Mem:22.57M (Peak 27.21M) | Time:00:00.47 | Mem:0.00M, Peak:0.00M | Scene, ViewLayer | Updating Images | Loading CHR001_GreyStudy_BaseColor
Fra:1 Mem:22.57M (Peak 27.21M) | Time:00:00.47 | Mem:0.00M, Peak:0.00M | Scene, ViewLayer | Updating Images | Loading CHR001_GreyStudy_Normal
Fra:1 Mem:34.59M (Peak 38.59M) | Time:00:00.48 | Mem:4.00M, Peak:4.00M | Scene, ViewLayer | Updating Images | Loading CHR001_GreyStudy_Surface
Fra:1 Mem:31.17M (Peak 38.59M) | Time:00:00.49 | Mem:12.00M, Peak:12.00M | Scene, ViewLayer | Waiting for render to start
Fra:1 Mem:31.17M (Peak 38.59M) | Time:00:00.49 | Mem:12.00M, Peak:12.00M | Scene, ViewLayer | Updating Scene
Fra:1 Mem:31.17M (Peak 38.59M) | Time:00:00.49 | Mem:12.00M, Peak:12.00M | Scene, ViewLayer | Updating Shaders
Fra:1 Mem:31.17M (Peak 38.59M) | Time:00:00.49 | Mem:12.00M, Peak:12.00M | Scene, ViewLayer | Loading render kernels (may take a few minutes the first time)
Fra:1 Mem:31.25M (Peak 38.59M) | Time:00:00.49 | Mem:12.00M, Peak:12.00M | Scene, ViewLayer | Updating Procedurals
Fra:1 Mem:31.25M (Peak 38.59M) | Time:00:00.49 | Mem:12.00M, Peak:12.00M | Scene, ViewLayer | Updating Background
Fra:1 Mem:31.25M (Peak 38.59M) | Time:00:00.49 | Mem:12.00M, Peak:12.00M | Scene, ViewLayer | Updating Camera
Fra:1 Mem:31.25M (Peak 38.59M) | Time:00:00.49 | Mem:12.00M, Peak:12.00M | Scene, ViewLayer | Updating Meshes Flags
Fra:1 Mem:31.25M (Peak 38.59M) | Time:00:00.49 | Mem:12.00M, Peak:12.00M | Scene, ViewLayer | Updating Objects
Fra:1 Mem:31.25M (Peak 38.59M) | Time:00:00.49 | Mem:12.00M, Peak:12.00M | Scene, ViewLayer | Updating Objects | Copying Transformations to device
Fra:1 Mem:31.27M (Peak 38.59M) | Time:00:00.49 | Mem:12.02M, Peak:12.02M | Scene, ViewLayer | Updating Particle Systems
Fra:1 Mem:31.27M (Peak 38.59M) | Time:00:00.49 | Mem:12.02M, Peak:12.02M | Scene, ViewLayer | Updating Particle Systems | Copying Particles to device
Fra:1 Mem:31.27M (Peak 38.59M) | Time:00:00.49 | Mem:12.02M, Peak:12.02M | Scene, ViewLayer | Updating Meshes
Fra:1 Mem:33.51M (Peak 38.59M) | Time:00:00.50 | Mem:12.02M, Peak:12.02M | Scene, ViewLayer | Updating Objects | Applying Static Transformations
Fra:1 Mem:33.51M (Peak 38.59M) | Time:00:00.50 | Mem:12.02M, Peak:12.02M | Scene, ViewLayer | Updating Mesh | Computing attributes
Fra:1 Mem:36.46M (Peak 38.59M) | Time:00:00.50 | Mem:12.03M, Peak:12.03M | Scene, ViewLayer | Updating Mesh | Copying Attributes to device
Fra:1 Mem:36.45M (Peak 38.59M) | Time:00:00.50 | Mem:14.95M, Peak:14.95M | Scene, ViewLayer | Updating Scene BVH | Building
Fra:1 Mem:36.45M (Peak 38.59M) | Time:00:00.50 | Mem:14.95M, Peak:14.95M | Scene, ViewLayer | Updating Scene BVH | Building BVH
Fra:1 Mem:36.45M (Peak 38.59M) | Time:00:00.50 | Mem:16.15M, Peak:16.15M | Scene, ViewLayer | Updating Scene BVH | Building BVH 0%
Fra:1 Mem:36.45M (Peak 38.59M) | Time:00:00.51 | Mem:17.46M, Peak:18.65M | Scene, ViewLayer | Updating Scene BVH | Copying BVH to device
Fra:1 Mem:36.45M (Peak 38.59M) | Time:00:00.51 | Mem:17.46M, Peak:18.65M | Scene, ViewLayer | Updating Mesh | Computing normals
Fra:1 Mem:37.51M (Peak 38.59M) | Time:00:00.51 | Mem:17.46M, Peak:18.65M | Scene, ViewLayer | Updating Mesh | Copying Mesh to device
Fra:1 Mem:37.51M (Peak 38.59M) | Time:00:00.51 | Mem:18.51M, Peak:18.65M | Scene, ViewLayer | Updating Objects Flags
Fra:1 Mem:37.51M (Peak 38.59M) | Time:00:00.51 | Mem:18.51M, Peak:18.65M | Scene, ViewLayer | Updating Primitive Offsets
Fra:1 Mem:37.51M (Peak 38.59M) | Time:00:00.51 | Mem:18.52M, Peak:18.65M | Scene, ViewLayer | Updating Images
Fra:1 Mem:37.51M (Peak 38.59M) | Time:00:00.51 | Mem:18.52M, Peak:18.65M | Scene, ViewLayer | Updating Camera Volume
Fra:1 Mem:37.51M (Peak 38.59M) | Time:00:00.51 | Mem:18.52M, Peak:18.65M | Scene, ViewLayer | Updating Lookup Tables
Fra:1 Mem:37.51M (Peak 38.59M) | Time:00:00.51 | Mem:18.60M, Peak:18.65M | Scene, ViewLayer | Updating Lights
Fra:1 Mem:37.51M (Peak 38.59M) | Time:00:00.51 | Mem:18.60M, Peak:18.65M | Scene, ViewLayer | Updating Lights | Computing tree
Fra:1 Mem:37.51M (Peak 38.59M) | Time:00:00.51 | Mem:18.60M, Peak:18.65M | Scene, ViewLayer | Updating Integrator
Fra:1 Mem:37.51M (Peak 38.59M) | Time:00:00.51 | Mem:18.60M, Peak:18.65M | Scene, ViewLayer | Updating Film
Fra:1 Mem:37.51M (Peak 38.59M) | Time:00:00.51 | Mem:18.52M, Peak:18.65M | Scene, ViewLayer | Updating Lookup Tables
Fra:1 Mem:37.51M (Peak 38.59M) | Time:00:00.51 | Mem:18.60M, Peak:18.65M | Scene, ViewLayer | Updating Baking
Fra:1 Mem:37.51M (Peak 38.59M) | Time:00:00.51 | Mem:18.60M, Peak:18.65M | Scene, ViewLayer | Updating Device | Writing constant memory
Fra:1 Mem:37.51M (Peak 38.59M) | Time:00:00.51 | Mem:18.60M, Peak:18.65M | Scene, ViewLayer | Loading denoising kernels (may take a few minutes the first time)
Fra:1 Mem:37.51M (Peak 38.59M) | Time:00:00.51 | Mem:18.60M, Peak:18.65M | Scene, ViewLayer | Sample 0/24
Fra:1 Mem:87.63M (Peak 87.63M) | Time:00:00.97 | Remaining:00:10.74 | Mem:68.71M, Peak:68.71M | Scene, ViewLayer | Sample 1/24
Fra:1 Mem:108.73M (Peak 140.37M) | Time:00:16.11 | Mem:68.71M, Peak:68.71M | Scene, ViewLayer | Sample 24/24
Fra:1 Mem:108.73M (Peak 140.37M) | Time:00:16.11 | Mem:68.71M, Peak:68.71M | Scene, ViewLayer | Finished
Saved: '/home/lzzz/MyProjects/N-SIDE/output/character-hair-r9/after-offset/head-back.png'
Time: 00:16.16 (Saving: 00:00.04)

Fra:1 Mem:21.80M (Peak 22.48M) | Time:00:00.02 | Mem:0.00M, Peak:0.00M | Scene, ViewLayer | Synchronizing object | TShirt
Fra:1 Mem:21.96M (Peak 22.48M) | Time:00:00.02 | Mem:0.00M, Peak:0.00M | Scene, ViewLayer | Synchronizing object | TShirt_Collar
Fra:1 Mem:21.98M (Peak 22.48M) | Time:00:00.02 | Mem:0.00M, Peak:0.00M | Scene, ViewLayer | Synchronizing object | Hood
Fra:1 Mem:22.04M (Peak 22.48M) | Time:00:00.02 | Mem:0.00M, Peak:0.00M | Scene, ViewLayer | Synchronizing object | Sleeve_Cuff.L
Fra:1 Mem:22.04M (Peak 22.48M) | Time:00:00.02 | Mem:0.00M, Peak:0.00M | Scene, ViewLayer | Synchronizing object | Hood_Cord.L
Fra:1 Mem:22.08M (Peak 22.48M) | Time:00:00.03 | Mem:0.00M, Peak:0.00M | Scene, ViewLayer | Synchronizing object | Palm.L
Fra:1 Mem:22.13M (Peak 22.48M) | Time:00:00.03 | Mem:0.00M, Peak:0.00M | Scene, ViewLayer | Synchronizing object | Index_Mesh.L
Fra:1 Mem:22.14M (Peak 22.48M) | Time:00:00.03 | Mem:0.00M, Peak:0.00M | Scene, ViewLayer | Synchronizing object | Middle_Mesh.L
Fra:1 Mem:22.17M (Peak 22.48M) | Time:00:00.03 | Mem:0.00M, Peak:0.00M | Scene, ViewLayer | Synchronizing object | Ring_Mesh.L
Fra:1 Mem:22.15M (Peak 22.48M) | Time:00:00.03 | Mem:0.00M, Peak:0.00M | Scene, ViewLayer | Synchronizing object | Pinky_Mesh.L
Fra:1 Mem:22.15M (Peak 22.48M) | Time:00:00.03 | Mem:0.00M, Peak:0.00M | Scene, ViewLayer | Synchronizing object | Thumb_Mesh.L
Fra:1 Mem:22.34M (Peak 22.48M) | Time:00:00.05 | Mem:0.00M, Peak:0.00M | Scene, ViewLayer | Synchronizing object | Trousers.L
Fra:1 Mem:22.60M (Peak 22.60M) | Time:00:00.05 | Mem:0.00M, Peak:0.00M | Scene, ViewLayer | Synchronizing object | Sneaker_Sole.L
Fra:1 Mem:22.61M (Peak 22.61M) | Time:00:00.05 | Mem:0.00M, Peak:0.00M | Scene, ViewLayer | Synchronizing object | Sneaker_Upper.L
Fra:1 Mem:22.63M (Peak 22.63M) | Time:00:00.05 | Mem:0.00M, Peak:0.00M | Scene, ViewLayer | Synchronizing object | Sock.L
Fra:1 Mem:22.64M (Peak 22.64M) | Time:00:00.05 | Mem:0.00M, Peak:0.00M | Scene, ViewLayer | Synchronizing object | Lace_0.L
Fra:1 Mem:22.64M (Peak 22.64M) | Time:00:00.05 | Mem:0.00M, Peak:0.00M | Scene, ViewLayer | Synchronizing object | Lace_1.L
Fra:1 Mem:22.64M (Peak 22.64M) | Time:00:00.05 | Mem:0.00M, Peak:0.00M | Scene, ViewLayer | Synchronizing object | Lace_2.L
Fra:1 Mem:22.64M (Peak 22.64M) | Time:00:00.05 | Mem:0.00M, Peak:0.00M | Scene, ViewLayer | Synchronizing object | Lace_3.L
Fra:1 Mem:22.65M (Peak 22.65M) | Time:00:00.05 | Mem:0.00M, Peak:0.00M | Scene, ViewLayer | Synchronizing object | Heel_Tab.L
Fra:1 Mem:22.65M (Peak 22.65M) | Time:00:00.05 | Mem:0.00M, Peak:0.00M | Scene, ViewLayer | Synchronizing object | Sleeve_Cuff.R
Fra:1 Mem:22.66M (Peak 22.66M) | Time:00:00.05 | Mem:0.00M, Peak:0.00M | Scene, ViewLayer | Synchronizing object | Hood_Cord.R
Fra:1 Mem:22.69M (Peak 22.69M) | Time:00:00.06 | Mem:0.00M, Peak:0.00M | Scene, ViewLayer | Synchronizing object | Palm.R
Fra:1 Mem:22.74M (Peak 22.74M) | Time:00:00.06 | Mem:0.00M, Peak:0.00M | Scene, ViewLayer | Synchronizing object | Index_Mesh.R
Fra:1 Mem:22.76M (Peak 22.76M) | Time:00:00.06 | Mem:0.00M, Peak:0.00M | Scene, ViewLayer | Synchronizing object | Middle_Mesh.R
Fra:1 Mem:22.76M (Peak 22.76M) | Time:00:00.06 | Mem:0.00M, Peak:0.00M | Scene, ViewLayer | Synchronizing object | Ring_Mesh.R
Fra:1 Mem:22.76M (Peak 22.76M) | Time:00:00.06 | Mem:0.00M, Peak:0.00M | Scene, ViewLayer | Synchronizing object | Pinky_Mesh.R
Fra:1 Mem:22.77M (Peak 22.77M) | Time:00:00.06 | Mem:0.00M, Peak:0.00M | Scene, ViewLayer | Synchronizing object | Thumb_Mesh.R
Fra:1 Mem:22.95M (Peak 22.95M) | Time:00:00.09 | Mem:0.00M, Peak:0.00M | Scene, ViewLayer | Synchronizing object | Trousers.R
Fra:1 Mem:23.31M (Peak 23.31M) | Time:00:00.09 | Mem:0.00M, Peak:0.00M | Scene, ViewLayer | Synchronizing object | Sneaker_Sole.R
Fra:1 Mem:23.26M (Peak 23.31M) | Time:00:00.09 | Mem:0.00M, Peak:0.00M | Scene, ViewLayer | Synchronizing object | Sneaker_Upper.R
Fra:1 Mem:23.24M (Peak 23.31M) | Time:00:00.09 | Mem:0.00M, Peak:0.00M | Scene, ViewLayer | Synchronizing object | Sock.R
Fra:1 Mem:23.25M (Peak 23.31M) | Time:00:00.09 | Mem:0.00M, Peak:0.00M | Scene, ViewLayer | Synchronizing object | Lace_0.R
Fra:1 Mem:23.25M (Peak 23.31M) | Time:00:00.09 | Mem:0.00M, Peak:0.00M | Scene, ViewLayer | Synchronizing object | Lace_1.R
Fra:1 Mem:23.26M (Peak 23.31M) | Time:00:00.09 | Mem:0.00M, Peak:0.00M | Scene, ViewLayer | Synchronizing object | Lace_2.R
Fra:1 Mem:23.26M (Peak 23.31M) | Time:00:00.09 | Mem:0.00M, Peak:0.00M | Scene, ViewLayer | Synchronizing object | Lace_3.R
Fra:1 Mem:23.26M (Peak 23.31M) | Time:00:00.09 | Mem:0.00M, Peak:0.00M | Scene, ViewLayer | Synchronizing object | Heel_Tab.R
Fra:1 Mem:23.84M (Peak 23.84M) | Time:00:00.12 | Mem:0.00M, Peak:0.00M | Scene, ViewLayer | Synchronizing object | Jacket_ContinuousShoulders
Fra:1 Mem:25.07M (Peak 25.07M) | Time:00:00.41 | Mem:0.00M, Peak:0.00M | Scene, ViewLayer | Synchronizing object | Face_Head
Fra:1 Mem:25.73M (Peak 25.73M) | Time:00:00.42 | Mem:0.00M, Peak:0.00M | Scene, ViewLayer | Synchronizing object | Ear.L
Fra:1 Mem:25.79M (Peak 25.79M) | Time:00:00.42 | Mem:0.00M, Peak:0.00M | Scene, ViewLayer | Synchronizing object | Ear_Fold.L
Fra:1 Mem:25.84M (Peak 25.84M) | Time:00:00.43 | Mem:0.00M, Peak:0.00M | Scene, ViewLayer | Synchronizing object | Ear.R
Fra:1 Mem:25.90M (Peak 25.90M) | Time:00:00.43 | Mem:0.00M, Peak:0.00M | Scene, ViewLayer | Synchronizing object | Ear_Fold.R
Fra:1 Mem:25.90M (Peak 25.90M) | Time:00:00.43 | Mem:0.00M, Peak:0.00M | Scene, ViewLayer | Synchronizing object | Eye_White.L
Fra:1 Mem:25.91M (Peak 25.91M) | Time:00:00.43 | Mem:0.00M, Peak:0.00M | Scene, ViewLayer | Synchronizing object | Iris_hair.L
Fra:1 Mem:25.92M (Peak 25.92M) | Time:00:00.43 | Mem:0.00M, Peak:0.00M | Scene, ViewLayer | Synchronizing object | Iris_ink.L
Fra:1 Mem:25.93M (Peak 25.93M) | Time:00:00.43 | Mem:0.00M, Peak:0.00M | Scene, ViewLayer | Synchronizing object | Eye_Glint.L
Fra:1 Mem:25.93M (Peak 25.93M) | Time:00:00.43 | Mem:0.00M, Peak:0.00M | Scene, ViewLayer | Synchronizing object | Upper_Lid.L
Fra:1 Mem:25.95M (Peak 25.95M) | Time:00:00.43 | Mem:0.00M, Peak:0.00M | Scene, ViewLayer | Synchronizing object | Lower_Lid.L
Fra:1 Mem:25.95M (Peak 25.95M) | Time:00:00.43 | Mem:0.00M, Peak:0.00M | Scene, ViewLayer | Synchronizing object | Eyebrow.L
Fra:1 Mem:25.95M (Peak 25.95M) | Time:00:00.43 | Mem:0.00M, Peak:0.00M | Scene, ViewLayer | Synchronizing object | Eye_White.R
Fra:1 Mem:25.96M (Peak 25.96M) | Time:00:00.43 | Mem:0.00M, Peak:0.00M | Scene, ViewLayer | Synchronizing object | Iris_hair.R
Fra:1 Mem:25.97M (Peak 25.97M) | Time:00:00.43 | Mem:0.00M, Peak:0.00M | Scene, ViewLayer | Synchronizing object | Iris_ink.R
Fra:1 Mem:25.98M (Peak 25.98M) | Time:00:00.43 | Mem:0.00M, Peak:0.00M | Scene, ViewLayer | Synchronizing object | Eye_Glint.R
Fra:1 Mem:25.98M (Peak 25.98M) | Time:00:00.43 | Mem:0.00M, Peak:0.00M | Scene, ViewLayer | Synchronizing object | Upper_Lid.R
Fra:1 Mem:26.00M (Peak 26.00M) | Time:00:00.43 | Mem:0.00M, Peak:0.00M | Scene, ViewLayer | Synchronizing object | Lower_Lid.R
Fra:1 Mem:26.00M (Peak 26.00M) | Time:00:00.43 | Mem:0.00M, Peak:0.00M | Scene, ViewLayer | Synchronizing object | Eyebrow.R
Fra:1 Mem:26.00M (Peak 26.00M) | Time:00:00.43 | Mem:0.00M, Peak:0.00M | Scene, ViewLayer | Synchronizing object | Mouth
Fra:1 Mem:26.02M (Peak 26.02M) | Time:00:00.43 | Mem:0.00M, Peak:0.00M | Scene, ViewLayer | Synchronizing object | Hair_Cap
Fra:1 Mem:26.86M (Peak 26.86M) | Time:00:00.47 | Mem:0.00M, Peak:0.00M | Scene, ViewLayer | Synchronizing object | Hair_CrownBase
Fra:1 Mem:26.93M (Peak 26.93M) | Time:00:00.47 | Mem:0.00M, Peak:0.00M | Scene, ViewLayer | Synchronizing object | Review_Rim
Fra:1 Mem:26.95M (Peak 26.95M) | Time:00:00.47 | Mem:0.00M, Peak:0.00M | Scene, ViewLayer | Synchronizing object | Review_Fill
Fra:1 Mem:26.95M (Peak 26.95M) | Time:00:00.47 | Mem:0.00M, Peak:0.00M | Scene, ViewLayer | Synchronizing object | Review_Key
Fra:1 Mem:26.96M (Peak 26.96M) | Time:00:00.47 | Mem:0.00M, Peak:0.00M | Scene, ViewLayer | Synchronizing object | Review_Ground
Fra:1 Mem:26.95M (Peak 26.96M) | Time:00:00.47 | Mem:0.00M, Peak:0.00M | Scene, ViewLayer | Synchronizing object | Bangs_00
Fra:1 Mem:26.95M (Peak 26.96M) | Time:00:00.47 | Mem:0.00M, Peak:0.00M | Scene, ViewLayer | Synchronizing object | Tee_Bar
Fra:1 Mem:26.97M (Peak 26.97M) | Time:00:00.47 | Mem:0.00M, Peak:0.00M | Scene, ViewLayer | Synchronizing object | Tee_Dot_1.246
Fra:1 Mem:26.97M (Peak 26.97M) | Time:00:00.47 | Mem:0.00M, Peak:0.00M | Scene, ViewLayer | Synchronizing object | Bangs_01
Fra:1 Mem:26.99M (Peak 26.99M) | Time:00:00.47 | Mem:0.00M, Peak:0.00M | Scene, ViewLayer | Synchronizing object | Tee_Dot_1.275
Fra:1 Mem:27.00M (Peak 27.00M) | Time:00:00.47 | Mem:0.00M, Peak:0.00M | Scene, ViewLayer | Synchronizing object | Bangs_02
Fra:1 Mem:27.00M (Peak 27.00M) | Time:00:00.47 | Mem:0.00M, Peak:0.00M | Scene, ViewLayer | Synchronizing object | Crown_0.R
Fra:1 Mem:27.03M (Peak 27.03M) | Time:00:00.47 | Mem:0.00M, Peak:0.00M | Scene, ViewLayer | Synchronizing object | Bangs_03
Fra:1 Mem:27.04M (Peak 27.04M) | Time:00:00.47 | Mem:0.00M, Peak:0.00M | Scene, ViewLayer | Synchronizing object | Crown_0.L
Fra:1 Mem:27.06M (Peak 27.06M) | Time:00:00.47 | Mem:0.00M, Peak:0.00M | Scene, ViewLayer | Synchronizing object | Bangs_04
Fra:1 Mem:27.07M (Peak 27.07M) | Time:00:00.47 | Mem:0.00M, Peak:0.00M | Scene, ViewLayer | Synchronizing object | Temple_2.R
Fra:1 Mem:27.10M (Peak 27.10M) | Time:00:00.47 | Mem:0.00M, Peak:0.00M | Scene, ViewLayer | Synchronizing object | Bangs_05
Fra:1 Mem:27.10M (Peak 27.10M) | Time:00:00.47 | Mem:0.00M, Peak:0.00M | Scene, ViewLayer | Synchronizing object | Temple_1.R
Fra:1 Mem:27.13M (Peak 27.13M) | Time:00:00.47 | Mem:0.00M, Peak:0.00M | Scene, ViewLayer | Synchronizing object | Temple_0.L
Fra:1 Mem:27.15M (Peak 27.15M) | Time:00:00.47 | Mem:0.00M, Peak:0.00M | Scene, ViewLayer | Synchronizing object | Temple_0.R
Fra:1 Mem:27.16M (Peak 27.16M) | Time:00:00.47 | Mem:0.00M, Peak:0.00M | Scene, ViewLayer | Synchronizing object | Temple_1.L
Fra:1 Mem:27.18M (Peak 27.18M) | Time:00:00.47 | Mem:0.00M, Peak:0.00M | Scene, ViewLayer | Synchronizing object | Temple_2.L
Fra:1 Mem:27.21M (Peak 27.21M) | Time:00:00.47 | Mem:0.00M, Peak:0.00M | Scene, ViewLayer | Initializing
Fra:1 Mem:22.57M (Peak 27.21M) | Time:00:00.47 | Mem:0.00M, Peak:0.00M | Scene, ViewLayer | Updating Images | Loading CHR001_GreyStudy_BaseColor
Fra:1 Mem:34.59M (Peak 38.59M) | Time:00:00.48 | Mem:4.00M, Peak:4.00M | Scene, ViewLayer | Updating Images | Loading CHR001_GreyStudy_Surface
Fra:1 Mem:31.17M (Peak 38.59M) | Time:00:00.49 | Mem:12.00M, Peak:12.00M | Scene, ViewLayer | Waiting for render to start
Fra:1 Mem:31.17M (Peak 38.59M) | Time:00:00.49 | Mem:12.00M, Peak:12.00M | Scene, ViewLayer | Updating Scene
Fra:1 Mem:31.17M (Peak 38.59M) | Time:00:00.49 | Mem:12.00M, Peak:12.00M | Scene, ViewLayer | Updating Shaders
Fra:1 Mem:31.17M (Peak 38.59M) | Time:00:00.49 | Mem:12.00M, Peak:12.00M | Scene, ViewLayer | Loading render kernels (may take a few minutes the first time)
Fra:1 Mem:31.25M (Peak 38.59M) | Time:00:00.49 | Mem:12.00M, Peak:12.00M | Scene, ViewLayer | Updating Procedurals
Fra:1 Mem:31.25M (Peak 38.59M) | Time:00:00.49 | Mem:12.00M, Peak:12.00M | Scene, ViewLayer | Updating Background
Fra:1 Mem:31.25M (Peak 38.59M) | Time:00:00.49 | Mem:12.00M, Peak:12.00M | Scene, ViewLayer | Updating Camera
Fra:1 Mem:31.25M (Peak 38.59M) | Time:00:00.49 | Mem:12.00M, Peak:12.00M | Scene, ViewLayer | Updating Meshes Flags
Fra:1 Mem:31.25M (Peak 38.59M) | Time:00:00.49 | Mem:12.00M, Peak:12.00M | Scene, ViewLayer | Updating Objects
Fra:1 Mem:31.25M (Peak 38.59M) | Time:00:00.49 | Mem:12.00M, Peak:12.00M | Scene, ViewLayer | Updating Objects | Copying Transformations to device
Fra:1 Mem:31.27M (Peak 38.59M) | Time:00:00.49 | Mem:12.02M, Peak:12.02M | Scene, ViewLayer | Updating Particle Systems
Fra:1 Mem:31.27M (Peak 38.59M) | Time:00:00.49 | Mem:12.02M, Peak:12.02M | Scene, ViewLayer | Updating Particle Systems | Copying Particles to device
Fra:1 Mem:31.27M (Peak 38.59M) | Time:00:00.49 | Mem:12.02M, Peak:12.02M | Scene, ViewLayer | Updating Meshes
Fra:1 Mem:33.51M (Peak 38.59M) | Time:00:00.50 | Mem:12.02M, Peak:12.02M | Scene, ViewLayer | Updating Objects | Applying Static Transformations
Fra:1 Mem:33.51M (Peak 38.59M) | Time:00:00.50 | Mem:12.02M, Peak:12.02M | Scene, ViewLayer | Updating Mesh | Computing attributes
Fra:1 Mem:36.46M (Peak 38.59M) | Time:00:00.50 | Mem:12.03M, Peak:12.03M | Scene, ViewLayer | Updating Mesh | Copying Attributes to device
Fra:1 Mem:36.45M (Peak 38.59M) | Time:00:00.50 | Mem:14.95M, Peak:14.95M | Scene, ViewLayer | Updating Scene BVH | Building
Fra:1 Mem:36.45M (Peak 38.59M) | Time:00:00.50 | Mem:14.95M, Peak:14.95M | Scene, ViewLayer | Updating Scene BVH | Building BVH
Fra:1 Mem:36.45M (Peak 38.59M) | Time:00:00.50 | Mem:16.15M, Peak:16.15M | Scene, ViewLayer | Updating Scene BVH | Building BVH 0%
Fra:1 Mem:36.45M (Peak 38.59M) | Time:00:00.50 | Mem:17.46M, Peak:18.65M | Scene, ViewLayer | Updating Scene BVH | Copying BVH to device
Fra:1 Mem:36.45M (Peak 38.59M) | Time:00:00.50 | Mem:17.46M, Peak:18.65M | Scene, ViewLayer | Updating Mesh | Computing normals
Fra:1 Mem:37.51M (Peak 38.59M) | Time:00:00.50 | Mem:17.46M, Peak:18.65M | Scene, ViewLayer | Updating Mesh | Copying Mesh to device
Fra:1 Mem:37.51M (Peak 38.59M) | Time:00:00.50 | Mem:18.51M, Peak:18.65M | Scene, ViewLayer | Updating Objects Flags
Fra:1 Mem:37.51M (Peak 38.59M) | Time:00:00.50 | Mem:18.51M, Peak:18.65M | Scene, ViewLayer | Updating Primitive Offsets
Fra:1 Mem:37.51M (Peak 38.59M) | Time:00:00.50 | Mem:18.52M, Peak:18.65M | Scene, ViewLayer | Updating Images
Fra:1 Mem:37.51M (Peak 38.59M) | Time:00:00.50 | Mem:18.52M, Peak:18.65M | Scene, ViewLayer | Updating Camera Volume
Fra:1 Mem:37.51M (Peak 38.59M) | Time:00:00.50 | Mem:18.52M, Peak:18.65M | Scene, ViewLayer | Updating Lookup Tables
Fra:1 Mem:37.51M (Peak 38.59M) | Time:00:00.50 | Mem:18.60M, Peak:18.65M | Scene, ViewLayer | Updating Lights
Fra:1 Mem:37.51M (Peak 38.59M) | Time:00:00.50 | Mem:18.60M, Peak:18.65M | Scene, ViewLayer | Updating Lights | Computing tree
Fra:1 Mem:37.51M (Peak 38.59M) | Time:00:00.50 | Mem:18.60M, Peak:18.65M | Scene, ViewLayer | Updating Integrator
Fra:1 Mem:37.51M (Peak 38.59M) | Time:00:00.50 | Mem:18.60M, Peak:18.65M | Scene, ViewLayer | Updating Film
Fra:1 Mem:37.51M (Peak 38.59M) | Time:00:00.50 | Mem:18.52M, Peak:18.65M | Scene, ViewLayer | Updating Lookup Tables
Fra:1 Mem:37.51M (Peak 38.59M) | Time:00:00.50 | Mem:18.60M, Peak:18.65M | Scene, ViewLayer | Updating Baking
Fra:1 Mem:37.51M (Peak 38.59M) | Time:00:00.50 | Mem:18.60M, Peak:18.65M | Scene, ViewLayer | Updating Device | Writing constant memory
Fra:1 Mem:37.52M (Peak 38.59M) | Time:00:00.50 | Mem:18.60M, Peak:18.65M | Scene, ViewLayer | Loading denoising kernels (may take a few minutes the first time)
Fra:1 Mem:37.52M (Peak 38.59M) | Time:00:00.50 | Mem:18.60M, Peak:18.65M | Scene, ViewLayer | Sample 0/24
Fra:1 Mem:87.63M (Peak 87.63M) | Time:00:00.98 | Remaining:00:10.90 | Mem:68.71M, Peak:68.71M | Scene, ViewLayer | Sample 1/24
Fra:1 Mem:108.73M (Peak 140.37M) | Time:00:16.47 | Mem:68.71M, Peak:68.71M | Scene, ViewLayer | Sample 24/24
Fra:1 Mem:108.73M (Peak 140.37M) | Time:00:16.47 | Mem:68.71M, Peak:68.71M | Scene, ViewLayer | Finished
Saved: '/home/lzzz/MyProjects/N-SIDE/output/character-hair-r9/after-offset/hair-quarter.png'
Time: 00:16.52 (Saving: 00:00.04)

Fra:1 Mem:21.80M (Peak 22.48M) | Time:00:00.02 | Mem:0.00M, Peak:0.00M | Scene, ViewLayer | Synchronizing object | TShirt
Fra:1 Mem:21.96M (Peak 22.48M) | Time:00:00.02 | Mem:0.00M, Peak:0.00M | Scene, ViewLayer | Synchronizing object | TShirt_Collar
Fra:1 Mem:21.98M (Peak 22.48M) | Time:00:00.02 | Mem:0.00M, Peak:0.00M | Scene, ViewLayer | Synchronizing object | Hood
Fra:1 Mem:22.04M (Peak 22.48M) | Time:00:00.02 | Mem:0.00M, Peak:0.00M | Scene, ViewLayer | Synchronizing object | Sleeve_Cuff.L
Fra:1 Mem:22.04M (Peak 22.48M) | Time:00:00.02 | Mem:0.00M, Peak:0.00M | Scene, ViewLayer | Synchronizing object | Hood_Cord.L
Fra:1 Mem:22.08M (Peak 22.48M) | Time:00:00.03 | Mem:0.00M, Peak:0.00M | Scene, ViewLayer | Synchronizing object | Palm.L
Fra:1 Mem:22.13M (Peak 22.48M) | Time:00:00.03 | Mem:0.00M, Peak:0.00M | Scene, ViewLayer | Synchronizing object | Index_Mesh.L
Fra:1 Mem:22.16M (Peak 22.48M) | Time:00:00.03 | Mem:0.00M, Peak:0.00M | Scene, ViewLayer | Synchronizing object | Middle_Mesh.L
Fra:1 Mem:22.14M (Peak 22.48M) | Time:00:00.03 | Mem:0.00M, Peak:0.00M | Scene, ViewLayer | Synchronizing object | Ring_Mesh.L
Fra:1 Mem:22.15M (Peak 22.48M) | Time:00:00.03 | Mem:0.00M, Peak:0.00M | Scene, ViewLayer | Synchronizing object | Pinky_Mesh.L
Fra:1 Mem:22.15M (Peak 22.48M) | Time:00:00.03 | Mem:0.00M, Peak:0.00M | Scene, ViewLayer | Synchronizing object | Thumb_Mesh.L
Fra:1 Mem:22.34M (Peak 22.48M) | Time:00:00.05 | Mem:0.00M, Peak:0.00M | Scene, ViewLayer | Synchronizing object | Trousers.L
Fra:1 Mem:22.60M (Peak 22.60M) | Time:00:00.05 | Mem:0.00M, Peak:0.00M | Scene, ViewLayer | Synchronizing object | Sneaker_Sole.L
Fra:1 Mem:22.61M (Peak 22.61M) | Time:00:00.05 | Mem:0.00M, Peak:0.00M | Scene, ViewLayer | Synchronizing object | Sneaker_Upper.L
Fra:1 Mem:22.63M (Peak 22.63M) | Time:00:00.05 | Mem:0.00M, Peak:0.00M | Scene, ViewLayer | Synchronizing object | Sock.L
Fra:1 Mem:22.64M (Peak 22.64M) | Time:00:00.05 | Mem:0.00M, Peak:0.00M | Scene, ViewLayer | Synchronizing object | Lace_0.L
Fra:1 Mem:22.64M (Peak 22.64M) | Time:00:00.05 | Mem:0.00M, Peak:0.00M | Scene, ViewLayer | Synchronizing object | Lace_1.L
Fra:1 Mem:22.64M (Peak 22.64M) | Time:00:00.05 | Mem:0.00M, Peak:0.00M | Scene, ViewLayer | Synchronizing object | Lace_2.L
Fra:1 Mem:22.64M (Peak 22.64M) | Time:00:00.05 | Mem:0.00M, Peak:0.00M | Scene, ViewLayer | Synchronizing object | Lace_3.L
Fra:1 Mem:22.65M (Peak 22.65M) | Time:00:00.05 | Mem:0.00M, Peak:0.00M | Scene, ViewLayer | Synchronizing object | Heel_Tab.L
Fra:1 Mem:22.65M (Peak 22.65M) | Time:00:00.05 | Mem:0.00M, Peak:0.00M | Scene, ViewLayer | Synchronizing object | Sleeve_Cuff.R
Fra:1 Mem:22.66M (Peak 22.66M) | Time:00:00.05 | Mem:0.00M, Peak:0.00M | Scene, ViewLayer | Synchronizing object | Hood_Cord.R
Fra:1 Mem:22.69M (Peak 22.69M) | Time:00:00.06 | Mem:0.00M, Peak:0.00M | Scene, ViewLayer | Synchronizing object | Palm.R
Fra:1 Mem:22.74M (Peak 22.74M) | Time:00:00.06 | Mem:0.00M, Peak:0.00M | Scene, ViewLayer | Synchronizing object | Index_Mesh.R
Fra:1 Mem:22.78M (Peak 22.78M) | Time:00:00.06 | Mem:0.00M, Peak:0.00M | Scene, ViewLayer | Synchronizing object | Middle_Mesh.R
Fra:1 Mem:22.76M (Peak 22.78M) | Time:00:00.06 | Mem:0.00M, Peak:0.00M | Scene, ViewLayer | Synchronizing object | Ring_Mesh.R
Fra:1 Mem:22.76M (Peak 22.78M) | Time:00:00.06 | Mem:0.00M, Peak:0.00M | Scene, ViewLayer | Synchronizing object | Pinky_Mesh.R
Fra:1 Mem:22.77M (Peak 22.78M) | Time:00:00.06 | Mem:0.00M, Peak:0.00M | Scene, ViewLayer | Synchronizing object | Thumb_Mesh.R
Fra:1 Mem:22.95M (Peak 22.95M) | Time:00:00.09 | Mem:0.00M, Peak:0.00M | Scene, ViewLayer | Synchronizing object | Trousers.R
Fra:1 Mem:23.31M (Peak 23.31M) | Time:00:00.09 | Mem:0.00M, Peak:0.00M | Scene, ViewLayer | Synchronizing object | Sneaker_Sole.R
Fra:1 Mem:23.26M (Peak 23.31M) | Time:00:00.09 | Mem:0.00M, Peak:0.00M | Scene, ViewLayer | Synchronizing object | Sneaker_Upper.R
Fra:1 Mem:23.24M (Peak 23.31M) | Time:00:00.09 | Mem:0.00M, Peak:0.00M | Scene, ViewLayer | Synchronizing object | Sock.R
Fra:1 Mem:23.25M (Peak 23.31M) | Time:00:00.09 | Mem:0.00M, Peak:0.00M | Scene, ViewLayer | Synchronizing object | Lace_0.R
Fra:1 Mem:23.25M (Peak 23.31M) | Time:00:00.09 | Mem:0.00M, Peak:0.00M | Scene, ViewLayer | Synchronizing object | Lace_1.R
Fra:1 Mem:23.26M (Peak 23.31M) | Time:00:00.09 | Mem:0.00M, Peak:0.00M | Scene, ViewLayer | Synchronizing object | Lace_2.R
Fra:1 Mem:23.26M (Peak 23.31M) | Time:00:00.09 | Mem:0.00M, Peak:0.00M | Scene, ViewLayer | Synchronizing object | Lace_3.R
Fra:1 Mem:23.26M (Peak 23.31M) | Time:00:00.09 | Mem:0.00M, Peak:0.00M | Scene, ViewLayer | Synchronizing object | Heel_Tab.R
Fra:1 Mem:23.84M (Peak 23.84M) | Time:00:00.12 | Mem:0.00M, Peak:0.00M | Scene, ViewLayer | Synchronizing object | Jacket_ContinuousShoulders
Fra:1 Mem:25.07M (Peak 25.07M) | Time:00:00.41 | Mem:0.00M, Peak:0.00M | Scene, ViewLayer | Synchronizing object | Face_Head
Fra:1 Mem:25.73M (Peak 25.73M) | Time:00:00.42 | Mem:0.00M, Peak:0.00M | Scene, ViewLayer | Synchronizing object | Ear.L
Fra:1 Mem:25.79M (Peak 25.79M) | Time:00:00.42 | Mem:0.00M, Peak:0.00M | Scene, ViewLayer | Synchronizing object | Ear_Fold.L
Fra:1 Mem:25.84M (Peak 25.84M) | Time:00:00.43 | Mem:0.00M, Peak:0.00M | Scene, ViewLayer | Synchronizing object | Ear.R
Fra:1 Mem:25.90M (Peak 25.90M) | Time:00:00.43 | Mem:0.00M, Peak:0.00M | Scene, ViewLayer | Synchronizing object | Ear_Fold.R
Fra:1 Mem:25.90M (Peak 25.90M) | Time:00:00.43 | Mem:0.00M, Peak:0.00M | Scene, ViewLayer | Synchronizing object | Eye_White.L
Fra:1 Mem:25.91M (Peak 25.91M) | Time:00:00.43 | Mem:0.00M, Peak:0.00M | Scene, ViewLayer | Synchronizing object | Iris_hair.L
Fra:1 Mem:25.92M (Peak 25.92M) | Time:00:00.43 | Mem:0.00M, Peak:0.00M | Scene, ViewLayer | Synchronizing object | Iris_ink.L
Fra:1 Mem:25.93M (Peak 25.93M) | Time:00:00.43 | Mem:0.00M, Peak:0.00M | Scene, ViewLayer | Synchronizing object | Eye_Glint.L
Fra:1 Mem:25.93M (Peak 25.93M) | Time:00:00.43 | Mem:0.00M, Peak:0.00M | Scene, ViewLayer | Synchronizing object | Upper_Lid.L
Fra:1 Mem:25.95M (Peak 25.95M) | Time:00:00.43 | Mem:0.00M, Peak:0.00M | Scene, ViewLayer | Synchronizing object | Lower_Lid.L
Fra:1 Mem:25.95M (Peak 25.95M) | Time:00:00.43 | Mem:0.00M, Peak:0.00M | Scene, ViewLayer | Synchronizing object | Eyebrow.L
Fra:1 Mem:25.95M (Peak 25.95M) | Time:00:00.43 | Mem:0.00M, Peak:0.00M | Scene, ViewLayer | Synchronizing object | Eye_White.R
Fra:1 Mem:25.96M (Peak 25.96M) | Time:00:00.43 | Mem:0.00M, Peak:0.00M | Scene, ViewLayer | Synchronizing object | Iris_hair.R
Fra:1 Mem:25.97M (Peak 25.97M) | Time:00:00.43 | Mem:0.00M, Peak:0.00M | Scene, ViewLayer | Synchronizing object | Iris_ink.R
Fra:1 Mem:25.98M (Peak 25.98M) | Time:00:00.43 | Mem:0.00M, Peak:0.00M | Scene, ViewLayer | Synchronizing object | Eye_Glint.R
Fra:1 Mem:25.98M (Peak 25.98M) | Time:00:00.43 | Mem:0.00M, Peak:0.00M | Scene, ViewLayer | Synchronizing object | Upper_Lid.R
Fra:1 Mem:26.00M (Peak 26.00M) | Time:00:00.43 | Mem:0.00M, Peak:0.00M | Scene, ViewLayer | Synchronizing object | Lower_Lid.R
Fra:1 Mem:26.00M (Peak 26.00M) | Time:00:00.43 | Mem:0.00M, Peak:0.00M | Scene, ViewLayer | Synchronizing object | Eyebrow.R
Fra:1 Mem:26.00M (Peak 26.00M) | Time:00:00.43 | Mem:0.00M, Peak:0.00M | Scene, ViewLayer | Synchronizing object | Mouth
Fra:1 Mem:26.02M (Peak 26.02M) | Time:00:00.43 | Mem:0.00M, Peak:0.00M | Scene, ViewLayer | Synchronizing object | Hair_Cap
Fra:1 Mem:26.86M (Peak 26.86M) | Time:00:00.47 | Mem:0.00M, Peak:0.00M | Scene, ViewLayer | Synchronizing object | Hair_CrownBase
Fra:1 Mem:26.92M (Peak 26.92M) | Time:00:00.47 | Mem:0.00M, Peak:0.00M | Scene, ViewLayer | Synchronizing object | Review_Rim
Fra:1 Mem:26.95M (Peak 26.95M) | Time:00:00.47 | Mem:0.00M, Peak:0.00M | Scene, ViewLayer | Synchronizing object | Review_Fill
Fra:1 Mem:26.95M (Peak 26.95M) | Time:00:00.47 | Mem:0.00M, Peak:0.00M | Scene, ViewLayer | Synchronizing object | Review_Key
Fra:1 Mem:26.95M (Peak 26.95M) | Time:00:00.47 | Mem:0.00M, Peak:0.00M | Scene, ViewLayer | Synchronizing object | Review_Ground
Fra:1 Mem:26.95M (Peak 26.95M) | Time:00:00.47 | Mem:0.00M, Peak:0.00M | Scene, ViewLayer | Synchronizing object | Bangs_00
Fra:1 Mem:26.95M (Peak 26.95M) | Time:00:00.47 | Mem:0.00M, Peak:0.00M | Scene, ViewLayer | Synchronizing object | Tee_Bar
Fra:1 Mem:26.97M (Peak 26.97M) | Time:00:00.47 | Mem:0.00M, Peak:0.00M | Scene, ViewLayer | Synchronizing object | Tee_Dot_1.246
Fra:1 Mem:26.97M (Peak 26.97M) | Time:00:00.47 | Mem:0.00M, Peak:0.00M | Scene, ViewLayer | Synchronizing object | Bangs_01
Fra:1 Mem:26.99M (Peak 26.99M) | Time:00:00.47 | Mem:0.00M, Peak:0.00M | Scene, ViewLayer | Synchronizing object | Tee_Dot_1.275
Fra:1 Mem:27.00M (Peak 27.00M) | Time:00:00.47 | Mem:0.00M, Peak:0.00M | Scene, ViewLayer | Synchronizing object | Bangs_02
Fra:1 Mem:27.01M (Peak 27.01M) | Time:00:00.47 | Mem:0.00M, Peak:0.00M | Scene, ViewLayer | Synchronizing object | Crown_0.R
Fra:1 Mem:27.03M (Peak 27.03M) | Time:00:00.47 | Mem:0.00M, Peak:0.00M | Scene, ViewLayer | Synchronizing object | Bangs_03
Fra:1 Mem:27.04M (Peak 27.04M) | Time:00:00.47 | Mem:0.00M, Peak:0.00M | Scene, ViewLayer | Synchronizing object | Crown_0.L
Fra:1 Mem:27.06M (Peak 27.06M) | Time:00:00.47 | Mem:0.00M, Peak:0.00M | Scene, ViewLayer | Synchronizing object | Bangs_04
Fra:1 Mem:27.07M (Peak 27.07M) | Time:00:00.47 | Mem:0.00M, Peak:0.00M | Scene, ViewLayer | Synchronizing object | Temple_2.R
Fra:1 Mem:27.11M (Peak 27.11M) | Time:00:00.47 | Mem:0.00M, Peak:0.00M | Scene, ViewLayer | Synchronizing object | Bangs_05
Fra:1 Mem:27.10M (Peak 27.11M) | Time:00:00.47 | Mem:0.00M, Peak:0.00M | Scene, ViewLayer | Synchronizing object | Temple_1.R
Fra:1 Mem:27.14M (Peak 27.14M) | Time:00:00.47 | Mem:0.00M, Peak:0.00M | Scene, ViewLayer | Synchronizing object | Temple_0.L
Fra:1 Mem:27.14M (Peak 27.14M) | Time:00:00.47 | Mem:0.00M, Peak:0.00M | Scene, ViewLayer | Synchronizing object | Temple_0.R
Fra:1 Mem:27.17M (Peak 27.17M) | Time:00:00.47 | Mem:0.00M, Peak:0.00M | Scene, ViewLayer | Synchronizing object | Temple_1.L
Fra:1 Mem:27.17M (Peak 27.17M) | Time:00:00.47 | Mem:0.00M, Peak:0.00M | Scene, ViewLayer | Synchronizing object | Temple_2.L
Fra:1 Mem:27.21M (Peak 27.21M) | Time:00:00.47 | Mem:0.00M, Peak:0.00M | Scene, ViewLayer | Initializing
Fra:1 Mem:22.57M (Peak 27.21M) | Time:00:00.47 | Mem:0.00M, Peak:0.00M | Scene, ViewLayer | Updating Images | Loading CHR001_GreyStudy_BaseColor
Fra:1 Mem:22.57M (Peak 27.21M) | Time:00:00.47 | Mem:0.00M, Peak:0.00M | Scene, ViewLayer | Updating Images | Loading CHR001_GreyStudy_Normal
Fra:1 Mem:34.59M (Peak 38.59M) | Time:00:00.48 | Mem:4.00M, Peak:4.00M | Scene, ViewLayer | Updating Images | Loading CHR001_GreyStudy_Surface
Fra:1 Mem:31.17M (Peak 38.59M) | Time:00:00.49 | Mem:12.00M, Peak:12.00M | Scene, ViewLayer | Waiting for render to start
Fra:1 Mem:31.17M (Peak 38.59M) | Time:00:00.49 | Mem:12.00M, Peak:12.00M | Scene, ViewLayer | Updating Scene
Fra:1 Mem:31.17M (Peak 38.59M) | Time:00:00.49 | Mem:12.00M, Peak:12.00M | Scene, ViewLayer | Updating Shaders
Fra:1 Mem:31.17M (Peak 38.59M) | Time:00:00.49 | Mem:12.00M, Peak:12.00M | Scene, ViewLayer | Loading render kernels (may take a few minutes the first time)
Fra:1 Mem:31.25M (Peak 38.59M) | Time:00:00.49 | Mem:12.00M, Peak:12.00M | Scene, ViewLayer | Updating Procedurals
Fra:1 Mem:31.25M (Peak 38.59M) | Time:00:00.49 | Mem:12.00M, Peak:12.00M | Scene, ViewLayer | Updating Background
Fra:1 Mem:31.25M (Peak 38.59M) | Time:00:00.49 | Mem:12.00M, Peak:12.00M | Scene, ViewLayer | Updating Camera
Fra:1 Mem:31.25M (Peak 38.59M) | Time:00:00.49 | Mem:12.00M, Peak:12.00M | Scene, ViewLayer | Updating Meshes Flags
Fra:1 Mem:31.25M (Peak 38.59M) | Time:00:00.49 | Mem:12.00M, Peak:12.00M | Scene, ViewLayer | Updating Objects
Fra:1 Mem:31.25M (Peak 38.59M) | Time:00:00.49 | Mem:12.00M, Peak:12.00M | Scene, ViewLayer | Updating Objects | Copying Transformations to device
Fra:1 Mem:31.27M (Peak 38.59M) | Time:00:00.49 | Mem:12.02M, Peak:12.02M | Scene, ViewLayer | Updating Particle Systems
Fra:1 Mem:31.27M (Peak 38.59M) | Time:00:00.49 | Mem:12.02M, Peak:12.02M | Scene, ViewLayer | Updating Particle Systems | Copying Particles to device
Fra:1 Mem:31.27M (Peak 38.59M) | Time:00:00.49 | Mem:12.02M, Peak:12.02M | Scene, ViewLayer | Updating Meshes
Fra:1 Mem:33.51M (Peak 38.59M) | Time:00:00.50 | Mem:12.02M, Peak:12.02M | Scene, ViewLayer | Updating Objects | Applying Static Transformations
Fra:1 Mem:33.51M (Peak 38.59M) | Time:00:00.50 | Mem:12.02M, Peak:12.02M | Scene, ViewLayer | Updating Mesh | Computing attributes
Fra:1 Mem:36.46M (Peak 38.59M) | Time:00:00.50 | Mem:12.03M, Peak:12.03M | Scene, ViewLayer | Updating Mesh | Copying Attributes to device
Fra:1 Mem:36.45M (Peak 38.59M) | Time:00:00.50 | Mem:14.95M, Peak:14.95M | Scene, ViewLayer | Updating Scene BVH | Building
Fra:1 Mem:36.45M (Peak 38.59M) | Time:00:00.50 | Mem:14.95M, Peak:14.95M | Scene, ViewLayer | Updating Scene BVH | Building BVH
Fra:1 Mem:36.45M (Peak 38.59M) | Time:00:00.50 | Mem:16.15M, Peak:16.15M | Scene, ViewLayer | Updating Scene BVH | Building BVH 0%
Fra:1 Mem:36.45M (Peak 38.59M) | Time:00:00.51 | Mem:17.46M, Peak:18.65M | Scene, ViewLayer | Updating Scene BVH | Copying BVH to device
Fra:1 Mem:36.45M (Peak 38.59M) | Time:00:00.51 | Mem:17.46M, Peak:18.65M | Scene, ViewLayer | Updating Mesh | Computing normals
Fra:1 Mem:37.51M (Peak 38.59M) | Time:00:00.51 | Mem:17.46M, Peak:18.65M | Scene, ViewLayer | Updating Mesh | Copying Mesh to device
Fra:1 Mem:37.51M (Peak 38.59M) | Time:00:00.51 | Mem:18.51M, Peak:18.65M | Scene, ViewLayer | Updating Objects Flags
Fra:1 Mem:37.51M (Peak 38.59M) | Time:00:00.51 | Mem:18.51M, Peak:18.65M | Scene, ViewLayer | Updating Primitive Offsets
Fra:1 Mem:37.51M (Peak 38.59M) | Time:00:00.51 | Mem:18.52M, Peak:18.65M | Scene, ViewLayer | Updating Images
Fra:1 Mem:37.51M (Peak 38.59M) | Time:00:00.51 | Mem:18.52M, Peak:18.65M | Scene, ViewLayer | Updating Camera Volume
Fra:1 Mem:37.51M (Peak 38.59M) | Time:00:00.51 | Mem:18.52M, Peak:18.65M | Scene, ViewLayer | Updating Lookup Tables
Fra:1 Mem:37.51M (Peak 38.59M) | Time:00:00.51 | Mem:18.60M, Peak:18.65M | Scene, ViewLayer | Updating Lights
Fra:1 Mem:37.51M (Peak 38.59M) | Time:00:00.51 | Mem:18.60M, Peak:18.65M | Scene, ViewLayer | Updating Lights | Computing tree
Fra:1 Mem:37.51M (Peak 38.59M) | Time:00:00.51 | Mem:18.60M, Peak:18.65M | Scene, ViewLayer | Updating Integrator
Fra:1 Mem:37.51M (Peak 38.59M) | Time:00:00.51 | Mem:18.60M, Peak:18.65M | Scene, ViewLayer | Updating Film
Fra:1 Mem:37.51M (Peak 38.59M) | Time:00:00.51 | Mem:18.52M, Peak:18.65M | Scene, ViewLayer | Updating Lookup Tables
Fra:1 Mem:37.51M (Peak 38.59M) | Time:00:00.51 | Mem:18.60M, Peak:18.65M | Scene, ViewLayer | Updating Baking
Fra:1 Mem:37.51M (Peak 38.59M) | Time:00:00.51 | Mem:18.60M, Peak:18.65M | Scene, ViewLayer | Updating Device | Writing constant memory
Fra:1 Mem:37.52M (Peak 38.59M) | Time:00:00.51 | Mem:18.60M, Peak:18.65M | Scene, ViewLayer | Loading denoising kernels (may take a few minutes the first time)
Fra:1 Mem:37.52M (Peak 38.59M) | Time:00:00.51 | Mem:18.60M, Peak:18.65M | Scene, ViewLayer | Sample 0/24
Fra:1 Mem:87.63M (Peak 87.63M) | Time:00:01.32 | Remaining:00:18.73 | Mem:68.71M, Peak:68.71M | Scene, ViewLayer | Sample 1/24
Fra:1 Mem:108.73M (Peak 140.37M) | Time:00:24.60 | Mem:68.71M, Peak:68.71M | Scene, ViewLayer | Sample 24/24
Fra:1 Mem:108.73M (Peak 140.37M) | Time:00:24.60 | Mem:68.71M, Peak:68.71M | Scene, ViewLayer | Finished
Saved: '/home/lzzz/MyProjects/N-SIDE/output/character-hair-r9/after-offset/hair-top.png'
Time: 00:24.65 (Saving: 00:00.04)


Blender quit
