Blender 4.5.14 LTS (hash 62c1db4208e8 built 2026-09-15 01:31:19)
Read blend: "/home/lzzz/MyProjects/N-SIDE/source-assets/characters/CHR-001/model/yao-grey-study.blend"
Fra:1 Mem:22.75M (Peak 24.18M) | Time:00:00.03 | Mem:0.00M, Peak:0.00M | Scene, ViewLayer | Synchronizing object | TShirt
Fra:1 Mem:22.91M (Peak 24.18M) | Time:00:00.03 | Mem:0.00M, Peak:0.00M | Scene, ViewLayer | Synchronizing object | TShirt_Collar
Fra:1 Mem:22.93M (Peak 24.18M) | Time:00:00.03 | Mem:0.00M, Peak:0.00M | Scene, ViewLayer | Synchronizing object | Hood
Fra:1 Mem:22.99M (Peak 24.18M) | Time:00:00.03 | Mem:0.00M, Peak:0.00M | Scene, ViewLayer | Synchronizing object | Sleeve_Cuff.L
Fra:1 Mem:22.99M (Peak 24.18M) | Time:00:00.03 | Mem:0.00M, Peak:0.00M | Scene, ViewLayer | Synchronizing object | Hood_Cord.L
Fra:1 Mem:23.03M (Peak 24.18M) | Time:00:00.04 | Mem:0.00M, Peak:0.00M | Scene, ViewLayer | Synchronizing object | Palm.L
Fra:1 Mem:23.08M (Peak 24.18M) | Time:00:00.04 | Mem:0.00M, Peak:0.00M | Scene, ViewLayer | Synchronizing object | Index_Mesh.L
Fra:1 Mem:23.12M (Peak 24.18M) | Time:00:00.04 | Mem:0.00M, Peak:0.00M | Scene, ViewLayer | Synchronizing object | Middle_Mesh.L
Fra:1 Mem:23.09M (Peak 24.18M) | Time:00:00.04 | Mem:0.00M, Peak:0.00M | Scene, ViewLayer | Synchronizing object | Ring_Mesh.L
Fra:1 Mem:23.10M (Peak 24.18M) | Time:00:00.04 | Mem:0.00M, Peak:0.00M | Scene, ViewLayer | Synchronizing object | Pinky_Mesh.L
Fra:1 Mem:23.11M (Peak 24.18M) | Time:00:00.04 | Mem:0.00M, Peak:0.00M | Scene, ViewLayer | Synchronizing object | Thumb_Mesh.L
Fra:1 Mem:23.29M (Peak 24.18M) | Time:00:00.06 | Mem:0.00M, Peak:0.00M | Scene, ViewLayer | Synchronizing object | Trousers.L
Fra:1 Mem:23.55M (Peak 24.18M) | Time:00:00.06 | Mem:0.00M, Peak:0.00M | Scene, ViewLayer | Synchronizing object | Sneaker_Sole.L
Fra:1 Mem:23.57M (Peak 24.18M) | Time:00:00.06 | Mem:0.00M, Peak:0.00M | Scene, ViewLayer | Synchronizing object | Sneaker_Upper.L
Fra:1 Mem:23.59M (Peak 24.18M) | Time:00:00.06 | Mem:0.00M, Peak:0.00M | Scene, ViewLayer | Synchronizing object | Sock.L
Fra:1 Mem:23.60M (Peak 24.18M) | Time:00:00.06 | Mem:0.00M, Peak:0.00M | Scene, ViewLayer | Synchronizing object | Lace_0.L
Fra:1 Mem:23.60M (Peak 24.18M) | Time:00:00.06 | Mem:0.00M, Peak:0.00M | Scene, ViewLayer | Synchronizing object | Lace_1.L
Fra:1 Mem:23.61M (Peak 24.18M) | Time:00:00.06 | Mem:0.00M, Peak:0.00M | Scene, ViewLayer | Synchronizing object | Lace_2.L
Fra:1 Mem:23.61M (Peak 24.18M) | Time:00:00.06 | Mem:0.00M, Peak:0.00M | Scene, ViewLayer | Synchronizing object | Lace_3.L
Fra:1 Mem:23.61M (Peak 24.18M) | Time:00:00.06 | Mem:0.00M, Peak:0.00M | Scene, ViewLayer | Synchronizing object | Heel_Tab.L
Fra:1 Mem:23.62M (Peak 24.18M) | Time:00:00.06 | Mem:0.00M, Peak:0.00M | Scene, ViewLayer | Synchronizing object | Sleeve_Cuff.R
Fra:1 Mem:23.62M (Peak 24.18M) | Time:00:00.06 | Mem:0.00M, Peak:0.00M | Scene, ViewLayer | Synchronizing object | Hood_Cord.R
Fra:1 Mem:23.66M (Peak 24.18M) | Time:00:00.07 | Mem:0.00M, Peak:0.00M | Scene, ViewLayer | Synchronizing object | Palm.R
Fra:1 Mem:23.71M (Peak 24.18M) | Time:00:00.07 | Mem:0.00M, Peak:0.00M | Scene, ViewLayer | Synchronizing object | Index_Mesh.R
Fra:1 Mem:23.75M (Peak 24.18M) | Time:00:00.07 | Mem:0.00M, Peak:0.00M | Scene, ViewLayer | Synchronizing object | Middle_Mesh.R
Fra:1 Mem:23.72M (Peak 24.18M) | Time:00:00.07 | Mem:0.00M, Peak:0.00M | Scene, ViewLayer | Synchronizing object | Ring_Mesh.R
Fra:1 Mem:23.73M (Peak 24.18M) | Time:00:00.07 | Mem:0.00M, Peak:0.00M | Scene, ViewLayer | Synchronizing object | Pinky_Mesh.R
Fra:1 Mem:23.74M (Peak 24.18M) | Time:00:00.07 | Mem:0.00M, Peak:0.00M | Scene, ViewLayer | Synchronizing object | Thumb_Mesh.R
Fra:1 Mem:23.92M (Peak 24.18M) | Time:00:00.10 | Mem:0.00M, Peak:0.00M | Scene, ViewLayer | Synchronizing object | Trousers.R
Fra:1 Mem:24.18M (Peak 24.18M) | Time:00:00.10 | Mem:0.00M, Peak:0.00M | Scene, ViewLayer | Synchronizing object | Sneaker_Sole.R
Fra:1 Mem:24.20M (Peak 24.20M) | Time:00:00.10 | Mem:0.00M, Peak:0.00M | Scene, ViewLayer | Synchronizing object | Sneaker_Upper.R
Fra:1 Mem:24.22M (Peak 24.22M) | Time:00:00.10 | Mem:0.00M, Peak:0.00M | Scene, ViewLayer | Synchronizing object | Sock.R
Fra:1 Mem:24.23M (Peak 24.23M) | Time:00:00.10 | Mem:0.00M, Peak:0.00M | Scene, ViewLayer | Synchronizing object | Lace_0.R
Fra:1 Mem:24.23M (Peak 24.23M) | Time:00:00.10 | Mem:0.00M, Peak:0.00M | Scene, ViewLayer | Synchronizing object | Lace_1.R
Fra:1 Mem:24.23M (Peak 24.23M) | Time:00:00.10 | Mem:0.00M, Peak:0.00M | Scene, ViewLayer | Synchronizing object | Lace_2.R
Fra:1 Mem:24.24M (Peak 24.24M) | Time:00:00.10 | Mem:0.00M, Peak:0.00M | Scene, ViewLayer | Synchronizing object | Lace_3.R
Fra:1 Mem:24.24M (Peak 24.24M) | Time:00:00.10 | Mem:0.00M, Peak:0.00M | Scene, ViewLayer | Synchronizing object | Heel_Tab.R
Fra:1 Mem:24.82M (Peak 24.82M) | Time:00:00.13 | Mem:0.00M, Peak:0.00M | Scene, ViewLayer | Synchronizing object | Jacket_ContinuousShoulders
Fra:1 Mem:26.05M (Peak 26.05M) | Time:00:00.42 | Mem:0.00M, Peak:0.00M | Scene, ViewLayer | Synchronizing object | Face_Head
Fra:1 Mem:26.71M (Peak 26.71M) | Time:00:00.43 | Mem:0.00M, Peak:0.00M | Scene, ViewLayer | Synchronizing object | Ear.L
Fra:1 Mem:26.77M (Peak 26.77M) | Time:00:00.43 | Mem:0.00M, Peak:0.00M | Scene, ViewLayer | Synchronizing object | Ear_Fold.L
Fra:1 Mem:26.82M (Peak 26.82M) | Time:00:00.43 | Mem:0.00M, Peak:0.00M | Scene, ViewLayer | Synchronizing object | Ear.R
Fra:1 Mem:26.88M (Peak 26.88M) | Time:00:00.43 | Mem:0.00M, Peak:0.00M | Scene, ViewLayer | Synchronizing object | Ear_Fold.R
Fra:1 Mem:26.89M (Peak 26.89M) | Time:00:00.43 | Mem:0.00M, Peak:0.00M | Scene, ViewLayer | Synchronizing object | Eye_White.L
Fra:1 Mem:26.89M (Peak 26.89M) | Time:00:00.43 | Mem:0.00M, Peak:0.00M | Scene, ViewLayer | Synchronizing object | Iris_hair.L
Fra:1 Mem:26.90M (Peak 26.90M) | Time:00:00.43 | Mem:0.00M, Peak:0.00M | Scene, ViewLayer | Synchronizing object | Iris_ink.L
Fra:1 Mem:26.91M (Peak 26.91M) | Time:00:00.43 | Mem:0.00M, Peak:0.00M | Scene, ViewLayer | Synchronizing object | Eye_Glint.L
Fra:1 Mem:26.92M (Peak 26.92M) | Time:00:00.43 | Mem:0.00M, Peak:0.00M | Scene, ViewLayer | Synchronizing object | Upper_Lid.L
Fra:1 Mem:26.93M (Peak 26.93M) | Time:00:00.43 | Mem:0.00M, Peak:0.00M | Scene, ViewLayer | Synchronizing object | Lower_Lid.L
Fra:1 Mem:26.94M (Peak 26.94M) | Time:00:00.43 | Mem:0.00M, Peak:0.00M | Scene, ViewLayer | Synchronizing object | Eyebrow.L
Fra:1 Mem:26.94M (Peak 26.94M) | Time:00:00.43 | Mem:0.00M, Peak:0.00M | Scene, ViewLayer | Synchronizing object | Eye_White.R
Fra:1 Mem:26.95M (Peak 26.95M) | Time:00:00.43 | Mem:0.00M, Peak:0.00M | Scene, ViewLayer | Synchronizing object | Iris_hair.R
Fra:1 Mem:26.96M (Peak 26.96M) | Time:00:00.43 | Mem:0.00M, Peak:0.00M | Scene, ViewLayer | Synchronizing object | Iris_ink.R
Fra:1 Mem:26.97M (Peak 26.97M) | Time:00:00.43 | Mem:0.00M, Peak:0.00M | Scene, ViewLayer | Synchronizing object | Eye_Glint.R
Fra:1 Mem:26.98M (Peak 26.98M) | Time:00:00.43 | Mem:0.00M, Peak:0.00M | Scene, ViewLayer | Synchronizing object | Upper_Lid.R
Fra:1 Mem:26.99M (Peak 26.99M) | Time:00:00.43 | Mem:0.00M, Peak:0.00M | Scene, ViewLayer | Synchronizing object | Lower_Lid.R
Fra:1 Mem:27.00M (Peak 27.00M) | Time:00:00.43 | Mem:0.00M, Peak:0.00M | Scene, ViewLayer | Synchronizing object | Eyebrow.R
Fra:1 Mem:27.00M (Peak 27.00M) | Time:00:00.43 | Mem:0.00M, Peak:0.00M | Scene, ViewLayer | Synchronizing object | Mouth
Fra:1 Mem:27.02M (Peak 27.02M) | Time:00:00.43 | Mem:0.00M, Peak:0.00M | Scene, ViewLayer | Synchronizing object | Hair_Cap
Fra:1 Mem:28.59M (Peak 28.59M) | Time:00:00.48 | Mem:0.00M, Peak:0.00M | Scene, ViewLayer | Synchronizing object | Hair_CrownBase
Fra:1 Mem:28.68M (Peak 28.68M) | Time:00:00.48 | Mem:0.00M, Peak:0.00M | Scene, ViewLayer | Synchronizing object | Review_Rim
Fra:1 Mem:28.68M (Peak 28.68M) | Time:00:00.48 | Mem:0.00M, Peak:0.00M | Scene, ViewLayer | Synchronizing object | Bangs_00
Fra:1 Mem:28.69M (Peak 28.69M) | Time:00:00.48 | Mem:0.00M, Peak:0.00M | Scene, ViewLayer | Synchronizing object | Review_Fill
Fra:1 Mem:28.69M (Peak 28.69M) | Time:00:00.48 | Mem:0.00M, Peak:0.00M | Scene, ViewLayer | Synchronizing object | Review_Key
Fra:1 Mem:28.70M (Peak 28.70M) | Time:00:00.48 | Mem:0.00M, Peak:0.00M | Scene, ViewLayer | Synchronizing object | Review_Ground
Fra:1 Mem:28.70M (Peak 28.70M) | Time:00:00.48 | Mem:0.00M, Peak:0.00M | Scene, ViewLayer | Synchronizing object | Bangs_01
Fra:1 Mem:28.72M (Peak 28.72M) | Time:00:00.48 | Mem:0.00M, Peak:0.00M | Scene, ViewLayer | Synchronizing object | Tee_Bar
Fra:1 Mem:28.72M (Peak 28.72M) | Time:00:00.48 | Mem:0.00M, Peak:0.00M | Scene, ViewLayer | Synchronizing object | Tee_Dot_1.246
Fra:1 Mem:28.73M (Peak 28.73M) | Time:00:00.48 | Mem:0.00M, Peak:0.00M | Scene, ViewLayer | Synchronizing object | Bangs_02
Fra:1 Mem:28.75M (Peak 28.75M) | Time:00:00.48 | Mem:0.00M, Peak:0.00M | Scene, ViewLayer | Synchronizing object | Tee_Dot_1.275
Fra:1 Mem:28.76M (Peak 28.76M) | Time:00:00.48 | Mem:0.00M, Peak:0.00M | Scene, ViewLayer | Synchronizing object | Crown_0.R
Fra:1 Mem:28.78M (Peak 28.78M) | Time:00:00.48 | Mem:0.00M, Peak:0.00M | Scene, ViewLayer | Synchronizing object | Bangs_03
Fra:1 Mem:28.79M (Peak 28.79M) | Time:00:00.48 | Mem:0.00M, Peak:0.00M | Scene, ViewLayer | Synchronizing object | Crown_0.L
Fra:1 Mem:28.81M (Peak 28.81M) | Time:00:00.48 | Mem:0.00M, Peak:0.00M | Scene, ViewLayer | Synchronizing object | Bangs_04
Fra:1 Mem:28.83M (Peak 28.83M) | Time:00:00.48 | Mem:0.00M, Peak:0.00M | Scene, ViewLayer | Synchronizing object | Temple_2.R
Fra:1 Mem:28.85M (Peak 28.85M) | Time:00:00.48 | Mem:0.00M, Peak:0.00M | Scene, ViewLayer | Synchronizing object | Bangs_05
Fra:1 Mem:28.86M (Peak 28.86M) | Time:00:00.48 | Mem:0.00M, Peak:0.00M | Scene, ViewLayer | Synchronizing object | Temple_1.R
Fra:1 Mem:28.90M (Peak 28.90M) | Time:00:00.48 | Mem:0.00M, Peak:0.00M | Scene, ViewLayer | Synchronizing object | Temple_0.L
Fra:1 Mem:28.90M (Peak 28.90M) | Time:00:00.48 | Mem:0.00M, Peak:0.00M | Scene, ViewLayer | Synchronizing object | Temple_0.R
Fra:1 Mem:28.94M (Peak 28.94M) | Time:00:00.48 | Mem:0.00M, Peak:0.00M | Scene, ViewLayer | Synchronizing object | Temple_1.L
Fra:1 Mem:28.95M (Peak 28.95M) | Time:00:00.48 | Mem:0.00M, Peak:0.00M | Scene, ViewLayer | Synchronizing object | Temple_2.L
Fra:1 Mem:28.98M (Peak 28.98M) | Time:00:00.48 | Mem:0.00M, Peak:0.00M | Scene, ViewLayer | Initializing
Fra:1 Mem:23.56M (Peak 28.98M) | Time:00:00.48 | Mem:0.00M, Peak:0.00M | Scene, ViewLayer | Updating Images | Loading CHR001_GreyStudy_BaseColor
Fra:1 Mem:23.56M (Peak 28.98M) | Time:00:00.48 | Mem:0.00M, Peak:0.00M | Scene, ViewLayer | Updating Images | Loading CHR001_GreyStudy_Normal
Fra:1 Mem:35.58M (Peak 39.58M) | Time:00:00.50 | Mem:4.00M, Peak:4.00M | Scene, ViewLayer | Updating Images | Loading CHR001_GreyStudy_Surface
Fra:1 Mem:32.15M (Peak 39.58M) | Time:00:00.50 | Mem:12.00M, Peak:12.00M | Scene, ViewLayer | Waiting for render to start
Fra:1 Mem:32.15M (Peak 39.58M) | Time:00:00.50 | Mem:12.00M, Peak:12.00M | Scene, ViewLayer | Updating Scene
Fra:1 Mem:32.15M (Peak 39.58M) | Time:00:00.50 | Mem:12.00M, Peak:12.00M | Scene, ViewLayer | Updating Shaders
Fra:1 Mem:32.15M (Peak 39.58M) | Time:00:00.50 | Mem:12.00M, Peak:12.00M | Scene, ViewLayer | Loading render kernels (may take a few minutes the first time)
Fra:1 Mem:32.24M (Peak 39.58M) | Time:00:00.50 | Mem:12.00M, Peak:12.00M | Scene, ViewLayer | Updating Procedurals
Fra:1 Mem:32.24M (Peak 39.58M) | Time:00:00.50 | Mem:12.00M, Peak:12.00M | Scene, ViewLayer | Updating Background
Fra:1 Mem:32.24M (Peak 39.58M) | Time:00:00.50 | Mem:12.00M, Peak:12.00M | Scene, ViewLayer | Updating Camera
Fra:1 Mem:32.24M (Peak 39.58M) | Time:00:00.50 | Mem:12.00M, Peak:12.00M | Scene, ViewLayer | Updating Meshes Flags
Fra:1 Mem:32.24M (Peak 39.58M) | Time:00:00.50 | Mem:12.00M, Peak:12.00M | Scene, ViewLayer | Updating Objects
Fra:1 Mem:32.24M (Peak 39.58M) | Time:00:00.50 | Mem:12.00M, Peak:12.00M | Scene, ViewLayer | Updating Objects | Copying Transformations to device
Fra:1 Mem:32.26M (Peak 39.58M) | Time:00:00.50 | Mem:12.02M, Peak:12.02M | Scene, ViewLayer | Updating Particle Systems
Fra:1 Mem:32.26M (Peak 39.58M) | Time:00:00.50 | Mem:12.02M, Peak:12.02M | Scene, ViewLayer | Updating Particle Systems | Copying Particles to device
Fra:1 Mem:32.26M (Peak 39.58M) | Time:00:00.50 | Mem:12.02M, Peak:12.02M | Scene, ViewLayer | Updating Meshes
Fra:1 Mem:34.93M (Peak 39.58M) | Time:00:00.52 | Mem:12.02M, Peak:12.02M | Scene, ViewLayer | Updating Objects | Applying Static Transformations
Fra:1 Mem:34.93M (Peak 39.58M) | Time:00:00.52 | Mem:12.02M, Peak:12.02M | Scene, ViewLayer | Updating Mesh | Computing attributes
Fra:1 Mem:38.44M (Peak 39.58M) | Time:00:00.52 | Mem:12.03M, Peak:12.03M | Scene, ViewLayer | Updating Mesh | Copying Attributes to device
Fra:1 Mem:38.42M (Peak 39.58M) | Time:00:00.52 | Mem:15.51M, Peak:15.51M | Scene, ViewLayer | Updating Scene BVH | Building
Fra:1 Mem:38.42M (Peak 39.58M) | Time:00:00.52 | Mem:15.51M, Peak:15.51M | Scene, ViewLayer | Updating Scene BVH | Building BVH
Fra:1 Mem:38.42M (Peak 39.58M) | Time:00:00.52 | Mem:16.94M, Peak:16.94M | Scene, ViewLayer | Updating Scene BVH | Building BVH 0%
Fra:1 Mem:38.42M (Peak 39.58M) | Time:00:00.53 | Mem:18.49M, Peak:19.92M | Scene, ViewLayer | Updating Scene BVH | Copying BVH to device
Fra:1 Mem:38.42M (Peak 39.58M) | Time:00:00.53 | Mem:18.49M, Peak:19.92M | Scene, ViewLayer | Updating Mesh | Computing normals
Fra:1 Mem:39.68M (Peak 39.68M) | Time:00:00.53 | Mem:18.49M, Peak:19.92M | Scene, ViewLayer | Updating Mesh | Copying Mesh to device
Fra:1 Mem:39.68M (Peak 39.68M) | Time:00:00.53 | Mem:19.75M, Peak:19.92M | Scene, ViewLayer | Updating Objects Flags
Fra:1 Mem:39.68M (Peak 39.68M) | Time:00:00.53 | Mem:19.75M, Peak:19.92M | Scene, ViewLayer | Updating Primitive Offsets
Fra:1 Mem:39.68M (Peak 39.68M) | Time:00:00.53 | Mem:19.75M, Peak:19.92M | Scene, ViewLayer | Updating Images
Fra:1 Mem:39.68M (Peak 39.68M) | Time:00:00.53 | Mem:19.75M, Peak:19.92M | Scene, ViewLayer | Updating Camera Volume
Fra:1 Mem:39.68M (Peak 39.68M) | Time:00:00.53 | Mem:19.75M, Peak:19.92M | Scene, ViewLayer | Updating Lookup Tables
Fra:1 Mem:39.68M (Peak 39.68M) | Time:00:00.53 | Mem:19.83M, Peak:19.92M | Scene, ViewLayer | Updating Lights
Fra:1 Mem:39.68M (Peak 39.68M) | Time:00:00.53 | Mem:19.83M, Peak:19.92M | Scene, ViewLayer | Updating Lights | Computing tree
Fra:1 Mem:39.68M (Peak 39.68M) | Time:00:00.53 | Mem:19.83M, Peak:19.92M | Scene, ViewLayer | Updating Integrator
Fra:1 Mem:39.68M (Peak 39.68M) | Time:00:00.53 | Mem:19.83M, Peak:19.92M | Scene, ViewLayer | Updating Film
Fra:1 Mem:39.68M (Peak 39.68M) | Time:00:00.53 | Mem:19.75M, Peak:19.92M | Scene, ViewLayer | Updating Lookup Tables
Fra:1 Mem:39.68M (Peak 39.68M) | Time:00:00.53 | Mem:19.83M, Peak:19.92M | Scene, ViewLayer | Updating Baking
Fra:1 Mem:39.68M (Peak 39.68M) | Time:00:00.53 | Mem:19.83M, Peak:19.92M | Scene, ViewLayer | Updating Device | Writing constant memory
Fra:1 Mem:39.69M (Peak 39.69M) | Time:00:00.53 | Mem:19.83M, Peak:19.92M | Scene, ViewLayer | Loading denoising kernels (may take a few minutes the first time)
Fra:1 Mem:39.69M (Peak 39.69M) | Time:00:00.53 | Mem:19.83M, Peak:19.92M | Scene, ViewLayer | Sample 0/24
Fra:1 Mem:89.81M (Peak 89.81M) | Time:00:01.01 | Remaining:00:11.15 | Mem:69.94M, Peak:69.94M | Scene, ViewLayer | Sample 1/24
Fra:1 Mem:110.90M (Peak 142.55M) | Time:00:16.89 | Mem:69.94M, Peak:69.94M | Scene, ViewLayer | Sample 24/24
Fra:1 Mem:110.90M (Peak 142.55M) | Time:00:16.89 | Mem:69.94M, Peak:69.94M | Scene, ViewLayer | Finished
Saved: '/home/lzzz/MyProjects/N-SIDE/output/character-hair-r9/final/head-front.png'
Time: 00:16.95 (Saving: 00:00.05)

Fra:1 Mem:22.84M (Peak 24.23M) | Time:00:00.03 | Mem:0.00M, Peak:0.00M | Scene, ViewLayer | Synchronizing object | TShirt
Fra:1 Mem:23.00M (Peak 24.23M) | Time:00:00.03 | Mem:0.00M, Peak:0.00M | Scene, ViewLayer | Synchronizing object | TShirt_Collar
Fra:1 Mem:23.02M (Peak 24.23M) | Time:00:00.03 | Mem:0.00M, Peak:0.00M | Scene, ViewLayer | Synchronizing object | Hood
Fra:1 Mem:23.08M (Peak 24.23M) | Time:00:00.03 | Mem:0.00M, Peak:0.00M | Scene, ViewLayer | Synchronizing object | Sleeve_Cuff.L
Fra:1 Mem:23.08M (Peak 24.23M) | Time:00:00.03 | Mem:0.00M, Peak:0.00M | Scene, ViewLayer | Synchronizing object | Hood_Cord.L
Fra:1 Mem:23.12M (Peak 24.23M) | Time:00:00.04 | Mem:0.00M, Peak:0.00M | Scene, ViewLayer | Synchronizing object | Palm.L
Fra:1 Mem:23.17M (Peak 24.23M) | Time:00:00.04 | Mem:0.00M, Peak:0.00M | Scene, ViewLayer | Synchronizing object | Index_Mesh.L
Fra:1 Mem:23.20M (Peak 24.23M) | Time:00:00.04 | Mem:0.00M, Peak:0.00M | Scene, ViewLayer | Synchronizing object | Middle_Mesh.L
Fra:1 Mem:23.18M (Peak 24.23M) | Time:00:00.04 | Mem:0.00M, Peak:0.00M | Scene, ViewLayer | Synchronizing object | Ring_Mesh.L
Fra:1 Mem:23.18M (Peak 24.23M) | Time:00:00.04 | Mem:0.00M, Peak:0.00M | Scene, ViewLayer | Synchronizing object | Pinky_Mesh.L
Fra:1 Mem:23.19M (Peak 24.23M) | Time:00:00.04 | Mem:0.00M, Peak:0.00M | Scene, ViewLayer | Synchronizing object | Thumb_Mesh.L
Fra:1 Mem:23.38M (Peak 24.23M) | Time:00:00.07 | Mem:0.00M, Peak:0.00M | Scene, ViewLayer | Synchronizing object | Trousers.L
Fra:1 Mem:23.63M (Peak 24.23M) | Time:00:00.07 | Mem:0.00M, Peak:0.00M | Scene, ViewLayer | Synchronizing object | Sneaker_Sole.L
Fra:1 Mem:23.65M (Peak 24.23M) | Time:00:00.07 | Mem:0.00M, Peak:0.00M | Scene, ViewLayer | Synchronizing object | Sneaker_Upper.L
Fra:1 Mem:23.67M (Peak 24.23M) | Time:00:00.07 | Mem:0.00M, Peak:0.00M | Scene, ViewLayer | Synchronizing object | Sock.L
Fra:1 Mem:23.68M (Peak 24.23M) | Time:00:00.07 | Mem:0.00M, Peak:0.00M | Scene, ViewLayer | Synchronizing object | Lace_0.L
Fra:1 Mem:23.68M (Peak 24.23M) | Time:00:00.07 | Mem:0.00M, Peak:0.00M | Scene, ViewLayer | Synchronizing object | Lace_1.L
Fra:1 Mem:23.68M (Peak 24.23M) | Time:00:00.07 | Mem:0.00M, Peak:0.00M | Scene, ViewLayer | Synchronizing object | Lace_2.L
Fra:1 Mem:23.68M (Peak 24.23M) | Time:00:00.07 | Mem:0.00M, Peak:0.00M | Scene, ViewLayer | Synchronizing object | Lace_3.L
Fra:1 Mem:23.69M (Peak 24.23M) | Time:00:00.07 | Mem:0.00M, Peak:0.00M | Scene, ViewLayer | Synchronizing object | Heel_Tab.L
Fra:1 Mem:23.69M (Peak 24.23M) | Time:00:00.07 | Mem:0.00M, Peak:0.00M | Scene, ViewLayer | Synchronizing object | Sleeve_Cuff.R
Fra:1 Mem:23.69M (Peak 24.23M) | Time:00:00.07 | Mem:0.00M, Peak:0.00M | Scene, ViewLayer | Synchronizing object | Hood_Cord.R
Fra:1 Mem:23.73M (Peak 24.23M) | Time:00:00.07 | Mem:0.00M, Peak:0.00M | Scene, ViewLayer | Synchronizing object | Palm.R
Fra:1 Mem:23.78M (Peak 24.23M) | Time:00:00.07 | Mem:0.00M, Peak:0.00M | Scene, ViewLayer | Synchronizing object | Index_Mesh.R
Fra:1 Mem:23.80M (Peak 24.23M) | Time:00:00.07 | Mem:0.00M, Peak:0.00M | Scene, ViewLayer | Synchronizing object | Middle_Mesh.R
Fra:1 Mem:23.80M (Peak 24.23M) | Time:00:00.07 | Mem:0.00M, Peak:0.00M | Scene, ViewLayer | Synchronizing object | Ring_Mesh.R
Fra:1 Mem:23.80M (Peak 24.23M) | Time:00:00.07 | Mem:0.00M, Peak:0.00M | Scene, ViewLayer | Synchronizing object | Pinky_Mesh.R
Fra:1 Mem:23.80M (Peak 24.23M) | Time:00:00.07 | Mem:0.00M, Peak:0.00M | Scene, ViewLayer | Synchronizing object | Thumb_Mesh.R
Fra:1 Mem:23.99M (Peak 24.23M) | Time:00:00.10 | Mem:0.00M, Peak:0.00M | Scene, ViewLayer | Synchronizing object | Trousers.R
Fra:1 Mem:24.35M (Peak 24.35M) | Time:00:00.10 | Mem:0.00M, Peak:0.00M | Scene, ViewLayer | Synchronizing object | Sneaker_Sole.R
Fra:1 Mem:24.30M (Peak 24.35M) | Time:00:00.10 | Mem:0.00M, Peak:0.00M | Scene, ViewLayer | Synchronizing object | Sneaker_Upper.R
Fra:1 Mem:24.32M (Peak 24.35M) | Time:00:00.10 | Mem:0.00M, Peak:0.00M | Scene, ViewLayer | Synchronizing object | Sock.R
Fra:1 Mem:24.29M (Peak 24.35M) | Time:00:00.10 | Mem:0.00M, Peak:0.00M | Scene, ViewLayer | Synchronizing object | Lace_0.R
Fra:1 Mem:24.29M (Peak 24.35M) | Time:00:00.10 | Mem:0.00M, Peak:0.00M | Scene, ViewLayer | Synchronizing object | Lace_1.R
Fra:1 Mem:24.29M (Peak 24.35M) | Time:00:00.10 | Mem:0.00M, Peak:0.00M | Scene, ViewLayer | Synchronizing object | Lace_2.R
Fra:1 Mem:24.30M (Peak 24.35M) | Time:00:00.10 | Mem:0.00M, Peak:0.00M | Scene, ViewLayer | Synchronizing object | Lace_3.R
Fra:1 Mem:24.30M (Peak 24.35M) | Time:00:00.10 | Mem:0.00M, Peak:0.00M | Scene, ViewLayer | Synchronizing object | Heel_Tab.R
Fra:1 Mem:24.88M (Peak 24.88M) | Time:00:00.13 | Mem:0.00M, Peak:0.00M | Scene, ViewLayer | Synchronizing object | Jacket_ContinuousShoulders
Fra:1 Mem:26.10M (Peak 26.10M) | Time:00:00.44 | Mem:0.00M, Peak:0.00M | Scene, ViewLayer | Synchronizing object | Face_Head
Fra:1 Mem:26.77M (Peak 26.77M) | Time:00:00.45 | Mem:0.00M, Peak:0.00M | Scene, ViewLayer | Synchronizing object | Ear.L
Fra:1 Mem:26.83M (Peak 26.83M) | Time:00:00.45 | Mem:0.00M, Peak:0.00M | Scene, ViewLayer | Synchronizing object | Ear_Fold.L
Fra:1 Mem:26.88M (Peak 26.88M) | Time:00:00.46 | Mem:0.00M, Peak:0.00M | Scene, ViewLayer | Synchronizing object | Ear.R
Fra:1 Mem:26.94M (Peak 26.94M) | Time:00:00.46 | Mem:0.00M, Peak:0.00M | Scene, ViewLayer | Synchronizing object | Ear_Fold.R
Fra:1 Mem:26.94M (Peak 26.94M) | Time:00:00.46 | Mem:0.00M, Peak:0.00M | Scene, ViewLayer | Synchronizing object | Eye_White.L
Fra:1 Mem:26.95M (Peak 26.95M) | Time:00:00.46 | Mem:0.00M, Peak:0.00M | Scene, ViewLayer | Synchronizing object | Iris_hair.L
Fra:1 Mem:26.96M (Peak 26.96M) | Time:00:00.46 | Mem:0.00M, Peak:0.00M | Scene, ViewLayer | Synchronizing object | Iris_ink.L
Fra:1 Mem:26.97M (Peak 26.97M) | Time:00:00.46 | Mem:0.00M, Peak:0.00M | Scene, ViewLayer | Synchronizing object | Eye_Glint.L
Fra:1 Mem:26.97M (Peak 26.97M) | Time:00:00.46 | Mem:0.00M, Peak:0.00M | Scene, ViewLayer | Synchronizing object | Upper_Lid.L
Fra:1 Mem:26.98M (Peak 26.98M) | Time:00:00.46 | Mem:0.00M, Peak:0.00M | Scene, ViewLayer | Synchronizing object | Lower_Lid.L
Fra:1 Mem:26.99M (Peak 26.99M) | Time:00:00.46 | Mem:0.00M, Peak:0.00M | Scene, ViewLayer | Synchronizing object | Eyebrow.L
Fra:1 Mem:26.99M (Peak 26.99M) | Time:00:00.46 | Mem:0.00M, Peak:0.00M | Scene, ViewLayer | Synchronizing object | Eye_White.R
Fra:1 Mem:27.00M (Peak 27.00M) | Time:00:00.46 | Mem:0.00M, Peak:0.00M | Scene, ViewLayer | Synchronizing object | Iris_hair.R
Fra:1 Mem:27.01M (Peak 27.01M) | Time:00:00.46 | Mem:0.00M, Peak:0.00M | Scene, ViewLayer | Synchronizing object | Iris_ink.R
Fra:1 Mem:27.02M (Peak 27.02M) | Time:00:00.46 | Mem:0.00M, Peak:0.00M | Scene, ViewLayer | Synchronizing object | Eye_Glint.R
Fra:1 Mem:27.02M (Peak 27.02M) | Time:00:00.46 | Mem:0.00M, Peak:0.00M | Scene, ViewLayer | Synchronizing object | Upper_Lid.R
Fra:1 Mem:27.03M (Peak 27.03M) | Time:00:00.46 | Mem:0.00M, Peak:0.00M | Scene, ViewLayer | Synchronizing object | Lower_Lid.R
Fra:1 Mem:27.04M (Peak 27.04M) | Time:00:00.46 | Mem:0.00M, Peak:0.00M | Scene, ViewLayer | Synchronizing object | Eyebrow.R
Fra:1 Mem:27.04M (Peak 27.04M) | Time:00:00.46 | Mem:0.00M, Peak:0.00M | Scene, ViewLayer | Synchronizing object | Mouth
Fra:1 Mem:27.06M (Peak 27.06M) | Time:00:00.46 | Mem:0.00M, Peak:0.00M | Scene, ViewLayer | Synchronizing object | Hair_Cap
Fra:1 Mem:28.63M (Peak 28.63M) | Time:00:00.50 | Mem:0.00M, Peak:0.00M | Scene, ViewLayer | Synchronizing object | Hair_CrownBase
Fra:1 Mem:28.70M (Peak 28.70M) | Time:00:00.50 | Mem:0.00M, Peak:0.00M | Scene, ViewLayer | Synchronizing object | Review_Rim
Fra:1 Mem:28.72M (Peak 28.72M) | Time:00:00.50 | Mem:0.00M, Peak:0.00M | Scene, ViewLayer | Synchronizing object | Review_Fill
Fra:1 Mem:28.73M (Peak 28.73M) | Time:00:00.50 | Mem:0.00M, Peak:0.00M | Scene, ViewLayer | Synchronizing object | Review_Key
Fra:1 Mem:28.74M (Peak 28.74M) | Time:00:00.50 | Mem:0.00M, Peak:0.00M | Scene, ViewLayer | Synchronizing object | Review_Ground
Fra:1 Mem:28.72M (Peak 28.74M) | Time:00:00.50 | Mem:0.00M, Peak:0.00M | Scene, ViewLayer | Synchronizing object | Bangs_00
Fra:1 Mem:28.72M (Peak 28.74M) | Time:00:00.50 | Mem:0.00M, Peak:0.00M | Scene, ViewLayer | Synchronizing object | Tee_Bar
Fra:1 Mem:28.74M (Peak 28.74M) | Time:00:00.50 | Mem:0.00M, Peak:0.00M | Scene, ViewLayer | Synchronizing object | Tee_Dot_1.246
Fra:1 Mem:28.75M (Peak 28.75M) | Time:00:00.50 | Mem:0.00M, Peak:0.00M | Scene, ViewLayer | Synchronizing object | Bangs_01
Fra:1 Mem:28.75M (Peak 28.75M) | Time:00:00.50 | Mem:0.00M, Peak:0.00M | Scene, ViewLayer | Synchronizing object | Tee_Dot_1.275
Fra:1 Mem:28.77M (Peak 28.77M) | Time:00:00.50 | Mem:0.00M, Peak:0.00M | Scene, ViewLayer | Synchronizing object | Crown_0.R
Fra:1 Mem:28.77M (Peak 28.77M) | Time:00:00.50 | Mem:0.00M, Peak:0.00M | Scene, ViewLayer | Synchronizing object | Bangs_02
Fra:1 Mem:28.80M (Peak 28.80M) | Time:00:00.50 | Mem:0.00M, Peak:0.00M | Scene, ViewLayer | Synchronizing object | Crown_0.L
Fra:1 Mem:28.82M (Peak 28.82M) | Time:00:00.50 | Mem:0.00M, Peak:0.00M | Scene, ViewLayer | Synchronizing object | Bangs_03
Fra:1 Mem:28.84M (Peak 28.84M) | Time:00:00.50 | Mem:0.00M, Peak:0.00M | Scene, ViewLayer | Synchronizing object | Temple_2.R
Fra:1 Mem:28.85M (Peak 28.85M) | Time:00:00.50 | Mem:0.00M, Peak:0.00M | Scene, ViewLayer | Synchronizing object | Bangs_04
Fra:1 Mem:28.87M (Peak 28.87M) | Time:00:00.50 | Mem:0.00M, Peak:0.00M | Scene, ViewLayer | Synchronizing object | Temple_1.R
Fra:1 Mem:28.89M (Peak 28.89M) | Time:00:00.50 | Mem:0.00M, Peak:0.00M | Scene, ViewLayer | Synchronizing object | Bangs_05
Fra:1 Mem:28.90M (Peak 28.90M) | Time:00:00.50 | Mem:0.00M, Peak:0.00M | Scene, ViewLayer | Synchronizing object | Temple_0.R
Fra:1 Mem:28.92M (Peak 28.92M) | Time:00:00.50 | Mem:0.00M, Peak:0.00M | Scene, ViewLayer | Synchronizing object | Temple_0.L
Fra:1 Mem:28.94M (Peak 28.94M) | Time:00:00.50 | Mem:0.00M, Peak:0.00M | Scene, ViewLayer | Synchronizing object | Temple_2.L
Fra:1 Mem:28.96M (Peak 28.96M) | Time:00:00.50 | Mem:0.00M, Peak:0.00M | Scene, ViewLayer | Synchronizing object | Temple_1.L
Fra:1 Mem:28.98M (Peak 28.98M) | Time:00:00.50 | Mem:0.00M, Peak:0.00M | Scene, ViewLayer | Initializing
Fra:1 Mem:23.56M (Peak 28.98M) | Time:00:00.50 | Mem:0.00M, Peak:0.00M | Scene, ViewLayer | Updating Images | Loading CHR001_GreyStudy_Normal
Fra:1 Mem:23.56M (Peak 28.98M) | Time:00:00.50 | Mem:0.00M, Peak:0.00M | Scene, ViewLayer | Updating Images | Loading CHR001_GreyStudy_BaseColor
Fra:1 Mem:35.58M (Peak 39.58M) | Time:00:00.51 | Mem:4.00M, Peak:4.00M | Scene, ViewLayer | Updating Images | Loading CHR001_GreyStudy_Surface
Fra:1 Mem:32.15M (Peak 39.58M) | Time:00:00.52 | Mem:12.00M, Peak:12.00M | Scene, ViewLayer | Waiting for render to start
Fra:1 Mem:32.15M (Peak 39.58M) | Time:00:00.52 | Mem:12.00M, Peak:12.00M | Scene, ViewLayer | Updating Scene
Fra:1 Mem:32.15M (Peak 39.58M) | Time:00:00.52 | Mem:12.00M, Peak:12.00M | Scene, ViewLayer | Updating Shaders
Fra:1 Mem:32.15M (Peak 39.58M) | Time:00:00.52 | Mem:12.00M, Peak:12.00M | Scene, ViewLayer | Loading render kernels (may take a few minutes the first time)
Fra:1 Mem:32.24M (Peak 39.58M) | Time:00:00.52 | Mem:12.00M, Peak:12.00M | Scene, ViewLayer | Updating Procedurals
Fra:1 Mem:32.24M (Peak 39.58M) | Time:00:00.52 | Mem:12.00M, Peak:12.00M | Scene, ViewLayer | Updating Background
Fra:1 Mem:32.24M (Peak 39.58M) | Time:00:00.52 | Mem:12.00M, Peak:12.00M | Scene, ViewLayer | Updating Camera
Fra:1 Mem:32.24M (Peak 39.58M) | Time:00:00.52 | Mem:12.00M, Peak:12.00M | Scene, ViewLayer | Updating Meshes Flags
Fra:1 Mem:32.24M (Peak 39.58M) | Time:00:00.52 | Mem:12.00M, Peak:12.00M | Scene, ViewLayer | Updating Objects
Fra:1 Mem:32.24M (Peak 39.58M) | Time:00:00.52 | Mem:12.00M, Peak:12.00M | Scene, ViewLayer | Updating Objects | Copying Transformations to device
Fra:1 Mem:32.26M (Peak 39.58M) | Time:00:00.52 | Mem:12.02M, Peak:12.02M | Scene, ViewLayer | Updating Particle Systems
Fra:1 Mem:32.26M (Peak 39.58M) | Time:00:00.52 | Mem:12.02M, Peak:12.02M | Scene, ViewLayer | Updating Particle Systems | Copying Particles to device
Fra:1 Mem:32.26M (Peak 39.58M) | Time:00:00.52 | Mem:12.02M, Peak:12.02M | Scene, ViewLayer | Updating Meshes
Fra:1 Mem:34.93M (Peak 39.58M) | Time:00:00.53 | Mem:12.02M, Peak:12.02M | Scene, ViewLayer | Updating Objects | Applying Static Transformations
Fra:1 Mem:34.93M (Peak 39.58M) | Time:00:00.54 | Mem:12.02M, Peak:12.02M | Scene, ViewLayer | Updating Mesh | Computing attributes
Fra:1 Mem:38.44M (Peak 39.58M) | Time:00:00.54 | Mem:12.03M, Peak:12.03M | Scene, ViewLayer | Updating Mesh | Copying Attributes to device
Fra:1 Mem:38.42M (Peak 39.58M) | Time:00:00.54 | Mem:15.51M, Peak:15.51M | Scene, ViewLayer | Updating Scene BVH | Building
Fra:1 Mem:38.42M (Peak 39.58M) | Time:00:00.54 | Mem:15.51M, Peak:15.51M | Scene, ViewLayer | Updating Scene BVH | Building BVH
Fra:1 Mem:38.42M (Peak 39.58M) | Time:00:00.54 | Mem:16.94M, Peak:16.94M | Scene, ViewLayer | Updating Scene BVH | Building BVH 0%
Fra:1 Mem:38.42M (Peak 39.58M) | Time:00:00.54 | Mem:18.49M, Peak:19.92M | Scene, ViewLayer | Updating Scene BVH | Copying BVH to device
Fra:1 Mem:38.42M (Peak 39.58M) | Time:00:00.54 | Mem:18.49M, Peak:19.92M | Scene, ViewLayer | Updating Mesh | Computing normals
Fra:1 Mem:39.68M (Peak 39.68M) | Time:00:00.54 | Mem:18.49M, Peak:19.92M | Scene, ViewLayer | Updating Mesh | Copying Mesh to device
Fra:1 Mem:39.68M (Peak 39.68M) | Time:00:00.54 | Mem:19.75M, Peak:19.92M | Scene, ViewLayer | Updating Objects Flags
Fra:1 Mem:39.68M (Peak 39.68M) | Time:00:00.54 | Mem:19.75M, Peak:19.92M | Scene, ViewLayer | Updating Primitive Offsets
Fra:1 Mem:39.68M (Peak 39.68M) | Time:00:00.54 | Mem:19.75M, Peak:19.92M | Scene, ViewLayer | Updating Images
Fra:1 Mem:39.68M (Peak 39.68M) | Time:00:00.54 | Mem:19.75M, Peak:19.92M | Scene, ViewLayer | Updating Camera Volume
Fra:1 Mem:39.68M (Peak 39.68M) | Time:00:00.54 | Mem:19.75M, Peak:19.92M | Scene, ViewLayer | Updating Lookup Tables
Fra:1 Mem:39.68M (Peak 39.68M) | Time:00:00.54 | Mem:19.83M, Peak:19.92M | Scene, ViewLayer | Updating Lights
Fra:1 Mem:39.68M (Peak 39.68M) | Time:00:00.54 | Mem:19.83M, Peak:19.92M | Scene, ViewLayer | Updating Lights | Computing tree
Fra:1 Mem:39.68M (Peak 39.68M) | Time:00:00.54 | Mem:19.83M, Peak:19.92M | Scene, ViewLayer | Updating Integrator
Fra:1 Mem:39.68M (Peak 39.68M) | Time:00:00.54 | Mem:19.83M, Peak:19.92M | Scene, ViewLayer | Updating Film
Fra:1 Mem:39.68M (Peak 39.68M) | Time:00:00.54 | Mem:19.75M, Peak:19.92M | Scene, ViewLayer | Updating Lookup Tables
Fra:1 Mem:39.68M (Peak 39.68M) | Time:00:00.54 | Mem:19.83M, Peak:19.92M | Scene, ViewLayer | Updating Baking
Fra:1 Mem:39.68M (Peak 39.68M) | Time:00:00.54 | Mem:19.83M, Peak:19.92M | Scene, ViewLayer | Updating Device | Writing constant memory
Fra:1 Mem:39.69M (Peak 39.69M) | Time:00:00.54 | Mem:19.83M, Peak:19.92M | Scene, ViewLayer | Loading denoising kernels (may take a few minutes the first time)
Fra:1 Mem:39.69M (Peak 39.69M) | Time:00:00.54 | Mem:19.83M, Peak:19.92M | Scene, ViewLayer | Sample 0/24
Fra:1 Mem:89.81M (Peak 89.81M) | Time:00:01.00 | Remaining:00:10.58 | Mem:69.94M, Peak:69.94M | Scene, ViewLayer | Sample 1/24
Fra:1 Mem:110.90M (Peak 142.55M) | Time:00:16.77 | Mem:69.94M, Peak:69.94M | Scene, ViewLayer | Sample 24/24
Fra:1 Mem:110.90M (Peak 142.55M) | Time:00:16.77 | Mem:69.94M, Peak:69.94M | Scene, ViewLayer | Finished
Saved: '/home/lzzz/MyProjects/N-SIDE/output/character-hair-r9/final/head-back.png'
Time: 00:16.83 (Saving: 00:00.05)

Fra:1 Mem:22.84M (Peak 24.23M) | Time:00:00.04 | Mem:0.00M, Peak:0.00M | Scene, ViewLayer | Synchronizing object | TShirt
Fra:1 Mem:23.00M (Peak 24.23M) | Time:00:00.04 | Mem:0.00M, Peak:0.00M | Scene, ViewLayer | Synchronizing object | TShirt_Collar
Fra:1 Mem:23.02M (Peak 24.23M) | Time:00:00.04 | Mem:0.00M, Peak:0.00M | Scene, ViewLayer | Synchronizing object | Hood
Fra:1 Mem:23.08M (Peak 24.23M) | Time:00:00.04 | Mem:0.00M, Peak:0.00M | Scene, ViewLayer | Synchronizing object | Sleeve_Cuff.L
Fra:1 Mem:23.08M (Peak 24.23M) | Time:00:00.04 | Mem:0.00M, Peak:0.00M | Scene, ViewLayer | Synchronizing object | Hood_Cord.L
Fra:1 Mem:23.12M (Peak 24.23M) | Time:00:00.05 | Mem:0.00M, Peak:0.00M | Scene, ViewLayer | Synchronizing object | Palm.L
Fra:1 Mem:23.17M (Peak 24.23M) | Time:00:00.05 | Mem:0.00M, Peak:0.00M | Scene, ViewLayer | Synchronizing object | Index_Mesh.L
Fra:1 Mem:23.20M (Peak 24.23M) | Time:00:00.05 | Mem:0.00M, Peak:0.00M | Scene, ViewLayer | Synchronizing object | Middle_Mesh.L
Fra:1 Mem:23.18M (Peak 24.23M) | Time:00:00.05 | Mem:0.00M, Peak:0.00M | Scene, ViewLayer | Synchronizing object | Ring_Mesh.L
Fra:1 Mem:23.18M (Peak 24.23M) | Time:00:00.05 | Mem:0.00M, Peak:0.00M | Scene, ViewLayer | Synchronizing object | Pinky_Mesh.L
Fra:1 Mem:23.19M (Peak 24.23M) | Time:00:00.05 | Mem:0.00M, Peak:0.00M | Scene, ViewLayer | Synchronizing object | Thumb_Mesh.L
Fra:1 Mem:23.38M (Peak 24.23M) | Time:00:00.09 | Mem:0.00M, Peak:0.00M | Scene, ViewLayer | Synchronizing object | Trousers.L
Fra:1 Mem:23.63M (Peak 24.23M) | Time:00:00.09 | Mem:0.00M, Peak:0.00M | Scene, ViewLayer | Synchronizing object | Sneaker_Sole.L
Fra:1 Mem:23.65M (Peak 24.23M) | Time:00:00.09 | Mem:0.00M, Peak:0.00M | Scene, ViewLayer | Synchronizing object | Sneaker_Upper.L
Fra:1 Mem:23.67M (Peak 24.23M) | Time:00:00.09 | Mem:0.00M, Peak:0.00M | Scene, ViewLayer | Synchronizing object | Sock.L
Fra:1 Mem:23.68M (Peak 24.23M) | Time:00:00.09 | Mem:0.00M, Peak:0.00M | Scene, ViewLayer | Synchronizing object | Lace_0.L
Fra:1 Mem:23.68M (Peak 24.23M) | Time:00:00.09 | Mem:0.00M, Peak:0.00M | Scene, ViewLayer | Synchronizing object | Lace_1.L
Fra:1 Mem:23.68M (Peak 24.23M) | Time:00:00.09 | Mem:0.00M, Peak:0.00M | Scene, ViewLayer | Synchronizing object | Lace_2.L
Fra:1 Mem:23.68M (Peak 24.23M) | Time:00:00.09 | Mem:0.00M, Peak:0.00M | Scene, ViewLayer | Synchronizing object | Lace_3.L
Fra:1 Mem:23.69M (Peak 24.23M) | Time:00:00.09 | Mem:0.00M, Peak:0.00M | Scene, ViewLayer | Synchronizing object | Heel_Tab.L
Fra:1 Mem:23.69M (Peak 24.23M) | Time:00:00.09 | Mem:0.00M, Peak:0.00M | Scene, ViewLayer | Synchronizing object | Sleeve_Cuff.R
Fra:1 Mem:23.70M (Peak 24.23M) | Time:00:00.09 | Mem:0.00M, Peak:0.00M | Scene, ViewLayer | Synchronizing object | Hood_Cord.R
Fra:1 Mem:23.73M (Peak 24.23M) | Time:00:00.10 | Mem:0.00M, Peak:0.00M | Scene, ViewLayer | Synchronizing object | Palm.R
Fra:1 Mem:23.79M (Peak 24.23M) | Time:00:00.10 | Mem:0.00M, Peak:0.00M | Scene, ViewLayer | Synchronizing object | Index_Mesh.R
Fra:1 Mem:23.82M (Peak 24.23M) | Time:00:00.10 | Mem:0.00M, Peak:0.00M | Scene, ViewLayer | Synchronizing object | Middle_Mesh.R
Fra:1 Mem:23.80M (Peak 24.23M) | Time:00:00.10 | Mem:0.00M, Peak:0.00M | Scene, ViewLayer | Synchronizing object | Ring_Mesh.R
Fra:1 Mem:23.80M (Peak 24.23M) | Time:00:00.10 | Mem:0.00M, Peak:0.00M | Scene, ViewLayer | Synchronizing object | Pinky_Mesh.R
Fra:1 Mem:23.80M (Peak 24.23M) | Time:00:00.10 | Mem:0.00M, Peak:0.00M | Scene, ViewLayer | Synchronizing object | Thumb_Mesh.R
Fra:1 Mem:23.99M (Peak 24.23M) | Time:00:00.13 | Mem:0.00M, Peak:0.00M | Scene, ViewLayer | Synchronizing object | Trousers.R
Fra:1 Mem:24.26M (Peak 24.26M) | Time:00:00.13 | Mem:0.00M, Peak:0.00M | Scene, ViewLayer | Synchronizing object | Sneaker_Sole.R
Fra:1 Mem:24.37M (Peak 24.37M) | Time:00:00.13 | Mem:0.00M, Peak:0.00M | Scene, ViewLayer | Synchronizing object | Sneaker_Upper.R
Fra:1 Mem:24.39M (Peak 24.39M) | Time:00:00.13 | Mem:0.00M, Peak:0.00M | Scene, ViewLayer | Synchronizing object | Sock.R
Fra:1 Mem:24.32M (Peak 24.39M) | Time:00:00.13 | Mem:0.00M, Peak:0.00M | Scene, ViewLayer | Synchronizing object | Lace_0.R
Fra:1 Mem:24.32M (Peak 24.39M) | Time:00:00.13 | Mem:0.00M, Peak:0.00M | Scene, ViewLayer | Synchronizing object | Lace_1.R
Fra:1 Mem:24.33M (Peak 24.39M) | Time:00:00.13 | Mem:0.00M, Peak:0.00M | Scene, ViewLayer | Synchronizing object | Lace_2.R
Fra:1 Mem:24.30M (Peak 24.39M) | Time:00:00.13 | Mem:0.00M, Peak:0.00M | Scene, ViewLayer | Synchronizing object | Lace_3.R
Fra:1 Mem:24.30M (Peak 24.39M) | Time:00:00.13 | Mem:0.00M, Peak:0.00M | Scene, ViewLayer | Synchronizing object | Heel_Tab.R
Fra:1 Mem:24.88M (Peak 24.88M) | Time:00:00.17 | Mem:0.00M, Peak:0.00M | Scene, ViewLayer | Synchronizing object | Jacket_ContinuousShoulders
Fra:1 Mem:26.10M (Peak 26.10M) | Time:00:00.53 | Mem:0.00M, Peak:0.00M | Scene, ViewLayer | Synchronizing object | Face_Head
Fra:1 Mem:26.77M (Peak 26.77M) | Time:00:00.54 | Mem:0.00M, Peak:0.00M | Scene, ViewLayer | Synchronizing object | Ear.L
Fra:1 Mem:26.83M (Peak 26.83M) | Time:00:00.54 | Mem:0.00M, Peak:0.00M | Scene, ViewLayer | Synchronizing object | Ear_Fold.L
Fra:1 Mem:26.88M (Peak 26.88M) | Time:00:00.55 | Mem:0.00M, Peak:0.00M | Scene, ViewLayer | Synchronizing object | Ear.R
Fra:1 Mem:26.94M (Peak 26.94M) | Time:00:00.55 | Mem:0.00M, Peak:0.00M | Scene, ViewLayer | Synchronizing object | Ear_Fold.R
Fra:1 Mem:26.94M (Peak 26.94M) | Time:00:00.55 | Mem:0.00M, Peak:0.00M | Scene, ViewLayer | Synchronizing object | Eye_White.L
Fra:1 Mem:26.95M (Peak 26.95M) | Time:00:00.55 | Mem:0.00M, Peak:0.00M | Scene, ViewLayer | Synchronizing object | Iris_hair.L
Fra:1 Mem:26.96M (Peak 26.96M) | Time:00:00.55 | Mem:0.00M, Peak:0.00M | Scene, ViewLayer | Synchronizing object | Iris_ink.L
Fra:1 Mem:26.97M (Peak 26.97M) | Time:00:00.55 | Mem:0.00M, Peak:0.00M | Scene, ViewLayer | Synchronizing object | Eye_Glint.L
Fra:1 Mem:26.97M (Peak 26.97M) | Time:00:00.55 | Mem:0.00M, Peak:0.00M | Scene, ViewLayer | Synchronizing object | Upper_Lid.L
Fra:1 Mem:26.98M (Peak 26.98M) | Time:00:00.55 | Mem:0.00M, Peak:0.00M | Scene, ViewLayer | Synchronizing object | Lower_Lid.L
Fra:1 Mem:26.99M (Peak 26.99M) | Time:00:00.55 | Mem:0.00M, Peak:0.00M | Scene, ViewLayer | Synchronizing object | Eyebrow.L
Fra:1 Mem:26.99M (Peak 26.99M) | Time:00:00.55 | Mem:0.00M, Peak:0.00M | Scene, ViewLayer | Synchronizing object | Eye_White.R
Fra:1 Mem:27.00M (Peak 27.00M) | Time:00:00.55 | Mem:0.00M, Peak:0.00M | Scene, ViewLayer | Synchronizing object | Iris_hair.R
Fra:1 Mem:27.01M (Peak 27.01M) | Time:00:00.55 | Mem:0.00M, Peak:0.00M | Scene, ViewLayer | Synchronizing object | Iris_ink.R
Fra:1 Mem:27.02M (Peak 27.02M) | Time:00:00.55 | Mem:0.00M, Peak:0.00M | Scene, ViewLayer | Synchronizing object | Eye_Glint.R
Fra:1 Mem:27.02M (Peak 27.02M) | Time:00:00.55 | Mem:0.00M, Peak:0.00M | Scene, ViewLayer | Synchronizing object | Upper_Lid.R
Fra:1 Mem:27.04M (Peak 27.04M) | Time:00:00.55 | Mem:0.00M, Peak:0.00M | Scene, ViewLayer | Synchronizing object | Lower_Lid.R
Fra:1 Mem:27.04M (Peak 27.04M) | Time:00:00.55 | Mem:0.00M, Peak:0.00M | Scene, ViewLayer | Synchronizing object | Eyebrow.R
Fra:1 Mem:27.04M (Peak 27.04M) | Time:00:00.55 | Mem:0.00M, Peak:0.00M | Scene, ViewLayer | Synchronizing object | Mouth
Fra:1 Mem:27.06M (Peak 27.06M) | Time:00:00.55 | Mem:0.00M, Peak:0.00M | Scene, ViewLayer | Synchronizing object | Hair_Cap
Fra:1 Mem:28.63M (Peak 28.63M) | Time:00:00.61 | Mem:0.00M, Peak:0.00M | Scene, ViewLayer | Synchronizing object | Hair_CrownBase
Fra:1 Mem:28.72M (Peak 28.72M) | Time:00:00.61 | Mem:0.00M, Peak:0.00M | Scene, ViewLayer | Synchronizing object | Review_Rim
Fra:1 Mem:28.74M (Peak 28.74M) | Time:00:00.61 | Mem:0.00M, Peak:0.00M | Scene, ViewLayer | Synchronizing object | Review_Fill
Fra:1 Mem:28.74M (Peak 28.74M) | Time:00:00.61 | Mem:0.00M, Peak:0.00M | Scene, ViewLayer | Synchronizing object | Review_Key
Fra:1 Mem:28.74M (Peak 28.74M) | Time:00:00.61 | Mem:0.00M, Peak:0.00M | Scene, ViewLayer | Synchronizing object | Review_Ground
Fra:1 Mem:28.72M (Peak 28.74M) | Time:00:00.61 | Mem:0.00M, Peak:0.00M | Scene, ViewLayer | Synchronizing object | Bangs_00
Fra:1 Mem:28.72M (Peak 28.74M) | Time:00:00.61 | Mem:0.00M, Peak:0.00M | Scene, ViewLayer | Synchronizing object | Tee_Bar
Fra:1 Mem:28.74M (Peak 28.74M) | Time:00:00.61 | Mem:0.00M, Peak:0.00M | Scene, ViewLayer | Synchronizing object | Tee_Dot_1.246
Fra:1 Mem:28.75M (Peak 28.75M) | Time:00:00.61 | Mem:0.00M, Peak:0.00M | Scene, ViewLayer | Synchronizing object | Bangs_01
Fra:1 Mem:28.75M (Peak 28.75M) | Time:00:00.61 | Mem:0.00M, Peak:0.00M | Scene, ViewLayer | Synchronizing object | Tee_Dot_1.275
Fra:1 Mem:28.77M (Peak 28.77M) | Time:00:00.61 | Mem:0.00M, Peak:0.00M | Scene, ViewLayer | Synchronizing object | Bangs_02
Fra:1 Mem:28.77M (Peak 28.77M) | Time:00:00.61 | Mem:0.00M, Peak:0.00M | Scene, ViewLayer | Synchronizing object | Crown_0.R
Fra:1 Mem:28.80M (Peak 28.80M) | Time:00:00.61 | Mem:0.00M, Peak:0.00M | Scene, ViewLayer | Synchronizing object | Bangs_03
Fra:1 Mem:28.82M (Peak 28.82M) | Time:00:00.61 | Mem:0.00M, Peak:0.00M | Scene, ViewLayer | Synchronizing object | Crown_0.L
Fra:1 Mem:28.83M (Peak 28.83M) | Time:00:00.61 | Mem:0.00M, Peak:0.00M | Scene, ViewLayer | Synchronizing object | Bangs_04
Fra:1 Mem:28.86M (Peak 28.86M) | Time:00:00.61 | Mem:0.00M, Peak:0.00M | Scene, ViewLayer | Synchronizing object | Bangs_05
Fra:1 Mem:28.88M (Peak 28.88M) | Time:00:00.61 | Mem:0.00M, Peak:0.00M | Scene, ViewLayer | Synchronizing object | Temple_0.L
Fra:1 Mem:28.90M (Peak 28.90M) | Time:00:00.61 | Mem:0.00M, Peak:0.00M | Scene, ViewLayer | Synchronizing object | Temple_1.L
Fra:1 Mem:28.92M (Peak 28.92M) | Time:00:00.61 | Mem:0.00M, Peak:0.00M | Scene, ViewLayer | Synchronizing object | Temple_1.R
Fra:1 Mem:28.93M (Peak 28.93M) | Time:00:00.61 | Mem:0.00M, Peak:0.00M | Scene, ViewLayer | Synchronizing object | Temple_2.L
Fra:1 Mem:28.96M (Peak 28.96M) | Time:00:00.61 | Mem:0.00M, Peak:0.00M | Scene, ViewLayer | Synchronizing object | Temple_0.R
Fra:1 Mem:28.98M (Peak 28.98M) | Time:00:00.61 | Mem:0.00M, Peak:0.00M | Scene, ViewLayer | Initializing
Fra:1 Mem:23.56M (Peak 28.98M) | Time:00:00.61 | Mem:0.00M, Peak:0.00M | Scene, ViewLayer | Updating Images | Loading CHR001_GreyStudy_BaseColor
Fra:1 Mem:35.58M (Peak 39.58M) | Time:00:00.62 | Mem:4.00M, Peak:4.00M | Scene, ViewLayer | Updating Images | Loading CHR001_GreyStudy_Surface
Fra:1 Mem:32.15M (Peak 39.58M) | Time:00:00.64 | Mem:12.00M, Peak:12.00M | Scene, ViewLayer | Waiting for render to start
Fra:1 Mem:32.15M (Peak 39.58M) | Time:00:00.64 | Mem:12.00M, Peak:12.00M | Scene, ViewLayer | Updating Scene
Fra:1 Mem:32.15M (Peak 39.58M) | Time:00:00.64 | Mem:12.00M, Peak:12.00M | Scene, ViewLayer | Updating Shaders
Fra:1 Mem:32.15M (Peak 39.58M) | Time:00:00.64 | Mem:12.00M, Peak:12.00M | Scene, ViewLayer | Loading render kernels (may take a few minutes the first time)
Fra:1 Mem:32.24M (Peak 39.58M) | Time:00:00.64 | Mem:12.00M, Peak:12.00M | Scene, ViewLayer | Updating Procedurals
Fra:1 Mem:32.24M (Peak 39.58M) | Time:00:00.64 | Mem:12.00M, Peak:12.00M | Scene, ViewLayer | Updating Background
Fra:1 Mem:32.24M (Peak 39.58M) | Time:00:00.64 | Mem:12.00M, Peak:12.00M | Scene, ViewLayer | Updating Camera
Fra:1 Mem:32.24M (Peak 39.58M) | Time:00:00.64 | Mem:12.00M, Peak:12.00M | Scene, ViewLayer | Updating Meshes Flags
Fra:1 Mem:32.24M (Peak 39.58M) | Time:00:00.64 | Mem:12.00M, Peak:12.00M | Scene, ViewLayer | Updating Objects
Fra:1 Mem:32.24M (Peak 39.58M) | Time:00:00.64 | Mem:12.00M, Peak:12.00M | Scene, ViewLayer | Updating Objects | Copying Transformations to device
Fra:1 Mem:32.26M (Peak 39.58M) | Time:00:00.64 | Mem:12.02M, Peak:12.02M | Scene, ViewLayer | Updating Particle Systems
Fra:1 Mem:32.26M (Peak 39.58M) | Time:00:00.64 | Mem:12.02M, Peak:12.02M | Scene, ViewLayer | Updating Particle Systems | Copying Particles to device
Fra:1 Mem:32.26M (Peak 39.58M) | Time:00:00.64 | Mem:12.02M, Peak:12.02M | Scene, ViewLayer | Updating Meshes
Fra:1 Mem:34.93M (Peak 39.58M) | Time:00:00.65 | Mem:12.02M, Peak:12.02M | Scene, ViewLayer | Updating Objects | Applying Static Transformations
Fra:1 Mem:34.93M (Peak 39.58M) | Time:00:00.65 | Mem:12.02M, Peak:12.02M | Scene, ViewLayer | Updating Mesh | Computing attributes
Fra:1 Mem:38.44M (Peak 39.58M) | Time:00:00.66 | Mem:12.03M, Peak:12.03M | Scene, ViewLayer | Updating Mesh | Copying Attributes to device
Fra:1 Mem:38.42M (Peak 39.58M) | Time:00:00.66 | Mem:15.51M, Peak:15.51M | Scene, ViewLayer | Updating Scene BVH | Building
Fra:1 Mem:38.42M (Peak 39.58M) | Time:00:00.66 | Mem:15.51M, Peak:15.51M | Scene, ViewLayer | Updating Scene BVH | Building BVH
Fra:1 Mem:38.42M (Peak 39.58M) | Time:00:00.66 | Mem:16.94M, Peak:16.94M | Scene, ViewLayer | Updating Scene BVH | Building BVH 0%
Fra:1 Mem:38.42M (Peak 39.58M) | Time:00:00.66 | Mem:18.49M, Peak:19.92M | Scene, ViewLayer | Updating Scene BVH | Copying BVH to device
Fra:1 Mem:38.42M (Peak 39.58M) | Time:00:00.66 | Mem:18.49M, Peak:19.92M | Scene, ViewLayer | Updating Mesh | Computing normals
Fra:1 Mem:39.68M (Peak 39.68M) | Time:00:00.66 | Mem:18.49M, Peak:19.92M | Scene, ViewLayer | Updating Mesh | Copying Mesh to device
Fra:1 Mem:39.68M (Peak 39.68M) | Time:00:00.66 | Mem:19.75M, Peak:19.92M | Scene, ViewLayer | Updating Objects Flags
Fra:1 Mem:39.68M (Peak 39.68M) | Time:00:00.66 | Mem:19.75M, Peak:19.92M | Scene, ViewLayer | Updating Primitive Offsets
Fra:1 Mem:39.68M (Peak 39.68M) | Time:00:00.66 | Mem:19.75M, Peak:19.92M | Scene, ViewLayer | Updating Images
Fra:1 Mem:39.68M (Peak 39.68M) | Time:00:00.66 | Mem:19.75M, Peak:19.92M | Scene, ViewLayer | Updating Camera Volume
Fra:1 Mem:39.68M (Peak 39.68M) | Time:00:00.66 | Mem:19.75M, Peak:19.92M | Scene, ViewLayer | Updating Lookup Tables
Fra:1 Mem:39.68M (Peak 39.68M) | Time:00:00.66 | Mem:19.83M, Peak:19.92M | Scene, ViewLayer | Updating Lights
Fra:1 Mem:39.68M (Peak 39.68M) | Time:00:00.66 | Mem:19.83M, Peak:19.92M | Scene, ViewLayer | Updating Lights | Computing tree
Fra:1 Mem:39.68M (Peak 39.68M) | Time:00:00.66 | Mem:19.83M, Peak:19.92M | Scene, ViewLayer | Updating Integrator
Fra:1 Mem:39.68M (Peak 39.68M) | Time:00:00.66 | Mem:19.83M, Peak:19.92M | Scene, ViewLayer | Updating Film
Fra:1 Mem:39.68M (Peak 39.68M) | Time:00:00.66 | Mem:19.75M, Peak:19.92M | Scene, ViewLayer | Updating Lookup Tables
Fra:1 Mem:39.68M (Peak 39.68M) | Time:00:00.66 | Mem:19.83M, Peak:19.92M | Scene, ViewLayer | Updating Baking
Fra:1 Mem:39.68M (Peak 39.68M) | Time:00:00.66 | Mem:19.83M, Peak:19.92M | Scene, ViewLayer | Updating Device | Writing constant memory
Fra:1 Mem:39.69M (Peak 39.69M) | Time:00:00.66 | Mem:19.83M, Peak:19.92M | Scene, ViewLayer | Loading denoising kernels (may take a few minutes the first time)
Fra:1 Mem:39.69M (Peak 39.69M) | Time:00:00.66 | Mem:19.83M, Peak:19.92M | Scene, ViewLayer | Sample 0/24
Fra:1 Mem:89.81M (Peak 89.81M) | Time:00:01.22 | Remaining:00:12.82 | Mem:69.94M, Peak:69.94M | Scene, ViewLayer | Sample 1/24
Fra:1 Mem:110.90M (Peak 142.55M) | Time:00:16.90 | Mem:69.94M, Peak:69.94M | Scene, ViewLayer | Sample 24/24
Fra:1 Mem:110.90M (Peak 142.55M) | Time:00:16.90 | Mem:69.94M, Peak:69.94M | Scene, ViewLayer | Finished
Saved: '/home/lzzz/MyProjects/N-SIDE/output/character-hair-r9/final/hair-quarter.png'
Time: 00:16.96 (Saving: 00:00.05)

Fra:1 Mem:22.84M (Peak 24.23M) | Time:00:00.03 | Mem:0.00M, Peak:0.00M | Scene, ViewLayer | Synchronizing object | TShirt
Fra:1 Mem:23.00M (Peak 24.23M) | Time:00:00.03 | Mem:0.00M, Peak:0.00M | Scene, ViewLayer | Synchronizing object | TShirt_Collar
Fra:1 Mem:23.02M (Peak 24.23M) | Time:00:00.03 | Mem:0.00M, Peak:0.00M | Scene, ViewLayer | Synchronizing object | Hood
Fra:1 Mem:23.08M (Peak 24.23M) | Time:00:00.03 | Mem:0.00M, Peak:0.00M | Scene, ViewLayer | Synchronizing object | Sleeve_Cuff.L
Fra:1 Mem:23.08M (Peak 24.23M) | Time:00:00.03 | Mem:0.00M, Peak:0.00M | Scene, ViewLayer | Synchronizing object | Hood_Cord.L
Fra:1 Mem:23.12M (Peak 24.23M) | Time:00:00.04 | Mem:0.00M, Peak:0.00M | Scene, ViewLayer | Synchronizing object | Palm.L
Fra:1 Mem:23.17M (Peak 24.23M) | Time:00:00.04 | Mem:0.00M, Peak:0.00M | Scene, ViewLayer | Synchronizing object | Index_Mesh.L
Fra:1 Mem:23.18M (Peak 24.23M) | Time:00:00.04 | Mem:0.00M, Peak:0.00M | Scene, ViewLayer | Synchronizing object | Middle_Mesh.L
Fra:1 Mem:23.19M (Peak 24.23M) | Time:00:00.04 | Mem:0.00M, Peak:0.00M | Scene, ViewLayer | Synchronizing object | Ring_Mesh.L
Fra:1 Mem:23.18M (Peak 24.23M) | Time:00:00.04 | Mem:0.00M, Peak:0.00M | Scene, ViewLayer | Synchronizing object | Pinky_Mesh.L
Fra:1 Mem:23.19M (Peak 24.23M) | Time:00:00.04 | Mem:0.00M, Peak:0.00M | Scene, ViewLayer | Synchronizing object | Thumb_Mesh.L
Fra:1 Mem:23.38M (Peak 24.23M) | Time:00:00.07 | Mem:0.00M, Peak:0.00M | Scene, ViewLayer | Synchronizing object | Trousers.L
Fra:1 Mem:23.63M (Peak 24.23M) | Time:00:00.07 | Mem:0.00M, Peak:0.00M | Scene, ViewLayer | Synchronizing object | Sneaker_Sole.L
Fra:1 Mem:23.65M (Peak 24.23M) | Time:00:00.07 | Mem:0.00M, Peak:0.00M | Scene, ViewLayer | Synchronizing object | Sneaker_Upper.L
Fra:1 Mem:23.67M (Peak 24.23M) | Time:00:00.07 | Mem:0.00M, Peak:0.00M | Scene, ViewLayer | Synchronizing object | Sock.L
Fra:1 Mem:23.68M (Peak 24.23M) | Time:00:00.07 | Mem:0.00M, Peak:0.00M | Scene, ViewLayer | Synchronizing object | Lace_0.L
Fra:1 Mem:23.68M (Peak 24.23M) | Time:00:00.07 | Mem:0.00M, Peak:0.00M | Scene, ViewLayer | Synchronizing object | Lace_1.L
Fra:1 Mem:23.68M (Peak 24.23M) | Time:00:00.07 | Mem:0.00M, Peak:0.00M | Scene, ViewLayer | Synchronizing object | Lace_2.L
Fra:1 Mem:23.68M (Peak 24.23M) | Time:00:00.07 | Mem:0.00M, Peak:0.00M | Scene, ViewLayer | Synchronizing object | Lace_3.L
Fra:1 Mem:23.69M (Peak 24.23M) | Time:00:00.07 | Mem:0.00M, Peak:0.00M | Scene, ViewLayer | Synchronizing object | Heel_Tab.L
Fra:1 Mem:23.69M (Peak 24.23M) | Time:00:00.07 | Mem:0.00M, Peak:0.00M | Scene, ViewLayer | Synchronizing object | Sleeve_Cuff.R
Fra:1 Mem:23.70M (Peak 24.23M) | Time:00:00.07 | Mem:0.00M, Peak:0.00M | Scene, ViewLayer | Synchronizing object | Hood_Cord.R
Fra:1 Mem:23.73M (Peak 24.23M) | Time:00:00.08 | Mem:0.00M, Peak:0.00M | Scene, ViewLayer | Synchronizing object | Palm.R
Fra:1 Mem:23.78M (Peak 24.23M) | Time:00:00.08 | Mem:0.00M, Peak:0.00M | Scene, ViewLayer | Synchronizing object | Index_Mesh.R
Fra:1 Mem:23.80M (Peak 24.23M) | Time:00:00.08 | Mem:0.00M, Peak:0.00M | Scene, ViewLayer | Synchronizing object | Middle_Mesh.R
Fra:1 Mem:23.80M (Peak 24.23M) | Time:00:00.08 | Mem:0.00M, Peak:0.00M | Scene, ViewLayer | Synchronizing object | Ring_Mesh.R
Fra:1 Mem:23.80M (Peak 24.23M) | Time:00:00.08 | Mem:0.00M, Peak:0.00M | Scene, ViewLayer | Synchronizing object | Pinky_Mesh.R
Fra:1 Mem:23.81M (Peak 24.23M) | Time:00:00.08 | Mem:0.00M, Peak:0.00M | Scene, ViewLayer | Synchronizing object | Thumb_Mesh.R
Fra:1 Mem:23.99M (Peak 24.23M) | Time:00:00.10 | Mem:0.00M, Peak:0.00M | Scene, ViewLayer | Synchronizing object | Trousers.R
Fra:1 Mem:24.28M (Peak 24.28M) | Time:00:00.10 | Mem:0.00M, Peak:0.00M | Scene, ViewLayer | Synchronizing object | Sneaker_Sole.R
Fra:1 Mem:24.26M (Peak 24.28M) | Time:00:00.10 | Mem:0.00M, Peak:0.00M | Scene, ViewLayer | Synchronizing object | Sneaker_Upper.R
Fra:1 Mem:24.28M (Peak 24.28M) | Time:00:00.10 | Mem:0.00M, Peak:0.00M | Scene, ViewLayer | Synchronizing object | Sock.R
Fra:1 Mem:24.29M (Peak 24.29M) | Time:00:00.10 | Mem:0.00M, Peak:0.00M | Scene, ViewLayer | Synchronizing object | Lace_0.R
Fra:1 Mem:24.29M (Peak 24.29M) | Time:00:00.10 | Mem:0.00M, Peak:0.00M | Scene, ViewLayer | Synchronizing object | Lace_1.R
Fra:1 Mem:24.29M (Peak 24.29M) | Time:00:00.10 | Mem:0.00M, Peak:0.00M | Scene, ViewLayer | Synchronizing object | Lace_2.R
Fra:1 Mem:24.30M (Peak 24.30M) | Time:00:00.10 | Mem:0.00M, Peak:0.00M | Scene, ViewLayer | Synchronizing object | Lace_3.R
Fra:1 Mem:24.30M (Peak 24.30M) | Time:00:00.10 | Mem:0.00M, Peak:0.00M | Scene, ViewLayer | Synchronizing object | Heel_Tab.R
Fra:1 Mem:24.88M (Peak 24.88M) | Time:00:00.13 | Mem:0.00M, Peak:0.00M | Scene, ViewLayer | Synchronizing object | Jacket_ContinuousShoulders
Fra:1 Mem:26.10M (Peak 26.10M) | Time:00:00.42 | Mem:0.00M, Peak:0.00M | Scene, ViewLayer | Synchronizing object | Face_Head
Fra:1 Mem:26.77M (Peak 26.77M) | Time:00:00.43 | Mem:0.00M, Peak:0.00M | Scene, ViewLayer | Synchronizing object | Ear.L
Fra:1 Mem:26.83M (Peak 26.83M) | Time:00:00.43 | Mem:0.00M, Peak:0.00M | Scene, ViewLayer | Synchronizing object | Ear_Fold.L
Fra:1 Mem:26.88M (Peak 26.88M) | Time:00:00.44 | Mem:0.00M, Peak:0.00M | Scene, ViewLayer | Synchronizing object | Ear.R
Fra:1 Mem:26.94M (Peak 26.94M) | Time:00:00.44 | Mem:0.00M, Peak:0.00M | Scene, ViewLayer | Synchronizing object | Ear_Fold.R
Fra:1 Mem:26.94M (Peak 26.94M) | Time:00:00.44 | Mem:0.00M, Peak:0.00M | Scene, ViewLayer | Synchronizing object | Eye_White.L
Fra:1 Mem:26.95M (Peak 26.95M) | Time:00:00.44 | Mem:0.00M, Peak:0.00M | Scene, ViewLayer | Synchronizing object | Iris_hair.L
Fra:1 Mem:26.96M (Peak 26.96M) | Time:00:00.44 | Mem:0.00M, Peak:0.00M | Scene, ViewLayer | Synchronizing object | Iris_ink.L
Fra:1 Mem:26.97M (Peak 26.97M) | Time:00:00.44 | Mem:0.00M, Peak:0.00M | Scene, ViewLayer | Synchronizing object | Eye_Glint.L
Fra:1 Mem:26.97M (Peak 26.97M) | Time:00:00.44 | Mem:0.00M, Peak:0.00M | Scene, ViewLayer | Synchronizing object | Upper_Lid.L
Fra:1 Mem:26.98M (Peak 26.98M) | Time:00:00.44 | Mem:0.00M, Peak:0.00M | Scene, ViewLayer | Synchronizing object | Lower_Lid.L
Fra:1 Mem:26.99M (Peak 26.99M) | Time:00:00.44 | Mem:0.00M, Peak:0.00M | Scene, ViewLayer | Synchronizing object | Eyebrow.L
Fra:1 Mem:26.99M (Peak 26.99M) | Time:00:00.44 | Mem:0.00M, Peak:0.00M | Scene, ViewLayer | Synchronizing object | Eye_White.R
Fra:1 Mem:27.00M (Peak 27.00M) | Time:00:00.44 | Mem:0.00M, Peak:0.00M | Scene, ViewLayer | Synchronizing object | Iris_hair.R
Fra:1 Mem:27.01M (Peak 27.01M) | Time:00:00.44 | Mem:0.00M, Peak:0.00M | Scene, ViewLayer | Synchronizing object | Iris_ink.R
Fra:1 Mem:27.02M (Peak 27.02M) | Time:00:00.44 | Mem:0.00M, Peak:0.00M | Scene, ViewLayer | Synchronizing object | Eye_Glint.R
Fra:1 Mem:27.02M (Peak 27.02M) | Time:00:00.44 | Mem:0.00M, Peak:0.00M | Scene, ViewLayer | Synchronizing object | Upper_Lid.R
Fra:1 Mem:27.04M (Peak 27.04M) | Time:00:00.44 | Mem:0.00M, Peak:0.00M | Scene, ViewLayer | Synchronizing object | Lower_Lid.R
Fra:1 Mem:27.04M (Peak 27.04M) | Time:00:00.44 | Mem:0.00M, Peak:0.00M | Scene, ViewLayer | Synchronizing object | Eyebrow.R
Fra:1 Mem:27.04M (Peak 27.04M) | Time:00:00.44 | Mem:0.00M, Peak:0.00M | Scene, ViewLayer | Synchronizing object | Mouth
Fra:1 Mem:27.06M (Peak 27.06M) | Time:00:00.44 | Mem:0.00M, Peak:0.00M | Scene, ViewLayer | Synchronizing object | Hair_Cap
Fra:1 Mem:28.63M (Peak 28.63M) | Time:00:00.49 | Mem:0.00M, Peak:0.00M | Scene, ViewLayer | Synchronizing object | Hair_CrownBase
Fra:1 Mem:28.70M (Peak 28.70M) | Time:00:00.49 | Mem:0.00M, Peak:0.00M | Scene, ViewLayer | Synchronizing object | Review_Rim
Fra:1 Mem:28.72M (Peak 28.72M) | Time:00:00.49 | Mem:0.00M, Peak:0.00M | Scene, ViewLayer | Synchronizing object | Review_Fill
Fra:1 Mem:28.72M (Peak 28.72M) | Time:00:00.49 | Mem:0.00M, Peak:0.00M | Scene, ViewLayer | Synchronizing object | Review_Key
Fra:1 Mem:28.72M (Peak 28.72M) | Time:00:00.49 | Mem:0.00M, Peak:0.00M | Scene, ViewLayer | Synchronizing object | Review_Ground
Fra:1 Mem:28.72M (Peak 28.72M) | Time:00:00.49 | Mem:0.00M, Peak:0.00M | Scene, ViewLayer | Synchronizing object | Bangs_00
Fra:1 Mem:28.74M (Peak 28.74M) | Time:00:00.49 | Mem:0.00M, Peak:0.00M | Scene, ViewLayer | Synchronizing object | Tee_Bar
Fra:1 Mem:28.74M (Peak 28.74M) | Time:00:00.49 | Mem:0.00M, Peak:0.00M | Scene, ViewLayer | Synchronizing object | Bangs_01
Fra:1 Mem:28.76M (Peak 28.76M) | Time:00:00.49 | Mem:0.00M, Peak:0.00M | Scene, ViewLayer | Synchronizing object | Tee_Dot_1.246
Fra:1 Mem:28.77M (Peak 28.77M) | Time:00:00.49 | Mem:0.00M, Peak:0.00M | Scene, ViewLayer | Synchronizing object | Bangs_02
Fra:1 Mem:28.77M (Peak 28.77M) | Time:00:00.49 | Mem:0.00M, Peak:0.00M | Scene, ViewLayer | Synchronizing object | Tee_Dot_1.275
Fra:1 Mem:28.79M (Peak 28.79M) | Time:00:00.49 | Mem:0.00M, Peak:0.00M | Scene, ViewLayer | Synchronizing object | Bangs_03
Fra:1 Mem:28.79M (Peak 28.79M) | Time:00:00.49 | Mem:0.00M, Peak:0.00M | Scene, ViewLayer | Synchronizing object | Crown_0.R
Fra:1 Mem:28.82M (Peak 28.82M) | Time:00:00.49 | Mem:0.00M, Peak:0.00M | Scene, ViewLayer | Synchronizing object | Bangs_04
Fra:1 Mem:28.83M (Peak 28.83M) | Time:00:00.49 | Mem:0.00M, Peak:0.00M | Scene, ViewLayer | Synchronizing object | Crown_0.L
Fra:1 Mem:28.85M (Peak 28.85M) | Time:00:00.49 | Mem:0.00M, Peak:0.00M | Scene, ViewLayer | Synchronizing object | Bangs_05
Fra:1 Mem:28.87M (Peak 28.87M) | Time:00:00.49 | Mem:0.00M, Peak:0.00M | Scene, ViewLayer | Synchronizing object | Temple_2.R
Fra:1 Mem:28.89M (Peak 28.89M) | Time:00:00.49 | Mem:0.00M, Peak:0.00M | Scene, ViewLayer | Synchronizing object | Temple_0.L
Fra:1 Mem:28.90M (Peak 28.90M) | Time:00:00.49 | Mem:0.00M, Peak:0.00M | Scene, ViewLayer | Synchronizing object | Temple_1.R
Fra:1 Mem:28.92M (Peak 28.92M) | Time:00:00.49 | Mem:0.00M, Peak:0.00M | Scene, ViewLayer | Synchronizing object | Temple_1.L
Fra:1 Mem:28.94M (Peak 28.94M) | Time:00:00.49 | Mem:0.00M, Peak:0.00M | Scene, ViewLayer | Synchronizing object | Temple_0.R
Fra:1 Mem:28.96M (Peak 28.96M) | Time:00:00.49 | Mem:0.00M, Peak:0.00M | Scene, ViewLayer | Synchronizing object | Temple_2.L
Fra:1 Mem:28.98M (Peak 28.98M) | Time:00:00.49 | Mem:0.00M, Peak:0.00M | Scene, ViewLayer | Initializing
Fra:1 Mem:23.56M (Peak 28.98M) | Time:00:00.49 | Mem:0.00M, Peak:0.00M | Scene, ViewLayer | Updating Images | Loading CHR001_GreyStudy_BaseColor
Fra:1 Mem:35.58M (Peak 39.58M) | Time:00:00.50 | Mem:4.00M, Peak:4.00M | Scene, ViewLayer | Updating Images | Loading CHR001_GreyStudy_Surface
Fra:1 Mem:32.15M (Peak 39.58M) | Time:00:00.50 | Mem:12.00M, Peak:12.00M | Scene, ViewLayer | Waiting for render to start
Fra:1 Mem:32.15M (Peak 39.58M) | Time:00:00.50 | Mem:12.00M, Peak:12.00M | Scene, ViewLayer | Updating Scene
Fra:1 Mem:32.15M (Peak 39.58M) | Time:00:00.50 | Mem:12.00M, Peak:12.00M | Scene, ViewLayer | Updating Shaders
Fra:1 Mem:32.15M (Peak 39.58M) | Time:00:00.50 | Mem:12.00M, Peak:12.00M | Scene, ViewLayer | Loading render kernels (may take a few minutes the first time)
Fra:1 Mem:32.24M (Peak 39.58M) | Time:00:00.50 | Mem:12.00M, Peak:12.00M | Scene, ViewLayer | Updating Procedurals
Fra:1 Mem:32.24M (Peak 39.58M) | Time:00:00.50 | Mem:12.00M, Peak:12.00M | Scene, ViewLayer | Updating Background
Fra:1 Mem:32.24M (Peak 39.58M) | Time:00:00.50 | Mem:12.00M, Peak:12.00M | Scene, ViewLayer | Updating Camera
Fra:1 Mem:32.24M (Peak 39.58M) | Time:00:00.50 | Mem:12.00M, Peak:12.00M | Scene, ViewLayer | Updating Meshes Flags
Fra:1 Mem:32.24M (Peak 39.58M) | Time:00:00.50 | Mem:12.00M, Peak:12.00M | Scene, ViewLayer | Updating Objects
Fra:1 Mem:32.24M (Peak 39.58M) | Time:00:00.50 | Mem:12.00M, Peak:12.00M | Scene, ViewLayer | Updating Objects | Copying Transformations to device
Fra:1 Mem:32.26M (Peak 39.58M) | Time:00:00.50 | Mem:12.02M, Peak:12.02M | Scene, ViewLayer | Updating Particle Systems
Fra:1 Mem:32.26M (Peak 39.58M) | Time:00:00.50 | Mem:12.02M, Peak:12.02M | Scene, ViewLayer | Updating Particle Systems | Copying Particles to device
Fra:1 Mem:32.26M (Peak 39.58M) | Time:00:00.50 | Mem:12.02M, Peak:12.02M | Scene, ViewLayer | Updating Meshes
Fra:1 Mem:34.93M (Peak 39.58M) | Time:00:00.52 | Mem:12.02M, Peak:12.02M | Scene, ViewLayer | Updating Objects | Applying Static Transformations
Fra:1 Mem:34.93M (Peak 39.58M) | Time:00:00.52 | Mem:12.02M, Peak:12.02M | Scene, ViewLayer | Updating Mesh | Computing attributes
Fra:1 Mem:38.44M (Peak 39.58M) | Time:00:00.52 | Mem:12.03M, Peak:12.03M | Scene, ViewLayer | Updating Mesh | Copying Attributes to device
Fra:1 Mem:38.42M (Peak 39.58M) | Time:00:00.52 | Mem:15.51M, Peak:15.51M | Scene, ViewLayer | Updating Scene BVH | Building
Fra:1 Mem:38.42M (Peak 39.58M) | Time:00:00.52 | Mem:15.51M, Peak:15.51M | Scene, ViewLayer | Updating Scene BVH | Building BVH
Fra:1 Mem:38.42M (Peak 39.58M) | Time:00:00.52 | Mem:16.94M, Peak:16.94M | Scene, ViewLayer | Updating Scene BVH | Building BVH 0%
Fra:1 Mem:38.42M (Peak 39.58M) | Time:00:00.53 | Mem:18.49M, Peak:19.92M | Scene, ViewLayer | Updating Scene BVH | Copying BVH to device
Fra:1 Mem:38.42M (Peak 39.58M) | Time:00:00.53 | Mem:18.49M, Peak:19.92M | Scene, ViewLayer | Updating Mesh | Computing normals
Fra:1 Mem:39.68M (Peak 39.68M) | Time:00:00.53 | Mem:18.49M, Peak:19.92M | Scene, ViewLayer | Updating Mesh | Copying Mesh to device
Fra:1 Mem:39.68M (Peak 39.68M) | Time:00:00.53 | Mem:19.75M, Peak:19.92M | Scene, ViewLayer | Updating Objects Flags
Fra:1 Mem:39.68M (Peak 39.68M) | Time:00:00.53 | Mem:19.75M, Peak:19.92M | Scene, ViewLayer | Updating Primitive Offsets
Fra:1 Mem:39.68M (Peak 39.68M) | Time:00:00.53 | Mem:19.75M, Peak:19.92M | Scene, ViewLayer | Updating Images
Fra:1 Mem:39.68M (Peak 39.68M) | Time:00:00.53 | Mem:19.75M, Peak:19.92M | Scene, ViewLayer | Updating Camera Volume
Fra:1 Mem:39.68M (Peak 39.68M) | Time:00:00.53 | Mem:19.75M, Peak:19.92M | Scene, ViewLayer | Updating Lookup Tables
Fra:1 Mem:39.68M (Peak 39.68M) | Time:00:00.53 | Mem:19.83M, Peak:19.92M | Scene, ViewLayer | Updating Lights
Fra:1 Mem:39.68M (Peak 39.68M) | Time:00:00.53 | Mem:19.83M, Peak:19.92M | Scene, ViewLayer | Updating Lights | Computing tree
Fra:1 Mem:39.68M (Peak 39.68M) | Time:00:00.53 | Mem:19.83M, Peak:19.92M | Scene, ViewLayer | Updating Integrator
Fra:1 Mem:39.68M (Peak 39.68M) | Time:00:00.53 | Mem:19.83M, Peak:19.92M | Scene, ViewLayer | Updating Film
Fra:1 Mem:39.68M (Peak 39.68M) | Time:00:00.53 | Mem:19.75M, Peak:19.92M | Scene, ViewLayer | Updating Lookup Tables
Fra:1 Mem:39.68M (Peak 39.68M) | Time:00:00.53 | Mem:19.83M, Peak:19.92M | Scene, ViewLayer | Updating Baking
Fra:1 Mem:39.68M (Peak 39.68M) | Time:00:00.53 | Mem:19.83M, Peak:19.92M | Scene, ViewLayer | Updating Device | Writing constant memory
Fra:1 Mem:39.69M (Peak 39.69M) | Time:00:00.53 | Mem:19.83M, Peak:19.92M | Scene, ViewLayer | Loading denoising kernels (may take a few minutes the first time)
Fra:1 Mem:39.69M (Peak 39.69M) | Time:00:00.53 | Mem:19.83M, Peak:19.92M | Scene, ViewLayer | Sample 0/24
Fra:1 Mem:89.81M (Peak 89.81M) | Time:00:01.35 | Remaining:00:18.83 | Mem:69.94M, Peak:69.94M | Scene, ViewLayer | Sample 1/24
Fra:1 Mem:110.90M (Peak 142.55M) | Time:00:24.47 | Mem:69.94M, Peak:69.94M | Scene, ViewLayer | Sample 24/24
Fra:1 Mem:110.90M (Peak 142.55M) | Time:00:24.47 | Mem:69.94M, Peak:69.94M | Scene, ViewLayer | Finished
Saved: '/home/lzzz/MyProjects/N-SIDE/output/character-hair-r9/final/hair-top.png'
Time: 00:24.52 (Saving: 00:00.04)


Blender quit
