   Compiling n-side v0.1.0 (/home/lzzz/MyProjects/N-SIDE/game)
    Finished `test` profile [optimized + debuginfo] target(s) in 28.06s
     Running unittests src/lib.rs (game/target/debug/deps/n_side-5e961ca7daca702b)

running 3 tests

thread 'app::tests::gamepad_disconnect_during_loading_waits_for_explicit_resume_without_menu_navigation' (436) panicked at src/app.rs:1346:13:
Plugins cannot be added after App::cleanup() or App::finish() has been called.
note: run with `RUST_BACKTRACE=1` environment variable to display a backtrace

thread 'app::tests::gamepad_disconnect_freezes_falling_world_and_allows_keyboard_takeover' (437) panicked at src/app.rs:1346:13:
Plugins cannot be added after App::cleanup() or App::finish() has been called.

thread 'app::tests::gamepad_disconnect_reconnect_same_frame_rejects_held_confirm_and_start' (438) panicked at src/app.rs:1346:13:
Plugins cannot be added after App::cleanup() or App::finish() has been called.
test app::tests::gamepad_disconnect_freezes_falling_world_and_allows_keyboard_takeover ... FAILED
test app::tests::gamepad_disconnect_during_loading_waits_for_explicit_resume_without_menu_navigation ... FAILED
test app::tests::gamepad_disconnect_reconnect_same_frame_rejects_held_confirm_and_start ... FAILED

failures:

failures:
    app::tests::gamepad_disconnect_during_loading_waits_for_explicit_resume_without_menu_navigation
    app::tests::gamepad_disconnect_freezes_falling_world_and_allows_keyboard_takeover
    app::tests::gamepad_disconnect_reconnect_same_frame_rejects_held_confirm_and_start

test result: FAILED. 0 passed; 3 failed; 0 ignored; 0 measured; 53 filtered out; finished in 0.01s

error: test failed, to rerun pass `--lib`
