$ bun run check:map && bun run docs:build:player && bun run docs:build:dev
$ bun test tools/tests/district-map.test.ts tools/tests/road-width.test.ts tools/tests/station-square.test.ts tools/tests/terrain-shape.test.ts
bun test v1.4.2 (744846f84)

tools/tests/district-map.test.ts:
(pass) map places and roads have valid shared references [2.75ms]
(pass) terrain colors follow ground elevation [0.15ms]
(pass) map overview fits extended terrain on wide and narrow screens [175.69ms]
(pass) mountain cross section uses sampled ground up to the stargazing summit [42.45ms]
(pass) mountain city keeps metre scale and usable graded route alternatives [5.55ms]
(pass) overview terrain retains source controls and excludes elevated connections [3696.83ms]
(pass) authored exterior sightlines clear intervening building volumes [2.08ms]
(pass) shopping stays local and public hillside routes remain connected [1.51ms]
(pass) orthographic projection preserves parallel edges and separates elevation from depth [0.25ms]
(pass) scene keeps platforms below volumes and geometry is finite [123.65ms]
(pass) expanded plan counts destinations separately and keeps parcel attachments valid [6.68ms]
(pass) sections follow connected routes and distinguish a lift from a slope [14.44ms]
(pass) geometry handles concave boundaries, shared walls, road width and local elevation [1.03ms]
(pass) tree positions stay outside building footprints [6.41ms]
(pass) all streets clear building volumes at their actual widths and elevations [358.95ms]
(pass) district ground-road crossings share a junction and its elevation [318.17ms]
(pass) city framework records every building and reaches its same-level facade entrances [14.20ms]
(pass) city stairs retain short flights, level rests and full-size treads [1.19ms]
(pass) ordinary streets keep their design grade and deliveries avoid stair-only approaches [2.81ms]
(pass) public streets stay outside same-level resident and service courts [5.45ms]
(pass) building volumes share boundaries without occupying the same space [27.41ms]
(pass) detailed places connect street access to separate public and service entrances [15.04ms]
(pass) cinema roof and exterior platform have distinct footprints and supported paths [1.59ms]
(pass) lifestyle routes visit actual arrival endpoints in the stated order [4.63ms]
(pass) housing estimates use residential floor area rather than the volume count [0.26ms]
(pass) architectural segments reference complete buildings and derive type counts from the same data [1.01ms]
(pass) representative buildings have consistent floors, room areas and facade entrances [60.35ms]
(pass) public, residents, students and service users have separate access rights [12.29ms]
(pass) shop supply starts on the city road and changes to a level trolley route at unloading [0.50ms]
(pass) interest equipment deliveries reach a level backstage route from a gentle city-road approach [0.84ms]
(pass) drawn room openings join actual walls and each occupied room has an access [0.75ms]
(pass) station mixed-use and interest samples connect customer and backstage rooms through their own entrances [0.46ms]
(pass) shared stairs and separate apartments connect through shared circulation [1.08ms]

tools/tests/terrain-shape.test.ts:
(pass) terrain bake preserves authored geometry and repeats without drift [3129.17ms]
(pass) terrain noise protects complete road segments and footprints [3309.75ms]
(pass) terrain bake rejects invalid metadata and unsupported source formatting [49.48ms]
(pass) third short-ascent terrace clears terrain toward city landmarks [345.90ms]

tools/tests/road-width.test.ts:
(pass) shared endpoints do not hide width conflicts and truly level junctions pass [1.36ms]
(pass) a selected route is checked against other roads without absorbing unrelated conflicts [0.63ms]
(pass) upper-street and foothill junctions join at road width with usable stair treads [1109.56ms]
(pass) campus stairs and market entrances meet the full road width at their own levels [433.09ms]
(pass) music street junctions clear their neighbors and equipment reaches the level unloading route [406.76ms]
(pass) upper homes stairs and greenhouse approaches retain level junctions and usable flights [426.80ms]
(pass) station and music approaches plus the long ascent join at width without sharpening slopes or steps [1090.12ms]
(pass) foothill housing and west plateau approaches clear streets, stairs and resident side paths [1705.43ms]
(pass) east terraces clear neighboring road ribbons and retain usable exterior approaches [472.10ms]
(pass) west old housing clear neighboring road ribbons and retain usable exterior approaches [430.29ms]
(pass) food street bypasses shop footprints and waterfront stairs descend beside the waiting court [436.93ms]
(pass) all ground-road junctions clear neighboring ribbons while retaining usable exterior approaches [517.71ms]
(pass) platform checks keep concave cutouts and actual stair treads while excluding explicitly elevated surfaces [0.61ms]
(pass) ground platforms meet adjacent road ribbons and stair treads at their own level [41.50ms]

tools/tests/station-square.test.ts:
(pass) station meeting court retains usable space with a level public arrival clear of sloping roads [405.87ms]

 52 pass
 0 fail
Ran 52 tests across 4 files. [19.40s]
$ bun tools/wiki.ts build player

  vitepress v1.6.4

- building client + server bundles...
[32m✓[0m building client + server bundles...
- rendering pages...
[32m✓[0m rendering pages...
build complete in 2.85s.
{"profile":"player","pages":95,"files":547,"result":"PASS"}
$ bun tools/wiki.ts build dev

  vitepress v1.6.4

- building client + server bundles...

(!) Some chunks are larger than 500 kB after minification. Consider:
- Using dynamic import() to code-split the application
- Use build.rollupOptions.output.manualChunks to improve chunking: https://rollupjs.org/configuration-options/#output-manualchunks
- Adjust chunk size limit for this warning via build.chunkSizeWarningLimit.
[32m✓[0m building client + server bundles...
- rendering pages...
[32m✓[0m rendering pages...
build complete in 5.29s.
{"profile":"dev","pages":158,"files":791,"result":"PASS"}
