$ bun run check:map && bun run docs:build:player && bun run docs:build:dev
$ bun test tools/tests/district-map.test.ts tools/tests/road-width.test.ts tools/tests/station-square.test.ts tools/tests/terrain-shape.test.ts
bun test v1.4.2 (744846f84)

tools/tests/district-map.test.ts:
(pass) map places and roads have valid shared references [2.75ms]
(pass) terrain colors follow ground elevation [0.13ms]
(pass) map overview fits extended terrain on wide and narrow screens [188.38ms]
(pass) mountain cross section uses sampled ground up to the stargazing summit [45.74ms]
(pass) mountain city keeps metre scale and usable graded route alternatives [5.19ms]
(pass) overview terrain retains source controls and excludes elevated connections [3672.80ms]
(pass) authored exterior sightlines clear intervening building volumes [2.35ms]
(pass) shopping stays local and public hillside routes remain connected [1.56ms]
(pass) orthographic projection preserves parallel edges and separates elevation from depth [0.27ms]
(pass) scene keeps platforms below volumes and geometry is finite [137.41ms]
(pass) expanded plan counts destinations separately and keeps parcel attachments valid [7.03ms]
(pass) sections follow connected routes and distinguish a lift from a slope [16.57ms]
(pass) geometry handles concave boundaries, shared walls, road width and local elevation [1.12ms]
(pass) tree positions stay outside building footprints [7.57ms]
(pass) all streets clear building volumes at their actual widths and elevations [395.84ms]
(pass) district ground-road crossings share a junction and its elevation [347.06ms]
(pass) city framework records every building and reaches its same-level facade entrances [15.68ms]
(pass) city stairs retain short flights, level rests and full-size treads [1.27ms]
(pass) ordinary streets keep their design grade and deliveries avoid stair-only approaches [1.96ms]
(pass) public streets stay outside same-level resident and service courts [5.88ms]
(pass) building volumes share boundaries without occupying the same space [30.12ms]
(pass) detailed places connect street access to separate public and service entrances [16.24ms]
(pass) cinema roof and exterior platform have distinct footprints and supported paths [2.33ms]
(pass) lifestyle routes visit actual arrival endpoints in the stated order [5.71ms]
(pass) housing estimates use residential floor area rather than the volume count [0.32ms]
(pass) architectural segments reference complete buildings and derive type counts from the same data [1.15ms]
(pass) representative buildings have consistent floors, room areas and facade entrances [67.39ms]
(pass) public, residents, students and service users have separate access rights [14.17ms]
(pass) shop supply starts on the city road and changes to a level trolley route at unloading [0.61ms]
(pass) interest equipment deliveries reach a level backstage route from a gentle city-road approach [0.91ms]
(pass) drawn room openings join actual walls and each occupied room has an access [0.82ms]
(pass) station mixed-use and interest samples connect customer and backstage rooms through their own entrances [0.48ms]
(pass) shared stairs and separate apartments connect through shared circulation [1.27ms]

tools/tests/terrain-shape.test.ts:
(pass) terrain bake preserves authored geometry and repeats without drift [5629.36ms]
(pass) terrain noise protects complete road segments and footprints [5595.58ms]
(pass) terrain bake rejects invalid metadata and unsupported source formatting [55.21ms]
(pass) third short-ascent terrace clears terrain toward city landmarks [341.84ms]

tools/tests/road-width.test.ts:
(pass) shared endpoints do not hide width conflicts and truly level junctions pass [1.75ms]
(pass) a selected route is checked against other roads without absorbing unrelated conflicts [0.84ms]
(pass) upper-street and foothill junctions join at road width with usable stair treads [1293.26ms]
(pass) campus stairs and market entrances meet the full road width at their own levels [529.69ms]
(pass) music street junctions clear their neighbors and equipment reaches the level unloading route [498.67ms]
(pass) upper homes stairs and greenhouse approaches retain level junctions and usable flights [530.34ms]
(pass) station and music approaches plus the long ascent join at width without sharpening slopes or steps [1797.36ms]
(pass) foothill housing and west plateau approaches clear streets, stairs and resident side paths [2759.72ms]
(pass) east terraces clear neighboring road ribbons and retain usable exterior approaches [630.16ms]
(pass) west old housing clear neighboring road ribbons and retain usable exterior approaches [445.25ms]
(pass) food street bypasses shop footprints and waterfront stairs descend beside the waiting court [496.69ms]
(pass) all ground-road junctions clear neighboring ribbons while retaining usable exterior approaches [504.78ms]
(pass) platform checks keep concave cutouts and actual stair treads while excluding explicitly elevated surfaces [0.96ms]
(pass) ground platforms meet adjacent road ribbons and stair treads at their own level [53.30ms]

tools/tests/station-square.test.ts:
(pass) station meeting court retains usable space with a level public arrival clear of sloping roads [494.29ms]

 52 pass
 0 fail
Ran 52 tests across 4 files. [27.01s]
$ bun tools/wiki.ts build player

  vitepress v1.6.4

- building client + server bundles...
[32m✓[0m building client + server bundles...
- rendering pages...
[32m✓[0m rendering pages...
build complete in 3.18s.
{"profile":"player","pages":95,"files":547,"result":"PASS"}
$ bun tools/wiki.ts build dev

  vitepress v1.6.4

- building client + server bundles...

(!) Some chunks are larger than 500 kB after minification. Consider:
- Using dynamic import() to code-split the application
- Use build.rollupOptions.output.manualChunks to improve chunking: https://rollupjs.org/configuration-options/#output-manualchunks
- Adjust chunk size limit for this warning via build.chunkSizeWarningLimit.
[32m✓[0m building client + server bundles...
- rendering pages...
[32m✓[0m rendering pages...
build complete in 5.45s.
{"profile":"dev","pages":158,"files":791,"result":"PASS"}
